# command: python3 k4/dl2_check.py suite
# dl2.c sha256 0e4e2410b1219cbd3353b1607b8dd93f5394e1491a47f19ed6e2281cad1b78d6
adaptive-cover-multi4                        n=2  k*=None  0 min-frozen P  AGREE
adaptive-p1                                  n=3  k*=None  0 min-frozen P  AGREE
adaptive-p3                                  n=3  k*=None  0 min-frozen P  AGREE
c4-H1                                        n=5  k*=1  574 min-frozen P  AGREE
c4-exposure-deficit2-n2m5                    n=2  k*=1  10 min-frozen P  AGREE
c4-exposure-earlier-block-n3m6               n=3  k*=0  14 min-frozen P  AGREE
c4-exposure-nonleader-n3m5                   n=3  k*=None  0 min-frozen P  AGREE
c4-g2-other-runs-n4m7                        n=4  k*=None  0 min-frozen P  AGREE
c4-gadget-stacking-1copy-n3m6                n=3  k*=None  0 min-frozen P  AGREE
c4-gadget-stacking-2copies-n6m11             n=6  k*=None  0 min-frozen P  AGREE
c4-lbplus-rotation-n3m6                      n=3  k*=None  0 min-frozen P  AGREE
c4-one-rotation-owner-r-n3m6                 n=3  k*=0  11 min-frozen P  AGREE
c4-one-rotation-two4-n3m6                    n=3  k*=None  0 min-frozen P  AGREE
c4-owner-last-n3m8                           n=3  k*=1  48 min-frozen P  AGREE
c4-pareto-moves-n3m6                         n=3  k*=None  0 min-frozen P  AGREE
c4min-moves-neither-n3-m9-n3c50              n=3  k*=1  30 min-frozen P  AGREE
c4min-nounfreeze-n2-m6                       n=2  k*=0  7 min-frozen P  AGREE
c4min-pareto-n3-m7                           n=3  k*=1  14 min-frozen P  AGREE
c4min-phi-n4-m8-n4pc72                       n=4  k*=0  14 min-frozen P  AGREE
c4min-phi-n4-m9-n43c274                      n=4  k*=1  17 min-frozen P  AGREE
c4min-r-alone-n3-m7                          n=3  k*=0  36 min-frozen P  AGREE
c4min-rlam-n3-m8-n3c46                       n=3  k*=1  20 min-frozen P  AGREE
c4min-tlam-n3-m6                             n=3  k*=2  11 min-frozen P  AGREE
c4min-tleximin-n4-m7                         n=4  k*=0  7 min-frozen P  AGREE
c4min-w0-n4-m11-n4pc217                      n=4  k*=2  46 min-frozen P  AGREE
c4one-one-rotation-m8                        n=5  k*=None  0 min-frozen P  AGREE
c4one-one-rotation-m9                        n=5  k*=None  0 min-frozen P  AGREE
c4one-realization-d1                         n=5  k*=None  0 min-frozen P  AGREE
c4x-n2m5-base-needs                          n=2  k*=0  8 min-frozen P  AGREE
c4x-n2m5-frozen                              n=2  k*=1  8 min-frozen P  AGREE
c4x-n3m5-big-bases                           n=3  k*=None  0 min-frozen P  AGREE
c4x-n3m6-3good-first                         n=3  k*=2  11 min-frozen P  AGREE
c4x-n3m6-ef-bases                            n=3  k*=None  0 min-frozen P  AGREE
c4x-n3m6-onefour-a                           n=3  k*=2  10 min-frozen P  AGREE
c4x-n3m6-onefour-b                           n=3  k*=0  13 min-frozen P  AGREE
c4x-n3m8-leximin                             n=3  k*=1  20 min-frozen P  AGREE
c4x-n3m8-pure-top7                           n=3  k*=1  36 min-frozen P  AGREE
c4x-n4m7-frozen-slots-some                   n=4  k*=2  16 min-frozen P  AGREE
count-n3m8                                   n=3  k*=1  24 min-frozen P  AGREE
f1-bigtop-n3-m8-n3c46                        n=3  k*=1  32 min-frozen P  AGREE
gap-bt5-n5-m10-n53c7265                      n=5  k*=0  23 min-frozen P  AGREE
gap-btcyc-n4-m8-pure122                      n=4  k*=1  20 min-frozen P  AGREE
gap-f2-n4-m7-n42c93                          n=4  k*=0  2 min-frozen P  AGREE
gap-f2-n5-m8-n52c1748                        n=5  k*=0  3 min-frozen P  AGREE
gap-iiinor-n4-m8-n43c170                     n=4  k*=0  24 min-frozen P  AGREE
gap-iit0-n4-m8-n43c145                       n=4  k*=0  9 min-frozen P  AGREE
gap-iit0-n5-m10-n54c6724                     n=5  k*=0  45 min-frozen P  AGREE
gap-ipoollocal-n3-m8-n3c45                   n=3  k*=0  18 min-frozen P  AGREE
gap-ipoollocal-n4-m9-n42c278                 n=4  k*=0  30 min-frozen P  AGREE
gap-ipoollocal-n4-m9-n43c304                 n=4  k*=1  17 min-frozen P  AGREE
gap-ipoollocal-n5-m12-n5pc4202               n=5  k*=1  157 min-frozen P  AGREE
gap-ipoolopt-n4-m10-n4pc197                  n=4  k*=0  24 min-frozen P  AGREE
gap-ipoolopt-n4-m10-n4pc205                  n=4  k*=2  36 min-frozen P  AGREE
gap-ipoolopt-n4-m9-n43c247                   n=4  k*=0  25 min-frozen P  AGREE
gap-ipoolopt-n4-m9-n43c252                   n=4  k*=0  22 min-frozen P  AGREE
gap-ipoolopt-n5-m11-n5pc3385                 n=5  k*=0  34 min-frozen P  AGREE
gap-ipoolopt-n5-m12-n54c9458                 n=5  k*=0  40 min-frozen P  AGREE
gap-itlocal-n3-m8-n3c46                      n=3  k*=1  24 min-frozen P  AGREE
gap-ivmax-n4-m8-n42c203                      n=4  k*=0  2 min-frozen P  AGREE
gap-ivmax-n4-m8-n43c167                      n=4  k*=0  2 min-frozen P  AGREE
gap-ivmax-n5-m9-n53c5848                     n=5  k*=0  6 min-frozen P  AGREE
gap-ivmax-n5-m9-n54c4018                     n=5  k*=0  2 min-frozen P  AGREE
gap-ivmax-n5-m9-n5pc1347                     n=5  k*=0  3 min-frozen P  AGREE
gap-ivsetting-n3-m6-n3c23                    n=3  k*=1  8 min-frozen P  AGREE
gap-ivsetting-n4-m7-n41c75                   n=4  k*=0  8 min-frozen P  AGREE
gap-ivsetting-n5-m8-n51c875                  n=5  k*=0  35 min-frozen P  AGREE
gap-local-n3-m7-n3c43                        n=3  k*=1  13 min-frozen P  AGREE
gap-npo-n2-m6                                n=2  k*=0  6 min-frozen P  AGREE
gap-phi-n4-m10-pure183                       n=4  k*=1  29 min-frozen P  AGREE
gap-phi-n4-m8-pure104                        n=4  k*=1  14 min-frozen P  AGREE
gap-phi-w-n4-m10-pure178                     n=4  k*=2  31 min-frozen P  AGREE
gap-phifirst-n4-m9-n4pc133                   n=4  k*=0  12 min-frozen P  AGREE
gap-samen-n4-m8-n43c147                      n=4  k*=0  12 min-frozen P  AGREE
gap-t2-n4-m8-n42c204                         n=4  k*=0  2 min-frozen P  AGREE
gap-w-n2-m5                                  n=2  k*=0  6 min-frozen P  AGREE
gap-w-n4-m10-pure179                         n=4  k*=1  37 min-frozen P  AGREE
gap-w-n4-m8-pure117                          n=4  k*=0  16 min-frozen P  AGREE
gap-w-n4-m8-pure120                          n=4  k*=0  22 min-frozen P  AGREE
gm4-A                                        n=4  k*=1  8 min-frozen P  AGREE
gm4-B                                        n=4  k*=1  22 min-frozen P  AGREE
gm4-C                                        n=4  k*=1  10 min-frozen P  AGREE
gm4-D                                        n=4  k*=1  14 min-frozen P  AGREE
gm4-E                                        n=4  k*=1  14 min-frozen P  AGREE
gm4-F                                        n=4  k*=1  14 min-frozen P  AGREE
gm4-G                                        n=4  k*=1  8 min-frozen P  AGREE
gm4-H                                        n=4  k*=None  0 min-frozen P  AGREE
gm4-P                                        n=4  k*=1  11 min-frozen P  AGREE
gm4-S                                        n=4  k*=None  0 min-frozen P  AGREE
hall-bestpair-core44                         n=3  k*=1  12 min-frozen P  AGREE
hall-bt4                                     n=4  k*=1  20 min-frozen P  AGREE
hall-btown-core46                            n=3  k*=1  32 min-frozen P  AGREE
hall-cyc6                                    n=6  k*=1  2676 min-frozen P  AGREE
hall-local3                                  n=3  k*=2  19 min-frozen P  AGREE
induct-b-r0-pot-minvw                        n=2  k*=None  0 min-frozen P  AGREE
induct-b-r1                                  n=3  k*=None  0 min-frozen P  AGREE
induct-b-r2                                  n=4  k*=None  0 min-frozen P  AGREE
induct-g-r0                                  n=2  k*=None  0 min-frozen P  AGREE
induct-g-r1                                  n=2  k*=2  11 min-frozen P  AGREE
induct-g-r2                                  n=3  k*=None  0 min-frozen P  AGREE
induct-g-r3                                  n=5  k*=None  0 min-frozen P  AGREE
induct-gps-q4-a                              n=3  k*=None  0 min-frozen P  AGREE
induct-gps-q4-b                              n=3  k*=None  0 min-frozen P  AGREE
induct-lbo-every-run                         n=4  k*=None  0 min-frozen P  AGREE
induct-lbo-no-partial                        n=4  k*=None  0 min-frozen P  AGREE
induct-lbo-no-rot                            n=4  k*=None  0 min-frozen P  AGREE
induct-lbo-not-last                          n=5  k*=None  0 min-frozen P  AGREE
induct-lbo-owner-only                        n=4  k*=None  0 min-frozen P  AGREE
induct-pot-env-tiebreaks                     n=3  k*=None  0 min-frozen P  AGREE
induct-pot-env                               n=3  k*=None  0 min-frozen P  AGREE
induct-pot-envy                              n=3  k*=None  0 min-frozen P  AGREE
induct-pot-maxvw                             n=3  k*=None  0 min-frozen P  AGREE
induct-pot-nash                              n=3  k*=0  2 min-frozen P  AGREE
induct-pot-util                              n=3  k*=None  0 min-frozen P  AGREE
induct-q4-rules                              n=3  k*=None  0 min-frozen P  AGREE
induct-v-pot-env-util                        n=2  k*=0  13 min-frozen P  AGREE
induct-v-r0                                  n=2  k*=0  7 min-frozen P  AGREE
induct-v-r1                                  n=3  k*=None  0 min-frozen P  AGREE
induct-v-r3                                  n=3  k*=0  6 min-frozen P  AGREE
lb4-fixed-insertion-n3m6                     n=3  k*=None  0 min-frozen P  AGREE
lb4-last-block-leader-index-n4m8             n=4  k*=None  0 min-frozen P  AGREE
lb4-last-block-leader-n4m8                   n=4  k*=None  0 min-frozen P  AGREE
lb4-lbplus-ef-n3m6                           n=3  k*=None  0 min-frozen P  AGREE
lb4-n2m5-upgrade                             n=2  k*=2  4 min-frozen P  AGREE
lb4-no-rotation-n3m5                         n=3  k*=None  0 min-frozen P  AGREE
lb4-owner-needs-from-base-n4m8               n=4  k*=2  36 min-frozen P  AGREE
lil-noncore-n3                               n=3  k*=3  44 min-frozen P  AGREE
lil-text-n3                                  n=3  k*=1  12 min-frozen P  AGREE
lil-text-n4                                  n=4  k*=0  66 min-frozen P  AGREE
ls-alt-rule-n4m7                             n=4  k*=None  0 min-frozen P  AGREE
ls-clean-placement-n3m5                      n=3  k*=0  7 min-frozen P  AGREE
ls-dead-end-n4m7                             n=4  k*=None  0 min-frozen P  AGREE
ls-exchange-no-keep-n3m6                     n=3  k*=None  0 min-frozen P  AGREE
ls-no-exchange-n2m4                          n=2  k*=None  0 min-frozen P  AGREE
ls-one-pool-agent-n5m8                       n=5  k*=None  0 min-frozen P  AGREE
ls-short-cycles-n3m5                         n=3  k*=None  0 min-frozen P  AGREE
ls-simple-split-n4m6                         n=4  k*=None  0 min-frozen P  AGREE
ls-single-dump-n4m7                          n=4  k*=None  0 min-frozen P  AGREE
lsp-bounded-coalitions-n4m7                  n=4  k*=None  0 min-frozen P  AGREE
lsp-early-stop-n4m7                          n=4  k*=None  0 min-frozen P  AGREE
nsw-local-n3m5                               n=3  k*=None  0 min-frozen P  AGREE
nsw-strict-n4m8                              n=4  k*=0  11 min-frozen P  AGREE
nsw-strict-n4m9                              n=4  k*=0  10 min-frozen P  AGREE
red-a1-hopeless-key                          n=3  k*=2  8 min-frozen P  AGREE
red-a2-hstar                                 n=3  k*=1  36 min-frozen P  AGREE
red-b1-blocked-improvement                   n=4  k*=2  116 min-frozen P  AGREE
red-key-without-t0                           n=3  k*=2  26 min-frozen P  AGREE
red-lil-nokeep-b                             n=3  k*=1  14 min-frozen P  AGREE
red-pm-offpath-hypothesis                    n=3  k*=2  24 min-frozen P  AGREE
instances 148, min-frozen P compared 5169, k* histogram (C) {0: 43, 1: 36, 2: 15, 3: 1, None: 53}, disagreements 0
