# command: python3 k4/dl2_run.py ht 2 --sample=100 --seed=1 --rec=0 --rec2=1 --dump=results/k4_dl2/repairs_ht.jsonl.gz --tables=results/k4_dl2/tables_h2_rand.json
# dl2.c sha256 0e4e2410b1219cbd3353b1607b8dd93f5394e1491a47f19ed6e2281cad1b78d6
ht 2: profiles 100, omega >= 1: 100; k* = 0: 46, 1: 54, 2: 0, 3: 0, >= 4: 0, inf: 0 (k* = n: 0; k* >= 3 isolated / trapped: 0 / 0); P with def > 0: 23858, at distance 1: 23858, 2: 0, 3: 0, >= 4: 0, inf: 0 (distance >= 3, isolated / trapped: 0 / 0; Pareto-maximal: 4, at distance >= 3: 0); largest least deficit -2 [107 s]
repair table (canonical witness per P with def > 0): signature | type | roles : count
  T fO|S2>1|f>fo : 9153
  T fO|S2>1|f>fox : 4926
  T fO|S2>1|f>f : 2496
  T e2,fO|S2>1|f>fo : 2023
  T e2,fO|S2>1|f>fox : 1349
  T fO|S2>1|f>fx : 877
  T fO|W2>2|f>fox : 572
  T fO|W2>2|f>fo : 514
  T fO|W2>2|f>fx : 494
  T fO|G1>2|f>fox : 319
  T fO|W2>2|f>f : 259
  T fO|G1>2|f>fx : 240
  T e2,fO|S2>1|f>f : 235
  T G,D2|S2>1|f>fo : 94
  T e2,fO|W2>2|f>fox : 89
  T e2,fO|S2>1|f>fx : 61
  T fO,G,D2|S2>1|f>fo : 40
  T fO,L|S2>1|f>fo : 28
  T e2,fO|W2>2|f>fo : 24
  T fO,G,D2|S2>1|f>f : 14
  T e2,fO,L|S2>1|f>fo : 12
  T fO,L|S2>1|f>f : 10
  T e2,fO|G1>2|f>fox : 9
  T e2,fO,G,D2|S2>1|f>fo : 8
  T G,D2,PM|S2>1|f>fo : 4
  T e2,fO|W2>2|f>f : 4
  T e2,fO,L|S2>1|f>f : 2
  T e2,fO|W2>2|f>fx : 1
  T e2,fO|G1>2|f>fx : 1
available repair types (counted once per P): signature | type : count
  A fO|W2>2 : 19831
  A fO|S2>1 : 17452
  A fO|W2>1 : 14012
  A fO|G1>2 : 6005
  A e2,fO|W2>2 : 3796
  A e2,fO|S2>1 : 3668
  A fO|W1>2 : 2547
  A e2,fO|W2>1 : 2009
  A e2,fO|G1>2 : 1352
  A e2,fO|W1>2 : 698
  A G,D2|S2>1 : 94
  A G,D2|W2>2 : 74
  A fO,G,D2|S2>1 : 54
  A fO,G,D2|W2>2 : 54
  A fO,G,D2|W2>1 : 44
  A fO,L|S2>1 : 38
  A fO,L|W2>2 : 33
  A fO,L|G1>2 : 22
  A fO,L|W2>1 : 20
  A e2,fO,L|S2>1 : 14
  A e2,fO,L|W2>2 : 14
  A fO,G,D2|G1>2 : 8
  A e2,fO,L|W2>1 : 8
  A e2,fO,G,D2|W2>1 : 8
  A e2,fO,G,D2|S2>1 : 8
  A e2,fO,G,D2|W2>2 : 8
  A fO,L|W1>2 : 6
  A G,D2,PM|W2>2 : 4
  A G,D2,PM|S2>1 : 4
  A fO,G,D2|W1>2 : 4
  A G,D2|W2>1 : 4
  A e2,fO,G,D2|W1>2 : 2
