# command: python3 k4/dl2_run.py certs results/k4_certs_2.json.gz results/k4_certs_3.json.gz --jobs=2 --rec=10000 --rec2=100 --ckpt=results/k4_dl2/ckpt_n3.jsonl --dump=results/k4_dl2/repairs_n3.jsonl.gz --tables=results/k4_dl2/tables_n3.json --progress
# dl2.c sha256 0e4e2410b1219cbd3353b1607b8dd93f5394e1491a47f19ed6e2281cad1b78d6
# k4_certs_2.json.gz: cores 0..4 (0 to run, 5 from the checkpoint), every profile
k4_certs_2.json.gz: profiles 189216, omega >= 1: 105120; k* = 0: 44192, 1: 52016, 2: 8912, 3: 0, >= 4: 0, inf: 0 (k* = n: 8912; k* >= 3 isolated / trapped: 0 / 0); P with def > 0: 171432, at distance 1: 158616, 2: 12816, 3: 0, >= 4: 0, inf: 0 (distance >= 3, isolated / trapped: 0 / 0; Pareto-maximal: 0, at distance >= 3: 0); largest least deficit 0 [0 s]
# k4_certs_3.json.gz: cores 0..50 (3 to run, 48 from the checkpoint), every profile
#   core 48: {'prof': 5971968, 'om1': 5971968, 'small': 0, 'kstar0': 4116944, 'kstar1': 1842768, 'kstar2': 12256, 'kstar3': 0, 'kstar4': 0, 'kstarinf': 0, 'kstarn': 0, 'kiso': 0, 'ktrap': 0, 'pos': 4629200, 'pd1': 4563344, 'pd2': 65856, 'pd3': 0, 'pd4': 0, 'pdinf': 0, 'piso': 0, 'ptrap': 0, 'pmpos': 46080, 'pm3': 0, 'maxmin': 0} [280.9 s]
#   core 50: {'prof': 2985984, 'om1': 2985984, 'small': 0, 'kstar0': 1339200, 'kstar1': 1611632, 'kstar2': 31696, 'kstar3': 3456, 'kstar4': 0, 'kstarinf': 0, 'kstarn': 3456, 'kiso': 1024, 'ktrap': 2432, 'pos': 9261216, 'pd1': 9167904, 'pd2': 85120, 'pd3': 8192, 'pd4': 0, 'pdinf': 0, 'piso': 1024, 'ptrap': 7168, 'pmpos': 43776, 'pm3': 0, 'maxmin': 0} [356.8 s]
#   core 49: {'prof': 11943936, 'om1': 11943936, 'small': 0, 'kstar0': 9019488, 'kstar1': 2853440, 'kstar2': 60832, 'kstar3': 10176, 'kstar4': 0, 'kstarinf': 0, 'kstarn': 10176, 'kiso': 3840, 'ktrap': 6336, 'pos': 8482240, 'pd1': 8318176, 'pd2': 140128, 'pd3': 23936, 'pd4': 0, 'pdinf': 0, 'piso': 3840, 'ptrap': 20096, 'pmpos': 76992, 'pm3': 576, 'maxmin': 0} [732.8 s]
k4_certs_3.json.gz: profiles 299837376, omega >= 1: 119640516; k* = 0: 106103948, 1: 13033872, 2: 449768, 3: 52928, >= 4: 0, inf: 0 (k* = n: 52928; k* >= 3 isolated / trapped: 29952 / 22976); P with def > 0: 36739800, at distance 1: 35427840, 2: 1224904, 3: 87056, >= 4: 0, inf: 0 (distance >= 3, isolated / trapped: 29952 / 57104; Pareto-maximal: 377832, at distance >= 3: 8736); largest least deficit 0 [737 s]
total: profiles 300026592, omega >= 1: 119745636; k* = 0: 106148140, 1: 13085888, 2: 458680, 3: 52928, >= 4: 0, inf: 0 (k* = n: 61840; k* >= 3 isolated / trapped: 29952 / 22976); P with def > 0: 36911232, at distance 1: 35586456, 2: 1237720, 3: 87056, >= 4: 0, inf: 0 (distance >= 3, isolated / trapped: 29952 / 57104; Pareto-maximal: 377832, at distance >= 3: 8736); largest least deficit 0 [737 s]
repair table (canonical witness per P with def > 0): signature | type | roles : count
  T fO|S2>1|f>fox : 9438592
  T fO|W2>2|f>fox : 5818720
  T fO|S2>1|f>fo : 2981856
  T e2,fO|W2>2|f>fox : 2421728
  T fO|G1>2|f>fox : 2150480
  T e2,fO|S2>1|f>fox : 2069760
  T fO|W2>2|f>fx : 2043808
  T e3,fO|S2>1|f>fox : 1568192
  T fO|S2>1|f>fx : 922560
  T e3,fO|W2>2|f>fox : 867200
  T e2,fO|G1>2|f>fox : 687640
  T e3,fO|G1>2|f>fox : 537056
  T G,D2|S2>1|f>fo : 507136
  T fO,L|W2>2|f>fox : 385544
  T fO,L|S2>1|f>fo : 251392
  T fO,G,D2|S2>1|f>fo : 226400
  T e2,fO|S2>1|f>fo : 220960
  T fO,L|S2>1|f>fox : 205376
  T e2,e3,fO|S2>1|f>fox : 196160
  T e2,e3,fO|W2>2|f>fox : 190944
  T e2,fO|W2>2|f>fx : 172224
  T fO|G1>2|f>fx : 162240
  T O,D2|S2>1|f>fo : 132112
  T O|T1>1+T1>1|F>F+F>Fx : 125675
  T G,D2,PM|S2>1|f>fo : 110016
  T G,D2|W2>2|f>fo : 104608
  T G,D2|S2>1|f>f : 94512
  T fO,G,D2|G1>2|f>fox : 93408
  T fO,G,D2|W2>2|f>fox : 79200
  T G|T1>1+T1>1|F>F+F>Fx : 74375
  T fO,L|G1>2|f>fox : 73824
  T e2,fO|T2>2+T2>2|f>fox+f>fox : 73024
  T fO,G,D2|T1>1+T1>1|F>fx+f>Fox : 71104
  T fO,G,D2|W2>2|f>fo : 69808
  T e2,e3,fO|G1>2|f>fox : 68640
  T G|T1>1+T1>1|F>fx+f>Fo : 61785
  T e2,fO|S2>1|f>fx : 59520
  T L|S2>1|f>f : 57360
  T G,D2|T1>1+T2>1|F>fx+f>F : 49312
  T G1,PM|T1>1+T2>1|F>fx+f>Fo : 47760
  T L,PM|S2>1|f>f : 44400
  T e3,fO|T2>2+T2>2|f>fox+f>fox : 44240
  T O,D2|T1>1+T2>1|F>fx+f>Fo : 43872
  T G,D2|T1>1+T2>1|F>fx+f>Fo : 43232
  T L|G1>2|f>fo : 41904
  T fO,O,D2|S2>1|f>fo : 39360
  T e2,e3|T2>2+T2>2|f>fox+f>fox : 37496
  T G,D2|G1>2|f>fo : 37488
  T e2,e3|S2>1|f>fox : 36800
  T O|T1>1+T1>1|F>fx+f>Fo : 33745
  T fO,O,D2|T1>1+T1>1|F>fx+f>Fox : 31280
  T e2,e3|T2>2+T2>2+T2>2|f>fox+f>fox+f>fox : 30784
  T G,D2|W2>2|f>f : 30288
  T G,D2|T1>1+T1>1|F>fx+f>Fo : 29216
  T G,D2,PM|S2>1|f>f : 28176
  T G1|T1>1+T1>1|F>fx+f>Fo : 28140
  T e1,fO|W2>2|f>fox : 27680
  T fO,G,D2|S2>1|f>fox : 27168
  T e1,O|S2>1|f>fo : 25632
  T G1|S2>1|f>f : 23712
  T G,D2,PM|W2>2|f>fo : 20880
  T e2,fO|T2>2+T2>2|f>fox+f>fx : 19136
  T e2,L,PM|S2>1|f>fo : 18912
  T O,D2|T2>1+T2>2|f>fo+f>fo : 18848
  T fO,G,D2|T1>1+T1>1|F>fx+f>Fx : 18728
  T G1,PM|S2>1|f>f : 18528
  T L|T2>2+T2>2|f>f+f>fo : 18000
  T O,D2|W2>2|f>fo : 17376
  T e3,fO|S2>1+W2>2|f>fox+f>fox : 17232
  T e2|T2>2+T2>2|f>fox+f>fox : 15992
  T e1,fO,L|W2>2|f>fox : 14960
  T fO,L|T2>2+T2>2|f>fo+f>fox : 14208
  T e2,L|T2>2+T2>2|f>fo+f>fox : 13632
  T e1,fO|S2>1|f>fox : 13056
  T e2,e3|S2>1+W2>2|f>fox+f>fox : 12896
  T fO,G,D2|W2>2|f>fx : 12768
  T G,D2|T1>1+T1>1|F>fx+f>F : 12680
  T O,D2|S2>1+S2>1|f>fo+f>fo : 12672
  T e2,e3|W2>2|f>fox : 12480
  T L|W2>2|f>f : 12240
  T e2,fO|T2>2+T2>2|f>fo+f>fx : 11968
  T e2,fO,L|T1>2+T2>2|f>fox+f>fox : 11328
  T fO,G,D2|T1>1+T2>1|F>fx+f>Fo : 10368
  T e2,L,PM|T2>2+T2>2|f>fo+f>fox : 10176
  T fO|T2>2+T2>2|f>fox+f>fx : 9984
  T L|T2>1+T2>2|f>f+f>fo : 9864
  T e1,O|T1>1+T1>1|F>fx+f>Fox : 9600
  T L,PM|T2>2+T2>2|f>f+f>fo : 9504
  T G,D2,PM|T1>1+T1>1|F>fx+f>Fo : 9408
  T L,PM|T2>1+T2>2|f>f+f>fo : 9240
  T fO|T2>2+T2>2|f>fox+f>fox : 8960
  T G,D2|T1>1+T1>2|F>fx+f>Fo : 8656
  T G,D2,PM|W2>2|f>f : 8544
  T e1,fO,L|S2>1|f>fox : 8496
  T e2|T2>2+T2>2|f>fox+f>fx : 8320
  T G,D2,PM|T1>1+T2>1|F>fx+f>Fo : 8208
  T e2,L|S2>1|f>fo : 8160
  T e2|S2>1|f>fo : 8000
  T fO,L|T1>1+T1>1|F>fx+f>Fox : 7552
  T fO,O,D2|W2>2|f>fo : 7328
  T e2|T2>2+T2>2|f>fo+f>fx : 7104
  T e1,G,D2|S2>1|f>fo : 6848
  T e2|W2>2|f>fox : 6672
  T G,PM|T1>1+T2>1|F>fx+f>Fo : 6240
  T fO,L|T1>2+T2>2|f>fox+f>fox : 6240
  T fO,G1|W2>2|f>fx : 6192
  T fO,L|W2>2|f>fo : 5816
  T O,D2|T2>2+T2>2|f>fo+f>fo : 5760
  T G1|W2>2|f>f : 5760
  T fO,G,D2|W1>2|f>fox : 5536
  T e2,fO|T2>2+T2>2+T2>2|f>fox+f>fox+f>fox : 5504
  T e2|T2>2+T2>2+T2>2|f>fo+f>fox+f>fx : 5376
  T fO,L|T2>1+T2>2|f>fo+f>fox : 5040
  T e2,fO,L|T1>1+T1>1|F>fx+f>Fox : 4992
  T e2,e3,fO|T2>2+T2>2|f>fox+f>fox : 4992
  T e2|T2>2+T2>2+T2>2|f>fox+f>fox+f>fox : 4736
  T e2,e3|T2>1+T2>2|f>fox+f>fox : 4680
  T e1,G,D2|T1>1+T1>1|F>fx+f>Fox : 4672
  T fO,G,D2|T1>1+T1>1|F>fx+f>Fo : 4424
  T e2,G,D2|T1>1+T1>1|F>fx+f>Fo : 4320
  T fO,G,D2|S2>1|f>fx : 4224
  T fO,L|S2>1+W2>2|f>fo+f>fox : 4176
  T O|S2>1|f>fo : 4000
  T fO,L|T1>1+T2>1|F>fx+f>Fo : 3968
  T L,PM|S2>1+T1>1+T2>1|F>fx+f>F+f>fo : 3744
  T L,PM|T1>1+T2>1|F>fx+f>F : 3696
  T e2,L,PM|T2>1+T2>2|f>fo+f>fox : 3696
  T e2,L|T2>1+T2>2|f>fo+f>fox : 3696
  T fO,O,D2|T1>1+T1>2|F>fx+f>Fox : 3632
  T fO|T2>2+T2>2|f>fo+f>fx : 3200
  T L,PM|T1>1+T2>1+T2>1|F>fx+f>F+f>fo : 3136
  T e1,G,D2|W2>2|f>fo : 3000
  T e2,G,D2,PM|S2>1|f>fo : 2976
  T e1,e2|T1>1+T1>1|F>f+f>Fox : 2880
  T fO,L|S2>1+T1>1+T1>1|F>fx+f>Fox+f>fox : 2848
  T fO,L|T1>1+T1>1+T2>1|F>fx+f>Fox+f>fox : 2848
  T e1,O|W2>2|f>fo : 2824
  T fO,G,D2|T1>2+T2>1|f>fo+f>fox : 2688
  T fO,G1|S2>1|f>fx : 2688
  T fO,O,D2|T1>1+T2>1|F>fx+f>Fo : 2576
  T O,D2|S2>1+W2>2|f>fo+f>fo : 2560
  T fO,L|T1>1+T1>1+T2>2|F>fx+f>Fox+f>fox : 2528
  T e2,e3,fO|T1>2+T2>2+T2>2|f>fox+f>fox+f>fox : 2496
  T L,PM|S2>1+S2>1|f>f+f>fo : 2448
  T fO,G,D2|T1>1+T1>2|F>fx+f>Fox : 2304
  T fO,L|T1>1+T2>1+T2>1|F>fx+f>Fo+f>fox : 2304
  T fO,L|S2>1+T1>1+T2>1|F>fx+f>Fo+f>fox : 2304
  T e2,fO|T2>2+T2>2+T2>2|f>fo+f>fox+f>fx : 2176
  T e2,L,PM|S2>1+W2>2|f>fo+f>fox : 2160
  T L|T1>1+T2>1+T2>2|F>fx+f>F+f>fo : 2144
  T fO,L|T1>1+T2>1+T2>2|F>fx+f>Fo+f>fox : 2048
  T L|S2>1+S2>1|f>f+f>fo : 1968
  T e2,G,D2,PM|T1>1+T2>1|F>fx+f>Fo : 1936
  T e2,G,D2|T1>1+T2>1|F>fx+f>Fo : 1936
  T e1,O,D2|S2>1|f>fo : 1920
  T e1,e2,L|T1>2+T2>1|f>fox+f>fox : 1888
  T L|T1>1+T2>1|F>fx+f>F : 1856
  T L,PM|T1>1+T2>1+T2>2|F>fx+f>F+f>fo : 1776
  T e2,fO,L|W2>2|f>fox : 1728
  T e1,e2|W2>2|f>fox : 1696
  T e3,fO|T2>2+T2>2+T2>2|f>fox+f>fox+f>fox : 1664
  T e2,e3,fO|T1>2+T2>1+T2>2|f>fox+f>fox+f>fox : 1664
  T e2,e3|T2>1+T2>2+T2>2|f>fox+f>fox+f>fox : 1664
  T e2,e3,fO|T2>2+T2>2+T2>2|f>fox+f>fox+f>fox : 1664
  T fO,G,D2|W1>2|f>fx : 1536
  T e2,fO,G,D2|T1>1+T1>1|F>fx+f>Fox : 1536
  T e1,e2,L|W2>2|f>fox : 1440
  T L|T1>2+T2>1|f>f+f>fo : 1440
  T e2,L|W2>2|f>fo : 1440
  T e2,G,D2|S2>1|f>fo : 1440
  T L|S2>1+W2>2|f>f+f>fo : 1320
  T fO,L|T1>1+T1>1+W2>2|F>fx+f>Fox+f>fox : 1312
  T fO,O,D2|W1>2|f>fox : 1280
  T e1,O,D2|W2>2|f>fo : 1280
  T O|S2>1|f>f : 1280
  T fO,L|T1>1+T2>1+W2>2|F>fx+f>Fo+f>fox : 1280
  T G1,PM|T1>1+T1>1|F>fx+f>Fo : 1212
  T e1,e2,L|T1>1+T1>1|F>fx+f>Fox : 928
  T e2|T1>2+T2>1|f>fo+f>fx : 768
  T L|T1>2+T2>2|f>f+f>fo : 672
  T e1,e2|T1>2+T2>1|f>fox+f>fox : 640
  T e1,e2|T1>1+T1>2|F>f+f>Fox : 640
  T fO,O,D2|S2>1+W1>2|f>fo+f>fox : 640
  T e2,L|S2>1+W2>2|f>fo+f>fox : 624
  T e1,G,D2|T1>1+T1>2|F>fx+f>Fox : 544
  T G,PM|T1>1+T1>1|F>fx+f>Fo : 492
  T e2,G1|T1>1+T1>1|F>fx+f>Fo : 480
  T e2,G,D2|W2>2|f>fo : 480
  T fO,O,D2|T1>2+T2>1|f>fo+f>fox : 416
  T e2|T1>1+T1>1|F>f+f>Fo : 384
  T O|W2>2|f>f : 320
  T L|S2>1+T1>1+T2>1|F>fx+f>F+f>fo : 320
  T L|T1>1+T2>1+T2>1|F>fx+f>F+f>fo : 320
  T fO,O,D2|T1>2+T2>2|f>fo+f>fox : 288
  T e2|W2>2|f>fx : 288
  T e2,fO|T1>2+T2>2|f>fox+f>fox : 264
  T G1,PM|W2>2|f>f : 240
  T e2,G1|W2>2|f>fx : 240
  T e3,fO|T2>1+T2>2|f>fox+f>fox : 224
  T L,PM|S2>1+W2>2|f>f+f>fo : 168
  T fO|T1>2+T2>2|f>fox+f>fox : 144
  T fO|T1>2+T2>1|f>fo+f>fx : 128
  T fO|T2>2+T2>2+T2>2|f>fox+f>fox+f>fox : 128
  T fO,G,D2|T2>1+T2>2|f>fo+f>fox : 128
  T fO|T2>2+T2>2+T2>2|f>fo+f>fox+f>fx : 128
  T e2,fO|T1>2+T2>1|f>fox+f>fox : 96
  T L|T1>1+T1>2+T2>1|F>fx+f>F+f>fo : 80
  T L|T1>2+T2>1|F>fx+f>F : 80
  T L,PM|S2>1+T1>2+T2>1|F>fx+f>F+f>fo : 80
  T e2,G,D2|T2>1+T2>2|f>fo+f>fox : 80
  T e2,G,D2,PM|T2>1+T2>2|f>fo+f>fox : 80
  T e1,e2,L|T1>1+T1>2|F>fx+f>Fox : 64
  T fO|T1>1+T1>1|F>f+f>Fo : 64
  T e1,G,D2|T1>1+T2>1|F>fx+f>Fo : 32
available repair types (counted once per P): signature | type : count
  A fO|W2>2 : 23421976
  A fO|W2>1 : 15997504
  A fO|S2>1 : 13343008
  A e2,fO|W2>2 : 5441680
  A fO|G1>2 : 4233072
  A e3,fO|W2>2 : 2949408
  A e2,fO|W2>1 : 2696480
  A e2,fO|S2>1 : 2350240
  A e3,fO|S2>1 : 1568192
  A e3,fO|W2>1 : 1506816
  A fO|W1>2 : 1445068
  A e3,fO|G1>2 : 1066176
  A e2,fO|G1>2 : 917880
  A fO,L|W2>2 : 831616
  A G,D2|W2>2 : 659440
  A G,D2|S2>1 : 614128
  A fO,L|S2>1 : 476928
  A fO,L|W2>1 : 414336
  A e2,e3,fO|W2>2 : 413568
  A fO,G,D2|W2>2 : 379760
  A fO,G,D2|S2>1 : 272000
  A G,D2|W2>1 : 242272
  A e2,fO|W1>2 : 228080
  A e2,e3,fO|S2>1 : 196160
  A G,D2,PM|W2>2 : 161424
  A O|T1>1+T1>1 : 159420
  A G,D2,PM|S2>1 : 138192
  A G,D2|T1>1+T2>1 : 137448
  A G,D2|T1>2+T2>1 : 137448
  A G|T1>1+T1>1 : 136160
  A fO,G,D2|W2>1 : 133648
  A O,D2|S2>1 : 132112
  A fO,G,D2|G1>2 : 121056
  A e2,e3,fO|W2>1 : 120960
  A e2,fO|T2>2+T2>2 : 104128
  A G|T1>1+T1>2 : 103360
  A fO,G,D2|T1>1+T1>2 : 100144
  A e2,fO|T2>1+T2>2 : 99008
  A O|T1>1+T2>1 : 98400
  A O|T1>2+T2>1 : 98400
  A fO,G,D2|T1>1+T1>1 : 95920
  A e2,e3,fO|G1>2 : 95040
  A fO,L|G1>2 : 91104
  A O,D2|T1>2+T2>1 : 83712
  A O,D2|T1>1+T2>1 : 83712
  A L|S2>1 : 77712
  A L|W2>2 : 70704
  A fO,G,D2|T1>2+T2>1 : 69136
  A O,D2|W2>2 : 69088
  A fO,G,D2|T1>1+T2>1 : 66576
  A e3,fO|T2>2+T2>2 : 61056
  A O|T1>1+T1>2 : 61020
  A G,D2|T1>1+T1>2 : 57448
  A fO,G,D2|W1>2 : 56768
  A e3,fO|W1>2 : 56448
  A L|G1>2 : 54672
  A e3,fO|T2>1+T2>2 : 50464
  A G,D2|G1>2 : 50352
  A e2,e3|T2>2+T2>2 : 50272
  A G1,PM|T1>2+T2>1 : 47760
  A G1,PM|T1>1+T2>1 : 47760
  A L,PM|S2>1 : 44400
  A e2,e3|T2>1+T2>2 : 43840
  A G,D2|T1>1+T1>1 : 41896
  A e1,fO|W2>2 : 40736
  A fO,O,D2|S2>1 : 39360
  A fO,O,D2|T1>1+T1>2 : 38832
  A O,D2|T2>1+T2>2 : 37600
  A e2,e3|S2>1 : 36800
  A G|T1>2+T2>1 : 32800
  A G|T1>1+T2>1 : 32800
  A fO,O,D2|T1>2+T2>1 : 32672
  A e2,e3|T2>2+T2>2+T2>2 : 32448
  A e2,e3|T2>1+T2>2+T2>2 : 32448
  A e2,e3|T2>1+T2>1+T2>2 : 32448
  A fO,O,D2|T1>1+T1>1 : 32080
  A e2|T2>2+T2>2 : 31416
  A L|T2>2+T2>2 : 31152
  A L|T2>1+T2>2 : 29952
  A G1|W2>2 : 29472
  A e2|T2>1+T2>2 : 29176
  A e2,e3|T2>1+T2>1+T2>1 : 28288
  A G1|T1>1+T1>1 : 28140
  A G1|T1>1+T1>2 : 28140
  A O,D2|W2>1 : 26688
  A fO,O,D2|T1>1+T2>1 : 25920
  A e1,O|S2>1 : 25632
  A e1,fO|W2>1 : 23712
  A G1|S2>1 : 23712
  A e1,fO,L|W2>2 : 23456
  A fO,L|T2>2+T2>2 : 23424
  A fO|T2>2+T2>2 : 22144
  A L,PM|T2>2+T2>2 : 20976
  A fO|T2>1+T2>2 : 20416
  A fO,L|T2>1+T2>2 : 20160
  A fO,L|W1>2 : 19520
  A e2,L,PM|S2>1 : 18912
  A G1,PM|W2>2 : 18768
  A G1,PM|S2>1 : 18528
  A O,D2|T2>2+T2>2 : 18240
  A L|W2>1 : 18192
  A fO,O,D2|W2>2 : 17952
  A e2,L|T2>2+T2>2 : 17952
  A e2,L|T2>1+T2>2 : 17664
  A e3,fO|S2>1+W2>2 : 17312
  A e2,e3|W2>2 : 17280
  A L,PM|T2>1+T2>2 : 16992
  A e2,fO,L|T1>2+T2>2 : 16320
  A e2,L,PM|T2>2+T2>2 : 16032
  A L,PM|W2>2 : 15648
  A O,D2|T2>1+T2>1 : 15232
  A e2,L,PM|T2>1+T2>2 : 14016
  A e2,L|T2>1+T2>1 : 13824
  A e2,e3|T2>1+T2>1 : 13328
  A e1,O|W2>2 : 13096
  A e1,fO|S2>1 : 13056
  A e2,e3|S2>1+W2>2 : 12960
  A L|T2>1+T2>1 : 12960
  A O,D2|S2>1+S2>1 : 12672
  A e2,fO,L|T1>2+T2>1 : 12288
  A L|T1>1+T2>1 : 11824
  A e1,fO,L|W2>1 : 11504
  A fO,L|T1>1+T2>1 : 10720
  A L,PM|T1>1+T2>1 : 10240
  A e2|T2>1+T2>2+T2>2 : 10112
  A e2|T2>1+T2>1+T2>1 : 10112
  A e2|T2>2+T2>2+T2>2 : 10112
  A e2|T2>1+T2>1+T2>2 : 10112
  A e3,fO|T2>1+T2>1 : 10096
  A e1,O|T1>1+T1>2 : 9600
  A e1,O|T1>1+T1>1 : 9600
  A fO,L|T1>1+T1>2+T2>2 : 9536
  A fO,L|T1>1+T1>2+T2>1 : 9536
  A G,D2,PM|T1>1+T1>1 : 9408
  A G,D2,PM|T1>1+T1>2 : 9408
  A fO,L|T2>1+T2>1 : 9216
  A fO,L|T1>2+T2>2 : 9024
  A fO,G1|W2>2 : 8880
  A L,PM|T1>2+T2>1+T2>2 : 8736
  A L,PM|T1>1+T2>1+T2>2 : 8736
  A fO,L|T1>1+T1>1+T2>2 : 8672
  A e1,fO,L|S2>1 : 8496
  A L,PM|T1>2+T2>1+T2>1 : 8352
  A G,D2,PM|T1>1+T2>1 : 8208
  A G,D2,PM|T1>2+T2>1 : 8208
  A e2,L|S2>1 : 8160
  A e2|S2>1 : 8000
  A fO,L|T1>2+T2>1+T2>2 : 7936
  A fO,L|T1>1+T2>1+T2>2 : 7936
  A fO,L|T1>2+T2>1+T2>1 : 7936
  A e1,G,D2|W2>2 : 7736
  A e2,fO|T2>1+T2>1+T2>1 : 7680
  A e2,fO|T2>1+T2>2+T2>2 : 7680
  A e2,fO|T2>2+T2>2+T2>2 : 7680
  A e2,fO|T2>1+T2>1+T2>2 : 7680
  A fO,L|T1>1+T1>1 : 7552
  A fO,L|T1>1+T1>2+W2>2 : 7152
  A e2|W2>2 : 6960
  A e1,G,D2|S2>1 : 6848
  A e1,O|T1>2+T2>1 : 6400
  A fO,G,D2|T1>2+T2>2 : 6336
  A G,PM|T1>2+T2>1 : 6240
  A G,PM|T1>1+T2>1 : 6240
  A fO,L|T1>2+T2>1+W2>2 : 5952
  A G1|W2>1 : 5760
  A e2,e3,fO|W1>2 : 5760
  A fO,L|T1>1+T1>1+T2>1 : 5664
  A fO,G1|W2>1 : 5616
  A L,PM|S2>1+T1>2+T2>1 : 5392
  A O|S2>1 : 5280
  A e1,G,D2|T1>2+T2>1 : 5248
  A e1,G,D2|T1>1+T1>2 : 5248
  A e2,L|T1>1+T2>1 : 5160
  A fO,O,D2|W2>1 : 5120
  A O,D2|S2>1+W2>2 : 4992
  A e2,fO,L|T1>1+T1>1 : 4992
  A e2,e3,fO|T2>1+T2>2 : 4992
  A e2,e3,fO|T2>2+T2>2 : 4992
  A fO,L|T1>1+T2>1+T2>1 : 4864
  A L,PM|T1>1+T2>1+T2>1 : 4832
  A e1,G,D2|T1>1+T2>1 : 4768
  A fO,L|T1>1+T1>1+W2>2 : 4768
  A e2,L,PM|T1>1+T2>1 : 4680
  A e1,G,D2|T1>1+T1>1 : 4672
  A fO,L|S2>1+W2>2 : 4608
  A e2,G,D2|T1>1+T1>1 : 4320
  A e2,G,D2|T1>2+T2>2 : 4320
  A e2,G,D2|T1>1+T1>2 : 4320
  A e2,L|W2>2 : 4320
  A fO,L|S2>1+T1>1+T1>2 : 4272
  A e1,e2|T1>2+T2>2 : 4160
  A e1,e2|T1>2+T2>1 : 4160
  A e2,e3,fO|T1>2+T2>1+T2>2 : 4160
  A e2,e3,fO|T1>2+T2>2+T2>2 : 4160
  A e2,e3,fO|T1>2+T2>1+T2>1 : 4160
  A fO,L|T1>1+T2>1+W2>2 : 3968
  A L,PM|S2>1+T1>1+T2>1 : 3744
  A e1,e2|T1>1+T1>2 : 3520
  A fO,L|T1>2+T2>1 : 3456
  A e2,L,PM|T2>1+T2>1 : 3456
  A fO,L|S2>1+T1>2+T2>1 : 3456
  A L,PM|T2>1+T2>1 : 3312
  A e1,O|T1>1+T2>1 : 3200
  A fO,O,D2|T1>2+T2>2 : 3200
  A e2,G,D2,PM|S2>1 : 2976
  A e1,e2,L|T1>2+T2>2 : 2880
  A e1,e2|T1>1+T1>1 : 2880
  A e1,e2,L|T1>2+T2>1 : 2880
  A e2,L,PM|W2>2 : 2880
  A fO,L|S2>1+T1>1+T1>1 : 2848
  A e1,O|W2>1 : 2824
  A L|T1>2+T2>1+T2>1 : 2784
  A L|T1>2+T2>1+T2>2 : 2784
  A L|T1>1+T2>1+T2>2 : 2784
  A fO,G1|S2>1 : 2688
  A fO,G,D2|T2>2+T2>2 : 2688
  A e1,G,D2|W2>1 : 2680
  A L|T1>2+T2>1 : 2656
  A e1,O,D2|W2>2 : 2560
  A L|T1>1+T2>1+T2>1 : 2464
  A L,PM|S2>1+S2>1 : 2448
  A e2,L,PM|S2>1+W2>2 : 2304
  A L|S2>1+W2>2 : 2304
  A fO,L|S2>1+T1>1+T2>1 : 2304
  A L|T1>2+T2>2 : 2256
  A e2,G,D2,PM|T2>2+T2>2 : 2016
  A e2,G,D2|T2>1+T2>2 : 2016
  A e2,G,D2,PM|T1>2+T2>1 : 2016
  A e2,G,D2|T2>2+T2>2 : 2016
  A e2,G,D2,PM|T1>1+T2>1 : 2016
  A e2,G,D2|T1>1+T2>1 : 2016
  A e2,G,D2|T1>2+T2>1 : 2016
  A L|S2>1+S2>1 : 1968
  A e1,O,D2|S2>1 : 1920
  A e2,fO,L|W2>2 : 1728
  A fO,G,D2|T2>1+T2>2 : 1728
  A e1,e2|W2>2 : 1696
  A e2,e3,fO|T2>1+T2>1+T2>2 : 1664
  A e2,e3,fO|T2>1+T2>1+T2>1 : 1664
  A e3,fO|T2>1+T2>1+T2>1 : 1664
  A e2,e3,fO|T2>1+T2>2+T2>2 : 1664
  A e3,fO|T2>1+T2>1+T2>2 : 1664
  A e3,fO|T2>1+T2>2+T2>2 : 1664
  A e3,fO|T2>2+T2>2+T2>2 : 1664
  A e2,e3,fO|T2>2+T2>2+T2>2 : 1664
  A O|W2>2 : 1600
  A e2,fO|T2>1+T2>1 : 1568
  A fO,L|T1>1+T1>2+W2>1 : 1536
  A e2,fO,G,D2|T1>1+T1>2 : 1536
  A e2,fO,G,D2|T1>2+T2>2 : 1536
  A e2,fO,G,D2|T1>1+T1>1 : 1536
  A e1,e2,L|W2>2 : 1440
  A e2,L|W2>1 : 1440
  A e2,G,D2|W2>2 : 1440
  A e2,G,D2|S2>1 : 1440
  A fO,O,D2|W1>2 : 1280
  A O,D2|S2>1+W2>1 : 1280
  A G1,PM|T1>1+T1>1 : 1212
  A G1,PM|T1>1+T1>2 : 1212
  A e2|T2>1+T2>1 : 1176
  A e2|T1>2+T2>2 : 1152
  A e2|T1>2+T2>1 : 1152
  A L,PM|S2>1+W2>2 : 1152
  A L|S2>1+W2>1 : 1152
  A fO,L|T1>2+T2>1+W2>1 : 1152
  A fO,L|T1>1+T1>1+W2>1 : 1024
  A e2,G,D2,PM|W2>2 : 960
  A e1,e2,L|T1>1+T1>1 : 928
  A e2,L|S2>1+W2>2 : 768
  A fO,L|T1>1+T2>1+W2>1 : 768
  A fO,G,D2|T1>2+T1>2 : 640
  A e1,O,D2|W2>1 : 640
  A fO,O,D2|S2>1+W1>2 : 640
  A G,PM|T1>1+T1>1 : 492
  A G,PM|T1>1+T1>2 : 492
  A e2,G1|T1>2+T2>2 : 480
  A e2,G1|T1>1+T1>1 : 480
  A e2,G1|T1>1+T1>2 : 480
  A e2,G,D2|W2>1 : 480
  A e2,G,D2,PM|T2>1+T2>2 : 480
  A L|S2>1+T1>2+T2>1 : 480
  A fO|T2>1+T2>1 : 392
  A e2|T1>1+T1>1 : 384
  A e2,fO|T1>2+T2>1 : 360
  A e2,fO|T1>2+T2>2 : 360
  A fO|T1>2+T2>1 : 336
  A fO|T1>2+T2>2 : 336
  A e1,e2,L|T1>1+T1>2 : 320
  A O|W2>1 : 320
  A L|S2>1+T1>1+T2>1 : 320
  A fO|T2>2+T2>2+T2>2 : 256
  A fO|T2>1+T2>1+T2>1 : 256
  A fO|T2>1+T2>2+T2>2 : 256
  A fO|T2>1+T2>1+T2>2 : 256
  A e2,G1|W2>2 : 240
  A L|T1>2+T1>2+T2>1 : 80
  A L|T1>1+T1>2+T2>1 : 80
  A fO|T1>1+T1>1 : 64
