# command: python3 k4/dl2_run.py certs results/k4_certs_4_n4_1.json.gz --jobs=2 --rec=100 --rec2=1 --ckpt=results/k4_dl2/ckpt_n4_1.jsonl --dump=results/k4_dl2/repairs_n4_1.jsonl.gz --tables=results/k4_dl2/tables_n4_1.json --progress
# dl2.c sha256 0e4e2410b1219cbd3353b1607b8dd93f5394e1491a47f19ed6e2281cad1b78d6
# k4_certs_4_n4_1.json.gz: cores 0..134 (135 to run, 0 from the checkpoint), every profile
#   core 1: {'prof': 62208, 'om1': 0, 'small': 62208, 'kstar0': 0, 'kstar1': 0, 'kstar2': 0, 'kstar3': 0, 'kstar4': 0, 'kstarinf': 0, 'kstarn': 0, 'kiso': 0, 'ktrap': 0, 'pos': 0, 'pd1': 0, 'pd2': 0, 'pd3': 0, 'pd4': 0, 'pdinf': 0, 'piso': 0, 'ptrap': 0, 'pmpos': 0, 'pm3': 0, 'maxmin': 0} [1.4 s]
#   core 2: {'prof': 62208, 'om1': 0, 'small': 62208, 'kstar0': 0, 'kstar1': 0, 'kstar2': 0, 'kstar3': 0, 'kstar4': 0, 'kstarinf': 0, 'kstarn': 0, 'kiso': 0, 'ktrap': 0, 'pos': 0, 'pd1': 0, 'pd2': 0, 'pd3': 0, 'pd4': 0, 'pdinf': 0, 'piso': 0, 'ptrap': 0, 'pmpos': 0, 'pm3': 0, 'maxmin': 0} [0.2 s]
#   core 0: {'prof': 62208, 'om1': 0, 'small': 62208, 'kstar0': 0, 'kstar1': 0, 'kstar2': 0, 'kstar3': 0, 'kstar4': 0, 'kstarinf': 0, 'kstarn': 0, 'kiso': 0, 'ktrap': 0, 'pos': 0, 'pd1': 0, 'pd2': 0, 'pd3': 0, 'pd4': 0, 'pdinf': 0, 'piso': 0, 'ptrap': 0, 'pmpos': 0, 'pm3': 0, 'maxmin': 0} [1.7 s]
#   core 3: {'prof': 31104, 'om1': 0, 'small': 31104, 'kstar0': 0, 'kstar1': 0, 'kstar2': 0, 'kstar3': 0, 'kstar4': 0, 'kstarinf': 0, 'kstarn': 0, 'kiso': 0, 'ktrap': 0, 'pos': 0, 'pd1': 0, 'pd2': 0, 'pd3': 0, 'pd4': 0, 'pdinf': 0, 'piso': 0, 'ptrap': 0, 'pmpos': 0, 'pm3': 0, 'maxmin': 0} [0.1 s]
#   core 4: {'prof': 62208, 'om1': 0, 'small': 62208, 'kstar0': 0, 'kstar1': 0, 'kstar2': 0, 'kstar3': 0, 'kstar4': 0, 'kstarinf': 0, 'kstarn': 0, 'kiso': 0, 'ktrap': 0, 'pos': 0, 'pd1': 0, 'pd2': 0, 'pd3': 0, 'pd4': 0, 'pdinf': 0, 'piso': 0, 'ptrap': 0, 'pmpos': 0, 'pm3': 0, 'maxmin': 0} [0.1 s]
#   core 5: {'prof': 62208, 'om1': 0, 'small': 62208, 'kstar0': 0, 'kstar1': 0, 'kstar2': 0, 'kstar3': 0, 'kstar4': 0, 'kstarinf': 0, 'kstarn': 0, 'kiso': 0, 'ktrap': 0, 'pos': 0, 'pd1': 0, 'pd2': 0, 'pd3': 0, 'pd4': 0, 'pdinf': 0, 'piso': 0, 'ptrap': 0, 'pmpos': 0, 'pm3': 0, 'maxmin': 0} [0.1 s]
#   core 6: {'prof': 62208, 'om1': 0, 'small': 62208, 'kstar0': 0, 'kstar1': 0, 'kstar2': 0, 'kstar3': 0, 'kstar4': 0, 'kstarinf': 0, 'kstarn': 0, 'kiso': 0, 'ktrap': 0, 'pos': 0, 'pd1': 0, 'pd2': 0, 'pd3': 0, 'pd4': 0, 'pdinf': 0, 'piso': 0, 'ptrap': 0, 'pmpos': 0, 'pm3': 0, 'maxmin': 0} [0.1 s]
#   core 7: {'prof': 62208, 'om1': 0, 'small': 62208, 'kstar0': 0, 'kstar1': 0, 'kstar2': 0, 'kstar3': 0, 'kstar4': 0, 'kstarinf': 0, 'kstarn': 0, 'kiso': 0, 'ktrap': 0, 'pos': 0, 'pd1': 0, 'pd2': 0, 'pd3': 0, 'pd4': 0, 'pdinf': 0, 'piso': 0, 'ptrap': 0, 'pmpos': 0, 'pm3': 0, 'maxmin': 0} [0.2 s]
#   core 8: {'prof': 62208, 'om1': 0, 'small': 62208, 'kstar0': 0, 'kstar1': 0, 'kstar2': 0, 'kstar3': 0, 'kstar4': 0, 'kstarinf': 0, 'kstarn': 0, 'kiso': 0, 'ktrap': 0, 'pos': 0, 'pd1': 0, 'pd2': 0, 'pd3': 0, 'pd4': 0, 'pdinf': 0, 'piso': 0, 'ptrap': 0, 'pmpos': 0, 'pm3': 0, 'maxmin': 0} [0.2 s]
#   core 9: {'prof': 62208, 'om1': 0, 'small': 62208, 'kstar0': 0, 'kstar1': 0, 'kstar2': 0, 'kstar3': 0, 'kstar4': 0, 'kstarinf': 0, 'kstarn': 0, 'kiso': 0, 'ktrap': 0, 'pos': 0, 'pd1': 0, 'pd2': 0, 'pd3': 0, 'pd4': 0, 'pdinf': 0, 'piso': 0, 'ptrap': 0, 'pmpos': 0, 'pm3': 0, 'maxmin': 0} [0.1 s]
#   core 11: {'prof': 62208, 'om1': 0, 'small': 62208, 'kstar0': 0, 'kstar1': 0, 'kstar2': 0, 'kstar3': 0, 'kstar4': 0, 'kstarinf': 0, 'kstarn': 0, 'kiso': 0, 'ktrap': 0, 'pos': 0, 'pd1': 0, 'pd2': 0, 'pd3': 0, 'pd4': 0, 'pdinf': 0, 'piso': 0, 'ptrap': 0, 'pmpos': 0, 'pm3': 0, 'maxmin': 0} [0.1 s]
#   core 10: {'prof': 62208, 'om1': 0, 'small': 62208, 'kstar0': 0, 'kstar1': 0, 'kstar2': 0, 'kstar3': 0, 'kstar4': 0, 'kstarinf': 0, 'kstarn': 0, 'kiso': 0, 'ktrap': 0, 'pos': 0, 'pd1': 0, 'pd2': 0, 'pd3': 0, 'pd4': 0, 'pdinf': 0, 'piso': 0, 'ptrap': 0, 'pmpos': 0, 'pm3': 0, 'maxmin': 0} [0.2 s]
#   core 13: {'prof': 62208, 'om1': 0, 'small': 62208, 'kstar0': 0, 'kstar1': 0, 'kstar2': 0, 'kstar3': 0, 'kstar4': 0, 'kstarinf': 0, 'kstarn': 0, 'kiso': 0, 'ktrap': 0, 'pos': 0, 'pd1': 0, 'pd2': 0, 'pd3': 0, 'pd4': 0, 'pdinf': 0, 'piso': 0, 'ptrap': 0, 'pmpos': 0, 'pm3': 0, 'maxmin': 0} [0.1 s]
#   core 12: {'prof': 62208, 'om1': 0, 'small': 62208, 'kstar0': 0, 'kstar1': 0, 'kstar2': 0, 'kstar3': 0, 'kstar4': 0, 'kstarinf': 0, 'kstarn': 0, 'kiso': 0, 'ktrap': 0, 'pos': 0, 'pd1': 0, 'pd2': 0, 'pd3': 0, 'pd4': 0, 'pdinf': 0, 'piso': 0, 'ptrap': 0, 'pmpos': 0, 'pm3': 0, 'maxmin': 0} [0.1 s]
#   core 14: {'prof': 62208, 'om1': 0, 'small': 62208, 'kstar0': 0, 'kstar1': 0, 'kstar2': 0, 'kstar3': 0, 'kstar4': 0, 'kstarinf': 0, 'kstarn': 0, 'kiso': 0, 'ktrap': 0, 'pos': 0, 'pd1': 0, 'pd2': 0, 'pd3': 0, 'pd4': 0, 'pdinf': 0, 'piso': 0, 'ptrap': 0, 'pmpos': 0, 'pm3': 0, 'maxmin': 0} [0.1 s]
#   core 15: {'prof': 62208, 'om1': 0, 'small': 62208, 'kstar0': 0, 'kstar1': 0, 'kstar2': 0, 'kstar3': 0, 'kstar4': 0, 'kstarinf': 0, 'kstarn': 0, 'kiso': 0, 'ktrap': 0, 'pos': 0, 'pd1': 0, 'pd2': 0, 'pd3': 0, 'pd4': 0, 'pdinf': 0, 'piso': 0, 'ptrap': 0, 'pmpos': 0, 'pm3': 0, 'maxmin': 0} [0.1 s]
#   core 16: {'prof': 62208, 'om1': 0, 'small': 62208, 'kstar0': 0, 'kstar1': 0, 'kstar2': 0, 'kstar3': 0, 'kstar4': 0, 'kstarinf': 0, 'kstarn': 0, 'kiso': 0, 'ktrap': 0, 'pos': 0, 'pd1': 0, 'pd2': 0, 'pd3': 0, 'pd4': 0, 'pdinf': 0, 'piso': 0, 'ptrap': 0, 'pmpos': 0, 'pm3': 0, 'maxmin': 0} [0.1 s]
#   core 17: {'prof': 62208, 'om1': 0, 'small': 62208, 'kstar0': 0, 'kstar1': 0, 'kstar2': 0, 'kstar3': 0, 'kstar4': 0, 'kstarinf': 0, 'kstarn': 0, 'kiso': 0, 'ktrap': 0, 'pos': 0, 'pd1': 0, 'pd2': 0, 'pd3': 0, 'pd4': 0, 'pdinf': 0, 'piso': 0, 'ptrap': 0, 'pmpos': 0, 'pm3': 0, 'maxmin': 0} [0.1 s]
#   core 18: {'prof': 62208, 'om1': 0, 'small': 62208, 'kstar0': 0, 'kstar1': 0, 'kstar2': 0, 'kstar3': 0, 'kstar4': 0, 'kstarinf': 0, 'kstarn': 0, 'kiso': 0, 'ktrap': 0, 'pos': 0, 'pd1': 0, 'pd2': 0, 'pd3': 0, 'pd4': 0, 'pdinf': 0, 'piso': 0, 'ptrap': 0, 'pmpos': 0, 'pm3': 0, 'maxmin': 0} [0.1 s]
#   core 20: {'prof': 31104, 'om1': 42, 'small': 31062, 'kstar0': 42, 'kstar1': 0, 'kstar2': 0, 'kstar3': 0, 'kstar4': 0, 'kstarinf': 0, 'kstarn': 0, 'kiso': 0, 'ktrap': 0, 'pos': 0, 'pd1': 0, 'pd2': 0, 'pd3': 0, 'pd4': 0, 'pdinf': 0, 'piso': 0, 'ptrap': 0, 'pmpos': 0, 'pm3': 0, 'maxmin': 0} [0.1 s]
#   core 19: {'prof': 62208, 'om1': 0, 'small': 62208, 'kstar0': 0, 'kstar1': 0, 'kstar2': 0, 'kstar3': 0, 'kstar4': 0, 'kstarinf': 0, 'kstarn': 0, 'kiso': 0, 'ktrap': 0, 'pos': 0, 'pd1': 0, 'pd2': 0, 'pd3': 0, 'pd4': 0, 'pdinf': 0, 'piso': 0, 'ptrap': 0, 'pmpos': 0, 'pm3': 0, 'maxmin': 0} [0.1 s]
#   core 21: {'prof': 31104, 'om1': 0, 'small': 31104, 'kstar0': 0, 'kstar1': 0, 'kstar2': 0, 'kstar3': 0, 'kstar4': 0, 'kstarinf': 0, 'kstarn': 0, 'kiso': 0, 'ktrap': 0, 'pos': 0, 'pd1': 0, 'pd2': 0, 'pd3': 0, 'pd4': 0, 'pdinf': 0, 'piso': 0, 'ptrap': 0, 'pmpos': 0, 'pm3': 0, 'maxmin': 0} [0.0 s]
#   core 22: {'prof': 31104, 'om1': 40, 'small': 31064, 'kstar0': 40, 'kstar1': 0, 'kstar2': 0, 'kstar3': 0, 'kstar4': 0, 'kstarinf': 0, 'kstarn': 0, 'kiso': 0, 'ktrap': 0, 'pos': 0, 'pd1': 0, 'pd2': 0, 'pd3': 0, 'pd4': 0, 'pdinf': 0, 'piso': 0, 'ptrap': 0, 'pmpos': 0, 'pm3': 0, 'maxmin': 0} [0.1 s]
#   core 23: {'prof': 31104, 'om1': 0, 'small': 31104, 'kstar0': 0, 'kstar1': 0, 'kstar2': 0, 'kstar3': 0, 'kstar4': 0, 'kstarinf': 0, 'kstarn': 0, 'kiso': 0, 'ktrap': 0, 'pos': 0, 'pd1': 0, 'pd2': 0, 'pd3': 0, 'pd4': 0, 'pdinf': 0, 'piso': 0, 'ptrap': 0, 'pmpos': 0, 'pm3': 0, 'maxmin': 0} [0.1 s]
#   core 24: {'prof': 31104, 'om1': 232, 'small': 30872, 'kstar0': 212, 'kstar1': 0, 'kstar2': 20, 'kstar3': 0, 'kstar4': 0, 'kstarinf': 0, 'kstarn': 0, 'kiso': 0, 'ktrap': 0, 'pos': 80, 'pd1': 0, 'pd2': 80, 'pd3': 0, 'pd4': 0, 'pdinf': 0, 'piso': 0, 'ptrap': 0, 'pmpos': 0, 'pm3': 0, 'maxmin': 0} [0.1 s]
#   core 25: {'prof': 31104, 'om1': 156, 'small': 30948, 'kstar0': 146, 'kstar1': 0, 'kstar2': 10, 'kstar3': 0, 'kstar4': 0, 'kstarinf': 0, 'kstarn': 0, 'kiso': 0, 'ktrap': 0, 'pos': 60, 'pd1': 0, 'pd2': 60, 'pd3': 0, 'pd4': 0, 'pdinf': 0, 'piso': 0, 'ptrap': 0, 'pmpos': 0, 'pm3': 0, 'maxmin': 0} [0.1 s]
#   core 27: {'prof': 62208, 'om1': 216, 'small': 61992, 'kstar0': 216, 'kstar1': 0, 'kstar2': 0, 'kstar3': 0, 'kstar4': 0, 'kstarinf': 0, 'kstarn': 0, 'kiso': 0, 'ktrap': 0, 'pos': 0, 'pd1': 0, 'pd2': 0, 'pd3': 0, 'pd4': 0, 'pdinf': 0, 'piso': 0, 'ptrap': 0, 'pmpos': 0, 'pm3': 0, 'maxmin': 0} [0.1 s]
#   core 26: {'prof': 62208, 'om1': 288, 'small': 61920, 'kstar0': 288, 'kstar1': 0, 'kstar2': 0, 'kstar3': 0, 'kstar4': 0, 'kstarinf': 0, 'kstarn': 0, 'kiso': 0, 'ktrap': 0, 'pos': 0, 'pd1': 0, 'pd2': 0, 'pd3': 0, 'pd4': 0, 'pdinf': 0, 'piso': 0, 'ptrap': 0, 'pmpos': 0, 'pm3': 0, 'maxmin': 0} [0.2 s]
#   core 28: {'prof': 62208, 'om1': 0, 'small': 62208, 'kstar0': 0, 'kstar1': 0, 'kstar2': 0, 'kstar3': 0, 'kstar4': 0, 'kstarinf': 0, 'kstarn': 0, 'kiso': 0, 'ktrap': 0, 'pos': 0, 'pd1': 0, 'pd2': 0, 'pd3': 0, 'pd4': 0, 'pdinf': 0, 'piso': 0, 'ptrap': 0, 'pmpos': 0, 'pm3': 0, 'maxmin': 0} [0.1 s]
#   core 29: {'prof': 62208, 'om1': 40, 'small': 62168, 'kstar0': 40, 'kstar1': 0, 'kstar2': 0, 'kstar3': 0, 'kstar4': 0, 'kstarinf': 0, 'kstarn': 0, 'kiso': 0, 'ktrap': 0, 'pos': 0, 'pd1': 0, 'pd2': 0, 'pd3': 0, 'pd4': 0, 'pdinf': 0, 'piso': 0, 'ptrap': 0, 'pmpos': 0, 'pm3': 0, 'maxmin': 0} [0.1 s]
#   core 30: {'prof': 62208, 'om1': 30, 'small': 62178, 'kstar0': 30, 'kstar1': 0, 'kstar2': 0, 'kstar3': 0, 'kstar4': 0, 'kstarinf': 0, 'kstarn': 0, 'kiso': 0, 'ktrap': 0, 'pos': 0, 'pd1': 0, 'pd2': 0, 'pd3': 0, 'pd4': 0, 'pdinf': 0, 'piso': 0, 'ptrap': 0, 'pmpos': 0, 'pm3': 0, 'maxmin': 0} [0.1 s]
#   core 31: {'prof': 62208, 'om1': 56, 'small': 62152, 'kstar0': 56, 'kstar1': 0, 'kstar2': 0, 'kstar3': 0, 'kstar4': 0, 'kstarinf': 0, 'kstarn': 0, 'kiso': 0, 'ktrap': 0, 'pos': 0, 'pd1': 0, 'pd2': 0, 'pd3': 0, 'pd4': 0, 'pdinf': 0, 'piso': 0, 'ptrap': 0, 'pmpos': 0, 'pm3': 0, 'maxmin': 0} [0.1 s]
#   core 32: {'prof': 62208, 'om1': 36, 'small': 62172, 'kstar0': 36, 'kstar1': 0, 'kstar2': 0, 'kstar3': 0, 'kstar4': 0, 'kstarinf': 0, 'kstarn': 0, 'kiso': 0, 'ktrap': 0, 'pos': 0, 'pd1': 0, 'pd2': 0, 'pd3': 0, 'pd4': 0, 'pdinf': 0, 'piso': 0, 'ptrap': 0, 'pmpos': 0, 'pm3': 0, 'maxmin': 0} [0.1 s]
#   core 33: {'prof': 62208, 'om1': 0, 'small': 62208, 'kstar0': 0, 'kstar1': 0, 'kstar2': 0, 'kstar3': 0, 'kstar4': 0, 'kstarinf': 0, 'kstarn': 0, 'kiso': 0, 'ktrap': 0, 'pos': 0, 'pd1': 0, 'pd2': 0, 'pd3': 0, 'pd4': 0, 'pdinf': 0, 'piso': 0, 'ptrap': 0, 'pmpos': 0, 'pm3': 0, 'maxmin': 0} [0.1 s]
#   core 35: {'prof': 62208, 'om1': 0, 'small': 62208, 'kstar0': 0, 'kstar1': 0, 'kstar2': 0, 'kstar3': 0, 'kstar4': 0, 'kstarinf': 0, 'kstarn': 0, 'kiso': 0, 'ktrap': 0, 'pos': 0, 'pd1': 0, 'pd2': 0, 'pd3': 0, 'pd4': 0, 'pdinf': 0, 'piso': 0, 'ptrap': 0, 'pmpos': 0, 'pm3': 0, 'maxmin': 0} [0.1 s]
#   core 34: {'prof': 62208, 'om1': 0, 'small': 62208, 'kstar0': 0, 'kstar1': 0, 'kstar2': 0, 'kstar3': 0, 'kstar4': 0, 'kstarinf': 0, 'kstarn': 0, 'kiso': 0, 'ktrap': 0, 'pos': 0, 'pd1': 0, 'pd2': 0, 'pd3': 0, 'pd4': 0, 'pdinf': 0, 'piso': 0, 'ptrap': 0, 'pmpos': 0, 'pm3': 0, 'maxmin': 0} [0.2 s]
#   core 36: {'prof': 62208, 'om1': 46, 'small': 62162, 'kstar0': 46, 'kstar1': 0, 'kstar2': 0, 'kstar3': 0, 'kstar4': 0, 'kstarinf': 0, 'kstarn': 0, 'kiso': 0, 'ktrap': 0, 'pos': 0, 'pd1': 0, 'pd2': 0, 'pd3': 0, 'pd4': 0, 'pdinf': 0, 'piso': 0, 'ptrap': 0, 'pmpos': 0, 'pm3': 0, 'maxmin': 0} [0.1 s]
#   core 37: {'prof': 62208, 'om1': 72, 'small': 62136, 'kstar0': 72, 'kstar1': 0, 'kstar2': 0, 'kstar3': 0, 'kstar4': 0, 'kstarinf': 0, 'kstarn': 0, 'kiso': 0, 'ktrap': 0, 'pos': 0, 'pd1': 0, 'pd2': 0, 'pd3': 0, 'pd4': 0, 'pdinf': 0, 'piso': 0, 'ptrap': 0, 'pmpos': 0, 'pm3': 0, 'maxmin': 0} [0.1 s]
#   core 38: {'prof': 62208, 'om1': 0, 'small': 62208, 'kstar0': 0, 'kstar1': 0, 'kstar2': 0, 'kstar3': 0, 'kstar4': 0, 'kstarinf': 0, 'kstarn': 0, 'kiso': 0, 'ktrap': 0, 'pos': 0, 'pd1': 0, 'pd2': 0, 'pd3': 0, 'pd4': 0, 'pdinf': 0, 'piso': 0, 'ptrap': 0, 'pmpos': 0, 'pm3': 0, 'maxmin': 0} [0.1 s]
#   core 39: {'prof': 62208, 'om1': 0, 'small': 62208, 'kstar0': 0, 'kstar1': 0, 'kstar2': 0, 'kstar3': 0, 'kstar4': 0, 'kstarinf': 0, 'kstarn': 0, 'kiso': 0, 'ktrap': 0, 'pos': 0, 'pd1': 0, 'pd2': 0, 'pd3': 0, 'pd4': 0, 'pdinf': 0, 'piso': 0, 'ptrap': 0, 'pmpos': 0, 'pm3': 0, 'maxmin': 0} [0.1 s]
#   core 40: {'prof': 62208, 'om1': 40, 'small': 62168, 'kstar0': 40, 'kstar1': 0, 'kstar2': 0, 'kstar3': 0, 'kstar4': 0, 'kstarinf': 0, 'kstarn': 0, 'kiso': 0, 'ktrap': 0, 'pos': 0, 'pd1': 0, 'pd2': 0, 'pd3': 0, 'pd4': 0, 'pdinf': 0, 'piso': 0, 'ptrap': 0, 'pmpos': 0, 'pm3': 0, 'maxmin': 0} [0.1 s]
#   core 41: {'prof': 62208, 'om1': 0, 'small': 62208, 'kstar0': 0, 'kstar1': 0, 'kstar2': 0, 'kstar3': 0, 'kstar4': 0, 'kstarinf': 0, 'kstarn': 0, 'kiso': 0, 'ktrap': 0, 'pos': 0, 'pd1': 0, 'pd2': 0, 'pd3': 0, 'pd4': 0, 'pdinf': 0, 'piso': 0, 'ptrap': 0, 'pmpos': 0, 'pm3': 0, 'maxmin': 0} [0.1 s]
#   core 43: {'prof': 62208, 'om1': 0, 'small': 62208, 'kstar0': 0, 'kstar1': 0, 'kstar2': 0, 'kstar3': 0, 'kstar4': 0, 'kstarinf': 0, 'kstarn': 0, 'kiso': 0, 'ktrap': 0, 'pos': 0, 'pd1': 0, 'pd2': 0, 'pd3': 0, 'pd4': 0, 'pdinf': 0, 'piso': 0, 'ptrap': 0, 'pmpos': 0, 'pm3': 0, 'maxmin': 0} [0.1 s]
#   core 42: {'prof': 62208, 'om1': 0, 'small': 62208, 'kstar0': 0, 'kstar1': 0, 'kstar2': 0, 'kstar3': 0, 'kstar4': 0, 'kstarinf': 0, 'kstarn': 0, 'kiso': 0, 'ktrap': 0, 'pos': 0, 'pd1': 0, 'pd2': 0, 'pd3': 0, 'pd4': 0, 'pdinf': 0, 'piso': 0, 'ptrap': 0, 'pmpos': 0, 'pm3': 0, 'maxmin': 0} [0.2 s]
#   core 44: {'prof': 62208, 'om1': 0, 'small': 62208, 'kstar0': 0, 'kstar1': 0, 'kstar2': 0, 'kstar3': 0, 'kstar4': 0, 'kstarinf': 0, 'kstarn': 0, 'kiso': 0, 'ktrap': 0, 'pos': 0, 'pd1': 0, 'pd2': 0, 'pd3': 0, 'pd4': 0, 'pdinf': 0, 'piso': 0, 'ptrap': 0, 'pmpos': 0, 'pm3': 0, 'maxmin': 0} [0.1 s]
#   core 45: {'prof': 62208, 'om1': 0, 'small': 62208, 'kstar0': 0, 'kstar1': 0, 'kstar2': 0, 'kstar3': 0, 'kstar4': 0, 'kstarinf': 0, 'kstarn': 0, 'kiso': 0, 'ktrap': 0, 'pos': 0, 'pd1': 0, 'pd2': 0, 'pd3': 0, 'pd4': 0, 'pdinf': 0, 'piso': 0, 'ptrap': 0, 'pmpos': 0, 'pm3': 0, 'maxmin': 0} [0.1 s]
#   core 46: {'prof': 62208, 'om1': 0, 'small': 62208, 'kstar0': 0, 'kstar1': 0, 'kstar2': 0, 'kstar3': 0, 'kstar4': 0, 'kstarinf': 0, 'kstarn': 0, 'kiso': 0, 'ktrap': 0, 'pos': 0, 'pd1': 0, 'pd2': 0, 'pd3': 0, 'pd4': 0, 'pdinf': 0, 'piso': 0, 'ptrap': 0, 'pmpos': 0, 'pm3': 0, 'maxmin': 0} [0.2 s]
#   core 47: {'prof': 62208, 'om1': 0, 'small': 62208, 'kstar0': 0, 'kstar1': 0, 'kstar2': 0, 'kstar3': 0, 'kstar4': 0, 'kstarinf': 0, 'kstarn': 0, 'kiso': 0, 'ktrap': 0, 'pos': 0, 'pd1': 0, 'pd2': 0, 'pd3': 0, 'pd4': 0, 'pdinf': 0, 'piso': 0, 'ptrap': 0, 'pmpos': 0, 'pm3': 0, 'maxmin': 0} [0.2 s]
#   core 48: {'prof': 62208, 'om1': 0, 'small': 62208, 'kstar0': 0, 'kstar1': 0, 'kstar2': 0, 'kstar3': 0, 'kstar4': 0, 'kstarinf': 0, 'kstarn': 0, 'kiso': 0, 'ktrap': 0, 'pos': 0, 'pd1': 0, 'pd2': 0, 'pd3': 0, 'pd4': 0, 'pdinf': 0, 'piso': 0, 'ptrap': 0, 'pmpos': 0, 'pm3': 0, 'maxmin': 0} [0.1 s]
#   core 49: {'prof': 62208, 'om1': 20, 'small': 62188, 'kstar0': 20, 'kstar1': 0, 'kstar2': 0, 'kstar3': 0, 'kstar4': 0, 'kstarinf': 0, 'kstarn': 0, 'kiso': 0, 'ktrap': 0, 'pos': 0, 'pd1': 0, 'pd2': 0, 'pd3': 0, 'pd4': 0, 'pdinf': 0, 'piso': 0, 'ptrap': 0, 'pmpos': 0, 'pm3': 0, 'maxmin': 0} [0.1 s]
#   core 51: {'prof': 62208, 'om1': 0, 'small': 62208, 'kstar0': 0, 'kstar1': 0, 'kstar2': 0, 'kstar3': 0, 'kstar4': 0, 'kstarinf': 0, 'kstarn': 0, 'kiso': 0, 'ktrap': 0, 'pos': 0, 'pd1': 0, 'pd2': 0, 'pd3': 0, 'pd4': 0, 'pdinf': 0, 'piso': 0, 'ptrap': 0, 'pmpos': 0, 'pm3': 0, 'maxmin': 0} [0.1 s]
#   core 50: {'prof': 62208, 'om1': 0, 'small': 62208, 'kstar0': 0, 'kstar1': 0, 'kstar2': 0, 'kstar3': 0, 'kstar4': 0, 'kstarinf': 0, 'kstarn': 0, 'kiso': 0, 'ktrap': 0, 'pos': 0, 'pd1': 0, 'pd2': 0, 'pd3': 0, 'pd4': 0, 'pdinf': 0, 'piso': 0, 'ptrap': 0, 'pmpos': 0, 'pm3': 0, 'maxmin': 0} [0.1 s]
#   core 52: {'prof': 62208, 'om1': 10, 'small': 62198, 'kstar0': 10, 'kstar1': 0, 'kstar2': 0, 'kstar3': 0, 'kstar4': 0, 'kstarinf': 0, 'kstarn': 0, 'kiso': 0, 'ktrap': 0, 'pos': 0, 'pd1': 0, 'pd2': 0, 'pd3': 0, 'pd4': 0, 'pdinf': 0, 'piso': 0, 'ptrap': 0, 'pmpos': 0, 'pm3': 0, 'maxmin': 0} [0.1 s]
#   core 53: {'prof': 62208, 'om1': 0, 'small': 62208, 'kstar0': 0, 'kstar1': 0, 'kstar2': 0, 'kstar3': 0, 'kstar4': 0, 'kstarinf': 0, 'kstarn': 0, 'kiso': 0, 'ktrap': 0, 'pos': 0, 'pd1': 0, 'pd2': 0, 'pd3': 0, 'pd4': 0, 'pdinf': 0, 'piso': 0, 'ptrap': 0, 'pmpos': 0, 'pm3': 0, 'maxmin': 0} [0.1 s]
#   core 54: {'prof': 62208, 'om1': 0, 'small': 62208, 'kstar0': 0, 'kstar1': 0, 'kstar2': 0, 'kstar3': 0, 'kstar4': 0, 'kstarinf': 0, 'kstarn': 0, 'kiso': 0, 'ktrap': 0, 'pos': 0, 'pd1': 0, 'pd2': 0, 'pd3': 0, 'pd4': 0, 'pdinf': 0, 'piso': 0, 'ptrap': 0, 'pmpos': 0, 'pm3': 0, 'maxmin': 0} [0.2 s]
#   core 55: {'prof': 62208, 'om1': 20, 'small': 62188, 'kstar0': 20, 'kstar1': 0, 'kstar2': 0, 'kstar3': 0, 'kstar4': 0, 'kstarinf': 0, 'kstarn': 0, 'kiso': 0, 'ktrap': 0, 'pos': 0, 'pd1': 0, 'pd2': 0, 'pd3': 0, 'pd4': 0, 'pdinf': 0, 'piso': 0, 'ptrap': 0, 'pmpos': 0, 'pm3': 0, 'maxmin': 0} [0.2 s]
#   core 57: {'prof': 62208, 'om1': 0, 'small': 62208, 'kstar0': 0, 'kstar1': 0, 'kstar2': 0, 'kstar3': 0, 'kstar4': 0, 'kstarinf': 0, 'kstarn': 0, 'kiso': 0, 'ktrap': 0, 'pos': 0, 'pd1': 0, 'pd2': 0, 'pd3': 0, 'pd4': 0, 'pdinf': 0, 'piso': 0, 'ptrap': 0, 'pmpos': 0, 'pm3': 0, 'maxmin': 0} [0.1 s]
#   core 56: {'prof': 62208, 'om1': 0, 'small': 62208, 'kstar0': 0, 'kstar1': 0, 'kstar2': 0, 'kstar3': 0, 'kstar4': 0, 'kstarinf': 0, 'kstarn': 0, 'kiso': 0, 'ktrap': 0, 'pos': 0, 'pd1': 0, 'pd2': 0, 'pd3': 0, 'pd4': 0, 'pdinf': 0, 'piso': 0, 'ptrap': 0, 'pmpos': 0, 'pm3': 0, 'maxmin': 0} [0.1 s]
#   core 58: {'prof': 62208, 'om1': 0, 'small': 62208, 'kstar0': 0, 'kstar1': 0, 'kstar2': 0, 'kstar3': 0, 'kstar4': 0, 'kstarinf': 0, 'kstarn': 0, 'kiso': 0, 'ktrap': 0, 'pos': 0, 'pd1': 0, 'pd2': 0, 'pd3': 0, 'pd4': 0, 'pdinf': 0, 'piso': 0, 'ptrap': 0, 'pmpos': 0, 'pm3': 0, 'maxmin': 0} [0.1 s]
#   core 59: {'prof': 62208, 'om1': 0, 'small': 62208, 'kstar0': 0, 'kstar1': 0, 'kstar2': 0, 'kstar3': 0, 'kstar4': 0, 'kstarinf': 0, 'kstarn': 0, 'kiso': 0, 'ktrap': 0, 'pos': 0, 'pd1': 0, 'pd2': 0, 'pd3': 0, 'pd4': 0, 'pdinf': 0, 'piso': 0, 'ptrap': 0, 'pmpos': 0, 'pm3': 0, 'maxmin': 0} [0.1 s]
#   core 60: {'prof': 62208, 'om1': 0, 'small': 62208, 'kstar0': 0, 'kstar1': 0, 'kstar2': 0, 'kstar3': 0, 'kstar4': 0, 'kstarinf': 0, 'kstarn': 0, 'kiso': 0, 'ktrap': 0, 'pos': 0, 'pd1': 0, 'pd2': 0, 'pd3': 0, 'pd4': 0, 'pdinf': 0, 'piso': 0, 'ptrap': 0, 'pmpos': 0, 'pm3': 0, 'maxmin': 0} [0.1 s]
#   core 61: {'prof': 62208, 'om1': 0, 'small': 62208, 'kstar0': 0, 'kstar1': 0, 'kstar2': 0, 'kstar3': 0, 'kstar4': 0, 'kstarinf': 0, 'kstarn': 0, 'kiso': 0, 'ktrap': 0, 'pos': 0, 'pd1': 0, 'pd2': 0, 'pd3': 0, 'pd4': 0, 'pdinf': 0, 'piso': 0, 'ptrap': 0, 'pmpos': 0, 'pm3': 0, 'maxmin': 0} [0.2 s]
#   core 62: {'prof': 62208, 'om1': 0, 'small': 62208, 'kstar0': 0, 'kstar1': 0, 'kstar2': 0, 'kstar3': 0, 'kstar4': 0, 'kstarinf': 0, 'kstarn': 0, 'kiso': 0, 'ktrap': 0, 'pos': 0, 'pd1': 0, 'pd2': 0, 'pd3': 0, 'pd4': 0, 'pdinf': 0, 'piso': 0, 'ptrap': 0, 'pmpos': 0, 'pm3': 0, 'maxmin': 0} [0.1 s]
#   core 64: {'prof': 31104, 'om1': 528, 'small': 30576, 'kstar0': 528, 'kstar1': 0, 'kstar2': 0, 'kstar3': 0, 'kstar4': 0, 'kstarinf': 0, 'kstarn': 0, 'kiso': 0, 'ktrap': 0, 'pos': 0, 'pd1': 0, 'pd2': 0, 'pd3': 0, 'pd4': 0, 'pdinf': 0, 'piso': 0, 'ptrap': 0, 'pmpos': 0, 'pm3': 0, 'maxmin': 0} [0.1 s]
#   core 63: {'prof': 62208, 'om1': 0, 'small': 62208, 'kstar0': 0, 'kstar1': 0, 'kstar2': 0, 'kstar3': 0, 'kstar4': 0, 'kstarinf': 0, 'kstarn': 0, 'kiso': 0, 'ktrap': 0, 'pos': 0, 'pd1': 0, 'pd2': 0, 'pd3': 0, 'pd4': 0, 'pdinf': 0, 'piso': 0, 'ptrap': 0, 'pmpos': 0, 'pm3': 0, 'maxmin': 0} [0.1 s]
#   core 65: {'prof': 31104, 'om1': 168, 'small': 30936, 'kstar0': 168, 'kstar1': 0, 'kstar2': 0, 'kstar3': 0, 'kstar4': 0, 'kstarinf': 0, 'kstarn': 0, 'kiso': 0, 'ktrap': 0, 'pos': 0, 'pd1': 0, 'pd2': 0, 'pd3': 0, 'pd4': 0, 'pdinf': 0, 'piso': 0, 'ptrap': 0, 'pmpos': 0, 'pm3': 0, 'maxmin': -1} [0.1 s]
#   core 66: {'prof': 31104, 'om1': 128, 'small': 30976, 'kstar0': 128, 'kstar1': 0, 'kstar2': 0, 'kstar3': 0, 'kstar4': 0, 'kstarinf': 0, 'kstarn': 0, 'kiso': 0, 'ktrap': 0, 'pos': 0, 'pd1': 0, 'pd2': 0, 'pd3': 0, 'pd4': 0, 'pdinf': 0, 'piso': 0, 'ptrap': 0, 'pmpos': 0, 'pm3': 0, 'maxmin': -1} [0.1 s]
#   core 67: {'prof': 31104, 'om1': 176, 'small': 30928, 'kstar0': 176, 'kstar1': 0, 'kstar2': 0, 'kstar3': 0, 'kstar4': 0, 'kstarinf': 0, 'kstarn': 0, 'kiso': 0, 'ktrap': 0, 'pos': 0, 'pd1': 0, 'pd2': 0, 'pd3': 0, 'pd4': 0, 'pdinf': 0, 'piso': 0, 'ptrap': 0, 'pmpos': 0, 'pm3': 0, 'maxmin': -1} [0.1 s]
#   core 68: {'prof': 31104, 'om1': 4860, 'small': 26244, 'kstar0': 4860, 'kstar1': 0, 'kstar2': 0, 'kstar3': 0, 'kstar4': 0, 'kstarinf': 0, 'kstarn': 0, 'kiso': 0, 'ktrap': 0, 'pos': 0, 'pd1': 0, 'pd2': 0, 'pd3': 0, 'pd4': 0, 'pdinf': 0, 'piso': 0, 'ptrap': 0, 'pmpos': 0, 'pm3': 0, 'maxmin': -1} [0.2 s]
#   core 69: {'prof': 31104, 'om1': 3290, 'small': 27814, 'kstar0': 3160, 'kstar1': 0, 'kstar2': 130, 'kstar3': 0, 'kstar4': 0, 'kstarinf': 0, 'kstarn': 0, 'kiso': 0, 'ktrap': 0, 'pos': 130, 'pd1': 0, 'pd2': 130, 'pd3': 0, 'pd4': 0, 'pdinf': 0, 'piso': 0, 'ptrap': 0, 'pmpos': 0, 'pm3': 0, 'maxmin': 0} [0.2 s]
#   core 70: {'prof': 31104, 'om1': 2142, 'small': 28962, 'kstar0': 2142, 'kstar1': 0, 'kstar2': 0, 'kstar3': 0, 'kstar4': 0, 'kstarinf': 0, 'kstarn': 0, 'kiso': 0, 'ktrap': 0, 'pos': 0, 'pd1': 0, 'pd2': 0, 'pd3': 0, 'pd4': 0, 'pdinf': 0, 'piso': 0, 'ptrap': 0, 'pmpos': 0, 'pm3': 0, 'maxmin': 0} [0.1 s]
#   core 72: {'prof': 31104, 'om1': 1360, 'small': 29744, 'kstar0': 1360, 'kstar1': 0, 'kstar2': 0, 'kstar3': 0, 'kstar4': 0, 'kstarinf': 0, 'kstarn': 0, 'kiso': 0, 'ktrap': 0, 'pos': 0, 'pd1': 0, 'pd2': 0, 'pd3': 0, 'pd4': 0, 'pdinf': 0, 'piso': 0, 'ptrap': 0, 'pmpos': 0, 'pm3': 0, 'maxmin': 0} [0.1 s]
#   core 73: {'prof': 31104, 'om1': 812, 'small': 30292, 'kstar0': 812, 'kstar1': 0, 'kstar2': 0, 'kstar3': 0, 'kstar4': 0, 'kstarinf': 0, 'kstarn': 0, 'kiso': 0, 'ktrap': 0, 'pos': 0, 'pd1': 0, 'pd2': 0, 'pd3': 0, 'pd4': 0, 'pdinf': 0, 'piso': 0, 'ptrap': 0, 'pmpos': 0, 'pm3': 0, 'maxmin': 0} [0.1 s]
#   core 71: {'prof': 31104, 'om1': 1568, 'small': 29536, 'kstar0': 1568, 'kstar1': 0, 'kstar2': 0, 'kstar3': 0, 'kstar4': 0, 'kstarinf': 0, 'kstarn': 0, 'kiso': 0, 'ktrap': 0, 'pos': 0, 'pd1': 0, 'pd2': 0, 'pd3': 0, 'pd4': 0, 'pdinf': 0, 'piso': 0, 'ptrap': 0, 'pmpos': 0, 'pm3': 0, 'maxmin': -1} [0.2 s]
#   core 74: {'prof': 31104, 'om1': 2256, 'small': 28848, 'kstar0': 2256, 'kstar1': 0, 'kstar2': 0, 'kstar3': 0, 'kstar4': 0, 'kstarinf': 0, 'kstarn': 0, 'kiso': 0, 'ktrap': 0, 'pos': 0, 'pd1': 0, 'pd2': 0, 'pd3': 0, 'pd4': 0, 'pdinf': 0, 'piso': 0, 'ptrap': 0, 'pmpos': 0, 'pm3': 0, 'maxmin': -1} [0.1 s]
#   core 76: {'prof': 31104, 'om1': 870, 'small': 30234, 'kstar0': 870, 'kstar1': 0, 'kstar2': 0, 'kstar3': 0, 'kstar4': 0, 'kstarinf': 0, 'kstarn': 0, 'kiso': 0, 'ktrap': 0, 'pos': 0, 'pd1': 0, 'pd2': 0, 'pd3': 0, 'pd4': 0, 'pdinf': 0, 'piso': 0, 'ptrap': 0, 'pmpos': 0, 'pm3': 0, 'maxmin': 0} [0.1 s]
#   core 75: {'prof': 31104, 'om1': 792, 'small': 30312, 'kstar0': 792, 'kstar1': 0, 'kstar2': 0, 'kstar3': 0, 'kstar4': 0, 'kstarinf': 0, 'kstarn': 0, 'kiso': 0, 'ktrap': 0, 'pos': 0, 'pd1': 0, 'pd2': 0, 'pd3': 0, 'pd4': 0, 'pdinf': 0, 'piso': 0, 'ptrap': 0, 'pmpos': 0, 'pm3': 0, 'maxmin': 0} [0.1 s]
#   core 77: {'prof': 31104, 'om1': 440, 'small': 30664, 'kstar0': 440, 'kstar1': 0, 'kstar2': 0, 'kstar3': 0, 'kstar4': 0, 'kstarinf': 0, 'kstarn': 0, 'kiso': 0, 'ktrap': 0, 'pos': 0, 'pd1': 0, 'pd2': 0, 'pd3': 0, 'pd4': 0, 'pdinf': 0, 'piso': 0, 'ptrap': 0, 'pmpos': 0, 'pm3': 0, 'maxmin': 0} [0.1 s]
#   core 78: {'prof': 31104, 'om1': 1128, 'small': 29976, 'kstar0': 1128, 'kstar1': 0, 'kstar2': 0, 'kstar3': 0, 'kstar4': 0, 'kstarinf': 0, 'kstarn': 0, 'kiso': 0, 'ktrap': 0, 'pos': 0, 'pd1': 0, 'pd2': 0, 'pd3': 0, 'pd4': 0, 'pdinf': 0, 'piso': 0, 'ptrap': 0, 'pmpos': 0, 'pm3': 0, 'maxmin': -1} [0.2 s]
#   core 79: {'prof': 31104, 'om1': 716, 'small': 30388, 'kstar0': 716, 'kstar1': 0, 'kstar2': 0, 'kstar3': 0, 'kstar4': 0, 'kstarinf': 0, 'kstarn': 0, 'kiso': 0, 'ktrap': 0, 'pos': 0, 'pd1': 0, 'pd2': 0, 'pd3': 0, 'pd4': 0, 'pdinf': 0, 'piso': 0, 'ptrap': 0, 'pmpos': 0, 'pm3': 0, 'maxmin': -1} [0.1 s]
#   core 80: {'prof': 31104, 'om1': 1176, 'small': 29928, 'kstar0': 1176, 'kstar1': 0, 'kstar2': 0, 'kstar3': 0, 'kstar4': 0, 'kstarinf': 0, 'kstarn': 0, 'kiso': 0, 'ktrap': 0, 'pos': 0, 'pd1': 0, 'pd2': 0, 'pd3': 0, 'pd4': 0, 'pdinf': 0, 'piso': 0, 'ptrap': 0, 'pmpos': 0, 'pm3': 0, 'maxmin': -1} [0.2 s]
#   core 81: {'prof': 62208, 'om1': 3562, 'small': 58646, 'kstar0': 3562, 'kstar1': 0, 'kstar2': 0, 'kstar3': 0, 'kstar4': 0, 'kstarinf': 0, 'kstarn': 0, 'kiso': 0, 'ktrap': 0, 'pos': 0, 'pd1': 0, 'pd2': 0, 'pd3': 0, 'pd4': 0, 'pdinf': 0, 'piso': 0, 'ptrap': 0, 'pmpos': 0, 'pm3': 0, 'maxmin': 0} [0.2 s]
#   core 83: {'prof': 62208, 'om1': 700, 'small': 61508, 'kstar0': 700, 'kstar1': 0, 'kstar2': 0, 'kstar3': 0, 'kstar4': 0, 'kstarinf': 0, 'kstarn': 0, 'kiso': 0, 'ktrap': 0, 'pos': 0, 'pd1': 0, 'pd2': 0, 'pd3': 0, 'pd4': 0, 'pdinf': 0, 'piso': 0, 'ptrap': 0, 'pmpos': 0, 'pm3': 0, 'maxmin': 0} [0.2 s]
#   core 82: {'prof': 62208, 'om1': 2880, 'small': 59328, 'kstar0': 2880, 'kstar1': 0, 'kstar2': 0, 'kstar3': 0, 'kstar4': 0, 'kstarinf': 0, 'kstarn': 0, 'kiso': 0, 'ktrap': 0, 'pos': 0, 'pd1': 0, 'pd2': 0, 'pd3': 0, 'pd4': 0, 'pdinf': 0, 'piso': 0, 'ptrap': 0, 'pmpos': 0, 'pm3': 0, 'maxmin': -1} [0.2 s]
#   core 84: {'prof': 62208, 'om1': 658, 'small': 61550, 'kstar0': 658, 'kstar1': 0, 'kstar2': 0, 'kstar3': 0, 'kstar4': 0, 'kstarinf': 0, 'kstarn': 0, 'kiso': 0, 'ktrap': 0, 'pos': 0, 'pd1': 0, 'pd2': 0, 'pd3': 0, 'pd4': 0, 'pdinf': 0, 'piso': 0, 'ptrap': 0, 'pmpos': 0, 'pm3': 0, 'maxmin': -1} [0.2 s]
#   core 85: {'prof': 62208, 'om1': 1032, 'small': 61176, 'kstar0': 1032, 'kstar1': 0, 'kstar2': 0, 'kstar3': 0, 'kstar4': 0, 'kstarinf': 0, 'kstarn': 0, 'kiso': 0, 'ktrap': 0, 'pos': 0, 'pd1': 0, 'pd2': 0, 'pd3': 0, 'pd4': 0, 'pdinf': 0, 'piso': 0, 'ptrap': 0, 'pmpos': 0, 'pm3': 0, 'maxmin': -1} [0.2 s]
#   core 86: {'prof': 62208, 'om1': 568, 'small': 61640, 'kstar0': 568, 'kstar1': 0, 'kstar2': 0, 'kstar3': 0, 'kstar4': 0, 'kstarinf': 0, 'kstarn': 0, 'kiso': 0, 'ktrap': 0, 'pos': 0, 'pd1': 0, 'pd2': 0, 'pd3': 0, 'pd4': 0, 'pdinf': 0, 'piso': 0, 'ptrap': 0, 'pmpos': 0, 'pm3': 0, 'maxmin': -1} [0.2 s]
#   core 87: {'prof': 62208, 'om1': 184, 'small': 62024, 'kstar0': 184, 'kstar1': 0, 'kstar2': 0, 'kstar3': 0, 'kstar4': 0, 'kstarinf': 0, 'kstarn': 0, 'kiso': 0, 'ktrap': 0, 'pos': 0, 'pd1': 0, 'pd2': 0, 'pd3': 0, 'pd4': 0, 'pdinf': 0, 'piso': 0, 'ptrap': 0, 'pmpos': 0, 'pm3': 0, 'maxmin': -1} [0.2 s]
#   core 88: {'prof': 62208, 'om1': 1496, 'small': 60712, 'kstar0': 1496, 'kstar1': 0, 'kstar2': 0, 'kstar3': 0, 'kstar4': 0, 'kstarinf': 0, 'kstarn': 0, 'kiso': 0, 'ktrap': 0, 'pos': 0, 'pd1': 0, 'pd2': 0, 'pd3': 0, 'pd4': 0, 'pdinf': 0, 'piso': 0, 'ptrap': 0, 'pmpos': 0, 'pm3': 0, 'maxmin': 0} [0.2 s]
#   core 89: {'prof': 62208, 'om1': 1516, 'small': 60692, 'kstar0': 1500, 'kstar1': 0, 'kstar2': 16, 'kstar3': 0, 'kstar4': 0, 'kstarinf': 0, 'kstarn': 0, 'kiso': 0, 'ktrap': 0, 'pos': 16, 'pd1': 0, 'pd2': 16, 'pd3': 0, 'pd4': 0, 'pdinf': 0, 'piso': 0, 'ptrap': 0, 'pmpos': 0, 'pm3': 0, 'maxmin': -1} [0.2 s]
#   core 91: {'prof': 62208, 'om1': 0, 'small': 62208, 'kstar0': 0, 'kstar1': 0, 'kstar2': 0, 'kstar3': 0, 'kstar4': 0, 'kstarinf': 0, 'kstarn': 0, 'kiso': 0, 'ktrap': 0, 'pos': 0, 'pd1': 0, 'pd2': 0, 'pd3': 0, 'pd4': 0, 'pdinf': 0, 'piso': 0, 'ptrap': 0, 'pmpos': 0, 'pm3': 0, 'maxmin': 0} [0.1 s]
#   core 90: {'prof': 62208, 'om1': 1880, 'small': 60328, 'kstar0': 1880, 'kstar1': 0, 'kstar2': 0, 'kstar3': 0, 'kstar4': 0, 'kstarinf': 0, 'kstarn': 0, 'kiso': 0, 'ktrap': 0, 'pos': 0, 'pd1': 0, 'pd2': 0, 'pd3': 0, 'pd4': 0, 'pdinf': 0, 'piso': 0, 'ptrap': 0, 'pmpos': 0, 'pm3': 0, 'maxmin': -1} [0.3 s]
#   core 92: {'prof': 62208, 'om1': 604, 'small': 61604, 'kstar0': 604, 'kstar1': 0, 'kstar2': 0, 'kstar3': 0, 'kstar4': 0, 'kstarinf': 0, 'kstarn': 0, 'kiso': 0, 'ktrap': 0, 'pos': 0, 'pd1': 0, 'pd2': 0, 'pd3': 0, 'pd4': 0, 'pdinf': 0, 'piso': 0, 'ptrap': 0, 'pmpos': 0, 'pm3': 0, 'maxmin': -1} [0.2 s]
#   core 94: {'prof': 62208, 'om1': 84, 'small': 62124, 'kstar0': 84, 'kstar1': 0, 'kstar2': 0, 'kstar3': 0, 'kstar4': 0, 'kstarinf': 0, 'kstarn': 0, 'kiso': 0, 'ktrap': 0, 'pos': 0, 'pd1': 0, 'pd2': 0, 'pd3': 0, 'pd4': 0, 'pdinf': 0, 'piso': 0, 'ptrap': 0, 'pmpos': 0, 'pm3': 0, 'maxmin': 0} [0.2 s]
#   core 93: {'prof': 62208, 'om1': 0, 'small': 62208, 'kstar0': 0, 'kstar1': 0, 'kstar2': 0, 'kstar3': 0, 'kstar4': 0, 'kstarinf': 0, 'kstarn': 0, 'kiso': 0, 'ktrap': 0, 'pos': 0, 'pd1': 0, 'pd2': 0, 'pd3': 0, 'pd4': 0, 'pdinf': 0, 'piso': 0, 'ptrap': 0, 'pmpos': 0, 'pm3': 0, 'maxmin': 0} [0.2 s]
#   core 95: {'prof': 62208, 'om1': 264, 'small': 61944, 'kstar0': 264, 'kstar1': 0, 'kstar2': 0, 'kstar3': 0, 'kstar4': 0, 'kstarinf': 0, 'kstarn': 0, 'kiso': 0, 'ktrap': 0, 'pos': 0, 'pd1': 0, 'pd2': 0, 'pd3': 0, 'pd4': 0, 'pdinf': 0, 'piso': 0, 'ptrap': 0, 'pmpos': 0, 'pm3': 0, 'maxmin': 0} [0.1 s]
#   core 97: {'prof': 62208, 'om1': 104, 'small': 62104, 'kstar0': 104, 'kstar1': 0, 'kstar2': 0, 'kstar3': 0, 'kstar4': 0, 'kstarinf': 0, 'kstarn': 0, 'kiso': 0, 'ktrap': 0, 'pos': 0, 'pd1': 0, 'pd2': 0, 'pd3': 0, 'pd4': 0, 'pdinf': 0, 'piso': 0, 'ptrap': 0, 'pmpos': 0, 'pm3': 0, 'maxmin': 0} [0.1 s]
#   core 96: {'prof': 62208, 'om1': 160, 'small': 62048, 'kstar0': 160, 'kstar1': 0, 'kstar2': 0, 'kstar3': 0, 'kstar4': 0, 'kstarinf': 0, 'kstarn': 0, 'kiso': 0, 'ktrap': 0, 'pos': 0, 'pd1': 0, 'pd2': 0, 'pd3': 0, 'pd4': 0, 'pdinf': 0, 'piso': 0, 'ptrap': 0, 'pmpos': 0, 'pm3': 0, 'maxmin': -1} [0.3 s]
#   core 98: {'prof': 62208, 'om1': 104, 'small': 62104, 'kstar0': 104, 'kstar1': 0, 'kstar2': 0, 'kstar3': 0, 'kstar4': 0, 'kstarinf': 0, 'kstarn': 0, 'kiso': 0, 'ktrap': 0, 'pos': 0, 'pd1': 0, 'pd2': 0, 'pd3': 0, 'pd4': 0, 'pdinf': 0, 'piso': 0, 'ptrap': 0, 'pmpos': 0, 'pm3': 0, 'maxmin': 0} [0.1 s]
#   core 100: {'prof': 62208, 'om1': 52, 'small': 62156, 'kstar0': 52, 'kstar1': 0, 'kstar2': 0, 'kstar3': 0, 'kstar4': 0, 'kstarinf': 0, 'kstarn': 0, 'kiso': 0, 'ktrap': 0, 'pos': 0, 'pd1': 0, 'pd2': 0, 'pd3': 0, 'pd4': 0, 'pdinf': 0, 'piso': 0, 'ptrap': 0, 'pmpos': 0, 'pm3': 0, 'maxmin': -2} [0.1 s]
#   core 99: {'prof': 62208, 'om1': 48, 'small': 62160, 'kstar0': 48, 'kstar1': 0, 'kstar2': 0, 'kstar3': 0, 'kstar4': 0, 'kstarinf': 0, 'kstarn': 0, 'kiso': 0, 'ktrap': 0, 'pos': 0, 'pd1': 0, 'pd2': 0, 'pd3': 0, 'pd4': 0, 'pdinf': 0, 'piso': 0, 'ptrap': 0, 'pmpos': 0, 'pm3': 0, 'maxmin': -2} [0.2 s]
#   core 102: {'prof': 62208, 'om1': 72, 'small': 62136, 'kstar0': 72, 'kstar1': 0, 'kstar2': 0, 'kstar3': 0, 'kstar4': 0, 'kstarinf': 0, 'kstarn': 0, 'kiso': 0, 'ktrap': 0, 'pos': 0, 'pd1': 0, 'pd2': 0, 'pd3': 0, 'pd4': 0, 'pdinf': 0, 'piso': 0, 'ptrap': 0, 'pmpos': 0, 'pm3': 0, 'maxmin': -1} [0.1 s]
#   core 103: {'prof': 62208, 'om1': 80, 'small': 62128, 'kstar0': 80, 'kstar1': 0, 'kstar2': 0, 'kstar3': 0, 'kstar4': 0, 'kstarinf': 0, 'kstarn': 0, 'kiso': 0, 'ktrap': 0, 'pos': 0, 'pd1': 0, 'pd2': 0, 'pd3': 0, 'pd4': 0, 'pdinf': 0, 'piso': 0, 'ptrap': 0, 'pmpos': 0, 'pm3': 0, 'maxmin': -1} [0.1 s]
#   core 101: {'prof': 62208, 'om1': 0, 'small': 62208, 'kstar0': 0, 'kstar1': 0, 'kstar2': 0, 'kstar3': 0, 'kstar4': 0, 'kstarinf': 0, 'kstarn': 0, 'kiso': 0, 'ktrap': 0, 'pos': 0, 'pd1': 0, 'pd2': 0, 'pd3': 0, 'pd4': 0, 'pdinf': 0, 'piso': 0, 'ptrap': 0, 'pmpos': 0, 'pm3': 0, 'maxmin': 0} [0.3 s]
#   core 104: {'prof': 62208, 'om1': 0, 'small': 62208, 'kstar0': 0, 'kstar1': 0, 'kstar2': 0, 'kstar3': 0, 'kstar4': 0, 'kstarinf': 0, 'kstarn': 0, 'kiso': 0, 'ktrap': 0, 'pos': 0, 'pd1': 0, 'pd2': 0, 'pd3': 0, 'pd4': 0, 'pdinf': 0, 'piso': 0, 'ptrap': 0, 'pmpos': 0, 'pm3': 0, 'maxmin': 0} [0.1 s]
#   core 105: {'prof': 62208, 'om1': 0, 'small': 62208, 'kstar0': 0, 'kstar1': 0, 'kstar2': 0, 'kstar3': 0, 'kstar4': 0, 'kstarinf': 0, 'kstarn': 0, 'kiso': 0, 'ktrap': 0, 'pos': 0, 'pd1': 0, 'pd2': 0, 'pd3': 0, 'pd4': 0, 'pdinf': 0, 'piso': 0, 'ptrap': 0, 'pmpos': 0, 'pm3': 0, 'maxmin': 0} [0.1 s]
#   core 106: {'prof': 62208, 'om1': 0, 'small': 62208, 'kstar0': 0, 'kstar1': 0, 'kstar2': 0, 'kstar3': 0, 'kstar4': 0, 'kstarinf': 0, 'kstarn': 0, 'kiso': 0, 'ktrap': 0, 'pos': 0, 'pd1': 0, 'pd2': 0, 'pd3': 0, 'pd4': 0, 'pdinf': 0, 'piso': 0, 'ptrap': 0, 'pmpos': 0, 'pm3': 0, 'maxmin': 0} [0.1 s]
#   core 107: {'prof': 62208, 'om1': 208, 'small': 62000, 'kstar0': 208, 'kstar1': 0, 'kstar2': 0, 'kstar3': 0, 'kstar4': 0, 'kstarinf': 0, 'kstarn': 0, 'kiso': 0, 'ktrap': 0, 'pos': 0, 'pd1': 0, 'pd2': 0, 'pd3': 0, 'pd4': 0, 'pdinf': 0, 'piso': 0, 'ptrap': 0, 'pmpos': 0, 'pm3': 0, 'maxmin': 0} [0.1 s]
#   core 108: {'prof': 62208, 'om1': 216, 'small': 61992, 'kstar0': 216, 'kstar1': 0, 'kstar2': 0, 'kstar3': 0, 'kstar4': 0, 'kstarinf': 0, 'kstarn': 0, 'kiso': 0, 'ktrap': 0, 'pos': 0, 'pd1': 0, 'pd2': 0, 'pd3': 0, 'pd4': 0, 'pdinf': 0, 'piso': 0, 'ptrap': 0, 'pmpos': 0, 'pm3': 0, 'maxmin': 0} [0.2 s]
#   core 109: {'prof': 62208, 'om1': 0, 'small': 62208, 'kstar0': 0, 'kstar1': 0, 'kstar2': 0, 'kstar3': 0, 'kstar4': 0, 'kstarinf': 0, 'kstarn': 0, 'kiso': 0, 'ktrap': 0, 'pos': 0, 'pd1': 0, 'pd2': 0, 'pd3': 0, 'pd4': 0, 'pdinf': 0, 'piso': 0, 'ptrap': 0, 'pmpos': 0, 'pm3': 0, 'maxmin': 0} [0.2 s]
#   core 110: {'prof': 62208, 'om1': 0, 'small': 62208, 'kstar0': 0, 'kstar1': 0, 'kstar2': 0, 'kstar3': 0, 'kstar4': 0, 'kstarinf': 0, 'kstarn': 0, 'kiso': 0, 'ktrap': 0, 'pos': 0, 'pd1': 0, 'pd2': 0, 'pd3': 0, 'pd4': 0, 'pdinf': 0, 'piso': 0, 'ptrap': 0, 'pmpos': 0, 'pm3': 0, 'maxmin': 0} [0.2 s]
#   core 111: {'prof': 62208, 'om1': 0, 'small': 62208, 'kstar0': 0, 'kstar1': 0, 'kstar2': 0, 'kstar3': 0, 'kstar4': 0, 'kstarinf': 0, 'kstarn': 0, 'kiso': 0, 'ktrap': 0, 'pos': 0, 'pd1': 0, 'pd2': 0, 'pd3': 0, 'pd4': 0, 'pdinf': 0, 'piso': 0, 'ptrap': 0, 'pmpos': 0, 'pm3': 0, 'maxmin': 0} [0.2 s]
#   core 113: {'prof': 62208, 'om1': 0, 'small': 62208, 'kstar0': 0, 'kstar1': 0, 'kstar2': 0, 'kstar3': 0, 'kstar4': 0, 'kstarinf': 0, 'kstarn': 0, 'kiso': 0, 'ktrap': 0, 'pos': 0, 'pd1': 0, 'pd2': 0, 'pd3': 0, 'pd4': 0, 'pdinf': 0, 'piso': 0, 'ptrap': 0, 'pmpos': 0, 'pm3': 0, 'maxmin': 0} [0.1 s]
#   core 112: {'prof': 62208, 'om1': 0, 'small': 62208, 'kstar0': 0, 'kstar1': 0, 'kstar2': 0, 'kstar3': 0, 'kstar4': 0, 'kstarinf': 0, 'kstarn': 0, 'kiso': 0, 'ktrap': 0, 'pos': 0, 'pd1': 0, 'pd2': 0, 'pd3': 0, 'pd4': 0, 'pdinf': 0, 'piso': 0, 'ptrap': 0, 'pmpos': 0, 'pm3': 0, 'maxmin': 0} [0.2 s]
#   core 114: {'prof': 62208, 'om1': 0, 'small': 62208, 'kstar0': 0, 'kstar1': 0, 'kstar2': 0, 'kstar3': 0, 'kstar4': 0, 'kstarinf': 0, 'kstarn': 0, 'kiso': 0, 'ktrap': 0, 'pos': 0, 'pd1': 0, 'pd2': 0, 'pd3': 0, 'pd4': 0, 'pdinf': 0, 'piso': 0, 'ptrap': 0, 'pmpos': 0, 'pm3': 0, 'maxmin': 0} [0.2 s]
#   core 115: {'prof': 31104, 'om1': 4992, 'small': 26112, 'kstar0': 4992, 'kstar1': 0, 'kstar2': 0, 'kstar3': 0, 'kstar4': 0, 'kstarinf': 0, 'kstarn': 0, 'kiso': 0, 'ktrap': 0, 'pos': 0, 'pd1': 0, 'pd2': 0, 'pd3': 0, 'pd4': 0, 'pdinf': 0, 'piso': 0, 'ptrap': 0, 'pmpos': 0, 'pm3': 0, 'maxmin': 0} [0.3 s]
#   core 116: {'prof': 31104, 'om1': 4992, 'small': 26112, 'kstar0': 4992, 'kstar1': 0, 'kstar2': 0, 'kstar3': 0, 'kstar4': 0, 'kstarinf': 0, 'kstarn': 0, 'kiso': 0, 'ktrap': 0, 'pos': 0, 'pd1': 0, 'pd2': 0, 'pd3': 0, 'pd4': 0, 'pdinf': 0, 'piso': 0, 'ptrap': 0, 'pmpos': 0, 'pm3': 0, 'maxmin': -1} [0.2 s]
#   core 117: {'prof': 31104, 'om1': 4608, 'small': 26496, 'kstar0': 4608, 'kstar1': 0, 'kstar2': 0, 'kstar3': 0, 'kstar4': 0, 'kstarinf': 0, 'kstarn': 0, 'kiso': 0, 'ktrap': 0, 'pos': 0, 'pd1': 0, 'pd2': 0, 'pd3': 0, 'pd4': 0, 'pdinf': 0, 'piso': 0, 'ptrap': 0, 'pmpos': 0, 'pm3': 0, 'maxmin': -1} [0.2 s]
#   core 118: {'prof': 31104, 'om1': 1344, 'small': 29760, 'kstar0': 1344, 'kstar1': 0, 'kstar2': 0, 'kstar3': 0, 'kstar4': 0, 'kstarinf': 0, 'kstarn': 0, 'kiso': 0, 'ktrap': 0, 'pos': 0, 'pd1': 0, 'pd2': 0, 'pd3': 0, 'pd4': 0, 'pdinf': 0, 'piso': 0, 'ptrap': 0, 'pmpos': 0, 'pm3': 0, 'maxmin': 0} [0.1 s]
#   core 120: {'prof': 31104, 'om1': 2496, 'small': 28608, 'kstar0': 2496, 'kstar1': 0, 'kstar2': 0, 'kstar3': 0, 'kstar4': 0, 'kstarinf': 0, 'kstarn': 0, 'kiso': 0, 'ktrap': 0, 'pos': 0, 'pd1': 0, 'pd2': 0, 'pd3': 0, 'pd4': 0, 'pdinf': 0, 'piso': 0, 'ptrap': 0, 'pmpos': 0, 'pm3': 0, 'maxmin': -1} [0.3 s]
#   core 119: {'prof': 31104, 'om1': 1536, 'small': 29568, 'kstar0': 1536, 'kstar1': 0, 'kstar2': 0, 'kstar3': 0, 'kstar4': 0, 'kstarinf': 0, 'kstarn': 0, 'kiso': 0, 'ktrap': 0, 'pos': 0, 'pd1': 0, 'pd2': 0, 'pd3': 0, 'pd4': 0, 'pdinf': 0, 'piso': 0, 'ptrap': 0, 'pmpos': 0, 'pm3': 0, 'maxmin': -1} [0.3 s]
#   core 121: {'prof': 31104, 'om1': 1152, 'small': 29952, 'kstar0': 1152, 'kstar1': 0, 'kstar2': 0, 'kstar3': 0, 'kstar4': 0, 'kstarinf': 0, 'kstarn': 0, 'kiso': 0, 'ktrap': 0, 'pos': 0, 'pd1': 0, 'pd2': 0, 'pd3': 0, 'pd4': 0, 'pdinf': 0, 'piso': 0, 'ptrap': 0, 'pmpos': 0, 'pm3': 0, 'maxmin': -1} [0.3 s]
#   core 122: {'prof': 31104, 'om1': 3072, 'small': 28032, 'kstar0': 3072, 'kstar1': 0, 'kstar2': 0, 'kstar3': 0, 'kstar4': 0, 'kstarinf': 0, 'kstarn': 0, 'kiso': 0, 'ktrap': 0, 'pos': 0, 'pd1': 0, 'pd2': 0, 'pd3': 0, 'pd4': 0, 'pdinf': 0, 'piso': 0, 'ptrap': 0, 'pmpos': 0, 'pm3': 0, 'maxmin': 0} [0.3 s]
#   core 123: {'prof': 31104, 'om1': 1152, 'small': 29952, 'kstar0': 1152, 'kstar1': 0, 'kstar2': 0, 'kstar3': 0, 'kstar4': 0, 'kstarinf': 0, 'kstarn': 0, 'kiso': 0, 'ktrap': 0, 'pos': 0, 'pd1': 0, 'pd2': 0, 'pd3': 0, 'pd4': 0, 'pdinf': 0, 'piso': 0, 'ptrap': 0, 'pmpos': 0, 'pm3': 0, 'maxmin': -1} [0.1 s]
#   core 124: {'prof': 31104, 'om1': 1536, 'small': 29568, 'kstar0': 1536, 'kstar1': 0, 'kstar2': 0, 'kstar3': 0, 'kstar4': 0, 'kstarinf': 0, 'kstarn': 0, 'kiso': 0, 'ktrap': 0, 'pos': 0, 'pd1': 0, 'pd2': 0, 'pd3': 0, 'pd4': 0, 'pdinf': 0, 'piso': 0, 'ptrap': 0, 'pmpos': 0, 'pm3': 0, 'maxmin': -1} [0.1 s]
#   core 126: {'prof': 31104, 'om1': 768, 'small': 30336, 'kstar0': 768, 'kstar1': 0, 'kstar2': 0, 'kstar3': 0, 'kstar4': 0, 'kstarinf': 0, 'kstarn': 0, 'kiso': 0, 'ktrap': 0, 'pos': 0, 'pd1': 0, 'pd2': 0, 'pd3': 0, 'pd4': 0, 'pdinf': 0, 'piso': 0, 'ptrap': 0, 'pmpos': 0, 'pm3': 0, 'maxmin': -1} [0.1 s]
#   core 125: {'prof': 31104, 'om1': 960, 'small': 30144, 'kstar0': 960, 'kstar1': 0, 'kstar2': 0, 'kstar3': 0, 'kstar4': 0, 'kstarinf': 0, 'kstarn': 0, 'kiso': 0, 'ktrap': 0, 'pos': 0, 'pd1': 0, 'pd2': 0, 'pd3': 0, 'pd4': 0, 'pdinf': 0, 'piso': 0, 'ptrap': 0, 'pmpos': 0, 'pm3': 0, 'maxmin': -1} [0.2 s]
#   core 127: {'prof': 62208, 'om1': 0, 'small': 62208, 'kstar0': 0, 'kstar1': 0, 'kstar2': 0, 'kstar3': 0, 'kstar4': 0, 'kstarinf': 0, 'kstarn': 0, 'kiso': 0, 'ktrap': 0, 'pos': 0, 'pd1': 0, 'pd2': 0, 'pd3': 0, 'pd4': 0, 'pdinf': 0, 'piso': 0, 'ptrap': 0, 'pmpos': 0, 'pm3': 0, 'maxmin': 0} [0.1 s]
#   core 129: {'prof': 62208, 'om1': 0, 'small': 62208, 'kstar0': 0, 'kstar1': 0, 'kstar2': 0, 'kstar3': 0, 'kstar4': 0, 'kstarinf': 0, 'kstarn': 0, 'kiso': 0, 'ktrap': 0, 'pos': 0, 'pd1': 0, 'pd2': 0, 'pd3': 0, 'pd4': 0, 'pdinf': 0, 'piso': 0, 'ptrap': 0, 'pmpos': 0, 'pm3': 0, 'maxmin': 0} [0.1 s]
#   core 130: {'prof': 62208, 'om1': 0, 'small': 62208, 'kstar0': 0, 'kstar1': 0, 'kstar2': 0, 'kstar3': 0, 'kstar4': 0, 'kstarinf': 0, 'kstarn': 0, 'kiso': 0, 'ktrap': 0, 'pos': 0, 'pd1': 0, 'pd2': 0, 'pd3': 0, 'pd4': 0, 'pdinf': 0, 'piso': 0, 'ptrap': 0, 'pmpos': 0, 'pm3': 0, 'maxmin': 0} [0.1 s]
#   core 128: {'prof': 62208, 'om1': 1664, 'small': 60544, 'kstar0': 1664, 'kstar1': 0, 'kstar2': 0, 'kstar3': 0, 'kstar4': 0, 'kstarinf': 0, 'kstarn': 0, 'kiso': 0, 'ktrap': 0, 'pos': 0, 'pd1': 0, 'pd2': 0, 'pd3': 0, 'pd4': 0, 'pdinf': 0, 'piso': 0, 'ptrap': 0, 'pmpos': 0, 'pm3': 0, 'maxmin': 0} [0.3 s]
#   core 131: {'prof': 62208, 'om1': 0, 'small': 62208, 'kstar0': 0, 'kstar1': 0, 'kstar2': 0, 'kstar3': 0, 'kstar4': 0, 'kstarinf': 0, 'kstarn': 0, 'kiso': 0, 'ktrap': 0, 'pos': 0, 'pd1': 0, 'pd2': 0, 'pd3': 0, 'pd4': 0, 'pdinf': 0, 'piso': 0, 'ptrap': 0, 'pmpos': 0, 'pm3': 0, 'maxmin': 0} [0.2 s]
#   core 132: {'prof': 62208, 'om1': 832, 'small': 61376, 'kstar0': 832, 'kstar1': 0, 'kstar2': 0, 'kstar3': 0, 'kstar4': 0, 'kstarinf': 0, 'kstarn': 0, 'kiso': 0, 'ktrap': 0, 'pos': 0, 'pd1': 0, 'pd2': 0, 'pd3': 0, 'pd4': 0, 'pdinf': 0, 'piso': 0, 'ptrap': 0, 'pmpos': 0, 'pm3': 0, 'maxmin': -1} [0.2 s]
#   core 133: {'prof': 62208, 'om1': 0, 'small': 62208, 'kstar0': 0, 'kstar1': 0, 'kstar2': 0, 'kstar3': 0, 'kstar4': 0, 'kstarinf': 0, 'kstarn': 0, 'kiso': 0, 'ktrap': 0, 'pos': 0, 'pd1': 0, 'pd2': 0, 'pd3': 0, 'pd4': 0, 'pdinf': 0, 'piso': 0, 'ptrap': 0, 'pmpos': 0, 'pm3': 0, 'maxmin': 0} [0.2 s]
#   core 134: {'prof': 31104, 'om1': 31104, 'small': 0, 'kstar0': 31104, 'kstar1': 0, 'kstar2': 0, 'kstar3': 0, 'kstar4': 0, 'kstarinf': 0, 'kstarn': 0, 'kiso': 0, 'ktrap': 0, 'pos': 0, 'pd1': 0, 'pd2': 0, 'pd3': 0, 'pd4': 0, 'pdinf': 0, 'piso': 0, 'ptrap': 0, 'pmpos': 0, 'pm3': 0, 'maxmin': -1} [3.0 s]
k4_certs_4_n4_1.json.gz: profiles 7247232, omega >= 1: 102434; k* = 0: 102258, 1: 0, 2: 176, 3: 0, >= 4: 0, inf: 0 (k* = n: 0; k* >= 3 isolated / trapped: 0 / 0); P with def > 0: 286, at distance 1: 0, 2: 286, 3: 0, >= 4: 0, inf: 0 (distance >= 3, isolated / trapped: 0 / 0; Pareto-maximal: 0, at distance >= 3: 0); largest least deficit 0 [14 s]
repair table (canonical witness per P with def > 0): signature | type | roles : count
  T G,D2|T1>1+T1>1|F>fx+f>Fo : 146
  T G|T0>1+T1>1|F>fx+f>Fo : 80
  T G|T1>1+T1>1|F>fx+f>Fo : 40
  T G|T1>1+T1>1|F>F+F>Fx : 20
available repair types (counted once per P): signature | type : count
  A G,D2|T1>1+T1>2 : 146
  A G,D2|T1>1+T1>1 : 146
  A G|T1>1+T1>1 : 120
  A G|T0>1+T1>1 : 80
  A G|T0>1+T1>2 : 80
  A G|T1>1+T1>2 : 40
