# command: python3 k4/dl2_run.py catalog k4/suite/.cache/gapbench/results/k4_gap/hunt_n4_pure_s400k.json.gz --jobs=2 --rec=500 --rec2=5 --dump=results/k4_dl2/repairs_n4cat.jsonl.gz --tables=results/k4_dl2/tables_n4cat_hunt_n4_pure_s400k.json
# dl2.c sha256 0e4e2410b1219cbd3353b1607b8dd93f5394e1491a47f19ed6e2281cad1b78d6
catalog k4/suite/.cache/gapbench/results/k4_gap/hunt_n4_pure_s400k.json.gz: profiles 69353, omega >= 1: 69353; k* = 0: 62258, 1: 6849, 2: 246, 3: 0, >= 4: 0, inf: 0 (k* = n: 0; k* >= 3 isolated / trapped: 0 / 0); P with def > 0: 35023, at distance 1: 32751, 2: 2272, 3: 0, >= 4: 0, inf: 0 (distance >= 3, isolated / trapped: 0 / 0; Pareto-maximal: 552, at distance >= 3: 0); largest least deficit 0 [25 s]
# dumped: every profile with k* >= 3, every 500-th with k* = 1 (0: none), every 5-th with k* = 2
repair table (canonical witness per P with def > 0): signature | type | roles : count
  T G,D2|S2>1|f>fo : 12868
  T fO,G,D2|S2>1|f>fo : 7085
  T G,D2|S2>1|f>f : 2204
  T fO,L,D2|S2>1|f>fo : 1650
  T fO,L,D2|S2>1|f>fox : 1218
  T fO,L|S2>1|f>fo : 1030
  T fO,G,D2|W2>2|f>fox : 807
  T fO|S2>1|f>fo : 676
  T fO,G,D2|S2>1|f>fox : 497
  T fO,G,D2|T1>1+T1>1|F>fx+f>Fox : 440
  T G,D2|W2>2|f>fo : 408
  T fO,G,D2|W2>2|f>fo : 380
  T e2,G,D2|S2>1|f>fo : 335
  T G,D2|T1>1+T2>1|F>fx+f>Fo : 302
  T G,D2,PM|S2>1|f>fo : 297
  T fO,G,D2|S2>1|f>f : 287
  T G,D2|W2>2|f>f : 222
  T fO,G,D2|W2>2|f>fx : 214
  T fO|W2>2|f>fox : 214
  T fO,G,D2|G1>2|f>fox : 198
  T fO,L|W2>2|f>fox : 193
  T fO,L,O,D2|S2>1|f>fox : 163
  T fO,G,D2|G1>2|f>fx : 131
  T G,D2|S2>1+S2>1|f>fo+f>fo : 124
  T fO,G,D2|S2>1|f>fx : 121
  T fO|S2>1|f>fox : 114
  T fO,L,O,D2|S2>1|f>fo : 113
  T e2,G,D2,PM|S2>1|f>fo : 106
  T G,D2|S2>1+W2>2|f>fo+f>fo : 104
  T G,D2|T1>1+T1>1|F>fx+f>F : 103
  T fO,G,D2|T1>2+T2>1|f>fo+f>fox : 94
  T G,D2|T2>1+T2>2|f>fo+f>fo : 91
  T G,D2|S2>1+W2>2|f>f+f>fo : 87
  T fO,G,D2|T1>1+T2>1|F>fx+f>Fo : 86
  T fO,G,D2|T1>1+T1>2|F>fx+f>Fox : 71
  T G,D2|T2>1+T2>2|f>f+f>fo : 70
  T e2,fO,G,D2|S2>1|f>fo : 70
  T fO|W2>2|f>fx : 65
  T e2,fO,G,D2|W2>2|f>fox : 60
  T G,D2|S2>1+S2>1|f>f+f>fo : 58
  T fO,G1|S2>1|f>fox : 57
  T fO|W2>2|f>fo : 54
  T fO,L|S2>1|f>fox : 51
  T fO,G,D2|W2>2|f>f : 51
  T fO,G,D2|G1>2+S2>1|f>fo+f>fox : 51
  T fO,G1|W2>2|f>fox : 47
  T e2,fO,G,D2|G1>2|f>fox : 39
  T G,D2|T1>2+T2>1|F>fx+f>Fo : 36
  T G,D2|T1>1+T2>1|F>fx+f>F : 34
  T e2,fO,L|S2>1|f>fo : 33
  T fO,G,D2|S2>1+S2>1|f>fo+f>fo : 33
  T fO,G,D2|T2>1+T2>2|f>fo+f>fo : 33
  T fO,L,D2|S2>1|f>fx : 32
  T fO,L,D2|W2>2|f>fox : 29
  T G,O,D2|S2>1|f>fo : 29
  T fO,G,D2|T1>1+T1>1|F>fx+f>Fx : 29
  T e2,fO,G1|W2>2|f>fox : 26
  T e2,fO|W2>2|f>fox : 26
  T e2,fO,L,D2|S2>1|f>fo : 23
  T fO,L,O,D2|W2>2|f>fox : 23
  T fO,G1|G1>2|f>fox : 23
  T fO,G,D2|S2>1+W2>2|f>fo+f>fo : 21
  T fO,G,D2|T1>1+T1>1|F>f+f>Fox : 20
  T G,G1,D2,PM|S2>1|f>fo : 19
  T fO,G,D2|W1>2|f>fx : 19
  T fO,G1|W2>2|f>fx : 19
  T G,D2|T1>1+T2>1|F>f+f>Fo : 18
  T fO,G1|S2>1|f>fo : 18
  T G,D2|S2>1+S2>1|f>f+f>f : 18
  T e2,fO|S2>1|f>fox : 17
  T G,L,D2,PM|S2>1|f>fo : 16
  T fO,G,D2|T1>2+T2>1|f>fo+f>fx : 16
  T e2,G,D2|W2>2|f>fo : 16
  T e2,fO|S2>1|f>fo : 15
  T fO,G,D2|T1>2+T2>1|F>fx+f>Fo : 15
  T G1,O|T1>1+T2>1|F>fx+f>Fo : 14
  T e2,fO,L|W2>2|f>fox : 13
  T fO,G,D2|W1>2|f>fox : 13
  T fO,G,G1,D2|S2>1|f>fo : 13
  T G,D2,PM|S2>1|f>f : 12
  T fO,G,L,D2|S2>1|f>fo : 12
  T fO|S2>1|f>fx : 12
  T G,G1,D2|S2>1|f>fo : 12
  T fO,G,D2|G1>2+S2>1|f>fo+f>fx : 12
  T L,PM|S2>1|f>fo : 11
  T G1,O|S2>1|f>fo : 11
  T fO,G,G1,D2|T1>1+T1>1|F>fx+f>Fox : 11
  T e2,fO,G,D2|S2>1|f>fox : 11
  T fO,G,D2|S2>1+W2>2|f>fo+f>fox : 11
  T G,D2,PM|W2>2|f>f : 11
  T e2,fO,G,D2|W2>2|f>fo : 11
  T e1,G,D2|S2>1|f>fo : 10
  T fO,G,L,D2|T1>1+T1>1|F>fx+f>Fox : 10
  T G,G1,D2|T1>1+T1>1|F>fx+f>Fo : 10
  T L,PM|T1>1+T2>1|F>fx+f>Fo : 10
  T fO,G,D2|T1>2+T2>1|f>f+f>fox : 10
  T e2,G,D2|T2>2+T2>2|f>fo+f>fox : 10
  T fO,G,D2|T2>1+T2>2|f>f+f>fo : 10
  T fO,G,D2|T2>1+T2>2|f>fo+f>fox : 10
  T fO,G1|S2>1|f>fx : 9
  T G,D2|T2>2+T2>2|f>f+f>fo : 9
  T fO,G,D2|T2>2+T2>2|f>fo+f>fo : 9
  T e2,G,D2|W2>2|f>fox : 9
  T fO,L|T1>1+T1>1|F>fx+f>Fox : 8
  T fO,G,D2|T1>1+T2>1|F>f+f>Fo : 8
  T G,D2|T1>1+T1>1|F>fx+f>Fo : 8
  T fO|G1>2|f>fox : 8
  T fO,L,D2|W2>2|f>fo : 7
  T G,D2,PM|T1>1+T2>1|F>fx+f>Fo : 7
  T fO,G,O,D2|S2>1|f>fo : 7
  T fO,L|W2>2|f>fo : 7
  T G,G1,D2|T1>1+T2>1|F>fx+f>Fo : 7
  T fO,G,D2|T1>1+T1>1|F>fx+f>Fo : 7
  T G,D2,PM|W2>2|f>fo : 7
  T G1|S2>1|f>fo : 6
  T G1,L,PM|S2>1|f>fo : 6
  T G,O,D2|T1>1+T2>1|F>fx+f>Fo : 6
  T fO,G,D2|T1>2+T2>2|f>fo+f>fox : 6
  T e2,G,D2,PM|T2>2+T2>2|f>fo+f>fox : 6
  T e1,G,D2|W2>2|f>fo : 5
  T e2,fO,L,D2|S2>1|f>fox : 5
  T e1,fO,L|S2>1|f>fox : 5
  T G,G1,D2|W2>2|f>fo : 5
  T G,L,D2,PM|T1>1+T2>1|F>fx+f>Fo : 5
  T G1,PM|T1>1+T2>1|F>fx+f>Fo : 5
  T e2,fO,L|S2>1|f>fox : 5
  T fO,G,D2|G1>2|f>fo : 5
  T e2,fO,G1|G1>2|f>fox : 5
  T fO,G,D2|T1>2+T2>1|f>f+f>fx : 5
  T e2,G,D2,PM|W2>2|f>fox : 5
  T fO,G,D2|S2>1+S2>1|f>f+f>fo : 5
  T G,D2|G1>2+S2>1|f>f+f>fo : 5
  T e2,fO,G,D2|T1>1+T2>1|F>fx+f>Fo : 5
  T G,D2,PM|T2>1+T2>2|f>f+f>fo : 5
  T G,D2,PM|T1>1+T2>1|F>f+f>Fo : 4
  T fO,L|G1>2|f>fox : 4
  T fO,L,O,D2|G1>2|f>fox : 4
  T fO,G1|G1>2|f>fo : 4
  T e2,fO,G1|S2>1|f>fox : 4
  T fO,G,D2|T1>1+T1>1|F>fx+f>F : 4
  T e2,G,D2,PM|T2>1+T2>2|f>fo+f>fox : 4
  T e2,fO,L,D2|W2>2|f>fox : 3
  T e1,fO,L|W2>2|f>fox : 3
  T fO,G,O,D2|T1>1+T1>1|F>fx+f>Fox : 3
  T G,O,D2|W2>2|f>fo : 3
  T G1,PM|S2>1|f>fo : 3
  T fO,G,L,D2|T1>1+T2>1|F>fx+f>Fo : 3
  T G,D2,PM|T1>1+T1>1|F>fx+f>Fo : 3
  T fO,G1,L|S2>1|f>fo : 3
  T G1,L|S2>1|f>fo : 3
  T fO,G1|T2>2+T2>2|f>fo+f>fx : 3
  T G,D2|G1>2|f>f : 3
  T fO,G1|W2>2|f>fo : 3
  T G,G1,D2|G1>2|f>fo : 3
  T fO,G,D2|S2>1+W2>2|f>f+f>fo : 3
  T fO,G,D2|S2>1+S2>1|f>fo+f>fx : 3
  T fO,G,D2|S2>1+S2>1|f>fo+f>fox : 3
  T fO,G,D2|S2>1+W1>2|f>fo+f>fx : 3
  T e2,fO,G,D2|T1>1+T1>1|F>fx+f>Fox : 3
  T e3,fO,L,D2|S2>1|f>fox : 2
  T e3,fO,L|W2>2|f>fox : 2
  T L|S2>1|f>f : 2
  T L|S2>1|f>fo : 2
  T L,PM|S2>1|f>f : 2
  T G1|S2>1|f>f : 2
  T fO,L,O,D2|W2>2|f>fo : 2
  T G1,O|W2>2|f>fo : 2
  T G,L,D2|T1>1+T2>1|F>fx+f>Fo : 2
  T G,L,D2|S2>1|f>f : 2
  T G,L,D2|W2>2|f>f : 2
  T G,D2,PM|T1>1+T2>1|F>fx+f>F : 2
  T fO,G1,O|T1>1+T1>1|F>fx+f>Fox : 2
  T fO,G,O,D2|T1>1+T2>1|F>fx+f>Fo : 2
  T fO,G,D2|S2>1+W2>2|f>fo+f>fx : 2
  T e2,G1|S2>1|f>fo : 2
  T fO,G,D2|T1>2+T2>2|f>f+f>fox : 2
  T fO,G,D2|G1>2+S2>1|f>f+f>fx : 2
  T G,D2|G1>2|f>fo : 2
  T G,O,D2|T1>1+T1>1|F>fx+f>Fo : 2
  T G,D2|T2>2+T2>2|f>fo+f>fo : 2
  T G,D2,PM|T2>1+T2>2|f>fo+f>fo : 2
  T fO,G,D2|T2>2+T2>2|f>f+f>fo : 2
  T e1,fO,L|S2>1|f>fo : 1
  T e1,fO,L|W2>2|f>fo : 1
  T e1,fO,G,D2|W2>2|f>fo : 1
  T e3,fO,L,D2|W2>2|f>fox : 1
  T e3,fO,L,D2|S2>1|f>fo : 1
  T e3,fO,L|S2>1|f>fo : 1
  T e3,L,O,D2|S2>1|f>fo : 1
  T G,L,D2,PM|T1>1+T1>1|F>fx+f>Fo : 1
  T fO,G,O,D2|W1>2|f>fox : 1
  T G1,O|T2>1+T2>2|f>fo+f>fo : 1
  T fO,G1,O|S2>1|f>fo : 1
  T G,L,D2|T1>1+T1>1|F>fx+f>Fo : 1
  T L|T1>1+T2>1|F>fx+f>Fo : 1
  T fO,L,D2|W2>2|f>fx : 1
  T G,L,D2,PM|W2>2|f>fo : 1
  T e2,G,D2|T1>1+T2>1|F>fx+f>Fo : 1
  T G,D2|W2>2+W2>2|f>fo+f>fo : 1
  T G,D2|S2>1+W2>2|f>f+f>f : 1
  T fO,G,D2|W2>2+W2>2|f>fo+f>fx : 1
  T fO,G,D2|W2>2+W2>2|f>fo+f>fo : 1
  T G,D2|W2>2+W2>2|f>f+f>fo : 1
  T fO,G,D2|W2>2+W2>2|f>fo+f>fox : 1
  T G,G1,D2,PM|S2>1|f>f : 1
  T e2,G,D2|T1>1+T1>1|F>fx+f>Fo : 1
  T e2,G1|T2>2+T2>2|f>fo+f>fx : 1
  T e2,fO,G1|S2>1|f>fo : 1
  T fO,G,G1,D2|W2>2|f>fo : 1
  T fO,G,D2|G1>2+S2>1|f>f+f>fox : 1
  T fO,G1,O|T1>1+T1>2|F>fx+f>Fox : 1
  T fO,G,O,D2|T1>1+T1>1|F>fx+f>Fo : 1
  T G,L,D2|G1>2|f>fo : 1
  T fO,G,D2|T1>1+T1>2|F>f+f>Fx : 1
  T G,L,D2|S2>1|f>fo : 1
  T e2,fO,G,D2|T1>2+T2>2|f>fox+f>fox : 1
  T G,D2|T2>1+T2>2|f>f+f>f : 1
  T e2,fO|G1>2|f>fox : 1
  T e2,fO,G1|W2>2|f>fo : 1
  T G,D2,PM|T2>2+T2>2|f>f+f>fo : 1
  T e2,fO,L|T2>2+T2>2|f>fox+f>fox : 1
  T fO|T2>2+T2>2|f>fo+f>fx : 1
  T e2,fO,G,D2|T2>1+T2>2|f>fo+f>fox : 1
available repair types (counted once per P): signature | type : count
  A G,D2|S2>1 : 15072
  A G,D2|W2>2 : 10222
  A fO,G,D2|S2>1 : 7990
  A fO,G,D2|W2>2 : 7393
  A G,D2|W2>1 : 4567
  A fO,L,D2|W2>2 : 2937
  A fO,G,D2|W2>1 : 2903
  A fO,L,D2|S2>1 : 2900
  A fO,L,D2|W2>1 : 1351
  A fO,G,D2|G1>2 : 1284
  A fO,L|W2>2 : 1279
  A fO|W2>2 : 1111
  A fO,L|S2>1 : 1081
  A G,D2|T1>2+T2>1 : 1053
  A G,D2|T1>1+T2>1 : 982
  A fO,L|W2>1 : 943
  A fO,G,D2|T1>2+T2>1 : 924
  A fO,G,D2|T1>1+T2>1 : 815
  A fO|S2>1 : 802
  A fO,G,D2|T1>1+T1>2 : 699
  A fO|W2>1 : 692
  A fO,G,D2|T1>1+T1>1 : 636
  A fO,G,D2|W1>2 : 614
  A G,D2|S2>1+W2>2 : 402
  A e2,G,D2|S2>1 : 335
  A G,D2|T2>1+T2>2 : 328
  A e2,G,D2|W2>2 : 327
  A G,D2,PM|S2>1 : 309
  A fO,L,O,D2|W2>2 : 305
  A fO,L,O,D2|S2>1 : 276
  A G,D2,PM|W2>2 : 265
  A G,D2|S2>1+S2>1 : 200
  A fO,G1|W2>2 : 179
  A G,D2|T1>1+T1>1 : 154
  A G,D2|T1>1+T1>2 : 151
  A e2,fO,G,D2|W2>2 : 149
  A fO,L,O,D2|W2>1 : 127
  A e2,G,D2,PM|S2>1 : 106
  A fO,G1|W2>1 : 106
  A fO,G,D2|T2>1+T2>2 : 104
  A fO,G1|S2>1 : 84
  A G,D2|T2>1+T2>1 : 81
  A e2,fO,G,D2|S2>1 : 81
  A fO,G,D2|G1>2+S2>1 : 79
  A fO,G,D2|S2>1+W2>2 : 78
  A G,D2|S2>1+W2>1 : 77
  A e2,G,D2,PM|W2>2 : 64
  A e2,fO,G,D2|G1>2 : 63
  A e2,fO|W2>2 : 56
  A e2,fO,L|W2>2 : 51
  A fO,G,D2|T2>2+T2>2 : 47
  A fO,G,D2|S2>1+S2>1 : 44
  A G,D2|T2>2+T2>2 : 42
  A fO,G1|G1>2 : 41
  A e2,fO,L|S2>1 : 38
  A fO,G,D2|S2>1+W1>2 : 36
  A e2,fO,G1|W2>2 : 35
  A e2,fO|S2>1 : 32
  A e2,fO,L,D2|W2>2 : 31
  A e2,fO,L|W2>1 : 31
  A G,O,D2|S2>1 : 29
  A e2,fO,L,D2|S2>1 : 28
  A fO|G1>2 : 25
  A G,D2,PM|T1>1+T2>1 : 24
  A e2,fO|W2>1 : 24
  A fO,G,D2|T2>1+T2>1 : 24
  A G,D2,PM|T1>2+T2>1 : 23
  A G,G1,D2,PM|S2>1 : 20
  A e2,fO,G,D2|W2>1 : 20
  A e2,fO,L,D2|W2>1 : 18
  A fO,G,D2|T1>2+T2>2 : 18
  A G,G1,D2|T1>1+T2>1 : 17
  A G,G1,D2|T1>2+T2>1 : 17
  A G,L,D2,PM|S2>1 : 16
  A e2,fO,G1|W2>1 : 16
  A e1,G,D2|W2>2 : 15
  A G1,O|T1>1+T2>1 : 15
  A G1,O|T1>2+T2>1 : 14
  A L,PM|S2>1 : 13
  A G,O,D2|W2>2 : 13
  A fO,G,G1,D2|S2>1 : 13
  A fO,G1|W1>2 : 13
  A fO,G,L,D2|S2>1 : 12
  A G,G1,D2|S2>1 : 12
  A e2,G,D2|T2>1+T2>2 : 12
  A e2,G,D2|T2>2+T2>2 : 12
  A fO,G,D2|S2>1+W2>1 : 12
  A e1,G,D2|W2>1 : 11
  A G1,O|S2>1 : 11
  A fO,G,G1,D2|T1>1+T1>1 : 11
  A e2,G,D2|T1>1+T2>1 : 11
  A e2,G,D2|T1>2+T2>1 : 11
  A e1,G,D2|S2>1 : 10
  A e1,fO,L|W2>2 : 10
  A fO,G,L,D2|T1>1+T2>1 : 10
  A fO,G,L,D2|T1>1+T1>1 : 10
  A fO,G,L,D2|T1>2+T2>1 : 10
  A fO,G,L,D2|T1>1+T1>2 : 10
  A G,G1,D2|T1>1+T1>2 : 10
  A G,G1,D2|T1>1+T1>1 : 10
  A L,PM|T1>2+T2>1 : 10
  A L,PM|T1>1+T2>1 : 10
  A fO,L|G1>2 : 10
  A fO,G,G1,D2|T1>1+T2>1 : 10
  A fO,G,G1,D2|T1>1+T1>2 : 10
  A fO|W1>2 : 10
  A e2,G,D2,PM|T2>2+T2>2 : 10
  A e2,G,D2,PM|T2>1+T2>2 : 10
  A e2,G,D2,PM|T1>2+T2>1 : 10
  A e2,G,D2,PM|T1>1+T2>1 : 10
  A fO,L,O,D2|G1>2 : 9
  A G,D2|G1>2+S2>1 : 9
  A e2,G,D2|W2>1 : 9
  A e1,fO,L|W2>1 : 8
  A G1|S2>1 : 8
  A G,G1,D2|W2>2 : 8
  A fO,L|T1>1+T1>2 : 8
  A fO,L|T1>1+T1>1 : 8
  A G,L,D2,PM|W2>2 : 8
  A G,O,D2|T1>2+T2>1 : 8
  A G,D2,PM|T2>1+T2>2 : 8
  A G,D2,PM|T2>2+T2>2 : 8
  A G,G1,D2,PM|W2>2 : 7
  A fO,L|T1>1+T2>1 : 7
  A fO,L|T1>2+T2>1 : 7
  A fO,G,O,D2|S2>1 : 7
  A G,D2|W2>2+W2>2 : 7
  A e2,fO,G,D2|T1>2+T2>2 : 7
  A e2,fO,G,D2|T1>2+T2>1 : 7
  A e1,fO,L|S2>1 : 6
  A G,L,D2,PM|T1>1+T2>1 : 6
  A G,L,D2,PM|T1>2+T2>1 : 6
  A G1,L,PM|S2>1 : 6
  A e2,G,D2|T2>1+T2>1 : 6
  A G,O,D2|T1>1+T2>1 : 6
  A G,D2,PM|T2>1+T2>1 : 6
  A e2,fO,G,D2|T1>1+T2>1 : 6
  A fO,G,O,D2|T1>2+T2>1 : 5
  A fO,G,O,D2|T1>1+T2>1 : 5
  A G1,PM|T1>2+T2>1 : 5
  A G1,PM|T1>1+T2>1 : 5
  A G,L,D2|W2>2 : 5
  A G,D2|W2>1+W2>2 : 5
  A e2,fO,G1|G1>2 : 5
  A e2,fO,G1|S2>1 : 5
  A G,D2|G1>2 : 5
  A e2,fO,G,D2|W1>2 : 5
  A e3,fO,L,D2|W2>2 : 4
  A L|S2>1 : 4
  A fO,G,O,D2|T1>1+T1>1 : 4
  A G,O,D2|W2>1 : 4
  A fO,G,G1,D2|T1>2+T2>1 : 4
  A fO,G,L,D2|W2>2 : 4
  A fO,G,D2|W2>2+W2>2 : 4
  A fO,G,D2|W2>1+W2>2 : 4
  A e2,G,D2,PM|T2>1+T2>1 : 4
  A e2,fO,G,D2|T1>1+T1>2 : 4
  A e2,fO,G,D2|T1>1+T1>1 : 4
  A e3,fO,L,D2|S2>1 : 3
  A e3,fO,L|W2>2 : 3
  A e3,fO,L|W2>1 : 3
  A G1,O|W2>2 : 3
  A G1,PM|S2>1 : 3
  A G,L,D2|T1>1+T2>1 : 3
  A G,L,D2|T1>2+T2>1 : 3
  A G,L,D2|S2>1 : 3
  A G,D2,PM|T1>1+T1>1 : 3
  A G,D2,PM|T1>1+T1>2 : 3
  A G,G1,D2|W2>1 : 3
  A fO,G1,L|S2>1 : 3
  A fO,G1,O|T1>1+T2>1 : 3
  A G1,L|S2>1 : 3
  A fO,G1|T1>1+T2>1 : 3
  A fO,G1|T2>1+T2>2 : 3
  A fO,G1|T2>2+T2>2 : 3
  A fO,G1|T1>2+T2>1 : 3
  A fO,G1|T2>1+T2>1 : 3
  A G,D2|S2>1+W1>2 : 3
  A G,G1,D2|G1>2 : 3
  A e2,fO|G1>2 : 3
  A e2,fO,G,D2|T2>2+T2>2 : 3
  A e2,fO,G,D2|T2>1+T2>2 : 3
  A e3,fO,L,D2|W2>1 : 2
  A G,L,D2|T1>1+T1>2 : 2
  A G,L,D2|W2>1 : 2
  A fO,G1,O|T1>2+T2>1 : 2
  A fO,G1,O|T1>1+T1>1 : 2
  A fO,G,G1,D2|W2>2 : 2
  A G,D2|W2>1+W2>1 : 2
  A fO,G,D2|W1>2+W2>1 : 2
  A fO,G,D2|W1>2+W2>2 : 2
  A e2,G1|S2>1 : 2
  A G,O,D2|T1>1+T1>1 : 2
  A e2,fO,G,D2|T2>1+T2>1 : 2
  A e1,fO,G,D2|W1>2 : 1
  A e1,fO,G,D2|W2>1 : 1
  A e1,fO,G,D2|W2>2 : 1
  A e3,fO,L|S2>1 : 1
  A e3,L,O,D2|S2>1 : 1
  A G,L,D2,PM|T1>1+T1>2 : 1
  A G,L,D2,PM|T1>1+T1>1 : 1
  A fO,G,O,D2|T1>2+T2>2 : 1
  A fO,G,O,D2|W1>2 : 1
  A G1,O|T2>1+T2>2 : 1
  A G1,O|T2>2+T2>2 : 1
  A fO,G1,O|S2>1 : 1
  A fO,G1,O|W2>2 : 1
  A G1|W2>2 : 1
  A G1|W2>1 : 1
  A G,L,D2|T1>1+T1>1 : 1
  A L|T1>1+T2>1 : 1
  A L|T1>2+T2>1 : 1
  A fO,G,O,D2|W2>2 : 1
  A G1,O|W2>1 : 1
  A fO,L|W1>2 : 1
  A e2,G1|T2>1+T2>2 : 1
  A e2,G,D2|T1>1+T1>1 : 1
  A e2,G1|T2>2+T2>2 : 1
  A e2,G1|T1>1+T2>1 : 1
  A e2,G,D2|T1>1+T1>2 : 1
  A e2,G1|T1>2+T2>1 : 1
  A e2,G1|T2>1+T2>1 : 1
  A fO,G,G1,D2|W2>1 : 1
  A G,L,D2|G1>2 : 1
  A fO,G,O,D2|T1>1+T1>2 : 1
  A fO,G1,O|T1>1+T1>2 : 1
  A e2,fO,G1|W1>2 : 1
  A fO|T2>2+T2>2 : 1
  A e2,fO,L|T2>2+T2>2 : 1
  A e2,fO,L|T2>1+T2>2 : 1
  A fO|T2>1+T2>2 : 1
