# command: python3 k4/dl2_run.py catalog k4/suite/.cache/gapbench/results/k4_gap/hunt_n4_3_s400k.json.gz --jobs=2 --rec=500 --rec2=5 --dump=results/k4_dl2/repairs_n4cat.jsonl.gz --tables=results/k4_dl2/tables_n4cat_hunt_n4_3_s400k.json
# dl2.c sha256 0e4e2410b1219cbd3353b1607b8dd93f5394e1491a47f19ed6e2281cad1b78d6
catalog k4/suite/.cache/gapbench/results/k4_gap/hunt_n4_3_s400k.json.gz: profiles 41024, omega >= 1: 41024; k* = 0: 38966, 1: 2054, 2: 4, 3: 0, >= 4: 0, inf: 0 (k* = n: 0; k* >= 3 isolated / trapped: 0 / 0); P with def > 0: 3552, at distance 1: 3537, 2: 15, 3: 0, >= 4: 0, inf: 0 (distance >= 3, isolated / trapped: 0 / 0; Pareto-maximal: 21, at distance >= 3: 0); largest least deficit 0 [6 s]
# dumped: every profile with k* >= 3, every 500-th with k* = 1 (0: none), every 5-th with k* = 2
repair table (canonical witness per P with def > 0): signature | type | roles : count
  T G,D2|S2>1|f>fo : 1967
  T fO,L,D2|S2>1|f>fo : 426
  T fO,L,D2|S2>1|f>fox : 296
  T fO,G,D2|S2>1|f>fo : 244
  T fO,L|S2>1|f>fo : 152
  T G,D2|S2>1|f>f : 140
  T G,D2|W2>2|f>f : 119
  T fO,G,D2|W2>2|f>fo : 57
  T G,D2|W2>2|f>fo : 45
  T fO,G,D2|W2>2|f>f : 18
  T G,D2,PM|S2>1|f>fo : 17
  T fO,G,D2|W1>2|f>fx : 14
  T fO,G,D2|S2>1|f>f : 12
  T fO,G,D2|W1>2|f>fox : 11
  T fO,G,D2|T1>1+T1>1|F>f+f>Fox : 7
  T e1,G,D2|S2>1|f>fo : 6
  T fO,L,D2|W2>2|f>fo : 4
  T G,D2|T1>1+T2>1|F>f+f>Fo : 4
  T e1,G,D2|W2>2|f>fo : 3
  T G,L,D2,PM|S2>1|f>fo : 3
  T fO,L,D2|W2>2|f>fox : 2
  T G,D2|S2>1+S2>1|f>fo+f>fo : 2
  T G,D2,PM|T1>1+T2>1|F>f+f>Fo : 1
  T G,D2|S2>1+S2>1|f>f+f>fo : 1
  T G,G1,D2|W2>2|f>fo : 1
available repair types (counted once per P): signature | type : count
  A G,D2|S2>1 : 2107
  A G,D2|W2>2 : 2046
  A G,D2|W2>1 : 1329
  A fO,L,D2|W2>2 : 728
  A fO,L,D2|S2>1 : 722
  A fO,L,D2|W2>1 : 333
  A fO,G,D2|W2>2 : 259
  A fO,G,D2|S2>1 : 256
  A fO,L|W2>1 : 152
  A fO,L|W2>2 : 152
  A fO,L|S2>1 : 152
  A fO,G,D2|W1>2 : 75
  A fO,G,D2|W2>1 : 73
  A G,D2,PM|S2>1 : 17
  A G,D2,PM|W2>2 : 11
  A e1,G,D2|W2>2 : 9
  A e1,G,D2|W2>1 : 8
  A G,D2|T1>1+T2>1 : 7
  A fO,G,D2|T1>1+T1>1 : 7
  A e1,G,D2|S2>1 : 6
  A fO,G,D2|T1>1+T2>1 : 6
  A G,L,D2,PM|S2>1 : 3
  A G,D2|S2>1+W2>2 : 3
  A G,D2|S2>1+S2>1 : 3
  A G,D2|T1>2+T2>1 : 3
  A G,D2,PM|T1>1+T2>1 : 1
  A G,G1,D2|W2>1 : 1
  A G,G1,D2|W2>2 : 1
  A G,L,D2,PM|W2>2 : 1
