# command: python3 k4/dl2_run.py catalog k4/suite/.cache/gapbench/results/k4_gap/gap_n4_pure_s4000.json.gz --jobs=2 --rec=500 --rec2=5 --dump=results/k4_dl2/repairs_n4cat.jsonl.gz --tables=results/k4_dl2/tables_n4cat_gap_n4_pure_s4000.json
# dl2.c sha256 0e4e2410b1219cbd3353b1607b8dd93f5394e1491a47f19ed6e2281cad1b78d6
catalog k4/suite/.cache/gapbench/results/k4_gap/gap_n4_pure_s4000.json.gz: profiles 45101, omega >= 1: 45101; k* = 0: 39045, 1: 5897, 2: 157, 3: 2, >= 4: 0, inf: 0 (k* = n: 0; k* >= 3 isolated / trapped: 2 / 0); P with def > 0: 25018, at distance 1: 23876, 2: 1140, 3: 2, >= 4: 0, inf: 0 (distance >= 3, isolated / trapped: 2 / 0; Pareto-maximal: 984, at distance >= 3: 0); largest least deficit 0 [11 s]
# dumped: every profile with k* >= 3, every 500-th with k* = 1 (0: none), every 5-th with k* = 2
repair table (canonical witness per P with def > 0): signature | type | roles : count
  T G,D2|S2>1|f>fo : 8121
  T fO,G,D2|S2>1|f>fo : 4570
  T fO,L|S2>1|f>fo : 2619
  T fO,G,D2|S2>1|f>fox : 772
  T G,D2|S2>1|f>f : 766
  T G,D2,PM|S2>1|f>fo : 735
  T fO,L|S2>1|f>fox : 717
  T fO|S2>1|f>fo : 610
  T fO,G,D2|W2>2|f>fox : 456
  T G,D2|W2>2|f>fo : 402
  T fO,G,D2|W2>2|f>fo : 345
  T fO,L|W2>2|f>fox : 285
  T fO|S2>1|f>fox : 218
  T fO,G1|S2>1|f>fo : 205
  T fO,G,D2|S2>1|f>f : 174
  T fO,L,D2|S2>1|f>fo : 160
  T e2,G,D2|S2>1|f>fo : 145
  T fO,G,D2|G1>2|f>fox : 143
  T fO,G,D2|T1>1+T1>1|F>fx+f>Fox : 140
  T G,D2|T1>1+T2>1|F>fx+f>Fo : 123
  T fO,L|S2>1|f>f : 118
  T fO,G1|S2>1|f>fox : 118
  T G,D2|T1>1+T2>1|F>fx+f>F : 114
  T fO,L,O,D2|S2>1|f>fo : 110
  T e2,fO,G,D2|S2>1|f>fo : 108
  T fO,G,D2|W2>2|f>fx : 106
  T e2,G,D2,PM|S2>1|f>fo : 98
  T fO|W2>2|f>fox : 87
  T fO|S2>1|f>fx : 82
  T G,D2|W2>2|f>f : 81
  T fO,G,D2|T1>1+T1>1|F>fx+f>Fx : 80
  T fO,L|G1>2|f>fox : 76
  T G,D2|T1>1+T1>1|F>fx+f>F : 67
  T e2,fO,L|S2>1|f>fo : 61
  T e2,fO,G,D2|W2>2|f>fox : 58
  T G,D2|T2>1+T2>2|f>f+f>fo : 57
  T fO|W2>2|f>fx : 55
  T G,D2|T2>1+T2>2|f>fo+f>fo : 50
  T fO,L,D2|S2>1|f>fox : 49
  T fO,G,D2|S2>1|f>fx : 49
  T fO,G,D2|T1>1+T1>2|F>fx+f>Fox : 47
  T G,D2,PM|S2>1|f>f : 44
  T G,D2|S2>1+W2>2|f>fo+f>fo : 39
  T fO,L|W2>2|f>fo : 38
  T e1,G,D2|S2>1|f>fo : 37
  T G1|S2>1|f>f : 37
  T e2,fO,G1|S2>1|f>fo : 37
  T G,L,D2|S2>1|f>fo : 35
  T fO|S2>1|f>f : 35
  T fO,G,D2|G1>2|f>fx : 35
  T fO,L,O,D2|S2>1|f>fox : 33
  T fO,G,D2|T1>1+T2>1|F>fx+f>Fo : 32
  T G,D2|S2>1+S2>1|f>fo+f>fo : 32
  T fO,G1|G1>2|f>fox : 31
  T fO|G1>2|f>fox : 31
  T e2,fO|S2>1|f>fo : 31
  T e2,fO,L|W2>2|f>fox : 30
  T e1,fO,L|S2>1|f>fo : 29
  T fO,G,D2|W2>2|f>f : 29
  T e2,fO,L|S2>1|f>fox : 27
  T fO,G1|W2>2|f>fox : 26
  T e2,fO,G,D2|S2>1|f>fox : 26
  T G,D2|T1>2+T2>1|F>fx+f>Fo : 24
  T fO|W2>2|f>fo : 24
  T G1,L,PM|S2>1|f>fo : 23
  T G,D2|S2>1+S2>1|f>f+f>fo : 21
  T fO,G,D2|T2>1+T2>2|f>fo+f>fo : 20
  T G1,PM|S2>1|f>f : 19
  T G1,L|S2>1|f>fo : 18
  T fO,L,O,D2|W2>2|f>fox : 18
  T fO,G1|W2>2|f>fx : 17
  T G,D2|S2>1+W2>2|f>f+f>fo : 17
  T G,G1,D2|S2>1|f>fo : 16
  T e2,fO,G1|W2>2|f>fox : 16
  T fO,G,D2|W1>2|f>fox : 16
  T fO,G1|W2>2|f>fo : 15
  T e2,G,D2|W2>2|f>fo : 14
  T fO,G1|S2>1|f>fx : 14
  T e1,fO,L|S2>1|f>fox : 12
  T e2,fO|S2>1|f>fox : 12
  T e2,fO,G1|S2>1|f>fox : 12
  T e1,fO,L|W2>2|f>fox : 11
  T G,D2|T2>1+T2>2|f>f+f>f : 11
  T G,L,D2,PM|S2>1|f>fo : 11
  T G,D2|T1>1+T1>1|F>fx+f>Fo : 11
  T e2,fO|W2>2|f>fox : 11
  T fO,G,D2|T1>1+T1>1|F>fx+f>Fo : 11
  T fO,G,D2|T2>2+T2>2|f>fo+f>fo : 11
  T fO,G,D2|T1>1+T1>2|F>fx+f>Fx : 11
  T e2,fO,G,D2|W2>2|f>fo : 11
  T G,D2,PM|W2>2|f>fo : 11
  T G,O,D2|S2>1|f>fo : 10
  T e2,G,D2|W2>2|f>fox : 10
  T fO,G,D2|T1>1+T2>1|F>fx+f>F : 10
  T fO|G1>2|f>fx : 10
  T G,D2|T1>1+T1>2|F>fx+f>Fo : 9
  T G,D2|T2>2+T2>2|f>f+f>fo : 9
  T fO,G,D2|T1>1+T1>1|F>fx+f>F : 9
  T e1,e2,L|S2>1|f>fo : 8
  T e3,fO,L|S2>1|f>fox : 8
  T G1|S2>1|f>fo : 8
  T fO,G,D2|T2>1+T2>2|f>f+f>fo : 8
  T fO,G1|G1>2|f>fo : 8
  T fO,G,D2|T1>2+T2>1|F>fx+f>Fo : 8
  T e2,fO,G,D2|G1>2|f>fox : 8
  T fO,G,D2|S2>1+W2>2|f>fo+f>fo : 8
  T fO,G,G1,D2|S2>1|f>fo : 7
  T e2,L,O,D2|S2>1|f>fo : 7
  T e3,fO,L|S2>1|f>fo : 7
  T G1,PM|S2>1|f>fo : 7
  T fO,L|W2>2|f>fx : 7
  T fO,G,D2|W1>2|f>fx : 7
  T e2,fO,G,D2|T1>1+T1>1|F>fx+f>Fox : 7
  T L,O|S2>1|f>fo : 6
  T fO,L,D2|W2>2|f>fox : 6
  T G1|T2>2+T2>2|f>f+f>f : 6
  T e1,fO,G,D2|S2>1|f>fo : 5
  T e3,L,O,D2|S2>1|f>fo : 5
  T e2,G1|S2>1|f>fo : 5
  T e2,G,D2|T1>1+T2>1|F>fx+f>Fo : 5
  T fO,G,D2|G1>2+S2>1|f>fo+f>fx : 5
  T G,D2|S2>1+W2>2|f>f+f>f : 5
  T fO,G,D2|S2>1+S2>1|f>fo+f>fo : 5
  T fO,G,D2|T1>2+T2>1|f>f+f>fx : 5
  T e1,G,D2|T1>1+T1>1|F>fx+f>Fox : 4
  T fO,L,O,D2|W2>2|f>fo : 4
  T e1,fO,G,D2|S2>1|f>fox : 4
  T e1,fO,G,D2|W2>2|f>fox : 4
  T L,PM|S2>1|f>f : 4
  T G,D2|G1>2+S2>1|f>f+f>fo : 4
  T fO,L|S2>1|f>fx : 4
  T G1|T1>1+T1>1|F>fx+f>Fo : 4
  T L,O,D2|S2>1|f>f : 4
  T e2,L|S2>1|f>fo : 4
  T e2,L,PM|S2>1|f>f : 4
  T fO,L,D2|S2>1|f>f : 4
  T G1,O|T2>2+T2>2|f>fo+f>fo : 4
  T e2,G,D2,PM|W2>2|f>fo : 4
  T e2,fO,L|G1>2|f>fox : 4
  T fO,G,D2|T1>2+T2>1|f>f+f>fox : 4
  T fO,G,D2|T1>2+T2>1|f>fo+f>fx : 4
  T e2,G,D2,PM|W2>2|f>fox : 4
  T G,D2,PM|W2>2|f>f : 4
  T O|W2>2|f>f : 3
  T e1,e3,O|S2>1|f>fo : 3
  T e1,fO,O|W2>2|f>fox : 3
  T fO,L|W2>2|f>f : 3
  T e2,fO|G1>2|f>fox : 3
  T e2|S2>1|f>f : 3
  T e2,G1|T2>2+T2>2|f>fo+f>fx : 3
  T e2,fO,G1|W2>2|f>fx : 3
  T e2,L,PM|S2>1|f>fo : 3
  T e2,G,D2,PM|S2>1|f>f : 3
  T e2,fO,G1|G1>2|f>fox : 3
  T e2,fO|S2>1|f>f : 3
  T e2,G,D2|T2>2+T2>2|f>fo+f>fox : 3
  T fO,G,O,D2|T1>1+T1>1|F>fx+f>Fox : 3
  T G,D2|G1>2+W2>2|f>f+f>fo : 3
  T e2,G,D2|W2>2|f>fx : 3
  T fO,G,D2|S2>1+S2>1|f>f+f>fo : 3
  T G1,O|S2>1+W2>2|f>fo+f>fo : 2
  T fO,G1,O|W2>2|f>fo : 2
  T G1,O|S2>1|f>fo : 2
  T G,D2|T1>1+T1>1|F>F+F>Fx : 2
  T e1,fO,O|S2>1|f>fox : 2
  T e2,fO,L,D2|S2>1|f>fo : 2
  T fO,G,L,D2|S2>1|f>fo : 2
  T fO,G,D2|G1>2|f>fo : 2
  T G,D2|T1>2+T2>1|f>fo+f>fo : 2
  T G,G1,D2,PM|S2>1|f>fo : 2
  T fO,G,D2|G1>2+S2>1|f>fo+f>fox : 2
  T G1,L|T1>1+T1>1|F>fx+f>Fo : 2
  T G,G1,D2|W2>2|f>fo : 2
  T e2,G1|W2>2|f>fx : 2
  T e2,G,D2|S2>1|f>f : 2
  T fO,L|T2>2+T2>2|f>f+f>fox : 2
  T G,D2|T1>2+T2>1|F>fx+f>F : 2
  T G,D2|T1>1+T1>2|F>fx+f>F : 2
  T e2,L|S2>1|f>f : 2
  T fO,G,D2|T2>1+T2>2|f>fo+f>fx : 2
  T fO,G,D2|G1>2+S2>1|f>f+f>fx : 2
  T e2,G,D2|T2>1+T2>2|f>fo+f>fox : 2
  T fO,G1,O|T1>1+T1>1|F>fx+f>Fox : 2
  T G1,O|T1>1+T2>1|F>fx+f>Fo : 2
  T G,G1,D2|T1>1+T1>1|F>fx+f>Fo : 2
  T G,D2|G1>2|f>fo : 2
  T G,L,D2|T1>1+T1>1|F>fx+f>Fo : 2
  T fO,G,D2|T1>2+T2>2|f>f+f>fox : 2
  T e2,G,D2,PM|T1>1+T2>1|F>fx+f>Fo : 2
  T fO,G,D2|T1>2+T2>1|f>fo+f>fox : 2
  T fO,G,D2|T1>2+T2>2|f>fo+f>fox : 2
  T G,G1,D2|G1>2|f>fo : 2
  T fO,G,D2|S2>1+W2>2|f>f+f>fo : 2
  T e2,fO,G,D2|W2>2|f>fx : 2
  T O|S2>1|f>fo : 1
  T L,O|S2>1+S2>1|f>fo+f>fo : 1
  T e1,e3,O|T1>1+T1>1|F>fx+f>Fox : 1
  T fO,G1,O|W1>2|f>fox : 1
  T fO,G1,O|S2>1+W1>2|f>fo+f>fox : 1
  T e1,e3,O|S2>1|f>fox : 1
  T e1,e3,G,D2|T1>1+T1>1|F>fx+f>Fox : 1
  T fO,G,O,D2|S2>1|f>fo : 1
  T e3,L,O,D2|S2>1|f>fox : 1
  T e3,L,O,D2|W2>2|f>fo : 1
  T fO,G1,L|S2>1|f>fo : 1
  T G1|S2>1+S2>1|f>f+f>fo : 1
  T fO,G,D2|T1>1+T1>1|F>F+F>Fx : 1
  T e1,e2,O,D2|W2>2|f>fox : 1
  T e3,fO,L,D2|S2>1|f>fo : 1
  T e3,fO,L|W2>2|f>fo : 1
  T e1,e2,L|T1>1+T1>1+T2>2|F>fx+f>Fox+f>fox : 1
  T e1,fO,G,D2|W2>2|f>fo : 1
  T e1,G,D2|W2>2|f>fo : 1
  T e1,e3,G,D2|S2>1|f>fo : 1
  T e3,fO,L|W2>2|f>fox : 1
  T e1,e3,fO|W2>2|f>fox : 1
  T L|T2>2+T2>2+T2>2|f>f+f>f+f>fo : 1
  T L,PM|T2>1+T2>2|f>f+f>f : 1
  T fO,O|S2>1|f>fo : 1
  T fO,G,D2|S2>1+W2>2|f>fo+f>fx : 1
  T L|S2>1|f>f : 1
  T G1|T1>1+T2>1|F>fx+f>Fo : 1
  T G1,PM|T1>1+T2>1|F>fx+f>Fo : 1
  T fO,G1,L|T1>1+T1>1|F>fx+f>Fo : 1
  T fO,G1|T1>1+T2>1|F>fx+f>Fo : 1
  T L,O,D2|T2>1+T2>2|f>f+f>fo : 1
  T L,O,D2|S2>1|f>fo : 1
  T e2,fO,L|W2>2|f>fo : 1
  T fO,G,G1,D2|W1>2|f>fox : 1
  T fO,G,G1,D2|T1>2+T2>1|f>fo+f>fox : 1
  T G1,O|T2>1+T2>2|f>fo+f>fo : 1
  T G,O,D2|W2>2|f>fo : 1
  T G1,O|W2>2|f>fo : 1
  T fO,L,O,D2|T2>1+T2>2|f>fo+f>fox : 1
  T fO,G,D2|T2>1+T2>2|f>fo+f>fox : 1
  T fO,O|S2>1|f>fx : 1
  T e2,G1|S2>1+W2>2|f>fo+f>fx : 1
  T G1|W2>2|f>f : 1
  T e2,G,D2|W2>2|f>f : 1
  T e2,fO,L|S2>1|f>fx : 1
  T fO,G,D2|G1>2+S2>1|f>f+f>fox : 1
  T fO,G,L,D2|T1>2+T2>1|f>fo+f>fox : 1
  T fO,G1,O|T1>2+T2>2|f>fo+f>fox : 1
  T L,PM|T2>1+T2>2|f>fo+f>fo : 1
  T G,L,D2|W2>2|f>fo : 1
  T e2,G,D2|S2>1+W2>2|f>fo+f>fo : 1
  T e2,G,D2|T2>1+T2>2|f>fo+f>fo : 1
  T e2,G,D2|S2>1+S2>1|f>fo+f>fo : 1
  T fO,G,G1,D2|T1>1+T1>1|F>fx+f>Fox : 1
  T G,D2|T1>1+T2>1|F>f+f>F : 1
  T fO,G,D2|G1>2+W2>2|f>f+f>fo : 1
  T e2,G1|W2>2|f>fox : 1
  T fO,G1|T2>1+T2>2|f>fo+f>fx : 1
  T fO,G1|T2>2+T2>2|f>fo+f>fx : 1
  T G1,L|T1>1+T2>1|F>fx+f>Fo : 1
  T G1,L,PM|T1>1+T2>1|F>fx+f>Fo : 1
  T fO,G,L,D2|T1>1+T1>1|F>fx+f>Fo : 1
  T fO,G1,L|T1>1+T2>1|F>fx+f>Fo : 1
  T e2,G,D2|T1>1+T1>1|F>fx+f>Fo : 1
  T G,D2|G1>2+S2>1|f>f+f>f : 1
  T e2,fO,G,D2|T1>1+T1>2|F>fx+f>Fox : 1
  T G,D2|S2>1+S2>1|f>f+f>f : 1
  T G,D2|G1>2|f>f : 1
  T fO,G,G1,D2|G1>2|f>fo : 1
  T G,D2,PM|T1>1+T2>1|F>fx+f>Fo : 1
  T G,D2,PM|T2>1+T2>2|f>fo+f>fo : 1
  T e2,fO,L|S2>1+S2>1|f>fo+f>fox : 1
  T fO,L|S2>1+W2>2|f>fo+f>fox : 1
  T e2,fO,L|S2>1+W2>2|f>fo+f>fox : 1
  T fO,L|S2>1+S2>1|f>fo+f>fox : 1
available repair types (counted once per P): signature | type : count
  A G,D2|S2>1 : 8887
  A G,D2|W2>2 : 6495
  A fO,G,D2|W2>2 : 5863
  A fO,G,D2|S2>1 : 5565
  A fO,L|W2>2 : 3759
  A fO,L|S2>1 : 3468
  A fO,G,D2|W2>1 : 2742
  A G,D2|W2>1 : 2444
  A fO,L|W2>1 : 2070
  A fO|W2>2 : 1143
  A fO|S2>1 : 945
  A G,D2,PM|S2>1 : 779
  A G,D2,PM|W2>2 : 770
  A fO|W2>1 : 726
  A fO,G,D2|G1>2 : 671
  A G,D2|T1>2+T2>1 : 595
  A G,D2|T1>1+T2>1 : 525
  A fO,G,D2|W1>2 : 522
  A fO,G1|W2>2 : 420
  A fO,G,D2|T1>2+T2>1 : 389
  A fO,L|G1>2 : 348
  A fO,G,D2|T1>1+T1>2 : 341
  A fO,G1|S2>1 : 337
  A fO,G,D2|T1>1+T2>1 : 305
  A fO,G,D2|T1>1+T1>1 : 262
  A fO,G1|W2>1 : 245
  A fO,L,D2|W2>2 : 218
  A fO,L,D2|S2>1 : 213
  A G,D2|T2>1+T2>2 : 199
  A e2,fO,G,D2|W2>2 : 188
  A fO,L,O,D2|W2>2 : 155
  A fO,L|W1>2 : 155
  A e2,G,D2|W2>2 : 152
  A fO,L,D2|W2>1 : 149
  A e2,G,D2|S2>1 : 147
  A fO,L,O,D2|S2>1 : 143
  A fO|G1>2 : 140
  A e2,fO,G,D2|S2>1 : 134
  A G,D2|T2>1+T2>1 : 131
  A e2,fO,L|W2>2 : 117
  A G,D2|T1>1+T1>2 : 114
  A fO,G1|G1>2 : 111
  A G,D2|S2>1+W2>2 : 110
  A e2,G,D2,PM|S2>1 : 101
  A G,D2|T1>1+T1>1 : 94
  A fO|W1>2 : 91
  A e2,fO,L|S2>1 : 89
  A e2,G,D2,PM|W2>2 : 79
  A e2,fO,G1|W2>2 : 67
  A fO,L,O,D2|W2>1 : 66
  A e2,fO,G,D2|W2>1 : 59
  A e2,fO|W2>2 : 56
  A e2,fO,L|W2>1 : 56
  A fO,G,D2|T2>1+T2>2 : 54
  A G,D2|S2>1+S2>1 : 54
  A e1,fO,L|W2>2 : 52
  A G,D2|S2>1+W2>1 : 51
  A e2,fO,G1|S2>1 : 49
  A fO,G1|W1>2 : 48
  A e2,fO|S2>1 : 46
  A G1|S2>1 : 45
  A e1,fO,L|S2>1 : 41
  A e1,G,D2|S2>1 : 37
  A G,L,D2|S2>1 : 35
  A fO,G,D2|T2>2+T2>2 : 33
  A e2,fO|W2>1 : 31
  A e2,G,D2|W2>1 : 31
  A G,D2|T2>2+T2>2 : 29
  A e1,fO,L|W2>1 : 27
  A G1,PM|S2>1 : 26
  A fO,G,D2|T2>1+T2>1 : 26
  A e2,fO,G1|W2>1 : 24
  A G,L,D2|W2>2 : 23
  A G1,L,PM|S2>1 : 23
  A e2,fO,G,D2|G1>2 : 20
  A e1,G,D2|W2>2 : 19
  A G1,L|S2>1 : 18
  A G1|W2>2 : 17
  A e3,fO,L|W2>2 : 17
  A fO,G,D2|S2>1+W2>2 : 17
  A G,G1,D2|S2>1 : 16
  A fO,G,D2|T1>2+T2>2 : 16
  A e3,fO,L|S2>1 : 15
  A fO,L,O,D2|G1>2 : 15
  A e2,G,D2|T1>2+T2>1 : 14
  A fO,G,D2|G1>2+S2>1 : 13
  A e2,G,D2|T2>1+T2>2 : 12
  A e2,G,D2|T2>2+T2>2 : 12
  A G,L,D2,PM|S2>1 : 11
  A G,O,D2|S2>1 : 10
  A G,G1,D2|W2>2 : 10
  A e1,fO,G,D2|W2>2 : 10
  A e3,fO,L|W2>1 : 10
  A G1|T2>1+T2>2 : 10
  A G1|T2>1+T2>1 : 10
  A G1|T2>2+T2>2 : 10
  A e2,G,D2|T2>1+T2>1 : 10
  A e2,G,D2|T1>1+T2>1 : 10
  A e2,fO,G,D2|W1>2 : 10
  A G1,O|T1>1+T2>1 : 9
  A e1,fO,G,D2|S2>1 : 9
  A fO,G,D2|S2>1+W2>1 : 9
  A G1|T1>2+T2>1 : 8
  A G1|T1>1+T2>1 : 8
  A e1,e2,L|S2>1 : 8
  A e2,fO,L|G1>2 : 8
  A fO,G,D2|S2>1+S2>1 : 8
  A G1,O|T1>2+T2>1 : 7
  A G1,O|T2>2+T2>2 : 7
  A fO,G,G1,D2|S2>1 : 7
  A e2,L,O,D2|S2>1 : 7
  A e1,e2,L|W2>2 : 7
  A G,D2|G1>2+S2>1 : 7
  A G,D2|G1>2 : 7
  A e2,fO,G1|G1>2 : 7
  A e2,L,PM|S2>1 : 7
  A e2,fO,G,D2|T1>1+T1>1 : 7
  A e2,fO,G,D2|T1>2+T2>1 : 7
  A L,O|S2>1 : 6
  A e3,L,O,D2|S2>1 : 6
  A e1,fO,G,D2|W2>1 : 6
  A e2,L|S2>1 : 6
  A e2,fO,G,D2|T1>1+T1>2 : 6
  A e2,G,D2|T1>1+T1>2 : 6
  A e3,L,O,D2|W2>2 : 5
  A e1,fO,O|W2>2 : 5
  A e2,fO|G1>2 : 5
  A L,O,D2|S2>1 : 5
  A e2,G1|W2>2 : 5
  A e2,G1|S2>1 : 5
  A e2,fO,G,D2|T1>1+T2>1 : 5
  A e1,G,D2|T1>2+T2>1 : 4
  A e1,G,D2|T1>1+T2>1 : 4
  A e1,G,D2|T1>1+T1>1 : 4
  A e1,G,D2|T1>1+T1>2 : 4
  A e1,e3,O|S2>1 : 4
  A fO,G1,O|T1>1+T2>1 : 4
  A G,O,D2|W2>2 : 4
  A L,PM|S2>1 : 4
  A G,G1,D2|W2>1 : 4
  A G1|T1>1+T1>1 : 4
  A G1|T1>1+T1>2 : 4
  A e2,G1|T2>1+T2>2 : 4
  A e2,G1|T2>2+T2>2 : 4
  A e2,G1|T1>1+T2>1 : 4
  A e2,G1|T1>2+T2>1 : 4
  A e2,G1|T2>1+T2>1 : 4
  A fO,L|T1>1+T2>1 : 4
  A fO,L|T2>1+T2>2 : 4
  A fO,L|T2>2+T2>2 : 4
  A e2,fO,G,D2|T1>2+T2>2 : 4
  A G,G1,D2|G1>2 : 4
  A O|W2>2 : 3
  A O|W2>1 : 3
  A fO,G1,O|T1>2+T2>2 : 3
  A fO,G1,O|T1>1+T1>1 : 3
  A G1,L|W2>2 : 3
  A G1,L,PM|W2>2 : 3
  A G,L,D2,PM|W2>2 : 3
  A fO,G1|T1>1+T2>1 : 3
  A fO,G1|T1>2+T2>1 : 3
  A G1,O|T2>1+T2>2 : 3
  A e2|S2>1 : 3
  A fO,G,O,D2|T1>1+T1>1 : 3
  A G,D2|W2>2+W2>2 : 3
  A e2,fO,G,D2|T2>2+T2>2 : 3
  A e2,fO,G,D2|T2>1+T2>2 : 3
  A G,D2|G1>2+W2>1 : 3
  A G,D2|G1>2+W2>2 : 3
  A L,O|W2>2 : 2
  A G1,O|S2>1+W2>2 : 2
  A fO,G1,O|W2>2 : 2
  A e1,G,D2|W2>1 : 2
  A G1,O|S2>1 : 2
  A e2,L,O,D2|W2>2 : 2
  A e3,L,O,D2|W2>1 : 2
  A G1,O|W2>2 : 2
  A fO,G,G1,D2|W1>2 : 2
  A G1,PM|W2>2 : 2
  A e1,fO,O|S2>1 : 2
  A L,PM|T2>1+T2>2 : 2
  A e2,fO,L,D2|W2>2 : 2
  A e2,fO,L,D2|S2>1 : 2
  A fO,G,L,D2|S2>1 : 2
  A fO,L,O,D2|W1>2 : 2
  A G,G1,D2,PM|S2>1 : 2
  A e2,fO|W1>2 : 2
  A fO,O|S2>1 : 2
  A fO,O|W2>2 : 2
  A G1,L|T1>1+T1>1 : 2
  A G1,L|T1>1+T1>2 : 2
  A fO,G,G1,D2|T1>1+T1>1 : 2
  A fO,G,G1,D2|T1>1+T1>2 : 2
  A e2|W2>2 : 2
  A G1|W2>1 : 2
  A fO,G,D2|S2>1+W1>2 : 2
  A fO,G,O,D2|T1>2+T2>2 : 2
  A e2,G,D2|S2>1+W2>2 : 2
  A G,G1,D2|T1>1+T1>2 : 2
  A fO,G1,O|T1>2+T2>1 : 2
  A G,G1,D2|T1>1+T2>1 : 2
  A G,G1,D2|T1>1+T1>1 : 2
  A G,G1,D2|T1>2+T2>1 : 2
  A fO,L,D2|G1>2 : 2
  A G,D2|W2>1+W2>2 : 2
  A fO,G1|T2>1+T2>2 : 2
  A fO,G1|T2>2+T2>2 : 2
  A G,L,D2|T1>1+T1>2 : 2
  A G,L,D2|T1>1+T1>1 : 2
  A e2,G,D2|T1>1+T1>1 : 2
  A e2,G,D2,PM|T2>2+T2>2 : 2
  A e2,G,D2,PM|T1>2+T2>1 : 2
  A e2,G,D2,PM|T1>1+T2>1 : 2
  A G,D2,PM|T1>1+T2>1 : 2
  A G,D2,PM|T1>2+T2>1 : 2
  A e2,fO,L|T1>1+T2>1 : 2
  A fO,L|S2>1+W2>2 : 2
  A e2,fO,L|S2>1+W2>2 : 2
  A e2,fO,L|T2>2+T2>2 : 2
  A e2,fO,L|T2>1+T2>2 : 2
  A O|S2>1 : 1
  A L,O|S2>1+W2>2 : 1
  A L,O|T1>1+T2>1 : 1
  A L,O|T1>1+T1>1 : 1
  A L,O|T1>2+T2>1 : 1
  A L,O|S2>1+S2>1 : 1
  A e1,e3,O|T1>2+T2>1 : 1
  A e1,e3,O|T1>1+T1>1 : 1
  A e1,e3,O|T1>1+T1>2 : 1
  A e1,e3,O|T1>1+T2>1 : 1
  A fO,G1,O|S2>1+W1>2 : 1
  A fO,G1,O|W1>2 : 1
  A fO,G1,O|T1>1+T1>2 : 1
  A e1,e3,G,D2|T1>2+T2>1 : 1
  A e1,e3,G,D2|T1>1+T1>1 : 1
  A e1,e3,G,D2|T1>1+T2>1 : 1
  A e1,e3,G,D2|T1>1+T1>2 : 1
  A fO,G,O,D2|S2>1 : 1
  A e2,L,O,D2|W2>1 : 1
  A G1|S2>1+W2>2 : 1
  A G1|S2>1+S2>1 : 1
  A fO,G1,L|S2>1 : 1
  A e1,e2,O,D2|W2>2 : 1
  A e3,fO,L,D2|W2>2 : 1
  A e3,fO,L,D2|W2>1 : 1
  A e3,fO,L,D2|S2>1 : 1
  A e1,e2,L|T1>2+T2>1+T2>2 : 1
  A e1,e2,L|T1>1+T1>2+T2>1 : 1
  A e1,e2,L|T1>2+T2>1+T2>1 : 1
  A e1,e2,L|T1>1+T1>2+T2>2 : 1
  A e1,e2,L|T1>1+T1>1+T2>1 : 1
  A e1,e2,L|T1>1+T1>1+T2>2 : 1
  A e1,e3,O|W2>2 : 1
  A e1,fO,G,D2|W1>2 : 1
  A e1,fO,O|W1>2 : 1
  A e1,fO,O|W2>1 : 1
  A e1,e3,G,D2|W2>2 : 1
  A e1,e3,G,D2|S2>1 : 1
  A e1,e3,fO|W2>1 : 1
  A e1,e3,fO|W2>2 : 1
  A L|T2>1+T2>1+T2>2 : 1
  A L|T2>1+T2>2+T2>2 : 1
  A L|T2>1+T2>1+T2>1 : 1
  A L|T2>2+T2>2+T2>2 : 1
  A L,PM|T2>1+T2>1 : 1
  A e2,fO,L,D2|W2>1 : 1
  A G,G1,D2,PM|W2>2 : 1
  A G,O,D2|W2>1 : 1
  A L|S2>1 : 1
  A G1,PM|T1>2+T2>1 : 1
  A fO,G1,L|T1>1+T1>2 : 1
  A G1,PM|T1>1+T2>1 : 1
  A fO,G1,L|T1>1+T1>1 : 1
  A L,PM|W2>2 : 1
  A L,O,D2|T2>1+T2>1 : 1
  A L,O,D2|T2>1+T2>2 : 1
  A L,O,D2|T2>2+T2>2 : 1
  A L,O,D2|T1>2+T2>1 : 1
  A L,O,D2|T1>1+T2>1 : 1
  A fO,G,G1,D2|T1>2+T2>2 : 1
  A fO,G,G1,D2|T1>1+T2>1 : 1
  A fO,G,G1,D2|T1>2+T2>1 : 1
  A fO,L,O,D2|T2>1+T2>2 : 1
  A fO,L,O,D2|T1>2+T2>1 : 1
  A fO,L,O,D2|T2>2+T2>2 : 1
  A fO,L,O,D2|T2>1+T2>1 : 1
  A e2,G1|S2>1+W2>2 : 1
  A e2,L|W2>1 : 1
  A e2,L|W2>2 : 1
  A fO,G,D2|T1>2+T1>2 : 1
  A fO,G,L,D2|T1>1+T2>1 : 1
  A L,PM|T1>2+T2>1 : 1
  A fO,G,L,D2|T1>2+T2>1 : 1
  A L,PM|T1>1+T2>1 : 1
  A fO,G,O,D2|T1>2+T1>2 : 1
  A e2,G,D2|S2>1+W2>1 : 1
  A e2,G,D2|S2>1+S2>1 : 1
  A e2,fO,G,D2|T2>1+T2>1 : 1
  A fO,G,D2|G1>2+W2>1 : 1
  A fO,G,D2|G1>2+W2>2 : 1
  A fO,G1|T2>1+T2>1 : 1
  A e2,fO,G1|W1>2 : 1
  A fO,G1,L|T1>1+T2>1 : 1
  A fO,G,L,D2|T1>1+T1>1 : 1
  A fO,G1,L|T1>2+T2>1 : 1
  A fO,G,L,D2|T1>1+T1>2 : 1
  A G1,L|T1>2+T2>1 : 1
  A G1,L,PM|T1>1+T2>1 : 1
  A G1,L|T1>1+T2>1 : 1
  A G1,L,PM|T1>2+T2>1 : 1
  A G,D2|T1>2+T2>2 : 1
  A fO,G,G1,D2|G1>2 : 1
  A G,D2,PM|T2>1+T2>2 : 1
  A G,D2,PM|T2>2+T2>2 : 1
  A G,D2,PM|T2>1+T2>1 : 1
  A fO,L|S2>1+W2>1 : 1
  A fO,L|S2>1+S2>1 : 1
  A e2,fO,L|S2>1+S2>1 : 1
  A e2,fO,L|S2>1+W2>1 : 1
