# command: python3 k4/dl2_run.py catalog k4/suite/.cache/gapbench/results/k4_gap/gap_n4_3_s4000.json.gz --jobs=2 --rec=500 --rec2=5 --dump=results/k4_dl2/repairs_n4cat.jsonl.gz --tables=results/k4_dl2/tables_n4cat_gap_n4_3_s4000.json
# dl2.c sha256 0e4e2410b1219cbd3353b1607b8dd93f5394e1491a47f19ed6e2281cad1b78d6
catalog k4/suite/.cache/gapbench/results/k4_gap/gap_n4_3_s4000.json.gz: profiles 58361, omega >= 1: 58361; k* = 0: 55020, 1: 3309, 2: 32, 3: 0, >= 4: 0, inf: 0 (k* = n: 0; k* >= 3 isolated / trapped: 0 / 0); P with def > 0: 6740, at distance 1: 6616, 2: 124, 3: 0, >= 4: 0, inf: 0 (distance >= 3, isolated / trapped: 0 / 0; Pareto-maximal: 342, at distance >= 3: 0); largest least deficit 0 [10 s]
# dumped: every profile with k* >= 3, every 500-th with k* = 1 (0: none), every 5-th with k* = 2
repair table (canonical witness per P with def > 0): signature | type | roles : count
  T G,D2|S2>1|f>fo : 2548
  T fO,L|S2>1|f>fo : 1363
  T fO,G,D2|S2>1|f>fo : 795
  T fO,L|S2>1|f>fox : 379
  T G,D2,PM|S2>1|f>fo : 235
  T fO,G,D2|S2>1|f>fox : 176
  T G,D2|W2>2|f>fo : 129
  T fO,L|W2>2|f>fox : 104
  T G,D2|S2>1|f>f : 95
  T fO|S2>1|f>fo : 88
  T fO,G,D2|W2>2|f>fo : 69
  T fO,L,D2|S2>1|f>fo : 66
  T e2,G,D2|S2>1|f>fo : 46
  T G,L,D2|S2>1|f>fo : 36
  T fO,L|S2>1|f>f : 34
  T fO,L|W2>2|f>fo : 31
  T G1|S2>1|f>f : 29
  T G1,PM|S2>1|f>f : 28
  T G1,L,PM|S2>1|f>fo : 27
  T fO|S2>1|f>fox : 23
  T fO,G,D2|W2>2|f>fox : 21
  T fO,L,D2|S2>1|f>fox : 20
  T e2,G,D2,PM|S2>1|f>fo : 20
  T fO,G,D2|T1>1+T1>1|F>fx+f>Fox : 19
  T G,L,D2,PM|S2>1|f>fo : 18
  T G,D2|T1>1+T2>1|F>fx+f>F : 18
  T e1,fO,L|S2>1|f>fo : 17
  T G,D2|W2>2|f>f : 15
  T e2,fO,L|S2>1|f>fo : 14
  T G1,L|S2>1|f>fo : 13
  T G,D2|T1>1+T2>1|F>fx+f>Fo : 13
  T e1,G,D2|S2>1|f>fo : 12
  T e3,fO,L|S2>1|f>fox : 12
  T fO|S2>1|f>fx : 12
  T e1,fO,L|S2>1|f>fox : 11
  T G,D2|T2>1+T2>2|f>f+f>fo : 11
  T G,D2|T1>1+T1>1|F>fx+f>Fo : 9
  T G,D2,PM|S2>1|f>f : 8
  T G,O,D2|S2>1|f>fo : 8
  T G,D2|T1>1+T1>1|F>fx+f>F : 8
  T fO,L|G1>2|f>fox : 8
  T fO,G,D2|S2>1|f>f : 8
  T e3,fO,L|S2>1|f>fo : 7
  T fO|W2>2|f>fx : 7
  T fO|W2>2|f>fox : 7
  T fO,G,D2|T1>1+T1>1|F>f+f>Fox : 7
  T e1,e2,L|S2>1|f>fo : 6
  T fO|W2>2|f>fo : 6
  T fO|S2>1|f>f : 5
  T e2,fO,G,D2|S2>1|f>fo : 5
  T fO,G1,L|S2>1|f>fo : 4
  T fO,G,D2|T1>1+T1>1|F>fx+f>Fx : 4
  T fO,L|W2>2|f>fx : 4
  T e2,fO,L|S2>1|f>fox : 4
  T fO,G,D2|T1>1+T2>1|F>fx+f>Fo : 4
  T G1,O|S2>1|f>fo : 3
  T fO,G,D2|T1>1+T1>1|F>fx+f>Fo : 3
  T e2,fO,L|W2>2|f>fox : 3
  T fO,L|S2>1|f>fx : 3
  T G,D2|T1>1+T2>1|F>f+f>Fo : 3
  T G,D2|S2>1+W2>2|f>fo+f>fo : 3
  T fO,G,D2|T1>1+T1>2|F>fx+f>Fox : 3
  T L,PM|S2>1|f>fo : 2
  T L,O|S2>1|f>fo : 2
  T G,G1,D2|S2>1|f>fo : 2
  T e1,fO,G,D2|S2>1|f>fo : 2
  T e1,G,D2|T1>1+T1>1|F>fx+f>Fox : 2
  T e1,e2,L|W2>2|f>fo : 2
  T e3,fO,L|W2>2|f>fox : 2
  T e2,fO|S2>1|f>fo : 2
  T e2|S2>1|f>f : 2
  T G,D2,PM|T1>1+T2>1|F>f+f>Fo : 2
  T G,D2|T2>1+T2>2|f>fo+f>fo : 2
  T fO,G,D2|G1>2|f>fox : 2
  T G,D2|S2>1+S2>1|f>f+f>fo : 2
  T G,D2|S2>1+W2>2|f>f+f>fo : 2
  T L|S2>1|f>fo : 1
  T L|W2>2|f>fo : 1
  T fO,G,G1,D2|S2>1|f>fo : 1
  T G,L,D2|S2>1|f>f : 1
  T e1,fO,G,D2|S2>1|f>fox : 1
  T e1,fO,O|S2>1|f>fo : 1
  T e1,fO,L|W2>2|f>fox : 1
  T e1,fO,G,D2|W2>2|f>fox : 1
  T e1,e3,O|S2>1|f>fo : 1
  T e1,e2,fO,L|W1>2|f>fox : 1
  T fO,L|W2>2|f>f : 1
  T G,D2|T1>2+T2>1|F>fx+f>Fo : 1
  T e2,fO|W2>2|f>fox : 1
  T fO,G,D2|T2>2+T2>2|f>fo+f>fo : 1
  T fO,G,D2|W1>2|f>fox : 1
  T G1,PM|S2>1+S2>1|f>f+f>fo : 1
  T G,L,D2,PM|T1>1+T1>1|F>fx+f>Fo : 1
  T G,L,D2|T1>1+T1>1|F>fx+f>Fo : 1
  T fO,G,L,D2|S2>1|f>fo : 1
  T fO,G,L,D2|T1>1+T1>1|F>fx+f>Fo : 1
  T e2,G,D2|W2>2|f>fo : 1
  T fO,G,D2|W2>2|f>f : 1
  T G,D2|S2>1+S2>1|f>fo+f>fo : 1
  T fO,G,D2|T1>1+T2>1|F>fx+f>F : 1
  T G,D2|T1>1+T1>2|F>fx+f>Fo : 1
available repair types (counted once per P): signature | type : count
  A G,D2|S2>1 : 2643
  A G,D2|W2>2 : 2313
  A fO,L|W2>2 : 1909
  A fO,L|S2>1 : 1779
  A fO,L|W2>1 : 1268
  A G,D2|W2>1 : 1078
  A fO,G,D2|S2>1 : 979
  A fO,G,D2|W2>2 : 976
  A fO,G,D2|W2>1 : 501
  A G,D2,PM|S2>1 : 243
  A G,D2,PM|W2>2 : 235
  A fO|W2>2 : 148
  A fO|S2>1 : 128
  A fO|W2>1 : 115
  A fO,L,D2|W2>2 : 86
  A fO,L,D2|S2>1 : 86
  A fO,L|G1>2 : 79
  A G,D2|T1>1+T2>1 : 70
  A G,D2|T1>2+T2>1 : 69
  A fO,L|W1>2 : 56
  A fO,L,D2|W2>1 : 53
  A fO,G,D2|W1>2 : 53
  A e2,G,D2|S2>1 : 46
  A fO,G,D2|G1>2 : 41
  A e2,G,D2|W2>2 : 38
  A G,L,D2|S2>1 : 37
  A fO,G,D2|T1>1+T2>1 : 34
  A fO,G,D2|T1>1+T1>1 : 33
  A G1|S2>1 : 29
  A fO,G,D2|T1>1+T1>2 : 29
  A e1,fO,L|W2>2 : 29
  A G1,PM|S2>1 : 28
  A fO,G,D2|T1>2+T2>1 : 28
  A e1,fO,L|S2>1 : 28
  A G1,L,PM|S2>1 : 27
  A G,D2|T2>1+T2>2 : 26
  A G,D2|T2>1+T2>1 : 25
  A G1|W2>2 : 21
  A e3,fO,L|W2>2 : 21
  A e2,fO,L|W2>2 : 21
  A e2,G,D2,PM|S2>1 : 20
  A G,D2|T1>1+T1>2 : 19
  A e3,fO,L|S2>1 : 19
  A G,L,D2|W2>2 : 18
  A G,D2|T1>1+T1>1 : 18
  A e2,fO,L|S2>1 : 18
  A G,L,D2,PM|S2>1 : 18
  A e2,G,D2,PM|W2>2 : 15
  A G1,L|S2>1 : 13
  A e2,fO,L|W2>1 : 13
  A e1,G,D2|S2>1 : 12
  A e1,fO,L|W2>1 : 11
  A e2,G,D2|W2>1 : 11
  A G1,PM|W2>2 : 9
  A G,O,D2|S2>1 : 8
  A e1,e2,L|W2>2 : 8
  A G,D2|S2>1+W2>2 : 8
  A e3,fO,L|W2>1 : 7
  A G,L,D2,PM|W2>2 : 7
  A e1,G,D2|W2>2 : 6
  A e1,e2,L|S2>1 : 6
  A e2,fO,G,D2|S2>1 : 5
  A e2,fO,G,D2|W2>2 : 5
  A fO,G1,L|S2>1 : 4
  A G,D2|S2>1+W2>1 : 4
  A e1,fO,G,D2|S2>1 : 3
  A e1,G,D2|W2>1 : 3
  A G1,O|S2>1 : 3
  A G1,L,PM|W2>2 : 3
  A G1,L|W2>2 : 3
  A e2,fO|W2>2 : 3
  A fO,G,D2|T2>1+T2>1 : 3
  A fO,G,D2|T2>1+T2>2 : 3
  A G,D2|T2>2+T2>2 : 3
  A G,D2|S2>1+S2>1 : 3
  A L|W2>2 : 2
  A L|W2>1 : 2
  A L,PM|S2>1 : 2
  A L,O|S2>1 : 2
  A G,G1,D2|S2>1 : 2
  A e1,G,D2|T1>2+T2>1 : 2
  A e1,G,D2|T1>1+T2>1 : 2
  A e1,G,D2|T1>1+T1>1 : 2
  A e1,G,D2|T1>1+T1>2 : 2
  A e1,fO,G,D2|W2>2 : 2
  A e2,fO|S2>1 : 2
  A e2|S2>1 : 2
  A e2|W2>2 : 2
  A fO|W1>2 : 2
  A G,D2,PM|T1>1+T2>1 : 2
  A L|S2>1 : 1
  A G,L,D2|W2>1 : 1
  A fO,G,G1,D2|S2>1 : 1
  A e1,fO,O|S2>1 : 1
  A e1,fO,O|W2>2 : 1
  A e1,fO,G,D2|W2>1 : 1
  A e1,e3,O|W2>2 : 1
  A e1,e3,O|S2>1 : 1
  A e1,e2,fO,L|W1>2 : 1
  A e1,fO,L|G1>2 : 1
  A fO|G1>2 : 1
  A e2,fO|W2>1 : 1
  A fO,G,D2|T2>2+T2>2 : 1
  A G1,O|W2>2 : 1
  A G1,PM|S2>1+S2>1 : 1
  A G1,PM|S2>1+W2>2 : 1
  A G1,PM|T1>2+T2>1 : 1
  A G1,PM|T1>1+T2>1 : 1
  A fO,G,L,D2|T1>1+T1>1 : 1
  A G,L,D2,PM|T1>1+T1>2 : 1
  A G,L,D2|T1>1+T1>2 : 1
  A fO,G,L,D2|T1>1+T1>2 : 1
  A G,L,D2,PM|T1>1+T1>1 : 1
  A G,L,D2|T1>1+T1>1 : 1
  A fO,G,L,D2|S2>1 : 1
  A G,D2|W2>2+W2>2 : 1
