# command: python3 k4/dl2_run.py catalog k4/suite/.cache/gapbench/results/k4_gap/hunt_n5_pure_s2000.json.gz --jobs=2 --rec=500 --rec2=5 --dump=results/k4_dl2/repairs_n5cat.jsonl.gz --tables=results/k4_dl2/tables_n5cat_hunt_n5_pure_s2000.json
# dl2.c sha256 0e4e2410b1219cbd3353b1607b8dd93f5394e1491a47f19ed6e2281cad1b78d6
catalog k4/suite/.cache/gapbench/results/k4_gap/hunt_n5_pure_s2000.json.gz: profiles 8207, omega >= 1: 8207; k* = 0: 7528, 1: 673, 2: 6, 3: 0, >= 4: 0, inf: 0 (k* = n: 0; k* >= 3 isolated / trapped: 0 / 0); P with def > 0: 4538, at distance 1: 4492, 2: 46, 3: 0, >= 4: 0, inf: 0 (distance >= 3, isolated / trapped: 0 / 0; Pareto-maximal: 61, at distance >= 3: 0); largest least deficit -1 [3 s]
# dumped: every profile with k* >= 3, every 500-th with k* = 1 (0: none), every 5-th with k* = 2
repair table (canonical witness per P with def > 0): signature | type | roles : count
  T G,D2|S2>1|f>fo : 1661
  T fO,G,D2|S2>1|f>fo : 1159
  T fO,L,D2|S2>1|f>fo : 288
  T G,D2|S2>1|f>f : 196
  T fO|S2>1|f>fo : 132
  T fO,G,D2|S2>1|f>fox : 118
  T fO,L,D2|S2>1|f>fox : 117
  T fO,G,D2|S2>1|f>f : 95
  T fO,L|S2>1|f>fo : 88
  T fO,G,D2|W2>2|f>fx : 46
  T e2,G,D2|S2>1|f>fo : 40
  T G,D2,PM|S2>1|f>fo : 39
  T fO,G,D2|W2>2|f>fox : 38
  T fO,L,O,D2|S2>1|f>fo : 36
  T e2,fO,G,D2|S2>1|f>fo : 34
  T G,D2|W2>2|f>fo : 33
  T fO,G,D2|W2>2|f>fo : 30
  T fO,L,D2|S2>1|f>f : 29
  T G,D2|W2>2|f>f : 28
  T fO|S2>1|f>fox : 20
  T fO,G,D2|S2>1|f>fx : 15
  T fO,L,D2|W2>2|f>fox : 14
  T fO|S2>1|f>f : 14
  T fO,G1|S2>1|f>fo : 14
  T G,L,D2|S2>1|f>fo : 13
  T e2,fO|S2>1|f>fo : 12
  T e2,fO,L,D2|S2>1|f>fo : 11
  T e2,G,D2,PM|S2>1|f>fo : 11
  T fO,G,D2|G1>2|f>fox : 11
  T fO,G,D2|G1>2|f>fx : 10
  T G,D2|T1>1+T2>1|F>fx+f>Fo : 10
  T e2,fO,G1|S2>1|f>fo : 10
  T fO,G,D2|W2>2|f>f : 9
  T e2,fO,G,D2|W2>2|f>fox : 9
  T e2,fO,G,D2|G1>2|f>fox : 7
  T fO,L|S2>1|f>fox : 6
  T G1,L,D2|S2>1|f>fo : 6
  T fO,L,O,D2|S2>1|f>fox : 6
  T G,D2|S2>1+S2>1|f>fo+f>fo : 6
  T fO,G,L,D2|S2>1|f>fo : 6
  T fO|W2>2|f>fox : 6
  T G,L,D2,PM|S2>1|f>fo : 4
  T G1,L,D2,PM|S2>1|f>fo : 4
  T e2,fO,G,D2|S2>1|f>fox : 4
  T fO,D2|S2>1|f>fx : 4
  T fO,L|S2>1|f>f : 4
  T fO,G,D2|W1>2|f>fx : 4
  T e2,G,D2|W2>2|f>fox : 4
  T G,D2|S2>1+W2>2|f>fo+f>fo : 4
  T e2,fO,L|S2>1|f>fo : 3
  T fO,D2|S2>1|f>f : 3
  T fO,O,D2|S2>1|f>fo : 3
  T fO,G,D2|S2>1+S2>1|f>fo+f>fo : 3
  T G,D2|T2>1+T2>2|f>f+f>fo : 3
  T fO,G,D2|T1>1+T1>1|F>fx+f>Fox : 3
  T fO,G,D2|T1>1+T2>1|F>fx+f>Fo : 3
  T fO|S2>1|f>fx : 2
  T fO,L,D2|G1>2|f>fox : 2
  T fO,L,D2|W2>2|f>fx : 2
  T G,D2,PM|S2>1|f>f : 2
  T G,G1,D2|S2>1|f>f : 2
  T fO,D2|S2>1|f>fo : 2
  T fO,L,D2|W2>2|f>fo : 2
  T fO,G1,L|S2>1|f>fo : 2
  T G,L,D2|W2>2|f>f : 2
  T fO,L|W2>2|f>fo : 2
  T fO,G,D2|S2>1+W2>2|f>fo+f>fo : 2
  T G,D2|S2>1+W2>2|f>f+f>fo : 2
  T G,D2|T2>1+T2>2|f>fo+f>fo : 2
  T G,D2|S2>1+S2>1|f>f+f>f : 2
  T fO|W2>2|f>fo : 2
  T G,O,D2|S2>1|f>fo : 1
  T e2,e3,fO,L,D2|S2>1|f>fo : 1
  T e1,e3,fO,L|S2>1|f>fo : 1
  T e2,fO,L,D2|S2>1|f>fox : 1
  T e2,G,L,D2|T1>1+T1>1|F>fx+f>Fo : 1
  T e2,fO,G,L,D2|T1>1+T1>1|F>fx+f>Fo : 1
  T fO,G,L,D2|T1>1+T1>1|F>fx+f>Fo : 1
  T fO,L,O|S2>1|f>fo : 1
  T fO,L,O,D2|W2>2|f>fox : 1
  T fO,G,G1,D2|S2>1|f>fo : 1
  T fO,G,L,D2|W1>2|f>fx : 1
  T G,D2|S2>1+S2>1|f>f+f>fo : 1
  T G,G1,D2|S2>1|f>fo : 1
  T fO,G,D2|T1>1+T1>1|F>fx+f>Fx : 1
  T fO,G,D2|T2>1+T2>2|f>fo+f>fo : 1
  T e2,fO,G1|W2>2|f>fo : 1
  T e2,G,D2|S2>1|f>f : 1
  T e2,G,D2|W2>2|f>fo : 1
  T e2,G,D2|W2>2|f>f : 1
  T G,D2,PM|W2>2|f>fo : 1
  T fO,L|W2>2|f>f : 1
  T fO,L|G1>2|f>fx : 1
available repair types (counted once per P): signature | type : count
  A G,D2|S2>1 : 1857
  A G,D2|W2>2 : 1436
  A fO,G,D2|W2>2 : 1423
  A fO,G,D2|S2>1 : 1387
  A fO,G,D2|W2>1 : 769
  A G,D2|W2>1 : 655
  A fO,L,D2|W2>2 : 444
  A fO,L,D2|S2>1 : 436
  A fO,L,D2|W2>1 : 213
  A fO|W2>2 : 176
  A fO|S2>1 : 168
  A fO,G,D2|G1>2 : 160
  A fO|W2>1 : 119
  A fO,L|W2>2 : 102
  A fO,L|S2>1 : 98
  A fO,L|W2>1 : 84
  A fO,G,D2|W1>2 : 73
  A e2,G,D2|W2>2 : 43
  A fO,L,O,D2|S2>1 : 42
  A e2,fO,G,D2|W2>2 : 42
  A e2,G,D2|S2>1 : 41
  A G,D2,PM|S2>1 : 41
  A e2,fO,G,D2|S2>1 : 38
  A G,D2,PM|W2>2 : 37
  A fO,L,O,D2|W2>2 : 35
  A G,D2|T1>1+T2>1 : 30
  A G,D2|T1>2+T2>1 : 30
  A fO,L,D2|G1>2 : 23
  A e2,fO,G,D2|G1>2 : 22
  A G,D2|S2>1+W2>2 : 15
  A e2,fO,G,D2|W2>1 : 15
  A e2,fO,G,D2|W1>2 : 15
  A fO,G1|W2>2 : 14
  A fO,G1|S2>1 : 14
  A fO,G1|W2>1 : 14
  A G,L,D2|W2>2 : 13
  A G,L,D2|S2>1 : 13
  A fO,G,D2|T1>2+T2>1 : 13
  A fO,G,D2|T1>1+T2>1 : 13
  A e2,fO,L,D2|W2>2 : 12
  A e2,fO,L,D2|S2>1 : 12
  A fO,L,O,D2|W2>1 : 12
  A e2,fO|W2>2 : 12
  A e2,fO|S2>1 : 12
  A e2,G,D2,PM|S2>1 : 11
  A G,D2|T2>1+T2>2 : 10
  A e2,fO,G1|S2>1 : 10
  A fO,D2|W2>2 : 9
  A fO,D2|S2>1 : 9
  A fO,L,O,D2|G1>2 : 9
  A G,D2|S2>1+S2>1 : 9
  A G,D2|T2>1+T2>1 : 9
  A e2,fO,L,D2|W2>1 : 8
  A fO,G,D2|T1>1+T1>2 : 8
  A fO,G,D2|T1>1+T1>1 : 8
  A e2,G,D2,PM|W2>2 : 8
  A e2,fO,G1|W2>2 : 8
  A fO|G1>2 : 7
  A G1,L,D2|S2>1 : 6
  A fO,G,L,D2|S2>1 : 6
  A G,D2|S2>1+W2>1 : 6
  A fO,L|G1>2 : 5
  A fO,G,D2|S2>1+W2>2 : 5
  A fO,D2|W2>1 : 5
  A e2,fO|G1>2 : 5
  A e2,fO,G1|W2>1 : 5
  A fO,L,D2|W1>2 : 4
  A e2,G,D2|W2>1 : 4
  A G,L,D2,PM|S2>1 : 4
  A G1,L,D2,PM|S2>1 : 4
  A G1,L,D2|W2>2 : 4
  A fO,G,L,D2|W2>2 : 4
  A G,L,D2|W2>1 : 3
  A G,L,D2,PM|W2>2 : 3
  A e2,fO,L|S2>1 : 3
  A fO,O,D2|W2>2 : 3
  A fO,O,D2|W2>1 : 3
  A fO,O,D2|S2>1 : 3
  A fO,G,D2|S2>1+S2>1 : 3
  A G,G1,D2|S2>1 : 3
  A e2,fO,G1|W1>2 : 3
  A e2,fO,G1|G1>2 : 3
  A fO,G1,L|W2>2 : 2
  A fO,G1,L|S2>1 : 2
  A fO,G,L,D2|W1>2 : 2
  A e2,fO,L|W2>2 : 2
  A fO,G,D2|S2>1+W2>1 : 2
  A fO,G,D2|T2>1+T2>1 : 2
  A fO,G,D2|T2>1+T2>2 : 2
  A G,O,D2|S2>1 : 1
  A G,O,D2|W2>2 : 1
  A e2,e3,fO,L,D2|W2>1 : 1
  A e2,e3,fO,L,D2|S2>1 : 1
  A e2,e3,fO,L,D2|W2>2 : 1
  A e1,e3,fO,L|W2>2 : 1
  A e1,e3,fO,L|S2>1 : 1
  A e2,fO,L|G1>2 : 1
  A fO,G,L,D2|T2>1+T2>1 : 1
  A fO,G,L,D2|T1>1+T1>1 : 1
  A e2,fO,G,L,D2|T1>1+T1>1 : 1
  A e2,G,L,D2|T2>1+T2>1 : 1
  A e2,G,L,D2|T1>1+T1>1 : 1
  A e2,fO,G,L,D2|T1>1+T1>2 : 1
  A e2,fO,G,L,D2|T2>1+T2>1 : 1
  A fO,G,L,D2|T1>1+T1>2 : 1
  A e2,G,L,D2|T2>2+T2>2 : 1
  A e2,G,L,D2|T1>1+T1>2 : 1
  A e2,fO,G,L,D2|T2>2+T2>2 : 1
  A fO,G,L,D2|T2>1+T2>2 : 1
  A e2,G,L,D2|T2>1+T2>2 : 1
  A fO,G,L,D2|T2>2+T2>2 : 1
  A e2,fO,G,L,D2|T2>1+T2>2 : 1
  A fO,L,O|W2>2 : 1
  A fO,L,O|S2>1 : 1
  A fO,G,G1,D2|G1>2 : 1
  A fO,G,G1,D2|W2>2 : 1
  A fO,G,G1,D2|S2>1 : 1
  A fO,G,G1,D2|W1>2 : 1
  A G,D2|W2>2+W2>2 : 1
  A G,D2|T2>2+T2>2 : 1
  A fO,G,L,D2|W2>1 : 1
  A G,G1,D2|W2>2 : 1
  A fO,G1,L|W2>1 : 1
  A fO,L|W1>2 : 1
  A e2,fO|W2>1 : 1
