# command: python3 k4/dl2_run.py catalog k4/suite/.cache/gapbench/results/k4_gap/hunt_n5_4_s2000.json.gz --jobs=2 --rec=500 --rec2=5 --dump=results/k4_dl2/repairs_n5cat.jsonl.gz --tables=results/k4_dl2/tables_n5cat_hunt_n5_4_s2000.json
# dl2.c sha256 0e4e2410b1219cbd3353b1607b8dd93f5394e1491a47f19ed6e2281cad1b78d6
catalog k4/suite/.cache/gapbench/results/k4_gap/hunt_n5_4_s2000.json.gz: profiles 7731, omega >= 1: 7731; k* = 0: 7394, 1: 335, 2: 2, 3: 0, >= 4: 0, inf: 0 (k* = n: 0; k* >= 3 isolated / trapped: 0 / 0); P with def > 0: 1003, at distance 1: 966, 2: 37, 3: 0, >= 4: 0, inf: 0 (distance >= 3, isolated / trapped: 0 / 0; Pareto-maximal: 13, at distance >= 3: 0); largest least deficit -1 [2 s]
# dumped: every profile with k* >= 3, every 500-th with k* = 1 (0: none), every 5-th with k* = 2
repair table (canonical witness per P with def > 0): signature | type | roles : count
  T G,D2|S2>1|f>fo : 441
  T fO,G,D2|S2>1|f>fo : 185
  T fO,L,D2|S2>1|f>fo : 89
  T fO|S2>1|f>fo : 42
  T fO,L,D2|S2>1|f>fox : 38
  T fO,L|S2>1|f>fo : 29
  T G,D2|S2>1|f>f : 28
  T e2,G,D2|S2>1|f>fo : 20
  T fO,G,D2|S2>1|f>fox : 9
  T e2,fO,G,D2|S2>1|f>fo : 9
  T fO,G,D2|W2>2|f>fo : 8
  T fO,L,O,D2|S2>1|f>fo : 6
  T fO,G,D2|W2>2|f>fox : 6
  T G,D2|T1>1+T2>1|F>fx+f>Fo : 5
  T G,D2|S2>1+W2>2|f>fo+f>fo : 5
  T fO,G,D2|T2>1+T2>2|f>fo+f>fo : 5
  T G,D2|W2>2|f>f : 4
  T G,D2|W2>2|f>fo : 4
  T fO,L|S2>1|f>fox : 4
  T G,D2,PM|S2>1|f>fo : 4
  T G,D2|T2>1+T2>2|f>fo+f>fo : 4
  T G1,L,D2,PM|S2>1|f>fo : 3
  T e2,fO,L,D2|S2>1|f>fox : 3
  T G,L,D2,PM|S2>1|f>fo : 3
  T fO|S2>1|f>fox : 3
  T fO|W2>2|f>fox : 3
  T fO,G,D2|S2>1+W2>2|f>fo+f>fo : 3
  T G,D2|T1>1+T1>1|F>fx+f>F : 3
  T G,D2|S2>1+W2>2|f>f+f>fo : 3
  T fO|W2>2|f>fx : 2
  T e2,fO,L|S2>1|f>fo : 2
  T fO,G,D2|T1>1+T1>1|F>fx+f>Fox : 2
  T G,D2|S2>1+S2>1|f>f+f>fo : 2
  T fO,G,D2|S2>1+W2>2|f>f+f>fo : 2
  T e2,fO,G,D2|W2>2|f>fox : 2
  T e2,G,D2,PM|W2>2|f>fox : 2
  T e2,G,D2|W2>2|f>fox : 2
  T fO|S2>1|f>fx : 1
  T e2,fO|S2>1|f>fo : 1
  T G1,L,D2|S2>1|f>fo : 1
  T fO,L,D2|G1>2|f>fox : 1
  T G,L,D2|S2>1|f>fo : 1
  T e2,G,D2,PM|S2>1|f>fo : 1
  T fO,D2|S2>1|f>fox : 1
  T fO,D2|S2>1|f>fo : 1
  T fO,G,D2|S2>1+S2>1|f>f+f>fo : 1
  T fO,G,D2|T1>1+T2>1|F>fx+f>Fo : 1
  T fO,G,D2|W2>2|f>fx : 1
  T fO,G,D2|G1>2|f>fox : 1
  T fO|G1>2|f>fox : 1
  T e2,fO|W2>2|f>fox : 1
  T fO,G,D2|S2>1|f>f : 1
  T fO,L|W2>2|f>fox : 1
  T fO,L|W2>2|f>fo : 1
  T G,D2|T2>2+T2>2|f>fo+f>fo : 1
available repair types (counted once per P): signature | type : count
  A G,D2|S2>1 : 469
  A G,D2|W2>2 : 423
  A G,D2|W2>1 : 203
  A fO,G,D2|S2>1 : 195
  A fO,G,D2|W2>2 : 194
  A fO,L,D2|W2>2 : 128
  A fO,L,D2|S2>1 : 128
  A fO,G,D2|W2>1 : 95
  A fO,L,D2|W2>1 : 70
  A fO|W2>2 : 52
  A fO|W2>1 : 49
  A fO|S2>1 : 46
  A fO,L|W2>2 : 35
  A fO,L|S2>1 : 33
  A fO,L|W2>1 : 30
  A G,D2|T1>1+T2>1 : 23
  A G,D2|T1>2+T2>1 : 23
  A e2,G,D2|W2>2 : 20
  A e2,G,D2|S2>1 : 20
  A fO,G,D2|W1>2 : 19
  A fO,G,D2|T1>2+T2>1 : 13
  A fO,G,D2|T1>1+T2>1 : 13
  A e2,fO,G,D2|W2>2 : 11
  A G,D2|S2>1+W2>2 : 11
  A fO,G,D2|G1>2 : 10
  A G,D2|T2>1+T2>1 : 10
  A G,D2|T2>1+T2>2 : 10
  A e2,fO,G,D2|S2>1 : 9
  A G,D2|S2>1+W2>1 : 9
  A fO,G,D2|T1>1+T1>1 : 9
  A fO,G,D2|T2>1+T2>1 : 8
  A fO,G,D2|T2>1+T2>2 : 8
  A fO,G,D2|T1>1+T1>2 : 7
  A fO,L,O,D2|W2>1 : 6
  A fO,L,O,D2|S2>1 : 6
  A fO,L,O,D2|W2>2 : 6
  A fO,G,D2|S2>1+W2>2 : 6
  A e2,fO,G,D2|G1>2 : 5
  A fO,G,D2|S2>1+W2>1 : 5
  A G,D2|T1>1+T1>2 : 5
  A G,D2|T1>1+T1>1 : 5
  A G,D2,PM|W2>2 : 4
  A G,D2|W2>1+W2>2 : 4
  A G,D2,PM|S2>1 : 4
  A G,D2|W2>2+W2>2 : 4
  A G1,L,D2,PM|S2>1 : 3
  A e2,fO,L,D2|W2>2 : 3
  A e2,fO,L,D2|S2>1 : 3
  A G,L,D2,PM|S2>1 : 3
  A e2,G,D2,PM|W2>2 : 3
  A G1,L,D2,PM|W2>2 : 2
  A e2,fO,L|S2>1 : 2
  A e2,fO,L|W2>2 : 2
  A e2,G,D2|W2>1 : 2
  A e2,fO|W2>2 : 2
  A G,L,D2,PM|W2>2 : 2
  A fO,L,D2|G1>2 : 2
  A fO,D2|W2>2 : 2
  A fO,D2|S2>1 : 2
  A fO,G,D2|W2>2+W2>2 : 2
  A fO,G,D2|W2>1+W2>2 : 2
  A G,D2|S2>1+S2>1 : 2
  A G,D2|T2>2+T2>2 : 2
  A e2,fO,L,D2|W2>1 : 1
  A e2,fO|W2>1 : 1
  A e2,fO|S2>1 : 1
  A e2,fO,L|W2>1 : 1
  A G1,L,D2|W2>2 : 1
  A G1,L,D2|S2>1 : 1
  A fO,L,D2|W1>2 : 1
  A G,L,D2|W2>2 : 1
  A G,L,D2|S2>1 : 1
  A e2,G,D2,PM|S2>1 : 1
  A fO,D2|W2>1 : 1
  A fO,G,D2|S2>1+S2>1 : 1
  A fO|G1>2 : 1
  A e2,fO,G,D2|W2>1 : 1
