# command: python3 k4/dl2_run.py catalog k4/suite/.cache/gapbench/results/k4_gap/gap_n5_3_s100.json.gz --jobs=2 --rec=500 --rec2=5 --dump=results/k4_dl2/repairs_n5cat.jsonl.gz --tables=results/k4_dl2/tables_n5cat_gap_n5_3_s100.json
# dl2.c sha256 0e4e2410b1219cbd3353b1607b8dd93f5394e1491a47f19ed6e2281cad1b78d6
catalog k4/suite/.cache/gapbench/results/k4_gap/gap_n5_3_s100.json.gz: profiles 31190, omega >= 1: 31190; k* = 0: 30753, 1: 436, 2: 1, 3: 0, >= 4: 0, inf: 0 (k* = n: 0; k* >= 3 isolated / trapped: 0 / 0); P with def > 0: 897, at distance 1: 896, 2: 1, 3: 0, >= 4: 0, inf: 0 (distance >= 3, isolated / trapped: 0 / 0; Pareto-maximal: 32, at distance >= 3: 0); largest least deficit -1 [10 s]
# dumped: every profile with k* >= 3, every 500-th with k* = 1 (0: none), every 5-th with k* = 2
repair table (canonical witness per P with def > 0): signature | type | roles : count
  T G,D2|S2>1|f>fo : 362
  T fO,L|S2>1|f>fo : 200
  T fO,G,D2|S2>1|f>fo : 128
  T fO|S2>1|f>fo : 35
  T fO,L|S2>1|f>fox : 34
  T G,D2,PM|S2>1|f>fo : 28
  T G,L,D2|S2>1|f>fo : 20
  T fO|S2>1|f>fox : 17
  T fO,G,D2|S2>1|f>fox : 13
  T e2,G,D2|S2>1|f>fo : 12
  T e2,fO,L|S2>1|f>fo : 5
  T fO,G,D2|W2>2|f>fo : 5
  T fO|S2>1|f>f : 5
  T e2,fO|S2>1|f>fo : 4
  T fO,G,D2|W2>2|f>fox : 4
  T G,L,D2,PM|S2>1|f>fo : 2
  T G,D2|W2>2|f>fo : 2
  T e2,G,D2,PM|S2>1|f>fo : 2
  T e2,fO,G,D2|S2>1|f>fo : 2
  T e2,G,D2|W2>2|f>fo : 2
  T fO,L,D2|S2>1|f>fo : 1
  T fO,L,D2|S2>1|f>fox : 1
  T fO,G,L,D2|S2>1|f>fo : 1
  T G,O,D2|S2>1|f>fo : 1
  T fO,L,O|S2>1|f>fo : 1
  T L,O,D2|S2>1|f>fo : 1
  T G,D2|W2>2|f>f : 1
  T G,D2|T1>1+T2>1|F>fx+f>Fo : 1
  T e2,fO|S2>1|f>fox : 1
  T fO|G1>2|f>fox : 1
  T e2,fO,L|S2>1|f>fox : 1
  T fO|S2>1|f>fx : 1
  T fO,L|W2>2|f>fo : 1
  T fO,L|W2>2|f>fox : 1
  T fO,L|S2>1|f>f : 1
available repair types (counted once per P): signature | type : count
  A G,D2|S2>1 : 362
  A G,D2|W2>2 : 276
  A fO,L|S2>1 : 235
  A fO,L|W2>2 : 234
  A fO,L|W2>1 : 156
  A fO,G,D2|S2>1 : 141
  A fO,G,D2|W2>2 : 136
  A G,D2|W2>1 : 111
  A fO,G,D2|W2>1 : 67
  A fO|W2>2 : 59
  A fO|S2>1 : 58
  A fO|W2>1 : 36
  A G,D2,PM|W2>2 : 28
  A G,D2,PM|S2>1 : 28
  A G,L,D2|S2>1 : 20
  A e2,G,D2|W2>2 : 14
  A G,L,D2|W2>2 : 12
  A e2,G,D2|S2>1 : 12
  A fO,L|G1>2 : 10
  A e2,G,D2|W2>1 : 10
  A fO|G1>2 : 9
  A fO,G,D2|W1>2 : 9
  A fO|W1>2 : 8
  A fO,G,D2|G1>2 : 8
  A fO,L|W1>2 : 6
  A e2,fO,L|S2>1 : 6
  A e2,fO,L|W2>2 : 6
  A G,L,D2|W2>1 : 5
  A e2,fO|W2>2 : 5
  A e2,fO|S2>1 : 5
  A e2,fO,L|W2>1 : 3
  A e2,fO|W2>1 : 3
  A fO,L,D2|W2>2 : 2
  A fO,L,D2|S2>1 : 2
  A G,L,D2,PM|S2>1 : 2
  A e2,G,D2,PM|W2>2 : 2
  A e2,G,D2,PM|S2>1 : 2
  A e2,fO,G,D2|W2>1 : 2
  A e2,fO,G,D2|S2>1 : 2
  A e2,fO,G,D2|W2>2 : 2
  A fO,L,D2|W2>1 : 1
  A fO,G,L,D2|W2>1 : 1
  A fO,G,L,D2|W2>2 : 1
  A fO,G,L,D2|S2>1 : 1
  A G,O,D2|S2>1 : 1
  A fO,L,O|W2>2 : 1
  A fO,L,O|S2>1 : 1
  A fO,L,O|W2>1 : 1
  A L,O,D2|S2>1 : 1
  A G,D2|T1>1+T2>1 : 1
  A G,D2|T2>1+T2>1 : 1
  A G,D2|T1>2+T2>1 : 1
  A G,D2|T2>1+T2>2 : 1
