# command: python3 k4/portfolio.py dumps results/k4_rt4/dump_a_failures.jsonl.gz results/k4_rt4/dump_a_nbhd123.jsonl.gz results/k4_rt4/dump_a_suite2.jsonl.gz results/k4_rt4/dump_b_n4_1.jsonl.gz results/k4_rt4/dump_c_n4_2.jsonl.gz results/k4_rt4/dump_d_cat_gap_n4_pure_s4000.jsonl.gz results/k4_rt4/dump_d_pure_s500_1.jsonl.gz results/k4_rt4/dump_d_pure_s500_2.jsonl.gz results/k4_rt4/dump_d_pure_s500_3.jsonl.gz results/k4_rt4/dump_e_n4_3_s500_1.jsonl.gz results/k4_rt4/dump_e_n4_3_s500_2.jsonl.gz results/k4_rt4/dump_e_n4_3_s500_3.jsonl.gz results/k4_rt4/dump_n4_3_x1.jsonl.gz results/k4_rt4/dump_n4_3_x2.jsonl.gz results/k4_rt4/dump_n4_3_x3.jsonl.gz results/k4_rt4/dump_n4_3_x4.jsonl.gz results/k4_rt4/dump_n5b_3.jsonl.gz results/k4_rt4/dump_n5b_3bt.jsonl.gz results/k4_rt4/dump_n5b_4.jsonl.gz results/k4_rt4/dump_n5b_4bt.jsonl.gz results/k4_rt4/dump_n5c_cat_gap_n5_2_s100.jsonl.gz results/k4_rt4/dump_n5c_cat_gap_n5_3_s100.jsonl.gz results/k4_rt4/dump_n5c_cat_gap_n5_4_s100.jsonl.gz results/k4_rt4/dump_n5c_cat_gap_n5_pure_s100.jsonl.gz results/k4_rt4/dump_n5c_cat_hard_hunt.jsonl.gz results/k4_rt4/dump_n5c_cat_hard_hunt_smallest.jsonl.gz results/k4_rt4/dump_n5c_pure.jsonl.gz results/k4_rt4/dump_n5c_purebt.jsonl.gz results/k4_rt4/dump_n5c_suite.jsonl.gz results/k4_dl13/dl134_xcheck_n4.jsonl.gz results/k4_dl13/dl134_xcheck_n5.jsonl.gz results/k4_dl13/dl134_xcheck_own.jsonl.gz results/k4_dl13/dump_n4_1.jsonl.gz results/k4_dl13/dump_n4_2.jsonl.gz results/k4_dl13/dump_n4_3_s200.jsonl.gz results/k4_dl13/dump_n4_3_s200b.jsonl.gz results/k4_dl13/dump_n4_pure_s200.jsonl.gz results/k4_dl13/dump_n4_pure_s200b.jsonl.gz results/k4_dl13/fails_all.jsonl.gz results/k4_dl13/fails_classified.jsonl.gz results/k4_dl13/fails_hunt_m6.jsonl.gz results/k4_dl13/fails_hunt_m8.jsonl.gz results/k4_dl13/fails_hunt_n5.jsonl.gz results/k4_dl13/hunt_n4_3_m6.jsonl.gz results/k4_dl13/hunt_n4_3_m8.jsonl.gz results/k4_dl13/hunt_n5.jsonl.gz results/k4_dl13/hunt_pure_m6.jsonl.gz results/k4_dl13/hunt_pure_m8.jsonl.gz results/k4_dl13/states_cat.jsonl.gz results/k4_dl13/states_ht.jsonl.gz results/k4_dl13/states_n3.jsonl.gz results/k4_dl13/states_nbhd123.jsonl.gz results/k4_dl13/states_rand.jsonl.gz results/k4_dl13_stuck/stuck_certs_3_r2000.jsonl.gz results/k4_dl13_stuck/stuck_certs_4_n4_1_r100.jsonl.gz results/k4_dl13_stuck/stuck_certs_4_n4_2_r100.jsonl.gz results/k4_dl13_stuck/stuck_certs_4_n4_3_r100.jsonl.gz results/k4_dl13_stuck/stuck_certs_4_pure_r100.jsonl.gz results/k4_dl13_stuck/stuck_certs_5_n4_1_r4.jsonl.gz results/k4_dl13_stuck/stuck_certs_5_n4_2_r4.jsonl.gz results/k4_dl13_stuck/stuck_certs_5_n4_3_r4.jsonl.gz results/k4_dl13_stuck/stuck_certs_5_n4_4_r4.jsonl.gz results/k4_dl13_stuck/stuck_certs_5_pure_r4.jsonl.gz results/k4_dl13_stuck/stuck_gap_n3.jsonl.gz results/k4_dl13_stuck/stuck_gap_n4_1_e4.jsonl.gz results/k4_dl13_stuck/stuck_gap_n4_1_f2.jsonl.gz results/k4_dl13_stuck/stuck_gap_n4_2_s4000_e4.jsonl.gz results/k4_dl13_stuck/stuck_gap_n4_2_s4000_f2.jsonl.gz results/k4_dl13_stuck/stuck_gap_n4_3_s4000_e4.jsonl.gz results/k4_dl13_stuck/stuck_gap_n4_3_s4000_f2.jsonl.gz results/k4_dl13_stuck/stuck_gap_n4_pure_s4000_e4.jsonl.gz results/k4_dl13_stuck/stuck_gap_n4_pure_s4000_f2.jsonl.gz results/k4_dl13_stuck/stuck_gap_n5_1_s100_e20.jsonl.gz results/k4_dl13_stuck/stuck_gap_n5_1_s100_f2e4.jsonl.gz results/k4_dl13_stuck/stuck_gap_n5_2_s100_e20.jsonl.gz results/k4_dl13_stuck/stuck_gap_n5_2_s100_f2e4.jsonl.gz results/k4_dl13_stuck/stuck_gap_n5_3_s100_e20.jsonl.gz results/k4_dl13_stuck/stuck_gap_n5_3_s100_f2e4.jsonl.gz results/k4_dl13_stuck/stuck_gap_n5_4_s100_e20.jsonl.gz results/k4_dl13_stuck/stuck_gap_n5_4_s100_f2e4.jsonl.gz results/k4_dl13_stuck/stuck_gap_n5_pure_s100_e20.jsonl.gz results/k4_dl13_stuck/stuck_gap_n5_pure_s100_f2e4.jsonl.gz results/k4_dl13_stuck/stuck_hard_hunt.jsonl.gz results/k4_dl13_stuck/stuck_hunt_n4_2_all_e10.jsonl.gz results/k4_dl13_stuck/stuck_hunt_n4_3_s400k_e10.jsonl.gz results/k4_dl13_stuck/stuck_hunt_n4_3_s400k_f2.jsonl.gz results/k4_dl13_stuck/stuck_hunt_n4_pure_s400k_e10.jsonl.gz results/k4_dl13_stuck/stuck_hunt_n4_pure_s400k_f2.jsonl.gz results/k4_dl13_stuck/stuck_hunt_n5_3_s2000_e2.jsonl.gz results/k4_dl13_stuck/stuck_hunt_n5_4_s2000_e2.jsonl.gz results/k4_dl13_stuck/stuck_hunt_n5_pure_s2000_e2.jsonl.gz results/k4_dl13_stuck/stuck_suite.jsonl.gz results/k4_dl13_stuck/t4_certs_3_r2000.jsonl.gz results/k4_dl13_stuck/t4_certs_4_n4_1_r100.jsonl.gz results/k4_dl13_stuck/t4_certs_4_n4_2_r100.jsonl.gz results/k4_dl13_stuck/t4_certs_4_n4_3_r100.jsonl.gz results/k4_dl13_stuck/t4_certs_4_pure_r100.jsonl.gz results/k4_dl13_stuck/t4_failures_n4_1.jsonl.gz results/k4_dl13_stuck/t4_failures_n4_2.jsonl.gz results/k4_dl13_stuck/t4_failures_n4_3_s200b.jsonl.gz results/k4_dl13_stuck/t4_gap_n4_1_f2.jsonl.gz results/k4_dl13_stuck/t4_gap_n4_2_s4000_f2.jsonl.gz results/k4_dl13_stuck/t4_gap_n4_3_s4000_f2.jsonl.gz results/k4_dl13_stuck/t4_gap_n4_pure_s4000_f2.jsonl.gz results/k4_dl13_stuck/t4_gap_n5_1_s100_f2e4.jsonl.gz results/k4_dl13_stuck/t4_gap_n5_2_s100_f2e4.jsonl.gz results/k4_dl13_stuck/t4_gap_n5_3_s100_f2e4.jsonl.gz results/k4_dl13_stuck/t4_gap_n5_4_s100_f2e4.jsonl.gz results/k4_dl13_stuck/t4_gap_n5_pure_s100_f2e4.jsonl.gz results/k4_dl13_stuck/t4_hard_hunt.jsonl.gz results/k4_dl13_stuck/t4_hunt_n4_3_s400k_f2.jsonl.gz results/k4_dl13_stuck/t4_hunt_n4_pure_s400k_f2.jsonl.gz results/k4_dl13_stuck/t4_suite.jsonl.gz results/k4_dl2/repairs_cycle.jsonl.gz results/k4_dl2/repairs_cycle_n3.jsonl.gz results/k4_dl2/repairs_ht.jsonl.gz results/k4_dl2/repairs_n3.jsonl.gz results/k4_dl2/repairs_n4_1.jsonl.gz results/k4_dl2/repairs_n4_2.jsonl.gz results/k4_dl2/repairs_n4cat.jsonl.gz results/k4_dl2/repairs_n5cat.jsonl.gz results/k4_dl2/trapped_cycle_n4.jsonl.gz results/k4_dl2/trapped_n3.jsonl.gz results/k4_dl2/trapped_n4cat.jsonl.gz results/k4_dl2_classify/gap_n2_e1.jsonl.gz results/k4_dl2_classify/gap_n3_e1.jsonl.gz results/k4_dl2_classify/gap_n4_1_e10.jsonl.gz results/k4_dl2_classify/gap_n4_2_s4000_e10.jsonl.gz results/k4_dl2_classify/gap_n4_3_s4000_e10.jsonl.gz results/k4_dl2_classify/gap_n4_pure_s4000_e10.jsonl.gz results/k4_dl2_classify/gap_n5_1_s100_e20.jsonl.gz results/k4_dl2_classify/gap_n5_2_s100_e20.jsonl.gz results/k4_dl2_classify/gap_n5_3_s100_e20.jsonl.gz results/k4_dl2_classify/gap_n5_4_s100_e20.jsonl.gz results/k4_dl2_classify/gap_n5_pure_s100_e20.jsonl.gz results/k4_dl2_classify/hard_hunt_e1.jsonl.gz results/k4_dl2_classify/suite.jsonl.gz results/k4_dl2_relations/certs_2_all.jsonl.gz results/k4_dl2_relations/certs_3_r400.jsonl.gz results/k4_dl2_relations/certs_4_n4_1_r20.jsonl.gz results/k4_dl2_relations/certs_4_n4_2_r20.jsonl.gz results/k4_dl2_relations/certs_4_n4_3_r20.jsonl.gz results/k4_dl2_relations/certs_4_pure_r20.jsonl.gz results/k4_dl2_relations/gap_n2_e1.jsonl.gz results/k4_dl2_relations/gap_n3_e1.jsonl.gz results/k4_dl2_relations/gap_n4_1_e10.jsonl.gz results/k4_dl2_relations/gap_n4_2_s4000_e10.jsonl.gz results/k4_dl2_relations/gap_n4_3_s4000_e10.jsonl.gz results/k4_dl2_relations/gap_n4_pure_s4000_e10.jsonl.gz results/k4_dl2_relations/gap_n5_1_s100_e20.jsonl.gz results/k4_dl2_relations/gap_n5_2_s100_e20.jsonl.gz results/k4_dl2_relations/gap_n5_3_s100_e20.jsonl.gz results/k4_dl2_relations/gap_n5_4_s100_e20.jsonl.gz results/k4_dl2_relations/gap_n5_pure_s100_e20.jsonl.gz results/k4_dl2_relations/hard_hunt_e1.jsonl.gz results/k4_dl2_relations/hunt_n4_2_all_e1.jsonl.gz results/k4_dl2_relations/hunt_n4_3_s400k_e1.jsonl.gz results/k4_dl2_relations/hunt_n4_pure_s400k_e1.jsonl.gz results/k4_dl2_relations/hunt_n5_3_s2000_e1.jsonl.gz results/k4_dl2_relations/hunt_n5_4_s2000_e1.jsonl.gz results/k4_dl2_relations/hunt_n5_pure_s2000_e1.jsonl.gz --chunk=500 --jobs=1 --maxpairs=1000000 --byf=RC3_noT4,RC3,K3b_noT4,K3b,NAall,K5 --name=dumps_byf --ckpt
# portfolio_dump.c sha256 d549cd68387f58c47835a6254e53e340a8f018061a81456a2f2d89181ffaabd8; portfolio_preds.py sha256 70f90090bb5e410fd1fa53e7a790f823a5383c069eab27dbdb85974bb552df52
# dumps: 168799 profiles
# 338 units to run, 0 from the checkpoint; jobs 1
#   unit {'chunk': 2}: dumped 500 states 1489 fails {'D2': 189} [1.2 s; 4 s wall]
#   unit {'chunk': 3}: dumped 500 states 952 fails {'D2': 1} [0.9 s; 5 s wall]
#   unit {'chunk': 15}: dumped 500 states 1680 fails {'D2': 1} [1.0 s; 31 s wall]
#   unit {'chunk': 41}: dumped 500 states 778 fails {'D2': 2} [1.1 s; 80 s wall]
#   unit {'chunk': 46}: dumped 500 states 996 fails {'D2': 2} [1.6 s; 89 s wall]
#   unit {'chunk': 48}: dumped 500 states 1202 fails {'D2': 1} [1.4 s; 94 s wall]
#   unit {'chunk': 49}: dumped 500 states 994 fails {'RT4': 3, 'D2': 3, 'K1': 2} [1.4 s; 95 s wall]
#   unit {'chunk': 110}: dumped 500 states 4216 fails {'D2': 4} [22.9 s; 422 s wall]
#   unit {'chunk': 111}: dumped 500 states 823 fails {'D2': 3} [1.1 s; 423 s wall]
#   unit {'chunk': 114}: dumped 500 states 992 fails {'D2': 2} [1.7 s; 439 s wall]
#   unit {'chunk': 154}: dumped 500 states 9571 fails {'D2': 4} [70.8 s; 937 s wall]
#   unit {'chunk': 160}: dumped 500 states 1334 fails {'D2': 3} [3.0 s; 1160 s wall]
#   unit {'chunk': 165}: dumped 500 states 1155 fails {'RT4': 8, 'D2': 8, 'K1': 3} [1.9 s; 1169 s wall]
#   unit {'chunk': 174}: dumped 500 states 1623 fails {'D2': 1} [3.7 s; 1195 s wall]
#   unit {'chunk': 188}: dumped 500 states 4429 fails {'RT4': 32, 'D2': 32, 'K1': 3} [10.0 s; 1249 s wall]
#   unit {'chunk': 189}: dumped 500 states 4279 fails {'RT4': 24, 'D2': 24, 'K1': 2} [11.6 s; 1261 s wall]
#   unit {'chunk': 196}: dumped 500 states 2345 fails {'D2': 16} [6.0 s; 1307 s wall]
#   unit {'chunk': 197}: dumped 500 states 3534 fails {'D2': 14} [9.1 s; 1316 s wall]
#   unit {'chunk': 198}: dumped 500 states 5138 fails {'D2': 15} [18.1 s; 1335 s wall]
#   unit {'chunk': 199}: dumped 500 states 5851 fails {'D2': 13} [19.5 s; 1354 s wall]
#   unit {'chunk': 200}: dumped 500 states 4219 fails {'D2': 114} [10.5 s; 1365 s wall]
#   unit {'chunk': 201}: dumped 500 states 512 fails {'D2': 488} [1.0 s; 1366 s wall]
#   unit {'chunk': 202}: dumped 500 states 500 fails {'D2': 500} [0.8 s; 1366 s wall]
#   unit {'chunk': 203}: dumped 500 states 500 fails {'D2': 500} [0.7 s; 1367 s wall]
#   unit {'chunk': 204}: dumped 500 states 500 fails {'D2': 500} [0.8 s; 1368 s wall]
#   unit {'chunk': 205}: dumped 500 states 665 fails {'D2': 335} [0.9 s; 1369 s wall]
#   unit {'chunk': 206}: dumped 500 states 759 fails {'D2': 241} [1.1 s; 1370 s wall]
#   unit {'chunk': 207}: dumped 500 states 965 fails {'D2': 101} [1.3 s; 1371 s wall]
#   unit {'chunk': 208}: dumped 500 states 2393 fails {'D2': 55} [1.6 s; 1373 s wall]
#   unit {'chunk': 234}: dumped 495 states 4275 fails {'D2': 8} [17.1 s; 1437 s wall]
#   unit {'chunk': 255}: dumped 495 states 1791 fails {'D2': 1} [1.2 s; 1547 s wall]
#   unit {'chunk': 284}: dumped 471 states 1189 fails {'D2': 30} [0.8 s; 1581 s wall]
#   unit {'chunk': 299}: dumped 500 states 2800 fails {'D2': 481} [1.5 s; 1729 s wall]
#   unit {'chunk': 300}: dumped 500 states 3165 fails {'D2': 299} [1.7 s; 1730 s wall]
#   unit {'chunk': 301}: dumped 500 states 2671 fails {'D2': 9} [1.7 s; 1732 s wall]
#   unit {'chunk': 307}: dumped 500 states 5050 fails {'D2': 326} [3.5 s; 1747 s wall]
#   unit {'chunk': 308}: dumped 500 states 5637 fails {'D2': 907} [2.7 s; 1750 s wall]
#   unit {'chunk': 309}: dumped 500 states 4049 fails {'D2': 454} [2.4 s; 1752 s wall]
#   unit {'chunk': 310}: dumped 500 states 1990 fails {'D2': 11} [0.9 s; 1753 s wall]
#   unit {'chunk': 312}: dumped 500 states 3042 fails {'D2': 819} [2.0 s; 1756 s wall]
#   unit {'chunk': 313}: dumped 500 states 2680 fails {'D2': 1155} [1.3 s; 1757 s wall]
#   unit {'chunk': 314}: dumped 500 states 2764 fails {'D2': 1154} [1.2 s; 1759 s wall]
#   unit {'chunk': 315}: dumped 500 states 3542 fails {'D2': 1093} [2.1 s; 1762 s wall]
#   unit {'chunk': 316}: dumped 500 states 3394 fails {'D2': 897} [2.3 s; 1763 s wall]
#   unit {'chunk': 317}: dumped 500 states 2824 fails {'D2': 1066} [1.8 s; 1765 s wall]
#   unit {'chunk': 318}: dumped 500 states 3036 fails {'D2': 1265} [1.5 s; 1766 s wall]
#   unit {'chunk': 319}: dumped 500 states 2522 fails {'D2': 1047} [1.1 s; 1767 s wall]
#   unit {'chunk': 320}: dumped 500 states 4160 fails {'D2': 1256} [3.5 s; 1771 s wall]
#   unit {'chunk': 321}: dumped 500 states 3196 fails {'D2': 788} [1.8 s; 1773 s wall]
#   unit {'chunk': 322}: dumped 500 states 4132 fails {'D2': 1234} [2.3 s; 1775 s wall]
#   unit {'chunk': 323}: dumped 500 states 3975 fails {'D2': 1165} [2.2 s; 1777 s wall]
#   unit {'chunk': 324}: dumped 500 states 3078 fails {'D2': 704} [1.6 s; 1779 s wall]
#   unit {'chunk': 325}: dumped 500 states 2148 fails {'D2': 432} [0.7 s; 1780 s wall]
#   unit {'chunk': 327}: dumped 500 states 4439 fails {'D2': 1212} [2.0 s; 1783 s wall]
#   unit {'chunk': 328}: dumped 500 states 5258 fails {'D2': 1932} [2.8 s; 1786 s wall]
#   unit {'chunk': 329}: dumped 500 states 6160 fails {'D2': 1768} [3.2 s; 1789 s wall]
#   unit {'chunk': 330}: dumped 500 states 5153 fails {'D2': 1855} [3.2 s; 1792 s wall]
#   unit {'chunk': 331}: dumped 500 states 5760 fails {'D2': 1926} [3.4 s; 1796 s wall]
#   unit {'chunk': 332}: dumped 500 states 6313 fails {'D2': 1808} [4.6 s; 1800 s wall]
#   unit {'chunk': 333}: dumped 500 states 6216 fails {'D2': 1784} [3.9 s; 1804 s wall]
#   unit {'chunk': 334}: dumped 500 states 2875 fails {'D2': 329} [1.9 s; 1806 s wall]
dumps_byf: profiles 168799 (omega >= 1: 168054), evaluated (f >= 1 with a state) 166323 (skipped as too large: 11); states 700635, keys with def* > 0 70749; by f: {"1": {"keys_pos": 14396, "profiles": 68395, "states": 366955}, "2": {"keys_pos": 19002, "profiles": 79208, "states": 258856}, "3": {"keys_pos": 37049, "profiles": 18696, "states": 74514}, "4": {"keys_pos": 302, "profiles": 24, "states": 310}}; 1806 s CPU
  nearest distance of the states (f|k: count): 1|1: 247568, 1|2: 87162, 1|3: 32225, 2|1: 199962, 2|2: 58819, 2|3: 75, 3|1: 26295, 3|2: 48136, 3|3: 83, 4|2: 306, 4|3: 4
  single RT4        tested   700635 FAILS     67 margin 0 | smallest repairs: 0|0|0|1 473825, 1|0|1|0 162780, 1|0|1|1 29202, 0|0|0|2 20470, 0|2|0|0 11172, 0|0|0|3 3115, 0|3|0|0 4 | smallest failure n=5 m=9 f=3 def=1 k4_certs_5_n4_4.json.gz#3206:108,86,1,108,27 B=[[7], [8], [3], [5], [6]]
  single RC3        tested   700635 FAILS      0 margin 1 | smallest repairs: 0|0|0|1 473825, 1|0|1|0 162780, 1|0|1|1 29202, 0|0|0|2 20470, 0|2|0|0 11172, 0|0|0|3 3115, 1|1|1|0 71
  single RC_W1      tested   700635 FAILS      0 margin 1 | smallest repairs: 0|0|0|1 473825, 1|0|1|0 162780, 1|0|1|1 29202, 0|0|0|2 20470, 0|2|0|0 11172, 0|0|0|3 3115, 1|1|1|0 71
  single RC         tested   700635 FAILS      0 margin 1 | smallest repairs: 0|0|0|1 473825, 1|0|1|0 162780, 1|0|1|1 29202, 0|0|0|2 20470, 0|2|0|0 11172, 0|0|0|3 3115, 1|1|1|0 71
  single RC_noneed  tested   700635 FAILS      0 margin 1 | smallest repairs: 0|0|0|1 473825, 1|0|1|0 162800, 1|0|1|1 29201, 0|0|0|2 20470, 0|2|0|0 11153, 0|0|0|3 3115, 1|1|1|0 71
  single RC_Yfree   tested   700635 FAILS      0 margin 1 | smallest repairs: 0|0|0|1 473825, 1|0|1|0 162780, 1|0|1|1 29202, 0|0|0|2 20470, 0|2|0|0 11172, 0|0|0|3 3115, 1|1|1|0 71
  single RC_Yany    tested   700635 FAILS      0 margin 2 | smallest repairs: 0|0|0|1 473825, 1|0|1|0 162780, 1|0|1|1 29202, 0|0|0|2 20470, 0|2|0|0 11172, 0|0|0|3 3115, 1|1|1|0 71
  single RC_U0      tested   700635 FAILS      0 margin 1 | smallest repairs: 0|0|0|1 473825, 1|0|1|0 162780, 1|0|1|1 29202, 0|0|0|2 20470, 0|2|0|0 11172, 0|0|0|3 3115, 1|1|1|0 71
  single RC3_noT4   tested   700635 FAILS      0 margin 1 | smallest repairs: 0|0|0|1 473825, 1|0|1|0 162780, 1|0|1|1 29384, 0|0|0|2 20470, 1|1|1|0 11061, 0|0|0|3 3115
  single NA3        tested   700635 FAILS      0 margin 1 | smallest repairs: 0|0|0|1 473825, 1|0|1|0 162800, 1|0|1|1 29201, 0|0|0|2 20470, 0|2|0|0 11153, 0|0|0|3 3115, 1|1|1|0 71
  single NA1        tested   700635 FAILS      0 margin 3 | smallest repairs: 0|0|0|1 473825, 1|0|1|0 162800, 1|0|1|1 29201, 0|0|0|2 20470, 0|2|0|0 11153, 0|0|0|3 3115, 1|1|1|0 71
  single NAbal      tested   700635 FAILS      0 margin 3 | smallest repairs: 0|0|0|1 473825, 1|0|1|0 162800, 1|0|1|1 29201, 0|0|0|2 20470, 0|2|0|0 11153, 0|0|0|3 3115, 1|1|1|0 71
  single NAall      tested   700635 FAILS      0 margin 3 | smallest repairs: 0|0|0|1 473825, 1|0|1|0 162800, 1|0|1|1 29201, 0|0|0|2 20470, 0|2|0|0 11153, 0|0|0|3 3115, 1|1|1|0 71
  single U1Z1       tested   700635 FAILS      0 margin 3 | smallest repairs: 0|0|0|1 473825, 1|0|1|0 162800, 1|0|1|1 29201, 0|0|0|2 20470, 0|2|0|0 11153, 0|0|0|3 3115, 1|1|1|0 71
  single D2         tested   700635 FAILS  32387 margin 0 | smallest repairs: 0|0|0|1 473825, 1|0|1|0 162800, 0|0|0|2 20470, 0|2|0|0 11153 | smallest failure n=3 m=7 f=1 def=1 k4_certs_3.json.gz#33:10,0,212 B=[[3], [2, 6], [4, 5]]
  single D3         tested   700635 FAILS      0 margin 1 | smallest repairs: 0|0|0|1 473825, 1|0|1|0 162800, 1|0|1|1 29201, 0|0|0|2 20470, 0|2|0|0 11153, 0|0|0|3 3115, 1|1|1|0 71
  single D4         tested   700635 FAILS      0 margin 3 | smallest repairs: 0|0|0|1 473825, 1|0|1|0 162800, 1|0|1|1 29201, 0|0|0|2 20470, 0|2|0|0 11153, 0|0|0|3 3115, 1|1|1|0 71
  single FR3        tested   700635 FAILS      0 margin 3 | smallest repairs: 0|0|0|1 473825, 1|0|1|0 162800, 1|0|1|1 29201, 0|0|0|2 20470, 0|2|0|0 11153, 0|0|0|3 3115, 1|1|1|0 71
  keyg   K1         tested    70749 FAILS     10 margin 0 | smallest repairs: 1|0|1|0 62885, 0|2|0|0 7837, 1|0|1|1 13, 0|3|0|0 4 | smallest failure n=5 m=9 f=3 def=1 k4_certs_5_n4_4.json.gz#3206:108,86,1,108,27 NA=[6, 7, 8] frozen={'0': [7], '1': [8], '4': [6]}
  keyg   K3b        tested    70749 FAILS      0 margin 6 | smallest repairs: 1|0|1|0 62885, 0|2|0|0 7837, 1|1|1|0 14, 1|0|1|1 13
  keyg   K3b_noT4   tested    70749 FAILS      0 margin 4 | smallest repairs: 1|0|1|0 62885, 1|1|1|0 7846, 1|0|1|1 18
  keyg   K3         tested    70749 FAILS      0 margin 6 | smallest repairs: 1|0|1|0 62885, 0|2|0|0 7837, 1|1|1|0 14, 1|0|1|1 13
  keyg   K2         tested    70749 FAILS      0 margin 6 | smallest repairs: 1|0|1|0 62885, 0|2|0|0 7837, 1|1|1|0 14, 1|0|1|1 13
  keyg   K2_noneed  tested    70749 FAILS      0 margin 6 | smallest repairs: 1|0|1|0 62885, 0|2|0|0 7837, 1|1|1|0 14, 1|0|1|1 13
  keyg   K2_Yany    tested    70749 FAILS      0 margin 6 | smallest repairs: 1|0|1|0 62885, 0|2|0|0 7837, 1|1|1|0 14, 1|0|1|1 13
  keyg   K4         tested    70749 FAILS      0 margin 6 | smallest repairs: 1|0|1|0 62885, 0|2|0|0 7837, 1|1|1|0 14, 1|0|1|1 13
  keyg   K5         tested    70749 FAILS      0 margin 6 | smallest repairs: 1|0|1|0 62885, 0|2|0|0 7837, 1|1|1|0 14, 1|0|1|1 13
  keyg   KU1        tested    70749 FAILS      0 margin 6 | smallest repairs: 1|0|1|0 62885, 0|2|0|0 7837, 1|1|1|0 14, 1|0|1|1 13
# wrote results/k4_portfolio/dumps_byf.json; 1810 s wall
