# command: python3 k4/portfolio_hunt.py --rounds=8 --slot=60 --jobs=1 --batch=24 --push --name=main
# seeds fail10: 10
# seeds hard: 12
# seeds rcores: 12
# seeds ext: 8
# 42 seeds; predicates ['RC3_noT4', 'K3b_noT4', 'RC3', 'K3b', 'NA3', 'RC_W1', 'K3', 'RC', 'K2', 'RC_noneed', 'RC_Yfree', 'RC_Yany', 'K2_noneed', 'K2_Yany', 'RC_U0', 'NA1', 'K4', 'D3', 'FR3', 'U1Z1', 'NAall', 'K5', 'KU1', 'D4']; dead from the state file []
# round 0: alive ['RC3_noT4', 'K3b_noT4', 'RC3', 'K3b', 'NA3', 'RC_W1', 'K3', 'RC', 'K2', 'RC_noneed', 'RC_Yfree', 'RC_Yany', 'K2_noneed', 'K2_Yany', 'RC_U0', 'NA1', 'K4', 'D3', 'FR3', 'U1Z1', 'NAall', 'K5', 'KU1', 'D4']; 48 tasks of 60 s on 1 jobs [0 s]
  task r0:RC3_noT4:count:fail10:k4_certs_5_n4_4.json.gz#3206[m=9,idx=364]:108,86,1,108,27: steps 581 evals 13944 best objective [5, 0] fails 0 [60.0 s]
  task r0:RC3_noT4:edge:fail10:k4_certs_5_n4_4.json.gz#3521[m=9,idx=679]:98,1,16,17,15: steps 623 evals 14952 best objective [0, 16] fails 0 [60.1 s]
  task r0:K3b_noT4:count:fail10:k4_certs_5_pure.json.gz#2614[m=10,idx=568]:6,11,45,0,4: steps 520 evals 12480 best objective [16, 0] fails 0 [60.2 s]
  task r0:K3b_noT4:edge:fail10:k4_certs_5_pure.json.gz#2614[m=10,idx=568]:1,11,39,16,0: steps 547 evals 13128 best objective [0, 16] fails 0 [60.0 s]
  task r0:RC3:count:fail10:k4_certs_5_pure.json.gz#4170[m=12,idx=25]:4,8,16,22,43: steps 344 evals 8256 best objective [10, 0] fails 0 [60.2 s]
  task r0:RC3:edge:fail10:k4_certs_5_pure.json.gz#4170[m=12,idx=25]:22,18,4,10,37: steps 322 evals 7728 best objective [0, 10] fails 0 [60.0 s]
  task r0:K3b:count:fail10:k4_certs_5_pure.json.gz#4214[m=12,idx=69]:12,12,18,11,43: steps 492 evals 11808 best objective [56, 0] fails 0 [60.2 s]
  task r0:K3b:edge:hard:k4_certs_4_pure.json.gz#123:7,196,11,3: steps 2098 evals 50352 best objective [63, 63] fails 0 [60.0 s]
  task r0:NA3:count:hard:k4_certs_5_n4_4.json.gz#5474:6,107,1,40,51: steps 3307 evals 79368 best objective [3, 0] fails 0 [60.0 s]
  task r0:NA3:edge:hard:dl134_xcheck_own.jsonl.gz#?:19,0,46,128: steps 4216 evals 101184 best objective [2, 4] fails 0 [60.0 s]
  task r0:RC_W1:count:hard:k4_certs_4_n4_2.json.gz#92:77,73,3,3: steps 3586 evals 86064 best objective [6, 0] fails 0 [60.0 s]
  task r0:RC_W1:edge:hard:dl13-n4m6-fswap: steps 6659 evals 159816 best objective [6, 6] fails 0 [60.0 s]
  task r0:K3:count:hard:rt4-n5m9-chain: steps 614 evals 14736 best objective [12, 0] fails 0 [60.0 s]
  task r0:K3:edge:hard:k4_certs_5_n4_4.json.gz#3521[m=9,idx=679]:98,1,16,17,15: steps 668 evals 16032 best objective [12, 12] fails 0 [60.1 s]
  task r0:RC:count:hard:k4_certs_4_n4_3.json.gz#150:75,12,37,4: steps 3158 evals 75792 best objective [12, 0] fails 0 [60.0 s]
  task r0:RC:edge:rcores:k4_certs_5_n4_3.json.gz#idx2652: steps 14188 evals 340512 best objective [1000000, 1000000] fails 0 [60.0 s]
  task r0:K2:count:rcores:k4_certs_5_n4_3.json.gz#idx251: steps 1542 evals 37008 best objective [1000000, 1000000] fails 0 [60.0 s]
  task r0:K2:edge:rcores:k4_certs_5_n4_3.json.gz#idx443: steps 11329 evals 271896 best objective [1000000, 1000000] fails 0 [60.0 s]
  task r0:RC_noneed:count:rcores:k4_certs_5_n4_4.json.gz#idx1482: steps 13156 evals 315744 best objective [1000000, 1000000] fails 0 [60.0 s]
# command: python3 k4/portfolio_hunt.py --rounds=8 --slot=60 --jobs=1 --batch=24 --push --name=main
# seeds fail10: 10
# seeds hard: 12
# seeds rcores: 12
# seeds ext: 8
# 42 seeds; predicates ['RC3_noT4', 'K3b_noT4', 'RC3', 'K3b', 'NA3', 'RC_W1', 'K3', 'RC', 'K2', 'RC_noneed', 'RC_Yfree', 'RC_Yany', 'K2_noneed', 'K2_Yany', 'RC_U0', 'NA1', 'K4', 'D3', 'FR3', 'U1Z1', 'NAall', 'K5', 'KU1', 'D4']; dead from the state file []
# round 0: alive ['RC3_noT4', 'K3b_noT4', 'RC3', 'K3b', 'NA3', 'RC_W1', 'K3', 'RC', 'K2', 'RC_noneed', 'RC_Yfree', 'RC_Yany', 'K2_noneed', 'K2_Yany', 'RC_U0', 'NA1', 'K4', 'D3', 'FR3', 'U1Z1', 'NAall', 'K5', 'KU1', 'D4']; 38 tasks of 60 s on 1 jobs [0 s]
  task r0:RC_W1:count:hard:k4_certs_5_n4_4.json.gz#8485:104,7,1,133,213: steps 1001 evals 24024 best objective [3, 0] fails 0 [60.0 s]
  task r0:RC_W1:edge:hard:k4_certs_5_n4_4.json.gz#8238:79,34,6,1,119: steps 1340 evals 32160 best objective [4, 4] fails 0 [60.0 s]
  task r0:K3:count:hard:k4_certs_5_n4_4.json.gz#8688:113,41,81,93,0: steps 839 evals 20136 best objective [1000000, 1000000] fails 0 [60.0 s]
  task r0:K3:edge:hard:k4_certs_5_n4_4.json.gz#8717:11,21,83,131,1: steps 689 evals 16536 best objective [60, 84] fails 0 [60.1 s]
  task r0:RC:count:hard:k4_certs_4_n4_2.json.gz#92:77,73,3,3: steps 3259 evals 78216 best objective [12, 0] fails 0 [60.0 s]
  task r0:RC:edge:rcores:k4_certs_5_n4_3.json.gz#idx251: steps 3157 evals 75768 best objective [20, 20] fails 0 [60.0 s]
  task r0:K2:count:rcores:k4_certs_5_n4_3.json.gz#idx494: steps 1160 evals 27840 best objective [60, 0] fails 0 [60.0 s]
  task r0:K2:edge:rcores:k4_certs_5_n4_3.json.gz#idx277: steps 1252 evals 30048 best objective [1000000, 1000000] fails 0 [60.0 s]
  task r0:RC_noneed:count:rcores:k4_certs_5_n4_4.json.gz#idx213: steps 1223 evals 29352 best objective [11, 0] fails 0 [60.0 s]
  task r0:RC_noneed:edge:rcores:k4_certs_5_n4_4.json.gz#idx95: steps 858 evals 20592 best objective [11, 11] fails 0 [60.1 s]
  task r0:RC_Yfree:count:rcores:k4_certs_5_pure.json.gz#idx293: steps 3223 evals 77352 best objective [12, 0] fails 0 [60.0 s]
  task r0:RC_Yfree:edge:rcores:k4_certs_5_pure.json.gz#idx383: steps 648 evals 15552 best objective [15, 15] fails 0 [60.2 s]
  task r0:RC_Yany:count:rcores:k4_certs_5_pure.json.gz#idx367: steps 1003 evals 24072 best objective [11, 0] fails 0 [60.2 s]
  task r0:RC_Yany:edge:ext:k4_certs_5_pure.json.gz#4170[m=12,idx=25]:22,18,4,10,37+[8, 9, 12, 13]: steps 527 evals 12648 best objective [2, 2] fails 0 [60.1 s]
  task r0:K2_noneed:count:ext:k4_certs_5_n4_4.json.gz#3521[m=9,idx=679]:98,1,16,17,15+[5, 6, 9, 10]: steps 704 evals 16896 best objective [21, 0] fails 0 [60.0 s]
  task r0:K2_noneed:edge:ext:k4_certs_5_pure.json.gz#4170[m=12,idx=25]:22,18,4,10,37+[6, 8, 11, 12]: steps 147 evals 3528 best objective [70, 70] fails 0 [60.2 s]
  task r0:K2_Yany:count:ext:k4_certs_5_pure.json.gz#4170[m=12,idx=25]:4,8,16,22,43+[2, 5, 8]: steps 461 evals 11064 best objective [1000000, 1000000] fails 0 [60.4 s]
  task r0:K2_Yany:edge:ext:k4_certs_5_pure.json.gz#4170[m=12,idx=25]:22,18,4,10,37+[8, 10, 11, 12]: steps 111 evals 2664 best objective [76, 76] fails 0 [60.1 s]
  task r0:RC_U0:count:fail10:k4_certs_5_n4_4.json.gz#3206[m=9,idx=364]:108,86,1,108,27: steps 1102 evals 26448 best objective [13, 0] fails 0 [60.0 s]
  task r0:RC_U0:edge:fail10:k4_certs_5_n4_4.json.gz#3521[m=9,idx=679]:98,1,16,17,15: steps 1304 evals 31296 best objective [13, 13] fails 0 [60.1 s]
  task r0:NA1:count:fail10:k4_certs_5_pure.json.gz#2614[m=10,idx=568]:6,11,45,0,4: steps 931 evals 22344 best objective [22, 0] fails 0 [60.0 s]
  task r0:NA1:edge:fail10:k4_certs_5_pure.json.gz#2614[m=10,idx=568]:1,11,39,16,0: steps 1137 evals 27288 best objective [9, 15] fails 0 [60.1 s]
  task r0:K4:count:fail10:k4_certs_5_pure.json.gz#4170[m=12,idx=25]:4,8,16,22,43: steps 585 evals 14040 best objective [96, 0] fails 0 [60.1 s]
  task r0:K4:edge:fail10:k4_certs_5_pure.json.gz#4170[m=12,idx=25]:22,18,4,10,37: steps 604 evals 14496 best objective [75, 96] fails 0 [60.1 s]
  task r0:D3:count:fail10:k4_certs_5_pure.json.gz#4214[m=12,idx=69]:12,12,18,11,43: steps 232 evals 5568 best objective [8, 0] fails 0 [60.1 s]
  task r0:D3:edge:hard:k4_certs_4_pure.json.gz#123:7,196,11,3: steps 1862 evals 44688 best objective [0, 4] fails 0 [60.0 s]
  task r0:FR3:count:hard:k4_certs_5_n4_4.json.gz#5474:6,107,1,40,51: steps 3275 evals 78600 best objective [27, 0] fails 0 [60.0 s]
  task r0:FR3:edge:hard:dl134_xcheck_own.jsonl.gz#?:19,0,46,128: steps 3743 evals 89832 best objective [4, 25] fails 0 [60.0 s]
  task r0:U1Z1:count:hard:k4_certs_5_n4_4.json.gz#8485:104,7,1,133,213: steps 1272 evals 30528 best objective [15, 0] fails 0 [60.0 s]
  task r0:U1Z1:edge:hard:k4_certs_5_n4_4.json.gz#8238:79,34,6,1,119: steps 1771 evals 42504 best objective [10, 10] fails 0 [60.0 s]
  task r0:NAall:count:hard:k4_certs_5_n4_4.json.gz#8688:113,41,81,93,0: steps 1408 evals 33792 best objective [5, 0] fails 0 [60.0 s]
  task r0:NAall:edge:hard:k4_certs_5_n4_4.json.gz#8717:11,21,83,131,1: steps 1708 evals 40992 best objective [5, 5] fails 0 [60.0 s]
  task r0:K5:count:hard:k4_certs_4_n4_2.json.gz#92:77,73,3,3: steps 2888 evals 69312 best objective [14, 0] fails 0 [60.0 s]
  task r0:K5:edge:rcores:k4_certs_5_n4_3.json.gz#idx251: steps 2042 evals 49008 best objective [1000000, 1000000] fails 0 [60.0 s]
  task r0:KU1:count:rcores:k4_certs_5_n4_3.json.gz#idx494: steps 1045 evals 25080 best objective [104, 0] fails 0 [60.0 s]
  task r0:KU1:edge:rcores:k4_certs_5_n4_3.json.gz#idx277: steps 1263 evals 30312 best objective [1000000, 1000000] fails 0 [60.0 s]
  task r0:D4:count:rcores:k4_certs_5_n4_4.json.gz#idx213: steps 1279 evals 30696 best objective [17, 0] fails 0 [60.0 s]
  task r0:D4:edge:rcores:k4_certs_5_n4_4.json.gz#idx95: steps 853 evals 20472 best objective [11, 26] fails 0 [60.0 s]
# round 1: alive ['RC3_noT4', 'K3b_noT4', 'RC3', 'K3b', 'NA3', 'RC_W1', 'K3', 'RC', 'K2', 'RC_noneed', 'RC_Yfree', 'RC_Yany', 'K2_noneed', 'K2_Yany', 'RC_U0', 'NA1', 'K4', 'D3', 'FR3', 'U1Z1', 'NAall', 'K5', 'KU1', 'D4']; 48 tasks of 60 s on 1 jobs [2282 s]
  task r1:RC3_noT4:count:fail10:k4_certs_5_pure.json.gz#4170[m=12,idx=25]:22,18,4,10,37: steps 295 evals 7080 best objective [10, 0] fails 0 [60.2 s]
  task r1:RC3_noT4:edge:fail10:k4_certs_5_pure.json.gz#4214[m=12,idx=69]:0,12,4,11,39: steps 233 evals 5592 best objective [0, 8] fails 0 [60.2 s]
  task r1:K3b_noT4:count:hard:k4_certs_4_pure.json.gz#123:7,196,11,3: steps 1370 evals 32880 best objective [1000000, 1000000] fails 0 [60.0 s]
  task r1:K3b_noT4:edge:hard:hunt_n5.jsonl.gz#?:17,110,42,8,129: steps 374 evals 8976 best objective [1000000, 1000000] fails 0 [60.2 s]
  task r1:RC3:count:hard:dl134_xcheck_own.jsonl.gz#?:19,0,46,128: steps 3052 evals 73248 best objective [2, 0] fails 0 [60.0 s]
  task r1:RC3:edge:hard:k4_certs_5_n4_4.json.gz#8106:26,163,261,214,5: steps 3745 evals 89880 best objective [5, 5] fails 0 [60.0 s]
  task r1:K3b:count:hard:k4_certs_5_n4_4.json.gz#8238:79,34,6,1,119: steps 1983 evals 47592 best objective [18, 0] fails 0 [60.0 s]
  task r1:K3b:edge:hard:k4_certs_5_n4_4.json.gz#8453:92,73,6,0,5: steps 742 evals 17808 best objective [36, 36] fails 0 [60.1 s]
  task r1:NA3:count:hard:k4_certs_5_n4_4.json.gz#8717:11,21,83,131,1: steps 1637 evals 39288 best objective [5, 0] fails 0 [60.0 s]
  task r1:NA3:edge:hard:k4_certs_5_n4_4.json.gz#8722:11,81,145,49,2: steps 3632 evals 87168 best objective [5, 5] fails 0 [60.0 s]
  task r1:RC_W1:count:rcores:k4_certs_5_n4_3.json.gz#idx251: steps 3132 evals 75168 best objective [20, 0] fails 0 [60.0 s]
  task r1:RC_W1:edge:rcores:k4_certs_5_n4_3.json.gz#idx442: steps 1856 evals 44544 best objective [8, 8] fails 0 [60.0 s]
  task r1:K3:count:rcores:k4_certs_5_n4_3.json.gz#idx277: steps 1342 evals 32208 best objective [1000000, 1000000] fails 0 [60.0 s]
  task r1:K3:edge:rcores:k4_certs_5_n4_4.json.gz#idx1009: steps 1940 evals 46560 best objective [1000000, 1000000] fails 0 [60.0 s]
  task r1:RC:count:rcores:k4_certs_5_n4_4.json.gz#idx95: steps 810 evals 19440 best objective [11, 0] fails 0 [60.0 s]
  task r1:RC:edge:rcores:k4_certs_5_n4_4.json.gz#idx1358: steps 484 evals 11616 best objective [19, 19] fails 0 [60.1 s]
  task r1:K2:count:rcores:k4_certs_5_pure.json.gz#idx383: steps 283 evals 6792 best objective [1000000, 1000000] fails 0 [60.1 s]
  task r1:K2:edge:rcores:k4_certs_5_pure.json.gz#idx388: steps 991 evals 23784 best objective [46, 46] fails 0 [60.1 s]
  task r1:RC_noneed:count:ext:k4_certs_5_pure.json.gz#4170[m=12,idx=25]:22,18,4,10,37+[8, 9, 12, 13]: steps 521 evals 12504 best objective [2, 0] fails 0 [60.1 s]
  task r1:RC_noneed:edge:ext:k4_certs_5_pure.json.gz#4170[m=12,idx=25]:1,12,8,3,11+[0, 5, 12]: steps 313 evals 7512 best objective [26, 26] fails 0 [60.1 s]
  task r1:RC_Yfree:count:ext:k4_certs_5_pure.json.gz#4170[m=12,idx=25]:22,18,4,10,37+[6, 8, 11, 12]: steps 71 evals 1704 best objective [16, 0] fails 0 [60.5 s]
  task r1:RC_Yfree:edge:ext:k4_certs_5_pure.json.gz#4214[m=12,idx=69]:0,12,4,11,39+[5, 7, 8]: steps 810 evals 19440 best objective [16, 16] fails 0 [60.1 s]
  task r1:RC_Yany:count:ext:k4_certs_5_pure.json.gz#4170[m=12,idx=25]:22,18,4,10,37+[8, 10, 11, 12]: steps 260 evals 6240 best objective [23, 0] fails 0 [60.0 s]
  task r1:RC_Yany:edge:ext:k4_certs_5_pure.json.gz#4214[m=12,idx=69]:0,12,4,11,39+[6, 8, 10, 11]: steps 745 evals 17880 best objective [16, 16] fails 0 [60.1 s]
  task r1:K2_noneed:count:fail10:k4_certs_5_n4_4.json.gz#3521[m=9,idx=679]:98,1,16,17,15: steps 953 evals 22872 best objective [16, 0] fails 0 [60.0 s]
  task r1:K2_noneed:edge:fail10:k4_certs_5_pure.json.gz#2614[m=10,idx=568]:6,9,43,24,24: steps 526 evals 12624 best objective [84, 84] fails 0 [60.0 s]
  task r1:K2_Yany:count:fail10:k4_certs_5_pure.json.gz#2614[m=10,idx=568]:1,11,39,16,0: steps 515 evals 12360 best objective [84, 0] fails 0 [60.1 s]
  task r1:K2_Yany:edge:fail10:k4_certs_5_pure.json.gz#4170[m=12,idx=25]:1,12,8,3,11: steps 578 evals 13872 best objective [75, 75] fails 0 [60.0 s]
  task r1:RC_U0:count:fail10:k4_certs_5_pure.json.gz#4170[m=12,idx=25]:22,18,4,10,37: steps 611 evals 14664 best objective [11, 0] fails 0 [60.1 s]
  task r1:RC_U0:edge:fail10:k4_certs_5_pure.json.gz#4214[m=12,idx=69]:0,12,4,11,39: steps 557 evals 13368 best objective [10, 10] fails 0 [60.1 s]
  task r1:NA1:count:hard:k4_certs_4_pure.json.gz#123:7,196,11,3: steps 4561 evals 109464 best objective [9, 0] fails 0 [60.0 s]
  task r1:NA1:edge:hard:hunt_n5.jsonl.gz#?:17,110,42,8,129: steps 1690 evals 40560 best objective [2, 66] fails 0 [60.0 s]
  task r1:K4:count:hard:dl134_xcheck_own.jsonl.gz#?:19,0,46,128: steps 3820 evals 91680 best objective [1000000, 1000000] fails 0 [60.0 s]
  task r1:K4:edge:hard:k4_certs_5_n4_4.json.gz#8106:26,163,261,214,5: steps 3480 evals 83520 best objective [1000000, 1000000] fails 0 [60.0 s]
  task r1:D3:count:hard:k4_certs_5_n4_4.json.gz#8238:79,34,6,1,119: steps 1886 evals 45264 best objective [4, 0] fails 0 [60.0 s]
  task r1:D3:edge:hard:k4_certs_5_n4_4.json.gz#8453:92,73,6,0,5: steps 1394 evals 33456 best objective [2, 18] fails 0 [60.0 s]
  task r1:FR3:count:hard:k4_certs_5_n4_4.json.gz#8717:11,21,83,131,1: steps 1722 evals 41328 best objective [5, 0] fails 0 [60.0 s]
  task r1:FR3:edge:hard:k4_certs_5_n4_4.json.gz#8722:11,81,145,49,2: steps 3783 evals 90792 best objective [5, 15] fails 0 [60.0 s]
  task r1:U1Z1:count:rcores:k4_certs_5_n4_3.json.gz#idx251: steps 3214 evals 77136 best objective [21, 0] fails 0 [60.0 s]
  task r1:U1Z1:edge:rcores:k4_certs_5_n4_3.json.gz#idx442: steps 3190 evals 76560 best objective [13, 13] fails 0 [60.0 s]
  task r1:NAall:count:rcores:k4_certs_5_n4_3.json.gz#idx277: steps 2495 evals 59880 best objective [7, 0] fails 0 [60.0 s]
  task r1:NAall:edge:rcores:k4_certs_5_n4_4.json.gz#idx1009: steps 2395 evals 57480 best objective [21, 21] fails 0 [60.0 s]
  task r1:K5:count:rcores:k4_certs_5_n4_4.json.gz#idx95: steps 304 evals 7296 best objective [2856, 0] fails 0 [60.0 s]
  task r1:K5:edge:rcores:k4_certs_5_n4_4.json.gz#idx1358: steps 503 evals 12072 best objective [640, 656] fails 0 [60.0 s]
  task r1:KU1:count:rcores:k4_certs_5_pure.json.gz#idx383: steps 310 evals 7440 best objective [1000000, 1000000] fails 0 [60.0 s]
  task r1:KU1:edge:rcores:k4_certs_5_pure.json.gz#idx388: steps 1019 evals 24456 best objective [56, 56] fails 0 [60.1 s]
  task r1:D4:count:ext:k4_certs_5_pure.json.gz#4170[m=12,idx=25]:22,18,4,10,37+[8, 9, 12, 13]: steps 354 evals 8496 best objective [32, 0] fails 0 [60.3 s]
  task r1:D4:edge:ext:k4_certs_5_pure.json.gz#4170[m=12,idx=25]:1,12,8,3,11+[0, 5, 12]: steps 768 evals 18432 best objective [30, 87] fails 0 [60.0 s]
# round 2: alive ['RC3_noT4', 'K3b_noT4', 'RC3', 'K3b', 'NA3', 'RC_W1', 'K3', 'RC', 'K2', 'RC_noneed', 'RC_Yfree', 'RC_Yany', 'K2_noneed', 'K2_Yany', 'RC_U0', 'NA1', 'K4', 'D3', 'FR3', 'U1Z1', 'NAall', 'K5', 'KU1', 'D4']; 48 tasks of 60 s on 1 jobs [5166 s]
  task r2:RC3_noT4:count:hard:k4_certs_5_n4_4.json.gz#8106:26,163,261,214,5: steps 4022 evals 96528 best objective [2, 0] fails 0 [60.0 s]
  task r2:RC3_noT4:edge:hard:k4_certs_5_n4_4.json.gz#8485:104,7,1,133,213: steps 1043 evals 25032 best objective [3, 3] fails 0 [60.0 s]
  task r2:K3b_noT4:count:hard:k4_certs_5_n4_4.json.gz#8453:92,73,6,0,5: steps 749 evals 17976 best objective [24, 0] fails 0 [60.0 s]
  task r2:K3b_noT4:edge:hard:k4_certs_5_n4_4.json.gz#8688:113,41,81,93,0: steps 991 evals 23784 best objective [1000000, 1000000] fails 0 [60.0 s]
  task r2:RC3:count:hard:k4_certs_5_n4_4.json.gz#8722:11,81,145,49,2: steps 3810 evals 91440 best objective [5, 0] fails 0 [60.0 s]
  task r2:RC3:edge:hard:k4_certs_4_n4_2.json.gz#92:77,73,3,3: steps 3520 evals 84480 best objective [2, 6] fails 0 [60.0 s]
  task r2:K3b:count:rcores:k4_certs_5_n4_3.json.gz#idx442: steps 1826 evals 43824 best objective [8, 0] fails 0 [60.0 s]
  task r2:K3b:edge:rcores:k4_certs_5_n4_3.json.gz#idx494: steps 1392 evals 33408 best objective [37, 41] fails 0 [60.0 s]
# command: python3 k4/portfolio_hunt.py --rounds=12 --slot=90 --jobs=3 --batch=24 --push --name=main
# seeds fail10: 10
Traceback (most recent call last):
  File "/home/user/efx0-three-goods/k4/portfolio_hunt.py", line 415, in <module>
    main()
  File "/home/user/efx0-three-goods/k4/portfolio_hunt.py", line 371, in main
    got = {'fail10': seeds_fail10, 'hard': seeds_hard, 'hard5': lambda: seeds_hard(12, 5), 'rcores': seeds_rcores,
          ^^^^^^^^^^^^^^^^^^^^^^^^^^^^^^^^^^^^^^^^^^^^^^^^^^^^^^^^^^^^^^^^^^^^^^^^^^^^^^^^^^^^^^^^^^^^^^^^^^^^^^^^
  File "/home/user/efx0-three-goods/k4/portfolio_hunt.py", line 85, in seeds_hard
    for h in d.get('agg', {}).get('hard', []):
             ^^^^^
AttributeError: 'list' object has no attribute 'get'
# command: python3 k4/portfolio_hunt.py --rounds=12 --slot=90 --jobs=3 --batch=24 --push --name=main
# seeds fail10: 10
# seeds hard: 12
# seeds rcores: 12
# seeds ext: 8
# 42 seeds (18 with a key of def* > 0); predicates ['RC3_noT4', 'K3b_noT4', 'RC3', 'K3b', 'NA3', 'RC_W1', 'K3', 'RC', 'K2', 'RC_noneed', 'RC_Yfree', 'RC_Yany', 'K2_noneed', 'K2_Yany', 'RC_U0', 'NA1', 'K4', 'D3', 'FR3', 'U1Z1', 'NAall', 'K5', 'KU1', 'D4']; dead from the state file []
# round 0: alive ['RC3_noT4', 'K3b_noT4', 'RC3', 'K3b', 'NA3', 'RC_W1', 'K3', 'RC', 'K2', 'RC_noneed', 'RC_Yfree', 'RC_Yany', 'K2_noneed', 'K2_Yany', 'RC_U0', 'NA1', 'K4', 'D3', 'FR3', 'U1Z1', 'NAall', 'K5', 'KU1', 'D4']; 22 tasks of 90 s on 3 jobs [0 s]
  task r0:RC_W1:edge:hard:k4_certs_5_n4_4.json.gz#8485:104,7,1,133,213: steps 1690 evals 40560 best objective [3, 3] fails 0 [90.0 s]
  task r0:RC_W1:count:hard:k4_certs_5_pure.json.gz#4551:21,2,18,2,15[bt]: steps 1051 evals 25224 best objective [3, 0] fails 0 [90.1 s]
  task r0:K3b:edge:hard:k4_certs_5_pure.json.gz#4551:21,2,18,2,15[bt]: steps 503 evals 12072 best objective [22, 35] fails 0 [90.1 s]
  task r0:K3:count:fail10:k4_certs_5_n4_4.json.gz#3206[m=9,idx=364]:108,86,1,108,27: steps 924 evals 22176 best objective [12, 0] fails 0 [90.0 s]
  task r0:K3:edge:fail10:k4_certs_5_n4_4.json.gz#3521[m=9,idx=679]:98,1,16,17,15: steps 1086 evals 26064 best objective [12, 12] fails 0 [90.0 s]
  task r0:RC:count:hard:k4_certs_5_pure.json.gz#2619:22,22,39,0,26[bt]: steps 1420 evals 34080 best objective [5, 0] fails 0 [90.0 s]
  task r0:K2:edge:fail10:k4_certs_5_pure.json.gz#4170[m=12,idx=25]:22,18,4,10,37: steps 938 evals 22512 best objective [75, 75] fails 0 [90.0 s]
  task r0:K2:count:fail10:k4_certs_5_pure.json.gz#4170[m=12,idx=25]:4,8,16,22,43: steps 889 evals 21336 best objective [75, 0] fails 0 [90.1 s]
  task r0:K2_noneed:count:fail10:k4_certs_5_n4_4.json.gz#3206[m=9,idx=364]:108,86,1,108,27: steps 1321 evals 31704 best objective [16, 0] fails 0 [90.0 s]
  task r0:K2_Yany:count:fail10:k4_certs_5_pure.json.gz#2614[m=10,idx=568]:6,11,45,0,4: steps 878 evals 21072 best objective [84, 0] fails 0 [90.0 s]
  task r0:K2_noneed:edge:fail10:k4_certs_5_n4_4.json.gz#3521[m=9,idx=679]:98,1,16,17,15: steps 1606 evals 38544 best objective [16, 16] fails 0 [90.0 s]
  task r0:K2_Yany:edge:fail10:k4_certs_5_pure.json.gz#2614[m=10,idx=568]:1,11,39,16,0: steps 900 evals 21600 best objective [84, 84] fails 0 [90.1 s]
  task r0:K4:count:hard:k4_certs_5_pure.json.gz#4227:4,2,10,20,44[bt]: steps 2082 evals 49968 best objective [64, 0] fails 0 [90.0 s]
  task r0:K4:edge:hard:k4_certs_5_pure.json.gz#4604:10,20,2,10,10[bt]: steps 1881 evals 45144 best objective [52, 64] fails 0 [90.0 s]
  task r0:U1Z1:count:hard:k4_certs_5_pure.json.gz#4551:21,2,18,2,15[bt]: steps 1284 evals 30816 best objective [8, 0] fails 0 [90.1 s]
  task r0:U1Z1:edge:hard:k4_certs_5_n4_4.json.gz#8485:104,7,1,133,213: steps 1843 evals 44232 best objective [12, 48] fails 0 [90.0 s]
  task r0:NAall:edge:hard:k4_certs_5_pure.json.gz#3465:5,9,18,40,40[bt]: steps 662 evals 15888 best objective [24, 24] fails 0 [90.0 s]
  task r0:NAall:count:hard:k4_certs_5_pure.json.gz#4604:10,20,2,10,10[bt]: steps 1588 evals 38112 best objective [7, 0] fails 0 [90.3 s]
  task r0:K5:count:fail10:k4_certs_5_pure.json.gz#4214[m=12,idx=69]:12,12,18,11,43: steps 831 evals 19944 best objective [150, 0] fails 0 [90.1 s]
  task r0:K5:edge:hard:k4_certs_5_pure.json.gz#4551:21,2,18,2,15[bt]: steps 1020 evals 24480 best objective [48, 48] fails 0 [90.0 s]
  task r0:KU1:count:hard:k4_certs_5_pure.json.gz#4227:4,2,10,20,44[bt]: steps 2139 evals 51336 best objective [64, 0] fails 0 [90.1 s]
  task r0:KU1:edge:hard:k4_certs_5_pure.json.gz#4604:10,20,2,10,10[bt]: steps 1979 evals 47496 best objective [64, 64] fails 0 [90.0 s]
# round 1: alive ['RC3_noT4', 'K3b_noT4', 'RC3', 'K3b', 'NA3', 'RC_W1', 'K3', 'RC', 'K2', 'RC_noneed', 'RC_Yfree', 'RC_Yany', 'K2_noneed', 'K2_Yany', 'RC_U0', 'NA1', 'K4', 'D3', 'FR3', 'U1Z1', 'NAall', 'K5', 'KU1', 'D4']; 24 tasks of 90 s on 3 jobs [720 s]
  task r1:K3b_noT4:count:hard:k4_certs_5_pure.json.gz#4551:21,2,18,2,15[bt]: steps 555 evals 13320 best objective [35, 0] fails 0 [90.0 s]
  task r1:K3b:count:hard:k4_certs_5_pure.json.gz#2619:22,22,39,0,26[bt]: steps 1409 evals 33816 best objective [20, 0] fails 0 [90.0 s]
  task r1:K3b_noT4:edge:hard:k4_certs_5_n4_4.json.gz#8485:104,7,1,133,213: steps 1595 evals 38280 best objective [39, 39] fails 0 [90.1 s]
  task r1:K3b:edge:ext:k4_certs_5_n4_4.json.gz#3521[m=9,idx=679]:98,1,16,17,15+[5, 6, 9, 10]: steps 1210 evals 29040 best objective [9, 21] fails 0 [90.0 s]
  task r1:NA3:edge:hard:k4_certs_5_pure.json.gz#2740:6,16,16,21,10[bt]: steps 2286 evals 54864 best objective [4, 4] fails 0 [90.0 s]
  task r1:NA3:count:hard:k4_certs_5_pure.json.gz#3465:5,9,18,40,40[bt]: steps 619 evals 14856 best objective [12, 0] fails 0 [90.1 s]
  task r1:K3:count:fail10:k4_certs_5_pure.json.gz#4170[m=12,idx=25]:22,18,4,10,37: steps 934 evals 22416 best objective [75, 0] fails 0 [90.0 s]
  task r1:K2:count:hard:k4_certs_5_pure.json.gz#4604:10,20,2,10,10[bt]: steps 1924 evals 46176 best objective [52, 0] fails 0 [90.0 s]
  task r1:K3:edge:fail10:k4_certs_5_pure.json.gz#4214[m=12,idx=69]:0,12,4,11,39: steps 844 evals 20256 best objective [56, 68] fails 0 [90.1 s]
  task r1:K2_noneed:count:fail10:k4_certs_5_pure.json.gz#4170[m=12,idx=25]:22,18,4,10,37: steps 986 evals 23664 best objective [75, 0] fails 0 [90.0 s]
  task r1:K2:edge:hard:k4_certs_5_pure.json.gz#3465:5,9,18,40,40[bt]: steps 687 evals 16488 best objective [78, 78] fails 0 [90.1 s]
  task r1:K2_noneed:edge:fail10:k4_certs_5_pure.json.gz#4214[m=12,idx=69]:0,12,4,11,39: steps 944 evals 22656 best objective [68, 68] fails 0 [90.0 s]
  task r1:K2_Yany:count:hard:k4_certs_5_pure.json.gz#4551:21,2,18,2,15[bt]: steps 1113 evals 26712 best objective [39, 0] fails 0 [90.0 s]
  task r1:K2_Yany:edge:hard:k4_certs_5_n4_4.json.gz#8485:104,7,1,133,213: steps 1729 evals 41496 best objective [39, 39] fails 0 [90.0 s]
  task r1:K4:count:fail10:k4_certs_5_n4_4.json.gz#3521[m=9,idx=679]:98,1,16,17,15: steps 1572 evals 37728 best objective [16, 0] fails 0 [90.0 s]
  task r1:D3:count:hard:k4_certs_5_n4_4.json.gz#8485:104,7,1,133,213: steps 1571 evals 37704 best objective [12, 0] fails 0 [90.0 s]
  task r1:K4:edge:fail10:k4_certs_5_pure.json.gz#2614[m=10,idx=568]:6,9,43,24,24: steps 943 evals 22632 best objective [84, 112] fails 0 [90.1 s]
  task r1:D3:edge:hard:k4_certs_5_pure.json.gz#4227:4,2,10,20,44[bt]: steps 445 evals 10680 best objective [2, 18] fails 0 [90.3 s]
  task r1:FR3:edge:hard:k4_certs_5_pure.json.gz#2740:6,16,16,21,10[bt]: steps 2071 evals 49704 best objective [4, 4] fails 0 [90.0 s]
  task r1:FR3:count:hard:k4_certs_5_pure.json.gz#3465:5,9,18,40,40[bt]: steps 1033 evals 24792 best objective [18, 0] fails 0 [90.1 s]
  task r1:K5:count:hard:k4_certs_5_pure.json.gz#2619:22,22,39,0,26[bt]: steps 1747 evals 41928 best objective [68, 0] fails 0 [90.0 s]
  task r1:KU1:count:fail10:k4_certs_5_n4_4.json.gz#3521[m=9,idx=679]:98,1,16,17,15: steps 1585 evals 38040 best objective [16, 0] fails 0 [90.0 s]
  task r1:K5:edge:ext:k4_certs_5_n4_4.json.gz#3521[m=9,idx=679]:98,1,16,17,15+[5, 6, 9, 10]: steps 1313 evals 31512 best objective [29, 130] fails 0 [90.1 s]
  task r1:KU1:edge:fail10:k4_certs_5_pure.json.gz#2614[m=10,idx=568]:6,9,43,24,24: steps 906 evals 21744 best objective [112, 112] fails 0 [90.1 s]
# round 2: alive ['RC3_noT4', 'K3b_noT4', 'RC3', 'K3b', 'NA3', 'RC_W1', 'K3', 'RC', 'K2', 'RC_noneed', 'RC_Yfree', 'RC_Yany', 'K2_noneed', 'K2_Yany', 'RC_U0', 'NA1', 'K4', 'D3', 'FR3', 'U1Z1', 'NAall', 'K5', 'KU1', 'D4']; 47 tasks of 90 s on 3 jobs [1441 s]
  task r2:K3b_noT4:count:ext:k4_certs_5_n4_4.json.gz#3521[m=9,idx=679]:98,1,16,17,15+[5, 6, 9, 10]: steps 1274 evals 30576 best objective [21, 0] fails 0 [90.0 s]
  task r2:K3b_noT4:edge:fail10:k4_certs_5_n4_4.json.gz#3206[m=9,idx=364]:108,86,1,108,27: steps 927 evals 22248 best objective [0, 16] fails 0 [90.0 s]
  task r2:RC3_noT4:edge:hard:k4_certs_5_pure.json.gz#4551:21,2,18,2,15[bt]: steps 580 evals 13920 best objective [2, 10] fails 0 [90.1 s]
  task r2:RC3:count:hard:k4_certs_5_pure.json.gz#2740:6,16,16,21,10[bt]: steps 2644 evals 63456 best objective [4, 0] fails 0 [90.0 s]
  task r2:RC3:edge:hard:k4_certs_5_pure.json.gz#2619:22,22,39,0,26[bt]: steps 1584 evals 38016 best objective [5, 5] fails 0 [90.0 s]
  task r2:K3b:count:fail10:k4_certs_5_pure.json.gz#4170[m=12,idx=25]:1,12,8,3,11: steps 958 evals 22992 best objective [63, 0] fails 0 [90.0 s]
  task r2:NA3:count:rcores:k4_certs_5_n4_4.json.gz#idx1009: steps 4953 evals 118872 best objective [20, 0] fails 0 [90.0 s]
  task r2:NA3:edge:rcores:k4_certs_5_n4_4.json.gz#idx213: steps 2108 evals 50592 best objective [11, 11] fails 0 [90.0 s]
  task r2:K3b:edge:fail10:k4_certs_5_pure.json.gz#4170[m=12,idx=25]:4,8,16,22,43: steps 628 evals 15072 best objective [0, 70] fails 0 [90.1 s]
  task r2:RC_W1:count:rcores:k4_certs_5_n4_4.json.gz#idx1358: steps 819 evals 19656 best objective [19, 0] fails 0 [90.0 s]
  task r2:RC_W1:edge:rcores:k4_certs_5_pure.json.gz#idx293: steps 6046 evals 145104 best objective [13, 13] fails 0 [90.0 s]
  task r2:K3:count:hard:k4_certs_5_pure.json.gz#3465:5,9,18,40,40[bt]: steps 663 evals 15912 best objective [78, 0] fails 0 [90.1 s]
  task r2:K3:edge:hard:k4_certs_5_pure.json.gz#2740:6,16,16,21,10[bt]: steps 1005 evals 24120 best objective [7, 7] fails 0 [90.0 s]
  task r2:RC:count:ext:k4_certs_5_pure.json.gz#4170[m=12,idx=25]:1,12,8,3,11+[0, 5, 12]: steps 766 evals 18384 best objective [11, 0] fails 0 [90.1 s]
  task r2:RC:edge:ext:k4_certs_5_n4_4.json.gz#3521[m=9,idx=679]:98,1,16,17,15+[5, 6, 9, 10]: steps 1058 evals 25392 best objective [15, 15] fails 0 [90.1 s]
  task r2:K2:edge:fail10:k4_certs_5_pure.json.gz#2614[m=10,idx=568]:6,11,45,0,4: steps 825 evals 19800 best objective [48, 84] fails 0 [90.0 s]
  task r2:K2:count:fail10:k4_certs_5_pure.json.gz#2614[m=10,idx=568]:6,9,43,24,24: steps 814 evals 19536 best objective [84, 0] fails 0 [90.1 s]
  task r2:RC_noneed:count:ext:k4_certs_5_pure.json.gz#4214[m=12,idx=69]:0,12,4,11,39+[6, 8, 10, 11]: steps 1756 evals 42144 best objective [14, 0] fails 0 [90.4 s]
  task r2:RC_noneed:edge:fail10:k4_certs_5_n4_4.json.gz#3206[m=9,idx=364]:108,86,1,108,27: steps 1332 evals 31968 best objective [15, 15] fails 0 [90.1 s]
  task r2:RC_Yfree:count:fail10:k4_certs_5_pure.json.gz#2614[m=10,idx=568]:6,9,43,24,24: steps 3191 evals 76584 best objective [9, 0] fails 0 [90.0 s]
  task r2:RC_Yfree:edge:fail10:k4_certs_5_pure.json.gz#2614[m=10,idx=568]:6,11,45,0,4: steps 1397 evals 33528 best objective [9, 9] fails 0 [90.1 s]
  task r2:RC_Yany:count:fail10:k4_certs_5_pure.json.gz#4170[m=12,idx=25]:1,12,8,3,11: steps 714 evals 17136 best objective [8, 0] fails 0 [90.1 s]
  task r2:RC_Yany:edge:fail10:k4_certs_5_pure.json.gz#4170[m=12,idx=25]:4,8,16,22,43: steps 824 evals 19776 best objective [11, 11] fails 0 [90.1 s]
  task r2:K2_noneed:count:hard:k4_certs_5_pure.json.gz#3465:5,9,18,40,40[bt]: steps 612 evals 14688 best objective [78, 0] fails 0 [90.1 s]
  task r2:K2_noneed:edge:hard:k4_certs_5_pure.json.gz#2740:6,16,16,21,10[bt]: steps 1005 evals 24120 best objective [7, 7] fails 0 [90.0 s]
  task r2:K2_Yany:count:ext:k4_certs_5_n4_4.json.gz#3521[m=9,idx=679]:98,1,16,17,15+[5, 6, 9, 10]: steps 1126 evals 27024 best objective [21, 0] fails 0 [90.0 s]
  task r2:K2_Yany:edge:fail10:k4_certs_5_n4_4.json.gz#3206[m=9,idx=364]:108,86,1,108,27: steps 1215 evals 29160 best objective [16, 16] fails 0 [90.0 s]
  task r2:RC_U0:count:hard:k4_certs_5_n4_4.json.gz#8106:26,163,261,214,5: steps 6834 evals 164016 best objective [5, 0] fails 0 [90.0 s]
  task r2:RC_U0:edge:hard:k4_certs_5_pure.json.gz#4551:21,2,18,2,15[bt]: steps 1032 evals 24768 best objective [3, 3] fails 0 [90.1 s]
  task r2:NA1:count:hard:k4_certs_5_pure.json.gz#4227:4,2,10,20,44[bt]: steps 2681 evals 64344 best objective [8, 0] fails 0 [90.0 s]
  task r2:NA1:edge:hard:k4_certs_5_pure.json.gz#4604:10,20,2,10,10[bt]: steps 1754 evals 42096 best objective [4, 16] fails 0 [90.0 s]
  task r2:K4:count:fail10:k4_certs_5_pure.json.gz#4214[m=12,idx=69]:0,12,4,11,39: steps 832 evals 19968 best objective [87, 0] fails 0 [90.0 s]
  task r2:K4:edge:fail10:k4_certs_5_pure.json.gz#4214[m=12,idx=69]:12,12,18,11,43: steps 811 evals 19464 best objective [68, 87] fails 0 [90.0 s]
  task r2:D3:count:rcores:k4_certs_5_n4_3.json.gz#idx442: steps 2827 evals 67848 best objective [8, 0] fails 0 [90.0 s]
  task r2:D3:edge:rcores:k4_certs_5_n4_3.json.gz#idx494: steps 3896 evals 93504 best objective [11, 30] fails 0 [90.0 s]
  task r2:FR3:count:rcores:k4_certs_5_n4_4.json.gz#idx1009: steps 5675 evals 136200 best objective [21, 0] fails 0 [90.0 s]
  task r2:FR3:edge:rcores:k4_certs_5_n4_4.json.gz#idx213: steps 2029 evals 48696 best objective [11, 33] fails 0 [90.1 s]
  task r2:U1Z1:count:rcores:k4_certs_5_n4_4.json.gz#idx1358: steps 2499 evals 59976 best objective [46, 0] fails 0 [90.1 s]
  task r2:U1Z1:edge:rcores:k4_certs_5_pure.json.gz#idx293: steps 6158 evals 147792 best objective [17, 17] fails 0 [90.0 s]
  task r2:NAall:count:rcores:k4_certs_5_pure.json.gz#idx388: steps 3904 evals 93696 best objective [5, 0] fails 0 [90.0 s]
  task r2:NAall:edge:rcores:k4_certs_5_pure.json.gz#idx367: steps 1440 evals 34560 best objective [11, 38] fails 0 [90.0 s]
  task r2:K5:count:fail10:k4_certs_5_pure.json.gz#4170[m=12,idx=25]:1,12,8,3,11: steps 780 evals 18720 best objective [168, 0] fails 0 [90.0 s]
  task r2:K5:edge:fail10:k4_certs_5_pure.json.gz#4170[m=12,idx=25]:4,8,16,22,43: steps 577 evals 13848 best objective [96, 168] fails 0 [90.1 s]
  task r2:KU1:count:fail10:k4_certs_5_pure.json.gz#4214[m=12,idx=69]:0,12,4,11,39: steps 511 evals 12264 best objective [87, 0] fails 0 [90.4 s]
  task r2:KU1:edge:fail10:k4_certs_5_pure.json.gz#4214[m=12,idx=69]:12,12,18,11,43: steps 447 evals 10728 best objective [87, 87] fails 0 [90.2 s]
  task r2:D4:count:ext:k4_certs_5_pure.json.gz#4214[m=12,idx=69]:0,12,4,11,39+[6, 8, 10, 11]: steps 1880 evals 45120 best objective [24, 0] fails 0 [90.0 s]
  task r2:D4:edge:fail10:k4_certs_5_n4_4.json.gz#3206[m=9,idx=364]:108,86,1,108,27: steps 813 evals 19512 best objective [5, 26] fails 0 [90.1 s]
# round 3: alive ['RC3_noT4', 'K3b_noT4', 'RC3', 'K3b', 'NA3', 'RC_W1', 'K3', 'RC', 'K2', 'RC_noneed', 'RC_Yfree', 'RC_Yany', 'K2_noneed', 'K2_Yany', 'RC_U0', 'NA1', 'K4', 'D3', 'FR3', 'U1Z1', 'NAall', 'K5', 'KU1', 'D4']; 48 tasks of 90 s on 3 jobs [2882 s]
  task r3:RC3_noT4:count:hard:k4_certs_5_pure.json.gz#2619:22,22,39,0,26[bt]: steps 937 evals 22488 best objective [5, 0] fails 0 [90.1 s]
  task r3:RC3_noT4:edge:rcores:k4_certs_5_n4_3.json.gz#idx251: steps 2237 evals 53688 best objective [15, 17] fails 0 [90.1 s]
  task r3:K3b_noT4:count:fail10:k4_certs_5_pure.json.gz#4170[m=12,idx=25]:4,8,16,22,43: steps 575 evals 13800 best objective [63, 0] fails 0 [90.2 s]
  task r3:K3b_noT4:edge:fail10:k4_certs_5_pure.json.gz#4170[m=12,idx=25]:22,18,4,10,37: steps 408 evals 9792 best objective [0, 70] fails 0 [90.0 s]
  task r3:RC3:count:rcores:k4_certs_5_n4_4.json.gz#idx213: steps 1478 evals 35472 best objective [11, 0] fails 0 [90.0 s]
  task r3:RC3:edge:rcores:k4_certs_5_n4_4.json.gz#idx95: steps 101 evals 2424 best objective [6, 8] fails 0 [90.0 s]
  task r3:K3b:edge:hard:k4_certs_5_pure.json.gz#4604:10,20,2,10,10[bt]: steps 1160 evals 27840 best objective [52, 52] fails 0 [90.0 s]
  task r3:K3b:count:hard:k4_certs_5_pure.json.gz#4227:4,2,10,20,44[bt]: steps 1423 evals 34152 best objective [52, 0] fails 0 [90.1 s]
  task r3:NA3:count:rcores:k4_certs_5_pure.json.gz#idx367: steps 408 evals 9792 best objective [4, 0] fails 0 [90.5 s]
  task r3:RC_W1:count:ext:k4_certs_5_n4_4.json.gz#3521[m=9,idx=679]:98,1,16,17,15+[5, 6, 9, 10]: steps 790 evals 18960 best objective [15, 0] fails 0 [90.0 s]
  task r3:RC_W1:edge:ext:k4_certs_5_pure.json.gz#4170[m=12,idx=25]:22,18,4,10,37+[6, 8, 11, 12]: steps 485 evals 11640 best objective [13, 34] fails 0 [90.1 s]
  task r3:NA3:edge:ext:k4_certs_5_pure.json.gz#4170[m=12,idx=25]:22,18,4,10,37+[8, 9, 12, 13]: steps 123 evals 2952 best objective [6, 6] fails 0 [91.2 s]
  task r3:K3:count:fail10:k4_certs_5_pure.json.gz#2614[m=10,idx=568]:6,11,45,0,4: steps 781 evals 18744 best objective [48, 0] fails 0 [90.0 s]
  task r3:K3:edge:fail10:k4_certs_5_pure.json.gz#2614[m=10,idx=568]:1,11,39,16,0: steps 764 evals 18336 best objective [16, 48] fails 0 [90.1 s]
  task r3:RC:count:fail10:k4_certs_5_n4_4.json.gz#3206[m=9,idx=364]:108,86,1,108,27: steps 937 evals 22488 best objective [12, 0] fails 0 [90.1 s]
  task r3:RC:edge:fail10:k4_certs_5_n4_4.json.gz#3521[m=9,idx=679]:98,1,16,17,15: steps 1080 evals 25920 best objective [8, 16] fails 0 [90.1 s]
  task r3:K2:count:fail10:k4_certs_5_pure.json.gz#4214[m=12,idx=69]:12,12,18,11,43: steps 818 evals 19632 best objective [68, 0] fails 0 [90.2 s]
  task r3:K2:edge:hard:k4_certs_5_pure.json.gz#4551:21,2,18,2,15[bt]: steps 1033 evals 24792 best objective [39, 39] fails 0 [90.2 s]
  task r3:RC_noneed:count:fail10:k4_certs_5_pure.json.gz#4170[m=12,idx=25]:4,8,16,22,43: steps 862 evals 20688 best objective [8, 0] fails 0 [90.1 s]
  task r3:RC_noneed:edge:fail10:k4_certs_5_pure.json.gz#4170[m=12,idx=25]:22,18,4,10,37: steps 805 evals 19320 best objective [11, 11] fails 0 [90.1 s]
  task r3:RC_Yfree:count:fail10:k4_certs_5_pure.json.gz#4214[m=12,idx=69]:12,12,18,11,43: steps 852 evals 20448 best objective [12, 0] fails 0 [90.0 s]
  task r3:RC_Yfree:edge:hard:k4_certs_4_pure.json.gz#123:7,196,11,3: steps 6382 evals 153168 best objective [1, 1] fails 0 [90.0 s]
  task r3:RC_Yany:count:hard:k4_certs_5_n4_4.json.gz#5474:6,107,1,40,51: steps 5215 evals 125160 best objective [23, 0] fails 0 [90.0 s]
  task r3:RC_Yany:edge:hard:dl134_xcheck_own.jsonl.gz#?:19,0,46,128: steps 6621 evals 158904 best objective [2, 17] fails 0 [90.0 s]
  task r3:K2_noneed:count:fail10:k4_certs_5_pure.json.gz#2614[m=10,idx=568]:6,11,45,0,4: steps 859 evals 20616 best objective [84, 0] fails 0 [90.1 s]
  task r3:K2_noneed:edge:fail10:k4_certs_5_pure.json.gz#2614[m=10,idx=568]:1,11,39,16,0: steps 856 evals 20544 best objective [84, 84] fails 0 [90.1 s]
  task r3:K2_Yany:count:fail10:k4_certs_5_pure.json.gz#4170[m=12,idx=25]:4,8,16,22,43: steps 859 evals 20616 best objective [75, 0] fails 0 [90.2 s]
  task r3:K2_Yany:edge:fail10:k4_certs_5_pure.json.gz#4170[m=12,idx=25]:22,18,4,10,37: steps 861 evals 20664 best objective [75, 75] fails 0 [90.1 s]
  task r3:RC_U0:count:hard:k4_certs_5_pure.json.gz#2619:22,22,39,0,26[bt]: steps 1384 evals 33216 best objective [5, 0] fails 0 [90.0 s]
  task r3:RC_U0:edge:rcores:k4_certs_5_n4_3.json.gz#idx251: steps 5502 evals 132048 best objective [20, 20] fails 0 [90.0 s]
  task r3:NA1:count:rcores:k4_certs_5_n4_3.json.gz#idx494: steps 3601 evals 86424 best objective [43, 0] fails 0 [90.0 s]
  task r3:NA1:edge:rcores:k4_certs_5_n4_3.json.gz#idx277: steps 6892 evals 165408 best objective [7, 7] fails 0 [90.0 s]
  task r3:K4:count:hard:k4_certs_5_pure.json.gz#2740:6,16,16,21,10[bt]: steps 1027 evals 24648 best objective [7, 0] fails 0 [90.1 s]
  task r3:K4:edge:hard:k4_certs_5_pure.json.gz#2619:22,22,39,0,26[bt]: steps 1175 evals 28200 best objective [36, 50] fails 0 [90.0 s]
  task r3:D3:count:rcores:k4_certs_5_pure.json.gz#idx293: steps 4551 evals 109224 best objective [13, 0] fails 0 [90.0 s]
  task r3:D3:edge:rcores:k4_certs_5_pure.json.gz#idx383: steps 768 evals 18432 best objective [5, 20] fails 0 [90.1 s]
  task r3:FR3:count:rcores:k4_certs_5_pure.json.gz#idx367: steps 693 evals 16632 best objective [11, 0] fails 0 [90.0 s]
  task r3:U1Z1:count:ext:k4_certs_5_n4_4.json.gz#3521[m=9,idx=679]:98,1,16,17,15+[5, 6, 9, 10]: steps 834 evals 20016 best objective [19, 0] fails 0 [90.1 s]
  task r3:FR3:edge:ext:k4_certs_5_pure.json.gz#4170[m=12,idx=25]:22,18,4,10,37+[8, 9, 12, 13]: steps 78 evals 1872 best objective [6, 124] fails 0 [91.1 s]
  task r3:U1Z1:edge:ext:k4_certs_5_pure.json.gz#4170[m=12,idx=25]:22,18,4,10,37+[6, 8, 11, 12]: steps 448 evals 10752 best objective [16, 16] fails 0 [90.5 s]
  task r3:NAall:count:ext:k4_certs_5_pure.json.gz#4170[m=12,idx=25]:4,8,16,22,43+[2, 5, 8]: steps 1544 evals 37056 best objective [13, 0] fails 0 [90.0 s]
  task r3:NAall:edge:ext:k4_certs_5_pure.json.gz#4170[m=12,idx=25]:22,18,4,10,37+[8, 10, 11, 12]: steps 642 evals 15408 best objective [32, 192] fails 0 [92.9 s]
  task r3:K5:count:hard:k4_certs_5_pure.json.gz#4227:4,2,10,20,44[bt]: steps 1578 evals 37872 best objective [64, 0] fails 0 [90.0 s]
  task r3:K5:edge:hard:k4_certs_5_pure.json.gz#4604:10,20,2,10,10[bt]: steps 1308 evals 31392 best objective [64, 64] fails 0 [90.0 s]
  task r3:KU1:count:hard:k4_certs_5_pure.json.gz#2740:6,16,16,21,10[bt]: steps 765 evals 18360 best objective [7, 0] fails 0 [90.2 s]
  task r3:KU1:edge:hard:k4_certs_5_pure.json.gz#2619:22,22,39,0,26[bt]: steps 1141 evals 27384 best objective [50, 50] fails 0 [90.1 s]
  task r3:D4:count:fail10:k4_certs_5_pure.json.gz#4170[m=12,idx=25]:4,8,16,22,43: steps 1135 evals 27240 best objective [22, 0] fails 0 [90.0 s]
  task r3:D4:edge:fail10:k4_certs_5_pure.json.gz#4170[m=12,idx=25]:22,18,4,10,37: steps 354 evals 8496 best objective [10, 46] fails 0 [90.0 s]
# round 4: alive ['RC3_noT4', 'K3b_noT4', 'RC3', 'K3b', 'NA3', 'RC_W1', 'K3', 'RC', 'K2', 'RC_noneed', 'RC_Yfree', 'RC_Yany', 'K2_noneed', 'K2_Yany', 'RC_U0', 'NA1', 'K4', 'D3', 'FR3', 'U1Z1', 'NAall', 'K5', 'KU1', 'D4']; 48 tasks of 90 s on 3 jobs [4328 s]
  task r4:RC3_noT4:edge:rcores:k4_certs_5_n4_4.json.gz#idx1358: steps 579 evals 13896 best objective [8, 9] fails 0 [90.0 s]
  task r4:K3b_noT4:count:hard:k4_certs_5_pure.json.gz#4604:10,20,2,10,10[bt]: steps 1392 evals 33408 best objective [52, 0] fails 0 [90.0 s]
  task r4:RC3_noT4:count:rcores:k4_certs_5_n4_4.json.gz#idx95: steps 359 evals 8616 best objective [7, 0] fails 0 [90.5 s]
  task r4:K3b_noT4:edge:hard:k4_certs_5_pure.json.gz#3465:5,9,18,40,40[bt]: steps 495 evals 11880 best objective [39, 51] fails 0 [90.2 s]
  task r4:RC3:edge:ext:k4_certs_5_pure.json.gz#4170[m=12,idx=25]:1,12,8,3,11+[0, 5, 12]: steps 858 evals 20592 best objective [20, 30] fails 0 [90.1 s]
  task r4:RC3:count:ext:k4_certs_5_pure.json.gz#4170[m=12,idx=25]:22,18,4,10,37+[8, 9, 12, 13]: steps 144 evals 3456 best objective [6, 0] fails 0 [91.8 s]
  task r4:K3b:count:fail10:k4_certs_5_n4_4.json.gz#3521[m=9,idx=679]:98,1,16,17,15: steps 932 evals 22368 best objective [12, 0] fails 0 [90.1 s]
  task r4:K3b:edge:fail10:k4_certs_5_pure.json.gz#2614[m=10,idx=568]:6,9,43,24,24: steps 732 evals 17568 best objective [0, 16] fails 0 [90.1 s]
  task r4:NA3:count:ext:k4_certs_5_pure.json.gz#4170[m=12,idx=25]:22,18,4,10,37+[8, 10, 11, 12]: steps 1043 evals 25032 best objective [10, 0] fails 0 [90.0 s]
  task r4:NA3:edge:ext:k4_certs_5_pure.json.gz#4214[m=12,idx=69]:0,12,4,11,39+[6, 8, 10, 11]: steps 1058 evals 25392 best objective [12, 12] fails 0 [90.0 s]
  task r4:RC_W1:count:fail10:k4_certs_5_n4_4.json.gz#3521[m=9,idx=679]:98,1,16,17,15: steps 765 evals 18360 best objective [8, 0] fails 0 [90.1 s]
  task r4:RC_W1:edge:fail10:k4_certs_5_pure.json.gz#2614[m=10,idx=568]:6,9,43,24,24: steps 570 evals 13680 best objective [8, 16] fails 0 [90.1 s]
  task r4:K3:count:hard:k4_certs_5_pure.json.gz#4551:21,2,18,2,15[bt]: steps 737 evals 17688 best objective [39, 0] fails 0 [90.0 s]
  task r4:K3:edge:hard:k4_certs_5_n4_4.json.gz#8485:104,7,1,133,213: steps 1266 evals 30384 best objective [21, 24] fails 0 [90.3 s]
  task r4:RC:count:fail10:k4_certs_5_pure.json.gz#4170[m=12,idx=25]:22,18,4,10,37: steps 698 evals 16752 best objective [11, 0] fails 0 [90.1 s]
  task r4:RC:edge:fail10:k4_certs_5_pure.json.gz#4214[m=12,idx=69]:0,12,4,11,39: steps 654 evals 15696 best objective [10, 10] fails 0 [90.0 s]
  task r4:K2:count:hard:k4_certs_5_pure.json.gz#2619:22,22,39,0,26[bt]: steps 1193 evals 28632 best objective [36, 0] fails 0 [90.0 s]
  task r4:K2:edge:ext:k4_certs_5_n4_4.json.gz#3521[m=9,idx=679]:98,1,16,17,15+[5, 6, 9, 10]: steps 897 evals 21528 best objective [21, 21] fails 0 [90.0 s]
  task r4:RC_noneed:count:hard:dl134_xcheck_own.jsonl.gz#?:19,0,46,128: steps 5111 evals 122664 best objective [4, 0] fails 0 [90.0 s]
  task r4:RC_noneed:edge:hard:k4_certs_5_n4_4.json.gz#8106:26,163,261,214,5: steps 5086 evals 122064 best objective [5, 5] fails 0 [90.0 s]
  task r4:RC_Yfree:count:hard:k4_certs_5_n4_4.json.gz#8485:104,7,1,133,213: steps 1258 evals 30192 best objective [12, 0] fails 0 [90.0 s]
  task r4:RC_Yfree:edge:hard:k4_certs_5_pure.json.gz#4227:4,2,10,20,44[bt]: steps 1548 evals 37152 best objective [4, 16] fails 0 [90.0 s]
  task r4:RC_Yany:count:hard:k4_certs_5_pure.json.gz#3465:5,9,18,40,40[bt]: steps 540 evals 12960 best objective [6, 0] fails 0 [90.1 s]
  task r4:RC_Yany:edge:hard:k4_certs_5_pure.json.gz#2740:6,16,16,21,10[bt]: steps 1261 evals 30264 best objective [4, 4] fails 0 [90.1 s]
  task r4:K2_noneed:count:hard:k4_certs_5_pure.json.gz#4551:21,2,18,2,15[bt]: steps 750 evals 18000 best objective [39, 0] fails 0 [90.3 s]
  task r4:K2_noneed:edge:hard:k4_certs_5_n4_4.json.gz#8485:104,7,1,133,213: steps 1156 evals 27744 best objective [39, 39] fails 0 [90.0 s]
  task r4:K2_Yany:count:hard:k4_certs_5_pure.json.gz#4604:10,20,2,10,10[bt]: steps 1303 evals 31272 best objective [52, 0] fails 0 [90.1 s]
  task r4:K2_Yany:edge:hard:k4_certs_5_pure.json.gz#3465:5,9,18,40,40[bt]: steps 439 evals 10536 best objective [78, 78] fails 0 [90.1 s]
  task r4:RC_U0:count:rcores:k4_certs_5_n4_4.json.gz#idx95: steps 538 evals 12912 best objective [11, 0] fails 0 [90.3 s]
  task r4:RC_U0:edge:rcores:k4_certs_5_n4_4.json.gz#idx1358: steps 584 evals 14016 best objective [19, 26] fails 0 [90.0 s]
  task r4:NA1:count:rcores:k4_certs_5_pure.json.gz#idx383: steps 1167 evals 28008 best objective [13, 0] fails 0 [90.0 s]
  task r4:NA1:edge:rcores:k4_certs_5_pure.json.gz#idx388: steps 3517 evals 84408 best objective [8, 8] fails 0 [90.0 s]
  task r4:K4:count:fail10:k4_certs_5_pure.json.gz#2614[m=10,idx=568]:1,11,39,16,0: steps 620 evals 14880 best objective [112, 0] fails 0 [90.0 s]
  task r4:K4:edge:fail10:k4_certs_5_pure.json.gz#4170[m=12,idx=25]:1,12,8,3,11: steps 716 evals 17184 best objective [75, 96] fails 0 [90.1 s]
  task r4:D3:count:ext:k4_certs_5_pure.json.gz#4170[m=12,idx=25]:22,18,4,10,37+[6, 8, 11, 12]: steps 520 evals 12480 best objective [13, 0] fails 0 [90.2 s]
  task r4:D3:edge:ext:k4_certs_5_pure.json.gz#4214[m=12,idx=69]:0,12,4,11,39+[5, 7, 8]: steps 820 evals 19680 best objective [10, 27] fails 0 [90.0 s]
  task r4:FR3:count:ext:k4_certs_5_pure.json.gz#4170[m=12,idx=25]:22,18,4,10,37+[8, 10, 11, 12]: steps 345 evals 8280 best objective [28, 0] fails 0 [90.2 s]
  task r4:FR3:edge:ext:k4_certs_5_pure.json.gz#4214[m=12,idx=69]:0,12,4,11,39+[6, 8, 10, 11]: steps 992 evals 23808 best objective [13, 22] fails 0 [90.0 s]
  task r4:U1Z1:count:fail10:k4_certs_5_n4_4.json.gz#3521[m=9,idx=679]:98,1,16,17,15: steps 1186 evals 28464 best objective [16, 0] fails 0 [90.1 s]
  task r4:U1Z1:edge:fail10:k4_certs_5_pure.json.gz#2614[m=10,idx=568]:6,9,43,24,24: steps 1200 evals 28800 best objective [22, 22] fails 0 [90.0 s]
  task r4:NAall:count:fail10:k4_certs_5_pure.json.gz#2614[m=10,idx=568]:1,11,39,16,0: steps 2568 evals 61632 best objective [15, 0] fails 0 [90.0 s]
  task r4:NAall:edge:fail10:k4_certs_5_pure.json.gz#4170[m=12,idx=25]:1,12,8,3,11: steps 1080 evals 25920 best objective [26, 50] fails 0 [90.0 s]
