# command: python3 k4/portfolio.py certs results/k4_certs_5_n4_3.json.gz --sample=2000 --seed=3 --jobs=3 --maxst=600 --name=n5_3 --ckpt
# portfolio_dump.c sha256 d549cd68387f58c47835a6254e53e340a8f018061a81456a2f2d89181ffaabd8; portfolio_preds.py sha256 70f90090bb5e410fd1fa53e7a790f823a5383c069eab27dbdb85974bb552df52
# 9861 units to run, 0 from the checkpoint; jobs 3
n5_3: profiles 19722000 (omega >= 1: 2085051), evaluated (f >= 1 with a state) 12459 (skipped as too large: 0); states 24926, keys with def* > 0 173; by f: {"1": {"keys_pos": 1, "profiles": 8126, "states": 16444}, "2": {"keys_pos": 15, "profiles": 3886, "states": 7539}, "3": {"keys_pos": 147, "profiles": 446, "states": 933}, "4": {"keys_pos": 10, "profiles": 1, "states": 10}}; 590 s CPU
  nearest distance of the states (f|k: count): 1|1: 16422, 1|2: 22, 2|1: 7458, 2|2: 81, 3|1: 699, 3|2: 234, 4|2: 10
  single RT4        tested    24926 FAILS      0 margin 2 | smallest repairs: 0|0|0|1 24579, 1|0|1|0 318, 0|0|0|2 29
  single RC3        tested    24926 FAILS      0 margin 5 | smallest repairs: 0|0|0|1 24579, 1|0|1|0 318, 0|0|0|2 29
  single RC_W1      tested    24926 FAILS      0 margin 5 | smallest repairs: 0|0|0|1 24579, 1|0|1|0 318, 0|0|0|2 29
  single RC         tested    24926 FAILS      0 margin 5 | smallest repairs: 0|0|0|1 24579, 1|0|1|0 318, 0|0|0|2 29
  single RC_noneed  tested    24926 FAILS      0 margin 5 | smallest repairs: 0|0|0|1 24579, 1|0|1|0 318, 0|0|0|2 29
  single RC_Yfree   tested    24926 FAILS      0 margin 5 | smallest repairs: 0|0|0|1 24579, 1|0|1|0 318, 0|0|0|2 29
  single RC_Yany    tested    24926 FAILS      0 margin 5 | smallest repairs: 0|0|0|1 24579, 1|0|1|0 318, 0|0|0|2 29
  single RC_U0      tested    24926 FAILS      0 margin 5 | smallest repairs: 0|0|0|1 24579, 1|0|1|0 318, 0|0|0|2 29
  single RC3_noT4   tested    24926 FAILS      0 margin 5 | smallest repairs: 0|0|0|1 24579, 1|0|1|0 318, 0|0|0|2 29
  single NA3        tested    24926 FAILS      0 margin 5 | smallest repairs: 0|0|0|1 24579, 1|0|1|0 318, 0|0|0|2 29
  single NA1        tested    24926 FAILS      0 margin 5 | smallest repairs: 0|0|0|1 24579, 1|0|1|0 318, 0|0|0|2 29
  single NAbal      tested    24926 FAILS      0 margin 5 | smallest repairs: 0|0|0|1 24579, 1|0|1|0 318, 0|0|0|2 29
  single NAall      tested    24926 FAILS      0 margin 5 | smallest repairs: 0|0|0|1 24579, 1|0|1|0 318, 0|0|0|2 29
  single U1Z1       tested    24926 FAILS      0 margin 5 | smallest repairs: 0|0|0|1 24579, 1|0|1|0 318, 0|0|0|2 29
  single D2         tested    24926 FAILS      0 margin 1 | smallest repairs: 0|0|0|1 24579, 1|0|1|0 318, 0|0|0|2 29
  single D3         tested    24926 FAILS      0 margin 5 | smallest repairs: 0|0|0|1 24579, 1|0|1|0 318, 0|0|0|2 29
  single D4         tested    24926 FAILS      0 margin 5 | smallest repairs: 0|0|0|1 24579, 1|0|1|0 318, 0|0|0|2 29
  single FR3        tested    24926 FAILS      0 margin 5 | smallest repairs: 0|0|0|1 24579, 1|0|1|0 318, 0|0|0|2 29
  keyg   K1         tested      173 FAILS      0 margin 4 | smallest repairs: 1|0|1|0 173
  keyg   K3b        tested      173 FAILS      0 margin 9 | smallest repairs: 1|0|1|0 173
  keyg   K3b_noT4   tested      173 FAILS      0 margin 7 | smallest repairs: 1|0|1|0 173
  keyg   K3         tested      173 FAILS      0 margin 9 | smallest repairs: 1|0|1|0 173
  keyg   K2         tested      173 FAILS      0 margin 14 | smallest repairs: 1|0|1|0 173
  keyg   K2_noneed  tested      173 FAILS      0 margin 14 | smallest repairs: 1|0|1|0 173
  keyg   K2_Yany    tested      173 FAILS      0 margin 14 | smallest repairs: 1|0|1|0 173
  keyg   K4         tested      173 FAILS      0 margin 14 | smallest repairs: 1|0|1|0 173
  keyg   K5         tested      173 FAILS      0 margin 25 | smallest repairs: 1|0|1|0 173
  keyg   KU1        tested      173 FAILS      0 margin 14 | smallest repairs: 1|0|1|0 173
# wrote results/k4_portfolio/n5_3.json; 201 s wall
