# command: python3 k4/portfolio.py certs results/k4_certs_5_pure.json.gz --sample=5000 --seed=5 --bt=all --jobs=3 --maxst=600 --name=n5_purebt --ckpt
# portfolio_dump.c sha256 d549cd68387f58c47835a6254e53e340a8f018061a81456a2f2d89181ffaabd8; portfolio_preds.py sha256 70f90090bb5e410fd1fa53e7a790f823a5383c069eab27dbdb85974bb552df52
# 4674 units to run, 0 from the checkpoint; jobs 3
#   unit {'file': 'k4_certs_5_pure.json.gz', 'pos': 2081}: dumped 32 states 94 fails {'D2': 4} [1.5 s; 85 s wall]
#   unit {'file': 'k4_certs_5_pure.json.gz', 'pos': 2707}: dumped 5 states 26 fails {'D2': 3} [1.1 s; 319 s wall]
#   unit {'file': 'k4_certs_5_pure.json.gz', 'pos': 3467}: dumped 284 states 584 fails {'D2': 2} [3.0 s; 759 s wall]
#   unit {'file': 'k4_certs_5_pure.json.gz', 'pos': 3782}: dumped 246 states 603 fails {'D2': 2} [4.7 s; 1069 s wall]
#   unit {'file': 'k4_certs_5_pure.json.gz', 'pos': 3962}: dumped 199 states 291 fails {'D2': 1} [3.6 s; 1258 s wall]
#   unit {'file': 'k4_certs_5_pure.json.gz', 'pos': 4161}: dumped 511 states 1986 fails {'D2': 1} [9.3 s; 1466 s wall]
#   unit {'file': 'k4_certs_5_pure.json.gz', 'pos': 4170}: dumped 202 states 1130 fails {'RT4': 10, 'D2': 10, 'K1': 1} [8.0 s; 1489 s wall]
#   unit {'file': 'k4_certs_5_pure.json.gz', 'pos': 4221}: dumped 374 states 1685 fails {'RT4': 7, 'D2': 7, 'K1': 1} [7.8 s; 1687 s wall]
#   unit {'file': 'k4_certs_5_pure.json.gz', 'pos': 4261}: dumped 431 states 1012 fails {'D2': 2} [6.0 s; 1804 s wall]
#   unit {'file': 'k4_certs_5_pure.json.gz', 'pos': 4410}: dumped 404 states 815 fails {'D2': 1} [6.0 s; 2294 s wall]
#   unit {'file': 'k4_certs_5_pure.json.gz', 'pos': 4423}: dumped 444 states 919 fails {'D2': 1} [6.9 s; 2341 s wall]
#   unit {'file': 'k4_certs_5_pure.json.gz', 'pos': 4451}: dumped 765 states 1266 fails {'D2': 1} [7.9 s; 2427 s wall]
#   unit {'file': 'k4_certs_5_pure.json.gz', 'pos': 4473}: dumped 896 states 1598 fails {'D2': 4} [11.5 s; 2506 s wall]
#   unit {'file': 'k4_certs_5_pure.json.gz', 'pos': 4478}: dumped 612 states 1163 fails {'D2': 11} [7.8 s; 2519 s wall]
#   unit {'file': 'k4_certs_5_pure.json.gz', 'pos': 4481}: dumped 800 states 1333 fails {'D2': 2} [9.5 s; 2529 s wall]
#   unit {'file': 'k4_certs_5_pure.json.gz', 'pos': 4491}: dumped 429 states 928 fails {'D2': 1} [8.7 s; 2561 s wall]
#   unit {'file': 'k4_certs_5_pure.json.gz', 'pos': 4558}: dumped 976 states 5149 fails {'D2': 1} [24.3 s; 2828 s wall]
#   unit {'file': 'k4_certs_5_pure.json.gz', 'pos': 4569}: dumped 1187 states 4887 fails {'D2': 4} [27.2 s; 2933 s wall]
#   unit {'file': 'k4_certs_5_pure.json.gz', 'pos': 4617}: dumped 930 states 4087 fails {'D2': 20} [19.4 s; 3373 s wall]
#   unit {'file': 'k4_certs_5_pure.json.gz', 'pos': 4618}: dumped 1113 states 4070 fails {'D2': 31} [21.3 s; 3383 s wall]
#   unit {'file': 'k4_certs_5_pure.json.gz', 'pos': 4622}: dumped 517 states 2373 fails {'D2': 1} [16.4 s; 3400 s wall]
#   unit {'file': 'k4_certs_5_pure.json.gz', 'pos': 4639}: dumped 1179 states 3395 fails {'D2': 13} [20.7 s; 3609 s wall]
#   unit {'file': 'k4_certs_5_pure.json.gz', 'pos': 4651}: dumped 698 states 3957 fails {'D2': 8} [32.8 s; 3732 s wall]
n5_purebt: profiles 23370000 (omega >= 1: 12627635), evaluated (f >= 1 with a state) 674363 (skipped as too large: 0); states 1855551, keys with def* > 0 1872; by f: {"1": {"keys_pos": 0, "profiles": 220999, "states": 583596}, "2": {"keys_pos": 600, "profiles": 443274, "states": 1244099}, "3": {"keys_pos": 1188, "profiles": 10084, "states": 27762}, "4": {"keys_pos": 84, "profiles": 6, "states": 94}}; 12476 s CPU
  nearest distance of the states (f|k: count): 1|1: 583596, 2|1: 1229593, 2|2: 14404, 2|3: 102, 3|1: 23312, 3|2: 4421, 3|3: 29, 4|2: 94
  single RT4        tested  1855551 FAILS     17 margin 0 | smallest repairs: 0|0|0|1 1836501, 1|0|1|0 14157, 0|0|0|2 4671, 1|0|1|1 114, 0|2|0|0 91 | smallest failure n=5 m=12 f=3 def=1 k4_certs_5_pure.json.gz#4170:20,0,18,10,37[bt] B=[[10], [1, 4], [3], [7], [11]]
  single RC3        tested  1855551 FAILS      0 margin 3 | smallest repairs: 0|0|0|1 1836501, 1|0|1|0 14157, 0|0|0|2 4671, 1|0|1|1 114, 0|2|0|0 91, 1|1|1|0 17
  single RC_W1      tested  1855551 FAILS      0 margin 3 | smallest repairs: 0|0|0|1 1836501, 1|0|1|0 14157, 0|0|0|2 4671, 1|0|1|1 114, 0|2|0|0 91, 1|1|1|0 17
  single RC         tested  1855551 FAILS      0 margin 3 | smallest repairs: 0|0|0|1 1836501, 1|0|1|0 14157, 0|0|0|2 4671, 1|0|1|1 114, 0|2|0|0 91, 1|1|1|0 17
  single RC_noneed  tested  1855551 FAILS      0 margin 3 | smallest repairs: 0|0|0|1 1836501, 1|0|1|0 14157, 0|0|0|2 4671, 1|0|1|1 114, 0|2|0|0 91, 1|1|1|0 17
  single RC_Yfree   tested  1855551 FAILS      0 margin 5 | smallest repairs: 0|0|0|1 1836501, 1|0|1|0 14157, 0|0|0|2 4671, 1|0|1|1 114, 0|2|0|0 91, 1|1|1|0 17
  single RC_Yany    tested  1855551 FAILS      0 margin 3 | smallest repairs: 0|0|0|1 1836501, 1|0|1|0 14157, 0|0|0|2 4671, 1|0|1|1 114, 0|2|0|0 91, 1|1|1|0 17
  single RC_U0      tested  1855551 FAILS      0 margin 3 | smallest repairs: 0|0|0|1 1836501, 1|0|1|0 14157, 0|0|0|2 4671, 1|0|1|1 114, 0|2|0|0 91, 1|1|1|0 17
  single RC3_noT4   tested  1855551 FAILS      0 margin 3 | smallest repairs: 0|0|0|1 1836501, 1|0|1|0 14157, 0|0|0|2 4671, 1|0|1|1 126, 1|1|1|0 96
  single NA3        tested  1855551 FAILS      0 margin 5 | smallest repairs: 0|0|0|1 1836501, 1|0|1|0 14157, 0|0|0|2 4671, 1|0|1|1 114, 0|2|0|0 91, 1|1|1|0 17
  single NA1        tested  1855551 FAILS      0 margin 5 | smallest repairs: 0|0|0|1 1836501, 1|0|1|0 14157, 0|0|0|2 4671, 1|0|1|1 114, 0|2|0|0 91, 1|1|1|0 17
  single NAbal      tested  1855551 FAILS      0 margin 7 | smallest repairs: 0|0|0|1 1836501, 1|0|1|0 14157, 0|0|0|2 4671, 1|0|1|1 114, 0|2|0|0 91, 1|1|1|0 17
  single NAall      tested  1855551 FAILS      0 margin 7 | smallest repairs: 0|0|0|1 1836501, 1|0|1|0 14157, 0|0|0|2 4671, 1|0|1|1 114, 0|2|0|0 91, 1|1|1|0 17
  single U1Z1       tested  1855551 FAILS      0 margin 5 | smallest repairs: 0|0|0|1 1836501, 1|0|1|0 14157, 0|0|0|2 4671, 1|0|1|1 114, 0|2|0|0 91, 1|1|1|0 17
  single D2         tested  1855551 FAILS    131 margin 0 | smallest repairs: 0|0|0|1 1836501, 1|0|1|0 14157, 0|0|0|2 4671, 0|2|0|0 91 | smallest failure n=5 m=10 f=3 def=1 k4_certs_5_pure.json.gz#2081:16,22,10,4,26[bt] B=[[8], [2, 4], [3], [6], [9]]
  single D3         tested  1855551 FAILS      0 margin 5 | smallest repairs: 0|0|0|1 1836501, 1|0|1|0 14157, 0|0|0|2 4671, 1|0|1|1 114, 0|2|0|0 91, 1|1|1|0 17
  single D4         tested  1855551 FAILS      0 margin 7 | smallest repairs: 0|0|0|1 1836501, 1|0|1|0 14157, 0|0|0|2 4671, 1|0|1|1 114, 0|2|0|0 91, 1|1|1|0 17
  single FR3        tested  1855551 FAILS      0 margin 5 | smallest repairs: 0|0|0|1 1836501, 1|0|1|0 14157, 0|0|0|2 4671, 1|0|1|1 114, 0|2|0|0 91, 1|1|1|0 17
  keyg   K1         tested     1872 FAILS      2 margin 0 | smallest repairs: 1|0|1|0 1857, 0|2|0|0 12, 1|0|1|1 1 | smallest failure n=5 m=12 f=3 def=1 k4_certs_5_pure.json.gz#4170:20,0,18,10,37[bt] NA=[7, 10, 11] frozen={'0': [10], '3': [7], '4': [11]}
  keyg   K3b        tested     1872 FAILS      0 margin 7 | smallest repairs: 1|0|1|0 1857, 0|2|0|0 12, 1|1|1|0 2, 1|0|1|1 1
  keyg   K3b_noT4   tested     1872 FAILS      0 margin 5 | smallest repairs: 1|0|1|0 1857, 1|1|1|0 14, 1|0|1|1 1
  keyg   K3         tested     1872 FAILS      0 margin 7 | smallest repairs: 1|0|1|0 1857, 0|2|0|0 12, 1|1|1|0 2, 1|0|1|1 1
  keyg   K2         tested     1872 FAILS      0 margin 12 | smallest repairs: 1|0|1|0 1857, 0|2|0|0 12, 1|1|1|0 2, 1|0|1|1 1
  keyg   K2_noneed  tested     1872 FAILS      0 margin 12 | smallest repairs: 1|0|1|0 1857, 0|2|0|0 12, 1|1|1|0 2, 1|0|1|1 1
  keyg   K2_Yany    tested     1872 FAILS      0 margin 12 | smallest repairs: 1|0|1|0 1857, 0|2|0|0 12, 1|1|1|0 2, 1|0|1|1 1
  keyg   K4         tested     1872 FAILS      0 margin 12 | smallest repairs: 1|0|1|0 1857, 0|2|0|0 12, 1|1|1|0 2, 1|0|1|1 1
  keyg   K5         tested     1872 FAILS      0 margin 26 | smallest repairs: 1|0|1|0 1857, 0|2|0|0 12, 1|1|1|0 2, 1|0|1|1 1
  keyg   KU1        tested     1872 FAILS      0 margin 12 | smallest repairs: 1|0|1|0 1857, 0|2|0|0 12, 1|1|1|0 2, 1|0|1|1 1
# wrote results/k4_portfolio/n5_purebt.json; 4197 s wall
