# command: python3 k4/portfolio.py certs results/k4_certs_6_n4_1.json.gz --sample=100 --seed=3 --jobs=3 --maxst=600 --name=n6_1 --ckpt
# portfolio_dump.c sha256 d549cd68387f58c47835a6254e53e340a8f018061a81456a2f2d89181ffaabd8; portfolio_preds.py sha256 70f90090bb5e410fd1fa53e7a790f823a5383c069eab27dbdb85974bb552df52
# 26866 units to run, 0 from the checkpoint; jobs 3
n6_1: profiles 2686600 (omega >= 1: 2922), evaluated (f >= 1 with a state) 0 (skipped as too large: 0); states 0, keys with def* > 0 0; by f: {}; 135 s CPU
  nearest distance of the states (f|k: count): 
  single RT4        tested        0 FAILS      0 margin None | smallest repairs: 
  single RC3        tested        0 FAILS      0 margin None | smallest repairs: 
  single RC_W1      tested        0 FAILS      0 margin None | smallest repairs: 
  single RC         tested        0 FAILS      0 margin None | smallest repairs: 
  single RC_noneed  tested        0 FAILS      0 margin None | smallest repairs: 
  single RC_Yfree   tested        0 FAILS      0 margin None | smallest repairs: 
  single RC_Yany    tested        0 FAILS      0 margin None | smallest repairs: 
  single RC_U0      tested        0 FAILS      0 margin None | smallest repairs: 
  single RC3_noT4   tested        0 FAILS      0 margin None | smallest repairs: 
  single NA3        tested        0 FAILS      0 margin None | smallest repairs: 
  single NA1        tested        0 FAILS      0 margin None | smallest repairs: 
  single NAbal      tested        0 FAILS      0 margin None | smallest repairs: 
  single NAall      tested        0 FAILS      0 margin None | smallest repairs: 
  single U1Z1       tested        0 FAILS      0 margin None | smallest repairs: 
  single D2         tested        0 FAILS      0 margin None | smallest repairs: 
  single D3         tested        0 FAILS      0 margin None | smallest repairs: 
  single D4         tested        0 FAILS      0 margin None | smallest repairs: 
  single FR3        tested        0 FAILS      0 margin None | smallest repairs: 
  keyg   K1         tested        0 FAILS      0 margin None | smallest repairs: 
  keyg   K3b        tested        0 FAILS      0 margin None | smallest repairs: 
  keyg   K3b_noT4   tested        0 FAILS      0 margin None | smallest repairs: 
  keyg   K3         tested        0 FAILS      0 margin None | smallest repairs: 
  keyg   K2         tested        0 FAILS      0 margin None | smallest repairs: 
  keyg   K2_noneed  tested        0 FAILS      0 margin None | smallest repairs: 
  keyg   K2_Yany    tested        0 FAILS      0 margin None | smallest repairs: 
  keyg   K4         tested        0 FAILS      0 margin None | smallest repairs: 
  keyg   K5         tested        0 FAILS      0 margin None | smallest repairs: 
  keyg   KU1        tested        0 FAILS      0 margin None | smallest repairs: 
# wrote results/k4_portfolio/n6_1.json; 51 s wall
