# command: python3 k4/portfolio.py certs results/k4_portfolio/cores_6_ext2.json.gz --sample=10000 --seed=2 --jobs=3 --maxst=600 --name=n6_ext2 --ckpt
# portfolio_dump.c sha256 d549cd68387f58c47835a6254e53e340a8f018061a81456a2f2d89181ffaabd8; portfolio_preds.py sha256 70f90090bb5e410fd1fa53e7a790f823a5383c069eab27dbdb85974bb552df52
# 3000 units to run, 0 from the checkpoint; jobs 3
n6_ext2: profiles 30000000 (omega >= 1: 1126880), evaluated (f >= 1 with a state) 7755 (skipped as too large: 0); states 18276, keys with def* > 0 16; by f: {"1": {"keys_pos": 0, "profiles": 4349, "states": 9513}, "2": {"keys_pos": 0, "profiles": 2911, "states": 7701}, "3": {"keys_pos": 2, "profiles": 488, "states": 1030}, "4": {"keys_pos": 14, "profiles": 7, "states": 32}}; 981 s CPU
  nearest distance of the states (f|k: count): 1|1: 9510, 1|2: 3, 2|1: 7689, 2|2: 12, 3|1: 1027, 3|2: 3, 4|1: 8, 4|2: 24
  single RT4        tested    18276 FAILS      0 margin 5 | smallest repairs: 0|0|0|1 18234, 1|0|1|0 27, 0|0|0|2 15
  single RC3        tested    18276 FAILS      0 margin 9 | smallest repairs: 0|0|0|1 18234, 1|0|1|0 27, 0|0|0|2 15
  single RC_W1      tested    18276 FAILS      0 margin 9 | smallest repairs: 0|0|0|1 18234, 1|0|1|0 27, 0|0|0|2 15
  single RC         tested    18276 FAILS      0 margin 9 | smallest repairs: 0|0|0|1 18234, 1|0|1|0 27, 0|0|0|2 15
  single RC_noneed  tested    18276 FAILS      0 margin 9 | smallest repairs: 0|0|0|1 18234, 1|0|1|0 27, 0|0|0|2 15
  single RC_Yfree   tested    18276 FAILS      0 margin 9 | smallest repairs: 0|0|0|1 18234, 1|0|1|0 27, 0|0|0|2 15
  single RC_Yany    tested    18276 FAILS      0 margin 9 | smallest repairs: 0|0|0|1 18234, 1|0|1|0 27, 0|0|0|2 15
  single RC_U0      tested    18276 FAILS      0 margin 9 | smallest repairs: 0|0|0|1 18234, 1|0|1|0 27, 0|0|0|2 15
  single RC3_noT4   tested    18276 FAILS      0 margin 9 | smallest repairs: 0|0|0|1 18234, 1|0|1|0 27, 0|0|0|2 15
  single NA3        tested    18276 FAILS      0 margin 9 | smallest repairs: 0|0|0|1 18234, 1|0|1|0 27, 0|0|0|2 15
  single NA1        tested    18276 FAILS      0 margin 9 | smallest repairs: 0|0|0|1 18234, 1|0|1|0 27, 0|0|0|2 15
  single NAbal      tested    18276 FAILS      0 margin 11 | smallest repairs: 0|0|0|1 18234, 1|0|1|0 27, 0|0|0|2 15
  single NAall      tested    18276 FAILS      0 margin 11 | smallest repairs: 0|0|0|1 18234, 1|0|1|0 27, 0|0|0|2 15
  single U1Z1       tested    18276 FAILS      0 margin 9 | smallest repairs: 0|0|0|1 18234, 1|0|1|0 27, 0|0|0|2 15
  single D2         tested    18276 FAILS      0 margin 1 | smallest repairs: 0|0|0|1 18234, 1|0|1|0 27, 0|0|0|2 15
  single D3         tested    18276 FAILS      0 margin 9 | smallest repairs: 0|0|0|1 18234, 1|0|1|0 27, 0|0|0|2 15
  single D4         tested    18276 FAILS      0 margin 11 | smallest repairs: 0|0|0|1 18234, 1|0|1|0 27, 0|0|0|2 15
  single FR3        tested    18276 FAILS      0 margin 9 | smallest repairs: 0|0|0|1 18234, 1|0|1|0 27, 0|0|0|2 15
  keyg   K1         tested       16 FAILS      0 margin 7 | smallest repairs: 1|0|1|0 16
  keyg   K3b        tested       16 FAILS      0 margin 15 | smallest repairs: 1|0|1|0 16
  keyg   K3b_noT4   tested       16 FAILS      0 margin 15 | smallest repairs: 1|0|1|0 16
  keyg   K3         tested       16 FAILS      0 margin 20 | smallest repairs: 1|0|1|0 16
  keyg   K2         tested       16 FAILS      0 margin 50 | smallest repairs: 1|0|1|0 16
  keyg   K2_noneed  tested       16 FAILS      0 margin 50 | smallest repairs: 1|0|1|0 16
  keyg   K2_Yany    tested       16 FAILS      0 margin 50 | smallest repairs: 1|0|1|0 16
  keyg   K4         tested       16 FAILS      0 margin 52 | smallest repairs: 1|0|1|0 16
  keyg   K5         tested       16 FAILS      0 margin 94 | smallest repairs: 1|0|1|0 16
  keyg   KU1        tested       16 FAILS      0 margin 52 | smallest repairs: 1|0|1|0 16
# wrote results/k4_portfolio/n6_ext2.json; 330 s wall
