# command: python3 k4/portfolio_nbhd.py --seeds=fail10 --k=10 --pairs --max=40000 --jobs=1 --name=fail10_pairs
# seed fail10:k4_certs_5_n4_4.json.gz#3206[m=9,idx=364]:108,86,1,108,27: 40,000 profiles
# seed fail10:k4_certs_5_n4_4.json.gz#3521[m=9,idx=679]:98,1,16,17,15: 40,000 profiles
# seed fail10:k4_certs_5_pure.json.gz#2614[m=10,idx=568]:6,9,43,24,24: 40,000 profiles
# seed fail10:k4_certs_5_pure.json.gz#2614[m=10,idx=568]:6,11,45,0,4: 40,000 profiles
# seed fail10:k4_certs_5_pure.json.gz#2614[m=10,idx=568]:1,11,39,16,0: 40,000 profiles
# seed fail10:k4_certs_5_pure.json.gz#4170[m=12,idx=25]:1,12,8,3,11: 40,000 profiles
# seed fail10:k4_certs_5_pure.json.gz#4170[m=12,idx=25]:4,8,16,22,43: 40,000 profiles
# seed fail10:k4_certs_5_pure.json.gz#4170[m=12,idx=25]:22,18,4,10,37: 40,000 profiles
# seed fail10:k4_certs_5_pure.json.gz#4214[m=12,idx=69]:0,12,4,11,39: 40,000 profiles
# seed fail10:k4_certs_5_pure.json.gz#4214[m=12,idx=69]:12,12,18,11,43: 40,000 profiles
fail10:k4_certs_5_n4_4.json.gz#3206[m=9,idx=364]:108,86,1,108,27: profiles 40,000, with a state 526, states 6,357, keys 3,439; failures (non-control) 0; least margins: RT4 0, RC3 5, RC_W1 8, RC 12, RC_noneed 12, RC_Yfree 12, RC_Yany 12, RC_U0 12, RC3_noT4 5, NA3 5, NA1 12, NAbal 30, NAall 30, U1Z1 12, D2 0, D3 5, D4 22, FR3 9, K1 0, K3b 12, K3b_noT4 12, K3 12, K2 12, K2_noneed 12, K2_Yany 12, K4 12, K5 34, KU1 12
fail10:k4_certs_5_n4_4.json.gz#3521[m=9,idx=679]:98,1,16,17,15: profiles 40,000, with a state 135, states 1,361, keys 742; failures (non-control) 0; least margins: RT4 0, RC3 5, RC_W1 8, RC 16, RC_noneed 16, RC_Yfree 16, RC_Yany 16, RC_U0 16, RC3_noT4 5, NA3 5, NA1 16, NAbal 38, NAall 38, U1Z1 16, D2 0, D3 5, D4 22, FR3 9, K1 0, K3b 12, K3b_noT4 12, K3 12, K2 16, K2_noneed 16, K2_Yany 16, K4 16, K5 42, KU1 16
fail10:k4_certs_5_pure.json.gz#2614[m=10,idx=568]:6,9,43,24,24: profiles 40,000, with a state 145, states 1,450, keys 395; failures (non-control) 0; least margins: RT4 0, RC3 8, RC_W1 14, RC 14, RC_noneed 14, RC_Yfree 23, RC_Yany 14, RC_U0 14, RC3_noT4 8, NA3 8, NA1 23, NAbal 44, NAall 44, U1Z1 23, D2 0, D3 8, D4 35, FR3 23, K1 0, K3b 16, K3b_noT4 16, K3 48, K2 84, K2_noneed 84, K2_Yany 84, K4 112, K5 112, KU1 112
fail10:k4_certs_5_pure.json.gz#2614[m=10,idx=568]:6,11,45,0,4: profiles 40,000, with a state 1,817, states 3,400, keys 353; failures (non-control) 0; least margins: RT4 0, RC3 8, RC_W1 13, RC 13, RC_noneed 13, RC_Yfree 13, RC_Yany 14, RC_U0 13, RC3_noT4 8, NA3 8, NA1 22, NAbal 27, NAall 27, U1Z1 22, D2 0, D3 8, D4 21, FR3 22, K1 0, K3b 16, K3b_noT4 16, K3 48, K2 84, K2_noneed 84, K2_Yany 84, K4 112, K5 112, KU1 112
fail10:k4_certs_5_pure.json.gz#2614[m=10,idx=568]:1,11,39,16,0: profiles 40,000, with a state 453, states 1,635, keys 317; failures (non-control) 0; least margins: RT4 0, RC3 8, RC_W1 13, RC 13, RC_noneed 13, RC_Yfree 13, RC_Yany 14, RC_U0 13, RC3_noT4 8, NA3 8, NA1 22, NAbal 27, NAall 27, U1Z1 22, D2 0, D3 8, D4 21, FR3 22, K1 0, K3b 16, K3b_noT4 16, K3 48, K2 84, K2_noneed 84, K2_Yany 84, K4 112, K5 112, KU1 112
fail10:k4_certs_5_pure.json.gz#4170[m=12,idx=25]:1,12,8,3,11: profiles 40,000, with a state 3,265, states 31,863, keys 350; failures (non-control) 0; least margins: RT4 0, RC3 10, RC_W1 10, RC 10, RC_noneed 10, RC_Yfree 24, RC_Yany 10, RC_U0 10, RC3_noT4 10, NA3 10, NA1 26, NAbal 36, NAall 36, U1Z1 26, D2 0, D3 10, D4 34, FR3 26, K1 0, K3b 63, K3b_noT4 63, K3 75, K2 75, K2_noneed 75, K2_Yany 75, K4 96, K5 168, KU1 96
fail10:k4_certs_5_pure.json.gz#4170[m=12,idx=25]:4,8,16,22,43: profiles 40,000, with a state 3,314, states 31,729, keys 382; failures (non-control) 0; least margins: RT4 0, RC3 10, RC_W1 12, RC 12, RC_noneed 12, RC_Yfree 27, RC_Yany 12, RC_U0 12, RC3_noT4 10, NA3 10, NA1 27, NAbal 44, NAall 44, U1Z1 27, D2 0, D3 10, D4 44, FR3 27, K1 0, K3b 66, K3b_noT4 66, K3 78, K2 78, K2_noneed 78, K2_Yany 78, K4 99, K5 195, KU1 99
fail10:k4_certs_5_pure.json.gz#4170[m=12,idx=25]:22,18,4,10,37: profiles 40,000, with a state 1,879, states 20,840, keys 342; failures (non-control) 0; least margins: RT4 0, RC3 10, RC_W1 11, RC 11, RC_noneed 11, RC_Yfree 24, RC_Yany 11, RC_U0 11, RC3_noT4 10, NA3 10, NA1 27, NAbal 46, NAall 46, U1Z1 27, D2 0, D3 10, D4 37, FR3 27, K1 0, K3b 63, K3b_noT4 63, K3 75, K2 75, K2_noneed 75, K2_Yany 75, K4 96, K5 168, KU1 96
fail10:k4_certs_5_pure.json.gz#4214[m=12,idx=69]:0,12,4,11,39: profiles 40,000, with a state 3,040, states 35,296, keys 489; failures (non-control) 0; least margins: RT4 0, RC3 8, RC_W1 11, RC 11, RC_noneed 11, RC_Yfree 24, RC_Yany 11, RC_U0 11, RC3_noT4 8, NA3 8, NA1 24, NAbal 52, NAall 52, U1Z1 24, D2 0, D3 8, D4 37, FR3 24, K1 0, K3b 61, K3b_noT4 61, K3 73, K2 73, K2_noneed 73, K2_Yany 73, K4 93, K5 177, KU1 93
fail10:k4_certs_5_pure.json.gz#4214[m=12,idx=69]:12,12,18,11,43: profiles 40,000, with a state 4,518, states 41,178, keys 494; failures (non-control) 0; least margins: RT4 0, RC3 8, RC_W1 12, RC 12, RC_noneed 12, RC_Yfree 26, RC_Yany 12, RC_U0 12, RC3_noT4 8, NA3 8, NA1 26, NAbal 42, NAall 42, U1Z1 26, D2 0, D3 8, D4 38, FR3 26, K1 0, K3b 68, K3b_noT4 68, K3 87, K2 87, K2_noneed 87, K2_Yany 87, K4 111, K5 207, KU1 111
# 643 s
