# command: python3 k4/portfolio.py certs results/k4_certs_3.json.gz --sample=2000 --seed=102 --jobs=3 --name=r3b --ckpt
# portfolio_dump.c sha256 d549cd68387f58c47835a6254e53e340a8f018061a81456a2f2d89181ffaabd8; portfolio_preds.py sha256 36d4a391eddaab47e374f59780fefc09ffa35e60d2cbc3910a5a7494f6a28d18
# 51 units to run, 0 from the checkpoint; jobs 3
r3b: profiles 102000 (omega >= 1: 37770), evaluated (f >= 1 with a state) 445 (skipped as too large: 0); states 1156, keys with def* > 0 155; by f: {"1": {"keys_pos": 15, "profiles": 375, "states": 957}, "2": {"keys_pos": 140, "profiles": 70, "states": 199}}; 3 s CPU
  nearest distance of the states (f|k: count): 1|1: 813, 1|2: 144, 2|2: 199
  single RT4        tested     1156 FAILS      0 margin 3 | smallest repairs: 0|0|0|1 813, 1|0|1|0 317, 0|0|0|2 26
  single RC3        tested     1156 FAILS      0 margin 5 | smallest repairs: 0|0|0|1 813, 1|0|1|0 317, 0|0|0|2 26
  single RC_W1      tested     1156 FAILS      0 margin 5 | smallest repairs: 0|0|0|1 813, 1|0|1|0 317, 0|0|0|2 26
  single RC         tested     1156 FAILS      0 margin 5 | smallest repairs: 0|0|0|1 813, 1|0|1|0 317, 0|0|0|2 26
  single RC_noneed  tested     1156 FAILS      0 margin 5 | smallest repairs: 0|0|0|1 813, 1|0|1|0 317, 0|0|0|2 26
  single RC_Yfree   tested     1156 FAILS      0 margin 5 | smallest repairs: 0|0|0|1 813, 1|0|1|0 317, 0|0|0|2 26
  single RC_Yany    tested     1156 FAILS      0 margin 5 | smallest repairs: 0|0|0|1 813, 1|0|1|0 317, 0|0|0|2 26
  single RC_U0      tested     1156 FAILS      0 margin 5 | smallest repairs: 0|0|0|1 813, 1|0|1|0 317, 0|0|0|2 26
  single RC3_noT4   tested     1156 FAILS      0 margin 5 | smallest repairs: 0|0|0|1 813, 1|0|1|0 317, 0|0|0|2 26
  single NA3        tested     1156 FAILS      0 margin 5 | smallest repairs: 0|0|0|1 813, 1|0|1|0 317, 0|0|0|2 26
  single NA1        tested     1156 FAILS      0 margin 5 | smallest repairs: 0|0|0|1 813, 1|0|1|0 317, 0|0|0|2 26
  single NAbal      tested     1156 FAILS      0 margin 5 | smallest repairs: 0|0|0|1 813, 1|0|1|0 317, 0|0|0|2 26
  single NAall      tested     1156 FAILS      0 margin 5 | smallest repairs: 0|0|0|1 813, 1|0|1|0 317, 0|0|0|2 26
  single U1Z1       tested     1156 FAILS      0 margin 5 | smallest repairs: 0|0|0|1 813, 1|0|1|0 317, 0|0|0|2 26
  single D2         tested     1156 FAILS      0 margin 1 | smallest repairs: 0|0|0|1 813, 1|0|1|0 317, 0|0|0|2 26
  single D3         tested     1156 FAILS      0 margin 5 | smallest repairs: 0|0|0|1 813, 1|0|1|0 317, 0|0|0|2 26
  single D4         tested     1156 FAILS      0 margin 5 | smallest repairs: 0|0|0|1 813, 1|0|1|0 317, 0|0|0|2 26
  single FR3        tested     1156 FAILS      0 margin 5 | smallest repairs: 0|0|0|1 813, 1|0|1|0 317, 0|0|0|2 26
  keyg   K1         tested      155 FAILS      0 margin 3 | smallest repairs: 1|0|1|0 155
  keyg   K3b        tested      155 FAILS      0 margin 6 | smallest repairs: 1|0|1|0 155
  keyg   K3b_noT4   tested      155 FAILS      0 margin 5 | smallest repairs: 1|0|1|0 155
  keyg   K3         tested      155 FAILS      0 margin 6 | smallest repairs: 1|0|1|0 155
  keyg   K2         tested      155 FAILS      0 margin 6 | smallest repairs: 1|0|1|0 155
  keyg   K2_noneed  tested      155 FAILS      0 margin 6 | smallest repairs: 1|0|1|0 155
  keyg   K2_Yany    tested      155 FAILS      0 margin 6 | smallest repairs: 1|0|1|0 155
  keyg   K4         tested      155 FAILS      0 margin 6 | smallest repairs: 1|0|1|0 155
  keyg   K5         tested      155 FAILS      0 margin 6 | smallest repairs: 1|0|1|0 155
  keyg   KU1        tested      155 FAILS      0 margin 6 | smallest repairs: 1|0|1|0 155
# wrote results/k4_portfolio/r3b.json; 1 s wall
