# command: python3 k4/portfolio.py certs results/k4_certs_4_n4_1.json.gz results/k4_certs_4_n4_2.json.gz results/k4_certs_4_n4_3.json.gz results/k4_certs_4_pure.json.gz --sample=1000 --seed=102 --jobs=3 --name=r4b --ckpt
# portfolio_dump.c sha256 d549cd68387f58c47835a6254e53e340a8f018061a81456a2f2d89181ffaabd8; portfolio_preds.py sha256 36d4a391eddaab47e374f59780fefc09ffa35e60d2cbc3910a5a7494f6a28d18
# 1002 units to run, 0 from the checkpoint; jobs 3
r4b: profiles 1002000 (omega >= 1: 250459), evaluated (f >= 1 with a state) 2902 (skipped as too large: 0); states 8776, keys with def* > 0 135; by f: {"1": {"keys_pos": 7, "profiles": 2343, "states": 7610}, "2": {"keys_pos": 88, "profiles": 551, "states": 1116}, "3": {"keys_pos": 40, "profiles": 8, "states": 50}}; 30 s CPU
  nearest distance of the states (f|k: count): 1|1: 7339, 1|2: 271, 2|1: 887, 2|2: 229, 3|2: 50
  single RT4        tested     8776 FAILS      0 margin 2 | smallest repairs: 0|0|0|1 8226, 1|0|1|0 441, 0|0|0|2 105, 0|2|0|0 4
  single RC3        tested     8776 FAILS      0 margin 6 | smallest repairs: 0|0|0|1 8226, 1|0|1|0 441, 0|0|0|2 105, 0|2|0|0 4
  single RC_W1      tested     8776 FAILS      0 margin 6 | smallest repairs: 0|0|0|1 8226, 1|0|1|0 441, 0|0|0|2 105, 0|2|0|0 4
  single RC         tested     8776 FAILS      0 margin 7 | smallest repairs: 0|0|0|1 8226, 1|0|1|0 441, 0|0|0|2 105, 0|2|0|0 4
  single RC_noneed  tested     8776 FAILS      0 margin 7 | smallest repairs: 0|0|0|1 8226, 1|0|1|0 441, 0|0|0|2 105, 0|2|0|0 4
  single RC_Yfree   tested     8776 FAILS      0 margin 7 | smallest repairs: 0|0|0|1 8226, 1|0|1|0 441, 0|0|0|2 105, 0|2|0|0 4
  single RC_Yany    tested     8776 FAILS      0 margin 7 | smallest repairs: 0|0|0|1 8226, 1|0|1|0 441, 0|0|0|2 105, 0|2|0|0 4
  single RC_U0      tested     8776 FAILS      0 margin 7 | smallest repairs: 0|0|0|1 8226, 1|0|1|0 441, 0|0|0|2 105, 0|2|0|0 4
  single RC3_noT4   tested     8776 FAILS      0 margin 4 | smallest repairs: 0|0|0|1 8226, 1|0|1|0 441, 0|0|0|2 105, 1|1|1|0 4
  single NA3        tested     8776 FAILS      0 margin 6 | smallest repairs: 0|0|0|1 8226, 1|0|1|0 441, 0|0|0|2 105, 0|2|0|0 4
  single NA1        tested     8776 FAILS      0 margin 7 | smallest repairs: 0|0|0|1 8226, 1|0|1|0 441, 0|0|0|2 105, 0|2|0|0 4
  single NAbal      tested     8776 FAILS      0 margin 7 | smallest repairs: 0|0|0|1 8226, 1|0|1|0 441, 0|0|0|2 105, 0|2|0|0 4
  single NAall      tested     8776 FAILS      0 margin 7 | smallest repairs: 0|0|0|1 8226, 1|0|1|0 441, 0|0|0|2 105, 0|2|0|0 4
  single U1Z1       tested     8776 FAILS      0 margin 7 | smallest repairs: 0|0|0|1 8226, 1|0|1|0 441, 0|0|0|2 105, 0|2|0|0 4
  single D2         tested     8776 FAILS      0 margin 1 | smallest repairs: 0|0|0|1 8226, 1|0|1|0 441, 0|0|0|2 105, 0|2|0|0 4
  single D3         tested     8776 FAILS      0 margin 6 | smallest repairs: 0|0|0|1 8226, 1|0|1|0 441, 0|0|0|2 105, 0|2|0|0 4
  single D4         tested     8776 FAILS      0 margin 7 | smallest repairs: 0|0|0|1 8226, 1|0|1|0 441, 0|0|0|2 105, 0|2|0|0 4
  single FR3        tested     8776 FAILS      0 margin 6 | smallest repairs: 0|0|0|1 8226, 1|0|1|0 441, 0|0|0|2 105, 0|2|0|0 4
  keyg   K1         tested      135 FAILS      0 margin 3 | smallest repairs: 1|0|1|0 133, 0|2|0|0 2
  keyg   K3b        tested      135 FAILS      0 margin 6 | smallest repairs: 1|0|1|0 133, 0|2|0|0 2
  keyg   K3b_noT4   tested      135 FAILS      0 margin 5 | smallest repairs: 1|0|1|0 133, 1|1|1|0 2
  keyg   K3         tested      135 FAILS      0 margin 6 | smallest repairs: 1|0|1|0 133, 0|2|0|0 2
  keyg   K2         tested      135 FAILS      0 margin 9 | smallest repairs: 1|0|1|0 133, 0|2|0|0 2
  keyg   K2_noneed  tested      135 FAILS      0 margin 9 | smallest repairs: 1|0|1|0 133, 0|2|0|0 2
  keyg   K2_Yany    tested      135 FAILS      0 margin 9 | smallest repairs: 1|0|1|0 133, 0|2|0|0 2
  keyg   K4         tested      135 FAILS      0 margin 9 | smallest repairs: 1|0|1|0 133, 0|2|0|0 2
  keyg   K5         tested      135 FAILS      0 margin 12 | smallest repairs: 1|0|1|0 133, 0|2|0|0 2
  keyg   KU1        tested      135 FAILS      0 margin 9 | smallest repairs: 1|0|1|0 133, 0|2|0|0 2
# wrote results/k4_portfolio/r4b.json; 11 s wall
