# command: python3 k4/portfolio.py certs results/k4_certs_4_n4_1.json.gz --sample=0 --jobs=3 --maxst=600 --name=x4_1 --ckpt
# portfolio_dump.c sha256 d549cd68387f58c47835a6254e53e340a8f018061a81456a2f2d89181ffaabd8; portfolio_preds.py sha256 70f90090bb5e410fd1fa53e7a790f823a5383c069eab27dbdb85974bb552df52
# 135 units to run, 0 from the checkpoint; jobs 3
x4_1: profiles 7247232 (omega >= 1: 102434), evaluated (f >= 1 with a state) 176 (skipped as too large: 0); states 286, keys with def* > 0 286; by f: {"2": {"keys_pos": 146, "profiles": 146, "states": 146}, "3": {"keys_pos": 140, "profiles": 30, "states": 140}}; 20 s CPU
  nearest distance of the states (f|k: count): 2|2: 146, 3|2: 140
  single RT4        tested      286 FAILS      0 margin 2 | smallest repairs: 1|0|1|0 266, 0|2|0|0 20
  single RC3        tested      286 FAILS      0 margin 6 | smallest repairs: 1|0|1|0 266, 0|2|0|0 20
  single RC_W1      tested      286 FAILS      0 margin 6 | smallest repairs: 1|0|1|0 266, 0|2|0|0 20
  single RC         tested      286 FAILS      0 margin 10 | smallest repairs: 1|0|1|0 266, 0|2|0|0 20
  single RC_noneed  tested      286 FAILS      0 margin 10 | smallest repairs: 1|0|1|0 266, 0|2|0|0 20
  single RC_Yfree   tested      286 FAILS      0 margin 10 | smallest repairs: 1|0|1|0 266, 0|2|0|0 20
  single RC_Yany    tested      286 FAILS      0 margin 10 | smallest repairs: 1|0|1|0 266, 0|2|0|0 20
  single RC_U0      tested      286 FAILS      0 margin 10 | smallest repairs: 1|0|1|0 266, 0|2|0|0 20
  single RC3_noT4   tested      286 FAILS      0 margin 4 | smallest repairs: 1|0|1|0 266, 1|1|1|0 20
  single NA3        tested      286 FAILS      0 margin 6 | smallest repairs: 1|0|1|0 266, 0|2|0|0 20
  single NA1        tested      286 FAILS      0 margin 10 | smallest repairs: 1|0|1|0 266, 0|2|0|0 20
  single NAbal      tested      286 FAILS      0 margin 12 | smallest repairs: 1|0|1|0 266, 0|2|0|0 20
  single NAall      tested      286 FAILS      0 margin 12 | smallest repairs: 1|0|1|0 266, 0|2|0|0 20
  single U1Z1       tested      286 FAILS      0 margin 10 | smallest repairs: 1|0|1|0 266, 0|2|0|0 20
  single D2         tested      286 FAILS      0 margin 1 | smallest repairs: 1|0|1|0 266, 0|2|0|0 20
  single D3         tested      286 FAILS      0 margin 6 | smallest repairs: 1|0|1|0 266, 0|2|0|0 20
  single D4         tested      286 FAILS      0 margin 12 | smallest repairs: 1|0|1|0 266, 0|2|0|0 20
  single FR3        tested      286 FAILS      0 margin 6 | smallest repairs: 1|0|1|0 266, 0|2|0|0 20
  keyg   K1         tested      286 FAILS      0 margin 2 | smallest repairs: 1|0|1|0 266, 0|2|0|0 20
  keyg   K3b        tested      286 FAILS      0 margin 6 | smallest repairs: 1|0|1|0 266, 0|2|0|0 20
  keyg   K3b_noT4   tested      286 FAILS      0 margin 4 | smallest repairs: 1|0|1|0 266, 1|1|1|0 20
  keyg   K3         tested      286 FAILS      0 margin 6 | smallest repairs: 1|0|1|0 266, 0|2|0|0 20
  keyg   K2         tested      286 FAILS      0 margin 10 | smallest repairs: 1|0|1|0 266, 0|2|0|0 20
  keyg   K2_noneed  tested      286 FAILS      0 margin 10 | smallest repairs: 1|0|1|0 266, 0|2|0|0 20
  keyg   K2_Yany    tested      286 FAILS      0 margin 10 | smallest repairs: 1|0|1|0 266, 0|2|0|0 20
  keyg   K4         tested      286 FAILS      0 margin 10 | smallest repairs: 1|0|1|0 266, 0|2|0|0 20
  keyg   K5         tested      286 FAILS      0 margin 12 | smallest repairs: 1|0|1|0 266, 0|2|0|0 20
  keyg   KU1        tested      286 FAILS      0 margin 10 | smallest repairs: 1|0|1|0 266, 0|2|0|0 20
# wrote results/k4_portfolio/x4_1.json; 7 s wall
