# command: python3 k4/zmh_s1c.py rand:results/k4_certs_3.json.gz:2500:3 rand:results/k4_certs_4_pure.json.gz:40:4 rand:results/k4_certs_4_n4_3.json.gz:30:5 --show=4   (random strict profiles; seeds 3, 4, 5)
S1c+ FAILS {"sets": [[0, 2, 8, 10], [1, 5, 8, 10], [3, 6, 9, 10], [4, 7, 9, 10]], "vals": [[2, 3, 8, 4], [6, 3, 2, 10], [2, 3, 4, 8], [3, 4, 2, 8]], "m": 11} x 2 g 10 P_Q ({2,8}, {1,5}, {10}, {4,7}) def 1 def* -1
  dist-1 re-base: y leaf?, takes a lower good of x 0, y terminal 0, y value down 1
  dist-1 re-base: y leaf?, takes a lower good of x 0, y terminal 1, y value down 2
  dist-1 re-base: y leaf?, takes a lower good of x 1, y terminal 1, y value down 2
bigtop, >=2 terminals: def(P_Q) <=0                     126
bigtop, >=2 terminals: def(P_Q) >0                      1
bigtop, >=2 terminals: nearest def<=0 state of the key at distance 0 126
bigtop, >=2 terminals: nearest def<=0 state of the key at distance 1 1
def*<=0 terminals=1 bigtop=0                            4664
def*<=0 terminals=1 bigtop=1                            3751
def*<=0 terminals=>=2 bigtop=0                          367
def*<=0 terminals=>=2 bigtop=1                          127
def*>0 terminals=1 bigtop=1                             3
def*>0 terminals=>=2 bigtop=0                           20
f=1 profiles                                            4418
profiles                                                146430

real	5m58.552s
user	5m54.099s
sys	0m0.118s
