# command: python3 k4/zmh_zx.py on: hard instances (cover failures n4m7, n4m10; rc 4604, 4515 one profile each), f>=3 empty-U instances; n = 3 screen every 20th; PR #80 n = 4 hunts; rc4604+rc4515 every 5th; dumps_f2 (n <= 5) every 40th
no maximum with ZMOVE nohelper: {"sets": [[0, 2, 4, 8], [1, 3, 7, 9], [4, 5, 6, 7], [5, 6, 8, 9]], "vals": [[2, 3, 6, 10], [2, 3, 10, 6], [2, 3, 4, 8], [2, 3, 8, 4]], "m": 10} key [[8], [7], None, None] maxima ['({8}, {7}, {4,5}, {6,9})', '({8}, {7}, {4,6}, {5,9})']
no maximum with ZMOVE nohelper W=0: {"sets": [[0, 2, 4, 8], [1, 3, 7, 9], [4, 5, 6, 7], [5, 6, 8, 9]], "vals": [[2, 3, 6, 10], [2, 3, 10, 6], [2, 3, 4, 8], [2, 3, 8, 4]], "m": 10} key [[8], [7], None, None] maxima ['({8}, {7}, {4,5}, {6,9})', '({8}, {7}, {4,6}, {5,9})']
no maximum with ZX nohelper: {"sets": [[0, 2, 4, 8], [1, 3, 7, 9], [4, 5, 6, 7], [5, 6, 8, 9]], "vals": [[2, 3, 6, 10], [2, 3, 10, 6], [2, 3, 4, 8], [2, 3, 8, 4]], "m": 10} key [[8], [7], None, None] maxima ['({8}, {7}, {4,5}, {6,9})', '({8}, {7}, {4,6}, {5,9})']
no maximum with ZX nohelper W=0: {"sets": [[0, 2, 4, 8], [1, 3, 7, 9], [4, 5, 6, 7], [5, 6, 8, 9]], "vals": [[2, 3, 6, 10], [2, 3, 10, 6], [2, 3, 4, 8], [2, 3, 8, 4]], "m": 10} key [[8], [7], None, None] maxima ['({8}, {7}, {4,5}, {6,9})', '({8}, {7}, {4,6}, {5,9})']
no maximum with ZMOVE nohelper: {"sets": [[0, 2, 3, 6], [1, 3, 4, 5], [2, 4, 5, 6], [4, 5, 6]], "vals": [[2, 4, 8, 5], [1, 4, 6, 8], [2, 8, 4, 3], [3, 4, 2]], "m": 7} key [None, None, [5], [4]] maxima ['({2,6}, {1,3}, {5}, {4})']
no maximum with ZMOVE nohelper W=0: {"sets": [[0, 2, 3, 6], [1, 3, 4, 5], [2, 4, 5, 6], [4, 5, 6]], "vals": [[2, 4, 8, 5], [1, 4, 6, 8], [2, 8, 4, 3], [3, 4, 2]], "m": 7} key [None, None, [5], [4]] maxima ['({2,6}, {1,3}, {5}, {4})']
no maximum with ZX nohelper: {"sets": [[0, 2, 3, 6], [1, 3, 4, 5], [2, 4, 5, 6], [4, 5, 6]], "vals": [[2, 4, 8, 5], [1, 4, 6, 8], [2, 8, 4, 3], [3, 4, 2]], "m": 7} key [None, None, [5], [4]] maxima ['({2,6}, {1,3}, {5}, {4})']
no maximum with ZX nohelper W=0: {"sets": [[0, 2, 3, 6], [1, 3, 4, 5], [2, 4, 5, 6], [4, 5, 6]], "vals": [[2, 4, 8, 5], [1, 4, 6, 8], [2, 8, 4, 3], [3, 4, 2]], "m": 7} key [None, None, [5], [4]] maxima ['({2,6}, {1,3}, {5}, {4})']
keys, f=1                                               1
keys, f=2                                               4
keys, f=2, at no maximum: ZMOVE nohelper                2
keys, f=2, at no maximum: ZMOVE nohelper W=0            2
keys, f=2, at no maximum: ZX nohelper                   2
keys, f=2, at no maximum: ZX nohelper W=0               2
keys, f=3                                               16
keys, f=3, at no maximum: ZX nohelper W=0               1
maxima, f=1                                             1
maxima, f=2                                             6
maxima, f=2, WITHOUT ZMOVE nohelper                     3
maxima, f=2, WITHOUT ZMOVE nohelper W=0                 3
maxima, f=2, WITHOUT ZX nohelper                        3
maxima, f=2, WITHOUT ZX nohelper W=0                    3
maxima, f=3                                             16
maxima, f=3, WITHOUT ZX nohelper W=0                    1
profiles                                                8

real	0m0.490s
user	0m0.469s
sys	0m0.008s
no maximum with ZMOVE nohelper: {"sets": [[0, 1, 2, 3], [2, 4, 5, 6], [3, 4, 5, 6]], "vals": [[2, 3, 8, 4], [8, 3, 2, 4], [2, 4, 7, 8]], "m": 7} key [[2], None, None] maxima ['({2}, {4,6}, {3,5})']
no maximum with ZMOVE nohelper W=0: {"sets": [[0, 1, 2, 3], [2, 4, 5, 6], [3, 4, 5, 6]], "vals": [[2, 3, 8, 4], [8, 3, 2, 4], [2, 4, 7, 8]], "m": 7} key [[2], None, None] maxima ['({2}, {4,6}, {3,5})']
no maximum with ZX nohelper: {"sets": [[0, 1, 2, 3], [2, 4, 5, 6], [3, 4, 5, 6]], "vals": [[2, 3, 8, 4], [8, 3, 2, 4], [2, 4, 7, 8]], "m": 7} key [[2], None, None] maxima ['({2}, {4,6}, {3,5})']
no maximum with ZX nohelper W=0: {"sets": [[0, 1, 2, 3], [2, 4, 5, 6], [3, 4, 5, 6]], "vals": [[2, 3, 8, 4], [8, 3, 2, 4], [2, 4, 7, 8]], "m": 7} key [[2], None, None] maxima ['({2}, {4,6}, {3,5})']
no maximum with ZMOVE nohelper: {"sets": [[0, 1, 2, 3], [2, 4, 5, 6], [3, 4, 5, 6]], "vals": [[4, 2, 8, 3], [8, 3, 4, 2], [2, 4, 7, 8]], "m": 7} key [[2], None, None] maxima ['({2}, {4,5}, {3,6})']
no maximum with ZMOVE nohelper W=0: {"sets": [[0, 1, 2, 3], [2, 4, 5, 6], [3, 4, 5, 6]], "vals": [[4, 2, 8, 3], [8, 3, 4, 2], [2, 4, 7, 8]], "m": 7} key [[2], None, None] maxima ['({2}, {4,5}, {3,6})']
no maximum with ZX nohelper: {"sets": [[0, 1, 2, 3], [2, 4, 5, 6], [3, 4, 5, 6]], "vals": [[4, 2, 8, 3], [8, 3, 4, 2], [2, 4, 7, 8]], "m": 7} key [[2], None, None] maxima ['({2}, {4,5}, {3,6})']
no maximum with ZX nohelper W=0: {"sets": [[0, 1, 2, 3], [2, 4, 5, 6], [3, 4, 5, 6]], "vals": [[4, 2, 8, 3], [8, 3, 4, 2], [2, 4, 7, 8]], "m": 7} key [[2], None, None] maxima ['({2}, {4,5}, {3,6})']
no maximum with ZX: {"sets": [[0, 2, 5, 7], [1, 4, 6, 7], [3, 5, 6, 7]], "vals": [[3, 4, 2, 8], [2, 3, 4, 8], [3, 5, 6, 7]], "m": 8} key [None, None, [7]] maxima ['({0,2}, {4,6}, {7})']
no maximum with ZX W=0: {"sets": [[0, 2, 5, 7], [1, 4, 6, 7], [3, 5, 6, 7]], "vals": [[3, 4, 2, 8], [2, 3, 4, 8], [3, 5, 6, 7]], "m": 8} key [None, None, [7]] maxima ['({0,2}, {4,6}, {7})']
no maximum with ZX: {"sets": [[0, 2, 5, 7], [1, 4, 6, 7], [3, 5, 6, 7]], "vals": [[3, 4, 2, 8], [3, 4, 2, 8], [3, 5, 6, 7]], "m": 8} key [None, None, [7]] maxima ['({0,2}, {1,4}, {7})']
no maximum with ZX W=0: {"sets": [[0, 2, 5, 7], [1, 4, 6, 7], [3, 5, 6, 7]], "vals": [[3, 4, 2, 8], [3, 4, 2, 8], [3, 5, 6, 7]], "m": 8} key [None, None, [7]] maxima ['({0,2}, {1,4}, {7})']
keys, f=1                                               3119
keys, f=1, at no maximum: ZMOVE nohelper                45
keys, f=1, at no maximum: ZMOVE nohelper W=0            45
keys, f=1, at no maximum: ZX                            42
keys, f=1, at no maximum: ZX W=0                        42
keys, f=1, at no maximum: ZX nohelper                   203
keys, f=1, at no maximum: ZX nohelper W=0               203
keys, f=2                                               9670
maxima, f=1                                             4304
maxima, f=1, WITHOUT ZMOVE nohelper                     379
maxima, f=1, WITHOUT ZMOVE nohelper W=0                 379
maxima, f=1, WITHOUT ZX                                 42
maxima, f=1, WITHOUT ZX W=0                             42
maxima, f=1, WITHOUT ZX nohelper                        537
maxima, f=1, WITHOUT ZX nohelper W=0                    537
maxima, f=2                                             9670
profiles                                                7954

real	0m19.106s
user	0m18.877s
sys	0m0.015s
no maximum with ZX nohelper: {"sets": [[0, 2, 7, 9], [1, 5, 8, 9], [3, 6, 8, 9], [4, 7, 9]], "vals": [[5, 4, 6, 8], [4, 3, 2, 8], [3, 4, 2, 8], [4, 3, 2]], "m": 10} key [[9], None, None, None] maxima ['({9}, {1,5}, {3,6}, {4,7})']
no maximum with ZX nohelper W=0: {"sets": [[0, 2, 7, 9], [1, 5, 8, 9], [3, 6, 8, 9], [4, 7, 9]], "vals": [[5, 4, 6, 8], [4, 3, 2, 8], [3, 4, 2, 8], [4, 3, 2]], "m": 10} key [[9], None, None, None] maxima ['({9}, {1,5}, {3,6}, {4,7})']
no maximum with ZMOVE nohelper: {"sets": [[0, 4, 5, 6], [1, 4, 5, 7], [2, 3, 6, 7], [2, 3, 6, 7]], "vals": [[4, 8, 3, 10], [2, 4, 7, 10], [6, 3, 10, 8], [3, 2, 8, 4]], "m": 8} key [[6], None, None, None] maxima ['({6}, {4,5}, {7}, {2,3})', '({6}, {4,5}, {2,3}, {7})']
no maximum with ZMOVE nohelper W=0: {"sets": [[0, 4, 5, 6], [1, 4, 5, 7], [2, 3, 6, 7], [2, 3, 6, 7]], "vals": [[4, 8, 3, 10], [2, 4, 7, 10], [6, 3, 10, 8], [3, 2, 8, 4]], "m": 8} key [[6], None, None, None] maxima ['({6}, {4,5}, {7}, {2,3})', '({6}, {4,5}, {2,3}, {7})']
no maximum with ZX nohelper: {"sets": [[0, 4, 5, 6], [1, 4, 5, 7], [2, 3, 6, 7], [2, 3, 6, 7]], "vals": [[4, 8, 3, 10], [2, 4, 7, 10], [6, 3, 10, 8], [3, 2, 8, 4]], "m": 8} key [[6], None, None, None] maxima ['({6}, {4,5}, {7}, {2,3})', '({6}, {4,5}, {2,3}, {7})']
no maximum with ZX nohelper W=0: {"sets": [[0, 4, 5, 6], [1, 4, 5, 7], [2, 3, 6, 7], [2, 3, 6, 7]], "vals": [[4, 8, 3, 10], [2, 4, 7, 10], [6, 3, 10, 8], [3, 2, 8, 4]], "m": 8} key [[6], None, None, None] maxima ['({6}, {4,5}, {7}, {2,3})', '({6}, {4,5}, {2,3}, {7})']
no maximum with ZMOVE nohelper: {"sets": [[0, 2, 6, 7], [1, 3, 6, 8], [4, 5, 7, 8], [4, 5, 7, 8]], "vals": [[2, 4, 7, 10], [4, 3, 8, 10], [3, 6, 8, 10], [4, 3, 6, 8]], "m": 9} key [None, [8], None, None] maxima ['({2,6}, {8}, {7}, {4,5})', '({2,6}, {8}, {4,5}, {7})']
no maximum with ZMOVE nohelper W=0: {"sets": [[0, 2, 6, 7], [1, 3, 6, 8], [4, 5, 7, 8], [4, 5, 7, 8]], "vals": [[2, 4, 7, 10], [4, 3, 8, 10], [3, 6, 8, 10], [4, 3, 6, 8]], "m": 9} key [None, [8], None, None] maxima ['({2,6}, {8}, {7}, {4,5})', '({2,6}, {8}, {4,5}, {7})']
keys, f=1                                               2661
keys, f=1, at no maximum: ZMOVE nohelper                2
keys, f=1, at no maximum: ZMOVE nohelper W=0            2
keys, f=1, at no maximum: ZX nohelper                   88
keys, f=1, at no maximum: ZX nohelper W=0               88
maxima, f=1                                             3306
maxima, f=1, WITHOUT ZMOVE nohelper                     4
maxima, f=1, WITHOUT ZMOVE nohelper W=0                 4
maxima, f=1, WITHOUT ZX nohelper                        134
maxima, f=1, WITHOUT ZX nohelper W=0                    134
profiles                                                2646

real	0m57.736s
user	0m57.235s
sys	0m0.020s
keys, f=1                                               74
keys, f=2                                               430
maxima, f=1                                             74
maxima, f=2                                             678
profiles                                                289

real	0m51.426s
user	0m50.960s
sys	0m0.016s
no maximum with ZMOVE W=0: {"sets": [[0, 2, 4, 5], [1, 3, 4, 5], [3, 4, 5], [3, 4, 5]], "vals": [[4, 2, 5, 8], [4, 8, 1, 6], [3, 4, 2], [3, 4, 2]], "m": 6} key [[4], None, [3], [5]] maxima ['({4}, {1}, {3}, {5})']
no maximum with ZMOVE nohelper W=0: {"sets": [[0, 2, 4, 5], [1, 3, 4, 5], [3, 4, 5], [3, 4, 5]], "vals": [[4, 2, 5, 8], [4, 8, 1, 6], [3, 4, 2], [3, 4, 2]], "m": 6} key [[4], None, [3], [5]] maxima ['({4}, {1}, {3}, {5})']
no maximum with ZX W=0: {"sets": [[0, 2, 4, 5], [1, 3, 4, 5], [3, 4, 5], [3, 4, 5]], "vals": [[4, 2, 5, 8], [4, 8, 1, 6], [3, 4, 2], [3, 4, 2]], "m": 6} key [[4], None, [3], [5]] maxima ['({4}, {1}, {3}, {5})']
no maximum with ZX nohelper W=0: {"sets": [[0, 2, 4, 5], [1, 3, 4, 5], [3, 4, 5], [3, 4, 5]], "vals": [[4, 2, 5, 8], [4, 8, 1, 6], [3, 4, 2], [3, 4, 2]], "m": 6} key [[4], None, [3], [5]] maxima ['({4}, {1}, {3}, {5})']
no maximum with ZMOVE W=0: {"sets": [[0, 2, 4, 5], [1, 3, 4, 5], [3, 4, 5], [3, 4, 5]], "vals": [[4, 2, 5, 8], [4, 8, 1, 6], [3, 4, 2], [3, 4, 2]], "m": 6} key [[4], None, [5], [3]] maxima ['({4}, {1}, {5}, {3})']
no maximum with ZMOVE nohelper W=0: {"sets": [[0, 2, 4, 5], [1, 3, 4, 5], [3, 4, 5], [3, 4, 5]], "vals": [[4, 2, 5, 8], [4, 8, 1, 6], [3, 4, 2], [3, 4, 2]], "m": 6} key [[4], None, [5], [3]] maxima ['({4}, {1}, {5}, {3})']
no maximum with ZX W=0: {"sets": [[0, 2, 4, 5], [1, 3, 4, 5], [3, 4, 5], [3, 4, 5]], "vals": [[4, 2, 5, 8], [4, 8, 1, 6], [3, 4, 2], [3, 4, 2]], "m": 6} key [[4], None, [5], [3]] maxima ['({4}, {1}, {5}, {3})']
no maximum with ZX nohelper W=0: {"sets": [[0, 2, 4, 5], [1, 3, 4, 5], [3, 4, 5], [3, 4, 5]], "vals": [[4, 2, 5, 8], [4, 8, 1, 6], [3, 4, 2], [3, 4, 2]], "m": 6} key [[4], None, [5], [3]] maxima ['({4}, {1}, {5}, {3})']
no maximum with ZX nohelper: {"sets": [[0, 2, 6, 7], [1, 3, 4, 5], [3, 4, 6, 7], [5, 6, 7]], "vals": [[2, 4, 7, 10], [2, 4, 5, 8], [4, 2, 8, 5], [2, 3, 4]], "m": 8} key [[6], None, [7], None] maxima ['({6}, {3,4}, {7}, {5})']
no maximum with ZX nohelper: {"sets": [[0, 2, 6, 7], [1, 3, 6, 7], [3, 4, 5, 7], [4, 5, 6, 7]], "vals": [[4, 2, 7, 8], [3, 2, 8, 4], [3, 5, 6, 7], [5, 4, 6, 8]], "m": 8} key [None, None, [7], [6]] maxima ['({0,2}, {1,3}, {7}, {6})']
keys, f=2                                               536
keys, f=2, at no maximum: ZMOVE W=0                     33
keys, f=2, at no maximum: ZMOVE nohelper W=0            48
keys, f=2, at no maximum: ZX W=0                        46
keys, f=2, at no maximum: ZX nohelper                   6
keys, f=2, at no maximum: ZX nohelper W=0               66
keys, f=3                                               3550
keys, f=3, at no maximum: ZMOVE W=0                     805
keys, f=3, at no maximum: ZMOVE nohelper W=0            805
keys, f=3, at no maximum: ZX W=0                        1062
keys, f=3, at no maximum: ZX nohelper                   1
keys, f=3, at no maximum: ZX nohelper W=0               1067
maxima, f=2                                             591
maxima, f=2, WITHOUT ZMOVE W=0                          49
maxima, f=2, WITHOUT ZMOVE nohelper W=0                 69
maxima, f=2, WITHOUT ZX W=0                             74
maxima, f=2, WITHOUT ZX nohelper                        7
maxima, f=2, WITHOUT ZX nohelper W=0                    98
maxima, f=3                                             3830
maxima, f=3, WITHOUT ZMOVE W=0                          960
maxima, f=3, WITHOUT ZMOVE nohelper W=0                 960
maxima, f=3, WITHOUT ZX W=0                             1334
maxima, f=3, WITHOUT ZX nohelper                        1
maxima, f=3, WITHOUT ZX nohelper W=0                    1339
profiles                                                1090

real	1m16.851s
user	1m16.158s
sys	0m0.019s
