# command: python3 k4/dlrc_chains.py results/k4_rc/dump_hunt_n4_pure_chain_sample.jsonl.gz
== results/k4_rc/dump_hunt_n4_pure_chain_sample.jsonl.gz: 178 chain states, 0 DL_RC failures
  states by (kind, f, def, least |W|, nearest k):
    ('chain', 2, 1, 1, 3) : 178
  improving T3c moves listed (at most 100 per state) by (|W|, |Y|): {(1, 0): 1424, (1, 1): 2384}
  better states (at most 400 per state) by (shape |U|,|Z|,|W|,|Y|; R_C kind; NA kept):
    ((1, 1, 1, 1), 'T3c', 1) : 2384
    ((1, 1, 1, 1), '-', 1) : 1888
    ((1, 1, 1, 0), 'T3c', 1) : 1424
  cores (file, pos, m): chain / failing states, distinct profiles
    ('k4_certs_4_pure.json.gz#153[m=9,idx=30]|prof=10,44,46,42', None, 9) : 3 states, 1 profiles
    ('k4_certs_4_pure.json.gz#153[m=9,idx=30]|prof=10,44,6,88', None, 9) : 3 states, 1 profiles
    ('k4_certs_4_pure.json.gz#153[m=9,idx=30]|prof=10,79,6,10', None, 9) : 3 states, 1 profiles
    ('k4_certs_4_pure.json.gz#153[m=9,idx=30]|prof=10,86,46,80', None, 9) : 3 states, 1 profiles
    ('k4_certs_4_pure.json.gz#153[m=9,idx=30]|prof=10,86,6,46', None, 9) : 3 states, 1 profiles
    ('k4_certs_4_pure.json.gz#153[m=9,idx=30]|prof=10,86,6,80', None, 9) : 3 states, 1 profiles
    ('k4_certs_4_pure.json.gz#153[m=9,idx=30]|prof=34,44,42,46', None, 9) : 3 states, 1 profiles
    ('k4_certs_4_pure.json.gz#153[m=9,idx=30]|prof=34,44,46,80', None, 9) : 3 states, 1 profiles
    ('k4_certs_4_pure.json.gz#153[m=9,idx=30]|prof=34,44,6,10', None, 9) : 3 states, 1 profiles
    ('k4_certs_4_pure.json.gz#153[m=9,idx=30]|prof=34,44,6,88', None, 9) : 3 states, 1 profiles
    ('k4_certs_4_pure.json.gz#153[m=9,idx=30]|prof=34,44,80,6', None, 9) : 3 states, 1 profiles
    ('k4_certs_4_pure.json.gz#153[m=9,idx=30]|prof=34,79,6,46', None, 9) : 3 states, 1 profiles
    ('k4_certs_4_pure.json.gz#153[m=9,idx=30]|prof=34,86,6,46', None, 9) : 3 states, 1 profiles
    ('k4_certs_4_pure.json.gz#153[m=9,idx=30]|prof=34,86,6,80', None, 9) : 3 states, 1 profiles
    ('k4_certs_4_pure.json.gz#153[m=9,idx=30]|prof=34,91,46,6', None, 9) : 3 states, 1 profiles
    ('k4_certs_4_pure.json.gz#153[m=9,idx=30]|prof=38,44,46,42', None, 9) : 3 states, 1 profiles
    ('k4_certs_4_pure.json.gz#153[m=9,idx=30]|prof=38,44,46,6', None, 9) : 3 states, 1 profiles
    ('k4_certs_4_pure.json.gz#153[m=9,idx=30]|prof=38,44,6,10', None, 9) : 3 states, 1 profiles
    ('k4_certs_4_pure.json.gz#153[m=9,idx=30]|prof=38,44,80,6', None, 9) : 3 states, 1 profiles
    ('k4_certs_4_pure.json.gz#153[m=9,idx=30]|prof=38,44,88,6', None, 9) : 3 states, 1 profiles
    ('k4_certs_4_pure.json.gz#153[m=9,idx=30]|prof=38,79,6,46', None, 9) : 3 states, 1 profiles
    ('k4_certs_4_pure.json.gz#153[m=9,idx=30]|prof=38,86,42,46', None, 9) : 3 states, 1 profiles
    ('k4_certs_4_pure.json.gz#153[m=9,idx=30]|prof=38,86,6,80', None, 9) : 3 states, 1 profiles
    ('k4_certs_4_pure.json.gz#153[m=9,idx=30]|prof=40,64,46,6', None, 9) : 3 states, 1 profiles
    ('k4_certs_4_pure.json.gz#153[m=9,idx=30]|prof=6,44,42,80', None, 9) : 3 states, 1 profiles
    ('k4_certs_4_pure.json.gz#153[m=9,idx=30]|prof=6,44,46,6', None, 9) : 3 states, 1 profiles
    ('k4_certs_4_pure.json.gz#153[m=9,idx=30]|prof=6,44,6,6', None, 9) : 2 states, 1 profiles
    ('k4_certs_4_pure.json.gz#153[m=9,idx=30]|prof=6,44,6,88', None, 9) : 3 states, 1 profiles
    ('k4_certs_4_pure.json.gz#153[m=9,idx=30]|prof=6,44,80,6', None, 9) : 3 states, 1 profiles
    ('k4_certs_4_pure.json.gz#153[m=9,idx=30]|prof=6,79,6,10', None, 9) : 3 states, 1 profiles
    ('k4_certs_4_pure.json.gz#153[m=9,idx=30]|prof=6,85,88,6', None, 9) : 3 states, 1 profiles
    ('k4_certs_4_pure.json.gz#153[m=9,idx=30]|prof=6,86,42,46', None, 9) : 3 states, 1 profiles
    ('k4_certs_4_pure.json.gz#153[m=9,idx=30]|prof=6,86,6,46', None, 9) : 3 states, 1 profiles
    ('k4_certs_4_pure.json.gz#153[m=9,idx=30]|prof=6,86,6,80', None, 9) : 3 states, 1 profiles
    ('k4_certs_4_pure.json.gz#153[m=9,idx=30]|prof=64,44,42,10', None, 9) : 3 states, 1 profiles
    ('k4_certs_4_pure.json.gz#153[m=9,idx=30]|prof=64,44,42,46', None, 9) : 3 states, 1 profiles
    ('k4_certs_4_pure.json.gz#153[m=9,idx=30]|prof=64,44,42,80', None, 9) : 3 states, 1 profiles
    ('k4_certs_4_pure.json.gz#153[m=9,idx=30]|prof=64,44,46,6', None, 9) : 3 states, 1 profiles
    ('k4_certs_4_pure.json.gz#153[m=9,idx=30]|prof=64,44,6,88', None, 9) : 3 states, 1 profiles
    ('k4_certs_4_pure.json.gz#153[m=9,idx=30]|prof=64,44,80,6', None, 9) : 3 states, 1 profiles
    ('k4_certs_4_pure.json.gz#153[m=9,idx=30]|prof=64,44,88,42', None, 9) : 3 states, 1 profiles
    ('k4_certs_4_pure.json.gz#153[m=9,idx=30]|prof=64,79,6,10', None, 9) : 3 states, 1 profiles
    ('k4_certs_4_pure.json.gz#153[m=9,idx=30]|prof=64,79,6,46', None, 9) : 3 states, 1 profiles
    ('k4_certs_4_pure.json.gz#153[m=9,idx=30]|prof=64,85,46,6', None, 9) : 3 states, 1 profiles
    ('k4_certs_4_pure.json.gz#153[m=9,idx=30]|prof=64,86,42,46', None, 9) : 3 states, 1 profiles
    ('k4_certs_4_pure.json.gz#153[m=9,idx=30]|prof=64,86,6,10', None, 9) : 3 states, 1 profiles
    ('k4_certs_4_pure.json.gz#153[m=9,idx=30]|prof=64,86,6,80', None, 9) : 3 states, 1 profiles
    ('k4_certs_4_pure.json.gz#153[m=9,idx=30]|prof=64,86,88,80', None, 9) : 2 states, 1 profiles
    ('k4_certs_4_pure.json.gz#153[m=9,idx=30]|prof=72,44,46,6', None, 9) : 3 states, 1 profiles
    ('k4_certs_4_pure.json.gz#153[m=9,idx=30]|prof=72,44,80,10', None, 9) : 3 states, 1 profiles
    ('k4_certs_4_pure.json.gz#153[m=9,idx=30]|prof=72,44,80,42', None, 9) : 3 states, 1 profiles
    ('k4_certs_4_pure.json.gz#153[m=9,idx=30]|prof=72,44,80,6', None, 9) : 3 states, 1 profiles
    ('k4_certs_4_pure.json.gz#153[m=9,idx=30]|prof=72,44,88,6', None, 9) : 3 states, 1 profiles
    ('k4_certs_4_pure.json.gz#153[m=9,idx=30]|prof=72,79,80,6', None, 9) : 3 states, 1 profiles
    ('k4_certs_4_pure.json.gz#153[m=9,idx=30]|prof=72,85,46,6', None, 9) : 3 states, 1 profiles
    ('k4_certs_4_pure.json.gz#153[m=9,idx=30]|prof=72,85,46,80', None, 9) : 3 states, 1 profiles
    ('k4_certs_4_pure.json.gz#153[m=9,idx=30]|prof=72,85,6,80', None, 9) : 3 states, 1 profiles
    ('k4_certs_4_pure.json.gz#153[m=9,idx=30]|prof=72,86,6,46', None, 9) : 3 states, 1 profiles
    ('k4_certs_4_pure.json.gz#153[m=9,idx=30]|prof=72,86,6,80', None, 9) : 3 states, 1 profiles
    ('k4_certs_4_pure.json.gz#153[m=9,idx=30]|prof=72,91,46,6', None, 9) : 3 states, 1 profiles
