# command: python3 k4/dlrc_hunt.py certs_n4_4_x certs results/k4_certs_5_n4_4.json.gz --min4=3 --sample=1500 --steps=400 --bt=0.5 --jobs=4 --seed=62
# dlrc.c sha256 f1cf4cc169a347625e5a84bd9c7a8c218f791de6e2a7ce466f59ce357000b1f7; dlrc_hunt.py sha256 fe0fa5082f6dde3e89d9e338cd7f508db3a25be24e4328aea29bfdf82b38189f
# certs results/k4_certs_5_n4_4.json.gz: 1500 units, 1500 to run, 0 from the checkpoint; options {'steps': 400, 'batch': 24, 'obj': 'std', 'bt': 0.5, 'seed': 62, 'init': 200, 'stale': 40}
#   unit {"file": "k4_certs_5_n4_4.json.gz", "pos": 46} k4_certs_5_n4_4.json.gz#46[m=6,idx=30]: start [0, 0, 0, 0, -1000000, 0, 0, -1000000, 0] best [0, 0, 0, 0, -1000000, 0, 0, -1000000, 0] chain profiles 0 (states 0), maxw 0, DL_RC fails 0, key form fails 0; 9800 evals [2 s]
#   unit {"file": "k4_certs_5_n4_4.json.gz", "pos": 31} k4_certs_5_n4_4.json.gz#31[m=6,idx=15]: start [0, 0, 0, 0, -1000000, 0, 0, -1000000, 0] best [0, 0, 0, 0, -1000000, 0, 0, -1000000, 0] chain profiles 0 (states 0), maxw 0, DL_RC fails 0, key form fails 0; 9800 evals [2 s]
#   unit {"file": "k4_certs_5_n4_4.json.gz", "pos": 32} k4_certs_5_n4_4.json.gz#32[m=6,idx=16]: start [0, 0, 0, 0, -1000000, 0, 0, -1000000, 0] best [0, 0, 0, 0, -1000000, 0, 0, -1000000, 0] chain profiles 0 (states 0), maxw 0, DL_RC fails 0, key form fails 0; 9800 evals [2 s]
#   unit {"file": "k4_certs_5_n4_4.json.gz", "pos": 24} k4_certs_5_n4_4.json.gz#24[m=6,idx=8]: start [0, 0, 0, 0, -1000000, 0, 0, -1000000, 0] best [0, 0, 0, 0, -1000000, 0, 0, -1000000, 0] chain profiles 0 (states 0), maxw 0, DL_RC fails 0, key form fails 0; 9800 evals [2 s]
#   unit {"file": "k4_certs_5_n4_4.json.gz", "pos": 57} k4_certs_5_n4_4.json.gz#57[m=6,idx=41]: start [0, 0, 0, 0, -1000000, 0, 0, -1000000, 0] best [0, 0, 0, 0, -1000000, 0, 0, -1000000, 0] chain profiles 0 (states 0), maxw 0, DL_RC fails 0, key form fails 0; 9800 evals [3 s]
#   unit {"file": "k4_certs_5_n4_4.json.gz", "pos": 62} k4_certs_5_n4_4.json.gz#62[m=6,idx=46]: start [0, 0, 0, 0, -1000000, 0, 0, -1000000, 0] best [0, 0, 0, 0, -1000000, 0, 0, -1000000, 0] chain profiles 0 (states 0), maxw 0, DL_RC fails 0, key form fails 0; 9800 evals [3 s]
#   unit {"file": "k4_certs_5_n4_4.json.gz", "pos": 63} k4_certs_5_n4_4.json.gz#63[m=6,idx=47]: start [0, 0, 0, 0, -1000000, 0, 0, -1000000, 0] best [0, 0, 0, 0, -1000000, 0, 0, -1000000, 0] chain profiles 0 (states 0), maxw 0, DL_RC fails 0, key form fails 0; 9800 evals [3 s]
#   unit {"file": "k4_certs_5_n4_4.json.gz", "pos": 67} k4_certs_5_n4_4.json.gz#67[m=6,idx=51]: start [0, 0, 0, 0, -1000000, 0, 0, -1000000, 0] best [0, 0, 0, 0, -1000000, 0, 0, -1000000, 0] chain profiles 0 (states 0), maxw 0, DL_RC fails 0, key form fails 0; 9800 evals [3 s]
#   unit {"file": "k4_certs_5_n4_4.json.gz", "pos": 69} k4_certs_5_n4_4.json.gz#69[m=6,idx=53]: start [0, 0, 0, 0, -1000000, 0, 0, -1000000, 0] best [0, 0, 0, 0, -1000000, 0, 0, -1000000, 0] chain profiles 0 (states 0), maxw 0, DL_RC fails 0, key form fails 0; 9800 evals [3 s]
#   unit {"file": "k4_certs_5_n4_4.json.gz", "pos": 70} k4_certs_5_n4_4.json.gz#70[m=6,idx=54]: start [0, 0, 0, 0, -1000000, 0, 0, -1000000, 0] best [0, 0, 0, 0, -1000000, 0, 0, -1000000, 0] chain profiles 0 (states 0), maxw 0, DL_RC fails 0, key form fails 0; 9800 evals [3 s]
#   unit {"file": "k4_certs_5_n4_4.json.gz", "pos": 71} k4_certs_5_n4_4.json.gz#71[m=6,idx=55]: start [0, 0, 0, 0, -1000000, 0, 0, -1000000, 0] best [0, 0, 0, 0, -1000000, 0, 0, -1000000, 0] chain profiles 0 (states 0), maxw 0, DL_RC fails 0, key form fails 0; 9800 evals [3 s]
#   unit {"file": "k4_certs_5_n4_4.json.gz", "pos": 72} k4_certs_5_n4_4.json.gz#72[m=6,idx=56]: start [0, 0, 0, 0, -1000000, 0, 0, -1000000, 0] best [0, 0, 0, 0, -1000000, 0, 0, -1000000, 0] chain profiles 0 (states 0), maxw 0, DL_RC fails 0, key form fails 0; 9800 evals [3 s]
#   unit {"file": "k4_certs_5_n4_4.json.gz", "pos": 73} k4_certs_5_n4_4.json.gz#73[m=6,idx=57]: start [0, 0, 0, 0, -1000000, 0, 0, -1000000, 0] best [0, 0, 0, 0, -1000000, 0, 0, -1000000, 0] chain profiles 0 (states 0), maxw 0, DL_RC fails 0, key form fails 0; 9800 evals [3 s]
#   unit {"file": "k4_certs_5_n4_4.json.gz", "pos": 86} k4_certs_5_n4_4.json.gz#86[m=6,idx=70]: start [0, 0, 0, 0, -1000000, 0, 0, -1000000, 0] best [0, 0, 0, 0, -1000000, 0, 0, -1000000, 0] chain profiles 0 (states 0), maxw 0, DL_RC fails 0, key form fails 0; 9800 evals [3 s]
#   unit {"file": "k4_certs_5_n4_4.json.gz", "pos": 93} k4_certs_5_n4_4.json.gz#93[m=6,idx=77]: start [0, 0, 0, 0, -1000000, 0, 0, -1000000, 0] best [0, 0, 0, 0, -1000000, 0, 0, -1000000, 0] chain profiles 0 (states 0), maxw 0, DL_RC fails 0, key form fails 0; 9800 evals [3 s]
#   unit {"file": "k4_certs_5_n4_4.json.gz", "pos": 95} k4_certs_5_n4_4.json.gz#95[m=6,idx=79]: start [0, 0, 0, 0, -1000000, 0, 0, -1000000, 0] best [0, 0, 0, 0, -1000000, 0, 0, -1000000, 0] chain profiles 0 (states 0), maxw 0, DL_RC fails 0, key form fails 0; 9800 evals [3 s]
#   unit {"file": "k4_certs_5_n4_4.json.gz", "pos": 99} k4_certs_5_n4_4.json.gz#99[m=6,idx=83]: start [0, 0, 0, 0, -1000000, 0, 0, -1000000, 0] best [0, 0, 0, 0, -1000000, 0, 0, -1000000, 0] chain profiles 0 (states 0), maxw 0, DL_RC fails 0, key form fails 0; 9800 evals [3 s]
#   unit {"file": "k4_certs_5_n4_4.json.gz", "pos": 110} k4_certs_5_n4_4.json.gz#110[m=6,idx=94]: start [0, 0, 0, 0, -1000000, 0, 0, -1000000, 0] best [0, 0, 0, 0, -1000000, 0, 0, -1000000, 0] chain profiles 0 (states 0), maxw 0, DL_RC fails 0, key form fails 0; 9800 evals [3 s]
#   unit {"file": "k4_certs_5_n4_4.json.gz", "pos": 107} k4_certs_5_n4_4.json.gz#107[m=6,idx=91]: start [0, 0, 0, 0, -1000000, 0, 0, -1000000, 0] best [0, 0, 0, 0, -1000000, 0, 0, -1000000, 0] chain profiles 0 (states 0), maxw 0, DL_RC fails 0, key form fails 0; 9800 evals [3 s]
#   unit {"file": "k4_certs_5_n4_4.json.gz", "pos": 108} k4_certs_5_n4_4.json.gz#108[m=6,idx=92]: start [0, 0, 0, 0, -1000000, 0, 0, -1000000, 0] best [0, 0, 0, 0, -1000000, 0, 0, -1000000, 0] chain profiles 0 (states 0), maxw 0, DL_RC fails 0, key form fails 0; 9800 evals [3 s]
#   unit {"file": "k4_certs_5_n4_4.json.gz", "pos": 117} k4_certs_5_n4_4.json.gz#117[m=6,idx=101]: start [0, 0, 0, 0, -1000000, 0, 0, -1000000, 0] best [0, 0, 0, 0, -1000000, 0, 0, -1000000, 0] chain profiles 0 (states 0), maxw 0, DL_RC fails 0, key form fails 0; 9800 evals [2 s]
#   unit {"file": "k4_certs_5_n4_4.json.gz", "pos": 130} k4_certs_5_n4_4.json.gz#130[m=6,idx=114]: start [0, 0, 0, 0, -1000000, 0, 0, -1000000, 0] best [0, 0, 0, 0, -1000000, 0, 0, -1000000, 0] chain profiles 0 (states 0), maxw 0, DL_RC fails 0, key form fails 0; 9800 evals [2 s]
#   unit {"file": "k4_certs_5_n4_4.json.gz", "pos": 115} k4_certs_5_n4_4.json.gz#115[m=6,idx=99]: start [0, 0, 0, 0, -1000000, 0, 0, -1000000, 0] best [0, 0, 0, 0, -1000000, 0, 0, -1000000, 0] chain profiles 0 (states 0), maxw 0, DL_RC fails 0, key form fails 0; 9800 evals [3 s]
#   unit {"file": "k4_certs_5_n4_4.json.gz", "pos": 127} k4_certs_5_n4_4.json.gz#127[m=6,idx=111]: start [0, 0, 0, 0, -1000000, 0, 0, -1000000, 0] best [0, 0, 0, 0, -1000000, 0, 0, -1000000, 0] chain profiles 0 (states 0), maxw 0, DL_RC fails 0, key form fails 0; 9800 evals [3 s]
#   unit {"file": "k4_certs_5_n4_4.json.gz", "pos": 135} k4_certs_5_n4_4.json.gz#135[m=6,idx=119]: start [0, 0, 0, 0, -1000000, 0, 0, -1000000, 0] best [0, 0, 0, 0, -1000000, 0, 0, -1000000, 0] chain profiles 0 (states 0), maxw 0, DL_RC fails 0, key form fails 0; 9800 evals [3 s]
#   unit {"file": "k4_certs_5_n4_4.json.gz", "pos": 143} k4_certs_5_n4_4.json.gz#143[m=6,idx=127]: start [0, 0, 0, 0, -1000000, 0, 0, -1000000, 0] best [0, 0, 0, 0, -1000000, 0, 0, -1000000, 0] chain profiles 0 (states 0), maxw 0, DL_RC fails 0, key form fails 0; 9800 evals [2 s]
#   unit {"file": "k4_certs_5_n4_4.json.gz", "pos": 152} k4_certs_5_n4_4.json.gz#152[m=6,idx=136]: start [0, 0, 0, 0, -1000000, 0, 0, -1000000, 0] best [0, 0, 0, 0, -1000000, 0, 0, -1000000, 0] chain profiles 0 (states 0), maxw 0, DL_RC fails 0, key form fails 0; 9800 evals [2 s]
#   unit {"file": "k4_certs_5_n4_4.json.gz", "pos": 153} k4_certs_5_n4_4.json.gz#153[m=6,idx=137]: start [0, 0, 0, 0, -1000000, 0, 0, -1000000, 0] best [0, 0, 0, 0, -1000000, 0, 0, -1000000, 0] chain profiles 0 (states 0), maxw 0, DL_RC fails 0, key form fails 0; 9800 evals [2 s]
#   unit {"file": "k4_certs_5_n4_4.json.gz", "pos": 156} k4_certs_5_n4_4.json.gz#156[m=6,idx=140]: start [0, 0, 0, 0, -1000000, 0, 0, -1000000, 0] best [0, 0, 0, 0, -1000000, 0, 0, -1000000, 0] chain profiles 0 (states 0), maxw 0, DL_RC fails 0, key form fails 0; 9800 evals [2 s]
#   unit {"file": "k4_certs_5_n4_4.json.gz", "pos": 175} k4_certs_5_n4_4.json.gz#175[m=7,idx=13]: start [0, 0, 0, 0, -1000000, 0, 0, -1000000, 0] best [0, 0, 0, 0, -1000000, 0, 0, -1000000, 0] chain profiles 0 (states 0), maxw 0, DL_RC fails 0, key form fails 0; 9800 evals [2 s]
#   unit {"file": "k4_certs_5_n4_4.json.gz", "pos": 158} k4_certs_5_n4_4.json.gz#158[m=6,idx=142]: start [0, 0, 0, 0, -1000000, 0, 0, -1000000, 0] best [0, 0, 0, 0, -1000000, 0, 0, -1000000, 0] chain profiles 0 (states 0), maxw 0, DL_RC fails 0, key form fails 0; 9800 evals [2 s]
#   unit {"file": "k4_certs_5_n4_4.json.gz", "pos": 161} k4_certs_5_n4_4.json.gz#161[m=6,idx=145]: start [0, 0, 0, 0, -1000000, 0, 0, -1000000, 0] best [0, 0, 0, 0, -1000000, 0, 0, -1000000, 0] chain profiles 0 (states 0), maxw 0, DL_RC fails 0, key form fails 0; 9800 evals [3 s]
#   unit {"file": "k4_certs_5_n4_4.json.gz", "pos": 180} k4_certs_5_n4_4.json.gz#180[m=7,idx=18]: start [0, 0, 0, 0, -1000000, 0, 0, -1000000, 0] best [0, 0, 0, 0, -1000000, 0, 0, -1000000, 0] chain profiles 0 (states 0), maxw 0, DL_RC fails 0, key form fails 0; 9800 evals [2 s]
#   unit {"file": "k4_certs_5_n4_4.json.gz", "pos": 179} k4_certs_5_n4_4.json.gz#179[m=7,idx=17]: start [0, 0, 0, 0, -1000000, 0, 0, -1000000, 0] best [0, 0, 0, 0, -1000000, 0, 0, -1000000, 0] chain profiles 0 (states 0), maxw 0, DL_RC fails 0, key form fails 0; 9800 evals [3 s]
#   unit {"file": "k4_certs_5_n4_4.json.gz", "pos": 194} k4_certs_5_n4_4.json.gz#194[m=7,idx=32]: start [0, 0, 0, 0, -1000000, 0, 0, -1000000, 0] best [0, 0, 0, 0, -1000000, 0, 0, -1000000, 0] chain profiles 0 (states 0), maxw 0, DL_RC fails 0, key form fails 0; 9800 evals [3 s]
#   unit {"file": "k4_certs_5_n4_4.json.gz", "pos": 213} k4_certs_5_n4_4.json.gz#213[m=7,idx=51]: start [0, 0, 0, 0, -1000000, 0, 0, -1000000, 0] best [0, 0, 0, 0, -1000000, 0, 0, -1000000, 0] chain profiles 0 (states 0), maxw 0, DL_RC fails 0, key form fails 0; 9800 evals [3 s]
#   unit {"file": "k4_certs_5_n4_4.json.gz", "pos": 216} k4_certs_5_n4_4.json.gz#216[m=7,idx=54]: start [0, 0, 0, 0, -1000000, 0, 0, -1000000, 0] best [0, 0, 0, 0, -1000000, 0, 0, -1000000, 0] chain profiles 0 (states 0), maxw 0, DL_RC fails 0, key form fails 0; 9800 evals [2 s]
#   unit {"file": "k4_certs_5_n4_4.json.gz", "pos": 219} k4_certs_5_n4_4.json.gz#219[m=7,idx=57]: start [0, 0, 0, 0, -1000000, 0, 0, -1000000, 0] best [0, 0, 0, 0, -1000000, 0, 0, -1000000, 0] chain profiles 0 (states 0), maxw 0, DL_RC fails 0, key form fails 0; 9800 evals [2 s]
#   unit {"file": "k4_certs_5_n4_4.json.gz", "pos": 224} k4_certs_5_n4_4.json.gz#224[m=7,idx=62]: start [0, 0, 0, 0, -1000000, 0, 0, -1000000, 0] best [0, 0, 0, 0, -1000000, 0, 0, -1000000, 0] chain profiles 0 (states 0), maxw 0, DL_RC fails 0, key form fails 0; 9800 evals [2 s]
#   unit {"file": "k4_certs_5_n4_4.json.gz", "pos": 242} k4_certs_5_n4_4.json.gz#242[m=7,idx=80]: start [0, 0, 0, 0, -1000000, 0, 0, -1000000, 0] best [0, 0, 0, 0, -1000000, 0, 0, -1000000, 0] chain profiles 0 (states 0), maxw 0, DL_RC fails 0, key form fails 0; 9800 evals [2 s]
#   unit {"file": "k4_certs_5_n4_4.json.gz", "pos": 254} k4_certs_5_n4_4.json.gz#254[m=7,idx=92]: start [0, 0, 0, 0, -1000000, 0, 0, -1000000, 0] best [0, 0, 0, 0, -1000000, 0, 0, -1000000, 0] chain profiles 0 (states 0), maxw 0, DL_RC fails 0, key form fails 0; 9800 evals [2 s]
#   unit {"file": "k4_certs_5_n4_4.json.gz", "pos": 262} k4_certs_5_n4_4.json.gz#262[m=7,idx=100]: start [0, 0, 0, 0, -1000000, 0, 0, -1000000, 0] best [0, 0, 0, 0, -1000000, 0, 0, -1000000, 0] chain profiles 0 (states 0), maxw 0, DL_RC fails 0, key form fails 0; 9800 evals [2 s]
#   unit {"file": "k4_certs_5_n4_4.json.gz", "pos": 272} k4_certs_5_n4_4.json.gz#272[m=7,idx=110]: start [0, 0, 0, 0, -1000000, 0, 0, -1000000, 0] best [0, 0, 0, 0, -1000000, 0, 0, -1000000, 0] chain profiles 0 (states 0), maxw 0, DL_RC fails 0, key form fails 0; 9800 evals [3 s]
#   unit {"file": "k4_certs_5_n4_4.json.gz", "pos": 274} k4_certs_5_n4_4.json.gz#274[m=7,idx=112]: start [0, 0, 0, 0, -1000000, 0, 0, -1000000, 0] best [0, 0, 0, 0, -1000000, 0, 0, -1000000, 0] chain profiles 0 (states 0), maxw 0, DL_RC fails 0, key form fails 0; 9800 evals [2 s]
#   unit {"file": "k4_certs_5_n4_4.json.gz", "pos": 276} k4_certs_5_n4_4.json.gz#276[m=7,idx=114]: start [0, 0, 0, 0, -1000000, 0, 0, -1000000, 0] best [0, 0, 0, 0, -1000000, 0, 0, -1000000, 0] chain profiles 0 (states 0), maxw 0, DL_RC fails 0, key form fails 0; 9800 evals [3 s]
#   unit {"file": "k4_certs_5_n4_4.json.gz", "pos": 282} k4_certs_5_n4_4.json.gz#282[m=7,idx=120]: start [0, 0, 0, 0, -1000000, 0, 0, -1000000, 0] best [0, 0, 0, 0, -1000000, 0, 0, -1000000, 0] chain profiles 0 (states 0), maxw 0, DL_RC fails 0, key form fails 0; 9800 evals [3 s]
#   unit {"file": "k4_certs_5_n4_4.json.gz", "pos": 299} k4_certs_5_n4_4.json.gz#299[m=7,idx=137]: start [0, 0, 0, 0, -1000000, 0, 0, -1000000, 0] best [0, 0, 0, 0, -1000000, 0, 0, -1000000, 0] chain profiles 0 (states 0), maxw 0, DL_RC fails 0, key form fails 0; 9800 evals [2 s]
#   unit {"file": "k4_certs_5_n4_4.json.gz", "pos": 306} k4_certs_5_n4_4.json.gz#306[m=7,idx=144]: start [0, 0, 0, 0, -1000000, 0, 0, -1000000, 0] best [0, 0, 0, 0, -1000000, 0, 0, -1000000, 0] chain profiles 0 (states 0), maxw 0, DL_RC fails 0, key form fails 0; 9800 evals [3 s]
#   unit {"file": "k4_certs_5_n4_4.json.gz", "pos": 307} k4_certs_5_n4_4.json.gz#307[m=7,idx=145]: start [0, 0, 0, 0, -1000000, 0, 0, -1000000, 0] best [0, 0, 0, 0, -1000000, 0, 0, -1000000, 0] chain profiles 0 (states 0), maxw 0, DL_RC fails 0, key form fails 0; 9800 evals [2 s]
#   unit {"file": "k4_certs_5_n4_4.json.gz", "pos": 308} k4_certs_5_n4_4.json.gz#308[m=7,idx=146]: start [0, 0, 0, 0, -1000000, 0, 0, -1000000, 0] best [0, 0, 0, 0, -1000000, 0, 0, -1000000, 0] chain profiles 0 (states 0), maxw 0, DL_RC fails 0, key form fails 0; 9800 evals [2 s]
#   unit {"file": "k4_certs_5_n4_4.json.gz", "pos": 309} k4_certs_5_n4_4.json.gz#309[m=7,idx=147]: start [0, 0, 0, 0, -1000000, 0, 0, -1000000, 0] best [0, 0, 0, 0, -1000000, 0, 0, -1000000, 0] chain profiles 0 (states 0), maxw 0, DL_RC fails 0, key form fails 0; 9800 evals [2 s]
#   unit {"file": "k4_certs_5_n4_4.json.gz", "pos": 315} k4_certs_5_n4_4.json.gz#315[m=7,idx=153]: start [0, 0, 0, 0, -1000000, 0, 0, -1000000, 0] best [0, 0, 0, 0, -1000000, 0, 0, -1000000, 0] chain profiles 0 (states 0), maxw 0, DL_RC fails 0, key form fails 0; 9800 evals [2 s]
#   unit {"file": "k4_certs_5_n4_4.json.gz", "pos": 317} k4_certs_5_n4_4.json.gz#317[m=7,idx=155]: start [0, 0, 0, 0, -1000000, 0, 0, -1000000, 0] best [0, 0, 0, 0, -1000000, 0, 0, -1000000, 0] chain profiles 0 (states 0), maxw 0, DL_RC fails 0, key form fails 0; 9800 evals [2 s]
#   unit {"file": "k4_certs_5_n4_4.json.gz", "pos": 318} k4_certs_5_n4_4.json.gz#318[m=7,idx=156]: start [0, 0, 0, 0, -1000000, 0, 0, -1000000, 0] best [0, 0, 0, 0, -1000000, 0, 0, -1000000, 0] chain profiles 0 (states 0), maxw 0, DL_RC fails 0, key form fails 0; 9800 evals [2 s]
#   unit {"file": "k4_certs_5_n4_4.json.gz", "pos": 320} k4_certs_5_n4_4.json.gz#320[m=7,idx=158]: start [0, 0, 0, 0, -1000000, 0, 0, -1000000, 0] best [0, 0, 0, 0, -1000000, 0, 0, -1000000, 0] chain profiles 0 (states 0), maxw 0, DL_RC fails 0, key form fails 0; 9800 evals [2 s]
#   unit {"file": "k4_certs_5_n4_4.json.gz", "pos": 324} k4_certs_5_n4_4.json.gz#324[m=7,idx=162]: start [0, 0, 0, 0, -1000000, 0, 0, -1000000, 0] best [0, 0, 0, 0, -1000000, 0, 0, -1000000, 0] chain profiles 0 (states 0), maxw 0, DL_RC fails 0, key form fails 0; 9800 evals [2 s]
#   unit {"file": "k4_certs_5_n4_4.json.gz", "pos": 336} k4_certs_5_n4_4.json.gz#336[m=7,idx=174]: start [0, 0, 0, 0, -1000000, 0, 0, -1000000, 0] best [0, 0, 0, 0, -1000000, 0, 0, -1000000, 0] chain profiles 0 (states 0), maxw 0, DL_RC fails 0, key form fails 0; 9800 evals [3 s]
#   unit {"file": "k4_certs_5_n4_4.json.gz", "pos": 353} k4_certs_5_n4_4.json.gz#353[m=7,idx=191]: start [0, 0, 0, 0, -1000000, 0, 0, -1000000, 0] best [0, 0, 0, 0, -1000000, 0, 0, -1000000, 0] chain profiles 0 (states 0), maxw 0, DL_RC fails 0, key form fails 0; 9800 evals [3 s]
#   unit {"file": "k4_certs_5_n4_4.json.gz", "pos": 365} k4_certs_5_n4_4.json.gz#365[m=7,idx=203]: start [0, 0, 0, 0, -1000000, 0, 0, -1000000, 0] best [0, 0, 0, 0, -1000000, 0, 0, -1000000, 0] chain profiles 0 (states 0), maxw 0, DL_RC fails 0, key form fails 0; 9800 evals [2 s]
#   unit {"file": "k4_certs_5_n4_4.json.gz", "pos": 376} k4_certs_5_n4_4.json.gz#376[m=7,idx=214]: start [0, 0, 0, 0, -1000000, 0, 0, -1000000, 0] best [0, 0, 0, 0, -1000000, 0, 0, -1000000, 0] chain profiles 0 (states 0), maxw 0, DL_RC fails 0, key form fails 0; 9800 evals [3 s]
#   unit {"file": "k4_certs_5_n4_4.json.gz", "pos": 381} k4_certs_5_n4_4.json.gz#381[m=7,idx=219]: start [0, 0, 0, 0, -1000000, 0, 0, -1000000, 0] best [0, 0, 0, 0, -1000000, 0, 0, -1000000, 0] chain profiles 0 (states 0), maxw 0, DL_RC fails 0, key form fails 0; 9800 evals [3 s]
#   unit {"file": "k4_certs_5_n4_4.json.gz", "pos": 382} k4_certs_5_n4_4.json.gz#382[m=7,idx=220]: start [0, 0, 0, 0, -1000000, 0, 0, -1000000, 0] best [0, 0, 0, 0, -1000000, 0, 0, -1000000, 0] chain profiles 0 (states 0), maxw 0, DL_RC fails 0, key form fails 0; 9800 evals [3 s]
#   unit {"file": "k4_certs_5_n4_4.json.gz", "pos": 386} k4_certs_5_n4_4.json.gz#386[m=7,idx=224]: start [0, 0, 0, 0, -1000000, 0, 0, -1000000, 0] best [0, 0, 0, 0, -1000000, 0, 0, -1000000, 0] chain profiles 0 (states 0), maxw 0, DL_RC fails 0, key form fails 0; 9800 evals [3 s]
#   unit {"file": "k4_certs_5_n4_4.json.gz", "pos": 388} k4_certs_5_n4_4.json.gz#388[m=7,idx=226]: start [0, 0, 0, 0, -1000000, 0, 0, -1000000, 0] best [0, 0, 0, 0, -1000000, 0, 0, -1000000, 0] chain profiles 0 (states 0), maxw 0, DL_RC fails 0, key form fails 0; 9800 evals [3 s]
#   unit {"file": "k4_certs_5_n4_4.json.gz", "pos": 402} k4_certs_5_n4_4.json.gz#402[m=7,idx=240]: start [0, 0, 0, 0, -1000000, 0, 0, -1000000, 0] best [0, 0, 0, 0, -1000000, 0, 0, -1000000, 0] chain profiles 0 (states 0), maxw 0, DL_RC fails 0, key form fails 0; 9800 evals [3 s]
#   unit {"file": "k4_certs_5_n4_4.json.gz", "pos": 407} k4_certs_5_n4_4.json.gz#407[m=7,idx=245]: start [0, 0, 0, 0, -1000000, 0, 0, -1000000, 0] best [0, 0, 0, 0, -1000000, 0, 0, -1000000, 0] chain profiles 0 (states 0), maxw 0, DL_RC fails 0, key form fails 0; 9800 evals [3 s]
#   unit {"file": "k4_certs_5_n4_4.json.gz", "pos": 411} k4_certs_5_n4_4.json.gz#411[m=7,idx=249]: start [0, 0, 0, 0, -1000000, 0, 0, -1000000, 0] best [0, 0, 0, 0, -1000000, 0, 0, -1000000, 0] chain profiles 0 (states 0), maxw 0, DL_RC fails 0, key form fails 0; 9800 evals [3 s]
#   unit {"file": "k4_certs_5_n4_4.json.gz", "pos": 416} k4_certs_5_n4_4.json.gz#416[m=7,idx=254]: start [0, 0, 0, 0, -1000000, 0, 0, -1000000, 0] best [0, 0, 0, 0, -1000000, 0, 0, -1000000, 0] chain profiles 0 (states 0), maxw 0, DL_RC fails 0, key form fails 0; 9800 evals [3 s]
#   unit {"file": "k4_certs_5_n4_4.json.gz", "pos": 426} k4_certs_5_n4_4.json.gz#426[m=7,idx=264]: start [0, 0, 0, 0, -1000000, 0, 0, -1000000, 0] best [0, 0, 0, 0, -1000000, 0, 0, -1000000, 0] chain profiles 0 (states 0), maxw 0, DL_RC fails 0, key form fails 0; 9800 evals [2 s]
#   unit {"file": "k4_certs_5_n4_4.json.gz", "pos": 427} k4_certs_5_n4_4.json.gz#427[m=7,idx=265]: start [0, 0, 0, 0, -1000000, 0, 0, -1000000, 0] best [0, 0, 0, 0, -1000000, 0, 0, -1000000, 0] chain profiles 0 (states 0), maxw 0, DL_RC fails 0, key form fails 0; 9800 evals [2 s]
#   unit {"file": "k4_certs_5_n4_4.json.gz", "pos": 430} k4_certs_5_n4_4.json.gz#430[m=7,idx=268]: start [0, 0, 0, 0, -1000000, 0, 0, -1000000, 0] best [0, 0, 0, 0, -1000000, 0, 0, -1000000, 0] chain profiles 0 (states 0), maxw 0, DL_RC fails 0, key form fails 0; 9800 evals [2 s]
#   unit {"file": "k4_certs_5_n4_4.json.gz", "pos": 433} k4_certs_5_n4_4.json.gz#433[m=7,idx=271]: start [0, 0, 0, 0, -1000000, 0, 0, -1000000, 0] best [0, 0, 0, 0, -1000000, 0, 0, -1000000, 0] chain profiles 0 (states 0), maxw 0, DL_RC fails 0, key form fails 0; 9800 evals [2 s]
#   unit {"file": "k4_certs_5_n4_4.json.gz", "pos": 443} k4_certs_5_n4_4.json.gz#443[m=7,idx=281]: start [0, 0, 0, 0, -1000000, 0, 0, -1000000, 0] best [0, 0, 0, 0, -1000000, 0, 0, -1000000, 0] chain profiles 0 (states 0), maxw 0, DL_RC fails 0, key form fails 0; 9800 evals [2 s]
#   unit {"file": "k4_certs_5_n4_4.json.gz", "pos": 462} k4_certs_5_n4_4.json.gz#462[m=7,idx=300]: start [0, 0, 0, 0, -1000000, 0, 0, -1000000, 0] best [0, 0, 0, 0, -1000000, 0, 0, -1000000, 0] chain profiles 0 (states 0), maxw 0, DL_RC fails 0, key form fails 0; 9800 evals [2 s]
#   unit {"file": "k4_certs_5_n4_4.json.gz", "pos": 463} k4_certs_5_n4_4.json.gz#463[m=7,idx=301]: start [0, 0, 0, 0, -1000000, 0, 0, -1000000, 0] best [0, 0, 0, 0, -1000000, 0, 0, -1000000, 0] chain profiles 0 (states 0), maxw 0, DL_RC fails 0, key form fails 0; 9800 evals [2 s]
#   unit {"file": "k4_certs_5_n4_4.json.gz", "pos": 466} k4_certs_5_n4_4.json.gz#466[m=7,idx=304]: start [0, 0, 0, 0, -1000000, 0, 0, -1000000, 0] best [0, 0, 0, 0, -1000000, 0, 0, -1000000, 0] chain profiles 0 (states 0), maxw 0, DL_RC fails 0, key form fails 0; 9800 evals [2 s]
#   unit {"file": "k4_certs_5_n4_4.json.gz", "pos": 468} k4_certs_5_n4_4.json.gz#468[m=7,idx=306]: start [0, 0, 0, 0, -1000000, 0, 0, -1000000, 0] best [0, 0, 0, 0, -1000000, 0, 0, -1000000, 0] chain profiles 0 (states 0), maxw 0, DL_RC fails 0, key form fails 0; 9800 evals [2 s]
#   unit {"file": "k4_certs_5_n4_4.json.gz", "pos": 474} k4_certs_5_n4_4.json.gz#474[m=7,idx=312]: start [0, 0, 0, 0, -1000000, 0, 0, -1000000, 0] best [0, 0, 0, 0, -1000000, 0, 0, -1000000, 0] chain profiles 0 (states 0), maxw 0, DL_RC fails 0, key form fails 0; 9800 evals [2 s]
#   unit {"file": "k4_certs_5_n4_4.json.gz", "pos": 489} k4_certs_5_n4_4.json.gz#489[m=7,idx=327]: start [0, 0, 0, 0, -1000000, 0, 0, -1000000, 0] best [0, 0, 0, 0, -1000000, 0, 0, -1000000, 0] chain profiles 0 (states 0), maxw 0, DL_RC fails 0, key form fails 0; 9800 evals [2 s]
#   unit {"file": "k4_certs_5_n4_4.json.gz", "pos": 494} k4_certs_5_n4_4.json.gz#494[m=7,idx=332]: start [0, 0, 0, 0, -1000000, 0, 0, -1000000, 0] best [0, 0, 0, 0, -1000000, 0, 0, -1000000, 0] chain profiles 0 (states 0), maxw 0, DL_RC fails 0, key form fails 0; 9800 evals [2 s]
#   unit {"file": "k4_certs_5_n4_4.json.gz", "pos": 495} k4_certs_5_n4_4.json.gz#495[m=7,idx=333]: start [0, 0, 0, 0, -1000000, 0, 0, -1000000, 0] best [0, 0, 0, 0, -1000000, 0, 0, -1000000, 0] chain profiles 0 (states 0), maxw 0, DL_RC fails 0, key form fails 0; 9800 evals [2 s]
#   unit {"file": "k4_certs_5_n4_4.json.gz", "pos": 496} k4_certs_5_n4_4.json.gz#496[m=7,idx=334]: start [0, 0, 0, 0, -1000000, 0, 0, -1000000, 0] best [0, 0, 0, 0, -1000000, 0, 0, -1000000, 0] chain profiles 0 (states 0), maxw 0, DL_RC fails 0, key form fails 0; 9800 evals [3 s]
#   unit {"file": "k4_certs_5_n4_4.json.gz", "pos": 499} k4_certs_5_n4_4.json.gz#499[m=7,idx=337]: start [0, 0, 0, 0, -1000000, 0, 0, -1000000, 0] best [0, 0, 0, 0, -1000000, 0, 0, -1000000, 0] chain profiles 0 (states 0), maxw 0, DL_RC fails 0, key form fails 0; 9800 evals [2 s]
#   unit {"file": "k4_certs_5_n4_4.json.gz", "pos": 501} k4_certs_5_n4_4.json.gz#501[m=7,idx=339]: start [0, 0, 0, 0, -1000000, 0, 0, -1000000, 0] best [0, 0, 0, 0, -1000000, 0, 0, -1000000, 0] chain profiles 0 (states 0), maxw 0, DL_RC fails 0, key form fails 0; 9800 evals [2 s]
#   unit {"file": "k4_certs_5_n4_4.json.gz", "pos": 508} k4_certs_5_n4_4.json.gz#508[m=7,idx=346]: start [0, 0, 0, 0, -1000000, 0, 0, -1000000, 0] best [0, 0, 0, 0, -1000000, 0, 0, -1000000, 0] chain profiles 0 (states 0), maxw 0, DL_RC fails 0, key form fails 0; 9800 evals [2 s]
#   unit {"file": "k4_certs_5_n4_4.json.gz", "pos": 509} k4_certs_5_n4_4.json.gz#509[m=7,idx=347]: start [0, 0, 0, 0, -1000000, 0, 0, -1000000, 0] best [0, 0, 0, 0, -1000000, 0, 0, -1000000, 0] chain profiles 0 (states 0), maxw 0, DL_RC fails 0, key form fails 0; 9800 evals [2 s]
#   unit {"file": "k4_certs_5_n4_4.json.gz", "pos": 513} k4_certs_5_n4_4.json.gz#513[m=7,idx=351]: start [0, 0, 0, 0, -1000000, 0, 0, -1000000, 0] best [0, 0, 0, 0, -1000000, 0, 0, -1000000, 0] chain profiles 0 (states 0), maxw 0, DL_RC fails 0, key form fails 0; 9800 evals [2 s]
#   unit {"file": "k4_certs_5_n4_4.json.gz", "pos": 512} k4_certs_5_n4_4.json.gz#512[m=7,idx=350]: start [0, 0, 0, 0, -1000000, 0, 0, -1000000, 0] best [0, 0, 0, 0, -1000000, 0, 0, -1000000, 0] chain profiles 0 (states 0), maxw 0, DL_RC fails 0, key form fails 0; 9800 evals [2 s]
#   unit {"file": "k4_certs_5_n4_4.json.gz", "pos": 517} k4_certs_5_n4_4.json.gz#517[m=7,idx=355]: start [0, 0, 0, 0, -1000000, 0, 0, -1000000, 0] best [0, 0, 0, 0, -1000000, 0, 0, -1000000, 0] chain profiles 0 (states 0), maxw 0, DL_RC fails 0, key form fails 0; 9800 evals [2 s]
#   unit {"file": "k4_certs_5_n4_4.json.gz", "pos": 520} k4_certs_5_n4_4.json.gz#520[m=7,idx=358]: start [0, 0, 0, 0, -1000000, 0, 0, -1000000, 0] best [0, 0, 0, 0, -1000000, 0, 0, -1000000, 0] chain profiles 0 (states 0), maxw 0, DL_RC fails 0, key form fails 0; 9800 evals [2 s]
#   unit {"file": "k4_certs_5_n4_4.json.gz", "pos": 531} k4_certs_5_n4_4.json.gz#531[m=7,idx=369]: start [0, 0, 0, 0, -1000000, 0, 0, -1000000, 0] best [0, 0, 0, 0, -1000000, 0, 0, -1000000, 0] chain profiles 0 (states 0), maxw 0, DL_RC fails 0, key form fails 0; 9800 evals [2 s]
#   unit {"file": "k4_certs_5_n4_4.json.gz", "pos": 535} k4_certs_5_n4_4.json.gz#535[m=7,idx=373]: start [0, 0, 0, 0, -1000000, 0, 0, -1000000, 0] best [0, 0, 0, 0, -1000000, 0, 0, -1000000, 0] chain profiles 0 (states 0), maxw 0, DL_RC fails 0, key form fails 0; 9800 evals [2 s]
#   unit {"file": "k4_certs_5_n4_4.json.gz", "pos": 539} k4_certs_5_n4_4.json.gz#539[m=7,idx=377]: start [0, 0, 0, 0, -1000000, 0, 0, -1000000, 0] best [0, 0, 0, 0, -1000000, 0, 0, -1000000, 0] chain profiles 0 (states 0), maxw 0, DL_RC fails 0, key form fails 0; 9800 evals [2 s]
#   unit {"file": "k4_certs_5_n4_4.json.gz", "pos": 546} k4_certs_5_n4_4.json.gz#546[m=7,idx=384]: start [0, 0, 0, 0, -1000000, 0, 0, -1000000, 0] best [0, 0, 0, 0, -1000000, 0, 0, -1000000, 0] chain profiles 0 (states 0), maxw 0, DL_RC fails 0, key form fails 0; 9800 evals [3 s]
#   unit {"file": "k4_certs_5_n4_4.json.gz", "pos": 552} k4_certs_5_n4_4.json.gz#552[m=7,idx=390]: start [0, 0, 0, 0, -1000000, 0, 0, -1000000, 0] best [0, 0, 0, 0, -1000000, 0, 0, -1000000, 0] chain profiles 0 (states 0), maxw 0, DL_RC fails 0, key form fails 0; 9800 evals [2 s]
#   unit {"file": "k4_certs_5_n4_4.json.gz", "pos": 554} k4_certs_5_n4_4.json.gz#554[m=7,idx=392]: start [0, 0, 0, 0, -1000000, 0, 0, -1000000, 0] best [0, 0, 0, 0, -1000000, 0, 0, -1000000, 0] chain profiles 0 (states 0), maxw 0, DL_RC fails 0, key form fails 0; 9800 evals [2 s]
#   unit {"file": "k4_certs_5_n4_4.json.gz", "pos": 557} k4_certs_5_n4_4.json.gz#557[m=7,idx=395]: start [0, 0, 0, 0, -1000000, 0, 0, -1000000, 0] best [0, 0, 0, 0, -1000000, 0, 0, -1000000, 0] chain profiles 0 (states 0), maxw 0, DL_RC fails 0, key form fails 0; 9800 evals [2 s]
#   unit {"file": "k4_certs_5_n4_4.json.gz", "pos": 558} k4_certs_5_n4_4.json.gz#558[m=7,idx=396]: start [0, 0, 0, 0, -1000000, 0, 0, -1000000, 0] best [0, 0, 0, 0, -1000000, 0, 0, -1000000, 0] chain profiles 0 (states 0), maxw 0, DL_RC fails 0, key form fails 0; 9800 evals [2 s]
#   unit {"file": "k4_certs_5_n4_4.json.gz", "pos": 566} k4_certs_5_n4_4.json.gz#566[m=7,idx=404]: start [0, 0, 0, 0, -1000000, 0, 0, -1000000, 0] best [0, 0, 0, 0, -1000000, 0, 0, -1000000, 0] chain profiles 0 (states 0), maxw 0, DL_RC fails 0, key form fails 0; 9800 evals [2 s]
#   unit {"file": "k4_certs_5_n4_4.json.gz", "pos": 571} k4_certs_5_n4_4.json.gz#571[m=7,idx=409]: start [0, 0, 0, 0, -1000000, 0, 0, -1000000, 0] best [0, 0, 0, 0, -1000000, 0, 0, -1000000, 0] chain profiles 0 (states 0), maxw 0, DL_RC fails 0, key form fails 0; 9800 evals [2 s]
#   unit {"file": "k4_certs_5_n4_4.json.gz", "pos": 577} k4_certs_5_n4_4.json.gz#577[m=7,idx=415]: start [0, 0, 0, 0, -1000000, 0, 0, -1000000, 0] best [0, 0, 0, 0, -1000000, 0, 0, -1000000, 0] chain profiles 0 (states 0), maxw 0, DL_RC fails 0, key form fails 0; 9800 evals [2 s]
#   unit {"file": "k4_certs_5_n4_4.json.gz", "pos": 602} k4_certs_5_n4_4.json.gz#602[m=7,idx=440]: start [0, 0, 0, 0, -1000000, 0, 0, -1000000, 0] best [0, 0, 0, 0, -1000000, 0, 0, -1000000, 0] chain profiles 0 (states 0), maxw 0, DL_RC fails 0, key form fails 0; 9800 evals [2 s]
#   unit {"file": "k4_certs_5_n4_4.json.gz", "pos": 607} k4_certs_5_n4_4.json.gz#607[m=7,idx=445]: start [0, 0, 0, 0, -1000000, 0, 0, -1000000, 0] best [0, 0, 0, 0, -1000000, 0, 0, -1000000, 0] chain profiles 0 (states 0), maxw 0, DL_RC fails 0, key form fails 0; 9800 evals [2 s]
#   unit {"file": "k4_certs_5_n4_4.json.gz", "pos": 613} k4_certs_5_n4_4.json.gz#613[m=7,idx=451]: start [0, 0, 0, 0, -1000000, 0, 0, -1000000, 0] best [0, 0, 0, 0, -1000000, 0, 0, -1000000, 0] chain profiles 0 (states 0), maxw 0, DL_RC fails 0, key form fails 0; 9800 evals [2 s]
#   unit {"file": "k4_certs_5_n4_4.json.gz", "pos": 619} k4_certs_5_n4_4.json.gz#619[m=7,idx=457]: start [0, 0, 0, 0, -1000000, 0, 0, -1000000, 0] best [0, 0, 0, 0, -1000000, 0, 0, -1000000, 0] chain profiles 0 (states 0), maxw 0, DL_RC fails 0, key form fails 0; 9800 evals [1 s]
#   unit {"file": "k4_certs_5_n4_4.json.gz", "pos": 624} k4_certs_5_n4_4.json.gz#624[m=7,idx=462]: start [0, 0, 0, 0, -1000000, 0, 0, -1000000, 0] best [0, 0, 0, 0, -1000000, 0, 0, -1000000, 0] chain profiles 0 (states 0), maxw 0, DL_RC fails 0, key form fails 0; 9800 evals [1 s]
#   unit {"file": "k4_certs_5_n4_4.json.gz", "pos": 645} k4_certs_5_n4_4.json.gz#645[m=7,idx=483]: start [0, 0, 0, 0, -1000000, 0, 0, -1000000, 0] best [0, 0, 0, 0, -1000000, 0, 0, -1000000, 0] chain profiles 0 (states 0), maxw 0, DL_RC fails 0, key form fails 0; 9800 evals [1 s]
#   unit {"file": "k4_certs_5_n4_4.json.gz", "pos": 655} k4_certs_5_n4_4.json.gz#655[m=7,idx=493]: start [0, 0, 0, 0, -1000000, 0, 0, -1000000, 0] best [0, 0, 0, 0, -1000000, 0, 0, -1000000, 0] chain profiles 0 (states 0), maxw 0, DL_RC fails 0, key form fails 0; 9800 evals [1 s]
#   unit {"file": "k4_certs_5_n4_4.json.gz", "pos": 676} k4_certs_5_n4_4.json.gz#676[m=7,idx=514]: start [0, 0, 0, 0, -1000000, 0, 0, -1000000, 0] best [0, 0, 0, 0, -1000000, 0, 0, -1000000, 0] chain profiles 0 (states 0), maxw 0, DL_RC fails 0, key form fails 0; 9800 evals [1 s]
#   unit {"file": "k4_certs_5_n4_4.json.gz", "pos": 690} k4_certs_5_n4_4.json.gz#690[m=7,idx=528]: start [0, 0, 0, 0, -1000000, 0, 0, -1000000, 0] best [0, 0, 0, 0, -1000000, 0, 0, -1000000, 0] chain profiles 0 (states 0), maxw 0, DL_RC fails 0, key form fails 0; 9800 evals [1 s]
#   unit {"file": "k4_certs_5_n4_4.json.gz", "pos": 691} k4_certs_5_n4_4.json.gz#691[m=7,idx=529]: start [0, 0, 0, 0, -1000000, 0, 0, -1000000, 0] best [0, 0, 0, 0, -1000000, 0, 0, -1000000, 0] chain profiles 0 (states 0), maxw 0, DL_RC fails 0, key form fails 0; 9800 evals [1 s]
#   unit {"file": "k4_certs_5_n4_4.json.gz", "pos": 695} k4_certs_5_n4_4.json.gz#695[m=7,idx=533]: start [0, 0, 0, 0, -1000000, 0, 0, -1000000, 0] best [0, 0, 0, 0, -1000000, 0, 0, -1000000, 0] chain profiles 0 (states 0), maxw 0, DL_RC fails 0, key form fails 0; 9800 evals [1 s]
#   unit {"file": "k4_certs_5_n4_4.json.gz", "pos": 699} k4_certs_5_n4_4.json.gz#699[m=7,idx=537]: start [0, 0, 0, 0, -1000000, 0, 0, -1000000, 0] best [0, 0, 0, 0, -1000000, 0, 0, -1000000, 0] chain profiles 0 (states 0), maxw 0, DL_RC fails 0, key form fails 0; 9800 evals [1 s]
#   unit {"file": "k4_certs_5_n4_4.json.gz", "pos": 713} k4_certs_5_n4_4.json.gz#713[m=7,idx=551]: start [0, 0, 0, 0, -1000000, 0, 0, -1000000, 0] best [0, 0, 0, 0, -1000000, 0, 0, -1000000, 0] chain profiles 0 (states 0), maxw 0, DL_RC fails 0, key form fails 0; 9800 evals [1 s]
#   unit {"file": "k4_certs_5_n4_4.json.gz", "pos": 700} k4_certs_5_n4_4.json.gz#700[m=7,idx=538]: start [0, 0, 0, 0, -1000000, 0, 0, -1000000, 0] best [0, 0, 0, 0, -1000000, 0, 0, -1000000, 0] chain profiles 0 (states 0), maxw 0, DL_RC fails 0, key form fails 0; 9800 evals [1 s]
#   unit {"file": "k4_certs_5_n4_4.json.gz", "pos": 714} k4_certs_5_n4_4.json.gz#714[m=7,idx=552]: start [0, 0, 0, 0, -1000000, 0, 0, -1000000, 0] best [0, 0, 0, 0, -1000000, 0, 0, -1000000, 0] chain profiles 0 (states 0), maxw 0, DL_RC fails 0, key form fails 0; 9800 evals [1 s]
#   unit {"file": "k4_certs_5_n4_4.json.gz", "pos": 722} k4_certs_5_n4_4.json.gz#722[m=7,idx=560]: start [0, 0, 0, 0, -1000000, 0, 0, -1000000, 0] best [0, 0, 0, 0, -1000000, 0, 0, -1000000, 0] chain profiles 0 (states 0), maxw 0, DL_RC fails 0, key form fails 0; 9800 evals [1 s]
#   unit {"file": "k4_certs_5_n4_4.json.gz", "pos": 731} k4_certs_5_n4_4.json.gz#731[m=7,idx=569]: start [0, 0, 0, 0, -1000000, 0, 0, -1000000, 0] best [0, 0, 0, 0, -1000000, 0, 0, -1000000, 0] chain profiles 0 (states 0), maxw 0, DL_RC fails 0, key form fails 0; 9800 evals [1 s]
#   unit {"file": "k4_certs_5_n4_4.json.gz", "pos": 733} k4_certs_5_n4_4.json.gz#733[m=7,idx=571]: start [0, 0, 0, 0, -1000000, 0, 0, -1000000, 0] best [0, 0, 0, 0, -1000000, 0, 0, -1000000, 0] chain profiles 0 (states 0), maxw 0, DL_RC fails 0, key form fails 0; 9800 evals [1 s]
#   unit {"file": "k4_certs_5_n4_4.json.gz", "pos": 738} k4_certs_5_n4_4.json.gz#738[m=7,idx=576]: start [0, 0, 0, 0, -1000000, 0, 0, -1000000, 0] best [0, 0, 0, 0, -1000000, 0, 0, -1000000, 0] chain profiles 0 (states 0), maxw 0, DL_RC fails 0, key form fails 0; 9800 evals [1 s]
#   unit {"file": "k4_certs_5_n4_4.json.gz", "pos": 747} k4_certs_5_n4_4.json.gz#747[m=7,idx=585]: start [0, 0, 0, 0, -1000000, 0, 0, -1000000, 0] best [0, 0, 0, 0, -1000000, 0, 0, -1000000, 0] chain profiles 0 (states 0), maxw 0, DL_RC fails 0, key form fails 0; 9800 evals [1 s]
#   unit {"file": "k4_certs_5_n4_4.json.gz", "pos": 751} k4_certs_5_n4_4.json.gz#751[m=7,idx=589]: start [0, 0, 0, 0, -1000000, 0, 0, -1000000, 0] best [0, 0, 0, 0, -1000000, 0, 0, -1000000, 0] chain profiles 0 (states 0), maxw 0, DL_RC fails 0, key form fails 0; 9800 evals [1 s]
#   unit {"file": "k4_certs_5_n4_4.json.gz", "pos": 761} k4_certs_5_n4_4.json.gz#761[m=7,idx=599]: start [0, 0, 0, 0, -1000000, 0, 0, -1000000, 0] best [0, 0, 0, 0, -1000000, 0, 0, -1000000, 0] chain profiles 0 (states 0), maxw 0, DL_RC fails 0, key form fails 0; 9800 evals [1 s]
#   unit {"file": "k4_certs_5_n4_4.json.gz", "pos": 765} k4_certs_5_n4_4.json.gz#765[m=7,idx=603]: start [0, 0, 0, 0, -1000000, 0, 0, -1000000, 0] best [0, 0, 0, 0, -1000000, 0, 0, -1000000, 0] chain profiles 0 (states 0), maxw 0, DL_RC fails 0, key form fails 0; 9800 evals [1 s]
#   unit {"file": "k4_certs_5_n4_4.json.gz", "pos": 782} k4_certs_5_n4_4.json.gz#782[m=7,idx=620]: start [0, 0, 0, 0, -1000000, 0, 0, -1000000, 0] best [0, 0, 0, 0, -1000000, 0, 0, -1000000, 0] chain profiles 0 (states 0), maxw 0, DL_RC fails 0, key form fails 0; 9800 evals [1 s]
#   unit {"file": "k4_certs_5_n4_4.json.gz", "pos": 796} k4_certs_5_n4_4.json.gz#796[m=7,idx=634]: start [0, 0, 0, 0, -1000000, 0, 0, -1000000, 0] best [0, 0, 0, 0, -1000000, 0, 0, -1000000, 0] chain profiles 0 (states 0), maxw 0, DL_RC fails 0, key form fails 0; 9800 evals [1 s]
#   unit {"file": "k4_certs_5_n4_4.json.gz", "pos": 801} k4_certs_5_n4_4.json.gz#801[m=7,idx=639]: start [0, 0, 0, 0, -1000000, 0, 0, -1000000, 0] best [0, 0, 0, 0, -1000000, 0, 0, -1000000, 0] chain profiles 0 (states 0), maxw 0, DL_RC fails 0, key form fails 0; 9800 evals [1 s]
#   unit {"file": "k4_certs_5_n4_4.json.gz", "pos": 807} k4_certs_5_n4_4.json.gz#807[m=7,idx=645]: start [0, 0, 0, 0, -1000000, 0, 0, -1000000, 0] best [0, 0, 0, 0, -1000000, 0, 0, -1000000, 0] chain profiles 0 (states 0), maxw 0, DL_RC fails 0, key form fails 0; 9800 evals [1 s]
#   unit {"file": "k4_certs_5_n4_4.json.gz", "pos": 820} k4_certs_5_n4_4.json.gz#820[m=7,idx=658]: start [0, 0, 0, 0, -1000000, 0, 0, -1000000, 0] best [0, 0, 0, 0, -1000000, 0, 0, -1000000, 0] chain profiles 0 (states 0), maxw 0, DL_RC fails 0, key form fails 0; 9800 evals [1 s]
#   unit {"file": "k4_certs_5_n4_4.json.gz", "pos": 821} k4_certs_5_n4_4.json.gz#821[m=7,idx=659]: start [0, 0, 0, 0, -1000000, 0, 0, -1000000, 0] best [0, 0, 0, 0, -1000000, 0, 0, -1000000, 0] chain profiles 0 (states 0), maxw 0, DL_RC fails 0, key form fails 0; 9800 evals [1 s]
#   unit {"file": "k4_certs_5_n4_4.json.gz", "pos": 829} k4_certs_5_n4_4.json.gz#829[m=7,idx=667]: start [0, 0, 0, 0, -1000000, 0, 0, -1000000, 0] best [0, 0, 0, 0, -1000000, 0, 0, -1000000, 0] chain profiles 0 (states 0), maxw 0, DL_RC fails 0, key form fails 0; 9800 evals [1 s]
#   unit {"file": "k4_certs_5_n4_4.json.gz", "pos": 833} k4_certs_5_n4_4.json.gz#833[m=7,idx=671]: start [0, 0, 0, 0, -1000000, 0, 0, -1000000, 0] best [0, 0, 0, 0, -1000000, 0, 0, -1000000, 0] chain profiles 0 (states 0), maxw 0, DL_RC fails 0, key form fails 0; 9800 evals [1 s]
#   unit {"file": "k4_certs_5_n4_4.json.gz", "pos": 835} k4_certs_5_n4_4.json.gz#835[m=7,idx=673]: start [0, 0, 0, 0, -1000000, 0, 0, -1000000, 0] best [0, 0, 0, 0, -1000000, 0, 0, -1000000, 0] chain profiles 0 (states 0), maxw 0, DL_RC fails 0, key form fails 0; 9800 evals [1 s]
#   unit {"file": "k4_certs_5_n4_4.json.gz", "pos": 840} k4_certs_5_n4_4.json.gz#840[m=7,idx=678]: start [0, 0, 0, 0, -1000000, 0, 0, -1000000, 0] best [0, 0, 0, 0, -1000000, 0, 0, -1000000, 0] chain profiles 0 (states 0), maxw 0, DL_RC fails 0, key form fails 0; 9800 evals [1 s]
#   unit {"file": "k4_certs_5_n4_4.json.gz", "pos": 842} k4_certs_5_n4_4.json.gz#842[m=7,idx=680]: start [0, 0, 0, 0, -1000000, 0, 0, -1000000, 0] best [0, 0, 0, 0, -1000000, 0, 0, -1000000, 0] chain profiles 0 (states 0), maxw 0, DL_RC fails 0, key form fails 0; 9800 evals [1 s]
#   unit {"file": "k4_certs_5_n4_4.json.gz", "pos": 863} k4_certs_5_n4_4.json.gz#863[m=7,idx=701]: start [0, 0, 0, 0, -1000000, 0, 0, -1000000, 0] best [0, 0, 0, 0, -1000000, 0, 0, -1000000, 0] chain profiles 0 (states 0), maxw 0, DL_RC fails 0, key form fails 0; 9800 evals [1 s]
#   unit {"file": "k4_certs_5_n4_4.json.gz", "pos": 866} k4_certs_5_n4_4.json.gz#866[m=7,idx=704]: start [0, 0, 0, 0, -1000000, 0, 0, -1000000, 0] best [0, 0, 0, 0, -1000000, 0, 0, -1000000, 0] chain profiles 0 (states 0), maxw 0, DL_RC fails 0, key form fails 0; 9800 evals [1 s]
#   unit {"file": "k4_certs_5_n4_4.json.gz", "pos": 891} k4_certs_5_n4_4.json.gz#891[m=7,idx=729]: start [0, 0, 0, 0, -1000000, 0, 0, -1000000, 0] best [0, 0, 0, 0, -1000000, 0, 0, -1000000, 0] chain profiles 0 (states 0), maxw 0, DL_RC fails 0, key form fails 0; 9800 evals [1 s]
#   unit {"file": "k4_certs_5_n4_4.json.gz", "pos": 876} k4_certs_5_n4_4.json.gz#876[m=7,idx=714]: start [0, 0, 0, 0, -1000000, 0, 0, -1000000, 0] best [0, 0, 0, 0, -1000000, 0, 0, -1000000, 0] chain profiles 0 (states 0), maxw 0, DL_RC fails 0, key form fails 0; 9800 evals [1 s]
#   unit {"file": "k4_certs_5_n4_4.json.gz", "pos": 895} k4_certs_5_n4_4.json.gz#895[m=7,idx=733]: start [0, 0, 0, 0, -1000000, 0, 0, -1000000, 0] best [0, 0, 0, 0, -1000000, 0, 0, -1000000, 0] chain profiles 0 (states 0), maxw 0, DL_RC fails 0, key form fails 0; 9800 evals [1 s]
#   unit {"file": "k4_certs_5_n4_4.json.gz", "pos": 919} k4_certs_5_n4_4.json.gz#919[m=8,idx=9]: start [0, 0, 0, 0, -1000000, 0, 0, -1000000, 0] best [0, 0, 0, 0, -2, 0, 2, -16, 4] chain profiles 0 (states 0), maxw 0, DL_RC fails 0, key form fails 0; 9800 evals [1 s]
#   unit {"file": "k4_certs_5_n4_4.json.gz", "pos": 922} k4_certs_5_n4_4.json.gz#922[m=8,idx=12]: start [0, 0, 0, 0, -1000000, 0, 0, -1000000, 0] best [0, 0, 0, 0, -1000000, 0, 0, -1000000, 0] chain profiles 0 (states 0), maxw 0, DL_RC fails 0, key form fails 0; 9800 evals [1 s]
#   unit {"file": "k4_certs_5_n4_4.json.gz", "pos": 941} k4_certs_5_n4_4.json.gz#941[m=8,idx=31]: start [0, 0, 0, 0, -1000000, 0, 0, -1000000, 0] best [0, 0, 0, 0, -1000000, 0, 0, -1000000, 0] chain profiles 0 (states 0), maxw 0, DL_RC fails 0, key form fails 0; 9800 evals [1 s]
#   unit {"file": "k4_certs_5_n4_4.json.gz", "pos": 947} k4_certs_5_n4_4.json.gz#947[m=8,idx=37]: start [0, 0, 0, 0, -1000000, 0, 0, -1000000, 0] best [0, 0, 0, 0, -1000000, 0, 0, -1000000, 0] chain profiles 0 (states 0), maxw 0, DL_RC fails 0, key form fails 0; 9800 evals [1 s]
#   unit {"file": "k4_certs_5_n4_4.json.gz", "pos": 950} k4_certs_5_n4_4.json.gz#950[m=8,idx=40]: start [0, 0, 0, 0, -1000000, 0, 0, -1000000, 0] best [0, 0, 0, 0, -1000000, 0, 0, -1000000, 0] chain profiles 0 (states 0), maxw 0, DL_RC fails 0, key form fails 0; 9800 evals [1 s]
#   unit {"file": "k4_certs_5_n4_4.json.gz", "pos": 955} k4_certs_5_n4_4.json.gz#955[m=8,idx=45]: start [0, 0, 0, 0, -1000000, 0, 0, -1000000, 0] best [0, 0, 0, 0, -1000000, 0, 0, -1000000, 0] chain profiles 0 (states 0), maxw 0, DL_RC fails 0, key form fails 0; 9800 evals [1 s]
#   unit {"file": "k4_certs_5_n4_4.json.gz", "pos": 958} k4_certs_5_n4_4.json.gz#958[m=8,idx=48]: start [0, 0, 0, 0, -1000000, 0, 0, -1000000, 0] best [0, 0, 0, 0, -1000000, 0, 0, -1000000, 0] chain profiles 0 (states 0), maxw 0, DL_RC fails 0, key form fails 0; 9800 evals [1 s]
#   unit {"file": "k4_certs_5_n4_4.json.gz", "pos": 962} k4_certs_5_n4_4.json.gz#962[m=8,idx=52]: start [0, 0, 0, 0, -1000000, 0, 0, -1000000, 0] best [0, 0, 0, 0, -1000000, 0, 0, -1000000, 0] chain profiles 0 (states 0), maxw 0, DL_RC fails 0, key form fails 0; 9800 evals [1 s]
#   unit {"file": "k4_certs_5_n4_4.json.gz", "pos": 970} k4_certs_5_n4_4.json.gz#970[m=8,idx=60]: start [0, 0, 0, 0, -1000000, 0, 0, -1000000, 0] best [0, 0, 0, 0, -1000000, 0, 0, -1000000, 0] chain profiles 0 (states 0), maxw 0, DL_RC fails 0, key form fails 0; 9800 evals [1 s]
#   unit {"file": "k4_certs_5_n4_4.json.gz", "pos": 973} k4_certs_5_n4_4.json.gz#973[m=8,idx=63]: start [0, 0, 0, 0, -1000000, 0, 0, -1000000, 0] best [0, 0, 0, 0, -1000000, 0, 0, -1000000, 0] chain profiles 0 (states 0), maxw 0, DL_RC fails 0, key form fails 0; 9800 evals [1 s]
#   unit {"file": "k4_certs_5_n4_4.json.gz", "pos": 981} k4_certs_5_n4_4.json.gz#981[m=8,idx=71]: start [0, 0, 0, 0, -1000000, 0, 0, -1000000, 0] best [0, 0, 0, 0, -1000000, 0, 0, -1000000, 0] chain profiles 0 (states 0), maxw 0, DL_RC fails 0, key form fails 0; 9800 evals [1 s]
#   unit {"file": "k4_certs_5_n4_4.json.gz", "pos": 988} k4_certs_5_n4_4.json.gz#988[m=8,idx=78]: start [0, 0, 0, 0, -1000000, 0, 0, -1000000, 0] best [0, 0, 0, 0, -1000000, 0, 0, -1000000, 0] chain profiles 0 (states 0), maxw 0, DL_RC fails 0, key form fails 0; 9800 evals [1 s]
#   unit {"file": "k4_certs_5_n4_4.json.gz", "pos": 997} k4_certs_5_n4_4.json.gz#997[m=8,idx=87]: start [0, 0, 0, 0, -1000000, 0, 0, -1000000, 0] best [0, 0, 0, 0, -2, 0, 2, -13, 3] chain profiles 0 (states 0), maxw 0, DL_RC fails 0, key form fails 0; 9800 evals [1 s]
#   unit {"file": "k4_certs_5_n4_4.json.gz", "pos": 1003} k4_certs_5_n4_4.json.gz#1003[m=8,idx=93]: start [0, 0, 0, 0, -1000000, 0, 0, -1000000, 0] best [0, 0, 0, 0, -1000000, 0, 0, -1000000, 0] chain profiles 0 (states 0), maxw 0, DL_RC fails 0, key form fails 0; 9800 evals [1 s]
#   unit {"file": "k4_certs_5_n4_4.json.gz", "pos": 1010} k4_certs_5_n4_4.json.gz#1010[m=8,idx=100]: start [0, 0, 0, 0, -1000000, 0, 0, -1000000, 0] best [0, 0, 0, 0, -1000000, 0, 0, -1000000, 0] chain profiles 0 (states 0), maxw 0, DL_RC fails 0, key form fails 0; 9800 evals [1 s]
#   unit {"file": "k4_certs_5_n4_4.json.gz", "pos": 1016} k4_certs_5_n4_4.json.gz#1016[m=8,idx=106]: start [0, 0, 0, 0, -1000000, 0, 0, -1000000, 0] best [0, 0, 0, 0, -1000000, 0, 0, -1000000, 0] chain profiles 0 (states 0), maxw 0, DL_RC fails 0, key form fails 0; 9800 evals [1 s]
#   unit {"file": "k4_certs_5_n4_4.json.gz", "pos": 1024} k4_certs_5_n4_4.json.gz#1024[m=8,idx=114]: start [0, 0, 0, 0, -1000000, 0, 0, -1000000, 0] best [0, 0, 0, 0, -1000000, 0, 0, -1000000, 0] chain profiles 0 (states 0), maxw 0, DL_RC fails 0, key form fails 0; 9800 evals [2 s]
#   unit {"file": "k4_certs_5_n4_4.json.gz", "pos": 1043} k4_certs_5_n4_4.json.gz#1043[m=8,idx=133]: start [0, 0, 0, 0, -1000000, 0, 0, -1000000, 0] best [0, 0, 0, 0, -2, 0, 1, -14, 1] chain profiles 0 (states 0), maxw 0, DL_RC fails 0, key form fails 0; 9800 evals [2 s]
#   unit {"file": "k4_certs_5_n4_4.json.gz", "pos": 1038} k4_certs_5_n4_4.json.gz#1038[m=8,idx=128]: start [0, 0, 0, 0, -1000000, 0, 0, -1000000, 0] best [0, 0, 0, 0, -2, 0, 2, -20, 4] chain profiles 0 (states 0), maxw 0, DL_RC fails 0, key form fails 0; 9800 evals [2 s]
#   unit {"file": "k4_certs_5_n4_4.json.gz", "pos": 1050} k4_certs_5_n4_4.json.gz#1050[m=8,idx=140]: start [0, 0, 0, 0, -1000000, 0, 0, -1000000, 0] best [0, 0, 0, 0, -1000000, 0, 0, -1000000, 0] chain profiles 0 (states 0), maxw 0, DL_RC fails 0, key form fails 0; 9800 evals [2 s]
#   unit {"file": "k4_certs_5_n4_4.json.gz", "pos": 1063} k4_certs_5_n4_4.json.gz#1063[m=8,idx=153]: start [0, 0, 0, 0, -1000000, 0, 0, -1000000, 0] best [0, 0, 0, 0, -1000000, 0, 0, -1000000, 0] chain profiles 0 (states 0), maxw 0, DL_RC fails 0, key form fails 0; 9800 evals [1 s]
#   unit {"file": "k4_certs_5_n4_4.json.gz", "pos": 1067} k4_certs_5_n4_4.json.gz#1067[m=8,idx=157]: start [0, 0, 0, 0, -1000000, 0, 0, -1000000, 0] best [0, 0, 0, 0, -1000000, 0, 0, -1000000, 0] chain profiles 0 (states 0), maxw 0, DL_RC fails 0, key form fails 0; 9800 evals [1 s]
#   unit {"file": "k4_certs_5_n4_4.json.gz", "pos": 1076} k4_certs_5_n4_4.json.gz#1076[m=8,idx=166]: start [0, 0, 0, 0, -1000000, 0, 0, -1000000, 0] best [0, 0, 0, 0, -1000000, 0, 0, -1000000, 0] chain profiles 0 (states 0), maxw 0, DL_RC fails 0, key form fails 0; 9800 evals [1 s]
#   unit {"file": "k4_certs_5_n4_4.json.gz", "pos": 1078} k4_certs_5_n4_4.json.gz#1078[m=8,idx=168]: start [0, 0, 0, 0, -1000000, 0, 0, -1000000, 0] best [0, 0, 0, 0, -1000000, 0, 0, -1000000, 0] chain profiles 0 (states 0), maxw 0, DL_RC fails 0, key form fails 0; 9800 evals [1 s]
#   unit {"file": "k4_certs_5_n4_4.json.gz", "pos": 1089} k4_certs_5_n4_4.json.gz#1089[m=8,idx=179]: start [0, 0, 0, 0, -1000000, 0, 0, -1000000, 0] best [0, 0, 0, 0, -1000000, 0, 0, -1000000, 0] chain profiles 0 (states 0), maxw 0, DL_RC fails 0, key form fails 0; 9800 evals [1 s]
#   unit {"file": "k4_certs_5_n4_4.json.gz", "pos": 1091} k4_certs_5_n4_4.json.gz#1091[m=8,idx=181]: start [0, 0, 0, 0, -1000000, 0, 0, -1000000, 0] best [0, 0, 0, 0, -1000000, 0, 0, -1000000, 0] chain profiles 0 (states 0), maxw 0, DL_RC fails 0, key form fails 0; 9800 evals [1 s]
#   unit {"file": "k4_certs_5_n4_4.json.gz", "pos": 1107} k4_certs_5_n4_4.json.gz#1107[m=8,idx=197]: start [0, 0, 0, 0, -1000000, 0, 0, -1000000, 0] best [0, 0, 0, 0, -1000000, 0, 0, -1000000, 0] chain profiles 0 (states 0), maxw 0, DL_RC fails 0, key form fails 0; 9800 evals [1 s]
#   unit {"file": "k4_certs_5_n4_4.json.gz", "pos": 1123} k4_certs_5_n4_4.json.gz#1123[m=8,idx=213]: start [0, 0, 0, 0, -1000000, 0, 0, -1000000, 0] best [0, 0, 4, 4, -2, 4, 3, -20, 12] chain profiles 76 (states 292), maxw 1, DL_RC fails 0, key form fails 0; 9800 evals [1 s]
#   unit {"file": "k4_certs_5_n4_4.json.gz", "pos": 1127} k4_certs_5_n4_4.json.gz#1127[m=8,idx=217]: start [0, 0, 0, 0, -1000000, 0, 0, -1000000, 0] best [0, 0, 0, 0, -2, 0, 1, -17, 1] chain profiles 0 (states 0), maxw 0, DL_RC fails 0, key form fails 0; 9800 evals [1 s]
#   unit {"file": "k4_certs_5_n4_4.json.gz", "pos": 1141} k4_certs_5_n4_4.json.gz#1141[m=8,idx=231]: start [0, 0, 0, 0, -1000000, 0, 0, -1000000, 0] best [0, 0, 0, 0, -1000000, 0, 0, -1000000, 0] chain profiles 0 (states 0), maxw 0, DL_RC fails 0, key form fails 0; 9800 evals [1 s]
#   unit {"file": "k4_certs_5_n4_4.json.gz", "pos": 1144} k4_certs_5_n4_4.json.gz#1144[m=8,idx=234]: start [0, 0, 0, 0, -1000000, 0, 0, -1000000, 0] best [0, 0, 0, 0, -2, 0, 2, -8, 6] chain profiles 0 (states 0), maxw 0, DL_RC fails 0, key form fails 0; 9800 evals [1 s]
#   unit {"file": "k4_certs_5_n4_4.json.gz", "pos": 1146} k4_certs_5_n4_4.json.gz#1146[m=8,idx=236]: start [0, 0, 0, 0, -1000000, 0, 0, -1000000, 0] best [0, 0, 0, 0, -1000000, 0, 0, -1000000, 0] chain profiles 0 (states 0), maxw 0, DL_RC fails 0, key form fails 0; 9800 evals [1 s]
#   unit {"file": "k4_certs_5_n4_4.json.gz", "pos": 1147} k4_certs_5_n4_4.json.gz#1147[m=8,idx=237]: start [0, 0, 0, 0, -1000000, 0, 0, -1000000, 0] best [0, 0, 0, 0, -2, 0, 2, -24, 1] chain profiles 0 (states 0), maxw 0, DL_RC fails 0, key form fails 0; 9800 evals [1 s]
#   unit {"file": "k4_certs_5_n4_4.json.gz", "pos": 1152} k4_certs_5_n4_4.json.gz#1152[m=8,idx=242]: start [0, 0, 0, 0, -1000000, 0, 0, -1000000, 0] best [0, 0, 0, 0, -1000000, 0, 0, -1000000, 0] chain profiles 0 (states 0), maxw 0, DL_RC fails 0, key form fails 0; 9800 evals [1 s]
#   unit {"file": "k4_certs_5_n4_4.json.gz", "pos": 1149} k4_certs_5_n4_4.json.gz#1149[m=8,idx=239]: start [0, 0, 0, 0, -1000000, 0, 0, -1000000, 0] best [0, 0, 0, 0, -1000000, 0, 0, -1000000, 0] chain profiles 0 (states 0), maxw 0, DL_RC fails 0, key form fails 0; 9800 evals [1 s]
#   unit {"file": "k4_certs_5_n4_4.json.gz", "pos": 1153} k4_certs_5_n4_4.json.gz#1153[m=8,idx=243]: start [0, 0, 0, 0, -1000000, 0, 0, -1000000, 0] best [0, 0, 0, 0, -1000000, 0, 0, -1000000, 0] chain profiles 0 (states 0), maxw 0, DL_RC fails 0, key form fails 0; 9800 evals [1 s]
#   unit {"file": "k4_certs_5_n4_4.json.gz", "pos": 1170} k4_certs_5_n4_4.json.gz#1170[m=8,idx=260]: start [0, 0, 0, 0, -1000000, 0, 0, -1000000, 0] best [0, 0, 0, 0, -1000000, 0, 0, -1000000, 0] chain profiles 0 (states 0), maxw 0, DL_RC fails 0, key form fails 0; 9800 evals [1 s]
#   unit {"file": "k4_certs_5_n4_4.json.gz", "pos": 1171} k4_certs_5_n4_4.json.gz#1171[m=8,idx=261]: start [0, 0, 0, 0, -1000000, 0, 0, -1000000, 0] best [0, 0, 0, 0, -1000000, 0, 0, -1000000, 0] chain profiles 0 (states 0), maxw 0, DL_RC fails 0, key form fails 0; 9800 evals [1 s]
#   unit {"file": "k4_certs_5_n4_4.json.gz", "pos": 1177} k4_certs_5_n4_4.json.gz#1177[m=8,idx=267]: start [0, 0, 0, 0, -1000000, 0, 0, -1000000, 0] best [0, 0, 0, 0, -1000000, 0, 0, -1000000, 0] chain profiles 0 (states 0), maxw 0, DL_RC fails 0, key form fails 0; 9800 evals [1 s]
#   unit {"file": "k4_certs_5_n4_4.json.gz", "pos": 1179} k4_certs_5_n4_4.json.gz#1179[m=8,idx=269]: start [0, 0, 0, 0, -1000000, 0, 0, -1000000, 0] best [0, 0, 0, 0, -1000000, 0, 0, -1000000, 0] chain profiles 0 (states 0), maxw 0, DL_RC fails 0, key form fails 0; 9800 evals [1 s]
#   unit {"file": "k4_certs_5_n4_4.json.gz", "pos": 1186} k4_certs_5_n4_4.json.gz#1186[m=8,idx=276]: start [0, 0, 0, 0, -1000000, 0, 0, -1000000, 0] best [0, 0, 0, 0, -1000000, 0, 0, -1000000, 0] chain profiles 0 (states 0), maxw 0, DL_RC fails 0, key form fails 0; 9800 evals [1 s]
#   unit {"file": "k4_certs_5_n4_4.json.gz", "pos": 1193} k4_certs_5_n4_4.json.gz#1193[m=8,idx=283]: start [0, 0, 0, 0, -1000000, 0, 0, -1000000, 0] best [0, 0, 0, 0, -1, 0, 2, -24, 12] chain profiles 0 (states 0), maxw 0, DL_RC fails 0, key form fails 0; 9800 evals [1 s]
#   unit {"file": "k4_certs_5_n4_4.json.gz", "pos": 1194} k4_certs_5_n4_4.json.gz#1194[m=8,idx=284]: start [0, 0, 0, 0, -3, 0, 1, -29, 2] best [0, 0, 0, 0, -2, 0, 1, -12, 2] chain profiles 0 (states 0), maxw 0, DL_RC fails 0, key form fails 0; 9800 evals [1 s]
#   unit {"file": "k4_certs_5_n4_4.json.gz", "pos": 1196} k4_certs_5_n4_4.json.gz#1196[m=8,idx=286]: start [0, 0, 0, 0, -1000000, 0, 0, -1000000, 0] best [0, 0, 0, 0, -1000000, 0, 0, -1000000, 0] chain profiles 0 (states 0), maxw 0, DL_RC fails 0, key form fails 0; 9800 evals [1 s]
#   unit {"file": "k4_certs_5_n4_4.json.gz", "pos": 1198} k4_certs_5_n4_4.json.gz#1198[m=8,idx=288]: start [0, 0, 0, 0, -1000000, 0, 0, -1000000, 0] best [0, 0, 0, 0, -1000000, 0, 0, -1000000, 0] chain profiles 0 (states 0), maxw 0, DL_RC fails 0, key form fails 0; 9800 evals [1 s]
#   unit {"file": "k4_certs_5_n4_4.json.gz", "pos": 1199} k4_certs_5_n4_4.json.gz#1199[m=8,idx=289]: start [0, 0, 0, 0, -1000000, 0, 0, -1000000, 0] best [0, 0, 0, 0, -2, 0, 2, -13, 5] chain profiles 0 (states 0), maxw 0, DL_RC fails 0, key form fails 0; 9800 evals [1 s]
#   unit {"file": "k4_certs_5_n4_4.json.gz", "pos": 1204} k4_certs_5_n4_4.json.gz#1204[m=8,idx=294]: start [0, 0, 0, 0, -1000000, 0, 0, -1000000, 0] best [0, 0, 0, 0, -1000000, 0, 0, -1000000, 0] chain profiles 0 (states 0), maxw 0, DL_RC fails 0, key form fails 0; 9800 evals [1 s]
#   unit {"file": "k4_certs_5_n4_4.json.gz", "pos": 1209} k4_certs_5_n4_4.json.gz#1209[m=8,idx=299]: start [0, 0, 0, 0, -1000000, 0, 0, -1000000, 0] best [0, 0, 0, 0, -1000000, 0, 0, -1000000, 0] chain profiles 0 (states 0), maxw 0, DL_RC fails 0, key form fails 0; 9800 evals [1 s]
#   unit {"file": "k4_certs_5_n4_4.json.gz", "pos": 1223} k4_certs_5_n4_4.json.gz#1223[m=8,idx=313]: start [0, 0, 0, 0, -1000000, 0, 0, -1000000, 0] best [0, 0, 0, 0, -1000000, 0, 0, -1000000, 0] chain profiles 0 (states 0), maxw 0, DL_RC fails 0, key form fails 0; 9800 evals [1 s]
#   unit {"file": "k4_certs_5_n4_4.json.gz", "pos": 1228} k4_certs_5_n4_4.json.gz#1228[m=8,idx=318]: start [0, 0, 0, 0, -1000000, 0, 0, -1000000, 0] best [0, 0, 0, 0, -2, 0, 1, -15, 2] chain profiles 0 (states 0), maxw 0, DL_RC fails 0, key form fails 0; 9800 evals [1 s]
#   unit {"file": "k4_certs_5_n4_4.json.gz", "pos": 1238} k4_certs_5_n4_4.json.gz#1238[m=8,idx=328]: start [0, 0, 0, 0, -1000000, 0, 0, -1000000, 0] best [0, 0, 0, 0, -2, 0, 1, -19, 1] chain profiles 0 (states 0), maxw 0, DL_RC fails 0, key form fails 0; 9800 evals [1 s]
#   unit {"file": "k4_certs_5_n4_4.json.gz", "pos": 1237} k4_certs_5_n4_4.json.gz#1237[m=8,idx=327]: start [0, 0, 0, 0, -1000000, 0, 0, -1000000, 0] best [0, 0, 0, 0, -2, 0, 2, -14, 3] chain profiles 0 (states 0), maxw 0, DL_RC fails 0, key form fails 0; 9800 evals [2 s]
#   unit {"file": "k4_certs_5_n4_4.json.gz", "pos": 1239} k4_certs_5_n4_4.json.gz#1239[m=8,idx=329]: start [0, 0, 0, 0, -1000000, 0, 0, -1000000, 0] best [0, 0, 0, 0, -1000000, 0, 0, -1000000, 0] chain profiles 0 (states 0), maxw 0, DL_RC fails 0, key form fails 0; 9800 evals [1 s]
#   unit {"file": "k4_certs_5_n4_4.json.gz", "pos": 1249} k4_certs_5_n4_4.json.gz#1249[m=8,idx=339]: start [0, 0, 0, 0, -1000000, 0, 0, -1000000, 0] best [0, 0, 0, 0, -1000000, 0, 0, -1000000, 0] chain profiles 0 (states 0), maxw 0, DL_RC fails 0, key form fails 0; 9800 evals [1 s]
#   unit {"file": "k4_certs_5_n4_4.json.gz", "pos": 1256} k4_certs_5_n4_4.json.gz#1256[m=8,idx=346]: start [0, 0, 0, 0, -1000000, 0, 0, -1000000, 0] best [0, 0, 0, 0, -1000000, 0, 0, -1000000, 0] chain profiles 0 (states 0), maxw 0, DL_RC fails 0, key form fails 0; 9800 evals [1 s]
#   unit {"file": "k4_certs_5_n4_4.json.gz", "pos": 1263} k4_certs_5_n4_4.json.gz#1263[m=8,idx=353]: start [0, 0, 0, 0, -1000000, 0, 0, -1000000, 0] best [0, 0, 0, 0, -1000000, 0, 0, -1000000, 0] chain profiles 0 (states 0), maxw 0, DL_RC fails 0, key form fails 0; 9800 evals [1 s]
#   unit {"file": "k4_certs_5_n4_4.json.gz", "pos": 1277} k4_certs_5_n4_4.json.gz#1277[m=8,idx=367]: start [0, 0, 0, 0, -1000000, 0, 0, -1000000, 0] best [0, 0, 0, 0, -1000000, 0, 0, -1000000, 0] chain profiles 0 (states 0), maxw 0, DL_RC fails 0, key form fails 0; 9800 evals [1 s]
#   unit {"file": "k4_certs_5_n4_4.json.gz", "pos": 1287} k4_certs_5_n4_4.json.gz#1287[m=8,idx=377]: start [0, 0, 0, 0, -1000000, 0, 0, -1000000, 0] best [0, 0, 0, 0, -1000000, 0, 0, -1000000, 0] chain profiles 0 (states 0), maxw 0, DL_RC fails 0, key form fails 0; 9800 evals [1 s]
#   unit {"file": "k4_certs_5_n4_4.json.gz", "pos": 1282} k4_certs_5_n4_4.json.gz#1282[m=8,idx=372]: start [0, 0, 0, 0, -1000000, 0, 0, -1000000, 0] best [0, 0, 0, 0, -1000000, 0, 0, -1000000, 0] chain profiles 0 (states 0), maxw 0, DL_RC fails 0, key form fails 0; 9800 evals [1 s]
#   unit {"file": "k4_certs_5_n4_4.json.gz", "pos": 1290} k4_certs_5_n4_4.json.gz#1290[m=8,idx=380]: start [0, 0, 0, 0, -1000000, 0, 0, -1000000, 0] best [0, 0, 0, 0, -1000000, 0, 0, -1000000, 0] chain profiles 0 (states 0), maxw 0, DL_RC fails 0, key form fails 0; 9800 evals [1 s]
#   unit {"file": "k4_certs_5_n4_4.json.gz", "pos": 1296} k4_certs_5_n4_4.json.gz#1296[m=8,idx=386]: start [0, 0, 0, 0, -1000000, 0, 0, -1000000, 0] best [0, 0, 0, 0, -1000000, 0, 0, -1000000, 0] chain profiles 0 (states 0), maxw 0, DL_RC fails 0, key form fails 0; 9800 evals [1 s]
#   unit {"file": "k4_certs_5_n4_4.json.gz", "pos": 1336} k4_certs_5_n4_4.json.gz#1336[m=8,idx=426]: start [0, 0, 0, 0, -1000000, 0, 0, -1000000, 0] best [0, 0, 0, 0, -1000000, 0, 0, -1000000, 0] chain profiles 0 (states 0), maxw 0, DL_RC fails 0, key form fails 0; 9800 evals [1 s]
#   unit {"file": "k4_certs_5_n4_4.json.gz", "pos": 1354} k4_certs_5_n4_4.json.gz#1354[m=8,idx=444]: start [0, 0, 0, 0, -1000000, 0, 0, -1000000, 0] best [0, 0, 0, 0, -1000000, 0, 0, -1000000, 0] chain profiles 0 (states 0), maxw 0, DL_RC fails 0, key form fails 0; 9800 evals [1 s]
#   unit {"file": "k4_certs_5_n4_4.json.gz", "pos": 1357} k4_certs_5_n4_4.json.gz#1357[m=8,idx=447]: start [0, 0, 0, 0, -1000000, 0, 0, -1000000, 0] best [0, 0, 0, 0, -1000000, 0, 0, -1000000, 0] chain profiles 0 (states 0), maxw 0, DL_RC fails 0, key form fails 0; 9800 evals [1 s]
#   unit {"file": "k4_certs_5_n4_4.json.gz", "pos": 1370} k4_certs_5_n4_4.json.gz#1370[m=8,idx=460]: start [0, 0, 0, 0, -1000000, 0, 0, -1000000, 0] best [0, 0, 0, 0, -1000000, 0, 0, -1000000, 0] chain profiles 0 (states 0), maxw 0, DL_RC fails 0, key form fails 0; 9800 evals [1 s]
#   unit {"file": "k4_certs_5_n4_4.json.gz", "pos": 1372} k4_certs_5_n4_4.json.gz#1372[m=8,idx=462]: start [0, 0, 0, 0, -1000000, 0, 0, -1000000, 0] best [0, 0, 0, 0, -1000000, 0, 0, -1000000, 0] chain profiles 0 (states 0), maxw 0, DL_RC fails 0, key form fails 0; 9800 evals [1 s]
#   unit {"file": "k4_certs_5_n4_4.json.gz", "pos": 1382} k4_certs_5_n4_4.json.gz#1382[m=8,idx=472]: start [0, 0, 0, 0, -1000000, 0, 0, -1000000, 0] best [0, 0, 0, 0, -1000000, 0, 0, -1000000, 0] chain profiles 0 (states 0), maxw 0, DL_RC fails 0, key form fails 0; 9800 evals [1 s]
#   unit {"file": "k4_certs_5_n4_4.json.gz", "pos": 1391} k4_certs_5_n4_4.json.gz#1391[m=8,idx=481]: start [0, 0, 0, 0, -1000000, 0, 0, -1000000, 0] best [0, 0, 0, 0, -1000000, 0, 0, -1000000, 0] chain profiles 0 (states 0), maxw 0, DL_RC fails 0, key form fails 0; 9800 evals [1 s]
#   unit {"file": "k4_certs_5_n4_4.json.gz", "pos": 1393} k4_certs_5_n4_4.json.gz#1393[m=8,idx=483]: start [0, 0, 0, 0, -1000000, 0, 0, -1000000, 0] best [0, 0, 0, 0, -1000000, 0, 0, -1000000, 0] chain profiles 0 (states 0), maxw 0, DL_RC fails 0, key form fails 0; 9800 evals [1 s]
#   unit {"file": "k4_certs_5_n4_4.json.gz", "pos": 1398} k4_certs_5_n4_4.json.gz#1398[m=8,idx=488]: start [0, 0, 0, 0, -1000000, 0, 0, -1000000, 0] best [0, 0, 0, 0, -1000000, 0, 0, -1000000, 0] chain profiles 0 (states 0), maxw 0, DL_RC fails 0, key form fails 0; 9800 evals [1 s]
#   unit {"file": "k4_certs_5_n4_4.json.gz", "pos": 1407} k4_certs_5_n4_4.json.gz#1407[m=8,idx=497]: start [0, 0, 0, 0, -1000000, 0, 0, -1000000, 0] best [0, 0, 0, 0, -1000000, 0, 0, -1000000, 0] chain profiles 0 (states 0), maxw 0, DL_RC fails 0, key form fails 0; 9800 evals [1 s]
#   unit {"file": "k4_certs_5_n4_4.json.gz", "pos": 1408} k4_certs_5_n4_4.json.gz#1408[m=8,idx=498]: start [0, 0, 0, 0, -1000000, 0, 0, -1000000, 0] best [0, 0, 0, 0, -1000000, 0, 0, -1000000, 0] chain profiles 0 (states 0), maxw 0, DL_RC fails 0, key form fails 0; 9800 evals [1 s]
#   unit {"file": "k4_certs_5_n4_4.json.gz", "pos": 1415} k4_certs_5_n4_4.json.gz#1415[m=8,idx=505]: start [0, 0, 0, 0, -1000000, 0, 0, -1000000, 0] best [0, 0, 0, 0, -1000000, 0, 0, -1000000, 0] chain profiles 0 (states 0), maxw 0, DL_RC fails 0, key form fails 0; 9800 evals [1 s]
#   unit {"file": "k4_certs_5_n4_4.json.gz", "pos": 1421} k4_certs_5_n4_4.json.gz#1421[m=8,idx=511]: start [0, 0, 0, 0, -1000000, 0, 0, -1000000, 0] best [0, 0, 0, 0, -1000000, 0, 0, -1000000, 0] chain profiles 0 (states 0), maxw 0, DL_RC fails 0, key form fails 0; 9800 evals [1 s]
#   unit {"file": "k4_certs_5_n4_4.json.gz", "pos": 1426} k4_certs_5_n4_4.json.gz#1426[m=8,idx=516]: start [0, 0, 0, 0, -1000000, 0, 0, -1000000, 0] best [0, 0, 0, 0, -1000000, 0, 0, -1000000, 0] chain profiles 0 (states 0), maxw 0, DL_RC fails 0, key form fails 0; 9800 evals [1 s]
#   unit {"file": "k4_certs_5_n4_4.json.gz", "pos": 1430} k4_certs_5_n4_4.json.gz#1430[m=8,idx=520]: start [0, 0, 0, 0, -1000000, 0, 0, -1000000, 0] best [0, 0, 0, 0, -1000000, 0, 0, -1000000, 0] chain profiles 0 (states 0), maxw 0, DL_RC fails 0, key form fails 0; 9800 evals [1 s]
#   unit {"file": "k4_certs_5_n4_4.json.gz", "pos": 1433} k4_certs_5_n4_4.json.gz#1433[m=8,idx=523]: start [0, 0, 0, 0, -1000000, 0, 0, -1000000, 0] best [0, 0, 0, 0, -1000000, 0, 0, -1000000, 0] chain profiles 0 (states 0), maxw 0, DL_RC fails 0, key form fails 0; 9800 evals [1 s]
#   unit {"file": "k4_certs_5_n4_4.json.gz", "pos": 1476} k4_certs_5_n4_4.json.gz#1476[m=8,idx=566]: start [0, 0, 0, 0, -1000000, 0, 0, -1000000, 0] best [0, 0, 0, 0, -1000000, 0, 0, -1000000, 0] chain profiles 0 (states 0), maxw 0, DL_RC fails 0, key form fails 0; 9800 evals [1 s]
#   unit {"file": "k4_certs_5_n4_4.json.gz", "pos": 1438} k4_certs_5_n4_4.json.gz#1438[m=8,idx=528]: start [0, 0, 0, 0, -1000000, 0, 0, -1000000, 0] best [0, 0, 0, 0, -1000000, 0, 0, -1000000, 0] chain profiles 0 (states 0), maxw 0, DL_RC fails 0, key form fails 0; 9800 evals [2 s]
#   unit {"file": "k4_certs_5_n4_4.json.gz", "pos": 1498} k4_certs_5_n4_4.json.gz#1498[m=8,idx=588]: start [0, 0, 0, 0, -1000000, 0, 0, -1000000, 0] best [0, 0, 0, 0, -1000000, 0, 0, -1000000, 0] chain profiles 0 (states 0), maxw 0, DL_RC fails 0, key form fails 0; 9800 evals [1 s]
#   unit {"file": "k4_certs_5_n4_4.json.gz", "pos": 1502} k4_certs_5_n4_4.json.gz#1502[m=8,idx=592]: start [0, 0, 0, 0, -1000000, 0, 0, -1000000, 0] best [0, 0, 0, 0, -1000000, 0, 0, -1000000, 0] chain profiles 0 (states 0), maxw 0, DL_RC fails 0, key form fails 0; 9800 evals [1 s]
#   unit {"file": "k4_certs_5_n4_4.json.gz", "pos": 1505} k4_certs_5_n4_4.json.gz#1505[m=8,idx=595]: start [0, 0, 0, 0, -1000000, 0, 0, -1000000, 0] best [0, 0, 0, 0, -1000000, 0, 0, -1000000, 0] chain profiles 0 (states 0), maxw 0, DL_RC fails 0, key form fails 0; 9800 evals [1 s]
#   unit {"file": "k4_certs_5_n4_4.json.gz", "pos": 1508} k4_certs_5_n4_4.json.gz#1508[m=8,idx=598]: start [0, 0, 0, 0, -1000000, 0, 0, -1000000, 0] best [0, 0, 0, 0, -2, 0, 2, -18, 2] chain profiles 0 (states 0), maxw 0, DL_RC fails 0, key form fails 0; 9800 evals [1 s]
#   unit {"file": "k4_certs_5_n4_4.json.gz", "pos": 1514} k4_certs_5_n4_4.json.gz#1514[m=8,idx=604]: start [0, 0, 0, 0, -1000000, 0, 0, -1000000, 0] best [0, 0, 0, 0, -1000000, 0, 0, -1000000, 0] chain profiles 0 (states 0), maxw 0, DL_RC fails 0, key form fails 0; 9800 evals [1 s]
#   unit {"file": "k4_certs_5_n4_4.json.gz", "pos": 1524} k4_certs_5_n4_4.json.gz#1524[m=8,idx=614]: start [0, 0, 0, 0, -1000000, 0, 0, -1000000, 0] best [0, 0, 0, 0, -1000000, 0, 0, -1000000, 0] chain profiles 0 (states 0), maxw 0, DL_RC fails 0, key form fails 0; 9800 evals [1 s]
#   unit {"file": "k4_certs_5_n4_4.json.gz", "pos": 1540} k4_certs_5_n4_4.json.gz#1540[m=8,idx=630]: start [0, 0, 0, 0, -1000000, 0, 0, -1000000, 0] best [0, 0, 0, 0, -1000000, 0, 0, -1000000, 0] chain profiles 0 (states 0), maxw 0, DL_RC fails 0, key form fails 0; 9800 evals [1 s]
#   unit {"file": "k4_certs_5_n4_4.json.gz", "pos": 1542} k4_certs_5_n4_4.json.gz#1542[m=8,idx=632]: start [0, 0, 0, 0, -1000000, 0, 0, -1000000, 0] best [0, 0, 0, 0, -1000000, 0, 0, -1000000, 0] chain profiles 0 (states 0), maxw 0, DL_RC fails 0, key form fails 0; 9800 evals [1 s]
#   unit {"file": "k4_certs_5_n4_4.json.gz", "pos": 1548} k4_certs_5_n4_4.json.gz#1548[m=8,idx=638]: start [0, 0, 0, 0, -1000000, 0, 0, -1000000, 0] best [0, 0, 0, 0, -1000000, 0, 0, -1000000, 0] chain profiles 0 (states 0), maxw 0, DL_RC fails 0, key form fails 0; 9800 evals [1 s]
#   unit {"file": "k4_certs_5_n4_4.json.gz", "pos": 1551} k4_certs_5_n4_4.json.gz#1551[m=8,idx=641]: start [0, 0, 0, 0, -1000000, 0, 0, -1000000, 0] best [0, 0, 0, 0, -2, 0, 1, -11, 2] chain profiles 0 (states 0), maxw 0, DL_RC fails 0, key form fails 0; 9800 evals [1 s]
#   unit {"file": "k4_certs_5_n4_4.json.gz", "pos": 1556} k4_certs_5_n4_4.json.gz#1556[m=8,idx=646]: start [0, 0, 0, 0, -1000000, 0, 0, -1000000, 0] best [0, 0, 0, 0, -1000000, 0, 0, -1000000, 0] chain profiles 0 (states 0), maxw 0, DL_RC fails 0, key form fails 0; 9800 evals [1 s]
#   unit {"file": "k4_certs_5_n4_4.json.gz", "pos": 1569} k4_certs_5_n4_4.json.gz#1569[m=8,idx=659]: start [0, 0, 0, 0, -1000000, 0, 0, -1000000, 0] best [0, 0, 0, 0, -1000000, 0, 0, -1000000, 0] chain profiles 0 (states 0), maxw 0, DL_RC fails 0, key form fails 0; 9800 evals [1 s]
#   unit {"file": "k4_certs_5_n4_4.json.gz", "pos": 1570} k4_certs_5_n4_4.json.gz#1570[m=8,idx=660]: start [0, 0, 0, 0, -1000000, 0, 0, -1000000, 0] best [0, 0, 0, 0, -1000000, 0, 0, -1000000, 0] chain profiles 0 (states 0), maxw 0, DL_RC fails 0, key form fails 0; 9800 evals [1 s]
#   unit {"file": "k4_certs_5_n4_4.json.gz", "pos": 1579} k4_certs_5_n4_4.json.gz#1579[m=8,idx=669]: start [0, 0, 0, 0, -1000000, 0, 0, -1000000, 0] best [0, 0, 0, 0, -1000000, 0, 0, -1000000, 0] chain profiles 0 (states 0), maxw 0, DL_RC fails 0, key form fails 0; 9800 evals [1 s]
#   unit {"file": "k4_certs_5_n4_4.json.gz", "pos": 1590} k4_certs_5_n4_4.json.gz#1590[m=8,idx=680]: start [0, 0, 0, 0, -1000000, 0, 0, -1000000, 0] best [0, 0, 0, 0, -2, 0, 2, -24, 2] chain profiles 0 (states 0), maxw 0, DL_RC fails 0, key form fails 0; 9800 evals [1 s]
#   unit {"file": "k4_certs_5_n4_4.json.gz", "pos": 1592} k4_certs_5_n4_4.json.gz#1592[m=8,idx=682]: start [0, 0, 0, 0, -1000000, 0, 0, -1000000, 0] best [0, 0, 0, 0, -1000000, 0, 0, -1000000, 0] chain profiles 0 (states 0), maxw 0, DL_RC fails 0, key form fails 0; 9800 evals [1 s]
#   unit {"file": "k4_certs_5_n4_4.json.gz", "pos": 1599} k4_certs_5_n4_4.json.gz#1599[m=8,idx=689]: start [0, 0, 0, 0, -1000000, 0, 0, -1000000, 0] best [0, 0, 0, 0, -1000000, 0, 0, -1000000, 0] chain profiles 0 (states 0), maxw 0, DL_RC fails 0, key form fails 0; 9800 evals [1 s]
#   unit {"file": "k4_certs_5_n4_4.json.gz", "pos": 1600} k4_certs_5_n4_4.json.gz#1600[m=8,idx=690]: start [0, 0, 0, 0, -1000000, 0, 0, -1000000, 0] best [0, 0, 0, 0, -1000000, 0, 0, -1000000, 0] chain profiles 0 (states 0), maxw 0, DL_RC fails 0, key form fails 0; 9800 evals [1 s]
#   unit {"file": "k4_certs_5_n4_4.json.gz", "pos": 1602} k4_certs_5_n4_4.json.gz#1602[m=8,idx=692]: start [0, 0, 0, 0, -1000000, 0, 0, -1000000, 0] best [0, 0, 0, 0, -1000000, 0, 0, -1000000, 0] chain profiles 0 (states 0), maxw 0, DL_RC fails 0, key form fails 0; 9800 evals [1 s]
#   unit {"file": "k4_certs_5_n4_4.json.gz", "pos": 1609} k4_certs_5_n4_4.json.gz#1609[m=8,idx=699]: start [0, 0, 0, 0, -1000000, 0, 0, -1000000, 0] best [0, 0, 0, 0, -1000000, 0, 0, -1000000, 0] chain profiles 0 (states 0), maxw 0, DL_RC fails 0, key form fails 0; 9800 evals [1 s]
#   unit {"file": "k4_certs_5_n4_4.json.gz", "pos": 1621} k4_certs_5_n4_4.json.gz#1621[m=8,idx=711]: start [0, 0, 0, 0, -1000000, 0, 0, -1000000, 0] best [0, 0, 0, 0, -1000000, 0, 0, -1000000, 0] chain profiles 0 (states 0), maxw 0, DL_RC fails 0, key form fails 0; 9800 evals [1 s]
#   unit {"file": "k4_certs_5_n4_4.json.gz", "pos": 1627} k4_certs_5_n4_4.json.gz#1627[m=8,idx=717]: start [0, 0, 0, 0, -1000000, 0, 0, -1000000, 0] best [0, 0, 0, 0, -2, 0, 1, -11, 1] chain profiles 0 (states 0), maxw 0, DL_RC fails 0, key form fails 0; 9800 evals [1 s]
#   unit {"file": "k4_certs_5_n4_4.json.gz", "pos": 1628} k4_certs_5_n4_4.json.gz#1628[m=8,idx=718]: start [0, 0, 0, 0, -1000000, 0, 0, -1000000, 0] best [0, 0, 0, 0, -1000000, 0, 0, -1000000, 0] chain profiles 0 (states 0), maxw 0, DL_RC fails 0, key form fails 0; 9800 evals [1 s]
#   unit {"file": "k4_certs_5_n4_4.json.gz", "pos": 1629} k4_certs_5_n4_4.json.gz#1629[m=8,idx=719]: start [0, 0, 0, 0, -1000000, 0, 0, -1000000, 0] best [0, 0, 0, 0, -1000000, 0, 0, -1000000, 0] chain profiles 0 (states 0), maxw 0, DL_RC fails 0, key form fails 0; 9800 evals [1 s]
#   unit {"file": "k4_certs_5_n4_4.json.gz", "pos": 1631} k4_certs_5_n4_4.json.gz#1631[m=8,idx=721]: start [0, 0, 0, 0, -1000000, 0, 0, -1000000, 0] best [0, 0, 0, 0, -1000000, 0, 0, -1000000, 0] chain profiles 0 (states 0), maxw 0, DL_RC fails 0, key form fails 0; 9800 evals [1 s]
#   unit {"file": "k4_certs_5_n4_4.json.gz", "pos": 1640} k4_certs_5_n4_4.json.gz#1640[m=8,idx=730]: start [0, 0, 0, 0, -1000000, 0, 0, -1000000, 0] best [0, 0, 0, 0, -1000000, 0, 0, -1000000, 0] chain profiles 0 (states 0), maxw 0, DL_RC fails 0, key form fails 0; 9800 evals [1 s]
#   unit {"file": "k4_certs_5_n4_4.json.gz", "pos": 1650} k4_certs_5_n4_4.json.gz#1650[m=8,idx=740]: start [0, 0, 0, 0, -1000000, 0, 0, -1000000, 0] best [0, 0, 0, 0, -1000000, 0, 0, -1000000, 0] chain profiles 0 (states 0), maxw 0, DL_RC fails 0, key form fails 0; 9800 evals [1 s]
#   unit {"file": "k4_certs_5_n4_4.json.gz", "pos": 1657} k4_certs_5_n4_4.json.gz#1657[m=8,idx=747]: start [0, 0, 0, 0, -1000000, 0, 0, -1000000, 0] best [0, 0, 0, 0, -1000000, 0, 0, -1000000, 0] chain profiles 0 (states 0), maxw 0, DL_RC fails 0, key form fails 0; 9800 evals [1 s]
#   unit {"file": "k4_certs_5_n4_4.json.gz", "pos": 1661} k4_certs_5_n4_4.json.gz#1661[m=8,idx=751]: start [0, 0, 0, 0, -1000000, 0, 0, -1000000, 0] best [0, 0, 0, 0, -1000000, 0, 0, -1000000, 0] chain profiles 0 (states 0), maxw 0, DL_RC fails 0, key form fails 0; 9800 evals [1 s]
