# command: python3 k4/dlrc_hunt.py n4_pure_k3 certs results/k4_certs_4_pure.json.gz --steps=600 --obj=k3 --bt=0.9 --jobs=3 --seed=43
# dlrc.c sha256 f1cf4cc169a347625e5a84bd9c7a8c218f791de6e2a7ce466f59ce357000b1f7; dlrc_hunt.py sha256 fe0fa5082f6dde3e89d9e338cd7f508db3a25be24e4328aea29bfdf82b38189f
# certs results/k4_certs_4_pure.json.gz: 219 units, 219 to run, 0 from the checkpoint; options {'steps': 600, 'batch': 24, 'obj': 'k3', 'bt': 0.9, 'seed': 43, 'init': 200, 'stale': 40}
#   unit {"file": "k4_certs_4_pure.json.gz", "pos": 2} k4_certs_4_pure.json.gz#2[m=5,idx=1]: start [0, 0, 0, 0, 0, 0, -1000000, -1000000, 0] best [0, 0, 0, 0, 0, 0, -1000000, -1000000, 0] chain profiles 0 (states 0), maxw 0, DL_RC fails 0, key form fails 0; 14600 evals [4 s]
#   unit {"file": "k4_certs_4_pure.json.gz", "pos": 1} k4_certs_4_pure.json.gz#1[m=5,idx=0]: start [0, 0, 0, 0, 0, 0, -1000000, -1000000, 0] best [0, 0, 0, 0, 0, 0, -1000000, -1000000, 0] chain profiles 0 (states 0), maxw 0, DL_RC fails 0, key form fails 0; 14600 evals [4 s]
#   unit {"file": "k4_certs_4_pure.json.gz", "pos": 0} k4_certs_4_pure.json.gz#0[m=4,idx=0]: start [0, 0, 0, 0, 0, 0, -1000000, -1000000, 0] best [0, 0, 0, 0, 0, 0, -1000000, -1000000, 0] chain profiles 0 (states 0), maxw 0, DL_RC fails 0, key form fails 0; 14600 evals [4 s]
#   unit {"file": "k4_certs_4_pure.json.gz", "pos": 3} k4_certs_4_pure.json.gz#3[m=5,idx=2]: start [0, 0, 0, 0, 0, 0, -1000000, -1000000, 0] best [0, 0, 0, 0, 0, 0, -1000000, -1000000, 0] chain profiles 0 (states 0), maxw 0, DL_RC fails 0, key form fails 0; 14600 evals [4 s]
#   unit {"file": "k4_certs_4_pure.json.gz", "pos": 4} k4_certs_4_pure.json.gz#4[m=5,idx=3]: start [0, 0, 0, 0, 0, 0, -1000000, -1000000, 0] best [0, 0, 0, 0, 0, 0, -1000000, -1000000, 0] chain profiles 0 (states 0), maxw 0, DL_RC fails 0, key form fails 0; 14600 evals [4 s]
#   unit {"file": "k4_certs_4_pure.json.gz", "pos": 5} k4_certs_4_pure.json.gz#5[m=6,idx=0]: start [0, 0, 0, 0, 0, 0, -1000000, -1000000, 0] best [0, 0, 0, 0, 0, 2, -1, -12, 6] chain profiles 0 (states 0), maxw 0, DL_RC fails 0, key form fails 0; 14600 evals [4 s]
#   unit {"file": "k4_certs_4_pure.json.gz", "pos": 6} k4_certs_4_pure.json.gz#6[m=6,idx=1]: start [0, 0, 0, 0, 0, 0, -1000000, -1000000, 0] best [0, 0, 0, 0, 0, 2, -1, -12, 6] chain profiles 0 (states 0), maxw 0, DL_RC fails 0, key form fails 0; 14600 evals [4 s]
#   unit {"file": "k4_certs_4_pure.json.gz", "pos": 7} k4_certs_4_pure.json.gz#7[m=6,idx=2]: start [0, 0, 0, 0, 0, 0, -1000000, -1000000, 0] best [0, 0, 0, 0, 0, 2, -1, -12, 6] chain profiles 0 (states 0), maxw 0, DL_RC fails 0, key form fails 0; 14600 evals [4 s]
#   unit {"file": "k4_certs_4_pure.json.gz", "pos": 8} k4_certs_4_pure.json.gz#8[m=6,idx=3]: start [0, 0, 0, 0, 0, 0, -1000000, -1000000, 0] best [0, 0, 0, 0, 0, 2, -1, -12, 4] chain profiles 0 (states 0), maxw 0, DL_RC fails 0, key form fails 0; 14600 evals [4 s]
#   unit {"file": "k4_certs_4_pure.json.gz", "pos": 9} k4_certs_4_pure.json.gz#9[m=6,idx=4]: start [0, 0, 0, 0, 0, 0, -1000000, -1000000, 0] best [0, 0, 0, 0, 0, 0, -1000000, -1000000, 0] chain profiles 0 (states 0), maxw 0, DL_RC fails 0, key form fails 0; 14600 evals [4 s]
#   unit {"file": "k4_certs_4_pure.json.gz", "pos": 11} k4_certs_4_pure.json.gz#11[m=6,idx=6]: start [0, 0, 0, 0, 0, 0, -1000000, -1000000, 0] best [0, 0, 0, 0, 0, 0, -1000000, -1000000, 0] chain profiles 0 (states 0), maxw 0, DL_RC fails 0, key form fails 0; 14600 evals [4 s]
#   unit {"file": "k4_certs_4_pure.json.gz", "pos": 10} k4_certs_4_pure.json.gz#10[m=6,idx=5]: start [0, 0, 0, 0, 0, 2, -1, -18, 6] best [0, 0, 0, 0, 0, 2, -1, -12, 6] chain profiles 0 (states 0), maxw 0, DL_RC fails 0, key form fails 0; 14600 evals [4 s]
#   unit {"file": "k4_certs_4_pure.json.gz", "pos": 12} k4_certs_4_pure.json.gz#12[m=6,idx=7]: start [0, 0, 0, 0, 0, 0, -1000000, -1000000, 0] best [0, 0, 0, 0, 0, 0, -1000000, -1000000, 0] chain profiles 0 (states 0), maxw 0, DL_RC fails 0, key form fails 0; 14600 evals [4 s]
#   unit {"file": "k4_certs_4_pure.json.gz", "pos": 14} k4_certs_4_pure.json.gz#14[m=6,idx=9]: start [0, 0, 0, 0, 0, 0, -1000000, -1000000, 0] best [0, 0, 0, 0, 0, 0, -1000000, -1000000, 0] chain profiles 0 (states 0), maxw 0, DL_RC fails 0, key form fails 0; 14600 evals [4 s]
#   unit {"file": "k4_certs_4_pure.json.gz", "pos": 13} k4_certs_4_pure.json.gz#13[m=6,idx=8]: start [0, 0, 0, 0, 0, 0, -1000000, -1000000, 0] best [0, 0, 0, 0, 0, 0, -1000000, -1000000, 0] chain profiles 0 (states 0), maxw 0, DL_RC fails 0, key form fails 0; 14600 evals [4 s]
#   unit {"file": "k4_certs_4_pure.json.gz", "pos": 15} k4_certs_4_pure.json.gz#15[m=6,idx=10]: start [0, 0, 0, 0, 0, 0, -1000000, -1000000, 0] best [0, 0, 0, 0, 0, 0, -1000000, -1000000, 0] chain profiles 0 (states 0), maxw 0, DL_RC fails 0, key form fails 0; 14600 evals [4 s]
#   unit {"file": "k4_certs_4_pure.json.gz", "pos": 16} k4_certs_4_pure.json.gz#16[m=6,idx=11]: start [0, 0, 0, 0, 0, 0, -1000000, -1000000, 0] best [0, 0, 0, 0, 0, 0, -1000000, -1000000, 0] chain profiles 0 (states 0), maxw 0, DL_RC fails 0, key form fails 0; 14600 evals [4 s]
#   unit {"file": "k4_certs_4_pure.json.gz", "pos": 17} k4_certs_4_pure.json.gz#17[m=6,idx=12]: start [0, 0, 0, 0, 0, 0, -1000000, -1000000, 0] best [0, 0, 0, 0, 0, 0, -1000000, -1000000, 0] chain profiles 0 (states 0), maxw 0, DL_RC fails 0, key form fails 0; 14600 evals [4 s]
#   unit {"file": "k4_certs_4_pure.json.gz", "pos": 18} k4_certs_4_pure.json.gz#18[m=6,idx=13]: start [0, 0, 0, 0, 0, 0, -1000000, -1000000, 0] best [0, 0, 0, 0, 0, 2, -1, -12, 6] chain profiles 0 (states 0), maxw 0, DL_RC fails 0, key form fails 0; 14600 evals [4 s]
#   unit {"file": "k4_certs_4_pure.json.gz", "pos": 19} k4_certs_4_pure.json.gz#19[m=6,idx=14]: start [0, 0, 0, 0, 0, 0, -1000000, -1000000, 0] best [0, 0, 0, 0, 0, 0, -1000000, -1000000, 0] chain profiles 0 (states 0), maxw 0, DL_RC fails 0, key form fails 0; 14600 evals [4 s]
#   unit {"file": "k4_certs_4_pure.json.gz", "pos": 20} k4_certs_4_pure.json.gz#20[m=6,idx=15]: start [0, 0, 0, 0, 0, 0, -1000000, -1000000, 0] best [0, 0, 0, 0, 0, 0, -1000000, -1000000, 0] chain profiles 0 (states 0), maxw 0, DL_RC fails 0, key form fails 0; 14600 evals [4 s]
#   unit {"file": "k4_certs_4_pure.json.gz", "pos": 21} k4_certs_4_pure.json.gz#21[m=7,idx=0]: start [0, 0, 0, 0, 0, 0, -1000000, -1000000, 0] best [0, 0, 0, 0, 0, 2, -2, -12, 4] chain profiles 0 (states 0), maxw 0, DL_RC fails 0, key form fails 0; 14600 evals [4 s]
#   unit {"file": "k4_certs_4_pure.json.gz", "pos": 22} k4_certs_4_pure.json.gz#22[m=7,idx=1]: start [0, 0, 0, 0, 0, 0, -1000000, -1000000, 0] best [0, 0, 0, 0, 0, 2, -1, -12, 3] chain profiles 0 (states 0), maxw 0, DL_RC fails 0, key form fails 0; 14600 evals [4 s]
#   unit {"file": "k4_certs_4_pure.json.gz", "pos": 23} k4_certs_4_pure.json.gz#23[m=7,idx=2]: start [0, 0, 0, 0, 0, 0, -1000000, -1000000, 0] best [0, 0, 0, 0, 0, 2, -1, -12, 6] chain profiles 0 (states 0), maxw 0, DL_RC fails 0, key form fails 0; 14600 evals [4 s]
#   unit {"file": "k4_certs_4_pure.json.gz", "pos": 24} k4_certs_4_pure.json.gz#24[m=7,idx=3]: start [0, 0, 0, 0, 0, 1, -2, -13, 1] best [0, 0, 0, 0, 0, 2, -2, -9, 4] chain profiles 0 (states 0), maxw 0, DL_RC fails 0, key form fails 0; 14600 evals [4 s]
#   unit {"file": "k4_certs_4_pure.json.gz", "pos": 25} k4_certs_4_pure.json.gz#25[m=7,idx=4]: start [0, 0, 0, 0, 0, 0, -1000000, -1000000, 0] best [0, 0, 0, 0, 0, 2, -2, -10, 6] chain profiles 0 (states 0), maxw 0, DL_RC fails 0, key form fails 0; 14600 evals [4 s]
#   unit {"file": "k4_certs_4_pure.json.gz", "pos": 26} k4_certs_4_pure.json.gz#26[m=7,idx=5]: start [0, 0, 0, 0, 0, 1, -2, -15, 1] best [0, 0, 0, 0, 0, 2, -1, -12, 6] chain profiles 0 (states 0), maxw 0, DL_RC fails 0, key form fails 0; 14600 evals [4 s]
#   unit {"file": "k4_certs_4_pure.json.gz", "pos": 27} k4_certs_4_pure.json.gz#27[m=7,idx=6]: start [0, 0, 0, 0, 0, 0, -1000000, -1000000, 0] best [0, 0, 0, 0, 0, 2, -2, -12, 4] chain profiles 0 (states 0), maxw 0, DL_RC fails 0, key form fails 0; 14600 evals [5 s]
#   unit {"file": "k4_certs_4_pure.json.gz", "pos": 28} k4_certs_4_pure.json.gz#28[m=7,idx=7]: start [0, 0, 0, 0, 0, 0, -1000000, -1000000, 0] best [0, 0, 0, 0, 0, 0, -1000000, -1000000, 0] chain profiles 0 (states 0), maxw 0, DL_RC fails 0, key form fails 0; 14600 evals [5 s]
#   unit {"file": "k4_certs_4_pure.json.gz", "pos": 29} k4_certs_4_pure.json.gz#29[m=7,idx=8]: start [0, 0, 0, 0, 0, 0, -1000000, -1000000, 0] best [0, 0, 0, 0, 0, 2, -2, -14, 3] chain profiles 0 (states 0), maxw 0, DL_RC fails 0, key form fails 0; 14600 evals [5 s]
#   unit {"file": "k4_certs_4_pure.json.gz", "pos": 30} k4_certs_4_pure.json.gz#30[m=7,idx=9]: start [0, 0, 0, 0, 0, 0, -1000000, -1000000, 0] best [0, 0, 0, 0, 0, 2, -1, -12, 8] chain profiles 0 (states 0), maxw 0, DL_RC fails 0, key form fails 0; 14600 evals [4 s]
#   unit {"file": "k4_certs_4_pure.json.gz", "pos": 31} k4_certs_4_pure.json.gz#31[m=7,idx=10]: start [0, 0, 0, 0, 0, 1, -2, -13, 1] best [0, 0, 0, 0, 0, 1, -2, -7, 2] chain profiles 0 (states 0), maxw 0, DL_RC fails 0, key form fails 0; 14600 evals [5 s]
#   unit {"file": "k4_certs_4_pure.json.gz", "pos": 32} k4_certs_4_pure.json.gz#32[m=7,idx=11]: start [0, 0, 0, 0, 0, 0, -1000000, -1000000, 0] best [0, 0, 0, 0, 0, 2, -2, -12, 4] chain profiles 0 (states 0), maxw 0, DL_RC fails 0, key form fails 0; 14600 evals [4 s]
#   unit {"file": "k4_certs_4_pure.json.gz", "pos": 33} k4_certs_4_pure.json.gz#33[m=7,idx=12]: start [0, 0, 0, 0, 0, 1, -3, -23, 1] best [0, 0, 0, 0, 0, 1, -2, -12, 1] chain profiles 0 (states 0), maxw 0, DL_RC fails 0, key form fails 0; 14600 evals [4 s]
#   unit {"file": "k4_certs_4_pure.json.gz", "pos": 34} k4_certs_4_pure.json.gz#34[m=7,idx=13]: start [0, 0, 0, 0, 0, 0, -1000000, -1000000, 0] best [0, 0, 0, 0, 0, 2, -1, -12, 6] chain profiles 0 (states 0), maxw 0, DL_RC fails 0, key form fails 0; 14600 evals [4 s]
#   unit {"file": "k4_certs_4_pure.json.gz", "pos": 35} k4_certs_4_pure.json.gz#35[m=7,idx=14]: start [0, 0, 0, 0, 0, 0, -1000000, -1000000, 0] best [0, 0, 0, 0, 0, 2, -2, -11, 6] chain profiles 0 (states 0), maxw 0, DL_RC fails 0, key form fails 0; 14600 evals [4 s]
#   unit {"file": "k4_certs_4_pure.json.gz", "pos": 36} k4_certs_4_pure.json.gz#36[m=7,idx=15]: start [0, 0, 0, 0, 0, 0, -1000000, -1000000, 0] best [0, 0, 0, 0, 0, 1, -1, -15, 1] chain profiles 0 (states 0), maxw 0, DL_RC fails 0, key form fails 0; 14600 evals [4 s]
#   unit {"file": "k4_certs_4_pure.json.gz", "pos": 37} k4_certs_4_pure.json.gz#37[m=7,idx=16]: start [0, 0, 0, 0, 0, 0, -1000000, -1000000, 0] best [0, 0, 0, 0, 0, 1, -2, -7, 2] chain profiles 0 (states 0), maxw 0, DL_RC fails 0, key form fails 0; 14600 evals [4 s]
#   unit {"file": "k4_certs_4_pure.json.gz", "pos": 38} k4_certs_4_pure.json.gz#38[m=7,idx=17]: start [0, 0, 0, 0, 0, 0, -1000000, -1000000, 0] best [0, 0, 0, 0, 0, 2, -1, -12, 6] chain profiles 0 (states 0), maxw 0, DL_RC fails 0, key form fails 0; 14600 evals [5 s]
#   unit {"file": "k4_certs_4_pure.json.gz", "pos": 39} k4_certs_4_pure.json.gz#39[m=7,idx=18]: start [0, 0, 0, 0, 0, 0, -1000000, -1000000, 0] best [0, 0, 0, 0, 0, 2, -2, -7, 3] chain profiles 0 (states 0), maxw 0, DL_RC fails 0, key form fails 0; 14600 evals [4 s]
#   unit {"file": "k4_certs_4_pure.json.gz", "pos": 40} k4_certs_4_pure.json.gz#40[m=7,idx=19]: start [0, 0, 0, 0, 0, 0, -1000000, -1000000, 0] best [0, 0, 0, 0, 0, 2, -1, -12, 4] chain profiles 0 (states 0), maxw 0, DL_RC fails 0, key form fails 0; 14600 evals [4 s]
#   unit {"file": "k4_certs_4_pure.json.gz", "pos": 41} k4_certs_4_pure.json.gz#41[m=7,idx=20]: start [0, 0, 0, 0, 0, 0, -1000000, -1000000, 0] best [0, 0, 0, 0, 0, 2, -2, -7, 4] chain profiles 0 (states 0), maxw 0, DL_RC fails 0, key form fails 0; 14600 evals [4 s]
#   unit {"file": "k4_certs_4_pure.json.gz", "pos": 42} k4_certs_4_pure.json.gz#42[m=7,idx=21]: start [0, 0, 0, 0, 0, 0, -1000000, -1000000, 0] best [0, 0, 0, 0, 0, 2, -1, -7, 4] chain profiles 0 (states 0), maxw 0, DL_RC fails 0, key form fails 0; 14600 evals [5 s]
#   unit {"file": "k4_certs_4_pure.json.gz", "pos": 43} k4_certs_4_pure.json.gz#43[m=7,idx=22]: start [0, 0, 0, 0, 0, 0, -1000000, -1000000, 0] best [0, 0, 0, 0, 0, 0, -1000000, -1000000, 0] chain profiles 0 (states 0), maxw 0, DL_RC fails 0, key form fails 0; 14600 evals [5 s]
#   unit {"file": "k4_certs_4_pure.json.gz", "pos": 44} k4_certs_4_pure.json.gz#44[m=7,idx=23]: start [0, 0, 0, 0, 0, 0, -1000000, -1000000, 0] best [0, 0, 0, 0, 0, 2, -1, -12, 5] chain profiles 0 (states 0), maxw 0, DL_RC fails 0, key form fails 0; 14600 evals [5 s]
#   unit {"file": "k4_certs_4_pure.json.gz", "pos": 45} k4_certs_4_pure.json.gz#45[m=7,idx=24]: start [0, 0, 0, 0, 0, 0, -1000000, -1000000, 0] best [0, 0, 0, 0, 0, 2, -2, -7, 4] chain profiles 0 (states 0), maxw 0, DL_RC fails 0, key form fails 0; 14600 evals [5 s]
#   unit {"file": "k4_certs_4_pure.json.gz", "pos": 46} k4_certs_4_pure.json.gz#46[m=7,idx=25]: start [0, 0, 0, 0, 0, 1, -2, -23, 1] best [0, 0, 0, 0, 0, 2, -2, -8, 6] chain profiles 0 (states 0), maxw 0, DL_RC fails 0, key form fails 0; 14600 evals [5 s]
#   unit {"file": "k4_certs_4_pure.json.gz", "pos": 47} k4_certs_4_pure.json.gz#47[m=7,idx=26]: start [0, 0, 0, 0, 0, 0, -1000000, -1000000, 0] best [0, 0, 0, 0, 0, 1, -2, -15, 1] chain profiles 0 (states 0), maxw 0, DL_RC fails 0, key form fails 0; 14600 evals [4 s]
#   unit {"file": "k4_certs_4_pure.json.gz", "pos": 48} k4_certs_4_pure.json.gz#48[m=7,idx=27]: start [0, 0, 0, 0, 0, 0, -1000000, -1000000, 0] best [0, 0, 0, 0, 0, 2, -2, -14, 4] chain profiles 0 (states 0), maxw 0, DL_RC fails 0, key form fails 0; 14600 evals [4 s]
#   unit {"file": "k4_certs_4_pure.json.gz", "pos": 49} k4_certs_4_pure.json.gz#49[m=7,idx=28]: start [0, 0, 0, 0, 0, 0, -1000000, -1000000, 0] best [0, 0, 0, 0, 0, 1, -1, -21, 1] chain profiles 0 (states 0), maxw 0, DL_RC fails 0, key form fails 0; 14600 evals [4 s]
#   unit {"file": "k4_certs_4_pure.json.gz", "pos": 50} k4_certs_4_pure.json.gz#50[m=7,idx=29]: start [0, 0, 0, 0, 0, 0, -1000000, -1000000, 0] best [0, 0, 0, 0, 0, 2, -2, -10, 4] chain profiles 0 (states 0), maxw 0, DL_RC fails 0, key form fails 0; 14600 evals [5 s]
#   unit {"file": "k4_certs_4_pure.json.gz", "pos": 51} k4_certs_4_pure.json.gz#51[m=7,idx=30]: start [0, 0, 0, 0, 0, 0, -1000000, -1000000, 0] best [0, 0, 0, 0, 0, 2, -2, -12, 3] chain profiles 0 (states 0), maxw 0, DL_RC fails 0, key form fails 0; 14600 evals [5 s]
#   unit {"file": "k4_certs_4_pure.json.gz", "pos": 52} k4_certs_4_pure.json.gz#52[m=7,idx=31]: start [0, 0, 0, 0, 0, 0, -1000000, -1000000, 0] best [0, 0, 0, 0, 0, 1, -2, -14, 1] chain profiles 0 (states 0), maxw 0, DL_RC fails 0, key form fails 0; 14600 evals [5 s]
#   unit {"file": "k4_certs_4_pure.json.gz", "pos": 53} k4_certs_4_pure.json.gz#53[m=7,idx=32]: start [0, 0, 0, 0, 0, 0, -1000000, -1000000, 0] best [0, 0, 0, 0, 0, 2, -2, -11, 6] chain profiles 0 (states 0), maxw 0, DL_RC fails 0, key form fails 0; 14600 evals [4 s]
#   unit {"file": "k4_certs_4_pure.json.gz", "pos": 54} k4_certs_4_pure.json.gz#54[m=7,idx=33]: start [0, 0, 0, 0, 0, 0, -1000000, -1000000, 0] best [0, 0, 0, 0, 0, 2, -2, -16, 6] chain profiles 0 (states 0), maxw 0, DL_RC fails 0, key form fails 0; 14600 evals [5 s]
#   unit {"file": "k4_certs_4_pure.json.gz", "pos": 55} k4_certs_4_pure.json.gz#55[m=7,idx=34]: start [0, 0, 0, 0, 0, 1, -3, -28, 1] best [0, 0, 0, 0, 0, 2, -2, -14, 3] chain profiles 0 (states 0), maxw 0, DL_RC fails 0, key form fails 0; 14600 evals [4 s]
#   unit {"file": "k4_certs_4_pure.json.gz", "pos": 56} k4_certs_4_pure.json.gz#56[m=7,idx=35]: start [0, 0, 0, 0, 0, 0, -1000000, -1000000, 0] best [0, 0, 0, 0, 0, 1, -2, -20, 2] chain profiles 0 (states 0), maxw 0, DL_RC fails 0, key form fails 0; 14600 evals [4 s]
#   unit {"file": "k4_certs_4_pure.json.gz", "pos": 58} k4_certs_4_pure.json.gz#58[m=7,idx=37]: start [0, 0, 0, 0, 0, 0, -1000000, -1000000, 0] best [0, 0, 0, 0, 0, 1, -2, -14, 1] chain profiles 0 (states 0), maxw 0, DL_RC fails 0, key form fails 0; 14600 evals [5 s]
#   unit {"file": "k4_certs_4_pure.json.gz", "pos": 57} k4_certs_4_pure.json.gz#57[m=7,idx=36]: start [0, 0, 0, 0, 0, 0, -1000000, -1000000, 0] best [0, 0, 0, 0, 0, 2, -2, -10, 6] chain profiles 0 (states 0), maxw 0, DL_RC fails 0, key form fails 0; 14600 evals [5 s]
#   unit {"file": "k4_certs_4_pure.json.gz", "pos": 59} k4_certs_4_pure.json.gz#59[m=7,idx=38]: start [0, 0, 0, 0, 0, 0, -1000000, -1000000, 0] best [0, 0, 0, 0, 0, 2, -2, -12, 4] chain profiles 0 (states 0), maxw 0, DL_RC fails 0, key form fails 0; 14600 evals [5 s]
#   unit {"file": "k4_certs_4_pure.json.gz", "pos": 60} k4_certs_4_pure.json.gz#60[m=7,idx=39]: start [0, 0, 0, 0, 0, 0, -1000000, -1000000, 0] best [0, 0, 0, 0, 0, 1, -2, -16, 1] chain profiles 0 (states 0), maxw 0, DL_RC fails 0, key form fails 0; 14600 evals [5 s]
#   unit {"file": "k4_certs_4_pure.json.gz", "pos": 61} k4_certs_4_pure.json.gz#61[m=8,idx=0]: start [0, 0, 0, 0, 0, 0, -1000000, -1000000, 0] best [0, 0, 0, 0, 0, 2, -2, -16, 3] chain profiles 0 (states 0), maxw 0, DL_RC fails 0, key form fails 0; 14600 evals [6 s]
#   unit {"file": "k4_certs_4_pure.json.gz", "pos": 62} k4_certs_4_pure.json.gz#62[m=8,idx=1]: start [0, 0, 0, 0, 0, 2, -2, -10, 4] best [0, 0, 0, 0, 0, 2, -2, -8, 4] chain profiles 0 (states 0), maxw 0, DL_RC fails 0, key form fails 0; 14600 evals [6 s]
#   unit {"file": "k4_certs_4_pure.json.gz", "pos": 63} k4_certs_4_pure.json.gz#63[m=8,idx=2]: start [0, 0, 0, 0, 0, 1, -3, -23, 1] best [0, 0, 0, 0, 0, 2, -2, -14, 11] chain profiles 0 (states 0), maxw 0, DL_RC fails 0, key form fails 0; 14600 evals [6 s]
#   unit {"file": "k4_certs_4_pure.json.gz", "pos": 64} k4_certs_4_pure.json.gz#64[m=8,idx=3]: start [0, 0, 0, 0, 0, 0, -1000000, -1000000, 0] best [0, 0, 0, 0, 0, 1, -1, -16, 1] chain profiles 0 (states 0), maxw 0, DL_RC fails 0, key form fails 0; 14600 evals [6 s]
#   unit {"file": "k4_certs_4_pure.json.gz", "pos": 65} k4_certs_4_pure.json.gz#65[m=8,idx=4]: start [0, 0, 0, 0, 0, 0, -1000000, -1000000, 0] best [0, 0, 0, 0, 0, 2, -2, -8, 3] chain profiles 0 (states 0), maxw 0, DL_RC fails 0, key form fails 0; 14600 evals [6 s]
#   unit {"file": "k4_certs_4_pure.json.gz", "pos": 66} k4_certs_4_pure.json.gz#66[m=8,idx=5]: start [0, 0, 0, 0, 0, 0, -1000000, -1000000, 0] best [0, 0, 0, 0, 0, 2, -1, -5, 5] chain profiles 0 (states 0), maxw 0, DL_RC fails 0, key form fails 0; 14600 evals [5 s]
#   unit {"file": "k4_certs_4_pure.json.gz", "pos": 67} k4_certs_4_pure.json.gz#67[m=8,idx=6]: start [0, 0, 0, 0, 0, 0, -1000000, -1000000, 0] best [0, 0, 0, 0, 0, 2, -1, -12, 11] chain profiles 0 (states 0), maxw 0, DL_RC fails 0, key form fails 0; 14600 evals [5 s]
#   unit {"file": "k4_certs_4_pure.json.gz", "pos": 68} k4_certs_4_pure.json.gz#68[m=8,idx=7]: start [0, 0, 0, 0, 0, 1, -2, -15, 1] best [0, 0, 0, 0, 0, 2, -2, -9, 3] chain profiles 0 (states 0), maxw 0, DL_RC fails 0, key form fails 0; 14600 evals [5 s]
#   unit {"file": "k4_certs_4_pure.json.gz", "pos": 69} k4_certs_4_pure.json.gz#69[m=8,idx=8]: start [0, 0, 0, 0, 0, 1, -2, -24, 1] best [0, 0, 0, 0, 0, 1, -2, -11, 6] chain profiles 0 (states 0), maxw 0, DL_RC fails 0, key form fails 0; 14600 evals [5 s]
#   unit {"file": "k4_certs_4_pure.json.gz", "pos": 70} k4_certs_4_pure.json.gz#70[m=8,idx=9]: start [0, 0, 0, 0, 0, 1, -2, -18, 1] best [0, 0, 0, 0, 0, 1, -2, -11, 2] chain profiles 0 (states 0), maxw 0, DL_RC fails 0, key form fails 0; 14600 evals [5 s]
#   unit {"file": "k4_certs_4_pure.json.gz", "pos": 71} k4_certs_4_pure.json.gz#71[m=8,idx=10]: start [0, 0, 0, 0, 0, 0, -1000000, -1000000, 0] best [0, 0, 0, 0, 0, 2, -1, -12, 4] chain profiles 0 (states 0), maxw 0, DL_RC fails 0, key form fails 0; 14600 evals [5 s]
#   unit {"file": "k4_certs_4_pure.json.gz", "pos": 72} k4_certs_4_pure.json.gz#72[m=8,idx=11]: start [0, 0, 0, 0, 0, 1, -2, -21, 1] best [0, 0, 0, 0, 0, 2, -2, -10, 5] chain profiles 0 (states 0), maxw 0, DL_RC fails 0, key form fails 0; 14600 evals [5 s]
#   unit {"file": "k4_certs_4_pure.json.gz", "pos": 73} k4_certs_4_pure.json.gz#73[m=8,idx=12]: start [0, 0, 0, 0, 0, 1, -2, -23, 2] best [0, 0, 0, 0, 0, 2, -1, -12, 6] chain profiles 0 (states 0), maxw 0, DL_RC fails 0, key form fails 0; 14600 evals [5 s]
#   unit {"file": "k4_certs_4_pure.json.gz", "pos": 74} k4_certs_4_pure.json.gz#74[m=8,idx=13]: start [0, 0, 0, 0, 0, 0, -1000000, -1000000, 0] best [0, 0, 0, 0, 0, 2, -2, -8, 6] chain profiles 0 (states 0), maxw 0, DL_RC fails 0, key form fails 0; 14600 evals [5 s]
#   unit {"file": "k4_certs_4_pure.json.gz", "pos": 75} k4_certs_4_pure.json.gz#75[m=8,idx=14]: start [0, 0, 0, 0, 0, 0, -1000000, -1000000, 0] best [0, 0, 0, 0, 0, 1, -2, -15, 2] chain profiles 0 (states 0), maxw 0, DL_RC fails 0, key form fails 0; 14600 evals [5 s]
#   unit {"file": "k4_certs_4_pure.json.gz", "pos": 76} k4_certs_4_pure.json.gz#76[m=8,idx=15]: start [0, 0, 0, 0, 0, 1, -2, -31, 1] best [0, 0, 0, 0, 0, 1, -2, -8, 5] chain profiles 0 (states 0), maxw 0, DL_RC fails 0, key form fails 0; 14600 evals [5 s]
#   unit {"file": "k4_certs_4_pure.json.gz", "pos": 77} k4_certs_4_pure.json.gz#77[m=8,idx=16]: start [0, 0, 0, 0, 0, 0, -1000000, -1000000, 0] best [0, 0, 0, 0, 0, 1, -2, -8, 3] chain profiles 0 (states 0), maxw 0, DL_RC fails 0, key form fails 0; 14600 evals [5 s]
#   unit {"file": "k4_certs_4_pure.json.gz", "pos": 78} k4_certs_4_pure.json.gz#78[m=8,idx=17]: start [0, 0, 0, 0, 0, 1, -2, -13, 4] best [0, 0, 0, 0, 0, 1, -2, -5, 2] chain profiles 0 (states 0), maxw 0, DL_RC fails 0, key form fails 0; 14600 evals [6 s]
#   unit {"file": "k4_certs_4_pure.json.gz", "pos": 79} k4_certs_4_pure.json.gz#79[m=8,idx=18]: start [0, 0, 0, 0, 0, 1, -2, -10, 3] best [0, 0, 0, 0, 0, 2, -2, -7, 3] chain profiles 0 (states 0), maxw 0, DL_RC fails 0, key form fails 0; 14600 evals [5 s]
#   unit {"file": "k4_certs_4_pure.json.gz", "pos": 80} k4_certs_4_pure.json.gz#80[m=8,idx=19]: start [0, 0, 0, 0, 0, 0, -1000000, -1000000, 0] best [0, 0, 0, 0, 1, 3, -2, -5, 2] chain profiles 0 (states 0), maxw 0, DL_RC fails 0, key form fails 0; 14600 evals [5 s]
#   unit {"file": "k4_certs_4_pure.json.gz", "pos": 81} k4_certs_4_pure.json.gz#81[m=8,idx=20]: start [0, 0, 0, 0, 0, 0, -1000000, -1000000, 0] best [0, 0, 0, 0, 0, 1, -1, -20, 1] chain profiles 0 (states 0), maxw 0, DL_RC fails 0, key form fails 0; 14600 evals [5 s]
#   unit {"file": "k4_certs_4_pure.json.gz", "pos": 82} k4_certs_4_pure.json.gz#82[m=8,idx=21]: start [0, 0, 0, 0, 0, 0, -1000000, -1000000, 0] best [0, 0, 0, 0, 0, 1, -2, -14, 2] chain profiles 0 (states 0), maxw 0, DL_RC fails 0, key form fails 0; 14600 evals [5 s]
#   unit {"file": "k4_certs_4_pure.json.gz", "pos": 83} k4_certs_4_pure.json.gz#83[m=8,idx=22]: start [0, 0, 0, 0, 0, 1, -3, -17, 1] best [0, 0, 0, 0, 0, 1, -2, -10, 1] chain profiles 0 (states 0), maxw 0, DL_RC fails 0, key form fails 0; 14600 evals [5 s]
#   unit {"file": "k4_certs_4_pure.json.gz", "pos": 84} k4_certs_4_pure.json.gz#84[m=8,idx=23]: start [0, 0, 0, 0, 0, 0, -1000000, -1000000, 0] best [0, 0, 0, 0, 0, 1, -1, -27, 2] chain profiles 0 (states 0), maxw 0, DL_RC fails 0, key form fails 0; 14600 evals [5 s]
#   unit {"file": "k4_certs_4_pure.json.gz", "pos": 85} k4_certs_4_pure.json.gz#85[m=8,idx=24]: start [0, 0, 0, 0, 0, 0, -1000000, -1000000, 0] best [0, 0, 0, 0, 0, 2, -1, -9, 10] chain profiles 0 (states 0), maxw 0, DL_RC fails 0, key form fails 0; 14600 evals [5 s]
#   unit {"file": "k4_certs_4_pure.json.gz", "pos": 86} k4_certs_4_pure.json.gz#86[m=8,idx=25]: start [0, 0, 0, 0, 0, 1, -2, -16, 1] best [0, 0, 0, 0, 0, 2, -1, -11, 10] chain profiles 0 (states 0), maxw 0, DL_RC fails 0, key form fails 0; 14600 evals [5 s]
#   unit {"file": "k4_certs_4_pure.json.gz", "pos": 87} k4_certs_4_pure.json.gz#87[m=8,idx=26]: start [0, 0, 0, 0, 0, 0, -1000000, -1000000, 0] best [0, 0, 0, 0, 0, 2, -2, -9, 4] chain profiles 0 (states 0), maxw 0, DL_RC fails 0, key form fails 0; 14600 evals [5 s]
#   unit {"file": "k4_certs_4_pure.json.gz", "pos": 88} k4_certs_4_pure.json.gz#88[m=8,idx=27]: start [0, 0, 0, 0, 0, 0, -1000000, -1000000, 0] best [0, 0, 0, 0, 0, 2, -2, -9, 5] chain profiles 0 (states 0), maxw 0, DL_RC fails 0, key form fails 0; 14600 evals [5 s]
#   unit {"file": "k4_certs_4_pure.json.gz", "pos": 89} k4_certs_4_pure.json.gz#89[m=8,idx=28]: start [0, 0, 0, 0, 0, 0, -1000000, -1000000, 0] best [0, 0, 0, 0, 0, 2, -1, -9, 7] chain profiles 0 (states 0), maxw 0, DL_RC fails 0, key form fails 0; 14600 evals [5 s]
#   unit {"file": "k4_certs_4_pure.json.gz", "pos": 90} k4_certs_4_pure.json.gz#90[m=8,idx=29]: start [0, 0, 0, 0, 0, 1, -2, -33, 1] best [0, 0, 0, 0, 0, 2, -2, -9, 7] chain profiles 0 (states 0), maxw 0, DL_RC fails 0, key form fails 0; 14600 evals [5 s]
#   unit {"file": "k4_certs_4_pure.json.gz", "pos": 91} k4_certs_4_pure.json.gz#91[m=8,idx=30]: start [0, 0, 0, 0, 0, 0, -1000000, -1000000, 0] best [0, 0, 0, 0, 0, 2, -1, -7, 3] chain profiles 0 (states 0), maxw 0, DL_RC fails 0, key form fails 0; 14600 evals [5 s]
#   unit {"file": "k4_certs_4_pure.json.gz", "pos": 92} k4_certs_4_pure.json.gz#92[m=8,idx=31]: start [0, 0, 0, 0, 0, 1, -2, -39, 1] best [0, 0, 0, 0, 0, 1, -2, -12, 1] chain profiles 0 (states 0), maxw 0, DL_RC fails 0, key form fails 0; 14600 evals [5 s]
#   unit {"file": "k4_certs_4_pure.json.gz", "pos": 93} k4_certs_4_pure.json.gz#93[m=8,idx=32]: start [0, 0, 0, 0, 0, 0, -1000000, -1000000, 0] best [0, 0, 0, 0, 0, 2, -1, -15, 9] chain profiles 0 (states 0), maxw 0, DL_RC fails 0, key form fails 0; 14600 evals [5 s]
#   unit {"file": "k4_certs_4_pure.json.gz", "pos": 94} k4_certs_4_pure.json.gz#94[m=8,idx=33]: start [0, 0, 0, 0, 0, 0, -1000000, -1000000, 0] best [0, 0, 0, 0, 0, 2, -1, -14, 5] chain profiles 0 (states 0), maxw 0, DL_RC fails 0, key form fails 0; 14600 evals [5 s]
#   unit {"file": "k4_certs_4_pure.json.gz", "pos": 95} k4_certs_4_pure.json.gz#95[m=8,idx=34]: start [0, 0, 0, 0, 0, 0, -1000000, -1000000, 0] best [0, 0, 0, 0, 0, 2, -2, -11, 8] chain profiles 0 (states 0), maxw 0, DL_RC fails 0, key form fails 0; 14600 evals [5 s]
#   unit {"file": "k4_certs_4_pure.json.gz", "pos": 96} k4_certs_4_pure.json.gz#96[m=8,idx=35]: start [0, 0, 0, 0, 0, 1, -3, -28, 1] best [0, 0, 0, 0, 0, 2, -1, -11, 9] chain profiles 0 (states 0), maxw 0, DL_RC fails 0, key form fails 0; 14600 evals [5 s]
#   unit {"file": "k4_certs_4_pure.json.gz", "pos": 98} k4_certs_4_pure.json.gz#98[m=8,idx=37]: start [0, 0, 0, 0, 0, 0, -1000000, -1000000, 0] best [0, 0, 0, 0, 0, 2, -1, -5, 6] chain profiles 0 (states 0), maxw 0, DL_RC fails 0, key form fails 0; 14600 evals [5 s]
#   unit {"file": "k4_certs_4_pure.json.gz", "pos": 97} k4_certs_4_pure.json.gz#97[m=8,idx=36]: start [0, 0, 0, 0, 0, 1, -3, -48, 1] best [0, 0, 0, 0, 0, 1, -1, -3, 3] chain profiles 0 (states 0), maxw 0, DL_RC fails 0, key form fails 0; 14600 evals [5 s]
#   unit {"file": "k4_certs_4_pure.json.gz", "pos": 100} k4_certs_4_pure.json.gz#100[m=8,idx=39]: start [0, 0, 0, 0, 0, 0, -1000000, -1000000, 0] best [0, 0, 0, 0, 0, 2, -2, -14, 4] chain profiles 0 (states 0), maxw 0, DL_RC fails 0, key form fails 0; 14600 evals [5 s]
#   unit {"file": "k4_certs_4_pure.json.gz", "pos": 99} k4_certs_4_pure.json.gz#99[m=8,idx=38]: start [0, 0, 0, 0, 0, 1, -2, -29, 1] best [0, 0, 0, 0, 0, 2, -1, -4, 18] chain profiles 0 (states 0), maxw 0, DL_RC fails 0, key form fails 0; 14600 evals [6 s]
#   unit {"file": "k4_certs_4_pure.json.gz", "pos": 101} k4_certs_4_pure.json.gz#101[m=8,idx=40]: start [0, 0, 0, 0, 0, 1, -3, -30, 1] best [0, 0, 0, 0, 0, 2, -2, -13, 9] chain profiles 0 (states 0), maxw 0, DL_RC fails 0, key form fails 0; 14600 evals [5 s]
#   unit {"file": "k4_certs_4_pure.json.gz", "pos": 102} k4_certs_4_pure.json.gz#102[m=8,idx=41]: start [0, 0, 0, 0, 0, 1, -3, -20, 1] best [0, 0, 0, 0, 0, 2, -1, -5, 4] chain profiles 0 (states 0), maxw 0, DL_RC fails 0, key form fails 0; 14600 evals [6 s]
#   unit {"file": "k4_certs_4_pure.json.gz", "pos": 104} k4_certs_4_pure.json.gz#104[m=8,idx=43]: start [0, 0, 0, 0, 0, 1, -2, -34, 1] best [0, 0, 0, 0, 0, 2, -2, -6, 4] chain profiles 0 (states 0), maxw 0, DL_RC fails 0, key form fails 0; 14600 evals [6 s]
#   unit {"file": "k4_certs_4_pure.json.gz", "pos": 103} k4_certs_4_pure.json.gz#103[m=8,idx=42]: start [0, 0, 0, 0, 0, 1, -3, -19, 2] best [0, 0, 0, 0, 0, 1, -2, -20, 2] chain profiles 0 (states 0), maxw 0, DL_RC fails 0, key form fails 0; 14600 evals [6 s]
#   unit {"file": "k4_certs_4_pure.json.gz", "pos": 105} k4_certs_4_pure.json.gz#105[m=8,idx=44]: start [0, 0, 0, 0, 0, 0, -1000000, -1000000, 0] best [0, 0, 0, 0, 0, 1, -2, -7, 1] chain profiles 0 (states 0), maxw 0, DL_RC fails 0, key form fails 0; 14600 evals [6 s]
#   unit {"file": "k4_certs_4_pure.json.gz", "pos": 107} k4_certs_4_pure.json.gz#107[m=8,idx=46]: start [0, 0, 0, 0, 0, 0, -1000000, -1000000, 0] best [0, 0, 0, 0, 1, 3, -2, -11, 12] chain profiles 0 (states 0), maxw 0, DL_RC fails 0, key form fails 0; 14600 evals [6 s]
#   unit {"file": "k4_certs_4_pure.json.gz", "pos": 106} k4_certs_4_pure.json.gz#106[m=8,idx=45]: start [0, 0, 0, 0, 0, 1, -2, -22, 2] best [0, 0, 0, 0, 0, 2, -2, -7, 4] chain profiles 0 (states 0), maxw 0, DL_RC fails 0, key form fails 0; 14600 evals [6 s]
#   unit {"file": "k4_certs_4_pure.json.gz", "pos": 108} k4_certs_4_pure.json.gz#108[m=8,idx=47]: start [0, 0, 0, 0, 0, 0, -1000000, -1000000, 0] best [0, 0, 0, 0, 0, 1, -2, -21, 2] chain profiles 0 (states 0), maxw 0, DL_RC fails 0, key form fails 0; 14600 evals [5 s]
#   unit {"file": "k4_certs_4_pure.json.gz", "pos": 109} k4_certs_4_pure.json.gz#109[m=8,idx=48]: start [0, 0, 0, 0, 0, 1, -2, -20, 1] best [0, 0, 0, 0, 0, 2, -1, -7, 12] chain profiles 0 (states 0), maxw 0, DL_RC fails 0, key form fails 0; 14600 evals [6 s]
#   unit {"file": "k4_certs_4_pure.json.gz", "pos": 110} k4_certs_4_pure.json.gz#110[m=8,idx=49]: start [0, 0, 0, 0, 0, 0, -1000000, -1000000, 0] best [0, 0, 0, 0, 0, 2, -2, -14, 3] chain profiles 0 (states 0), maxw 0, DL_RC fails 0, key form fails 0; 14600 evals [5 s]
#   unit {"file": "k4_certs_4_pure.json.gz", "pos": 111} k4_certs_4_pure.json.gz#111[m=8,idx=50]: start [0, 0, 0, 0, 0, 1, -2, -22, 1] best [0, 0, 0, 0, 0, 2, -1, -16, 6] chain profiles 0 (states 0), maxw 0, DL_RC fails 0, key form fails 0; 14600 evals [5 s]
#   unit {"file": "k4_certs_4_pure.json.gz", "pos": 112} k4_certs_4_pure.json.gz#112[m=8,idx=51]: start [0, 0, 0, 0, 0, 2, -2, -24, 1] best [0, 0, 0, 0, 0, 2, -1, -9, 19] chain profiles 0 (states 0), maxw 0, DL_RC fails 0, key form fails 0; 14600 evals [6 s]
#   unit {"file": "k4_certs_4_pure.json.gz", "pos": 113} k4_certs_4_pure.json.gz#113[m=8,idx=52]: start [0, 0, 0, 0, 0, 1, -2, -15, 7] best [0, 0, 0, 0, 0, 2, -2, -14, 11] chain profiles 0 (states 0), maxw 0, DL_RC fails 0, key form fails 0; 14600 evals [6 s]
#   unit {"file": "k4_certs_4_pure.json.gz", "pos": 114} k4_certs_4_pure.json.gz#114[m=8,idx=53]: start [0, 0, 0, 0, 0, 0, -1000000, -1000000, 0] best [0, 0, 0, 0, 0, 2, -2, -5, 8] chain profiles 0 (states 0), maxw 0, DL_RC fails 0, key form fails 0; 14600 evals [7 s]
#   unit {"file": "k4_certs_4_pure.json.gz", "pos": 115} k4_certs_4_pure.json.gz#115[m=8,idx=54]: start [0, 0, 0, 0, 0, 0, -1000000, -1000000, 0] best [0, 0, 0, 0, 0, 2, -2, -10, 4] chain profiles 0 (states 0), maxw 0, DL_RC fails 0, key form fails 0; 14600 evals [6 s]
#   unit {"file": "k4_certs_4_pure.json.gz", "pos": 116} k4_certs_4_pure.json.gz#116[m=8,idx=55]: start [0, 0, 0, 0, 0, 0, -1000000, -1000000, 0] best [0, 0, 0, 0, 0, 1, -1, -12, 5] chain profiles 0 (states 0), maxw 0, DL_RC fails 0, key form fails 0; 14600 evals [6 s]
#   unit {"file": "k4_certs_4_pure.json.gz", "pos": 117} k4_certs_4_pure.json.gz#117[m=8,idx=56]: start [0, 0, 0, 0, 0, 1, -3, -17, 1] best [0, 0, 0, 0, 0, 2, -2, -7, 4] chain profiles 0 (states 0), maxw 0, DL_RC fails 0, key form fails 0; 14600 evals [5 s]
#   unit {"file": "k4_certs_4_pure.json.gz", "pos": 118} k4_certs_4_pure.json.gz#118[m=8,idx=57]: start [0, 0, 0, 0, 0, 0, -1000000, -1000000, 0] best [0, 0, 0, 0, 0, 2, -2, -19, 9] chain profiles 0 (states 0), maxw 0, DL_RC fails 0, key form fails 0; 14600 evals [6 s]
#   unit {"file": "k4_certs_4_pure.json.gz", "pos": 119} k4_certs_4_pure.json.gz#119[m=8,idx=58]: start [0, 0, 0, 0, 0, 1, -2, -34, 1] best [0, 0, 0, 0, 0, 2, -2, -9, 3] chain profiles 0 (states 0), maxw 0, DL_RC fails 0, key form fails 0; 14600 evals [6 s]
#   unit {"file": "k4_certs_4_pure.json.gz", "pos": 120} k4_certs_4_pure.json.gz#120[m=8,idx=59]: start [0, 0, 0, 0, 0, 0, -1000000, -1000000, 0] best [0, 0, 0, 0, 0, 2, -1, -12, 3] chain profiles 0 (states 0), maxw 0, DL_RC fails 0, key form fails 0; 14600 evals [6 s]
#   unit {"file": "k4_certs_4_pure.json.gz", "pos": 122} k4_certs_4_pure.json.gz#122[m=8,idx=61]: start [0, 0, 0, 0, 0, 0, -1000000, -1000000, 0] best [0, 0, 0, 0, 7, 3, -1, -6, 11] chain profiles 0 (states 0), maxw 0, DL_RC fails 0, key form fails 0; 14600 evals [6 s]
#   unit {"file": "k4_certs_4_pure.json.gz", "pos": 121} k4_certs_4_pure.json.gz#121[m=8,idx=60]: start [0, 0, 0, 0, 0, 2, -2, -14, 10] best [0, 0, 0, 0, 0, 2, -2, -12, 11] chain profiles 0 (states 0), maxw 0, DL_RC fails 0, key form fails 0; 14600 evals [7 s]
#   unit {"file": "k4_certs_4_pure.json.gz", "pos": 125} k4_certs_4_pure.json.gz#125[m=9,idx=2]: start [0, 0, 0, 0, 0, 1, -2, -10, 3] best [0, 0, 0, 0, 0, 1, -2, -5, 1] chain profiles 0 (states 0), maxw 0, DL_RC fails 0, key form fails 0; 14600 evals [5 s]
#   unit {"file": "k4_certs_4_pure.json.gz", "pos": 123} k4_certs_4_pure.json.gz#123[m=9,idx=0]: start [0, 0, 0, 0, 0, 2, -2, -14, 5] best [0, 0, 0, 0, 0, 2, -2, -9, 9] chain profiles 0 (states 0), maxw 0, DL_RC fails 0, key form fails 0; 14600 evals [7 s]
#   unit {"file": "k4_certs_4_pure.json.gz", "pos": 124} k4_certs_4_pure.json.gz#124[m=9,idx=1]: start [0, 0, 0, 0, 0, 1, -2, -55, 1] best [0, 0, 0, 0, 0, 2, -2, -3, 14] chain profiles 0 (states 0), maxw 0, DL_RC fails 0, key form fails 0; 14600 evals [6 s]
#   unit {"file": "k4_certs_4_pure.json.gz", "pos": 126} k4_certs_4_pure.json.gz#126[m=9,idx=3]: start [0, 0, 0, 0, 0, 1, -2, -17, 3] best [0, 0, 0, 0, 3, 3, -2, -6, 3] chain profiles 0 (states 0), maxw 0, DL_RC fails 0, key form fails 0; 14600 evals [6 s]
#   unit {"file": "k4_certs_4_pure.json.gz", "pos": 127} k4_certs_4_pure.json.gz#127[m=9,idx=4]: start [0, 0, 0, 0, 0, 1, -2, -16, 1] best [0, 0, 0, 0, 0, 1, -2, -12, 5] chain profiles 0 (states 0), maxw 0, DL_RC fails 0, key form fails 0; 14600 evals [6 s]
#   unit {"file": "k4_certs_4_pure.json.gz", "pos": 128} k4_certs_4_pure.json.gz#128[m=9,idx=5]: start [0, 0, 0, 0, 0, 2, -2, -22, 1] best [0, 0, 0, 0, 0, 2, -1, -7, 16] chain profiles 0 (states 0), maxw 0, DL_RC fails 0, key form fails 0; 14600 evals [6 s]
#   unit {"file": "k4_certs_4_pure.json.gz", "pos": 129} k4_certs_4_pure.json.gz#129[m=9,idx=6]: start [0, 0, 0, 0, 0, 1, -2, -21, 2] best [0, 0, 0, 0, 0, 2, -2, -11, 5] chain profiles 0 (states 0), maxw 0, DL_RC fails 0, key form fails 0; 14600 evals [6 s]
#   unit {"file": "k4_certs_4_pure.json.gz", "pos": 130} k4_certs_4_pure.json.gz#130[m=9,idx=7]: start [0, 0, 0, 0, 0, 1, -2, -24, 2] best [0, 0, 0, 0, 0, 2, -1, -16, 24] chain profiles 0 (states 0), maxw 0, DL_RC fails 0, key form fails 0; 14600 evals [7 s]
#   unit {"file": "k4_certs_4_pure.json.gz", "pos": 131} k4_certs_4_pure.json.gz#131[m=9,idx=8]: start [0, 0, 0, 0, 0, 1, -1, -27, 3] best [0, 0, 0, 0, 0, 2, -1, -18, 12] chain profiles 0 (states 0), maxw 0, DL_RC fails 0, key form fails 0; 14600 evals [6 s]
#   unit {"file": "k4_certs_4_pure.json.gz", "pos": 132} k4_certs_4_pure.json.gz#132[m=9,idx=9]: start [0, 0, 0, 0, 0, 1, -2, -18, 6] best [0, 0, 0, 0, 0, 1, -2, -10, 2] chain profiles 0 (states 0), maxw 0, DL_RC fails 0, key form fails 0; 14600 evals [6 s]
#   unit {"file": "k4_certs_4_pure.json.gz", "pos": 133} k4_certs_4_pure.json.gz#133[m=9,idx=10]: start [0, 0, 0, 0, 0, 1, -2, -12, 3] best [0, 0, 0, 0, 0, 2, -2, -8, 10] chain profiles 0 (states 0), maxw 0, DL_RC fails 0, key form fails 0; 14600 evals [5 s]
#   unit {"file": "k4_certs_4_pure.json.gz", "pos": 134} k4_certs_4_pure.json.gz#134[m=9,idx=11]: start [0, 0, 0, 0, 0, 1, -2, -15, 4] best [0, 0, 0, 0, 0, 2, -1, -13, 12] chain profiles 0 (states 0), maxw 0, DL_RC fails 0, key form fails 0; 14600 evals [5 s]
#   unit {"file": "k4_certs_4_pure.json.gz", "pos": 135} k4_certs_4_pure.json.gz#135[m=9,idx=12]: start [0, 0, 0, 0, 0, 1, -2, -17, 1] best [0, 0, 0, 0, 0, 2, -2, -8, 12] chain profiles 0 (states 0), maxw 0, DL_RC fails 0, key form fails 0; 14600 evals [5 s]
#   unit {"file": "k4_certs_4_pure.json.gz", "pos": 136} k4_certs_4_pure.json.gz#136[m=9,idx=13]: start [0, 0, 0, 0, 0, 1, -2, -14, 1] best [0, 0, 0, 0, 0, 2, -2, -9, 5] chain profiles 0 (states 0), maxw 0, DL_RC fails 0, key form fails 0; 14600 evals [5 s]
#   unit {"file": "k4_certs_4_pure.json.gz", "pos": 137} k4_certs_4_pure.json.gz#137[m=9,idx=14]: start [0, 0, 0, 0, 0, 1, -2, -18, 4] best [0, 0, 0, 0, 0, 2, -2, -7, 9] chain profiles 0 (states 0), maxw 0, DL_RC fails 0, key form fails 0; 14600 evals [5 s]
#   unit {"file": "k4_certs_4_pure.json.gz", "pos": 138} k4_certs_4_pure.json.gz#138[m=9,idx=15]: start [0, 0, 0, 0, 0, 1, -2, -39, 2] best [0, 0, 0, 0, 0, 2, -1, -15, 9] chain profiles 0 (states 0), maxw 0, DL_RC fails 0, key form fails 0; 14600 evals [6 s]
#   unit {"file": "k4_certs_4_pure.json.gz", "pos": 140} k4_certs_4_pure.json.gz#140[m=9,idx=17]: start [0, 0, 0, 0, 0, 1, -2, -20, 5] best [0, 0, 0, 0, 0, 2, -2, -7, 10] chain profiles 0 (states 0), maxw 0, DL_RC fails 0, key form fails 0; 14600 evals [6 s]
#   unit {"file": "k4_certs_4_pure.json.gz", "pos": 139} k4_certs_4_pure.json.gz#139[m=9,idx=16]: start [0, 0, 0, 0, 0, 1, -2, -52, 1] best [0, 0, 0, 0, 0, 2, -2, -10, 7] chain profiles 0 (states 0), maxw 0, DL_RC fails 0, key form fails 0; 14600 evals [7 s]
#   unit {"file": "k4_certs_4_pure.json.gz", "pos": 141} k4_certs_4_pure.json.gz#141[m=9,idx=18]: start [0, 0, 0, 0, 0, 1, -2, -17, 1] best [0, 0, 0, 0, 0, 2, -1, -7, 13] chain profiles 0 (states 0), maxw 0, DL_RC fails 0, key form fails 0; 14600 evals [6 s]
#   unit {"file": "k4_certs_4_pure.json.gz", "pos": 142} k4_certs_4_pure.json.gz#142[m=9,idx=19]: start [0, 0, 0, 0, 0, 1, -2, -20, 1] best [0, 0, 0, 0, 0, 2, -2, -8, 10] chain profiles 0 (states 0), maxw 0, DL_RC fails 0, key form fails 0; 14600 evals [7 s]
#   unit {"file": "k4_certs_4_pure.json.gz", "pos": 143} k4_certs_4_pure.json.gz#143[m=9,idx=20]: start [0, 0, 0, 0, 0, 1, -2, -27, 1] best [0, 0, 0, 0, 0, 2, -2, -11, 20] chain profiles 0 (states 0), maxw 0, DL_RC fails 0, key form fails 0; 14600 evals [7 s]
#   unit {"file": "k4_certs_4_pure.json.gz", "pos": 144} k4_certs_4_pure.json.gz#144[m=9,idx=21]: start [0, 0, 0, 0, 0, 1, -2, -35, 1] best [0, 0, 0, 0, 0, 2, -1, -16, 12] chain profiles 0 (states 0), maxw 0, DL_RC fails 0, key form fails 0; 14600 evals [6 s]
#   unit {"file": "k4_certs_4_pure.json.gz", "pos": 146} k4_certs_4_pure.json.gz#146[m=9,idx=23]: start [0, 0, 0, 0, 0, 1, -2, -15, 1] best [0, 0, 0, 0, 0, 1, -1, -15, 4] chain profiles 0 (states 0), maxw 0, DL_RC fails 0, key form fails 0; 14600 evals [5 s]
#   unit {"file": "k4_certs_4_pure.json.gz", "pos": 145} k4_certs_4_pure.json.gz#145[m=9,idx=22]: start [0, 0, 0, 0, 0, 1, -2, -17, 4] best [0, 0, 0, 0, 0, 2, -1, -4, 17] chain profiles 0 (states 0), maxw 0, DL_RC fails 0, key form fails 0; 14600 evals [6 s]
#   unit {"file": "k4_certs_4_pure.json.gz", "pos": 147} k4_certs_4_pure.json.gz#147[m=9,idx=24]: start [0, 0, 0, 0, 0, 1, -3, -45, 1] best [0, 0, 0, 0, 0, 2, -2, -16, 9] chain profiles 0 (states 0), maxw 0, DL_RC fails 0, key form fails 0; 14600 evals [6 s]
#   unit {"file": "k4_certs_4_pure.json.gz", "pos": 149} k4_certs_4_pure.json.gz#149[m=9,idx=26]: start [0, 0, 0, 0, 0, 1, -2, -44, 1] best [0, 0, 0, 0, 0, 2, -2, -12, 11] chain profiles 0 (states 0), maxw 0, DL_RC fails 0, key form fails 0; 14600 evals [6 s]
#   unit {"file": "k4_certs_4_pure.json.gz", "pos": 148} k4_certs_4_pure.json.gz#148[m=9,idx=25]: start [0, 0, 0, 0, 0, 0, -1000000, -1000000, 0] best [0, 0, 0, 0, 0, 2, -2, -16, 9] chain profiles 0 (states 0), maxw 0, DL_RC fails 0, key form fails 0; 14600 evals [6 s]
#   unit {"file": "k4_certs_4_pure.json.gz", "pos": 150} k4_certs_4_pure.json.gz#150[m=9,idx=27]: start [0, 0, 0, 0, 0, 1, -2, -42, 1] best [0, 0, 0, 0, 0, 2, -1, -13, 5] chain profiles 0 (states 0), maxw 0, DL_RC fails 0, key form fails 0; 14600 evals [6 s]
#   unit {"file": "k4_certs_4_pure.json.gz", "pos": 152} k4_certs_4_pure.json.gz#152[m=9,idx=29]: start [0, 0, 0, 0, 0, 2, -2, -11, 4] best [0, 0, 0, 0, 0, 2, -2, -5, 7] chain profiles 0 (states 0), maxw 0, DL_RC fails 0, key form fails 0; 14600 evals [6 s]
#   unit {"file": "k4_certs_4_pure.json.gz", "pos": 151} k4_certs_4_pure.json.gz#151[m=9,idx=28]: start [0, 0, 0, 0, 0, 2, -2, -16, 11] best [0, 0, 0, 0, 0, 2, -2, -7, 14] chain profiles 0 (states 0), maxw 0, DL_RC fails 0, key form fails 0; 14600 evals [6 s]
#   unit {"file": "k4_certs_4_pure.json.gz", "pos": 153} k4_certs_4_pure.json.gz#153[m=9,idx=30]: start [0, 0, 0, 0, 0, 2, -2, -22, 2] best [0, 0, 3, 0, 3, 3, -2, -6, 19] chain profiles 662 (states 1852), maxw 1, DL_RC fails 0, key form fails 0; 14600 evals [7 s]
#   unit {"file": "k4_certs_4_pure.json.gz", "pos": 155} k4_certs_4_pure.json.gz#155[m=9,idx=32]: start [0, 0, 0, 0, 0, 1, -2, -19, 1] best [0, 0, 0, 0, 0, 2, -2, -3, 9] chain profiles 0 (states 0), maxw 0, DL_RC fails 0, key form fails 0; 14600 evals [7 s]
#   unit {"file": "k4_certs_4_pure.json.gz", "pos": 154} k4_certs_4_pure.json.gz#154[m=9,idx=31]: start [0, 0, 0, 0, 0, 0, -1000000, -1000000, 0] best [0, 0, 0, 0, 0, 2, -2, -9, 9] chain profiles 0 (states 0), maxw 0, DL_RC fails 0, key form fails 0; 14600 evals [7 s]
#   unit {"file": "k4_certs_4_pure.json.gz", "pos": 156} k4_certs_4_pure.json.gz#156[m=9,idx=33]: start [0, 0, 0, 0, 0, 1, -2, -9, 3] best [0, 0, 0, 0, 2, 3, -2, -3, 12] chain profiles 0 (states 0), maxw 0, DL_RC fails 0, key form fails 0; 14600 evals [7 s]
#   unit {"file": "k4_certs_4_pure.json.gz", "pos": 157} k4_certs_4_pure.json.gz#157[m=9,idx=34]: start [0, 0, 0, 0, 0, 1, -3, -26, 6] best [0, 0, 0, 0, 0, 2, -2, -13, 11] chain profiles 0 (states 0), maxw 0, DL_RC fails 0, key form fails 0; 14600 evals [7 s]
#   unit {"file": "k4_certs_4_pure.json.gz", "pos": 158} k4_certs_4_pure.json.gz#158[m=9,idx=35]: start [0, 0, 0, 0, 0, 1, -2, -31, 1] best [0, 0, 0, 0, 0, 2, -2, -9, 5] chain profiles 0 (states 0), maxw 0, DL_RC fails 0, key form fails 0; 14600 evals [6 s]
#   unit {"file": "k4_certs_4_pure.json.gz", "pos": 159} k4_certs_4_pure.json.gz#159[m=9,idx=36]: start [0, 0, 0, 0, 0, 1, -2, -36, 1] best [0, 0, 0, 0, 2, 3, -1, -4, 17] chain profiles 0 (states 0), maxw 0, DL_RC fails 0, key form fails 0; 14600 evals [7 s]
#   unit {"file": "k4_certs_4_pure.json.gz", "pos": 161} k4_certs_4_pure.json.gz#161[m=9,idx=38]: start [0, 0, 0, 0, 0, 1, -2, -21, 2] best [0, 0, 0, 0, 0, 2, -2, -5, 9] chain profiles 0 (states 0), maxw 0, DL_RC fails 0, key form fails 0; 14600 evals [6 s]
#   unit {"file": "k4_certs_4_pure.json.gz", "pos": 160} k4_certs_4_pure.json.gz#160[m=9,idx=37]: start [0, 0, 0, 0, 0, 1, -2, -15, 1] best [0, 0, 0, 0, 0, 2, -2, -10, 10] chain profiles 0 (states 0), maxw 0, DL_RC fails 0, key form fails 0; 14600 evals [7 s]
#   unit {"file": "k4_certs_4_pure.json.gz", "pos": 162} k4_certs_4_pure.json.gz#162[m=9,idx=39]: start [0, 0, 0, 0, 0, 1, -3, -36, 2] best [0, 0, 0, 0, 0, 2, -2, -8, 11] chain profiles 0 (states 0), maxw 0, DL_RC fails 0, key form fails 0; 14600 evals [7 s]
#   unit {"file": "k4_certs_4_pure.json.gz", "pos": 164} k4_certs_4_pure.json.gz#164[m=9,idx=41]: start [0, 0, 0, 0, 0, 1, -2, -13, 1] best [0, 0, 0, 0, 0, 2, -1, -9, 25] chain profiles 0 (states 0), maxw 0, DL_RC fails 0, key form fails 0; 14600 evals [6 s]
#   unit {"file": "k4_certs_4_pure.json.gz", "pos": 163} k4_certs_4_pure.json.gz#163[m=9,idx=40]: start [0, 0, 0, 0, 0, 2, -2, -27, 12] best [0, 0, 0, 0, 0, 2, -1, -16, 18] chain profiles 0 (states 0), maxw 0, DL_RC fails 0, key form fails 0; 14600 evals [7 s]
#   unit {"file": "k4_certs_4_pure.json.gz", "pos": 165} k4_certs_4_pure.json.gz#165[m=9,idx=42]: start [0, 0, 0, 0, 0, 1, -3, -23, 2] best [0, 0, 0, 0, 0, 2, -2, -12, 11] chain profiles 0 (states 0), maxw 0, DL_RC fails 0, key form fails 0; 14600 evals [7 s]
#   unit {"file": "k4_certs_4_pure.json.gz", "pos": 166} k4_certs_4_pure.json.gz#166[m=9,idx=43]: start [0, 0, 0, 0, 0, 1, -2, -28, 1] best [0, 0, 0, 0, 0, 2, -2, -10, 8] chain profiles 0 (states 0), maxw 0, DL_RC fails 0, key form fails 0; 14600 evals [7 s]
#   unit {"file": "k4_certs_4_pure.json.gz", "pos": 167} k4_certs_4_pure.json.gz#167[m=9,idx=44]: start [0, 0, 0, 0, 0, 1, -2, -42, 1] best [0, 0, 0, 0, 0, 2, -2, -25, 7] chain profiles 0 (states 0), maxw 0, DL_RC fails 0, key form fails 0; 14600 evals [8 s]
#   unit {"file": "k4_certs_4_pure.json.gz", "pos": 168} k4_certs_4_pure.json.gz#168[m=9,idx=45]: start [0, 0, 0, 0, 0, 1, -3, -69, 1] best [0, 0, 0, 0, 0, 2, -2, -7, 4] chain profiles 0 (states 0), maxw 0, DL_RC fails 0, key form fails 0; 14600 evals [8 s]
#   unit {"file": "k4_certs_4_pure.json.gz", "pos": 169} k4_certs_4_pure.json.gz#169[m=9,idx=46]: start [0, 0, 0, 0, 0, 1, -2, -32, 1] best [0, 0, 0, 0, 0, 2, -1, -10, 13] chain profiles 0 (states 0), maxw 0, DL_RC fails 0, key form fails 0; 14600 evals [7 s]
#   unit {"file": "k4_certs_4_pure.json.gz", "pos": 170} k4_certs_4_pure.json.gz#170[m=9,idx=47]: start [0, 0, 0, 0, 0, 1, -2, -16, 1] best [0, 0, 0, 0, 0, 2, -1, -9, 29] chain profiles 0 (states 0), maxw 0, DL_RC fails 0, key form fails 0; 14600 evals [9 s]
#   unit {"file": "k4_certs_4_pure.json.gz", "pos": 171} k4_certs_4_pure.json.gz#171[m=9,idx=48]: start [0, 0, 0, 0, 0, 1, -2, -15, 3] best [0, 0, 0, 0, 0, 2, -2, -10, 10] chain profiles 0 (states 0), maxw 0, DL_RC fails 0, key form fails 0; 14600 evals [7 s]
#   unit {"file": "k4_certs_4_pure.json.gz", "pos": 172} k4_certs_4_pure.json.gz#172[m=9,idx=49]: start [0, 0, 0, 0, 0, 1, -1, -15, 1] best [0, 0, 0, 0, 0, 2, -1, -8, 4] chain profiles 0 (states 0), maxw 0, DL_RC fails 0, key form fails 0; 14600 evals [8 s]
#   unit {"file": "k4_certs_4_pure.json.gz", "pos": 173} k4_certs_4_pure.json.gz#173[m=9,idx=50]: start [0, 0, 0, 0, 0, 1, -2, -46, 2] best [0, 0, 0, 0, 0, 2, -2, -12, 9] chain profiles 0 (states 0), maxw 0, DL_RC fails 0, key form fails 0; 14600 evals [9 s]
#   unit {"file": "k4_certs_4_pure.json.gz", "pos": 174} k4_certs_4_pure.json.gz#174[m=9,idx=51]: start [0, 0, 0, 0, 0, 1, -2, -71, 2] best [0, 0, 0, 0, 0, 1, -2, -13, 7] chain profiles 0 (states 0), maxw 0, DL_RC fails 0, key form fails 0; 14600 evals [8 s]
#   unit {"file": "k4_certs_4_pure.json.gz", "pos": 175} k4_certs_4_pure.json.gz#175[m=9,idx=52]: start [0, 0, 0, 0, 0, 1, -2, -17, 2] best [0, 0, 0, 0, 7, 3, -1, -6, 9] chain profiles 0 (states 0), maxw 0, DL_RC fails 0, key form fails 0; 14600 evals [8 s]
#   unit {"file": "k4_certs_4_pure.json.gz", "pos": 176} k4_certs_4_pure.json.gz#176[m=9,idx=53]: start [0, 0, 0, 0, 0, 1, -3, -41, 1] best [0, 0, 0, 0, 0, 2, -1, -12, 5] chain profiles 0 (states 0), maxw 0, DL_RC fails 0, key form fails 0; 14600 evals [8 s]
#   unit {"file": "k4_certs_4_pure.json.gz", "pos": 178} k4_certs_4_pure.json.gz#178[m=10,idx=1]: start [0, 0, 0, 0, 0, 1, -2, -6, 6] best [0, 0, 0, 0, 7, 3, -1, -6, 9] chain profiles 0 (states 0), maxw 0, DL_RC fails 0, key form fails 0; 14600 evals [8 s]
#   unit {"file": "k4_certs_4_pure.json.gz", "pos": 177} k4_certs_4_pure.json.gz#177[m=10,idx=0]: start [0, 0, 0, 0, 0, 2, -2, -4, 8] best [0, 0, 0, 0, 0, 2, -2, -3, 16] chain profiles 0 (states 0), maxw 0, DL_RC fails 0, key form fails 0; 14600 evals [9 s]
#   unit {"file": "k4_certs_4_pure.json.gz", "pos": 179} k4_certs_4_pure.json.gz#179[m=10,idx=2]: start [0, 0, 0, 0, 0, 2, -3, -29, 5] best [0, 0, 0, 0, 0, 2, -2, -27, 4] chain profiles 0 (states 0), maxw 0, DL_RC fails 0, key form fails 0; 14600 evals [10 s]
#   unit {"file": "k4_certs_4_pure.json.gz", "pos": 180} k4_certs_4_pure.json.gz#180[m=10,idx=3]: start [0, 0, 0, 0, 0, 1, -2, -41, 2] best [0, 0, 0, 0, 0, 2, -2, -16, 12] chain profiles 0 (states 0), maxw 0, DL_RC fails 0, key form fails 0; 14600 evals [8 s]
#   unit {"file": "k4_certs_4_pure.json.gz", "pos": 181} k4_certs_4_pure.json.gz#181[m=10,idx=4]: start [0, 0, 0, 0, 0, 2, -2, -16, 15] best [0, 0, 0, 0, 0, 2, -1, -21, 22] chain profiles 0 (states 0), maxw 0, DL_RC fails 0, key form fails 0; 14600 evals [10 s]
#   unit {"file": "k4_certs_4_pure.json.gz", "pos": 182} k4_certs_4_pure.json.gz#182[m=10,idx=5]: start [0, 0, 0, 0, 0, 1, -2, -18, 12] best [0, 0, 0, 0, 0, 2, -2, -7, 15] chain profiles 0 (states 0), maxw 0, DL_RC fails 0, key form fails 0; 14600 evals [7 s]
#   unit {"file": "k4_certs_4_pure.json.gz", "pos": 183} k4_certs_4_pure.json.gz#183[m=10,idx=6]: start [0, 0, 0, 0, 0, 2, -2, -8, 5] best [0, 0, 0, 0, 2, 3, -1, -7, 14] chain profiles 0 (states 0), maxw 0, DL_RC fails 0, key form fails 0; 14600 evals [7 s]
#   unit {"file": "k4_certs_4_pure.json.gz", "pos": 184} k4_certs_4_pure.json.gz#184[m=10,idx=7]: start [0, 0, 0, 0, 0, 1, -2, -18, 1] best [0, 0, 0, 0, 0, 2, -2, -6, 4] chain profiles 0 (states 0), maxw 0, DL_RC fails 0, key form fails 0; 14600 evals [8 s]
#   unit {"file": "k4_certs_4_pure.json.gz", "pos": 185} k4_certs_4_pure.json.gz#185[m=10,idx=8]: start [0, 0, 0, 0, 0, 1, -2, -17, 1] best [0, 0, 0, 0, 0, 2, -1, -9, 12] chain profiles 0 (states 0), maxw 0, DL_RC fails 0, key form fails 0; 14600 evals [7 s]
#   unit {"file": "k4_certs_4_pure.json.gz", "pos": 186} k4_certs_4_pure.json.gz#186[m=10,idx=9]: start [0, 0, 0, 0, 0, 1, -1, -19, 8] best [0, 0, 0, 0, 0, 2, -2, -10, 9] chain profiles 0 (states 0), maxw 0, DL_RC fails 0, key form fails 0; 14600 evals [7 s]
#   unit {"file": "k4_certs_4_pure.json.gz", "pos": 187} k4_certs_4_pure.json.gz#187[m=10,idx=10]: start [0, 0, 0, 0, 0, 1, -1, -17, 6] best [0, 0, 0, 0, 0, 2, -2, -12, 9] chain profiles 0 (states 0), maxw 0, DL_RC fails 0, key form fails 0; 14600 evals [7 s]
#   unit {"file": "k4_certs_4_pure.json.gz", "pos": 189} k4_certs_4_pure.json.gz#189[m=10,idx=12]: start [0, 0, 0, 0, 0, 2, -2, -9, 6] best [0, 0, 0, 0, 0, 2, -2, -9, 6] chain profiles 0 (states 0), maxw 0, DL_RC fails 0, key form fails 0; 14600 evals [6 s]
#   unit {"file": "k4_certs_4_pure.json.gz", "pos": 188} k4_certs_4_pure.json.gz#188[m=10,idx=11]: start [0, 0, 0, 0, 0, 1, -2, -14, 13] best [0, 0, 0, 0, 0, 2, -1, -9, 43] chain profiles 0 (states 0), maxw 0, DL_RC fails 0, key form fails 0; 14600 evals [9 s]
#   unit {"file": "k4_certs_4_pure.json.gz", "pos": 190} k4_certs_4_pure.json.gz#190[m=10,idx=13]: start [0, 0, 0, 0, 0, 2, -2, -29, 11] best [0, 0, 0, 0, 0, 2, -2, -7, 12] chain profiles 0 (states 0), maxw 0, DL_RC fails 0, key form fails 0; 14600 evals [6 s]
#   unit {"file": "k4_certs_4_pure.json.gz", "pos": 191} k4_certs_4_pure.json.gz#191[m=10,idx=14]: start [0, 0, 0, 0, 0, 2, -2, -14, 18] best [0, 0, 0, 0, 0, 2, -1, -11, 11] chain profiles 0 (states 0), maxw 0, DL_RC fails 0, key form fails 0; 14600 evals [6 s]
#   unit {"file": "k4_certs_4_pure.json.gz", "pos": 192} k4_certs_4_pure.json.gz#192[m=10,idx=15]: start [0, 0, 0, 0, 0, 2, -2, -15, 9] best [0, 0, 0, 0, 1, 3, -2, -7, 17] chain profiles 0 (states 0), maxw 0, DL_RC fails 0, key form fails 0; 14600 evals [7 s]
#   unit {"file": "k4_certs_4_pure.json.gz", "pos": 193} k4_certs_4_pure.json.gz#193[m=10,idx=16]: start [0, 0, 0, 0, 0, 2, -1, -10, 17] best [0, 0, 0, 0, 1, 3, -1, -5, 40] chain profiles 0 (states 0), maxw 0, DL_RC fails 0, key form fails 0; 14600 evals [7 s]
#   unit {"file": "k4_certs_4_pure.json.gz", "pos": 194} k4_certs_4_pure.json.gz#194[m=10,idx=17]: start [0, 0, 0, 0, 0, 2, -3, -12, 6] best [0, 0, 0, 0, 0, 2, -1, -15, 19] chain profiles 0 (states 0), maxw 0, DL_RC fails 0, key form fails 0; 14600 evals [10 s]
#   unit {"file": "k4_certs_4_pure.json.gz", "pos": 195} k4_certs_4_pure.json.gz#195[m=10,idx=18]: start [0, 0, 0, 0, 0, 1, -2, -9, 4] best [0, 0, 0, 0, 0, 2, -1, -5, 21] chain profiles 0 (states 0), maxw 0, DL_RC fails 0, key form fails 0; 14600 evals [8 s]
#   unit {"file": "k4_certs_4_pure.json.gz", "pos": 196} k4_certs_4_pure.json.gz#196[m=10,idx=19]: start [0, 0, 0, 0, 0, 1, -2, -18, 8] best [0, 0, 0, 0, 0, 2, -2, -10, 9] chain profiles 0 (states 0), maxw 0, DL_RC fails 0, key form fails 0; 14600 evals [7 s]
#   unit {"file": "k4_certs_4_pure.json.gz", "pos": 198} k4_certs_4_pure.json.gz#198[m=10,idx=21]: start [0, 0, 0, 0, 0, 2, -2, -18, 12] best [0, 0, 0, 0, 0, 2, -1, -18, 12] chain profiles 0 (states 0), maxw 0, DL_RC fails 0, key form fails 0; 14600 evals [7 s]
#   unit {"file": "k4_certs_4_pure.json.gz", "pos": 199} k4_certs_4_pure.json.gz#199[m=10,idx=22]: start [0, 0, 0, 0, 0, 2, -2, -32, 8] best [0, 0, 9, 0, 9, 3, -2, -6, 25] chain profiles 256 (states 1925), maxw 1, DL_RC fails 0, key form fails 0; 14600 evals [8 s]
#   unit {"file": "k4_certs_4_pure.json.gz", "pos": 197} k4_certs_4_pure.json.gz#197[m=10,idx=20]: start [0, 0, 0, 0, 0, 2, -2, -24, 15] best [0, 0, 0, 0, 0, 2, -1, -12, 72] chain profiles 0 (states 0), maxw 0, DL_RC fails 0, key form fails 0; 14600 evals [12 s]
#   unit {"file": "k4_certs_4_pure.json.gz", "pos": 200} k4_certs_4_pure.json.gz#200[m=10,idx=23]: start [0, 0, 0, 0, 0, 2, -3, -10, 7] best [0, 0, 0, 0, 0, 2, -2, -9, 12] chain profiles 0 (states 0), maxw 0, DL_RC fails 0, key form fails 0; 14600 evals [8 s]
#   unit {"file": "k4_certs_4_pure.json.gz", "pos": 201} k4_certs_4_pure.json.gz#201[m=10,idx=24]: start [0, 0, 0, 0, 0, 1, -2, -16, 1] best [0, 0, 0, 0, 0, 2, -2, -27, 2] chain profiles 0 (states 0), maxw 0, DL_RC fails 0, key form fails 0; 14600 evals [10 s]
#   unit {"file": "k4_certs_4_pure.json.gz", "pos": 203} k4_certs_4_pure.json.gz#203[m=10,idx=26]: start [0, 0, 0, 0, 0, 2, -2, -18, 4] best [0, 0, 0, 0, 0, 2, -2, -12, 9] chain profiles 0 (states 0), maxw 0, DL_RC fails 0, key form fails 0; 14600 evals [11 s]
#   unit {"file": "k4_certs_4_pure.json.gz", "pos": 202} k4_certs_4_pure.json.gz#202[m=10,idx=25]: start [0, 0, 0, 0, 0, 2, -2, -17, 19] best [0, 0, 0, 0, 0, 2, -1, -17, 33] chain profiles 0 (states 0), maxw 0, DL_RC fails 0, key form fails 0; 14600 evals [13 s]
#   unit {"file": "k4_certs_4_pure.json.gz", "pos": 204} k4_certs_4_pure.json.gz#204[m=10,idx=27]: start [0, 0, 0, 0, 0, 1, -2, -39, 1] best [0, 0, 0, 0, 0, 1, -1, -17, 4] chain profiles 0 (states 0), maxw 0, DL_RC fails 0, key form fails 0; 14600 evals [11 s]
#   unit {"file": "k4_certs_4_pure.json.gz", "pos": 206} k4_certs_4_pure.json.gz#206[m=10,idx=29]: start [0, 0, 0, 0, 0, 1, -2, -46, 1] best [0, 0, 0, 0, 0, 2, -2, -3, 14] chain profiles 0 (states 0), maxw 0, DL_RC fails 0, key form fails 0; 14600 evals [10 s]
#   unit {"file": "k4_certs_4_pure.json.gz", "pos": 205} k4_certs_4_pure.json.gz#205[m=10,idx=28]: start [0, 0, 0, 0, 0, 1, -2, -32, 2] best [0, 0, 0, 0, 0, 2, -1, -11, 9] chain profiles 0 (states 0), maxw 0, DL_RC fails 0, key form fails 0; 14600 evals [11 s]
#   unit {"file": "k4_certs_4_pure.json.gz", "pos": 207} k4_certs_4_pure.json.gz#207[m=10,idx=30]: start [0, 0, 0, 0, 0, 1, -2, -34, 2] best [0, 0, 0, 0, 0, 2, -1, -12, 11] chain profiles 0 (states 0), maxw 0, DL_RC fails 0, key form fails 0; 14600 evals [11 s]
# command: python3 k4/dlrc_hunt.py n4_pure_k3 certs results/k4_certs_4_pure.json.gz --steps=600 --obj=k3 --bt=0.9 --jobs=4 --seed=43
# dlrc.c sha256 f1cf4cc169a347625e5a84bd9c7a8c218f791de6e2a7ce466f59ce357000b1f7; dlrc_hunt.py sha256 fe0fa5082f6dde3e89d9e338cd7f508db3a25be24e4328aea29bfdf82b38189f
# certs results/k4_certs_4_pure.json.gz: 219 units, 11 to run, 208 from the checkpoint; options {'steps': 600, 'batch': 24, 'obj': 'k3', 'bt': 0.9, 'seed': 43, 'init': 200, 'stale': 40}
#   unit {"file": "k4_certs_4_pure.json.gz", "pos": 208} k4_certs_4_pure.json.gz#208[m=10,idx=31]: start [0, 0, 0, 0, 0, 1, -2, -13, 1] best [0, 0, 0, 0, 1, 3, -2, -17, 2] chain profiles 0 (states 0), maxw 0, DL_RC fails 0, key form fails 0; 14600 evals [4 s]
#   unit {"file": "k4_certs_4_pure.json.gz", "pos": 211} k4_certs_4_pure.json.gz#211[m=11,idx=2]: start [0, 0, 0, 0, 0, 2, -2, -14, 12] best [0, 0, 0, 0, 0, 2, -1, -14, 11] chain profiles 0 (states 0), maxw 0, DL_RC fails 0, key form fails 0; 14600 evals [4 s]
#   unit {"file": "k4_certs_4_pure.json.gz", "pos": 209} k4_certs_4_pure.json.gz#209[m=11,idx=0]: start [0, 0, 0, 0, 0, 1, -2, -21, 3] best [0, 0, 0, 0, 0, 2, -2, -3, 10] chain profiles 0 (states 0), maxw 0, DL_RC fails 0, key form fails 0; 14600 evals [6 s]
#   unit {"file": "k4_certs_4_pure.json.gz", "pos": 210} k4_certs_4_pure.json.gz#210[m=11,idx=1]: start [0, 0, 0, 0, 0, 2, -1, -16, 20] best [0, 0, 0, 0, 2, 3, -1, -11, 84] chain profiles 0 (states 0), maxw 0, DL_RC fails 0, key form fails 0; 14600 evals [7 s]
#   unit {"file": "k4_certs_4_pure.json.gz", "pos": 212} k4_certs_4_pure.json.gz#212[m=11,idx=3]: start [0, 0, 0, 0, 0, 1, -2, -17, 1] best [0, 0, 0, 0, 0, 2, -2, -6, 14] chain profiles 0 (states 0), maxw 0, DL_RC fails 0, key form fails 0; 14600 evals [5 s]
#   unit {"file": "k4_certs_4_pure.json.gz", "pos": 214} k4_certs_4_pure.json.gz#214[m=11,idx=5]: start [0, 0, 0, 0, 0, 2, -2, -19, 16] best [0, 0, 0, 0, 0, 2, -2, -10, 9] chain profiles 0 (states 0), maxw 0, DL_RC fails 0, key form fails 0; 14600 evals [6 s]
#   unit {"file": "k4_certs_4_pure.json.gz", "pos": 215} k4_certs_4_pure.json.gz#215[m=11,idx=6]: start [0, 0, 0, 0, 0, 1, -2, -20, 8] best [0, 0, 0, 0, 0, 1, -1, -21, 2] chain profiles 0 (states 0), maxw 0, DL_RC fails 0, key form fails 0; 14600 evals [6 s]
#   unit {"file": "k4_certs_4_pure.json.gz", "pos": 213} k4_certs_4_pure.json.gz#213[m=11,idx=4]: start [0, 0, 0, 0, 0, 1, -1, -42, 38] best [0, 0, 0, 0, 0, 2, -1, -11, 65] chain profiles 0 (states 0), maxw 0, DL_RC fails 0, key form fails 0; 14600 evals [9 s]
#   unit {"file": "k4_certs_4_pure.json.gz", "pos": 216} k4_certs_4_pure.json.gz#216[m=11,idx=7]: start [0, 0, 0, 0, 0, 1, -2, -11, 2] best [0, 0, 0, 0, 2, 3, -2, -10, 8] chain profiles 0 (states 0), maxw 0, DL_RC fails 0, key form fails 0; 14600 evals [7 s]
#   unit {"file": "k4_certs_4_pure.json.gz", "pos": 217} k4_certs_4_pure.json.gz#217[m=11,idx=8]: start [0, 0, 0, 0, 0, 2, -2, -47, 9] best [0, 0, 0, 0, 0, 2, -2, -14, 7] chain profiles 0 (states 0), maxw 0, DL_RC fails 0, key form fails 0; 14600 evals [6 s]
#   unit {"file": "k4_certs_4_pure.json.gz", "pos": 218} k4_certs_4_pure.json.gz#218[m=12,idx=0]: start [0, 0, 0, 0, 0, 1, -1, -30, 1] best [0, 0, 0, 0, 0, 1, -1, -21, 1] chain profiles 0 (states 0), maxw 0, DL_RC fails 0, key form fails 0; 14600 evals [7 s]
TOTAL n4_pure_k3: units 219, profiles evaluated 3197400 (with repeats; def > 0 states with f >= 1 in them: 4193903), unit time 1291 s (this session 20 s wall); units reaching a chain state 2, distinct chain profiles 918 (chain states 3777), largest least |W| at a chain state 1; units with a DL_RC failure 0, with a key-form failure 0
best units (score order rcf kf chain chain3 c3 kstar -gap -minmv st1):
  {"file": "k4_certs_4_pure.json.gz", "pos": 199} k4_certs_4_pure.json.gz#199[m=10,idx=22] n=4 m=10 best [0, 0, 9, 0, 9, 3, -2, -6, 25] prof [52, 72, 88, 80] H {'f': 2, 'st1': 25, 'rt4f': 9, 'rcf': 0, 'ch': 9, 'ch3': 0, 'chw2': 0, 'gap': 2, 'c3': 9, 'mv': 6, 'kf': 0, 'kfk': 0, 'maxw': 1, 'kstar': 3}
  {"file": "k4_certs_4_pure.json.gz", "pos": 153} k4_certs_4_pure.json.gz#153[m=9,idx=30] n=4 m=9 best [0, 0, 3, 0, 3, 3, -2, -6, 19] prof [20, 44, 80, 42] H {'f': 2, 'st1': 19, 'rt4f': 3, 'rcf': 0, 'ch': 3, 'ch3': 0, 'chw2': 0, 'gap': 2, 'c3': 3, 'mv': 6, 'kf': 0, 'kfk': 0, 'maxw': 1, 'kstar': 3}
  {"file": "k4_certs_4_pure.json.gz", "pos": 122} k4_certs_4_pure.json.gz#122[m=8,idx=61] n=4 m=8 best [0, 0, 0, 0, 7, 3, -1, -6, 11] prof [65, 31, 38, 74] H {'f': 2, 'st1': 11, 'rt4f': 0, 'rcf': 0, 'ch': 0, 'ch3': 0, 'chw2': 0, 'gap': 1, 'c3': 7, 'mv': 6, 'kf': 0, 'kfk': 0, 'maxw': 0, 'kstar': 3}
  {"file": "k4_certs_4_pure.json.gz", "pos": 175} k4_certs_4_pure.json.gz#175[m=9,idx=52] n=4 m=9 best [0, 0, 0, 0, 7, 3, -1, -6, 9] prof [74, 22, 218, 6] H {'f': 2, 'st1': 9, 'rt4f': 0, 'rcf': 0, 'ch': 0, 'ch3': 0, 'chw2': 0, 'gap': 1, 'c3': 7, 'mv': 6, 'kf': 0, 'kfk': 0, 'maxw': 0, 'kstar': 3}
  {"file": "k4_certs_4_pure.json.gz", "pos": 178} k4_certs_4_pure.json.gz#178[m=10,idx=1] n=4 m=10 best [0, 0, 0, 0, 7, 3, -1, -6, 9] prof [7, 9, 88, 8] H {'f': 2, 'st1': 9, 'rt4f': 0, 'rcf': 0, 'ch': 0, 'ch3': 0, 'chw2': 0, 'gap': 1, 'c3': 7, 'mv': 6, 'kf': 0, 'kfk': 0, 'maxw': 0, 'kstar': 3}
  {"file": "k4_certs_4_pure.json.gz", "pos": 126} k4_certs_4_pure.json.gz#126[m=9,idx=3] n=4 m=9 best [0, 0, 0, 0, 3, 3, -2, -6, 3] prof [9, 37, 212, 65] H {'f': 2, 'st1': 3, 'rt4f': 0, 'rcf': 0, 'ch': 0, 'ch3': 0, 'chw2': 0, 'gap': 2, 'c3': 3, 'mv': 6, 'kf': 0, 'kfk': 0, 'maxw': 0, 'kstar': 3}
  {"file": "k4_certs_4_pure.json.gz", "pos": 159} k4_certs_4_pure.json.gz#159[m=9,idx=36] n=4 m=9 best [0, 0, 0, 0, 2, 3, -1, -4, 17] prof [72, 88, 46, 212] H {'f': 2, 'st1': 17, 'rt4f': 0, 'rcf': 0, 'ch': 0, 'ch3': 0, 'chw2': 0, 'gap': 1, 'c3': 2, 'mv': 4, 'kf': 0, 'kfk': 0, 'maxw': 0, 'kstar': 3}
  {"file": "k4_certs_4_pure.json.gz", "pos": 183} k4_certs_4_pure.json.gz#183[m=10,idx=6] n=4 m=10 best [0, 0, 0, 0, 2, 3, -1, -7, 14] prof [35, 10, 10, 44] H {'f': 2, 'st1': 14, 'rt4f': 0, 'rcf': 0, 'ch': 0, 'ch3': 0, 'chw2': 0, 'gap': 1, 'c3': 2, 'mv': 7, 'kf': 0, 'kfk': 0, 'maxw': 0, 'kstar': 3}
  {"file": "k4_certs_4_pure.json.gz", "pos": 210} k4_certs_4_pure.json.gz#210[m=11,idx=1] n=4 m=11 best [0, 0, 0, 0, 2, 3, -1, -11, 84] prof [34, 10, 95, 79] H {'f': 1, 'st1': 84, 'rt4f': 0, 'rcf': 0, 'ch': 0, 'ch3': 0, 'chw2': 0, 'gap': 1, 'c3': 2, 'mv': 11, 'kf': 0, 'kfk': 0, 'maxw': 0, 'kstar': 3}
  {"file": "k4_certs_4_pure.json.gz", "pos": 156} k4_certs_4_pure.json.gz#156[m=9,idx=33] n=4 m=9 best [0, 0, 0, 0, 2, 3, -2, -3, 12] prof [35, 112, 266, 109] H {'f': 2, 'st1': 12, 'rt4f': 0, 'rcf': 0, 'ch': 0, 'ch3': 0, 'chw2': 0, 'gap': 2, 'c3': 2, 'mv': 3, 'kf': 0, 'kfk': 0, 'maxw': 0, 'kstar': 3}
  {"file": "k4_certs_4_pure.json.gz", "pos": 216} k4_certs_4_pure.json.gz#216[m=11,idx=7] n=4 m=11 best [0, 0, 0, 0, 2, 3, -2, -10, 8] prof [9, 41, 31, 181] H {'f': 1, 'st1': 8, 'rt4f': 0, 'rcf': 0, 'ch': 0, 'ch3': 0, 'chw2': 0, 'gap': 2, 'c3': 2, 'mv': 10, 'kf': 0, 'kfk': 0, 'maxw': 0, 'kstar': 3}
  {"file": "k4_certs_4_pure.json.gz", "pos": 193} k4_certs_4_pure.json.gz#193[m=10,idx=16] n=4 m=10 best [0, 0, 0, 0, 1, 3, -1, -5, 40] prof [38, 64, 42, 44] H {'f': 2, 'st1': 40, 'rt4f': 0, 'rcf': 0, 'ch': 0, 'ch3': 0, 'chw2': 0, 'gap': 1, 'c3': 1, 'mv': 5, 'kf': 0, 'kfk': 0, 'maxw': 0, 'kstar': 3}
  {"file": "k4_certs_4_pure.json.gz", "pos": 80} k4_certs_4_pure.json.gz#80[m=8,idx=19] n=4 m=8 best [0, 0, 0, 0, 1, 3, -2, -5, 2] prof [9, 74, 218, 218] H {'f': 2, 'st1': 2, 'rt4f': 0, 'rcf': 0, 'ch': 0, 'ch3': 0, 'chw2': 0, 'gap': 2, 'c3': 1, 'mv': 5, 'kf': 0, 'kfk': 0, 'maxw': 0, 'kstar': 3}
  {"file": "k4_certs_4_pure.json.gz", "pos": 192} k4_certs_4_pure.json.gz#192[m=10,idx=15] n=4 m=10 best [0, 0, 0, 0, 1, 3, -2, -7, 17] prof [9, 10, 64, 146] H {'f': 2, 'st1': 17, 'rt4f': 0, 'rcf': 0, 'ch': 0, 'ch3': 0, 'chw2': 0, 'gap': 2, 'c3': 1, 'mv': 7, 'kf': 0, 'kfk': 0, 'maxw': 0, 'kstar': 3}
  {"file": "k4_certs_4_pure.json.gz", "pos": 107} k4_certs_4_pure.json.gz#107[m=8,idx=46] n=4 m=8 best [0, 0, 0, 0, 1, 3, -2, -11, 12] prof [8, 43, 27, 128] H {'f': 2, 'st1': 12, 'rt4f': 0, 'rcf': 0, 'ch': 0, 'ch3': 0, 'chw2': 0, 'gap': 2, 'c3': 1, 'mv': 11, 'kf': 0, 'kfk': 0, 'maxw': 0, 'kstar': 3}
