# command: python3 k4/dlrc_hunt.py certs_pure certs results/k4_certs_5_pure.json.gz --min4=3 --sample=200 --steps=400 --bt=0.8 --jobs=4 --seed=8
# dlrc.c sha256 f1cf4cc169a347625e5a84bd9c7a8c218f791de6e2a7ce466f59ce357000b1f7; dlrc_hunt.py sha256 fe0fa5082f6dde3e89d9e338cd7f508db3a25be24e4328aea29bfdf82b38189f
# certs results/k4_certs_5_pure.json.gz: 200 units, 200 to run, 0 from the checkpoint; options {'steps': 400, 'batch': 24, 'obj': 'std', 'bt': 0.8, 'seed': 8, 'init': 200, 'stale': 40}
#   unit {"file": "k4_certs_5_pure.json.gz", "pos": 54} k4_certs_5_pure.json.gz#54[m=7,idx=2]: start [0, 0, 0, 0, -1000000, 0, 0, -1000000, 0] best [0, 0, 0, 0, -1000000, 0, 0, -1000000, 0] chain profiles 0 (states 0), maxw 0, DL_RC fails 0, key form fails 0; 9800 evals [1 s]
#   unit {"file": "k4_certs_5_pure.json.gz", "pos": 37} k4_certs_5_pure.json.gz#37[m=6,idx=30]: start [0, 0, 0, 0, -1000000, 0, 0, -1000000, 0] best [0, 0, 0, 0, -1000000, 0, 0, -1000000, 0] chain profiles 0 (states 0), maxw 0, DL_RC fails 0, key form fails 0; 9800 evals [1 s]
#   unit {"file": "k4_certs_5_pure.json.gz", "pos": 24} k4_certs_5_pure.json.gz#24[m=6,idx=17]: start [0, 0, 0, 0, -1000000, 0, 0, -1000000, 0] best [0, 0, 0, 0, -1000000, 0, 0, -1000000, 0] chain profiles 0 (states 0), maxw 0, DL_RC fails 0, key form fails 0; 9800 evals [2 s]
#   unit {"file": "k4_certs_5_pure.json.gz", "pos": 97} k4_certs_5_pure.json.gz#97[m=7,idx=45]: start [0, 0, 0, 0, -1000000, 0, 0, -1000000, 0] best [0, 0, 0, 0, -1000000, 0, 0, -1000000, 0] chain profiles 0 (states 0), maxw 0, DL_RC fails 0, key form fails 0; 9800 evals [2 s]
#   unit {"file": "k4_certs_5_pure.json.gz", "pos": 108} k4_certs_5_pure.json.gz#108[m=7,idx=56]: start [0, 0, 0, 0, -1000000, 0, 0, -1000000, 0] best [0, 0, 0, 0, -1000000, 0, 0, -1000000, 0] chain profiles 0 (states 0), maxw 0, DL_RC fails 0, key form fails 0; 9800 evals [1 s]
#   unit {"file": "k4_certs_5_pure.json.gz", "pos": 138} k4_certs_5_pure.json.gz#138[m=7,idx=86]: start [0, 0, 0, 0, -1000000, 0, 0, -1000000, 0] best [0, 0, 0, 0, -1000000, 0, 0, -1000000, 0] chain profiles 0 (states 0), maxw 0, DL_RC fails 0, key form fails 0; 9800 evals [1 s]
#   unit {"file": "k4_certs_5_pure.json.gz", "pos": 163} k4_certs_5_pure.json.gz#163[m=7,idx=111]: start [0, 0, 0, 0, -1000000, 0, 0, -1000000, 0] best [0, 0, 0, 0, -1000000, 0, 0, -1000000, 0] chain profiles 0 (states 0), maxw 0, DL_RC fails 0, key form fails 0; 9800 evals [1 s]
#   unit {"file": "k4_certs_5_pure.json.gz", "pos": 185} k4_certs_5_pure.json.gz#185[m=7,idx=133]: start [0, 0, 0, 0, -1000000, 0, 0, -1000000, 0] best [0, 0, 0, 0, -1000000, 0, 0, -1000000, 0] chain profiles 0 (states 0), maxw 0, DL_RC fails 0, key form fails 0; 9800 evals [2 s]
#   unit {"file": "k4_certs_5_pure.json.gz", "pos": 271} k4_certs_5_pure.json.gz#271[m=8,idx=0]: start [0, 0, 0, 0, -1000000, 0, 0, -1000000, 0] best [0, 0, 0, 0, -1000000, 0, 0, -1000000, 0] chain profiles 0 (states 0), maxw 0, DL_RC fails 0, key form fails 0; 9800 evals [1 s]
#   unit {"file": "k4_certs_5_pure.json.gz", "pos": 209} k4_certs_5_pure.json.gz#209[m=7,idx=157]: start [0, 0, 0, 0, -1000000, 0, 0, -1000000, 0] best [0, 0, 0, 0, -1000000, 0, 0, -1000000, 0] chain profiles 0 (states 0), maxw 0, DL_RC fails 0, key form fails 0; 9800 evals [2 s]
#   unit {"file": "k4_certs_5_pure.json.gz", "pos": 248} k4_certs_5_pure.json.gz#248[m=7,idx=196]: start [0, 0, 0, 0, -1000000, 0, 0, -1000000, 0] best [0, 0, 0, 0, -1000000, 0, 0, -1000000, 0] chain profiles 0 (states 0), maxw 0, DL_RC fails 0, key form fails 0; 9800 evals [2 s]
#   unit {"file": "k4_certs_5_pure.json.gz", "pos": 275} k4_certs_5_pure.json.gz#275[m=8,idx=4]: start [0, 0, 0, 0, -1000000, 0, 0, -1000000, 0] best [0, 0, 0, 0, -1000000, 0, 0, -1000000, 0] chain profiles 0 (states 0), maxw 0, DL_RC fails 0, key form fails 0; 9800 evals [1 s]
#   unit {"file": "k4_certs_5_pure.json.gz", "pos": 278} k4_certs_5_pure.json.gz#278[m=8,idx=7]: start [0, 0, 0, 0, -1000000, 0, 0, -1000000, 0] best [0, 0, 0, 0, -1000000, 0, 0, -1000000, 0] chain profiles 0 (states 0), maxw 0, DL_RC fails 0, key form fails 0; 9800 evals [1 s]
#   unit {"file": "k4_certs_5_pure.json.gz", "pos": 306} k4_certs_5_pure.json.gz#306[m=8,idx=35]: start [0, 0, 0, 0, -1000000, 0, 0, -1000000, 0] best [0, 0, 0, 0, -1000000, 0, 0, -1000000, 0] chain profiles 0 (states 0), maxw 0, DL_RC fails 0, key form fails 0; 9800 evals [1 s]
#   unit {"file": "k4_certs_5_pure.json.gz", "pos": 358} k4_certs_5_pure.json.gz#358[m=8,idx=87]: start [0, 0, 0, 0, -1000000, 0, 0, -1000000, 0] best [0, 0, 0, 0, -2, 0, 1, -10, 2] chain profiles 0 (states 0), maxw 0, DL_RC fails 0, key form fails 0; 9800 evals [2 s]
#   unit {"file": "k4_certs_5_pure.json.gz", "pos": 400} k4_certs_5_pure.json.gz#400[m=8,idx=129]: start [0, 0, 0, 0, -1000000, 0, 0, -1000000, 0] best [0, 0, 0, 0, -1000000, 0, 0, -1000000, 0] chain profiles 0 (states 0), maxw 0, DL_RC fails 0, key form fails 0; 9800 evals [1 s]
#   unit {"file": "k4_certs_5_pure.json.gz", "pos": 417} k4_certs_5_pure.json.gz#417[m=8,idx=146]: start [0, 0, 0, 0, -1000000, 0, 0, -1000000, 0] best [0, 0, 0, 0, -1000000, 0, 0, -1000000, 0] chain profiles 0 (states 0), maxw 0, DL_RC fails 0, key form fails 0; 9800 evals [1 s]
#   unit {"file": "k4_certs_5_pure.json.gz", "pos": 475} k4_certs_5_pure.json.gz#475[m=8,idx=204]: start [0, 0, 0, 0, -1000000, 0, 0, -1000000, 0] best [0, 0, 0, 0, -1000000, 0, 0, -1000000, 0] chain profiles 0 (states 0), maxw 0, DL_RC fails 0, key form fails 0; 9800 evals [1 s]
#   unit {"file": "k4_certs_5_pure.json.gz", "pos": 515} k4_certs_5_pure.json.gz#515[m=8,idx=244]: start [0, 0, 0, 0, -1000000, 0, 0, -1000000, 0] best [0, 0, 0, 0, -1000000, 0, 0, -1000000, 0] chain profiles 0 (states 0), maxw 0, DL_RC fails 0, key form fails 0; 9800 evals [1 s]
#   unit {"file": "k4_certs_5_pure.json.gz", "pos": 496} k4_certs_5_pure.json.gz#496[m=8,idx=225]: start [0, 0, 0, 0, -1000000, 0, 0, -1000000, 0] best [0, 0, 0, 0, -2, 0, 1, -10, 1] chain profiles 0 (states 0), maxw 0, DL_RC fails 0, key form fails 0; 9800 evals [2 s]
#   unit {"file": "k4_certs_5_pure.json.gz", "pos": 516} k4_certs_5_pure.json.gz#516[m=8,idx=245]: start [0, 0, 0, 0, -1000000, 0, 0, -1000000, 0] best [0, 0, 0, 0, -1000000, 0, 0, -1000000, 0] chain profiles 0 (states 0), maxw 0, DL_RC fails 0, key form fails 0; 9800 evals [1 s]
#   unit {"file": "k4_certs_5_pure.json.gz", "pos": 527} k4_certs_5_pure.json.gz#527[m=8,idx=256]: start [0, 0, 0, 0, -1000000, 0, 0, -1000000, 0] best [0, 0, 0, 0, -1000000, 0, 0, -1000000, 0] chain profiles 0 (states 0), maxw 0, DL_RC fails 0, key form fails 0; 9800 evals [1 s]
#   unit {"file": "k4_certs_5_pure.json.gz", "pos": 573} k4_certs_5_pure.json.gz#573[m=8,idx=302]: start [0, 0, 0, 0, -1000000, 0, 0, -1000000, 0] best [0, 0, 0, 0, -1000000, 0, 0, -1000000, 0] chain profiles 0 (states 0), maxw 0, DL_RC fails 0, key form fails 0; 9800 evals [1 s]
#   unit {"file": "k4_certs_5_pure.json.gz", "pos": 585} k4_certs_5_pure.json.gz#585[m=8,idx=314]: start [0, 0, 0, 0, -1000000, 0, 0, -1000000, 0] best [0, 0, 0, 0, -2, 0, 1, -16, 2] chain profiles 0 (states 0), maxw 0, DL_RC fails 0, key form fails 0; 9800 evals [1 s]
#   unit {"file": "k4_certs_5_pure.json.gz", "pos": 652} k4_certs_5_pure.json.gz#652[m=8,idx=381]: start [0, 0, 0, 0, -1000000, 0, 0, -1000000, 0] best [0, 0, 0, 0, -1000000, 0, 0, -1000000, 0] chain profiles 0 (states 0), maxw 0, DL_RC fails 0, key form fails 0; 9800 evals [1 s]
#   unit {"file": "k4_certs_5_pure.json.gz", "pos": 654} k4_certs_5_pure.json.gz#654[m=8,idx=383]: start [0, 0, 0, 0, -1000000, 0, 0, -1000000, 0] best [0, 0, 0, 0, -1000000, 0, 0, -1000000, 0] chain profiles 0 (states 0), maxw 0, DL_RC fails 0, key form fails 0; 9800 evals [1 s]
#   unit {"file": "k4_certs_5_pure.json.gz", "pos": 656} k4_certs_5_pure.json.gz#656[m=8,idx=385]: start [0, 0, 0, 0, -1000000, 0, 0, -1000000, 0] best [0, 0, 0, 0, -1000000, 0, 0, -1000000, 0] chain profiles 0 (states 0), maxw 0, DL_RC fails 0, key form fails 0; 9800 evals [1 s]
#   unit {"file": "k4_certs_5_pure.json.gz", "pos": 682} k4_certs_5_pure.json.gz#682[m=8,idx=411]: start [0, 0, 0, 0, -1000000, 0, 0, -1000000, 0] best [0, 0, 0, 0, -2, 0, 1, -19, 1] chain profiles 0 (states 0), maxw 0, DL_RC fails 0, key form fails 0; 9800 evals [2 s]
#   unit {"file": "k4_certs_5_pure.json.gz", "pos": 697} k4_certs_5_pure.json.gz#697[m=8,idx=426]: start [0, 0, 0, 0, -1000000, 0, 0, -1000000, 0] best [0, 0, 0, 0, -1000000, 0, 0, -1000000, 0] chain profiles 0 (states 0), maxw 0, DL_RC fails 0, key form fails 0; 9800 evals [2 s]
#   unit {"file": "k4_certs_5_pure.json.gz", "pos": 698} k4_certs_5_pure.json.gz#698[m=8,idx=427]: start [0, 0, 0, 0, -1000000, 0, 0, -1000000, 0] best [0, 0, 0, 0, -1000000, 0, 0, -1000000, 0] chain profiles 0 (states 0), maxw 0, DL_RC fails 0, key form fails 0; 9800 evals [2 s]
#   unit {"file": "k4_certs_5_pure.json.gz", "pos": 704} k4_certs_5_pure.json.gz#704[m=8,idx=433]: start [0, 0, 0, 0, -1000000, 0, 0, -1000000, 0] best [0, 0, 0, 0, -1000000, 0, 0, -1000000, 0] chain profiles 0 (states 0), maxw 0, DL_RC fails 0, key form fails 0; 9800 evals [1 s]
#   unit {"file": "k4_certs_5_pure.json.gz", "pos": 733} k4_certs_5_pure.json.gz#733[m=8,idx=462]: start [0, 0, 0, 0, -1000000, 0, 0, -1000000, 0] best [0, 0, 0, 0, -1000000, 0, 0, -1000000, 0] chain profiles 0 (states 0), maxw 0, DL_RC fails 0, key form fails 0; 9800 evals [2 s]
#   unit {"file": "k4_certs_5_pure.json.gz", "pos": 740} k4_certs_5_pure.json.gz#740[m=8,idx=469]: start [0, 0, 0, 0, -1000000, 0, 0, -1000000, 0] best [0, 0, 0, 0, -1000000, 0, 0, -1000000, 0] chain profiles 0 (states 0), maxw 0, DL_RC fails 0, key form fails 0; 9800 evals [1 s]
#   unit {"file": "k4_certs_5_pure.json.gz", "pos": 764} k4_certs_5_pure.json.gz#764[m=8,idx=493]: start [0, 0, 0, 0, -1000000, 0, 0, -1000000, 0] best [0, 0, 0, 0, -1000000, 0, 0, -1000000, 0] chain profiles 0 (states 0), maxw 0, DL_RC fails 0, key form fails 0; 9800 evals [1 s]
#   unit {"file": "k4_certs_5_pure.json.gz", "pos": 779} k4_certs_5_pure.json.gz#779[m=8,idx=508]: start [0, 0, 0, 0, -1000000, 0, 0, -1000000, 0] best [0, 0, 0, 0, -2, 0, 1, -30, 1] chain profiles 0 (states 0), maxw 0, DL_RC fails 0, key form fails 0; 9800 evals [1 s]
#   unit {"file": "k4_certs_5_pure.json.gz", "pos": 795} k4_certs_5_pure.json.gz#795[m=8,idx=524]: start [0, 0, 0, 0, -1000000, 0, 0, -1000000, 0] best [0, 0, 0, 0, -1000000, 0, 0, -1000000, 0] chain profiles 0 (states 0), maxw 0, DL_RC fails 0, key form fails 0; 9800 evals [1 s]
#   unit {"file": "k4_certs_5_pure.json.gz", "pos": 799} k4_certs_5_pure.json.gz#799[m=8,idx=528]: start [0, 0, 0, 0, -1000000, 0, 0, -1000000, 0] best [0, 0, 0, 0, -1000000, 0, 0, -1000000, 0] chain profiles 0 (states 0), maxw 0, DL_RC fails 0, key form fails 0; 9800 evals [1 s]
#   unit {"file": "k4_certs_5_pure.json.gz", "pos": 872} k4_certs_5_pure.json.gz#872[m=8,idx=601]: start [0, 0, 0, 0, -1000000, 0, 0, -1000000, 0] best [0, 0, 0, 0, -2, 0, 1, -30, 2] chain profiles 0 (states 0), maxw 0, DL_RC fails 0, key form fails 0; 9800 evals [2 s]
#   unit {"file": "k4_certs_5_pure.json.gz", "pos": 882} k4_certs_5_pure.json.gz#882[m=8,idx=611]: start [0, 0, 0, 0, -1000000, 0, 0, -1000000, 0] best [0, 0, 0, 0, -1000000, 0, 0, -1000000, 0] chain profiles 0 (states 0), maxw 0, DL_RC fails 0, key form fails 0; 9800 evals [1 s]
#   unit {"file": "k4_certs_5_pure.json.gz", "pos": 886} k4_certs_5_pure.json.gz#886[m=8,idx=615]: start [0, 0, 0, 0, -1000000, 0, 0, -1000000, 0] best [0, 0, 0, 0, -1000000, 0, 0, -1000000, 0] chain profiles 0 (states 0), maxw 0, DL_RC fails 0, key form fails 0; 9800 evals [1 s]
#   unit {"file": "k4_certs_5_pure.json.gz", "pos": 888} k4_certs_5_pure.json.gz#888[m=8,idx=617]: start [0, 0, 0, 0, -1000000, 0, 0, -1000000, 0] best [0, 0, 0, 0, -1000000, 0, 0, -1000000, 0] chain profiles 0 (states 0), maxw 0, DL_RC fails 0, key form fails 0; 9800 evals [1 s]
#   unit {"file": "k4_certs_5_pure.json.gz", "pos": 912} k4_certs_5_pure.json.gz#912[m=8,idx=641]: start [0, 0, 0, 0, -1000000, 0, 0, -1000000, 0] best [0, 0, 0, 0, -2, 0, 2, -24, 6] chain profiles 0 (states 0), maxw 0, DL_RC fails 0, key form fails 0; 9800 evals [2 s]
#   unit {"file": "k4_certs_5_pure.json.gz", "pos": 931} k4_certs_5_pure.json.gz#931[m=9,idx=4]: start [0, 0, 0, 0, -1000000, 0, 0, -1000000, 0] best [0, 0, 0, 0, -3, 0, 1, -18, 2] chain profiles 0 (states 0), maxw 0, DL_RC fails 0, key form fails 0; 9800 evals [2 s]
#   unit {"file": "k4_certs_5_pure.json.gz", "pos": 952} k4_certs_5_pure.json.gz#952[m=9,idx=25]: start [0, 0, 0, 0, -1000000, 0, 0, -1000000, 0] best [0, 0, 0, 0, -3, 0, 1, -8, 8] chain profiles 0 (states 0), maxw 0, DL_RC fails 0, key form fails 0; 9800 evals [2 s]
#   unit {"file": "k4_certs_5_pure.json.gz", "pos": 989} k4_certs_5_pure.json.gz#989[m=9,idx=62]: start [0, 0, 0, 0, -1000000, 0, 0, -1000000, 0] best [0, 0, 0, 0, -2, 0, 1, -45, 4] chain profiles 0 (states 0), maxw 0, DL_RC fails 0, key form fails 0; 9800 evals [2 s]
#   unit {"file": "k4_certs_5_pure.json.gz", "pos": 954} k4_certs_5_pure.json.gz#954[m=9,idx=27]: start [0, 0, 0, 0, -1000000, 0, 0, -1000000, 0] best [0, 0, 0, 0, -1, 0, 1, -3, 4] chain profiles 0 (states 0), maxw 0, DL_RC fails 0, key form fails 0; 9800 evals [2 s]
#   unit {"file": "k4_certs_5_pure.json.gz", "pos": 990} k4_certs_5_pure.json.gz#990[m=9,idx=63]: start [0, 0, 0, 0, -1000000, 0, 0, -1000000, 0] best [0, 0, 0, 0, -2, 0, 1, -12, 3] chain profiles 0 (states 0), maxw 0, DL_RC fails 0, key form fails 0; 9800 evals [2 s]
#   unit {"file": "k4_certs_5_pure.json.gz", "pos": 999} k4_certs_5_pure.json.gz#999[m=9,idx=72]: start [0, 0, 0, 0, -1000000, 0, 0, -1000000, 0] best [0, 0, 0, 0, -1000000, 0, 0, -1000000, 0] chain profiles 0 (states 0), maxw 0, DL_RC fails 0, key form fails 0; 9800 evals [2 s]
#   unit {"file": "k4_certs_5_pure.json.gz", "pos": 1035} k4_certs_5_pure.json.gz#1035[m=9,idx=108]: start [0, 0, 0, 0, -1000000, 0, 0, -1000000, 0] best [0, 0, 0, 0, -2, 0, 2, -15, 2] chain profiles 0 (states 0), maxw 0, DL_RC fails 0, key form fails 0; 9800 evals [2 s]
#   unit {"file": "k4_certs_5_pure.json.gz", "pos": 1034} k4_certs_5_pure.json.gz#1034[m=9,idx=107]: start [0, 0, 0, 0, -1000000, 0, 0, -1000000, 0] best [0, 0, 0, 0, -2, 0, 1, -20, 1] chain profiles 0 (states 0), maxw 0, DL_RC fails 0, key form fails 0; 9800 evals [2 s]
#   unit {"file": "k4_certs_5_pure.json.gz", "pos": 1121} k4_certs_5_pure.json.gz#1121[m=9,idx=194]: start [0, 0, 0, 0, -1000000, 0, 0, -1000000, 0] best [0, 0, 0, 0, -2, 0, 1, -15, 1] chain profiles 0 (states 0), maxw 0, DL_RC fails 0, key form fails 0; 9800 evals [2 s]
#   unit {"file": "k4_certs_5_pure.json.gz", "pos": 1105} k4_certs_5_pure.json.gz#1105[m=9,idx=178]: start [0, 0, 0, 0, -2, 0, 1, -34, 1] best [0, 0, 0, 0, -2, 0, 2, -21, 3] chain profiles 0 (states 0), maxw 0, DL_RC fails 0, key form fails 0; 9800 evals [2 s]
#   unit {"file": "k4_certs_5_pure.json.gz", "pos": 1139} k4_certs_5_pure.json.gz#1139[m=9,idx=212]: start [0, 0, 0, 0, -1000000, 0, 0, -1000000, 0] best [0, 0, 0, 0, -1000000, 0, 0, -1000000, 0] chain profiles 0 (states 0), maxw 0, DL_RC fails 0, key form fails 0; 9800 evals [2 s]
#   unit {"file": "k4_certs_5_pure.json.gz", "pos": 1150} k4_certs_5_pure.json.gz#1150[m=9,idx=223]: start [0, 0, 0, 0, -1000000, 0, 0, -1000000, 0] best [0, 0, 0, 0, -1000000, 0, 0, -1000000, 0] chain profiles 0 (states 0), maxw 0, DL_RC fails 0, key form fails 0; 9800 evals [2 s]
#   unit {"file": "k4_certs_5_pure.json.gz", "pos": 1214} k4_certs_5_pure.json.gz#1214[m=9,idx=287]: start [0, 0, 0, 0, -1000000, 0, 0, -1000000, 0] best [0, 0, 0, 0, -1000000, 0, 0, -1000000, 0] chain profiles 0 (states 0), maxw 0, DL_RC fails 0, key form fails 0; 9800 evals [2 s]
#   unit {"file": "k4_certs_5_pure.json.gz", "pos": 1164} k4_certs_5_pure.json.gz#1164[m=9,idx=237]: start [0, 0, 0, 0, -1000000, 0, 0, -1000000, 0] best [0, 0, 0, 0, -1, 0, 1, -11, 3] chain profiles 0 (states 0), maxw 0, DL_RC fails 0, key form fails 0; 9800 evals [2 s]
#   unit {"file": "k4_certs_5_pure.json.gz", "pos": 1216} k4_certs_5_pure.json.gz#1216[m=9,idx=289]: start [0, 0, 0, 0, -1000000, 0, 0, -1000000, 0] best [0, 0, 0, 0, -2, 0, 2, -33, 1] chain profiles 0 (states 0), maxw 0, DL_RC fails 0, key form fails 0; 9800 evals [2 s]
#   unit {"file": "k4_certs_5_pure.json.gz", "pos": 1230} k4_certs_5_pure.json.gz#1230[m=9,idx=303]: start [0, 0, 0, 0, -1000000, 0, 0, -1000000, 0] best [0, 0, 0, 0, -1000000, 0, 0, -1000000, 0] chain profiles 0 (states 0), maxw 0, DL_RC fails 0, key form fails 0; 9800 evals [2 s]
#   unit {"file": "k4_certs_5_pure.json.gz", "pos": 1258} k4_certs_5_pure.json.gz#1258[m=9,idx=331]: start [0, 0, 0, 0, -1000000, 0, 0, -1000000, 0] best [0, 0, 0, 0, -2, 0, 1, -23, 3] chain profiles 0 (states 0), maxw 0, DL_RC fails 0, key form fails 0; 9800 evals [2 s]
#   unit {"file": "k4_certs_5_pure.json.gz", "pos": 1265} k4_certs_5_pure.json.gz#1265[m=9,idx=338]: start [0, 0, 0, 0, -1000000, 0, 0, -1000000, 0] best [0, 0, 0, 0, -2, 0, 1, -18, 1] chain profiles 0 (states 0), maxw 0, DL_RC fails 0, key form fails 0; 9800 evals [2 s]
#   unit {"file": "k4_certs_5_pure.json.gz", "pos": 1296} k4_certs_5_pure.json.gz#1296[m=9,idx=369]: start [0, 0, 0, 0, -1000000, 0, 0, -1000000, 0] best [0, 0, 0, 0, -2, 0, 1, -13, 1] chain profiles 0 (states 0), maxw 0, DL_RC fails 0, key form fails 0; 9800 evals [2 s]
#   unit {"file": "k4_certs_5_pure.json.gz", "pos": 1316} k4_certs_5_pure.json.gz#1316[m=9,idx=389]: start [0, 0, 0, 0, -1000000, 0, 0, -1000000, 0] best [0, 0, 0, 0, -2, 0, 2, -21, 6] chain profiles 0 (states 0), maxw 0, DL_RC fails 0, key form fails 0; 9800 evals [2 s]
#   unit {"file": "k4_certs_5_pure.json.gz", "pos": 1393} k4_certs_5_pure.json.gz#1393[m=9,idx=466]: start [0, 0, 0, 0, -1000000, 0, 0, -1000000, 0] best [0, 0, 0, 0, -1000000, 0, 0, -1000000, 0] chain profiles 0 (states 0), maxw 0, DL_RC fails 0, key form fails 0; 9800 evals [2 s]
#   unit {"file": "k4_certs_5_pure.json.gz", "pos": 1361} k4_certs_5_pure.json.gz#1361[m=9,idx=434]: start [0, 0, 0, 0, -1000000, 0, 0, -1000000, 0] best [0, 0, 0, 0, -1000000, 0, 0, -1000000, 0] chain profiles 0 (states 0), maxw 0, DL_RC fails 0, key form fails 0; 9800 evals [2 s]
#   unit {"file": "k4_certs_5_pure.json.gz", "pos": 1408} k4_certs_5_pure.json.gz#1408[m=9,idx=481]: start [0, 0, 0, 0, -1000000, 0, 0, -1000000, 0] best [0, 0, 0, 0, -2, 0, 1, -20, 1] chain profiles 0 (states 0), maxw 0, DL_RC fails 0, key form fails 0; 9800 evals [2 s]
#   unit {"file": "k4_certs_5_pure.json.gz", "pos": 1553} k4_certs_5_pure.json.gz#1553[m=9,idx=626]: start [0, 0, 0, 0, -1000000, 0, 0, -1000000, 0] best [0, 0, 0, 0, -1000000, 0, 0, -1000000, 0] chain profiles 0 (states 0), maxw 0, DL_RC fails 0, key form fails 0; 9800 evals [1 s]
#   unit {"file": "k4_certs_5_pure.json.gz", "pos": 1435} k4_certs_5_pure.json.gz#1435[m=9,idx=508]: start [0, 0, 0, 0, -1000000, 0, 0, -1000000, 0] best [0, 0, 0, 0, -2, 0, 1, -24, 2] chain profiles 0 (states 0), maxw 0, DL_RC fails 0, key form fails 0; 9800 evals [2 s]
#   unit {"file": "k4_certs_5_pure.json.gz", "pos": 1456} k4_certs_5_pure.json.gz#1456[m=9,idx=529]: start [0, 0, 0, 0, -1000000, 0, 0, -1000000, 0] best [0, 0, 0, 0, -3, 0, 1, -17, 2] chain profiles 0 (states 0), maxw 0, DL_RC fails 0, key form fails 0; 9800 evals [2 s]
#   unit {"file": "k4_certs_5_pure.json.gz", "pos": 1574} k4_certs_5_pure.json.gz#1574[m=9,idx=647]: start [0, 0, 0, 0, -1000000, 0, 0, -1000000, 0] best [0, 0, 0, 0, -1000000, 0, 0, -1000000, 0] chain profiles 0 (states 0), maxw 0, DL_RC fails 0, key form fails 0; 9800 evals [2 s]
#   unit {"file": "k4_certs_5_pure.json.gz", "pos": 1582} k4_certs_5_pure.json.gz#1582[m=9,idx=655]: start [0, 0, 0, 0, -1000000, 0, 0, -1000000, 0] best [0, 0, 0, 0, -1, 0, 1, -8, 4] chain profiles 0 (states 0), maxw 0, DL_RC fails 0, key form fails 0; 9800 evals [2 s]
#   unit {"file": "k4_certs_5_pure.json.gz", "pos": 1588} k4_certs_5_pure.json.gz#1588[m=9,idx=661]: start [0, 0, 0, 0, -1000000, 0, 0, -1000000, 0] best [0, 0, 0, 0, -2, 0, 1, -19, 2] chain profiles 0 (states 0), maxw 0, DL_RC fails 0, key form fails 0; 9800 evals [2 s]
#   unit {"file": "k4_certs_5_pure.json.gz", "pos": 1607} k4_certs_5_pure.json.gz#1607[m=9,idx=680]: start [0, 0, 0, 0, -1000000, 0, 0, -1000000, 0] best [0, 0, 0, 0, -2, 0, 1, -7, 2] chain profiles 0 (states 0), maxw 0, DL_RC fails 0, key form fails 0; 9800 evals [2 s]
#   unit {"file": "k4_certs_5_pure.json.gz", "pos": 1619} k4_certs_5_pure.json.gz#1619[m=9,idx=692]: start [0, 0, 0, 0, -1000000, 0, 0, -1000000, 0] best [0, 0, 0, 0, -1000000, 0, 0, -1000000, 0] chain profiles 0 (states 0), maxw 0, DL_RC fails 0, key form fails 0; 9800 evals [2 s]
#   unit {"file": "k4_certs_5_pure.json.gz", "pos": 1617} k4_certs_5_pure.json.gz#1617[m=9,idx=690]: start [0, 0, 0, 0, -1000000, 0, 0, -1000000, 0] best [0, 0, 0, 0, -2, 0, 1, -13, 2] chain profiles 0 (states 0), maxw 0, DL_RC fails 0, key form fails 0; 9800 evals [2 s]
#   unit {"file": "k4_certs_5_pure.json.gz", "pos": 1643} k4_certs_5_pure.json.gz#1643[m=9,idx=716]: start [0, 0, 0, 0, -1000000, 0, 0, -1000000, 0] best [0, 0, 0, 0, -1, 0, 1, -20, 2] chain profiles 0 (states 0), maxw 0, DL_RC fails 0, key form fails 0; 9800 evals [2 s]
#   unit {"file": "k4_certs_5_pure.json.gz", "pos": 1642} k4_certs_5_pure.json.gz#1642[m=9,idx=715]: start [0, 0, 0, 0, -1000000, 0, 0, -1000000, 0] best [0, 0, 0, 0, -1, 0, 2, -13, 2] chain profiles 0 (states 0), maxw 0, DL_RC fails 0, key form fails 0; 9800 evals [2 s]
#   unit {"file": "k4_certs_5_pure.json.gz", "pos": 1653} k4_certs_5_pure.json.gz#1653[m=9,idx=726]: start [0, 0, 0, 0, -1000000, 0, 0, -1000000, 0] best [0, 0, 0, 0, -1000000, 0, 0, -1000000, 0] chain profiles 0 (states 0), maxw 0, DL_RC fails 0, key form fails 0; 9800 evals [2 s]
#   unit {"file": "k4_certs_5_pure.json.gz", "pos": 1703} k4_certs_5_pure.json.gz#1703[m=9,idx=776]: start [0, 0, 0, 0, -1000000, 0, 0, -1000000, 0] best [0, 0, 0, 0, -2, 0, 1, -14, 5] chain profiles 0 (states 0), maxw 0, DL_RC fails 0, key form fails 0; 9800 evals [2 s]
#   unit {"file": "k4_certs_5_pure.json.gz", "pos": 1715} k4_certs_5_pure.json.gz#1715[m=9,idx=788]: start [0, 0, 0, 0, -1000000, 0, 0, -1000000, 0] best [0, 0, 0, 0, -2, 0, 1, -18, 1] chain profiles 0 (states 0), maxw 0, DL_RC fails 0, key form fails 0; 9800 evals [2 s]
#   unit {"file": "k4_certs_5_pure.json.gz", "pos": 1720} k4_certs_5_pure.json.gz#1720[m=9,idx=793]: start [0, 0, 0, 0, -1000000, 0, 0, -1000000, 0] best [0, 0, 0, 0, -2, 0, 2, -36, 7] chain profiles 0 (states 0), maxw 0, DL_RC fails 0, key form fails 0; 9800 evals [2 s]
#   unit {"file": "k4_certs_5_pure.json.gz", "pos": 1730} k4_certs_5_pure.json.gz#1730[m=9,idx=803]: start [0, 0, 0, 0, -1000000, 0, 0, -1000000, 0] best [0, 0, 0, 0, -2, 0, 1, -19, 1] chain profiles 0 (states 0), maxw 0, DL_RC fails 0, key form fails 0; 9800 evals [2 s]
#   unit {"file": "k4_certs_5_pure.json.gz", "pos": 1800} k4_certs_5_pure.json.gz#1800[m=9,idx=873]: start [0, 0, 0, 0, -1000000, 0, 0, -1000000, 0] best [0, 0, 0, 0, -1000000, 0, 0, -1000000, 0] chain profiles 0 (states 0), maxw 0, DL_RC fails 0, key form fails 0; 9800 evals [2 s]
#   unit {"file": "k4_certs_5_pure.json.gz", "pos": 1801} k4_certs_5_pure.json.gz#1801[m=9,idx=874]: start [0, 0, 0, 0, -1000000, 0, 0, -1000000, 0] best [0, 0, 0, 0, -1, 0, 1, -21, 2] chain profiles 0 (states 0), maxw 0, DL_RC fails 0, key form fails 0; 9800 evals [2 s]
#   unit {"file": "k4_certs_5_pure.json.gz", "pos": 1834} k4_certs_5_pure.json.gz#1834[m=9,idx=907]: start [0, 0, 0, 0, -1000000, 0, 0, -1000000, 0] best [0, 0, 0, 0, -3, 0, 1, -16, 2] chain profiles 0 (states 0), maxw 0, DL_RC fails 0, key form fails 0; 9800 evals [2 s]
#   unit {"file": "k4_certs_5_pure.json.gz", "pos": 1832} k4_certs_5_pure.json.gz#1832[m=9,idx=905]: start [0, 0, 0, 0, -1000000, 0, 0, -1000000, 0] best [0, 0, 0, 0, -2, 0, 1, -15, 1] chain profiles 0 (states 0), maxw 0, DL_RC fails 0, key form fails 0; 9800 evals [2 s]
#   unit {"file": "k4_certs_5_pure.json.gz", "pos": 1847} k4_certs_5_pure.json.gz#1847[m=9,idx=920]: start [0, 0, 0, 0, -1000000, 0, 0, -1000000, 0] best [0, 0, 0, 0, -2, 0, 1, -25, 1] chain profiles 0 (states 0), maxw 0, DL_RC fails 0, key form fails 0; 9800 evals [2 s]
#   unit {"file": "k4_certs_5_pure.json.gz", "pos": 1857} k4_certs_5_pure.json.gz#1857[m=9,idx=930]: start [0, 0, 0, 0, -1000000, 0, 0, -1000000, 0] best [0, 0, 0, 0, -1, 0, 1, -5, 2] chain profiles 0 (states 0), maxw 0, DL_RC fails 0, key form fails 0; 9800 evals [2 s]
#   unit {"file": "k4_certs_5_pure.json.gz", "pos": 1879} k4_certs_5_pure.json.gz#1879[m=9,idx=952]: start [0, 0, 0, 0, -1000000, 0, 0, -1000000, 0] best [0, 0, 0, 0, -1, 0, 1, -22, 1] chain profiles 0 (states 0), maxw 0, DL_RC fails 0, key form fails 0; 9800 evals [2 s]
#   unit {"file": "k4_certs_5_pure.json.gz", "pos": 1898} k4_certs_5_pure.json.gz#1898[m=9,idx=971]: start [0, 0, 0, 0, -1000000, 0, 0, -1000000, 0] best [0, 0, 0, 0, -3, 0, 1, -20, 1] chain profiles 0 (states 0), maxw 0, DL_RC fails 0, key form fails 0; 9800 evals [2 s]
#   unit {"file": "k4_certs_5_pure.json.gz", "pos": 1918} k4_certs_5_pure.json.gz#1918[m=9,idx=991]: start [0, 0, 0, 0, -1000000, 0, 0, -1000000, 0] best [0, 0, 0, 0, -2, 0, 2, -12, 6] chain profiles 0 (states 0), maxw 0, DL_RC fails 0, key form fails 0; 9800 evals [2 s]
#   unit {"file": "k4_certs_5_pure.json.gz", "pos": 1997} k4_certs_5_pure.json.gz#1997[m=9,idx=1070]: start [0, 0, 0, 0, -1000000, 0, 0, -1000000, 0] best [0, 0, 0, 0, -1000000, 0, 0, -1000000, 0] chain profiles 0 (states 0), maxw 0, DL_RC fails 0, key form fails 0; 9800 evals [1 s]
#   unit {"file": "k4_certs_5_pure.json.gz", "pos": 1920} k4_certs_5_pure.json.gz#1920[m=9,idx=993]: start [0, 0, 0, 0, -1000000, 0, 0, -1000000, 0] best [0, 0, 0, 0, -1, 0, 1, -17, 4] chain profiles 0 (states 0), maxw 0, DL_RC fails 0, key form fails 0; 9800 evals [2 s]
#   unit {"file": "k4_certs_5_pure.json.gz", "pos": 2027} k4_certs_5_pure.json.gz#2027[m=9,idx=1100]: start [0, 0, 0, 0, -1000000, 0, 0, -1000000, 0] best [0, 0, 0, 0, -1, 0, 1, -6, 6] chain profiles 0 (states 0), maxw 0, DL_RC fails 0, key form fails 0; 9800 evals [2 s]
#   unit {"file": "k4_certs_5_pure.json.gz", "pos": 2185} k4_certs_5_pure.json.gz#2185[m=10,idx=139]: start [0, 0, 0, 0, -2, 0, 1, -28, 3] best [0, 0, 0, 0, -2, 0, 2, -18, 4] chain profiles 0 (states 0), maxw 0, DL_RC fails 0, key form fails 0; 9800 evals [2 s]
#   unit {"file": "k4_certs_5_pure.json.gz", "pos": 2087} k4_certs_5_pure.json.gz#2087[m=10,idx=41]: start [0, 0, 0, 0, -3, 0, 1, -45, 1] best [0, 0, 0, 0, -2, 0, 2, -12, 9] chain profiles 0 (states 0), maxw 0, DL_RC fails 0, key form fails 0; 9800 evals [3 s]
#   unit {"file": "k4_certs_5_pure.json.gz", "pos": 2116} k4_certs_5_pure.json.gz#2116[m=10,idx=70]: start [0, 0, 0, 0, -1000000, 0, 0, -1000000, 0] best [0, 0, 0, 0, -2, 0, 1, -38, 4] chain profiles 0 (states 0), maxw 0, DL_RC fails 0, key form fails 0; 9800 evals [3 s]
#   unit {"file": "k4_certs_5_pure.json.gz", "pos": 2329} k4_certs_5_pure.json.gz#2329[m=10,idx=283]: start [0, 0, 0, 0, -3, 0, 1, -37, 1] best [0, 0, 0, 0, -2, 0, 1, -16, 2] chain profiles 0 (states 0), maxw 0, DL_RC fails 0, key form fails 0; 9800 evals [3 s]
#   unit {"file": "k4_certs_5_pure.json.gz", "pos": 2365} k4_certs_5_pure.json.gz#2365[m=10,idx=319]: start [0, 0, 0, 0, -1000000, 0, 0, -1000000, 0] best [0, 0, 0, 0, -2, 0, 1, -22, 4] chain profiles 0 (states 0), maxw 0, DL_RC fails 0, key form fails 0; 9800 evals [3 s]
#   unit {"file": "k4_certs_5_pure.json.gz", "pos": 2340} k4_certs_5_pure.json.gz#2340[m=10,idx=294]: start [0, 0, 0, 0, -1000000, 0, 0, -1000000, 0] best [0, 0, 0, 0, -2, 0, 2, -19, 12] chain profiles 0 (states 0), maxw 0, DL_RC fails 0, key form fails 0; 9800 evals [3 s]
#   unit {"file": "k4_certs_5_pure.json.gz", "pos": 2372} k4_certs_5_pure.json.gz#2372[m=10,idx=326]: start [0, 0, 0, 0, -1000000, 0, 0, -1000000, 0] best [0, 0, 0, 0, -1, 0, 2, -11, 5] chain profiles 0 (states 0), maxw 0, DL_RC fails 0, key form fails 0; 9800 evals [3 s]
#   unit {"file": "k4_certs_5_pure.json.gz", "pos": 2422} k4_certs_5_pure.json.gz#2422[m=10,idx=376]: start [0, 0, 0, 0, -3, 0, 1, -36, 1] best [0, 0, 0, 0, -2, 0, 2, -10, 9] chain profiles 0 (states 0), maxw 0, DL_RC fails 0, key form fails 0; 9800 evals [3 s]
#   unit {"file": "k4_certs_5_pure.json.gz", "pos": 2428} k4_certs_5_pure.json.gz#2428[m=10,idx=382]: start [0, 0, 0, 0, -2, 0, 1, -34, 1] best [0, 0, 0, 0, -2, 0, 1, -30, 1] chain profiles 0 (states 0), maxw 0, DL_RC fails 0, key form fails 0; 9800 evals [3 s]
#   unit {"file": "k4_certs_5_pure.json.gz", "pos": 2444} k4_certs_5_pure.json.gz#2444[m=10,idx=398]: start [0, 0, 0, 0, -1000000, 0, 0, -1000000, 0] best [0, 0, 0, 0, -2, 0, 2, -21, 4] chain profiles 0 (states 0), maxw 0, DL_RC fails 0, key form fails 0; 9800 evals [3 s]
#   unit {"file": "k4_certs_5_pure.json.gz", "pos": 2452} k4_certs_5_pure.json.gz#2452[m=10,idx=406]: start [0, 0, 0, 0, -1000000, 0, 0, -1000000, 0] best [0, 0, 0, 0, -2, 0, 1, -24, 2] chain profiles 0 (states 0), maxw 0, DL_RC fails 0, key form fails 0; 9800 evals [3 s]
#   unit {"file": "k4_certs_5_pure.json.gz", "pos": 2457} k4_certs_5_pure.json.gz#2457[m=10,idx=411]: start [0, 0, 0, 0, -2, 0, 1, -63, 2] best [0, 0, 0, 0, -2, 0, 2, -30, 4] chain profiles 0 (states 0), maxw 0, DL_RC fails 0, key form fails 0; 9800 evals [3 s]
#   unit {"file": "k4_certs_5_pure.json.gz", "pos": 2529} k4_certs_5_pure.json.gz#2529[m=10,idx=483]: start [0, 0, 0, 0, -3, 0, 1, -23, 1] best [0, 0, 0, 0, -2, 0, 2, -13, 7] chain profiles 0 (states 0), maxw 0, DL_RC fails 0, key form fails 0; 9800 evals [3 s]
#   unit {"file": "k4_certs_5_pure.json.gz", "pos": 2570} k4_certs_5_pure.json.gz#2570[m=10,idx=524]: start [0, 0, 0, 0, -3, 0, 1, -28, 3] best [0, 0, 0, 0, -1, 0, 2, -9, 6] chain profiles 0 (states 0), maxw 0, DL_RC fails 0, key form fails 0; 9800 evals [3 s]
#   unit {"file": "k4_certs_5_pure.json.gz", "pos": 2628} k4_certs_5_pure.json.gz#2628[m=10,idx=582]: start [0, 0, 0, 0, -3, 0, 1, -37, 2] best [0, 0, 0, 0, -1, 0, 1, -11, 2] chain profiles 0 (states 0), maxw 0, DL_RC fails 0, key form fails 0; 9800 evals [3 s]
#   unit {"file": "k4_certs_5_pure.json.gz", "pos": 2629} k4_certs_5_pure.json.gz#2629[m=10,idx=583]: start [0, 0, 0, 0, -2, 0, 1, -86, 2] best [0, 0, 0, 0, -2, 0, 1, -36, 3] chain profiles 0 (states 0), maxw 0, DL_RC fails 0, key form fails 0; 9800 evals [3 s]
#   unit {"file": "k4_certs_5_pure.json.gz", "pos": 2655} k4_certs_5_pure.json.gz#2655[m=10,idx=609]: start [0, 0, 0, 0, -1000000, 0, 0, -1000000, 0] best [0, 0, 0, 0, -2, 0, 2, -25, 4] chain profiles 0 (states 0), maxw 0, DL_RC fails 0, key form fails 0; 9800 evals [3 s]
#   unit {"file": "k4_certs_5_pure.json.gz", "pos": 2665} k4_certs_5_pure.json.gz#2665[m=10,idx=619]: start [0, 0, 0, 0, -1000000, 0, 0, -1000000, 0] best [0, 0, 0, 0, -2, 0, 2, -25, 3] chain profiles 0 (states 0), maxw 0, DL_RC fails 0, key form fails 0; 9800 evals [3 s]
#   unit {"file": "k4_certs_5_pure.json.gz", "pos": 2764} k4_certs_5_pure.json.gz#2764[m=10,idx=718]: start [0, 0, 0, 0, -1000000, 0, 0, -1000000, 0] best [0, 0, 0, 0, -1, 0, 2, -6, 11] chain profiles 0 (states 0), maxw 0, DL_RC fails 0, key form fails 0; 9800 evals [3 s]
#   unit {"file": "k4_certs_5_pure.json.gz", "pos": 2772} k4_certs_5_pure.json.gz#2772[m=10,idx=726]: start [0, 0, 0, 0, -1000000, 0, 0, -1000000, 0] best [0, 0, 0, 0, -2, 0, 1, -35, 2] chain profiles 0 (states 0), maxw 0, DL_RC fails 0, key form fails 0; 9800 evals [3 s]
#   unit {"file": "k4_certs_5_pure.json.gz", "pos": 2811} k4_certs_5_pure.json.gz#2811[m=10,idx=765]: start [0, 0, 0, 0, -1000000, 0, 0, -1000000, 0] best [0, 0, 0, 0, -2, 0, 2, -13, 3] chain profiles 0 (states 0), maxw 0, DL_RC fails 0, key form fails 0; 9800 evals [2 s]
#   unit {"file": "k4_certs_5_pure.json.gz", "pos": 2791} k4_certs_5_pure.json.gz#2791[m=10,idx=745]: start [0, 0, 0, 0, -1000000, 0, 0, -1000000, 0] best [0, 0, 0, 0, -2, 1, 3, -20, 8] chain profiles 0 (states 0), maxw 0, DL_RC fails 0, key form fails 0; 9800 evals [3 s]
#   unit {"file": "k4_certs_5_pure.json.gz", "pos": 2819} k4_certs_5_pure.json.gz#2819[m=10,idx=773]: start [0, 0, 0, 0, -1000000, 0, 0, -1000000, 0] best [0, 0, 0, 0, -3, 0, 2, -16, 9] chain profiles 0 (states 0), maxw 0, DL_RC fails 0, key form fails 0; 9800 evals [3 s]
#   unit {"file": "k4_certs_5_pure.json.gz", "pos": 2800} k4_certs_5_pure.json.gz#2800[m=10,idx=754]: start [0, 0, 0, 0, -2, 0, 1, -48, 2] best [0, 0, 0, 0, -2, 0, 2, -27, 4] chain profiles 0 (states 0), maxw 0, DL_RC fails 0, key form fails 0; 9800 evals [4 s]
#   unit {"file": "k4_certs_5_pure.json.gz", "pos": 2879} k4_certs_5_pure.json.gz#2879[m=10,idx=833]: start [0, 0, 0, 0, -1000000, 0, 0, -1000000, 0] best [0, 0, 0, 0, -2, 0, 2, -24, 3] chain profiles 0 (states 0), maxw 0, DL_RC fails 0, key form fails 0; 9800 evals [3 s]
#   unit {"file": "k4_certs_5_pure.json.gz", "pos": 2914} k4_certs_5_pure.json.gz#2914[m=10,idx=868]: start [0, 0, 0, 0, -1000000, 0, 0, -1000000, 0] best [0, 0, 0, 0, -1, 0, 2, -12, 4] chain profiles 0 (states 0), maxw 0, DL_RC fails 0, key form fails 0; 9800 evals [3 s]
#   unit {"file": "k4_certs_5_pure.json.gz", "pos": 2922} k4_certs_5_pure.json.gz#2922[m=10,idx=876]: start [0, 0, 0, 0, -1000000, 0, 0, -1000000, 0] best [0, 0, 0, 0, -1, 0, 1, -38, 9] chain profiles 0 (states 0), maxw 0, DL_RC fails 0, key form fails 0; 9800 evals [3 s]
#   unit {"file": "k4_certs_5_pure.json.gz", "pos": 2924} k4_certs_5_pure.json.gz#2924[m=10,idx=878]: start [0, 0, 0, 0, -1000000, 0, 0, -1000000, 0] best [0, 0, 0, 0, -3, 0, 1, -19, 1] chain profiles 0 (states 0), maxw 0, DL_RC fails 0, key form fails 0; 9800 evals [3 s]
#   unit {"file": "k4_certs_5_pure.json.gz", "pos": 2982} k4_certs_5_pure.json.gz#2982[m=10,idx=936]: start [0, 0, 0, 0, -1000000, 0, 0, -1000000, 0] best [0, 0, 0, 0, -2, 0, 1, -29, 1] chain profiles 0 (states 0), maxw 0, DL_RC fails 0, key form fails 0; 9800 evals [3 s]
#   unit {"file": "k4_certs_5_pure.json.gz", "pos": 2950} k4_certs_5_pure.json.gz#2950[m=10,idx=904]: start [0, 0, 0, 0, -4, 0, 1, -38, 1] best [0, 0, 0, 0, -1, 0, 2, -27, 12] chain profiles 0 (states 0), maxw 0, DL_RC fails 0, key form fails 0; 9800 evals [3 s]
#   unit {"file": "k4_certs_5_pure.json.gz", "pos": 2955} k4_certs_5_pure.json.gz#2955[m=10,idx=909]: start [0, 0, 0, 0, -2, 0, 1, -36, 2] best [0, 0, 0, 0, -2, 0, 1, -15, 1] chain profiles 0 (states 0), maxw 0, DL_RC fails 0, key form fails 0; 9800 evals [3 s]
#   unit {"file": "k4_certs_5_pure.json.gz", "pos": 2998} k4_certs_5_pure.json.gz#2998[m=10,idx=952]: start [0, 0, 0, 0, -1000000, 0, 0, -1000000, 0] best [0, 0, 0, 0, -2, 0, 1, -11, 3] chain profiles 0 (states 0), maxw 0, DL_RC fails 0, key form fails 0; 9800 evals [3 s]
#   unit {"file": "k4_certs_5_pure.json.gz", "pos": 3034} k4_certs_5_pure.json.gz#3034[m=10,idx=988]: start [0, 0, 0, 0, -3, 0, 1, -58, 1] best [0, 0, 0, 0, -1, 0, 1, -28, 3] chain profiles 0 (states 0), maxw 0, DL_RC fails 0, key form fails 0; 9800 evals [3 s]
#   unit {"file": "k4_certs_5_pure.json.gz", "pos": 3087} k4_certs_5_pure.json.gz#3087[m=10,idx=1041]: start [0, 0, 0, 0, -1000000, 0, 0, -1000000, 0] best [0, 0, 0, 0, -2, 0, 1, -21, 3] chain profiles 0 (states 0), maxw 0, DL_RC fails 0, key form fails 0; 9800 evals [3 s]
#   unit {"file": "k4_certs_5_pure.json.gz", "pos": 3024} k4_certs_5_pure.json.gz#3024[m=10,idx=978]: start [0, 0, 0, 0, -1000000, 0, 0, -1000000, 0] best [0, 0, 0, 0, -2, 0, 2, -23, 2] chain profiles 0 (states 0), maxw 0, DL_RC fails 0, key form fails 0; 9800 evals [3 s]
#   unit {"file": "k4_certs_5_pure.json.gz", "pos": 3075} k4_certs_5_pure.json.gz#3075[m=10,idx=1029]: start [0, 0, 0, 0, -2, 0, 1, -23, 1] best [0, 0, 0, 0, -1, 0, 2, -21, 9] chain profiles 0 (states 0), maxw 0, DL_RC fails 0, key form fails 0; 9800 evals [3 s]
#   unit {"file": "k4_certs_5_pure.json.gz", "pos": 3116} k4_certs_5_pure.json.gz#3116[m=10,idx=1070]: start [0, 0, 0, 0, -1000000, 0, 0, -1000000, 0] best [0, 0, 0, 0, -3, 0, 1, -28, 1] chain profiles 0 (states 0), maxw 0, DL_RC fails 0, key form fails 0; 9800 evals [2 s]
#   unit {"file": "k4_certs_5_pure.json.gz", "pos": 3105} k4_certs_5_pure.json.gz#3105[m=10,idx=1059]: start [0, 0, 0, 0, -1000000, 0, 0, -1000000, 0] best [0, 0, 0, 0, -2, 0, 2, -14, 20] chain profiles 0 (states 0), maxw 0, DL_RC fails 0, key form fails 0; 9800 evals [3 s]
#   unit {"file": "k4_certs_5_pure.json.gz", "pos": 3121} k4_certs_5_pure.json.gz#3121[m=10,idx=1075]: start [0, 0, 0, 0, -3, 0, 1, -65, 1] best [0, 0, 0, 0, -3, 0, 1, -27, 1] chain profiles 0 (states 0), maxw 0, DL_RC fails 0, key form fails 0; 9800 evals [3 s]
#   unit {"file": "k4_certs_5_pure.json.gz", "pos": 3090} k4_certs_5_pure.json.gz#3090[m=10,idx=1044]: start [0, 0, 0, 0, -1000000, 0, 0, -1000000, 0] best [0, 0, 0, 0, -2, 0, 2, -39, 8] chain profiles 0 (states 0), maxw 0, DL_RC fails 0, key form fails 0; 9800 evals [4 s]
#   unit {"file": "k4_certs_5_pure.json.gz", "pos": 3146} k4_certs_5_pure.json.gz#3146[m=10,idx=1100]: start [0, 0, 0, 0, -1000000, 0, 0, -1000000, 0] best [0, 0, 0, 0, -2, 0, 1, -29, 2] chain profiles 0 (states 0), maxw 0, DL_RC fails 0, key form fails 0; 9800 evals [3 s]
#   unit {"file": "k4_certs_5_pure.json.gz", "pos": 3165} k4_certs_5_pure.json.gz#3165[m=10,idx=1119]: start [0, 0, 0, 0, -3, 0, 1, -43, 1] best [0, 0, 0, 0, -2, 0, 1, -23, 1] chain profiles 0 (states 0), maxw 0, DL_RC fails 0, key form fails 0; 9800 evals [3 s]
#   unit {"file": "k4_certs_5_pure.json.gz", "pos": 3164} k4_certs_5_pure.json.gz#3164[m=10,idx=1118]: start [0, 0, 0, 0, -1000000, 0, 0, -1000000, 0] best [0, 0, 0, 0, -2, 0, 2, -12, 29] chain profiles 0 (states 0), maxw 0, DL_RC fails 0, key form fails 0; 9800 evals [4 s]
#   unit {"file": "k4_certs_5_pure.json.gz", "pos": 3198} k4_certs_5_pure.json.gz#3198[m=10,idx=1152]: start [0, 0, 0, 0, -2, 0, 1, -50, 1] best [0, 0, 0, 0, -2, 0, 2, -19, 15] chain profiles 0 (states 0), maxw 0, DL_RC fails 0, key form fails 0; 9800 evals [4 s]
#   unit {"file": "k4_certs_5_pure.json.gz", "pos": 3225} k4_certs_5_pure.json.gz#3225[m=10,idx=1179]: start [0, 0, 0, 0, -1000000, 0, 0, -1000000, 0] best [0, 0, 0, 0, -1, 0, 1, -16, 6] chain profiles 0 (states 0), maxw 0, DL_RC fails 0, key form fails 0; 9800 evals [3 s]
#   unit {"file": "k4_certs_5_pure.json.gz", "pos": 3246} k4_certs_5_pure.json.gz#3246[m=10,idx=1200]: start [0, 0, 0, 0, -1000000, 0, 0, -1000000, 0] best [0, 0, 0, 0, -2, 0, 1, -13, 2] chain profiles 0 (states 0), maxw 0, DL_RC fails 0, key form fails 0; 9800 evals [2 s]
#   unit {"file": "k4_certs_5_pure.json.gz", "pos": 3282} k4_certs_5_pure.json.gz#3282[m=10,idx=1236]: start [0, 0, 0, 0, -1000000, 0, 0, -1000000, 0] best [0, 0, 0, 0, -3, 0, 1, -27, 3] chain profiles 0 (states 0), maxw 0, DL_RC fails 0, key form fails 0; 9800 evals [2 s]
#   unit {"file": "k4_certs_5_pure.json.gz", "pos": 3335} k4_certs_5_pure.json.gz#3335[m=11,idx=52]: start [0, 0, 0, 0, -3, 0, 1, -28, 2] best [0, 0, 0, 0, -2, 0, 1, -21, 3] chain profiles 0 (states 0), maxw 0, DL_RC fails 0, key form fails 0; 9800 evals [4 s]
#   unit {"file": "k4_certs_5_pure.json.gz", "pos": 3298} k4_certs_5_pure.json.gz#3298[m=11,idx=15]: start [0, 0, 0, 0, -2, 0, 1, -71, 2] best [0, 0, 0, 0, -2, 0, 2, -11, 9] chain profiles 0 (states 0), maxw 0, DL_RC fails 0, key form fails 0; 9800 evals [5 s]
#   unit {"file": "k4_certs_5_pure.json.gz", "pos": 3300} k4_certs_5_pure.json.gz#3300[m=11,idx=17]: start [0, 0, 0, 0, -2, 0, 1, -38, 2] best [0, 0, 0, 0, -2, 0, 2, -12, 26] chain profiles 0 (states 0), maxw 0, DL_RC fails 0, key form fails 0; 9800 evals [5 s]
#   unit {"file": "k4_certs_5_pure.json.gz", "pos": 3339} k4_certs_5_pure.json.gz#3339[m=11,idx=56]: start [0, 0, 0, 0, -3, 0, 1, -30, 3] best [0, 0, 0, 0, -2, 0, 2, -18, 3] chain profiles 0 (states 0), maxw 0, DL_RC fails 0, key form fails 0; 9800 evals [4 s]
#   unit {"file": "k4_certs_5_pure.json.gz", "pos": 3359} k4_certs_5_pure.json.gz#3359[m=11,idx=76]: start [0, 0, 0, 0, -2, 0, 1, -28, 2] best [0, 0, 0, 0, -2, 0, 2, -17, 19] chain profiles 0 (states 0), maxw 0, DL_RC fails 0, key form fails 0; 9800 evals [4 s]
#   unit {"file": "k4_certs_5_pure.json.gz", "pos": 3415} k4_certs_5_pure.json.gz#3415[m=11,idx=132]: start [0, 0, 0, 0, -3, 0, 1, -23, 1] best [0, 0, 0, 0, -2, 0, 2, -19, 3] chain profiles 0 (states 0), maxw 0, DL_RC fails 0, key form fails 0; 9800 evals [4 s]
#   unit {"file": "k4_certs_5_pure.json.gz", "pos": 3423} k4_certs_5_pure.json.gz#3423[m=11,idx=140]: start [0, 0, 0, 0, -2, 0, 2, -26, 10] best [0, 0, 0, 0, -2, 0, 2, -25, 18] chain profiles 0 (states 0), maxw 0, DL_RC fails 0, key form fails 0; 9800 evals [4 s]
#   unit {"file": "k4_certs_5_pure.json.gz", "pos": 3436} k4_certs_5_pure.json.gz#3436[m=11,idx=153]: start [0, 0, 0, 0, -2, 0, 1, -155, 4] best [0, 0, 0, 0, -1, 0, 2, -17, 8] chain profiles 0 (states 0), maxw 0, DL_RC fails 0, key form fails 0; 9800 evals [4 s]
#   unit {"file": "k4_certs_5_pure.json.gz", "pos": 3468} k4_certs_5_pure.json.gz#3468[m=11,idx=185]: start [0, 0, 0, 0, -3, 0, 1, -39, 10] best [0, 0, 0, 0, -2, 0, 1, -8, 5] chain profiles 0 (states 0), maxw 0, DL_RC fails 0, key form fails 0; 9800 evals [4 s]
#   unit {"file": "k4_certs_5_pure.json.gz", "pos": 3490} k4_certs_5_pure.json.gz#3490[m=11,idx=207]: start [0, 0, 0, 0, -2, 0, 1, -75, 1] best [0, 0, 0, 0, -2, 0, 2, -24, 11] chain profiles 0 (states 0), maxw 0, DL_RC fails 0, key form fails 0; 9800 evals [4 s]
#   unit {"file": "k4_certs_5_pure.json.gz", "pos": 3531} k4_certs_5_pure.json.gz#3531[m=11,idx=248]: start [0, 0, 0, 0, -3, 0, 1, -18, 1] best [0, 0, 0, 0, -1, 0, 2, -8, 8] chain profiles 0 (states 0), maxw 0, DL_RC fails 0, key form fails 0; 9800 evals [3 s]
#   unit {"file": "k4_certs_5_pure.json.gz", "pos": 3542} k4_certs_5_pure.json.gz#3542[m=11,idx=259]: start [0, 0, 0, 0, -2, 0, 1, -122, 2] best [0, 0, 0, 0, -2, 0, 2, -16, 10] chain profiles 0 (states 0), maxw 0, DL_RC fails 0, key form fails 0; 9800 evals [4 s]
#   unit {"file": "k4_certs_5_pure.json.gz", "pos": 3600} k4_certs_5_pure.json.gz#3600[m=11,idx=317]: start [0, 0, 0, 0, -3, 0, 1, -25, 3] best [0, 0, 0, 0, -2, 0, 2, -14, 7] chain profiles 0 (states 0), maxw 0, DL_RC fails 0, key form fails 0; 9800 evals [3 s]
#   unit {"file": "k4_certs_5_pure.json.gz", "pos": 3568} k4_certs_5_pure.json.gz#3568[m=11,idx=285]: start [0, 0, 0, 0, -2, 0, 1, -38, 3] best [0, 0, 0, 0, -1, 0, 1, -12, 2] chain profiles 0 (states 0), maxw 0, DL_RC fails 0, key form fails 0; 9800 evals [4 s]
#   unit {"file": "k4_certs_5_pure.json.gz", "pos": 3616} k4_certs_5_pure.json.gz#3616[m=11,idx=333]: start [0, 0, 0, 0, -3, 0, 1, -33, 2] best [0, 0, 0, 0, -2, 0, 2, -11, 15] chain profiles 0 (states 0), maxw 0, DL_RC fails 0, key form fails 0; 9800 evals [4 s]
#   unit {"file": "k4_certs_5_pure.json.gz", "pos": 3646} k4_certs_5_pure.json.gz#3646[m=11,idx=363]: start [0, 0, 0, 0, -3, 0, 1, -29, 2] best [0, 0, 0, 0, -2, 4, 3, -16, 12] chain profiles 0 (states 0), maxw 0, DL_RC fails 0, key form fails 0; 9800 evals [4 s]
#   unit {"file": "k4_certs_5_pure.json.gz", "pos": 3654} k4_certs_5_pure.json.gz#3654[m=11,idx=371]: start [0, 0, 0, 0, -1000000, 0, 0, -1000000, 0] best [0, 0, 0, 0, -2, 0, 1, -11, 1] chain profiles 0 (states 0), maxw 0, DL_RC fails 0, key form fails 0; 9800 evals [4 s]
#   unit {"file": "k4_certs_5_pure.json.gz", "pos": 3655} k4_certs_5_pure.json.gz#3655[m=11,idx=372]: start [0, 0, 0, 0, -3, 0, 1, -37, 2] best [0, 0, 0, 0, -2, 0, 1, -25, 2] chain profiles 0 (states 0), maxw 0, DL_RC fails 0, key form fails 0; 9800 evals [4 s]
#   unit {"file": "k4_certs_5_pure.json.gz", "pos": 3708} k4_certs_5_pure.json.gz#3708[m=11,idx=425]: start [0, 0, 0, 0, -2, 0, 1, -66, 2] best [0, 0, 0, 0, -1, 0, 2, -10, 9] chain profiles 0 (states 0), maxw 0, DL_RC fails 0, key form fails 0; 9800 evals [5 s]
#   unit {"file": "k4_certs_5_pure.json.gz", "pos": 3712} k4_certs_5_pure.json.gz#3712[m=11,idx=429]: start [0, 0, 0, 0, -2, 0, 1, -35, 7] best [0, 0, 0, 0, -2, 0, 2, -19, 7] chain profiles 0 (states 0), maxw 0, DL_RC fails 0, key form fails 0; 9800 evals [4 s]
#   unit {"file": "k4_certs_5_pure.json.gz", "pos": 3730} k4_certs_5_pure.json.gz#3730[m=11,idx=447]: start [0, 0, 0, 0, -3, 0, 1, -19, 2] best [0, 0, 0, 0, -2, 0, 2, -21, 2] chain profiles 0 (states 0), maxw 0, DL_RC fails 0, key form fails 0; 9800 evals [4 s]
#   unit {"file": "k4_certs_5_pure.json.gz", "pos": 3737} k4_certs_5_pure.json.gz#3737[m=11,idx=454]: start [0, 0, 0, 0, -3, 0, 1, -61, 1] best [0, 0, 0, 0, -2, 0, 2, -16, 16] chain profiles 0 (states 0), maxw 0, DL_RC fails 0, key form fails 0; 9800 evals [4 s]
#   unit {"file": "k4_certs_5_pure.json.gz", "pos": 3761} k4_certs_5_pure.json.gz#3761[m=11,idx=478]: start [0, 0, 0, 0, -2, 0, 1, -33, 1] best [0, 0, 0, 0, -2, 0, 2, -14, 23] chain profiles 0 (states 0), maxw 0, DL_RC fails 0, key form fails 0; 9800 evals [4 s]
#   unit {"file": "k4_certs_5_pure.json.gz", "pos": 3876} k4_certs_5_pure.json.gz#3876[m=11,idx=593]: start [0, 0, 0, 0, -2, 0, 1, -118, 2] best [0, 0, 0, 0, -2, 0, 2, -13, 18] chain profiles 0 (states 0), maxw 0, DL_RC fails 0, key form fails 0; 9800 evals [5 s]
#   unit {"file": "k4_certs_5_pure.json.gz", "pos": 3860} k4_certs_5_pure.json.gz#3860[m=11,idx=577]: start [0, 0, 0, 0, -2, 0, 1, -81, 8] best [0, 0, 0, 0, -1, 0, 2, -16, 25] chain profiles 0 (states 0), maxw 0, DL_RC fails 0, key form fails 0; 9800 evals [6 s]
#   unit {"file": "k4_certs_5_pure.json.gz", "pos": 3885} k4_certs_5_pure.json.gz#3885[m=11,idx=602]: start [0, 0, 0, 0, -3, 0, 1, -44, 1] best [0, 0, 0, 0, -1, 0, 2, -16, 34] chain profiles 0 (states 0), maxw 0, DL_RC fails 0, key form fails 0; 9800 evals [6 s]
#   unit {"file": "k4_certs_5_pure.json.gz", "pos": 3973} k4_certs_5_pure.json.gz#3973[m=11,idx=690]: start [0, 0, 0, 0, -3, 0, 1, -18, 3] best [0, 0, 0, 0, -2, 0, 2, -14, 8] chain profiles 0 (states 0), maxw 0, DL_RC fails 0, key form fails 0; 9800 evals [6 s]
#   unit {"file": "k4_certs_5_pure.json.gz", "pos": 3999} k4_certs_5_pure.json.gz#3999[m=11,idx=716]: start [0, 0, 0, 0, -2, 0, 1, -40, 2] best [0, 0, 0, 0, -2, 0, 2, -21, 2] chain profiles 0 (states 0), maxw 0, DL_RC fails 0, key form fails 0; 9800 evals [5 s]
#   unit {"file": "k4_certs_5_pure.json.gz", "pos": 3992} k4_certs_5_pure.json.gz#3992[m=11,idx=709]: start [0, 0, 0, 0, -2, 0, 1, -42, 2] best [0, 0, 0, 0, -2, 0, 2, -15, 6] chain profiles 0 (states 0), maxw 0, DL_RC fails 0, key form fails 0; 9800 evals [7 s]
#   unit {"file": "k4_certs_5_pure.json.gz", "pos": 4052} k4_certs_5_pure.json.gz#4052[m=11,idx=769]: start [0, 0, 0, 0, -2, 0, 1, -71, 3] best [0, 0, 0, 0, -2, 0, 2, -17, 3] chain profiles 0 (states 0), maxw 0, DL_RC fails 0, key form fails 0; 9800 evals [5 s]
#   unit {"file": "k4_certs_5_pure.json.gz", "pos": 4003} k4_certs_5_pure.json.gz#4003[m=11,idx=720]: start [0, 0, 0, 0, -2, 0, 1, -60, 5] best [0, 0, 0, 0, -2, 0, 2, -32, 3] chain profiles 0 (states 0), maxw 0, DL_RC fails 0, key form fails 0; 9800 evals [6 s]
#   unit {"file": "k4_certs_5_pure.json.gz", "pos": 4054} k4_certs_5_pure.json.gz#4054[m=11,idx=771]: start [0, 0, 0, 0, -3, 0, 1, -43, 4] best [0, 0, 0, 0, -2, 0, 2, -17, 9] chain profiles 0 (states 0), maxw 0, DL_RC fails 0, key form fails 0; 9800 evals [5 s]
#   unit {"file": "k4_certs_5_pure.json.gz", "pos": 4073} k4_certs_5_pure.json.gz#4073[m=11,idx=790]: start [0, 0, 0, 0, -3, 0, 1, -60, 1] best [0, 0, 0, 0, -1, 0, 2, -18, 16] chain profiles 0 (states 0), maxw 0, DL_RC fails 0, key form fails 0; 9800 evals [6 s]
#   unit {"file": "k4_certs_5_pure.json.gz", "pos": 4076} k4_certs_5_pure.json.gz#4076[m=11,idx=793]: start [0, 0, 0, 0, -2, 0, 1, -127, 2] best [0, 0, 0, 0, -1, 0, 1, -1, 1] chain profiles 0 (states 0), maxw 0, DL_RC fails 0, key form fails 0; 9800 evals [4 s]
#   unit {"file": "k4_certs_5_pure.json.gz", "pos": 4087} k4_certs_5_pure.json.gz#4087[m=11,idx=804]: start [0, 0, 0, 0, -2, 0, 1, -144, 4] best [0, 0, 0, 0, -2, 0, 1, -10, 1] chain profiles 0 (states 0), maxw 0, DL_RC fails 0, key form fails 0; 9800 evals [4 s]
#   unit {"file": "k4_certs_5_pure.json.gz", "pos": 4108} k4_certs_5_pure.json.gz#4108[m=11,idx=825]: start [0, 0, 0, 0, -2, 0, 1, -137, 3] best [0, 0, 0, 0, -2, 0, 2, -11, 15] chain profiles 0 (states 0), maxw 0, DL_RC fails 0, key form fails 0; 9800 evals [6 s]
#   unit {"file": "k4_certs_5_pure.json.gz", "pos": 4117} k4_certs_5_pure.json.gz#4117[m=11,idx=834]: start [0, 0, 0, 0, -1000000, 0, 0, -1000000, 0] best [0, 0, 0, 0, -2, 0, 1, -14, 1] chain profiles 0 (states 0), maxw 0, DL_RC fails 0, key form fails 0; 9800 evals [4 s]
#   unit {"file": "k4_certs_5_pure.json.gz", "pos": 4125} k4_certs_5_pure.json.gz#4125[m=11,idx=842]: start [0, 0, 0, 0, -3, 0, 1, -36, 1] best [0, 0, 0, 0, -2, 0, 2, -28, 6] chain profiles 0 (states 0), maxw 0, DL_RC fails 0, key form fails 0; 9800 evals [5 s]
#   unit {"file": "k4_certs_5_pure.json.gz", "pos": 4136} k4_certs_5_pure.json.gz#4136[m=11,idx=853]: start [0, 0, 0, 0, -1000000, 0, 0, -1000000, 0] best [0, 0, 0, 0, -1, 1, 3, -11, 2] chain profiles 0 (states 0), maxw 0, DL_RC fails 0, key form fails 0; 9800 evals [5 s]
#   unit {"file": "k4_certs_5_pure.json.gz", "pos": 4156} k4_certs_5_pure.json.gz#4156[m=12,idx=11]: start [0, 0, 0, 0, -2, 0, 1, -45, 12] best [0, 0, 0, 0, -1, 0, 2, -17, 12] chain profiles 0 (states 0), maxw 0, DL_RC fails 0, key form fails 0; 9800 evals [7 s]
#   unit {"file": "k4_certs_5_pure.json.gz", "pos": 4176} k4_certs_5_pure.json.gz#4176[m=12,idx=31]: start [0, 0, 0, 0, -2, 0, 1, -26, 15] best [0, 0, 0, 0, -1, 0, 1, -25, 18] chain profiles 0 (states 0), maxw 0, DL_RC fails 0, key form fails 0; 9800 evals [7 s]
#   unit {"file": "k4_certs_5_pure.json.gz", "pos": 4148} k4_certs_5_pure.json.gz#4148[m=12,idx=3]: start [0, 0, 0, 0, -2, 0, 1, -52, 2] best [0, 0, 0, 0, -1, 0, 1, -32, 13] chain profiles 0 (states 0), maxw 0, DL_RC fails 0, key form fails 0; 9800 evals [9 s]
#   unit {"file": "k4_certs_5_pure.json.gz", "pos": 4214} k4_certs_5_pure.json.gz#4214[m=12,idx=69]: start [0, 0, 0, 0, -2, 0, 2, -80, 25] best [0, 0, 14, 0, -1, 14, 3, -13, 74] chain profiles 169 (states 1654), maxw 1, DL_RC fails 0, key form fails 0; 9800 evals [10 s]
#   unit {"file": "k4_certs_5_pure.json.gz", "pos": 4233} k4_certs_5_pure.json.gz#4233[m=12,idx=88]: start [0, 0, 0, 0, -2, 0, 1, -67, 2] best [0, 0, 0, 0, -2, 0, 1, -23, 5] chain profiles 0 (states 0), maxw 0, DL_RC fails 0, key form fails 0; 9800 evals [5 s]
#   unit {"file": "k4_certs_5_pure.json.gz", "pos": 4261} k4_certs_5_pure.json.gz#4261[m=12,idx=116]: start [0, 0, 0, 0, -2, 0, 1, -24, 14] best [0, 0, 0, 0, -1, 0, 1, -17, 3] chain profiles 0 (states 0), maxw 0, DL_RC fails 0, key form fails 0; 9800 evals [6 s]
#   unit {"file": "k4_certs_5_pure.json.gz", "pos": 4258} k4_certs_5_pure.json.gz#4258[m=12,idx=113]: start [0, 0, 0, 0, -2, 0, 1, -79, 30] best [0, 0, 0, 0, -1, 0, 2, -13, 18] chain profiles 0 (states 0), maxw 0, DL_RC fails 0, key form fails 0; 9800 evals [10 s]
#   unit {"file": "k4_certs_5_pure.json.gz", "pos": 4306} k4_certs_5_pure.json.gz#4306[m=12,idx=161]: start [0, 0, 0, 0, -3, 0, 1, -26, 3] best [0, 0, 0, 0, -2, 0, 2, -10, 4] chain profiles 0 (states 0), maxw 0, DL_RC fails 0, key form fails 0; 9800 evals [6 s]
#   unit {"file": "k4_certs_5_pure.json.gz", "pos": 4319} k4_certs_5_pure.json.gz#4319[m=12,idx=174]: start [0, 0, 0, 0, -2, 0, 1, -27, 5] best [0, 0, 0, 0, -1, 0, 2, -16, 11] chain profiles 0 (states 0), maxw 0, DL_RC fails 0, key form fails 0; 9800 evals [5 s]
#   unit {"file": "k4_certs_5_pure.json.gz", "pos": 4267} k4_certs_5_pure.json.gz#4267[m=12,idx=122]: start [0, 0, 0, 0, -3, 0, 2, -31, 5] best [0, 0, 0, 0, -1, 0, 2, -21, 52] chain profiles 0 (states 0), maxw 0, DL_RC fails 0, key form fails 0; 9800 evals [12 s]
#   unit {"file": "k4_certs_5_pure.json.gz", "pos": 4324} k4_certs_5_pure.json.gz#4324[m=12,idx=179]: start [0, 0, 0, 0, -2, 0, 1, -54, 2] best [0, 0, 0, 0, -2, 0, 2, -14, 7] chain profiles 0 (states 0), maxw 0, DL_RC fails 0, key form fails 0; 9800 evals [6 s]
#   unit {"file": "k4_certs_5_pure.json.gz", "pos": 4331} k4_certs_5_pure.json.gz#4331[m=12,idx=186]: start [0, 0, 0, 0, -3, 0, 1, -147, 8] best [0, 0, 0, 0, -2, 0, 2, -9, 9] chain profiles 0 (states 0), maxw 0, DL_RC fails 0, key form fails 0; 9800 evals [8 s]
#   unit {"file": "k4_certs_5_pure.json.gz", "pos": 4356} k4_certs_5_pure.json.gz#4356[m=12,idx=211]: start [0, 0, 0, 0, -2, 0, 1, -26, 2] best [0, 0, 0, 0, -1, 0, 1, -18, 8] chain profiles 0 (states 0), maxw 0, DL_RC fails 0, key form fails 0; 9800 evals [9 s]
#   unit {"file": "k4_certs_5_pure.json.gz", "pos": 4421} k4_certs_5_pure.json.gz#4421[m=12,idx=276]: start [0, 0, 0, 0, -2, 0, 1, -32, 3] best [0, 0, 0, 0, -1, 0, 2, -12, 51] chain profiles 0 (states 0), maxw 0, DL_RC fails 0, key form fails 0; 9800 evals [8 s]
#   unit {"file": "k4_certs_5_pure.json.gz", "pos": 4464} k4_certs_5_pure.json.gz#4464[m=12,idx=319]: start [0, 0, 0, 0, -2, 0, 1, -38, 1] best [0, 0, 0, 0, -1, 0, 2, -12, 44] chain profiles 0 (states 0), maxw 0, DL_RC fails 0, key form fails 0; 9800 evals [8 s]
#   unit {"file": "k4_certs_5_pure.json.gz", "pos": 4483} k4_certs_5_pure.json.gz#4483[m=12,idx=338]: start [0, 0, 0, 0, -2, 0, 1, -33, 4] best [0, 0, 0, 0, -2, 0, 2, -16, 4] chain profiles 0 (states 0), maxw 0, DL_RC fails 0, key form fails 0; 9800 evals [6 s]
#   unit {"file": "k4_certs_5_pure.json.gz", "pos": 4619} k4_certs_5_pure.json.gz#4619[m=13,idx=73]: start [0, 0, 0, 0, -2, 0, 1, -34, 2] best [0, 0, 0, 0, -2, 0, 2, -5, 9] chain profiles 0 (states 0), maxw 0, DL_RC fails 0, key form fails 0; 9800 evals [6 s]
#   unit {"file": "k4_certs_5_pure.json.gz", "pos": 4565} k4_certs_5_pure.json.gz#4565[m=13,idx=19]: start [0, 0, 0, 0, -2, 0, 1, -19, 2] best [0, 0, 0, 0, -2, 0, 1, -19, 2] chain profiles 0 (states 0), maxw 0, DL_RC fails 0, key form fails 0; 9800 evals [9 s]
#   unit {"file": "k4_certs_5_pure.json.gz", "pos": 4620} k4_certs_5_pure.json.gz#4620[m=13,idx=74]: start [0, 0, 0, 0, -2, 0, 1, -25, 2] best [0, 0, 0, 0, -1, 0, 2, -10, 72] chain profiles 0 (states 0), maxw 0, DL_RC fails 0, key form fails 0; 9800 evals [15 s]
#   unit {"file": "k4_certs_5_pure.json.gz", "pos": 4661} k4_certs_5_pure.json.gz#4661[m=14,idx=5]: start [0, 0, 0, 0, -2, 0, 2, -44, 53] best [0, 0, 0, 0, -1, 0, 2, -3, 82] chain profiles 0 (states 0), maxw 0, DL_RC fails 0, key form fails 0; 9800 evals [22 s]
#   unit {"file": "k4_certs_5_pure.json.gz", "pos": 4662} k4_certs_5_pure.json.gz#4662[m=14,idx=6]: start [0, 0, 0, 0, -2, 0, 1, -35, 8] best [0, 0, 0, 0, -1, 0, 2, -34, 23] chain profiles 0 (states 0), maxw 0, DL_RC fails 0, key form fails 0; 9800 evals [24 s]
TOTAL certs_pure: units 200, profiles evaluated 1960000 (with repeats; def > 0 states with f >= 1 in them: 2188904), unit time 662 s (this session 177 s wall); units reaching a chain state 1, distinct chain profiles 169 (chain states 1654), largest least |W| at a chain state 1; units with a DL_RC failure 0, with a key-form failure 0
best units (score order rcf kf chain chain3 -gap c3 kstar -minmv st1):
  {"file": "k4_certs_5_pure.json.gz", "pos": 4214} k4_certs_5_pure.json.gz#4214[m=12,idx=69] n=5 m=12 best [0, 0, 14, 0, -1, 14, 3, -13, 74] prof [44, 6, 6, 44, 45] H {'f': 2, 'st1': 74, 'rt4f': 14, 'rcf': 0, 'ch': 14, 'ch3': 0, 'chw2': 0, 'gap': 1, 'c3': 14, 'mv': 13, 'kf': 0, 'kfk': 0, 'maxw': 1, 'kstar': 3}
  {"file": "k4_certs_5_pure.json.gz", "pos": 4136} k4_certs_5_pure.json.gz#4136[m=11,idx=853] n=5 m=11 best [0, 0, 0, 0, -1, 1, 3, -11, 2] prof [36, 31, 213, 258, 18] H {'f': 2, 'st1': 2, 'rt4f': 0, 'rcf': 0, 'ch': 0, 'ch3': 0, 'chw2': 0, 'gap': 1, 'c3': 1, 'mv': 11, 'kf': 0, 'kfk': 0, 'maxw': 0, 'kstar': 3}
  {"file": "k4_certs_5_pure.json.gz", "pos": 4661} k4_certs_5_pure.json.gz#4661[m=14,idx=5] n=5 m=14 best [0, 0, 0, 0, -1, 0, 2, -3, 82] prof [6, 95, 95, 67, 8] H {'f': 1, 'st1': 82, 'rt4f': 0, 'rcf': 0, 'ch': 0, 'ch3': 0, 'chw2': 0, 'gap': 1, 'c3': 0, 'mv': 3, 'kf': 0, 'kfk': 0, 'maxw': 0, 'kstar': 2}
  {"file": "k4_certs_5_pure.json.gz", "pos": 2764} k4_certs_5_pure.json.gz#2764[m=10,idx=718] n=5 m=10 best [0, 0, 0, 0, -1, 0, 2, -6, 11] prof [7, 46, 36, 64, 44] H {'f': 3, 'st1': 11, 'rt4f': 0, 'rcf': 0, 'ch': 0, 'ch3': 0, 'chw2': 0, 'gap': 1, 'c3': 0, 'mv': 6, 'kf': 0, 'kfk': 0, 'maxw': 0, 'kstar': 2}
  {"file": "k4_certs_5_pure.json.gz", "pos": 3531} k4_certs_5_pure.json.gz#3531[m=11,idx=248] n=5 m=11 best [0, 0, 0, 0, -1, 0, 2, -8, 8] prof [46, 7, 30, 260, 131] H {'f': 3, 'st1': 8, 'rt4f': 0, 'rcf': 0, 'ch': 0, 'ch3': 0, 'chw2': 0, 'gap': 1, 'c3': 0, 'mv': 8, 'kf': 0, 'kfk': 0, 'maxw': 0, 'kstar': 2}
  {"file": "k4_certs_5_pure.json.gz", "pos": 2570} k4_certs_5_pure.json.gz#2570[m=10,idx=524] n=5 m=10 best [0, 0, 0, 0, -1, 0, 2, -9, 6] prof [6, 72, 109, 45, 9] H {'f': 3, 'st1': 6, 'rt4f': 0, 'rcf': 0, 'ch': 0, 'ch3': 0, 'chw2': 0, 'gap': 1, 'c3': 0, 'mv': 9, 'kf': 0, 'kfk': 0, 'maxw': 0, 'kstar': 2}
  {"file": "k4_certs_5_pure.json.gz", "pos": 4620} k4_certs_5_pure.json.gz#4620[m=13,idx=74] n=5 m=13 best [0, 0, 0, 0, -1, 0, 2, -10, 72] prof [40, 6, 6, 64, 135] H {'f': 2, 'st1': 72, 'rt4f': 0, 'rcf': 0, 'ch': 0, 'ch3': 0, 'chw2': 0, 'gap': 1, 'c3': 0, 'mv': 10, 'kf': 0, 'kfk': 0, 'maxw': 0, 'kstar': 2}
  {"file": "k4_certs_5_pure.json.gz", "pos": 3708} k4_certs_5_pure.json.gz#3708[m=11,idx=425] n=5 m=11 best [0, 0, 0, 0, -1, 0, 2, -10, 9] prof [79, 65, 31, 8, 44] H {'f': 2, 'st1': 9, 'rt4f': 0, 'rcf': 0, 'ch': 0, 'ch3': 0, 'chw2': 0, 'gap': 1, 'c3': 0, 'mv': 10, 'kf': 0, 'kfk': 0, 'maxw': 0, 'kstar': 2}
  {"file": "k4_certs_5_pure.json.gz", "pos": 2372} k4_certs_5_pure.json.gz#2372[m=10,idx=326] n=5 m=10 best [0, 0, 0, 0, -1, 0, 2, -11, 5] prof [104, 42, 77, 129, 31] H {'f': 3, 'st1': 5, 'rt4f': 0, 'rcf': 0, 'ch': 0, 'ch3': 0, 'chw2': 0, 'gap': 1, 'c3': 0, 'mv': 11, 'kf': 0, 'kfk': 0, 'maxw': 0, 'kstar': 2}
  {"file": "k4_certs_5_pure.json.gz", "pos": 4421} k4_certs_5_pure.json.gz#4421[m=12,idx=276] n=5 m=12 best [0, 0, 0, 0, -1, 0, 2, -12, 51] prof [44, 102, 43, 6, 88] H {'f': 2, 'st1': 51, 'rt4f': 0, 'rcf': 0, 'ch': 0, 'ch3': 0, 'chw2': 0, 'gap': 1, 'c3': 0, 'mv': 12, 'kf': 0, 'kfk': 0, 'maxw': 0, 'kstar': 2}
  {"file": "k4_certs_5_pure.json.gz", "pos": 4464} k4_certs_5_pure.json.gz#4464[m=12,idx=319] n=5 m=12 best [0, 0, 0, 0, -1, 0, 2, -12, 44] prof [72, 6, 20, 134, 42] H {'f': 2, 'st1': 44, 'rt4f': 0, 'rcf': 0, 'ch': 0, 'ch3': 0, 'chw2': 0, 'gap': 1, 'c3': 0, 'mv': 12, 'kf': 0, 'kfk': 0, 'maxw': 0, 'kstar': 2}
  {"file": "k4_certs_5_pure.json.gz", "pos": 2914} k4_certs_5_pure.json.gz#2914[m=10,idx=868] n=5 m=10 best [0, 0, 0, 0, -1, 0, 2, -12, 4] prof [22, 134, 180, 10, 46] H {'f': 2, 'st1': 4, 'rt4f': 0, 'rcf': 0, 'ch': 0, 'ch3': 0, 'chw2': 0, 'gap': 1, 'c3': 0, 'mv': 12, 'kf': 0, 'kfk': 0, 'maxw': 0, 'kstar': 2}
  {"file": "k4_certs_5_pure.json.gz", "pos": 4258} k4_certs_5_pure.json.gz#4258[m=12,idx=113] n=5 m=12 best [0, 0, 0, 0, -1, 0, 2, -13, 18] prof [92, 34, 159, 188, 44] H {'f': 1, 'st1': 18, 'rt4f': 0, 'rcf': 0, 'ch': 0, 'ch3': 0, 'chw2': 0, 'gap': 1, 'c3': 0, 'mv': 13, 'kf': 0, 'kfk': 0, 'maxw': 0, 'kstar': 2}
  {"file": "k4_certs_5_pure.json.gz", "pos": 1642} k4_certs_5_pure.json.gz#1642[m=9,idx=715] n=5 m=9 best [0, 0, 0, 0, -1, 0, 2, -13, 2] prof [150, 81, 114, 48, 36] H {'f': 3, 'st1': 2, 'rt4f': 0, 'rcf': 0, 'ch': 0, 'ch3': 0, 'chw2': 0, 'gap': 1, 'c3': 0, 'mv': 13, 'kf': 0, 'kfk': 0, 'maxw': 0, 'kstar': 2}
  {"file": "k4_certs_5_pure.json.gz", "pos": 3885} k4_certs_5_pure.json.gz#3885[m=11,idx=602] n=5 m=11 best [0, 0, 0, 0, -1, 0, 2, -16, 34] prof [6, 170, 10, 80, 23] H {'f': 2, 'st1': 34, 'rt4f': 0, 'rcf': 0, 'ch': 0, 'ch3': 0, 'chw2': 0, 'gap': 1, 'c3': 0, 'mv': 16, 'kf': 0, 'kfk': 0, 'maxw': 0, 'kstar': 2}
