# command: python3 k4/dlrc_hunt.py ranked_n4_4 ranked results/k4_certs_5_n4_4.json.gz /tmp/k4_rc_ckpts/ckpt_n5b_4.jsonl results/k4_rc/ckpt_c_n4_4.jsonl --top=200 --steps=800 --jobs=4 --seed=3
# dlrc.c sha256 f1cf4cc169a347625e5a84bd9c7a8c218f791de6e2a7ce466f59ce357000b1f7; dlrc_hunt.py sha256 7fc97147ecb792b1b5354e992012778f63dd6edb9ad28ce878bf645e0390730f
# ranked results/k4_certs_5_n4_4.json.gz /tmp/k4_rc_ckpts/ckpt_n5b_4.jsonl results/k4_rc/ckpt_c_n4_4.jsonl: 200 units, 200 to run, 0 from the checkpoint; options {'steps': 800, 'batch': 24, 'obj': 'std', 'bt': 0.5, 'seed': 3, 'init': 200, 'stale': 40}
#   unit {"file": "k4_certs_5_n4_4.json.gz", "pos": 3521, "rank": [2, 2, 12, 12]} k4_certs_5_n4_4.json.gz#3521[m=9,idx=679]: start [0, 0, 0, 0, -1000000, 0, 0, -1000000, 0] best [0, 0, 0, 0, -1000000, 0, 0, -1000000, 0] chain profiles 0 (states 0), maxw 0, DL_RC fails 0, key form fails 0; 19400 evals [4 s]
#   unit {"file": "k4_certs_5_n4_4.json.gz", "pos": 1217, "rank": [0, 1, 11, 11]} k4_certs_5_n4_4.json.gz#1217[m=8,idx=307]: start [0, 0, 0, 0, -1000000, 0, 0, -1000000, 0] best [0, 0, 0, 0, -1000000, 0, 0, -1000000, 0] chain profiles 0 (states 0), maxw 0, DL_RC fails 0, key form fails 0; 19400 evals [4 s]
#   unit {"file": "k4_certs_5_n4_4.json.gz", "pos": 3206, "rank": [1, 1, 14, 16]} k4_certs_5_n4_4.json.gz#3206[m=9,idx=364]: start [0, 0, 0, 0, -1000000, 0, 0, -1000000, 0] best [0, 0, 0, 0, -3, 0, 1, -16, 2] chain profiles 0 (states 0), maxw 0, DL_RC fails 0, key form fails 0; 19400 evals [4 s]
#   unit {"file": "k4_certs_5_n4_4.json.gz", "pos": 1096, "rank": [0, 0, 88, 88]} k4_certs_5_n4_4.json.gz#1096[m=8,idx=186]: start [0, 0, 0, 0, -1000000, 0, 0, -1000000, 0] best [0, 0, 0, 0, -2, 0, 2, -23, 1] chain profiles 0 (states 0), maxw 0, DL_RC fails 0, key form fails 0; 19400 evals [4 s]
#   unit {"file": "k4_certs_5_n4_4.json.gz", "pos": 3131, "rank": [0, 0, 41, 47]} k4_certs_5_n4_4.json.gz#3131[m=9,idx=289]: start [0, 0, 0, 0, -1000000, 0, 0, -1000000, 0] best [0, 0, 0, 0, -2, 0, 1, -15, 1] chain profiles 0 (states 0), maxw 0, DL_RC fails 0, key form fails 0; 19400 evals [4 s]
#   unit {"file": "k4_certs_5_n4_4.json.gz", "pos": 3166, "rank": [0, 0, 42, 42]} k4_certs_5_n4_4.json.gz#3166[m=9,idx=324]: start [0, 0, 0, 0, -1000000, 0, 0, -1000000, 0] best [0, 0, 0, 0, -2, 0, 2, -10, 5] chain profiles 0 (states 0), maxw 0, DL_RC fails 0, key form fails 0; 19400 evals [5 s]
#   unit {"file": "k4_certs_5_n4_4.json.gz", "pos": 8350, "rank": [0, 0, 49, 1363]} k4_certs_5_n4_4.json.gz#8350[m=11,idx=227]: start [0, 0, 0, 0, -2, 0, 2, -18, 5] best [0, 0, 0, 0, -1, 0, 2, -20, 13] chain profiles 0 (states 0), maxw 0, DL_RC fails 0, key form fails 0; 19400 evals [12 s]
#   unit {"file": "k4_certs_5_n4_4.json.gz", "pos": 8866, "rank": [0, 0, 49, 241]} k4_certs_5_n4_4.json.gz#8866[m=11,idx=743]: start [0, 0, 0, 0, -3, 0, 1, -50, 2] best [0, 0, 0, 0, -1, 0, 2, -12, 39] chain profiles 0 (states 0), maxw 0, DL_RC fails 0, key form fails 0; 19400 evals [14 s]
#   unit {"file": "k4_certs_5_n4_4.json.gz", "pos": 8222, "rank": [0, 0, 40, 2335]} k4_certs_5_n4_4.json.gz#8222[m=11,idx=99]: start [0, 0, 0, 0, -2, 0, 1, -43, 1] best [0, 0, 0, 0, -2, 0, 2, -13, 4] chain profiles 0 (states 0), maxw 0, DL_RC fails 0, key form fails 0; 19400 evals [11 s]
#   unit {"file": "k4_certs_5_n4_4.json.gz", "pos": 1118, "rank": [0, 0, 40, 51]} k4_certs_5_n4_4.json.gz#1118[m=8,idx=208]: start [0, 0, 0, 0, -1000000, 0, 0, -1000000, 0] best [0, 0, 0, 0, -1000000, 0, 0, -1000000, 0] chain profiles 0 (states 0), maxw 0, DL_RC fails 0, key form fails 0; 19400 evals [4 s]
#   unit {"file": "k4_certs_5_n4_4.json.gz", "pos": 3165, "rank": [0, 0, 40, 40]} k4_certs_5_n4_4.json.gz#3165[m=9,idx=323]: start [0, 0, 0, 0, -1000000, 0, 0, -1000000, 0] best [0, 0, 0, 0, -2, 0, 2, -19, 2] chain profiles 0 (states 0), maxw 0, DL_RC fails 0, key form fails 0; 19400 evals [4 s]
#   unit {"file": "k4_certs_5_n4_4.json.gz", "pos": 8196, "rank": [0, 0, 40, 488]} k4_certs_5_n4_4.json.gz#8196[m=11,idx=73]: start [0, 0, 0, 0, -2, 0, 1, -29, 7] best [0, 0, 0, 0, -1, 0, 2, -12, 43] chain profiles 0 (states 0), maxw 0, DL_RC fails 0, key form fails 0; 19400 evals [16 s]
#   unit {"file": "k4_certs_5_n4_4.json.gz", "pos": 8216, "rank": [0, 0, 39, 3435]} k4_certs_5_n4_4.json.gz#8216[m=11,idx=93]: start [0, 0, 0, 0, -2, 0, 1, -37, 8] best [0, 0, 0, 0, -2, 0, 2, -19, 8] chain profiles 0 (states 0), maxw 0, DL_RC fails 0, key form fails 0; 19400 evals [8 s]
#   unit {"file": "k4_certs_5_n4_4.json.gz", "pos": 8187, "rank": [0, 0, 38, 464]} k4_certs_5_n4_4.json.gz#8187[m=11,idx=64]: start [0, 0, 0, 0, -3, 0, 1, -15, 1] best [0, 0, 0, 0, -1, 0, 2, -8, 6] chain profiles 0 (states 0), maxw 0, DL_RC fails 0, key form fails 0; 19400 evals [10 s]
#   unit {"file": "k4_certs_5_n4_4.json.gz", "pos": 1187, "rank": [0, 0, 36, 37]} k4_certs_5_n4_4.json.gz#1187[m=8,idx=277]: start [0, 0, 0, 0, -1000000, 0, 0, -1000000, 0] best [0, 0, 0, 0, -2, 0, 2, -17, 2] chain profiles 0 (states 0), maxw 0, DL_RC fails 0, key form fails 0; 19400 evals [5 s]
#   unit {"file": "k4_certs_5_n4_4.json.gz", "pos": 6654, "rank": [0, 0, 34, 137]} k4_certs_5_n4_4.json.gz#6654[m=10,idx=983]: start [0, 0, 0, 0, -1000000, 0, 0, -1000000, 0] best [0, 0, 0, 0, -1, 0, 2, -6, 12] chain profiles 0 (states 0), maxw 0, DL_RC fails 0, key form fails 0; 19400 evals [7 s]
#   unit {"file": "k4_certs_5_n4_4.json.gz", "pos": 8189, "rank": [0, 0, 36, 225]} k4_certs_5_n4_4.json.gz#8189[m=11,idx=66]: start [0, 0, 0, 0, -2, 0, 1, -52, 2] best [0, 0, 0, 0, -1, 0, 2, -11, 28] chain profiles 0 (states 0), maxw 0, DL_RC fails 0, key form fails 0; 19400 evals [14 s]
#   unit {"file": "k4_certs_5_n4_4.json.gz", "pos": 8215, "rank": [0, 0, 30, 4434]} k4_certs_5_n4_4.json.gz#8215[m=11,idx=92]: start [0, 0, 0, 0, -2, 0, 1, -35, 14] best [0, 0, 0, 0, -1, 0, 1, -11, 3] chain profiles 0 (states 0), maxw 0, DL_RC fails 0, key form fails 0; 19400 evals [9 s]
#   unit {"file": "k4_certs_5_n4_4.json.gz", "pos": 8560, "rank": [0, 0, 32, 129]} k4_certs_5_n4_4.json.gz#8560[m=11,idx=437]: start [0, 0, 0, 0, -3, 0, 1, -132, 1] best [0, 0, 0, 0, -2, 0, 1, -27, 3] chain profiles 0 (states 0), maxw 0, DL_RC fails 0, key form fails 0; 19400 evals [12 s]
#   unit {"file": "k4_certs_5_n4_4.json.gz", "pos": 8224, "rank": [0, 0, 29, 1621]} k4_certs_5_n4_4.json.gz#8224[m=11,idx=101]: start [0, 0, 0, 0, -2, 0, 1, -28, 2] best [0, 0, 0, 0, -2, 0, 2, -13, 3] chain profiles 0 (states 0), maxw 0, DL_RC fails 0, key form fails 0; 19400 evals [8 s]
#   unit {"file": "k4_certs_5_n4_4.json.gz", "pos": 3132, "rank": [0, 0, 29, 29]} k4_certs_5_n4_4.json.gz#3132[m=9,idx=290]: start [0, 0, 0, 0, -1000000, 0, 0, -1000000, 0] best [0, 0, 0, 0, -2, 0, 2, -19, 7] chain profiles 0 (states 0), maxw 0, DL_RC fails 0, key form fails 0; 19400 evals [5 s]
#   unit {"file": "k4_certs_5_n4_4.json.gz", "pos": 8322, "rank": [0, 0, 29, 294]} k4_certs_5_n4_4.json.gz#8322[m=11,idx=199]: start [0, 0, 0, 0, -3, 0, 1, -19, 1] best [0, 0, 0, 0, -1, 0, 2, -19, 14] chain profiles 0 (states 0), maxw 0, DL_RC fails 0, key form fails 0; 19400 evals [10 s]
#   unit {"file": "k4_certs_5_n4_4.json.gz", "pos": 200, "rank": [0, 0, 28, 28]} k4_certs_5_n4_4.json.gz#200[m=7,idx=38]: start [0, 0, 0, 0, -1000000, 0, 0, -1000000, 0] best [0, 0, 0, 0, -1000000, 0, 0, -1000000, 0] chain profiles 0 (states 0), maxw 0, DL_RC fails 0, key form fails 0; 19400 evals [4 s]
#   unit {"file": "k4_certs_5_n4_4.json.gz", "pos": 8245, "rank": [0, 0, 26, 999]} k4_certs_5_n4_4.json.gz#8245[m=11,idx=122]: start [0, 0, 0, 0, -2, 0, 1, -24, 2] best [0, 0, 0, 0, -1, 0, 2, -7, 3] chain profiles 0 (states 0), maxw 0, DL_RC fails 0, key form fails 0; 19400 evals [7 s]
#   unit {"file": "k4_certs_5_n4_4.json.gz", "pos": 9021, "rank": [0, 0, 28, 225]} k4_certs_5_n4_4.json.gz#9021[m=11,idx=898]: start [0, 0, 0, 0, -3, 0, 1, -88, 4] best [0, 0, 0, 0, -2, 0, 2, -35, 3] chain profiles 0 (states 0), maxw 0, DL_RC fails 0, key form fails 0; 19400 evals [13 s]
#   unit {"file": "k4_certs_5_n4_4.json.gz", "pos": 8188, "rank": [0, 0, 27, 817]} k4_certs_5_n4_4.json.gz#8188[m=11,idx=65]: start [0, 0, 0, 0, -3, 0, 1, -57, 1] best [0, 0, 0, 0, -2, 0, 2, -26, 17] chain profiles 0 (states 0), maxw 0, DL_RC fails 0, key form fails 0; 19400 evals [11 s]
#   unit {"file": "k4_certs_5_n4_4.json.gz", "pos": 8236, "rank": [0, 0, 26, 523]} k4_certs_5_n4_4.json.gz#8236[m=11,idx=113]: start [0, 0, 0, 0, -2, 0, 1, -74, 1] best [0, 0, 0, 0, -2, 0, 2, -18, 9] chain profiles 0 (states 0), maxw 0, DL_RC fails 0, key form fails 0; 19400 evals [10 s]
#   unit {"file": "k4_certs_5_n4_4.json.gz", "pos": 3167, "rank": [0, 0, 26, 26]} k4_certs_5_n4_4.json.gz#3167[m=9,idx=325]: start [0, 0, 0, 0, -1000000, 0, 0, -1000000, 0] best [0, 0, 0, 0, -1000000, 0, 0, -1000000, 0] chain profiles 0 (states 0), maxw 0, DL_RC fails 0, key form fails 0; 19400 evals [4 s]
#   unit {"file": "k4_certs_5_n4_4.json.gz", "pos": 5832, "rank": [0, 0, 26, 242]} k4_certs_5_n4_4.json.gz#5832[m=10,idx=161]: start [0, 0, 0, 0, -2, 0, 1, -25, 2] best [0, 0, 0, 0, -1, 0, 2, -20, 7] chain profiles 0 (states 0), maxw 0, DL_RC fails 0, key form fails 0; 19400 evals [8 s]
#   unit {"file": "k4_certs_5_n4_4.json.gz", "pos": 1131, "rank": [0, 0, 25, 25]} k4_certs_5_n4_4.json.gz#1131[m=8,idx=221]: start [0, 0, 0, 0, -1000000, 0, 0, -1000000, 0] best [0, 0, 0, 0, -1000000, 0, 0, -1000000, 0] chain profiles 0 (states 0), maxw 0, DL_RC fails 0, key form fails 0; 19400 evals [4 s]
#   unit {"file": "k4_certs_5_n4_4.json.gz", "pos": 8443, "rank": [0, 0, 25, 318]} k4_certs_5_n4_4.json.gz#8443[m=11,idx=320]: start [0, 0, 0, 0, -2, 0, 1, -44, 4] best [0, 0, 0, 0, -2, 0, 2, -20, 3] chain profiles 0 (states 0), maxw 0, DL_RC fails 0, key form fails 0; 19400 evals [11 s]
#   unit {"file": "k4_certs_5_n4_4.json.gz", "pos": 5867, "rank": [0, 0, 24, 1034]} k4_certs_5_n4_4.json.gz#5867[m=10,idx=196]: start [0, 0, 0, 0, -2, 0, 1, -31, 3] best [0, 0, 0, 0, -2, 0, 2, -14, 6] chain profiles 0 (states 0), maxw 0, DL_RC fails 0, key form fails 0; 19400 evals [7 s]
#   unit {"file": "k4_certs_5_n4_4.json.gz", "pos": 8715, "rank": [0, 0, 24, 540]} k4_certs_5_n4_4.json.gz#8715[m=11,idx=592]: start [0, 0, 0, 0, -3, 0, 1, -26, 1] best [0, 0, 0, 0, -1, 0, 2, -20, 17] chain profiles 0 (states 0), maxw 0, DL_RC fails 0, key form fails 0; 19400 evals [10 s]
#   unit {"file": "k4_certs_5_n4_4.json.gz", "pos": 8615, "rank": [0, 0, 24, 1355]} k4_certs_5_n4_4.json.gz#8615[m=11,idx=492]: start [0, 0, 0, 0, -2, 0, 2, -29, 14] best [0, 0, 0, 0, -1, 0, 2, -20, 13] chain profiles 0 (states 0), maxw 0, DL_RC fails 0, key form fails 0; 19400 evals [12 s]
#   unit {"file": "k4_certs_5_n4_4.json.gz", "pos": 5868, "rank": [0, 0, 24, 244]} k4_certs_5_n4_4.json.gz#5868[m=10,idx=197]: start [0, 0, 0, 0, -2, 0, 1, -48, 1] best [0, 0, 0, 0, -2, 0, 2, -17, 11] chain profiles 0 (states 0), maxw 0, DL_RC fails 0, key form fails 0; 19400 evals [7 s]
#   unit {"file": "k4_certs_5_n4_4.json.gz", "pos": 8396, "rank": [0, 0, 24, 235]} k4_certs_5_n4_4.json.gz#8396[m=11,idx=273]: start [0, 0, 0, 0, -2, 0, 1, -101, 1] best [0, 0, 0, 0, -2, 0, 2, -24, 24] chain profiles 0 (states 0), maxw 0, DL_RC fails 0, key form fails 0; 19400 evals [9 s]
#   unit {"file": "k4_certs_5_n4_4.json.gz", "pos": 8703, "rank": [0, 0, 23, 510]} k4_certs_5_n4_4.json.gz#8703[m=11,idx=580]: start [0, 0, 0, 0, -2, 0, 1, -29, 1] best [0, 0, 0, 0, -2, 0, 2, -8, 4] chain profiles 0 (states 0), maxw 0, DL_RC fails 0, key form fails 0; 19400 evals [8 s]
#   unit {"file": "k4_certs_5_n4_4.json.gz", "pos": 6220, "rank": [0, 0, 22, 92]} k4_certs_5_n4_4.json.gz#6220[m=10,idx=549]: start [0, 0, 0, 0, -3, 0, 1, -36, 1] best [0, 0, 0, 0, -2, 0, 2, -16, 8] chain profiles 0 (states 0), maxw 0, DL_RC fails 0, key form fails 0; 19400 evals [7 s]
#   unit {"file": "k4_certs_5_n4_4.json.gz", "pos": 3160, "rank": [0, 0, 22, 25]} k4_certs_5_n4_4.json.gz#3160[m=9,idx=318]: start [0, 0, 0, 0, -1000000, 0, 0, -1000000, 0] best [0, 0, 0, 0, -2, 0, 2, -13, 7] chain profiles 0 (states 0), maxw 0, DL_RC fails 0, key form fails 0; 19400 evals [5 s]
#   unit {"file": "k4_certs_5_n4_4.json.gz", "pos": 8193, "rank": [0, 0, 22, 507]} k4_certs_5_n4_4.json.gz#8193[m=11,idx=70]: start [0, 0, 0, 0, -2, 0, 1, -68, 1] best [0, 0, 0, 0, -2, 0, 2, -9, 11] chain profiles 0 (states 0), maxw 0, DL_RC fails 0, key form fails 0; 19400 evals [10 s]
#   unit {"file": "k4_certs_5_n4_4.json.gz", "pos": 8716, "rank": [0, 0, 21, 1514]} k4_certs_5_n4_4.json.gz#8716[m=11,idx=593]: start [0, 0, 0, 0, -3, 0, 1, -18, 2] best [0, 0, 0, 0, -2, 0, 2, -16, 9] chain profiles 0 (states 0), maxw 0, DL_RC fails 0, key form fails 0; 19400 evals [8 s]
#   unit {"file": "k4_certs_5_n4_4.json.gz", "pos": 8693, "rank": [0, 0, 21, 880]} k4_certs_5_n4_4.json.gz#8693[m=11,idx=570]: start [0, 0, 0, 0, -2, 0, 1, -52, 1] best [0, 0, 0, 0, -1, 0, 2, -20, 11] chain profiles 0 (states 0), maxw 0, DL_RC fails 0, key form fails 0; 19400 evals [8 s]
#   unit {"file": "k4_certs_5_n4_4.json.gz", "pos": 8230, "rank": [0, 0, 20, 675]} k4_certs_5_n4_4.json.gz#8230[m=11,idx=107]: start [0, 0, 0, 0, -2, 0, 1, -46, 2] best [0, 0, 0, 0, -2, 0, 1, -19, 2] chain profiles 0 (states 0), maxw 0, DL_RC fails 0, key form fails 0; 19400 evals [9 s]
#   unit {"file": "k4_certs_5_n4_4.json.gz", "pos": 8448, "rank": [0, 0, 20, 195]} k4_certs_5_n4_4.json.gz#8448[m=11,idx=325]: start [0, 0, 0, 0, -2, 0, 1, -37, 5] best [0, 0, 0, 0, -2, 0, 1, -22, 2] chain profiles 0 (states 0), maxw 0, DL_RC fails 0, key form fails 0; 19400 evals [8 s]
#   unit {"file": "k4_certs_5_n4_4.json.gz", "pos": 3110, "rank": [0, 0, 20, 31]} k4_certs_5_n4_4.json.gz#3110[m=9,idx=268]: start [0, 0, 0, 0, -1000000, 0, 0, -1000000, 0] best [0, 0, 0, 0, -1, 0, 1, -28, 1] chain profiles 0 (states 0), maxw 0, DL_RC fails 0, key form fails 0; 19400 evals [5 s]
#   unit {"file": "k4_certs_5_n4_4.json.gz", "pos": 6222, "rank": [0, 0, 20, 89]} k4_certs_5_n4_4.json.gz#6222[m=10,idx=551]: start [0, 0, 0, 0, -2, 0, 1, -20, 1] best [0, 0, 0, 0, -2, 0, 2, -11, 3] chain profiles 0 (states 0), maxw 0, DL_RC fails 0, key form fails 0; 19400 evals [8 s]
#   unit {"file": "k4_certs_5_n4_4.json.gz", "pos": 8689, "rank": [0, 0, 18, 1580]} k4_certs_5_n4_4.json.gz#8689[m=11,idx=566]: start [0, 0, 0, 0, -2, 0, 1, -32, 3] best [0, 0, 0, 0, -1, 0, 1, -13, 5] chain profiles 0 (states 0), maxw 0, DL_RC fails 0, key form fails 0; 19400 evals [9 s]
#   unit {"file": "k4_certs_5_n4_4.json.gz", "pos": 8372, "rank": [0, 0, 19, 989]} k4_certs_5_n4_4.json.gz#8372[m=11,idx=249]: start [0, 0, 0, 0, -2, 0, 1, -25, 2] best [0, 0, 0, 0, -2, 0, 1, -13, 4] chain profiles 0 (states 0), maxw 0, DL_RC fails 0, key form fails 0; 19400 evals [9 s]
#   unit {"file": "k4_certs_5_n4_4.json.gz", "pos": 2943, "rank": [0, 0, 18, 21]} k4_certs_5_n4_4.json.gz#2943[m=9,idx=101]: start [0, 0, 0, 0, -1000000, 0, 0, -1000000, 0] best [0, 0, 0, 0, -1000000, 0, 0, -1000000, 0] chain profiles 0 (states 0), maxw 0, DL_RC fails 0, key form fails 0; 19400 evals [4 s]
#   unit {"file": "k4_certs_5_n4_4.json.gz", "pos": 201, "rank": [0, 0, 18, 18]} k4_certs_5_n4_4.json.gz#201[m=7,idx=39]: start [0, 0, 0, 0, -1000000, 0, 0, -1000000, 0] best [0, 0, 0, 0, -1000000, 0, 0, -1000000, 0] chain profiles 0 (states 0), maxw 0, DL_RC fails 0, key form fails 0; 19400 evals [4 s]
#   unit {"file": "k4_certs_5_n4_4.json.gz", "pos": 3130, "rank": [0, 0, 18, 18]} k4_certs_5_n4_4.json.gz#3130[m=9,idx=288]: start [0, 0, 0, 0, -2, 0, 2, -29, 1] best [0, 0, 0, 0, -2, 0, 2, -19, 1] chain profiles 0 (states 0), maxw 0, DL_RC fails 0, key form fails 0; 19400 evals [5 s]
#   unit {"file": "k4_certs_5_n4_4.json.gz", "pos": 8522, "rank": [0, 0, 18, 233]} k4_certs_5_n4_4.json.gz#8522[m=11,idx=399]: start [0, 0, 0, 0, -2, 0, 1, -15, 1] best [0, 0, 0, 0, -1, 0, 2, -16, 7] chain profiles 0 (states 0), maxw 0, DL_RC fails 0, key form fails 0; 19400 evals [10 s]
#   unit {"file": "k4_certs_5_n4_4.json.gz", "pos": 8223, "rank": [0, 0, 17, 2176]} k4_certs_5_n4_4.json.gz#8223[m=11,idx=100]: start [0, 0, 0, 0, -2, 0, 1, -33, 5] best [0, 0, 0, 0, -2, 0, 2, -16, 5] chain profiles 0 (states 0), maxw 0, DL_RC fails 0, key form fails 0; 19400 evals [9 s]
#   unit {"file": "k4_certs_5_n4_4.json.gz", "pos": 5913, "rank": [0, 0, 16, 184]} k4_certs_5_n4_4.json.gz#5913[m=10,idx=242]: start [0, 0, 0, 0, -2, 0, 1, -29, 1] best [0, 0, 0, 0, -2, 0, 1, -13, 3] chain profiles 0 (states 0), maxw 0, DL_RC fails 0, key form fails 0; 19400 evals [7 s]
#   unit {"file": "k4_certs_5_n4_4.json.gz", "pos": 8602, "rank": [0, 0, 17, 395]} k4_certs_5_n4_4.json.gz#8602[m=11,idx=479]: start [0, 0, 0, 0, -2, 0, 1, -23, 1] best [0, 0, 0, 0, -2, 0, 1, -19, 1] chain profiles 0 (states 0), maxw 0, DL_RC fails 0, key form fails 0; 19400 evals [11 s]
#   unit {"file": "k4_certs_5_n4_4.json.gz", "pos": 8316, "rank": [0, 0, 16, 325]} k4_certs_5_n4_4.json.gz#8316[m=11,idx=193]: start [0, 0, 0, 0, -2, 0, 1, -50, 3] best [0, 0, 0, 0, -2, 0, 1, -19, 8] chain profiles 0 (states 0), maxw 0, DL_RC fails 0, key form fails 0; 19400 evals [11 s]
#   unit {"file": "k4_certs_5_n4_4.json.gz", "pos": 6877, "rank": [0, 0, 16, 55]} k4_certs_5_n4_4.json.gz#6877[m=10,idx=1206]: start [0, 0, 0, 0, -3, 0, 1, -40, 1] best [0, 0, 0, 0, -2, 0, 1, -21, 1] chain profiles 0 (states 0), maxw 0, DL_RC fails 0, key form fails 0; 19400 evals [8 s]
#   unit {"file": "k4_certs_5_n4_4.json.gz", "pos": 3107, "rank": [0, 0, 16, 54]} k4_certs_5_n4_4.json.gz#3107[m=9,idx=265]: start [0, 0, 0, 0, -1000000, 0, 0, -1000000, 0] best [0, 0, 0, 0, -2, 0, 1, -14, 2] chain profiles 0 (states 0), maxw 0, DL_RC fails 0, key form fails 0; 19400 evals [6 s]
#   unit {"file": "k4_certs_5_n4_4.json.gz", "pos": 3154, "rank": [0, 0, 16, 45]} k4_certs_5_n4_4.json.gz#3154[m=9,idx=312]: start [0, 0, 0, 0, -1000000, 0, 0, -1000000, 0] best [0, 0, 0, 0, -2, 0, 1, -12, 2] chain profiles 0 (states 0), maxw 0, DL_RC fails 0, key form fails 0; 19400 evals [5 s]
#   unit {"file": "k4_certs_5_n4_4.json.gz", "pos": 1109, "rank": [0, 0, 16, 16]} k4_certs_5_n4_4.json.gz#1109[m=8,idx=199]: start [0, 0, 0, 0, -1000000, 0, 0, -1000000, 0] best [0, 0, 0, 0, -2, 0, 2, -20, 1] chain profiles 0 (states 0), maxw 0, DL_RC fails 0, key form fails 0; 19400 evals [4 s]
#   unit {"file": "k4_certs_5_n4_4.json.gz", "pos": 1188, "rank": [0, 0, 16, 16]} k4_certs_5_n4_4.json.gz#1188[m=8,idx=278]: start [0, 0, 0, 0, -1000000, 0, 0, -1000000, 0] best [0, 0, 0, 0, -2, 0, 2, -14, 4] chain profiles 0 (states 0), maxw 0, DL_RC fails 0, key form fails 0; 19400 evals [4 s]
#   unit {"file": "k4_certs_5_n4_4.json.gz", "pos": 5877, "rank": [0, 0, 16, 43]} k4_certs_5_n4_4.json.gz#5877[m=10,idx=206]: start [0, 0, 0, 0, -1000000, 0, 0, -1000000, 0] best [0, 0, 0, 0, -2, 0, 2, -21, 9] chain profiles 0 (states 0), maxw 0, DL_RC fails 0, key form fails 0; 19400 evals [6 s]
#   unit {"file": "k4_certs_5_n4_4.json.gz", "pos": 3065, "rank": [0, 0, 16, 16]} k4_certs_5_n4_4.json.gz#3065[m=9,idx=223]: start [0, 0, 0, 0, -1000000, 0, 0, -1000000, 0] best [0, 0, 0, 0, -2, 0, 2, -21, 9] chain profiles 0 (states 0), maxw 0, DL_RC fails 0, key form fails 0; 19400 evals [4 s]
#   unit {"file": "k4_certs_5_n4_4.json.gz", "pos": 3164, "rank": [0, 0, 16, 16]} k4_certs_5_n4_4.json.gz#3164[m=9,idx=322]: start [0, 0, 0, 0, -1000000, 0, 0, -1000000, 0] best [0, 0, 0, 0, -2, 0, 2, -17, 2] chain profiles 0 (states 0), maxw 0, DL_RC fails 0, key form fails 0; 19400 evals [4 s]
#   unit {"file": "k4_certs_5_n4_4.json.gz", "pos": 5866, "rank": [0, 0, 15, 402]} k4_certs_5_n4_4.json.gz#5866[m=10,idx=195]: start [0, 0, 0, 0, -3, 0, 1, -36, 1] best [0, 0, 0, 0, -2, 0, 1, -17, 1] chain profiles 0 (states 0), maxw 0, DL_RC fails 0, key form fails 0; 19400 evals [5 s]
#   unit {"file": "k4_certs_5_n4_4.json.gz", "pos": 5874, "rank": [0, 0, 14, 2229]} k4_certs_5_n4_4.json.gz#5874[m=10,idx=203]: start [0, 0, 0, 0, -3, 0, 1, -19, 1] best [0, 0, 0, 0, -2, 0, 2, -19, 6] chain profiles 0 (states 0), maxw 0, DL_RC fails 0, key form fails 0; 19400 evals [6 s]
#   unit {"file": "k4_certs_5_n4_4.json.gz", "pos": 8351, "rank": [0, 0, 15, 1099]} k4_certs_5_n4_4.json.gz#8351[m=11,idx=228]: start [0, 0, 0, 0, -2, 0, 1, -18, 1] best [0, 0, 0, 0, -1, 0, 2, -22, 20] chain profiles 0 (states 0), maxw 0, DL_RC fails 0, key form fails 0; 19400 evals [8 s]
#   unit {"file": "k4_certs_5_n4_4.json.gz", "pos": 8690, "rank": [0, 0, 14, 2008]} k4_certs_5_n4_4.json.gz#8690[m=11,idx=567]: start [0, 0, 0, 0, -2, 0, 1, -31, 2] best [0, 0, 0, 0, -2, 0, 2, -14, 6] chain profiles 0 (states 0), maxw 0, DL_RC fails 0, key form fails 0; 19400 evals [7 s]
#   unit {"file": "k4_certs_5_n4_4.json.gz", "pos": 5875, "rank": [0, 0, 14, 1041]} k4_certs_5_n4_4.json.gz#5875[m=10,idx=204]: start [0, 0, 0, 0, -2, 0, 1, -23, 1] best [0, 0, 0, 0, -2, 0, 2, -19, 3] chain profiles 0 (states 0), maxw 0, DL_RC fails 0, key form fails 0; 19400 evals [6 s]
#   unit {"file": "k4_certs_5_n4_4.json.gz", "pos": 5876, "rank": [0, 0, 14, 568]} k4_certs_5_n4_4.json.gz#5876[m=10,idx=205]: start [0, 0, 0, 0, -2, 0, 2, -35, 6] best [0, 0, 0, 0, -2, 0, 2, -21, 3] chain profiles 0 (states 0), maxw 0, DL_RC fails 0, key form fails 0; 19400 evals [6 s]
#   unit {"file": "k4_certs_5_n4_4.json.gz", "pos": 5896, "rank": [0, 0, 14, 44]} k4_certs_5_n4_4.json.gz#5896[m=10,idx=225]: start [0, 0, 0, 0, -3, 0, 1, -19, 2] best [0, 0, 0, 0, -2, 0, 2, -14, 4] chain profiles 0 (states 0), maxw 0, DL_RC fails 0, key form fails 0; 19400 evals [7 s]
#   unit {"file": "k4_certs_5_n4_4.json.gz", "pos": 5878, "rank": [0, 0, 14, 30]} k4_certs_5_n4_4.json.gz#5878[m=10,idx=207]: start [0, 0, 0, 0, -2, 0, 1, -41, 1] best [0, 0, 0, 0, -1, 0, 2, -20, 5] chain profiles 0 (states 0), maxw 0, DL_RC fails 0, key form fails 0; 19400 evals [7 s]
#   unit {"file": "k4_certs_5_n4_4.json.gz", "pos": 6132, "rank": [0, 0, 14, 26]} k4_certs_5_n4_4.json.gz#6132[m=10,idx=461]: start [0, 0, 0, 0, -1000000, 0, 0, -1000000, 0] best [0, 0, 0, 0, -2, 0, 2, -12, 8] chain profiles 0 (states 0), maxw 0, DL_RC fails 0, key form fails 0; 19400 evals [5 s]
#   unit {"file": "k4_certs_5_n4_4.json.gz", "pos": 8299, "rank": [0, 0, 14, 179]} k4_certs_5_n4_4.json.gz#8299[m=11,idx=176]: start [0, 0, 0, 0, -3, 0, 1, -47, 1] best [0, 0, 0, 0, -2, 0, 1, -32, 8] chain profiles 0 (states 0), maxw 0, DL_RC fails 0, key form fails 0; 19400 evals [11 s]
#   unit {"file": "k4_certs_5_n4_4.json.gz", "pos": 1309, "rank": [0, 0, 14, 14]} k4_certs_5_n4_4.json.gz#1309[m=8,idx=399]: start [0, 0, 0, 0, -1000000, 0, 0, -1000000, 0] best [0, 0, 0, 0, -1, 0, 2, -26, 1] chain profiles 0 (states 0), maxw 0, DL_RC fails 0, key form fails 0; 19400 evals [4 s]
#   unit {"file": "k4_certs_5_n4_4.json.gz", "pos": 3076, "rank": [0, 0, 14, 14]} k4_certs_5_n4_4.json.gz#3076[m=9,idx=234]: start [0, 0, 0, 0, -1000000, 0, 0, -1000000, 0] best [0, 0, 0, 0, -3, 0, 1, -17, 4] chain profiles 0 (states 0), maxw 0, DL_RC fails 0, key form fails 0; 19400 evals [4 s]
#   unit {"file": "k4_certs_5_n4_4.json.gz", "pos": 3093, "rank": [0, 0, 13, 24]} k4_certs_5_n4_4.json.gz#3093[m=9,idx=251]: start [0, 0, 0, 0, -1000000, 0, 0, -1000000, 0] best [0, 0, 0, 0, -2, 0, 1, -35, 2] chain profiles 0 (states 0), maxw 0, DL_RC fails 0, key form fails 0; 19400 evals [5 s]
#   unit {"file": "k4_certs_5_n4_4.json.gz", "pos": 8692, "rank": [0, 0, 13, 1068]} k4_certs_5_n4_4.json.gz#8692[m=11,idx=569]: start [0, 0, 0, 0, -3, 0, 1, -20, 1] best [0, 0, 0, 0, -2, 0, 2, -20, 10] chain profiles 0 (states 0), maxw 0, DL_RC fails 0, key form fails 0; 19400 evals [9 s]
#   unit {"file": "k4_certs_5_n4_4.json.gz", "pos": 8179, "rank": [0, 0, 13, 749]} k4_certs_5_n4_4.json.gz#8179[m=11,idx=56]: start [0, 0, 0, 0, -3, 0, 1, -31, 2] best [0, 0, 0, 0, -1, 0, 2, -22, 16] chain profiles 0 (states 0), maxw 0, DL_RC fails 0, key form fails 0; 19400 evals [11 s]
#   unit {"file": "k4_certs_5_n4_4.json.gz", "pos": 8691, "rank": [0, 0, 13, 647]} k4_certs_5_n4_4.json.gz#8691[m=11,idx=568]: start [0, 0, 0, 0, -3, 0, 1, -33, 2] best [0, 0, 0, 0, -1, 0, 2, -20, 17] chain profiles 0 (states 0), maxw 0, DL_RC fails 0, key form fails 0; 19400 evals [10 s]
#   unit {"file": "k4_certs_5_n4_4.json.gz", "pos": 1130, "rank": [0, 0, 13, 13]} k4_certs_5_n4_4.json.gz#1130[m=8,idx=220]: start [0, 0, 0, 0, -1000000, 0, 0, -1000000, 0] best [0, 0, 0, 0, -1000000, 0, 0, -1000000, 0] chain profiles 0 (states 0), maxw 0, DL_RC fails 0, key form fails 0; 19400 evals [4 s]
#   unit {"file": "k4_certs_5_n4_4.json.gz", "pos": 3129, "rank": [0, 0, 13, 13]} k4_certs_5_n4_4.json.gz#3129[m=9,idx=287]: start [0, 0, 0, 0, -1000000, 0, 0, -1000000, 0] best [0, 0, 0, 0, -2, 0, 2, -19, 1] chain profiles 0 (states 0), maxw 0, DL_RC fails 0, key form fails 0; 19400 evals [5 s]
#   unit {"file": "k4_certs_5_n4_4.json.gz", "pos": 8214, "rank": [0, 0, 12, 5679]} k4_certs_5_n4_4.json.gz#8214[m=11,idx=91]: start [0, 0, 0, 0, -2, 0, 1, -34, 15] best [0, 0, 0, 0, -1, 0, 2, -14, 4] chain profiles 0 (states 0), maxw 0, DL_RC fails 0, key form fails 0; 19400 evals [8 s]
#   unit {"file": "k4_certs_5_n4_4.json.gz", "pos": 5870, "rank": [0, 0, 12, 352]} k4_certs_5_n4_4.json.gz#5870[m=10,idx=199]: start [0, 0, 0, 0, -2, 0, 1, -36, 1] best [0, 0, 0, 0, -2, 0, 2, -14, 6] chain profiles 0 (states 0), maxw 0, DL_RC fails 0, key form fails 0; 19400 evals [6 s]
#   unit {"file": "k4_certs_5_n4_4.json.gz", "pos": 8243, "rank": [0, 0, 12, 1232]} k4_certs_5_n4_4.json.gz#8243[m=11,idx=120]: start [0, 0, 0, 0, -2, 0, 1, -20, 8] best [0, 0, 0, 0, -1, 0, 2, -4, 5] chain profiles 0 (states 0), maxw 0, DL_RC fails 0, key form fails 0; 19400 evals [8 s]
#   unit {"file": "k4_certs_5_n4_4.json.gz", "pos": 8633, "rank": [0, 0, 12, 374]} k4_certs_5_n4_4.json.gz#8633[m=11,idx=510]: start [0, 0, 0, 0, -2, 0, 1, -49, 5] best [0, 0, 0, 0, -2, 0, 2, -18, 8] chain profiles 0 (states 0), maxw 0, DL_RC fails 0, key form fails 0; 19400 evals [11 s]
#   unit {"file": "k4_certs_5_n4_4.json.gz", "pos": 5958, "rank": [0, 0, 12, 190]} k4_certs_5_n4_4.json.gz#5958[m=10,idx=287]: start [0, 0, 0, 0, -3, 0, 1, -44, 1] best [0, 0, 0, 0, -1, 0, 2, -7, 5] chain profiles 0 (states 0), maxw 0, DL_RC fails 0, key form fails 0; 19400 evals [6 s]
#   unit {"file": "k4_certs_5_n4_4.json.gz", "pos": 5886, "rank": [0, 0, 12, 127]} k4_certs_5_n4_4.json.gz#5886[m=10,idx=215]: start [0, 0, 0, 0, -3, 0, 1, -29, 2] best [0, 0, 0, 0, -2, 0, 2, -19, 4] chain profiles 0 (states 0), maxw 0, DL_RC fails 0, key form fails 0; 19400 evals [7 s]
#   unit {"file": "k4_certs_5_n4_4.json.gz", "pos": 8700, "rank": [0, 0, 12, 314]} k4_certs_5_n4_4.json.gz#8700[m=11,idx=577]: start [0, 0, 0, 0, -3, 0, 1, -17, 1] best [0, 0, 0, 0, -1, 0, 1, -19, 3] chain profiles 0 (states 0), maxw 0, DL_RC fails 0, key form fails 0; 19400 evals [8 s]
#   unit {"file": "k4_certs_5_n4_4.json.gz", "pos": 8352, "rank": [0, 0, 12, 99]} k4_certs_5_n4_4.json.gz#8352[m=11,idx=229]: start [0, 0, 0, 0, -3, 0, 1, -32, 1] best [0, 0, 0, 0, -3, 0, 1, -11, 1] chain profiles 0 (states 0), maxw 0, DL_RC fails 0, key form fails 0; 19400 evals [7 s]
#   unit {"file": "k4_certs_5_n4_4.json.gz", "pos": 6917, "rank": [0, 0, 12, 37]} k4_certs_5_n4_4.json.gz#6917[m=10,idx=1246]: start [0, 0, 0, 0, -1000000, 0, 0, -1000000, 0] best [0, 0, 0, 0, -2, 0, 1, -23, 2] chain profiles 0 (states 0), maxw 0, DL_RC fails 0, key form fails 0; 19400 evals [7 s]
#   unit {"file": "k4_certs_5_n4_4.json.gz", "pos": 6246, "rank": [0, 0, 12, 36]} k4_certs_5_n4_4.json.gz#6246[m=10,idx=575]: start [0, 0, 0, 0, -1000000, 0, 0, -1000000, 0] best [0, 0, 0, 0, -2, 0, 1, -12, 2] chain profiles 0 (states 0), maxw 0, DL_RC fails 0, key form fails 0; 19400 evals [6 s]
#   unit {"file": "k4_certs_5_n4_4.json.gz", "pos": 8559, "rank": [0, 0, 12, 44]} k4_certs_5_n4_4.json.gz#8559[m=11,idx=436]: start [0, 0, 0, 0, -3, 0, 1, -15, 2] best [0, 0, 0, 0, -2, 0, 1, -13, 2] chain profiles 0 (states 0), maxw 0, DL_RC fails 0, key form fails 0; 19400 evals [9 s]
#   unit {"file": "k4_certs_5_n4_4.json.gz", "pos": 5898, "rank": [0, 0, 12, 33]} k4_certs_5_n4_4.json.gz#5898[m=10,idx=227]: start [0, 0, 0, 0, -1000000, 0, 0, -1000000, 0] best [0, 0, 0, 0, -2, 0, 2, -14, 2] chain profiles 0 (states 0), maxw 0, DL_RC fails 0, key form fails 0; 19400 evals [6 s]
#   unit {"file": "k4_certs_5_n4_4.json.gz", "pos": 202, "rank": [0, 0, 12, 12]} k4_certs_5_n4_4.json.gz#202[m=7,idx=40]: start [0, 0, 0, 0, -1000000, 0, 0, -1000000, 0] best [0, 0, 0, 0, -1000000, 0, 0, -1000000, 0] chain profiles 0 (states 0), maxw 0, DL_RC fails 0, key form fails 0; 19400 evals [4 s]
#   unit {"file": "k4_certs_5_n4_4.json.gz", "pos": 3145, "rank": [0, 0, 12, 20]} k4_certs_5_n4_4.json.gz#3145[m=9,idx=303]: start [0, 0, 0, 0, -2, 0, 1, -27, 2] best [0, 0, 0, 0, -2, 0, 1, -23, 3] chain profiles 0 (states 0), maxw 0, DL_RC fails 0, key form fails 0; 19400 evals [5 s]
#   unit {"file": "k4_certs_5_n4_4.json.gz", "pos": 1089, "rank": [0, 0, 12, 12]} k4_certs_5_n4_4.json.gz#1089[m=8,idx=179]: start [0, 0, 0, 0, -1000000, 0, 0, -1000000, 0] best [0, 0, 0, 0, -1000000, 0, 0, -1000000, 0] chain profiles 0 (states 0), maxw 0, DL_RC fails 0, key form fails 0; 19400 evals [4 s]
#   unit {"file": "k4_certs_5_n4_4.json.gz", "pos": 3064, "rank": [0, 0, 12, 12]} k4_certs_5_n4_4.json.gz#3064[m=9,idx=222]: start [0, 0, 0, 0, -1000000, 0, 0, -1000000, 0] best [0, 0, 0, 0, -1000000, 0, 0, -1000000, 0] chain profiles 0 (states 0), maxw 0, DL_RC fails 0, key form fails 0; 19400 evals [4 s]
#   unit {"file": "k4_certs_5_n4_4.json.gz", "pos": 3149, "rank": [0, 0, 12, 12]} k4_certs_5_n4_4.json.gz#3149[m=9,idx=307]: start [0, 0, 0, 0, -1000000, 0, 0, -1000000, 0] best [0, 0, 0, 0, -1000000, 0, 0, -1000000, 0] chain profiles 0 (states 0), maxw 0, DL_RC fails 0, key form fails 0; 19400 evals [4 s]
#   unit {"file": "k4_certs_5_n4_4.json.gz", "pos": 3296, "rank": [0, 0, 12, 12]} k4_certs_5_n4_4.json.gz#3296[m=9,idx=454]: start [0, 0, 0, 0, -1000000, 0, 0, -1000000, 0] best [0, 0, 0, 0, -1000000, 0, 0, -1000000, 0] chain profiles 0 (states 0), maxw 0, DL_RC fails 0, key form fails 0; 19400 evals [4 s]
#   unit {"file": "k4_certs_5_n4_4.json.gz", "pos": 8244, "rank": [0, 0, 11, 1385]} k4_certs_5_n4_4.json.gz#8244[m=11,idx=121]: start [0, 0, 0, 0, -3, 0, 1, -16, 2] best [0, 0, 0, 0, -1, 0, 2, -4, 5] chain profiles 0 (states 0), maxw 0, DL_RC fails 0, key form fails 0; 19400 evals [8 s]
#   unit {"file": "k4_certs_5_n4_4.json.gz", "pos": 8234, "rank": [0, 0, 11, 767]} k4_certs_5_n4_4.json.gz#8234[m=11,idx=111]: start [0, 0, 0, 0, -2, 0, 1, -17, 5] best [0, 0, 0, 0, -2, 0, 1, -17, 5] chain profiles 0 (states 0), maxw 0, DL_RC fails 0, key form fails 0; 19400 evals [8 s]
#   unit {"file": "k4_certs_5_n4_4.json.gz", "pos": 8197, "rank": [0, 0, 11, 736]} k4_certs_5_n4_4.json.gz#8197[m=11,idx=74]: start [0, 0, 0, 0, -2, 0, 2, -21, 10] best [0, 0, 0, 0, -1, 0, 2, -4, 4] chain profiles 0 (states 0), maxw 0, DL_RC fails 0, key form fails 0; 19400 evals [8 s]
#   unit {"file": "k4_certs_5_n4_4.json.gz", "pos": 8366, "rank": [0, 0, 11, 722]} k4_certs_5_n4_4.json.gz#8366[m=11,idx=243]: start [0, 0, 0, 0, -2, 0, 1, -42, 15] best [0, 0, 0, 0, -2, 0, 2, -15, 8] chain profiles 0 (states 0), maxw 0, DL_RC fails 0, key form fails 0; 19400 evals [9 s]
#   unit {"file": "k4_certs_5_n4_4.json.gz", "pos": 6977, "rank": [0, 0, 11, 276]} k4_certs_5_n4_4.json.gz#6977[m=10,idx=1306]: start [0, 0, 0, 0, -1000000, 0, 0, -1000000, 0] best [0, 0, 0, 0, -2, 0, 1, -21, 2] chain profiles 0 (states 0), maxw 0, DL_RC fails 0, key form fails 0; 19400 evals [8 s]
#   unit {"file": "k4_certs_5_n4_4.json.gz", "pos": 8794, "rank": [0, 0, 11, 323]} k4_certs_5_n4_4.json.gz#8794[m=11,idx=671]: start [0, 0, 0, 0, -2, 0, 1, -70, 4] best [0, 0, 0, 0, -2, 0, 2, -8, 2] chain profiles 0 (states 0), maxw 0, DL_RC fails 0, key form fails 0; 19400 evals [10 s]
#   unit {"file": "k4_certs_5_n4_4.json.gz", "pos": 8264, "rank": [0, 0, 11, 172]} k4_certs_5_n4_4.json.gz#8264[m=11,idx=141]: start [0, 0, 0, 0, -2, 0, 1, -55, 1] best [0, 0, 0, 0, -1, 0, 2, -11, 9] chain profiles 0 (states 0), maxw 0, DL_RC fails 0, key form fails 0; 19400 evals [10 s]
#   unit {"file": "k4_certs_5_n4_4.json.gz", "pos": 6648, "rank": [0, 0, 11, 56]} k4_certs_5_n4_4.json.gz#6648[m=10,idx=977]: start [0, 0, 0, 0, -3, 0, 1, -49, 1] best [0, 0, 0, 0, -2, 0, 2, -24, 4] chain profiles 0 (states 0), maxw 0, DL_RC fails 0, key form fails 0; 19400 evals [9 s]
#   unit {"file": "k4_certs_5_n4_4.json.gz", "pos": 3103, "rank": [0, 0, 11, 36]} k4_certs_5_n4_4.json.gz#3103[m=9,idx=261]: start [0, 0, 0, 0, -1000000, 0, 0, -1000000, 0] best [0, 0, 0, 0, -2, 0, 2, -14, 4] chain profiles 0 (states 0), maxw 0, DL_RC fails 0, key form fails 0; 19400 evals [5 s]
#   unit {"file": "k4_certs_5_n4_4.json.gz", "pos": 3138, "rank": [0, 0, 11, 23]} k4_certs_5_n4_4.json.gz#3138[m=9,idx=296]: start [0, 0, 0, 0, -1000000, 0, 0, -1000000, 0] best [0, 0, 0, 0, -2, 0, 2, -18, 8] chain profiles 0 (states 0), maxw 0, DL_RC fails 0, key form fails 0; 19400 evals [5 s]
#   unit {"file": "k4_certs_5_n4_4.json.gz", "pos": 6129, "rank": [0, 0, 11, 13]} k4_certs_5_n4_4.json.gz#6129[m=10,idx=458]: start [0, 0, 0, 0, -1000000, 0, 0, -1000000, 0] best [0, 0, 0, 0, -2, 0, 2, -16, 3] chain profiles 0 (states 0), maxw 0, DL_RC fails 0, key form fails 0; 19400 evals [6 s]
#   unit {"file": "k4_certs_5_n4_4.json.gz", "pos": 1126, "rank": [0, 0, 11, 11]} k4_certs_5_n4_4.json.gz#1126[m=8,idx=216]: start [0, 0, 0, 0, -1000000, 0, 0, -1000000, 0] best [0, 0, 0, 0, -2, 0, 2, -17, 2] chain profiles 0 (states 0), maxw 0, DL_RC fails 0, key form fails 0; 19400 evals [4 s]
#   unit {"file": "k4_certs_5_n4_4.json.gz", "pos": 8219, "rank": [0, 0, 10, 1630]} k4_certs_5_n4_4.json.gz#8219[m=11,idx=96]: start [0, 0, 0, 0, -2, 0, 1, -49, 1] best [0, 0, 0, 0, -2, 0, 2, -16, 3] chain profiles 0 (states 0), maxw 0, DL_RC fails 0, key form fails 0; 19400 evals [8 s]
#   unit {"file": "k4_certs_5_n4_4.json.gz", "pos": 8190, "rank": [0, 0, 10, 960]} k4_certs_5_n4_4.json.gz#8190[m=11,idx=67]: start [0, 0, 0, 0, -2, 0, 1, -33, 1] best [0, 0, 0, 0, -2, 0, 1, -11, 5] chain profiles 0 (states 0), maxw 0, DL_RC fails 0, key form fails 0; 19400 evals [9 s]
#   unit {"file": "k4_certs_5_n4_4.json.gz", "pos": 8309, "rank": [0, 0, 10, 538]} k4_certs_5_n4_4.json.gz#8309[m=11,idx=186]: start [0, 0, 0, 0, -2, 0, 1, -35, 3] best [0, 0, 0, 0, -2, 0, 2, -8, 2] chain profiles 0 (states 0), maxw 0, DL_RC fails 0, key form fails 0; 19400 evals [8 s]
#   unit {"file": "k4_certs_5_n4_4.json.gz", "pos": 8282, "rank": [0, 0, 10, 357]} k4_certs_5_n4_4.json.gz#8282[m=11,idx=159]: start [0, 0, 0, 0, -3, 0, 1, -32, 1] best [0, 0, 0, 0, -2, 1, 3, -21, 12] chain profiles 0 (states 0), maxw 0, DL_RC fails 0, key form fails 0; 19400 evals [10 s]
#   unit {"file": "k4_certs_5_n4_4.json.gz", "pos": 6065, "rank": [0, 0, 10, 137]} k4_certs_5_n4_4.json.gz#6065[m=10,idx=394]: start [0, 0, 0, 0, -2, 0, 1, -36, 3] best [0, 0, 0, 0, -2, 0, 2, -13, 5] chain profiles 0 (states 0), maxw 0, DL_RC fails 0, key form fails 0; 19400 evals [7 s]
#   unit {"file": "k4_certs_5_n4_4.json.gz", "pos": 230, "rank": [0, 0, 10, 10]} k4_certs_5_n4_4.json.gz#230[m=7,idx=68]: start [0, 0, 0, 0, -1000000, 0, 0, -1000000, 0] best [0, 0, 0, 0, -1000000, 0, 0, -1000000, 0] chain profiles 0 (states 0), maxw 0, DL_RC fails 0, key form fails 0; 19400 evals [4 s]
#   unit {"file": "k4_certs_5_n4_4.json.gz", "pos": 6349, "rank": [0, 0, 10, 33]} k4_certs_5_n4_4.json.gz#6349[m=10,idx=678]: start [0, 0, 0, 0, -1000000, 0, 0, -1000000, 0] best [0, 0, 0, 0, -2, 0, 1, -32, 1] chain profiles 0 (states 0), maxw 0, DL_RC fails 0, key form fails 0; 19400 evals [6 s]
#   unit {"file": "k4_certs_5_n4_4.json.gz", "pos": 8695, "rank": [0, 0, 10, 55]} k4_certs_5_n4_4.json.gz#8695[m=11,idx=572]: start [0, 0, 0, 0, -3, 0, 1, -40, 5] best [0, 0, 0, 0, -1, 0, 2, -12, 18] chain profiles 0 (states 0), maxw 0, DL_RC fails 0, key form fails 0; 19400 evals [8 s]
#   unit {"file": "k4_certs_5_n4_4.json.gz", "pos": 1128, "rank": [0, 0, 10, 10]} k4_certs_5_n4_4.json.gz#1128[m=8,idx=218]: start [0, 0, 0, 0, -1000000, 0, 0, -1000000, 0] best [0, 0, 0, 0, -2, 0, 2, -17, 3] chain profiles 0 (states 0), maxw 0, DL_RC fails 0, key form fails 0; 19400 evals [4 s]
#   unit {"file": "k4_certs_5_n4_4.json.gz", "pos": 4035, "rank": [0, 0, 10, 10]} k4_certs_5_n4_4.json.gz#4035[m=9,idx=1193]: start [0, 0, 0, 0, -1000000, 0, 0, -1000000, 0] best [0, 0, 0, 0, -2, 0, 2, -10, 9] chain profiles 0 (states 0), maxw 0, DL_RC fails 0, key form fails 0; 19400 evals [4 s]
#   unit {"file": "k4_certs_5_n4_4.json.gz", "pos": 5901, "rank": [0, 0, 9, 277]} k4_certs_5_n4_4.json.gz#5901[m=10,idx=230]: start [0, 0, 0, 0, -3, 0, 1, -21, 1] best [0, 0, 0, 0, -2, 0, 2, -13, 4] chain profiles 0 (states 0), maxw 0, DL_RC fails 0, key form fails 0; 19400 evals [6 s]
#   unit {"file": "k4_certs_5_n4_4.json.gz", "pos": 8701, "rank": [0, 0, 9, 509]} k4_certs_5_n4_4.json.gz#8701[m=11,idx=578]: start [0, 0, 0, 0, -3, 0, 1, -18, 2] best [0, 0, 0, 0, -2, 0, 1, -11, 3] chain profiles 0 (states 0), maxw 0, DL_RC fails 0, key form fails 0; 19400 evals [9 s]
#   unit {"file": "k4_certs_5_n4_4.json.gz", "pos": 8349, "rank": [0, 0, 9, 1658]} k4_certs_5_n4_4.json.gz#8349[m=11,idx=226]: start [0, 0, 0, 0, -2, 0, 1, -47, 3] best [0, 0, 0, 0, -1, 0, 1, -37, 9] chain profiles 0 (states 0), maxw 0, DL_RC fails 0, key form fails 0; 19400 evals [10 s]
#   unit {"file": "k4_certs_5_n4_4.json.gz", "pos": 5973, "rank": [0, 0, 9, 83]} k4_certs_5_n4_4.json.gz#5973[m=10,idx=302]: start [0, 0, 0, 0, -1000000, 0, 0, -1000000, 0] best [0, 0, 0, 0, -2, 0, 1, -17, 2] chain profiles 0 (states 0), maxw 0, DL_RC fails 0, key form fails 0; 19400 evals [8 s]
#   unit {"file": "k4_certs_5_n4_4.json.gz", "pos": 8990, "rank": [0, 0, 9, 234]} k4_certs_5_n4_4.json.gz#8990[m=11,idx=867]: start [0, 0, 0, 0, -3, 0, 1, -28, 1] best [0, 0, 0, 0, -1, 0, 2, -18, 53] chain profiles 0 (states 0), maxw 0, DL_RC fails 0, key form fails 0; 19400 evals [11 s]
#   unit {"file": "k4_certs_5_n4_4.json.gz", "pos": 6180, "rank": [0, 0, 9, 49]} k4_certs_5_n4_4.json.gz#6180[m=10,idx=509]: start [0, 0, 0, 0, -1000000, 0, 0, -1000000, 0] best [0, 0, 0, 0, -2, 0, 1, -17, 2] chain profiles 0 (states 0), maxw 0, DL_RC fails 0, key form fails 0; 19400 evals [6 s]
#   unit {"file": "k4_certs_5_n4_4.json.gz", "pos": 8398, "rank": [0, 0, 9, 59]} k4_certs_5_n4_4.json.gz#8398[m=11,idx=275]: start [0, 0, 0, 0, -3, 0, 1, -19, 1] best [0, 0, 0, 0, -2, 0, 2, -20, 7] chain profiles 0 (states 0), maxw 0, DL_RC fails 0, key form fails 0; 19400 evals [9 s]
#   unit {"file": "k4_certs_5_n4_4.json.gz", "pos": 3613, "rank": [0, 0, 9, 12]} k4_certs_5_n4_4.json.gz#3613[m=9,idx=771]: start [0, 0, 0, 0, -1000000, 0, 0, -1000000, 0] best [0, 0, 0, 0, -2, 0, 2, -11, 3] chain profiles 0 (states 0), maxw 0, DL_RC fails 0, key form fails 0; 19400 evals [5 s]
#   unit {"file": "k4_certs_5_n4_4.json.gz", "pos": 1129, "rank": [0, 0, 9, 9]} k4_certs_5_n4_4.json.gz#1129[m=8,idx=219]: start [0, 0, 0, 0, -1000000, 0, 0, -1000000, 0] best [0, 0, 0, 0, -1000000, 0, 0, -1000000, 0] chain profiles 0 (states 0), maxw 0, DL_RC fails 0, key form fails 0; 19400 evals [4 s]
#   unit {"file": "k4_certs_5_n4_4.json.gz", "pos": 6967, "rank": [0, 0, 9, 17]} k4_certs_5_n4_4.json.gz#6967[m=10,idx=1296]: start [0, 0, 0, 0, -2, 0, 2, -15, 15] best [0, 0, 0, 0, -1, 0, 2, -15, 20] chain profiles 0 (states 0), maxw 0, DL_RC fails 0, key form fails 0; 19400 evals [7 s]
#   unit {"file": "k4_certs_5_n4_4.json.gz", "pos": 1794, "rank": [0, 0, 9, 9]} k4_certs_5_n4_4.json.gz#1794[m=8,idx=884]: start [0, 0, 0, 0, -1000000, 0, 0, -1000000, 0] best [0, 0, 0, 0, -1000000, 0, 0, -1000000, 0] chain profiles 0 (states 0), maxw 0, DL_RC fails 0, key form fails 0; 19400 evals [4 s]
#   unit {"file": "k4_certs_5_n4_4.json.gz", "pos": 2944, "rank": [0, 0, 9, 9]} k4_certs_5_n4_4.json.gz#2944[m=9,idx=102]: start [0, 0, 0, 0, -1000000, 0, 0, -1000000, 0] best [0, 0, 0, 0, -2, 0, 1, -36, 2] chain profiles 0 (states 0), maxw 0, DL_RC fails 0, key form fails 0; 19400 evals [5 s]
#   unit {"file": "k4_certs_5_n4_4.json.gz", "pos": 3190, "rank": [0, 0, 9, 9]} k4_certs_5_n4_4.json.gz#3190[m=9,idx=348]: start [0, 0, 0, 0, -1000000, 0, 0, -1000000, 0] best [0, 0, 0, 0, -1000000, 0, 0, -1000000, 0] chain profiles 0 (states 0), maxw 0, DL_RC fails 0, key form fails 0; 19400 evals [4 s]
#   unit {"file": "k4_certs_5_n4_4.json.gz", "pos": 8437, "rank": [0, 0, 8, 1839]} k4_certs_5_n4_4.json.gz#8437[m=11,idx=314]: start [0, 0, 0, 0, -2, 0, 1, -36, 2] best [0, 0, 0, 0, -2, 0, 2, -9, 3] chain profiles 0 (states 0), maxw 0, DL_RC fails 0, key form fails 0; 19400 evals [8 s]
#   unit {"file": "k4_certs_5_n4_4.json.gz", "pos": 8247, "rank": [0, 0, 8, 2602]} k4_certs_5_n4_4.json.gz#8247[m=11,idx=124]: start [0, 0, 0, 0, -2, 0, 1, -31, 4] best [0, 0, 0, 0, -2, 0, 2, -11, 5] chain profiles 0 (states 0), maxw 0, DL_RC fails 0, key form fails 0; 19400 evals [8 s]
#   unit {"file": "k4_certs_5_n4_4.json.gz", "pos": 8199, "rank": [0, 0, 8, 1155]} k4_certs_5_n4_4.json.gz#8199[m=11,idx=76]: start [0, 0, 0, 0, -2, 0, 1, -32, 10] best [0, 0, 0, 0, -1, 0, 1, -31, 4] chain profiles 0 (states 0), maxw 0, DL_RC fails 0, key form fails 0; 19400 evals [8 s]
#   unit {"file": "k4_certs_5_n4_4.json.gz", "pos": 8295, "rank": [0, 0, 8, 1187]} k4_certs_5_n4_4.json.gz#8295[m=11,idx=172]: start [0, 0, 0, 0, -3, 0, 1, -33, 1] best [0, 0, 0, 0, -1, 0, 2, -20, 5] chain profiles 0 (states 0), maxw 0, DL_RC fails 0, key form fails 0; 19400 evals [10 s]
#   unit {"file": "k4_certs_5_n4_4.json.gz", "pos": 8205, "rank": [0, 0, 8, 904]} k4_certs_5_n4_4.json.gz#8205[m=11,idx=82]: start [0, 0, 0, 0, -2, 0, 1, -37, 2] best [0, 0, 0, 0, -1, 0, 1, -51, 1] chain profiles 0 (states 0), maxw 0, DL_RC fails 0, key form fails 0; 19400 evals [8 s]
#   unit {"file": "k4_certs_5_n4_4.json.gz", "pos": 8980, "rank": [0, 0, 8, 1085]} k4_certs_5_n4_4.json.gz#8980[m=11,idx=857]: start [0, 0, 0, 0, -3, 0, 1, -47, 2] best [0, 0, 0, 0, -1, 0, 2, -19, 9] chain profiles 0 (states 0), maxw 0, DL_RC fails 0, key form fails 0; 19400 evals [12 s]
#   unit {"file": "k4_certs_5_n4_4.json.gz", "pos": 8401, "rank": [0, 0, 8, 849]} k4_certs_5_n4_4.json.gz#8401[m=11,idx=278]: start [0, 0, 0, 0, -2, 0, 1, -53, 7] best [0, 0, 0, 0, -2, 0, 1, -15, 1] chain profiles 0 (states 0), maxw 0, DL_RC fails 0, key form fails 0; 19400 evals [8 s]
#   unit {"file": "k4_certs_5_n4_4.json.gz", "pos": 8240, "rank": [0, 0, 8, 843]} k4_certs_5_n4_4.json.gz#8240[m=11,idx=117]: start [0, 0, 0, 0, -2, 0, 1, -47, 8] best [0, 0, 0, 0, -1, 0, 2, -20, 27] chain profiles 0 (states 0), maxw 0, DL_RC fails 0, key form fails 0; 19400 evals [9 s]
#   unit {"file": "k4_certs_5_n4_4.json.gz", "pos": 8235, "rank": [0, 0, 8, 772]} k4_certs_5_n4_4.json.gz#8235[m=11,idx=112]: start [0, 0, 0, 0, -2, 0, 1, -57, 1] best [0, 0, 0, 0, -2, 0, 1, -9, 1] chain profiles 0 (states 0), maxw 0, DL_RC fails 0, key form fails 0; 19400 evals [8 s]
#   unit {"file": "k4_certs_5_n4_4.json.gz", "pos": 8237, "rank": [0, 0, 8, 740]} k4_certs_5_n4_4.json.gz#8237[m=11,idx=114]: start [0, 0, 0, 0, -2, 0, 1, -18, 1] best [0, 0, 0, 0, -2, 0, 1, -13, 1] chain profiles 0 (states 0), maxw 0, DL_RC fails 0, key form fails 0; 19400 evals [7 s]
#   unit {"file": "k4_certs_5_n4_4.json.gz", "pos": 8718, "rank": [0, 0, 8, 679]} k4_certs_5_n4_4.json.gz#8718[m=11,idx=595]: start [0, 0, 0, 0, -3, 0, 1, -26, 3] best [0, 0, 0, 0, -2, 0, 1, -10, 3] chain profiles 0 (states 0), maxw 0, DL_RC fails 0, key form fails 0; 19400 evals [8 s]
#   unit {"file": "k4_certs_5_n4_4.json.gz", "pos": 8294, "rank": [0, 0, 8, 683]} k4_certs_5_n4_4.json.gz#8294[m=11,idx=171]: start [0, 0, 0, 0, -2, 0, 1, -49, 5] best [0, 0, 0, 0, -2, 1, 3, -26, 13] chain profiles 0 (states 0), maxw 0, DL_RC fails 0, key form fails 0; 19400 evals [11 s]
#   unit {"file": "k4_certs_5_n4_4.json.gz", "pos": 8308, "rank": [0, 0, 8, 546]} k4_certs_5_n4_4.json.gz#8308[m=11,idx=185]: start [0, 0, 0, 0, -3, 0, 1, -32, 1] best [0, 0, 0, 0, -2, 0, 2, -17, 21] chain profiles 0 (states 0), maxw 0, DL_RC fails 0, key form fails 0; 19400 evals [12 s]
#   unit {"file": "k4_certs_5_n4_4.json.gz", "pos": 8211, "rank": [0, 0, 8, 475]} k4_certs_5_n4_4.json.gz#8211[m=11,idx=88]: start [0, 0, 0, 0, -3, 0, 1, -25, 3] best [0, 0, 0, 0, -2, 0, 2, -13, 8] chain profiles 0 (states 0), maxw 0, DL_RC fails 0, key form fails 0; 19400 evals [10 s]
#   unit {"file": "k4_certs_5_n4_4.json.gz", "pos": 8434, "rank": [0, 0, 8, 465]} k4_certs_5_n4_4.json.gz#8434[m=11,idx=311]: start [0, 0, 0, 0, -3, 0, 1, -16, 1] best [0, 0, 0, 0, -1, 0, 2, -14, 5] chain profiles 0 (states 0), maxw 0, DL_RC fails 0, key form fails 0; 19400 evals [10 s]
#   unit {"file": "k4_certs_5_n4_4.json.gz", "pos": 8339, "rank": [0, 0, 8, 415]} k4_certs_5_n4_4.json.gz#8339[m=11,idx=216]: start [0, 0, 0, 0, -3, 0, 1, -28, 1] best [0, 0, 0, 0, -2, 0, 1, -10, 1] chain profiles 0 (states 0), maxw 0, DL_RC fails 0, key form fails 0; 19400 evals [9 s]
#   unit {"file": "k4_certs_5_n4_4.json.gz", "pos": 8800, "rank": [0, 0, 8, 304]} k4_certs_5_n4_4.json.gz#8800[m=11,idx=677]: start [0, 0, 0, 0, -3, 0, 1, -34, 1] best [0, 0, 0, 0, -2, 0, 1, -11, 2] chain profiles 0 (states 0), maxw 0, DL_RC fails 0, key form fails 0; 19400 evals [10 s]
#   unit {"file": "k4_certs_5_n4_4.json.gz", "pos": 8382, "rank": [0, 0, 8, 384]} k4_certs_5_n4_4.json.gz#8382[m=11,idx=259]: start [0, 0, 0, 0, -3, 0, 1, -37, 1] best [0, 0, 0, 0, -1, 0, 1, -19, 2] chain profiles 0 (states 0), maxw 0, DL_RC fails 0, key form fails 0; 19400 evals [10 s]
#   unit {"file": "k4_certs_5_n4_4.json.gz", "pos": 5873, "rank": [0, 0, 8, 221]} k4_certs_5_n4_4.json.gz#5873[m=10,idx=202]: start [0, 0, 0, 0, -2, 0, 1, -19, 3] best [0, 0, 0, 0, -2, 0, 2, -14, 10] chain profiles 0 (states 0), maxw 0, DL_RC fails 0, key form fails 0; 19400 evals [7 s]
#   unit {"file": "k4_certs_5_n4_4.json.gz", "pos": 8306, "rank": [0, 0, 8, 235]} k4_certs_5_n4_4.json.gz#8306[m=11,idx=183]: start [0, 0, 0, 0, -3, 0, 1, -37, 2] best [0, 0, 0, 0, -1, 0, 1, -15, 9] chain profiles 0 (states 0), maxw 0, DL_RC fails 0, key form fails 0; 19400 evals [9 s]
#   unit {"file": "k4_certs_5_n4_4.json.gz", "pos": 6105, "rank": [0, 0, 8, 62]} k4_certs_5_n4_4.json.gz#6105[m=10,idx=434]: start [0, 0, 0, 0, -2, 0, 1, -29, 2] best [0, 0, 0, 0, -2, 0, 1, -23, 3] chain profiles 0 (states 0), maxw 0, DL_RC fails 0, key form fails 0; 19400 evals [7 s]
#   unit {"file": "k4_certs_5_n4_4.json.gz", "pos": 6106, "rank": [0, 0, 8, 53]} k4_certs_5_n4_4.json.gz#6106[m=10,idx=435]: start [0, 0, 0, 0, -2, 0, 1, -39, 1] best [0, 0, 0, 0, -2, 0, 2, -20, 5] chain profiles 0 (states 0), maxw 0, DL_RC fails 0, key form fails 0; 19400 evals [7 s]
#   unit {"file": "k4_certs_5_n4_4.json.gz", "pos": 8568, "rank": [0, 0, 8, 181]} k4_certs_5_n4_4.json.gz#8568[m=11,idx=445]: start [0, 0, 0, 0, -2, 0, 2, -18, 7] best [0, 0, 0, 0, -2, 0, 2, -15, 7] chain profiles 0 (states 0), maxw 0, DL_RC fails 0, key form fails 0; 19400 evals [11 s]
#   unit {"file": "k4_certs_5_n4_4.json.gz", "pos": 6181, "rank": [0, 0, 8, 33]} k4_certs_5_n4_4.json.gz#6181[m=10,idx=510]: start [0, 0, 0, 0, -1000000, 0, 0, -1000000, 0] best [0, 0, 0, 0, -2, 0, 1, -31, 1] chain profiles 0 (states 0), maxw 0, DL_RC fails 0, key form fails 0; 19400 evals [7 s]
#   unit {"file": "k4_certs_5_n4_4.json.gz", "pos": 9053, "rank": [0, 0, 8, 45]} k4_certs_5_n4_4.json.gz#9053[m=11,idx=930]: start [0, 0, 0, 0, -2, 0, 1, -42, 2] best [0, 0, 0, 0, -2, 0, 1, -24, 2] chain profiles 0 (states 0), maxw 0, DL_RC fails 0, key form fails 0; 19400 evals [13 s]
#   unit {"file": "k4_certs_5_n4_4.json.gz", "pos": 3071, "rank": [0, 0, 8, 32]} k4_certs_5_n4_4.json.gz#3071[m=9,idx=229]: start [0, 0, 0, 0, -1000000, 0, 0, -1000000, 0] best [0, 0, 0, 0, -2, 0, 1, -23, 3] chain profiles 0 (states 0), maxw 0, DL_RC fails 0, key form fails 0; 19400 evals [6 s]
#   unit {"file": "k4_certs_5_n4_4.json.gz", "pos": 9052, "rank": [0, 0, 8, 39]} k4_certs_5_n4_4.json.gz#9052[m=11,idx=929]: start [0, 0, 0, 0, -1000000, 0, 0, -1000000, 0] best [0, 0, 0, 0, -2, 0, 2, -13, 8] chain profiles 0 (states 0), maxw 0, DL_RC fails 0, key form fails 0; 19400 evals [11 s]
#   unit {"file": "k4_certs_5_n4_4.json.gz", "pos": 3331, "rank": [0, 0, 8, 26]} k4_certs_5_n4_4.json.gz#3331[m=9,idx=489]: start [0, 0, 0, 0, -1000000, 0, 0, -1000000, 0] best [0, 0, 0, 0, -2, 0, 1, -14, 1] chain profiles 0 (states 0), maxw 0, DL_RC fails 0, key form fails 0; 19400 evals [5 s]
#   unit {"file": "k4_certs_5_n4_4.json.gz", "pos": 6239, "rank": [0, 0, 8, 27]} k4_certs_5_n4_4.json.gz#6239[m=10,idx=568]: start [0, 0, 0, 0, -1000000, 0, 0, -1000000, 0] best [0, 0, 0, 0, -2, 0, 1, -19, 1] chain profiles 0 (states 0), maxw 0, DL_RC fails 0, key form fails 0; 19400 evals [6 s]
#   unit {"file": "k4_certs_5_n4_4.json.gz", "pos": 3092, "rank": [0, 0, 8, 21]} k4_certs_5_n4_4.json.gz#3092[m=9,idx=250]: start [0, 0, 0, 0, -3, 0, 1, -41, 2] best [0, 0, 0, 0, -2, 0, 2, -21, 8] chain profiles 0 (states 0), maxw 0, DL_RC fails 0, key form fails 0; 19400 evals [5 s]
#   unit {"file": "k4_certs_5_n4_4.json.gz", "pos": 5706, "rank": [0, 0, 8, 24]} k4_certs_5_n4_4.json.gz#5706[m=10,idx=35]: start [0, 0, 0, 0, -1000000, 0, 0, -1000000, 0] best [0, 0, 0, 0, -2, 0, 1, -7, 2] chain profiles 0 (states 0), maxw 0, DL_RC fails 0, key form fails 0; 19400 evals [8 s]
#   unit {"file": "k4_certs_5_n4_4.json.gz", "pos": 1117, "rank": [0, 0, 8, 20]} k4_certs_5_n4_4.json.gz#1117[m=8,idx=207]: start [0, 0, 0, 0, -1000000, 0, 0, -1000000, 0] best [0, 0, 0, 0, -1000000, 0, 0, -1000000, 0] chain profiles 0 (states 0), maxw 0, DL_RC fails 0, key form fails 0; 19400 evals [4 s]
#   unit {"file": "k4_certs_5_n4_4.json.gz", "pos": 7790, "rank": [0, 0, 8, 20]} k4_certs_5_n4_4.json.gz#7790[m=10,idx=2119]: start [0, 0, 0, 0, -3, 0, 1, -54, 2] best [0, 0, 0, 0, -2, 0, 1, -23, 2] chain profiles 0 (states 0), maxw 0, DL_RC fails 0, key form fails 0; 19400 evals [7 s]
#   unit {"file": "k4_certs_5_n4_4.json.gz", "pos": 1104, "rank": [0, 0, 8, 16]} k4_certs_5_n4_4.json.gz#1104[m=8,idx=194]: start [0, 0, 0, 0, -1000000, 0, 0, -1000000, 0] best [0, 0, 0, 0, -2, 0, 2, -18, 2] chain profiles 0 (states 0), maxw 0, DL_RC fails 0, key form fails 0; 19400 evals [4 s]
#   unit {"file": "k4_certs_5_n4_4.json.gz", "pos": 1207, "rank": [0, 0, 8, 15]} k4_certs_5_n4_4.json.gz#1207[m=8,idx=297]: start [0, 0, 0, 0, -2, 0, 1, -17, 2] best [0, 0, 0, 0, -2, 0, 1, -15, 2] chain profiles 0 (states 0), maxw 0, DL_RC fails 0, key form fails 0; 19400 evals [4 s]
#   unit {"file": "k4_certs_5_n4_4.json.gz", "pos": 3088, "rank": [0, 0, 8, 16]} k4_certs_5_n4_4.json.gz#3088[m=9,idx=246]: start [0, 0, 0, 0, -1000000, 0, 0, -1000000, 0] best [0, 0, 0, 0, -3, 0, 1, -29, 1] chain profiles 0 (states 0), maxw 0, DL_RC fails 0, key form fails 0; 19400 evals [5 s]
#   unit {"file": "k4_certs_5_n4_4.json.gz", "pos": 1304, "rank": [0, 0, 8, 14]} k4_certs_5_n4_4.json.gz#1304[m=8,idx=394]: start [0, 0, 0, 0, -1000000, 0, 0, -1000000, 0] best [0, 0, 0, 0, -2, 0, 2, -24, 2] chain profiles 0 (states 0), maxw 0, DL_RC fails 0, key form fails 0; 19400 evals [4 s]
#   unit {"file": "k4_certs_5_n4_4.json.gz", "pos": 1103, "rank": [0, 0, 8, 12]} k4_certs_5_n4_4.json.gz#1103[m=8,idx=193]: start [0, 0, 0, 0, -1000000, 0, 0, -1000000, 0] best [0, 0, 0, 0, -1000000, 0, 0, -1000000, 0] chain profiles 0 (states 0), maxw 0, DL_RC fails 0, key form fails 0; 19400 evals [4 s]
#   unit {"file": "k4_certs_5_n4_4.json.gz", "pos": 3080, "rank": [0, 0, 8, 12]} k4_certs_5_n4_4.json.gz#3080[m=9,idx=238]: start [0, 0, 0, 0, -1000000, 0, 0, -1000000, 0] best [0, 0, 0, 0, -2, 0, 1, -11, 6] chain profiles 0 (states 0), maxw 0, DL_RC fails 0, key form fails 0; 19400 evals [5 s]
#   unit {"file": "k4_certs_5_n4_4.json.gz", "pos": 6134, "rank": [0, 0, 8, 14]} k4_certs_5_n4_4.json.gz#6134[m=10,idx=463]: start [0, 0, 0, 0, -1000000, 0, 0, -1000000, 0] best [0, 0, 0, 0, -2, 0, 2, -10, 13] chain profiles 0 (states 0), maxw 0, DL_RC fails 0, key form fails 0; 19400 evals [6 s]
#   unit {"file": "k4_certs_5_n4_4.json.gz", "pos": 950, "rank": [0, 0, 8, 11]} k4_certs_5_n4_4.json.gz#950[m=8,idx=40]: start [0, 0, 0, 0, -1000000, 0, 0, -1000000, 0] best [0, 0, 0, 0, -1000000, 0, 0, -1000000, 0] chain profiles 0 (states 0), maxw 0, DL_RC fails 0, key form fails 0; 19400 evals [4 s]
#   unit {"file": "k4_certs_5_n4_4.json.gz", "pos": 951, "rank": [0, 0, 8, 10]} k4_certs_5_n4_4.json.gz#951[m=8,idx=41]: start [0, 0, 0, 0, -1000000, 0, 0, -1000000, 0] best [0, 0, 0, 0, -2, 0, 2, -16, 6] chain profiles 0 (states 0), maxw 0, DL_RC fails 0, key form fails 0; 19400 evals [4 s]
#   unit {"file": "k4_certs_5_n4_4.json.gz", "pos": 1211, "rank": [0, 0, 8, 10]} k4_certs_5_n4_4.json.gz#1211[m=8,idx=301]: start [0, 0, 0, 0, -1000000, 0, 0, -1000000, 0] best [0, 0, 0, 0, -2, 0, 1, -10, 2] chain profiles 0 (states 0), maxw 0, DL_RC fails 0, key form fails 0; 19400 evals [4 s]
#   unit {"file": "k4_certs_5_n4_4.json.gz", "pos": 5895, "rank": [0, 0, 8, 12]} k4_certs_5_n4_4.json.gz#5895[m=10,idx=224]: start [0, 0, 0, 0, -1000000, 0, 0, -1000000, 0] best [0, 0, 0, 0, -2, 0, 2, -14, 5] chain profiles 0 (states 0), maxw 0, DL_RC fails 0, key form fails 0; 19400 evals [6 s]
#   unit {"file": "k4_certs_5_n4_4.json.gz", "pos": 2954, "rank": [0, 0, 8, 10]} k4_certs_5_n4_4.json.gz#2954[m=9,idx=112]: start [0, 0, 0, 0, -1000000, 0, 0, -1000000, 0] best [0, 0, 0, 0, -2, 0, 2, -10, 4] chain profiles 0 (states 0), maxw 0, DL_RC fails 0, key form fails 0; 19400 evals [4 s]
#   unit {"file": "k4_certs_5_n4_4.json.gz", "pos": 171, "rank": [0, 0, 8, 8]} k4_certs_5_n4_4.json.gz#171[m=7,idx=9]: start [0, 0, 0, 0, -1000000, 0, 0, -1000000, 0] best [0, 0, 0, 0, -1000000, 0, 0, -1000000, 0] chain profiles 0 (states 0), maxw 0, DL_RC fails 0, key form fails 0; 19400 evals [4 s]
#   unit {"file": "k4_certs_5_n4_4.json.gz", "pos": 1121, "rank": [0, 0, 8, 8]} k4_certs_5_n4_4.json.gz#1121[m=8,idx=211]: start [0, 0, 0, 0, -1000000, 0, 0, -1000000, 0] best [0, 0, 4, 4, -2, 4, 3, -12, 8] chain profiles 113 (states 442), maxw 1, DL_RC fails 0, key form fails 0; 19400 evals [4 s]
#   unit {"file": "k4_certs_5_n4_4.json.gz", "pos": 7028, "rank": [0, 0, 8, 9]} k4_certs_5_n4_4.json.gz#7028[m=10,idx=1357]: start [0, 0, 0, 0, -1000000, 0, 0, -1000000, 0] best [0, 0, 0, 0, -2, 0, 2, -26, 2] chain profiles 0 (states 0), maxw 0, DL_RC fails 0, key form fails 0; 19400 evals [6 s]
#   unit {"file": "k4_certs_5_n4_4.json.gz", "pos": 1127, "rank": [0, 0, 8, 8]} k4_certs_5_n4_4.json.gz#1127[m=8,idx=217]: start [0, 0, 0, 0, -1000000, 0, 0, -1000000, 0] best [0, 0, 0, 0, -2, 0, 2, -17, 2] chain profiles 0 (states 0), maxw 0, DL_RC fails 0, key form fails 0; 19400 evals [4 s]
#   unit {"file": "k4_certs_5_n4_4.json.gz", "pos": 1146, "rank": [0, 0, 8, 8]} k4_certs_5_n4_4.json.gz#1146[m=8,idx=236]: start [0, 0, 0, 0, -1000000, 0, 0, -1000000, 0] best [0, 0, 0, 0, -1000000, 0, 0, -1000000, 0] chain profiles 0 (states 0), maxw 0, DL_RC fails 0, key form fails 0; 19400 evals [4 s]
#   unit {"file": "k4_certs_5_n4_4.json.gz", "pos": 1316, "rank": [0, 0, 8, 8]} k4_certs_5_n4_4.json.gz#1316[m=8,idx=406]: start [0, 0, 0, 0, -1000000, 0, 0, -1000000, 0] best [0, 0, 0, 0, -2, 0, 2, -14, 1] chain profiles 0 (states 0), maxw 0, DL_RC fails 0, key form fails 0; 19400 evals [4 s]
#   unit {"file": "k4_certs_5_n4_4.json.gz", "pos": 1317, "rank": [0, 0, 8, 8]} k4_certs_5_n4_4.json.gz#1317[m=8,idx=407]: start [0, 0, 0, 0, -1000000, 0, 0, -1000000, 0] best [0, 0, 0, 0, -1000000, 0, 0, -1000000, 0] chain profiles 0 (states 0), maxw 0, DL_RC fails 0, key form fails 0; 19400 evals [4 s]
#   unit {"file": "k4_certs_5_n4_4.json.gz", "pos": 1510, "rank": [0, 0, 8, 8]} k4_certs_5_n4_4.json.gz#1510[m=8,idx=600]: start [0, 0, 0, 0, -1000000, 0, 0, -1000000, 0] best [0, 0, 0, 0, -1000000, 0, 0, -1000000, 0] chain profiles 0 (states 0), maxw 0, DL_RC fails 0, key form fails 0; 19400 evals [4 s]
#   unit {"file": "k4_certs_5_n4_4.json.gz", "pos": 1888, "rank": [0, 0, 8, 8]} k4_certs_5_n4_4.json.gz#1888[m=8,idx=978]: start [0, 0, 0, 0, -1000000, 0, 0, -1000000, 0] best [0, 0, 0, 0, -1000000, 0, 0, -1000000, 0] chain profiles 0 (states 0), maxw 0, DL_RC fails 0, key form fails 0; 19400 evals [4 s]
#   unit {"file": "k4_certs_5_n4_4.json.gz", "pos": 3292, "rank": [0, 0, 8, 8]} k4_certs_5_n4_4.json.gz#3292[m=9,idx=450]: start [0, 0, 0, 0, -1000000, 0, 0, -1000000, 0] best [0, 0, 0, 0, -1000000, 0, 0, -1000000, 0] chain profiles 0 (states 0), maxw 0, DL_RC fails 0, key form fails 0; 19400 evals [4 s]
#   unit {"file": "k4_certs_5_n4_4.json.gz", "pos": 6131, "rank": [0, 0, 8, 8]} k4_certs_5_n4_4.json.gz#6131[m=10,idx=460]: start [0, 0, 0, 0, -1000000, 0, 0, -1000000, 0] best [0, 0, 0, 0, -2, 0, 2, -15, 2] chain profiles 0 (states 0), maxw 0, DL_RC fails 0, key form fails 0; 19400 evals [6 s]
#   unit {"file": "k4_certs_5_n4_4.json.gz", "pos": 8257, "rank": [0, 0, 7, 1853]} k4_certs_5_n4_4.json.gz#8257[m=11,idx=134]: start [0, 0, 0, 0, -2, 0, 1, -110, 5] best [0, 0, 0, 0, -2, 0, 1, -14, 1] chain profiles 0 (states 0), maxw 0, DL_RC fails 0, key form fails 0; 19400 evals [8 s]
#   unit {"file": "k4_certs_5_n4_4.json.gz", "pos": 8659, "rank": [0, 0, 7, 2142]} k4_certs_5_n4_4.json.gz#8659[m=11,idx=536]: start [0, 0, 0, 0, -2, 0, 1, -41, 2] best [0, 0, 0, 0, -2, 0, 1, -13, 2] chain profiles 0 (states 0), maxw 0, DL_RC fails 0, key form fails 0; 19400 evals [12 s]
#   unit {"file": "k4_certs_5_n4_4.json.gz", "pos": 8717, "rank": [0, 0, 7, 1279]} k4_certs_5_n4_4.json.gz#8717[m=11,idx=594]: start [0, 0, 0, 0, -2, 0, 1, -48, 2] best [0, 0, 0, 0, -2, 0, 2, -13, 6] chain profiles 0 (states 0), maxw 0, DL_RC fails 0, key form fails 0; 19400 evals [11 s]
#   unit {"file": "k4_certs_5_n4_4.json.gz", "pos": 8253, "rank": [0, 0, 7, 1273]} k4_certs_5_n4_4.json.gz#8253[m=11,idx=130]: start [0, 0, 0, 0, -2, 0, 2, -20, 10] best [0, 0, 0, 0, -2, 0, 2, -8, 5] chain profiles 0 (states 0), maxw 0, DL_RC fails 0, key form fails 0; 19400 evals [11 s]
#   unit {"file": "k4_certs_5_n4_4.json.gz", "pos": 8250, "rank": [0, 0, 7, 841]} k4_certs_5_n4_4.json.gz#8250[m=11,idx=127]: start [0, 0, 0, 0, -2, 0, 2, -73, 11] best [0, 0, 0, 0, -2, 0, 2, -12, 10] chain profiles 0 (states 0), maxw 0, DL_RC fails 0, key form fails 0; 19400 evals [11 s]
#   unit {"file": "k4_certs_5_n4_4.json.gz", "pos": 8248, "rank": [0, 0, 7, 706]} k4_certs_5_n4_4.json.gz#8248[m=11,idx=125]: start [0, 0, 0, 0, -2, 0, 1, -26, 2] best [0, 0, 0, 0, -2, 0, 2, -13, 10] chain profiles 0 (states 0), maxw 0, DL_RC fails 0, key form fails 0; 19400 evals [10 s]
#   unit {"file": "k4_certs_5_n4_4.json.gz", "pos": 8345, "rank": [0, 0, 7, 795]} k4_certs_5_n4_4.json.gz#8345[m=11,idx=222]: start [0, 0, 0, 0, -2, 0, 1, -67, 10] best [0, 0, 0, 0, -2, 0, 2, -30, 12] chain profiles 0 (states 0), maxw 0, DL_RC fails 0, key form fails 0; 19400 evals [10 s]
#   unit {"file": "k4_certs_5_n4_4.json.gz", "pos": 8445, "rank": [0, 0, 7, 534]} k4_certs_5_n4_4.json.gz#8445[m=11,idx=322]: start [0, 0, 0, 0, -2, 0, 1, -41, 2] best [0, 0, 0, 0, -1, 0, 2, -6, 3] chain profiles 0 (states 0), maxw 0, DL_RC fails 0, key form fails 0; 19400 evals [8 s]
#   unit {"file": "k4_certs_5_n4_4.json.gz", "pos": 8728, "rank": [0, 0, 7, 443]} k4_certs_5_n4_4.json.gz#8728[m=11,idx=605]: start [0, 0, 0, 0, -2, 0, 1, -57, 4] best [0, 0, 0, 0, -2, 0, 2, -5, 2] chain profiles 0 (states 0), maxw 0, DL_RC fails 0, key form fails 0; 19400 evals [5 s]
TOTAL ranked_n4_4: units 200, profiles evaluated 3880000 (with repeats; def > 0 states with f >= 1 in them: 3069522), unit time 1422 s (this session 357 s wall); units reaching a chain state 1, distinct chain profiles 113 (chain states 442), largest least |W| at a chain state 1; units with a DL_RC failure 0, with a key-form failure 0
best units (score order rcf kf chain chain3 -gap c3 kstar -minmv st1):
  {"file": "k4_certs_5_n4_4.json.gz", "pos": 1121, "rank": [0, 0, 8, 8]} k4_certs_5_n4_4.json.gz#1121[m=8,idx=211] n=5 m=8 best [0, 0, 4, 4, -2, 4, 3, -12, 8] prof [95, 45, 80, 146, 3] H {'f': 3, 'st1': 8, 'rt4f': 4, 'rcf': 0, 'ch': 4, 'ch3': 4, 'chw2': 0, 'gap': 2, 'c3': 4, 'mv': 12, 'kf': 0, 'kfk': 0, 'maxw': 1, 'kstar': 3}
  {"file": "k4_certs_5_n4_4.json.gz", "pos": 8243, "rank": [0, 0, 12, 1232]} k4_certs_5_n4_4.json.gz#8243[m=11,idx=120] n=5 m=11 best [0, 0, 0, 0, -1, 0, 2, -4, 5] prof [92, 36, 36, 57, 2] H {'f': 1, 'st1': 5, 'rt4f': 0, 'rcf': 0, 'ch': 0, 'ch3': 0, 'chw2': 0, 'gap': 1, 'c3': 0, 'mv': 4, 'kf': 0, 'kfk': 0, 'maxw': 0, 'kstar': 2}
  {"file": "k4_certs_5_n4_4.json.gz", "pos": 8244, "rank": [0, 0, 11, 1385]} k4_certs_5_n4_4.json.gz#8244[m=11,idx=121] n=5 m=11 best [0, 0, 0, 0, -1, 0, 2, -4, 5] prof [92, 36, 8, 3, 53] H {'f': 1, 'st1': 5, 'rt4f': 0, 'rcf': 0, 'ch': 0, 'ch3': 0, 'chw2': 0, 'gap': 1, 'c3': 0, 'mv': 4, 'kf': 0, 'kfk': 0, 'maxw': 0, 'kstar': 2}
  {"file": "k4_certs_5_n4_4.json.gz", "pos": 8197, "rank": [0, 0, 11, 736]} k4_certs_5_n4_4.json.gz#8197[m=11,idx=74] n=5 m=11 best [0, 0, 0, 0, -1, 0, 2, -4, 4] prof [79, 36, 36, 110, 2] H {'f': 1, 'st1': 4, 'rt4f': 0, 'rcf': 0, 'ch': 0, 'ch3': 0, 'chw2': 0, 'gap': 1, 'c3': 0, 'mv': 4, 'kf': 0, 'kfk': 0, 'maxw': 0, 'kstar': 2}
  {"file": "k4_certs_5_n4_4.json.gz", "pos": 6654, "rank": [0, 0, 34, 137]} k4_certs_5_n4_4.json.gz#6654[m=10,idx=983] n=5 m=10 best [0, 0, 0, 0, -1, 0, 2, -6, 12] prof [15, 84, 56, 24, 2] H {'f': 3, 'st1': 12, 'rt4f': 0, 'rcf': 0, 'ch': 0, 'ch3': 0, 'chw2': 0, 'gap': 1, 'c3': 0, 'mv': 6, 'kf': 0, 'kfk': 0, 'maxw': 0, 'kstar': 2}
  {"file": "k4_certs_5_n4_4.json.gz", "pos": 8445, "rank": [0, 0, 7, 534]} k4_certs_5_n4_4.json.gz#8445[m=11,idx=322] n=5 m=11 best [0, 0, 0, 0, -1, 0, 2, -6, 3] prof [8, 23, 134, 207, 2] H {'f': 1, 'st1': 3, 'rt4f': 0, 'rcf': 0, 'ch': 0, 'ch3': 0, 'chw2': 0, 'gap': 1, 'c3': 0, 'mv': 6, 'kf': 0, 'kfk': 0, 'maxw': 0, 'kstar': 2}
  {"file": "k4_certs_5_n4_4.json.gz", "pos": 5958, "rank": [0, 0, 12, 190]} k4_certs_5_n4_4.json.gz#5958[m=10,idx=287] n=5 m=10 best [0, 0, 0, 0, -1, 0, 2, -7, 5] prof [104, 36, 10, 225, 2] H {'f': 3, 'st1': 5, 'rt4f': 0, 'rcf': 0, 'ch': 0, 'ch3': 0, 'chw2': 0, 'gap': 1, 'c3': 0, 'mv': 7, 'kf': 0, 'kfk': 0, 'maxw': 0, 'kstar': 2}
  {"file": "k4_certs_5_n4_4.json.gz", "pos": 8245, "rank": [0, 0, 26, 999]} k4_certs_5_n4_4.json.gz#8245[m=11,idx=122] n=5 m=11 best [0, 0, 0, 0, -1, 0, 2, -7, 3] prof [97, 36, 8, 142, 0] H {'f': 1, 'st1': 3, 'rt4f': 0, 'rcf': 0, 'ch': 0, 'ch3': 0, 'chw2': 0, 'gap': 1, 'c3': 0, 'mv': 7, 'kf': 0, 'kfk': 0, 'maxw': 0, 'kstar': 2}
  {"file": "k4_certs_5_n4_4.json.gz", "pos": 8187, "rank": [0, 0, 38, 464]} k4_certs_5_n4_4.json.gz#8187[m=11,idx=64] n=5 m=11 best [0, 0, 0, 0, -1, 0, 2, -8, 6] prof [35, 52, 75, 43, 0] H {'f': 3, 'st1': 6, 'rt4f': 0, 'rcf': 0, 'ch': 0, 'ch3': 0, 'chw2': 0, 'gap': 1, 'c3': 0, 'mv': 8, 'kf': 0, 'kfk': 0, 'maxw': 0, 'kstar': 2}
  {"file": "k4_certs_5_n4_4.json.gz", "pos": 8189, "rank": [0, 0, 36, 225]} k4_certs_5_n4_4.json.gz#8189[m=11,idx=66] n=5 m=11 best [0, 0, 0, 0, -1, 0, 2, -11, 28] prof [95, 92, 34, 86, 1] H {'f': 2, 'st1': 28, 'rt4f': 0, 'rcf': 0, 'ch': 0, 'ch3': 0, 'chw2': 0, 'gap': 1, 'c3': 0, 'mv': 11, 'kf': 0, 'kfk': 0, 'maxw': 0, 'kstar': 2}
  {"file": "k4_certs_5_n4_4.json.gz", "pos": 8264, "rank": [0, 0, 11, 172]} k4_certs_5_n4_4.json.gz#8264[m=11,idx=141] n=5 m=11 best [0, 0, 0, 0, -1, 0, 2, -11, 9] prof [35, 113, 1, 147, 1] H {'f': 3, 'st1': 9, 'rt4f': 0, 'rcf': 0, 'ch': 0, 'ch3': 0, 'chw2': 0, 'gap': 1, 'c3': 0, 'mv': 11, 'kf': 0, 'kfk': 0, 'maxw': 0, 'kstar': 2}
  {"file": "k4_certs_5_n4_4.json.gz", "pos": 8196, "rank": [0, 0, 40, 488]} k4_certs_5_n4_4.json.gz#8196[m=11,idx=73] n=5 m=11 best [0, 0, 0, 0, -1, 0, 2, -12, 43] prof [92, 64, 72, 30, 5] H {'f': 2, 'st1': 43, 'rt4f': 0, 'rcf': 0, 'ch': 0, 'ch3': 0, 'chw2': 0, 'gap': 1, 'c3': 0, 'mv': 12, 'kf': 0, 'kfk': 0, 'maxw': 0, 'kstar': 2}
  {"file": "k4_certs_5_n4_4.json.gz", "pos": 8866, "rank": [0, 0, 49, 241]} k4_certs_5_n4_4.json.gz#8866[m=11,idx=743] n=5 m=11 best [0, 0, 0, 0, -1, 0, 2, -12, 39] prof [79, 87, 100, 1, 42] H {'f': 2, 'st1': 39, 'rt4f': 0, 'rcf': 0, 'ch': 0, 'ch3': 0, 'chw2': 0, 'gap': 1, 'c3': 0, 'mv': 12, 'kf': 0, 'kfk': 0, 'maxw': 0, 'kstar': 2}
  {"file": "k4_certs_5_n4_4.json.gz", "pos": 8695, "rank": [0, 0, 10, 55]} k4_certs_5_n4_4.json.gz#8695[m=11,idx=572] n=5 m=11 best [0, 0, 0, 0, -1, 0, 2, -12, 18] prof [79, 72, 31, 31, 1] H {'f': 3, 'st1': 18, 'rt4f': 0, 'rcf': 0, 'ch': 0, 'ch3': 0, 'chw2': 0, 'gap': 1, 'c3': 0, 'mv': 12, 'kf': 0, 'kfk': 0, 'maxw': 0, 'kstar': 2}
  {"file": "k4_certs_5_n4_4.json.gz", "pos": 8434, "rank": [0, 0, 8, 465]} k4_certs_5_n4_4.json.gz#8434[m=11,idx=311] n=5 m=11 best [0, 0, 0, 0, -1, 0, 2, -14, 5] prof [20, 35, 8, 0, 182] H {'f': 3, 'st1': 5, 'rt4f': 0, 'rcf': 0, 'ch': 0, 'ch3': 0, 'chw2': 0, 'gap': 1, 'c3': 0, 'mv': 14, 'kf': 0, 'kfk': 0, 'maxw': 0, 'kstar': 2}
