# command: python3 k4/dlrc_hunt.py ranked_n4_3 ranked results/k4_certs_5_n4_3.json.gz /tmp/k4_rc_ckpts/ckpt_n5b_3.jsonl /tmp/k4_rc_ckpts/ckpt_n5b_3bt.jsonl --top=200 --steps=800 --jobs=4 --seed=2
# dlrc.c sha256 f1cf4cc169a347625e5a84bd9c7a8c218f791de6e2a7ce466f59ce357000b1f7; dlrc_hunt.py sha256 7fc97147ecb792b1b5354e992012778f63dd6edb9ad28ce878bf645e0390730f
# ranked results/k4_certs_5_n4_3.json.gz /tmp/k4_rc_ckpts/ckpt_n5b_3.jsonl /tmp/k4_rc_ckpts/ckpt_n5b_3bt.jsonl: 200 units, 200 to run, 0 from the checkpoint; options {'steps': 800, 'batch': 24, 'obj': 'std', 'bt': 0.5, 'seed': 2, 'init': 200, 'stale': 40}
#   unit {"file": "k4_certs_5_n4_3.json.gz", "pos": 7967, "rank": [0, 2, 6, 32]} k4_certs_5_n4_3.json.gz#7967[m=10,idx=746]: start [0, 0, 0, 0, -1000000, 0, 0, -1000000, 0] best [0, 0, 0, 0, -2, 0, 1, -17, 6] chain profiles 0 (states 0), maxw 0, DL_RC fails 0, key form fails 0; 19400 evals [7 s]
#   unit {"file": "k4_certs_5_n4_3.json.gz", "pos": 9483, "rank": [0, 2, 16, 26]} k4_certs_5_n4_3.json.gz#9483[m=11,idx=356]: start [0, 0, 0, 0, -1000000, 0, 0, -1000000, 0] best [0, 0, 0, 0, -2, 2, 3, -10, 7] chain profiles 0 (states 0), maxw 0, DL_RC fails 0, key form fails 0; 19400 evals [11 s]
#   unit {"file": "k4_certs_5_n4_3.json.gz", "pos": 9823, "rank": [0, 0, 257, 9024]} k4_certs_5_n4_3.json.gz#9823[m=12,idx=57]: start [0, 0, 0, 0, -2, 0, 2, -58, 14] best [0, 0, 0, 0, -2, 0, 2, -14, 10] chain profiles 0 (states 0), maxw 0, DL_RC fails 0, key form fails 0; 19400 evals [17 s]
#   unit {"file": "k4_certs_5_n4_3.json.gz", "pos": 9787, "rank": [0, 0, 971, 9419]} k4_certs_5_n4_3.json.gz#9787[m=12,idx=21]: start [0, 0, 0, 0, -2, 0, 1, -65, 4] best [0, 0, 0, 0, -1, 0, 2, -20, 21] chain profiles 0 (states 0), maxw 0, DL_RC fails 0, key form fails 0; 19400 evals [22 s]
#   unit {"file": "k4_certs_5_n4_3.json.gz", "pos": 7333, "rank": [0, 0, 170, 1758]} k4_certs_5_n4_3.json.gz#7333[m=10,idx=112]: start [0, 0, 0, 0, -1000000, 0, 0, -1000000, 0] best [0, 0, 0, 0, -2, 0, 1, -26, 1] chain profiles 0 (states 0), maxw 0, DL_RC fails 0, key form fails 0; 19400 evals [7 s]
#   unit {"file": "k4_certs_5_n4_3.json.gz", "pos": 9773, "rank": [0, 0, 177, 6693]} k4_certs_5_n4_3.json.gz#9773[m=12,idx=7]: start [0, 0, 0, 0, -2, 0, 1, -64, 12] best [0, 0, 0, 0, -2, 0, 2, -33, 10] chain profiles 0 (states 0), maxw 0, DL_RC fails 0, key form fails 0; 19400 evals [18 s]
#   unit {"file": "k4_certs_5_n4_3.json.gz", "pos": 9808, "rank": [0, 0, 175, 569]} k4_certs_5_n4_3.json.gz#9808[m=12,idx=42]: start [0, 0, 0, 0, -2, 0, 1, -31, 22] best [0, 0, 0, 0, -1, 0, 2, -21, 42] chain profiles 0 (states 0), maxw 0, DL_RC fails 0, key form fails 0; 19400 evals [20 s]
#   unit {"file": "k4_certs_5_n4_3.json.gz", "pos": 9154, "rank": [0, 0, 163, 1451]} k4_certs_5_n4_3.json.gz#9154[m=11,idx=27]: start [0, 0, 0, 0, -3, 0, 1, -32, 1] best [0, 0, 0, 0, -2, 0, 1, -16, 1] chain profiles 0 (states 0), maxw 0, DL_RC fails 0, key form fails 0; 19400 evals [8 s]
#   unit {"file": "k4_certs_5_n4_3.json.gz", "pos": 9163, "rank": [0, 0, 170, 986]} k4_certs_5_n4_3.json.gz#9163[m=11,idx=36]: start [0, 0, 0, 0, -3, 0, 1, -20, 2] best [0, 0, 0, 0, -3, 0, 1, -20, 2] chain profiles 0 (states 0), maxw 0, DL_RC fails 0, key form fails 0; 19400 evals [9 s]
#   unit {"file": "k4_certs_5_n4_3.json.gz", "pos": 9167, "rank": [0, 0, 144, 1459]} k4_certs_5_n4_3.json.gz#9167[m=11,idx=40]: start [0, 0, 0, 0, -2, 0, 1, -24, 1] best [0, 0, 0, 0, -2, 0, 2, -32, 1] chain profiles 0 (states 0), maxw 0, DL_RC fails 0, key form fails 0; 19400 evals [7 s]
#   unit {"file": "k4_certs_5_n4_3.json.gz", "pos": 9189, "rank": [0, 0, 133, 4124]} k4_certs_5_n4_3.json.gz#9189[m=11,idx=62]: start [0, 0, 0, 0, -2, 0, 1, -13, 3] best [0, 0, 0, 0, -1, 0, 2, -4, 3] chain profiles 0 (states 0), maxw 0, DL_RC fails 0, key form fails 0; 19400 evals [7 s]
#   unit {"file": "k4_certs_5_n4_3.json.gz", "pos": 7352, "rank": [0, 0, 121, 2158]} k4_certs_5_n4_3.json.gz#7352[m=10,idx=131]: start [0, 0, 0, 0, -2, 0, 1, -51, 10] best [0, 0, 0, 0, -2, 0, 2, -29, 12] chain profiles 0 (states 0), maxw 0, DL_RC fails 0, key form fails 0; 19400 evals [7 s]
#   unit {"file": "k4_certs_5_n4_3.json.gz", "pos": 9166, "rank": [0, 0, 133, 1918]} k4_certs_5_n4_3.json.gz#9166[m=11,idx=39]: start [0, 0, 0, 0, -2, 0, 1, -19, 1] best [0, 0, 0, 0, -2, 0, 1, -17, 1] chain profiles 0 (states 0), maxw 0, DL_RC fails 0, key form fails 0; 19400 evals [9 s]
#   unit {"file": "k4_certs_5_n4_3.json.gz", "pos": 9164, "rank": [0, 0, 116, 3061]} k4_certs_5_n4_3.json.gz#9164[m=11,idx=37]: start [0, 0, 0, 0, -2, 0, 1, -57, 6] best [0, 0, 0, 0, -1, 0, 1, -33, 2] chain profiles 0 (states 0), maxw 0, DL_RC fails 0, key form fails 0; 19400 evals [10 s]
#   unit {"file": "k4_certs_5_n4_3.json.gz", "pos": 7348, "rank": [0, 0, 114, 1579]} k4_certs_5_n4_3.json.gz#7348[m=10,idx=127]: start [0, 0, 0, 0, -2, 0, 1, -27, 2] best [0, 0, 0, 0, -2, 0, 2, -14, 10] chain profiles 0 (states 0), maxw 0, DL_RC fails 0, key form fails 0; 19400 evals [6 s]
#   unit {"file": "k4_certs_5_n4_3.json.gz", "pos": 7344, "rank": [0, 0, 116, 713]} k4_certs_5_n4_3.json.gz#7344[m=10,idx=123]: start [0, 0, 0, 0, -2, 0, 1, -51, 2] best [0, 0, 0, 0, -2, 0, 2, -24, 22] chain profiles 0 (states 0), maxw 0, DL_RC fails 0, key form fails 0; 19400 evals [7 s]
#   unit {"file": "k4_certs_5_n4_3.json.gz", "pos": 7345, "rank": [0, 0, 104, 1357]} k4_certs_5_n4_3.json.gz#7345[m=10,idx=124]: start [0, 0, 0, 0, -3, 0, 1, -19, 2] best [0, 0, 0, 0, -2, 0, 2, -14, 6] chain profiles 0 (states 0), maxw 0, DL_RC fails 0, key form fails 0; 19400 evals [5 s]
#   unit {"file": "k4_certs_5_n4_3.json.gz", "pos": 9162, "rank": [0, 0, 112, 420]} k4_certs_5_n4_3.json.gz#9162[m=11,idx=35]: start [0, 0, 0, 0, -2, 0, 1, -25, 1] best [0, 0, 0, 0, -2, 0, 1, -19, 2] chain profiles 0 (states 0), maxw 0, DL_RC fails 0, key form fails 0; 19400 evals [8 s]
#   unit {"file": "k4_certs_5_n4_3.json.gz", "pos": 7328, "rank": [0, 0, 92, 145]} k4_certs_5_n4_3.json.gz#7328[m=10,idx=107]: start [0, 0, 0, 0, -1000000, 0, 0, -1000000, 0] best [0, 0, 0, 0, -2, 0, 2, -24, 24] chain profiles 0 (states 0), maxw 0, DL_RC fails 0, key form fails 0; 19400 evals [6 s]
#   unit {"file": "k4_certs_5_n4_3.json.gz", "pos": 9157, "rank": [0, 0, 101, 4394]} k4_certs_5_n4_3.json.gz#9157[m=11,idx=30]: start [0, 0, 0, 0, -2, 0, 1, -29, 2] best [0, 0, 0, 0, -1, 0, 2, -10, 3] chain profiles 0 (states 0), maxw 0, DL_RC fails 0, key form fails 0; 19400 evals [8 s]
#   unit {"file": "k4_certs_5_n4_3.json.gz", "pos": 8022, "rank": [0, 0, 88, 151]} k4_certs_5_n4_3.json.gz#8022[m=10,idx=801]: start [0, 0, 0, 0, -1000000, 0, 0, -1000000, 0] best [0, 0, 0, 0, -2, 0, 2, -22, 18] chain profiles 0 (states 0), maxw 0, DL_RC fails 0, key form fails 0; 19400 evals [6 s]
#   unit {"file": "k4_certs_5_n4_3.json.gz", "pos": 9186, "rank": [0, 0, 86, 3472]} k4_certs_5_n4_3.json.gz#9186[m=11,idx=59]: start [0, 0, 0, 0, -3, 0, 1, -28, 1] best [0, 0, 0, 0, -2, 0, 2, -20, 4] chain profiles 0 (states 0), maxw 0, DL_RC fails 0, key form fails 0; 19400 evals [6 s]
#   unit {"file": "k4_certs_5_n4_3.json.gz", "pos": 9185, "rank": [0, 0, 80, 3291]} k4_certs_5_n4_3.json.gz#9185[m=11,idx=58]: start [0, 0, 0, 0, -2, 0, 1, -31, 1] best [0, 0, 0, 0, -1, 0, 2, -4, 3] chain profiles 0 (states 0), maxw 0, DL_RC fails 0, key form fails 0; 19400 evals [6 s]
#   unit {"file": "k4_certs_5_n4_3.json.gz", "pos": 8596, "rank": [0, 0, 80, 136]} k4_certs_5_n4_3.json.gz#8596[m=10,idx=1375]: start [0, 0, 0, 0, -1000000, 0, 0, -1000000, 0] best [0, 0, 0, 0, -2, 0, 2, -16, 18] chain profiles 0 (states 0), maxw 0, DL_RC fails 0, key form fails 0; 19400 evals [7 s]
#   unit {"file": "k4_certs_5_n4_3.json.gz", "pos": 9193, "rank": [0, 0, 78, 3956]} k4_certs_5_n4_3.json.gz#9193[m=11,idx=66]: start [0, 0, 0, 0, -2, 0, 2, -45, 11] best [0, 0, 0, 0, -2, 0, 2, -25, 11] chain profiles 0 (states 0), maxw 0, DL_RC fails 0, key form fails 0; 19400 evals [8 s]
#   unit {"file": "k4_certs_5_n4_3.json.gz", "pos": 9198, "rank": [0, 0, 76, 389]} k4_certs_5_n4_3.json.gz#9198[m=11,idx=71]: start [0, 0, 0, 0, -3, 0, 1, -55, 1] best [0, 0, 0, 0, -2, 0, 1, -13, 1] chain profiles 0 (states 0), maxw 0, DL_RC fails 0, key form fails 0; 19400 evals [8 s]
#   unit {"file": "k4_certs_5_n4_3.json.gz", "pos": 9435, "rank": [0, 0, 73, 1549]} k4_certs_5_n4_3.json.gz#9435[m=11,idx=308]: start [0, 0, 0, 0, -2, 0, 1, -20, 2] best [0, 0, 0, 0, -2, 0, 2, -5, 2] chain profiles 0 (states 0), maxw 0, DL_RC fails 0, key form fails 0; 19400 evals [5 s]
#   unit {"file": "k4_certs_5_n4_3.json.gz", "pos": 9822, "rank": [0, 0, 74, 1513]} k4_certs_5_n4_3.json.gz#9822[m=12,idx=56]: start [0, 0, 0, 0, -2, 0, 1, -36, 1] best [0, 0, 0, 0, -2, 0, 2, -19, 8] chain profiles 0 (states 0), maxw 0, DL_RC fails 0, key form fails 0; 19400 evals [11 s]
#   unit {"file": "k4_certs_5_n4_3.json.gz", "pos": 9187, "rank": [0, 0, 72, 1770]} k4_certs_5_n4_3.json.gz#9187[m=11,idx=60]: start [0, 0, 0, 0, -3, 0, 1, -42, 2] best [0, 0, 0, 0, -2, 0, 2, -25, 24] chain profiles 0 (states 0), maxw 0, DL_RC fails 0, key form fails 0; 19400 evals [9 s]
#   unit {"file": "k4_certs_5_n4_3.json.gz", "pos": 9226, "rank": [0, 0, 71, 360]} k4_certs_5_n4_3.json.gz#9226[m=11,idx=99]: start [0, 0, 0, 0, -1000000, 0, 0, -1000000, 0] best [0, 0, 0, 0, -2, 0, 2, -10, 2] chain profiles 0 (states 0), maxw 0, DL_RC fails 0, key form fails 0; 19400 evals [9 s]
#   unit {"file": "k4_certs_5_n4_3.json.gz", "pos": 9368, "rank": [0, 0, 68, 559]} k4_certs_5_n4_3.json.gz#9368[m=11,idx=241]: start [0, 0, 0, 0, -2, 0, 2, -39, 1] best [0, 0, 0, 0, -2, 0, 2, -10, 2] chain profiles 0 (states 0), maxw 0, DL_RC fails 0, key form fails 0; 19400 evals [10 s]
#   unit {"file": "k4_certs_5_n4_3.json.gz", "pos": 7347, "rank": [0, 0, 64, 925]} k4_certs_5_n4_3.json.gz#7347[m=10,idx=126]: start [0, 0, 0, 0, -2, 0, 1, -27, 1] best [0, 0, 0, 0, -2, 0, 2, -14, 3] chain profiles 0 (states 0), maxw 0, DL_RC fails 0, key form fails 0; 19400 evals [5 s]
#   unit {"file": "k4_certs_5_n4_3.json.gz", "pos": 9217, "rank": [0, 0, 67, 357]} k4_certs_5_n4_3.json.gz#9217[m=11,idx=90]: start [0, 0, 0, 0, -2, 0, 1, -41, 10] best [0, 0, 0, 0, -2, 0, 2, -22, 4] chain profiles 0 (states 0), maxw 0, DL_RC fails 0, key form fails 0; 19400 evals [8 s]
#   unit {"file": "k4_certs_5_n4_3.json.gz", "pos": 7343, "rank": [0, 0, 64, 303]} k4_certs_5_n4_3.json.gz#7343[m=10,idx=122]: start [0, 0, 0, 0, -1000000, 0, 0, -1000000, 0] best [0, 0, 0, 0, -2, 0, 2, -26, 14] chain profiles 0 (states 0), maxw 0, DL_RC fails 0, key form fails 0; 19400 evals [6 s]
#   unit {"file": "k4_certs_5_n4_3.json.gz", "pos": 7631, "rank": [0, 0, 64, 208]} k4_certs_5_n4_3.json.gz#7631[m=10,idx=410]: start [0, 0, 0, 0, -2, 0, 2, -24, 24] best [0, 0, 0, 0, -1, 0, 1, -33, 2] chain profiles 0 (states 0), maxw 0, DL_RC fails 0, key form fails 0; 19400 evals [5 s]
#   unit {"file": "k4_certs_5_n4_3.json.gz", "pos": 9444, "rank": [0, 0, 61, 120]} k4_certs_5_n4_3.json.gz#9444[m=11,idx=317]: start [0, 0, 0, 0, -1000000, 0, 0, -1000000, 0] best [0, 0, 0, 0, -2, 0, 1, -20, 5] chain profiles 0 (states 0), maxw 0, DL_RC fails 0, key form fails 0; 19400 evals [8 s]
#   unit {"file": "k4_certs_5_n4_3.json.gz", "pos": 9470, "rank": [0, 0, 60, 3931]} k4_certs_5_n4_3.json.gz#9470[m=11,idx=343]: start [0, 0, 0, 0, -2, 0, 1, -76, 4] best [0, 0, 0, 0, -2, 0, 1, -15, 8] chain profiles 0 (states 0), maxw 0, DL_RC fails 0, key form fails 0; 19400 evals [8 s]
#   unit {"file": "k4_certs_5_n4_3.json.gz", "pos": 7443, "rank": [0, 0, 58, 1206]} k4_certs_5_n4_3.json.gz#7443[m=10,idx=222]: start [0, 0, 0, 0, -2, 0, 1, -33, 1] best [0, 0, 0, 0, -2, 0, 1, -15, 2] chain profiles 0 (states 0), maxw 0, DL_RC fails 0, key form fails 0; 19400 evals [7 s]
#   unit {"file": "k4_certs_5_n4_3.json.gz", "pos": 9168, "rank": [0, 0, 59, 4235]} k4_certs_5_n4_3.json.gz#9168[m=11,idx=41]: start [0, 0, 0, 0, -2, 0, 1, -52, 10] best [0, 0, 0, 0, -1, 0, 2, -20, 4] chain profiles 0 (states 0), maxw 0, DL_RC fails 0, key form fails 0; 19400 evals [9 s]
#   unit {"file": "k4_certs_5_n4_3.json.gz", "pos": 7620, "rank": [0, 0, 58, 372]} k4_certs_5_n4_3.json.gz#7620[m=10,idx=399]: start [0, 0, 0, 0, -3, 0, 1, -36, 1] best [0, 0, 0, 0, -2, 0, 1, -18, 1] chain profiles 0 (states 0), maxw 0, DL_RC fails 0, key form fails 0; 19400 evals [5 s]
#   unit {"file": "k4_certs_5_n4_3.json.gz", "pos": 1860, "rank": [0, 0, 56, 72]} k4_certs_5_n4_3.json.gz#1860[m=8,idx=263]: start [0, 0, 0, 0, -1000000, 0, 0, -1000000, 0] best [0, 0, 0, 0, -2, 0, 2, -28, 4] chain profiles 0 (states 0), maxw 0, DL_RC fails 0, key form fails 0; 19400 evals [4 s]
#   unit {"file": "k4_certs_5_n4_3.json.gz", "pos": 7987, "rank": [0, 0, 58, 132]} k4_certs_5_n4_3.json.gz#7987[m=10,idx=766]: start [0, 0, 0, 0, -1000000, 0, 0, -1000000, 0] best [0, 0, 0, 0, -2, 0, 2, -16, 18] chain profiles 0 (states 0), maxw 0, DL_RC fails 0, key form fails 0; 19400 evals [6 s]
#   unit {"file": "k4_certs_5_n4_3.json.gz", "pos": 9307, "rank": [0, 0, 56, 1150]} k4_certs_5_n4_3.json.gz#9307[m=11,idx=180]: start [0, 0, 0, 0, -2, 0, 1, -28, 1] best [0, 0, 0, 0, -2, 0, 2, -7, 3] chain profiles 0 (states 0), maxw 0, DL_RC fails 0, key form fails 0; 19400 evals [8 s]
#   unit {"file": "k4_certs_5_n4_3.json.gz", "pos": 7332, "rank": [0, 0, 54, 880]} k4_certs_5_n4_3.json.gz#7332[m=10,idx=111]: start [0, 0, 0, 0, -3, 0, 1, -19, 2] best [0, 0, 0, 0, -2, 0, 1, -27, 2] chain profiles 0 (states 0), maxw 0, DL_RC fails 0, key form fails 0; 19400 evals [7 s]
#   unit {"file": "k4_certs_5_n4_3.json.gz", "pos": 7440, "rank": [0, 0, 54, 154]} k4_certs_5_n4_3.json.gz#7440[m=10,idx=219]: start [0, 0, 0, 0, -1000000, 0, 0, -1000000, 0] best [0, 0, 0, 0, -2, 0, 2, -22, 2] chain profiles 0 (states 0), maxw 0, DL_RC fails 0, key form fails 0; 19400 evals [7 s]
#   unit {"file": "k4_certs_5_n4_3.json.gz", "pos": 7357, "rank": [0, 0, 52, 1524]} k4_certs_5_n4_3.json.gz#7357[m=10,idx=136]: start [0, 0, 0, 0, -2, 0, 1, -25, 1] best [0, 0, 0, 0, -2, 0, 2, -19, 3] chain profiles 0 (states 0), maxw 0, DL_RC fails 0, key form fails 0; 19400 evals [6 s]
#   unit {"file": "k4_certs_5_n4_3.json.gz", "pos": 9190, "rank": [0, 0, 52, 2784]} k4_certs_5_n4_3.json.gz#9190[m=11,idx=63]: start [0, 0, 0, 0, -2, 0, 1, -23, 1] best [0, 0, 0, 0, -2, 0, 2, -8, 2] chain profiles 0 (states 0), maxw 0, DL_RC fails 0, key form fails 0; 19400 evals [8 s]
#   unit {"file": "k4_certs_5_n4_3.json.gz", "pos": 9438, "rank": [0, 0, 52, 1158]} k4_certs_5_n4_3.json.gz#9438[m=11,idx=311]: start [0, 0, 0, 0, -2, 0, 1, -39, 3] best [0, 0, 0, 0, -2, 0, 2, -5, 2] chain profiles 0 (states 0), maxw 0, DL_RC fails 0, key form fails 0; 19400 evals [6 s]
#   unit {"file": "k4_certs_5_n4_3.json.gz", "pos": 9173, "rank": [0, 0, 51, 3997]} k4_certs_5_n4_3.json.gz#9173[m=11,idx=46]: start [0, 0, 0, 0, -2, 0, 1, -19, 3] best [0, 0, 0, 0, -2, 0, 2, -8, 2] chain profiles 0 (states 0), maxw 0, DL_RC fails 0, key form fails 0; 19400 evals [7 s]
#   unit {"file": "k4_certs_5_n4_3.json.gz", "pos": 9156, "rank": [0, 0, 51, 3141]} k4_certs_5_n4_3.json.gz#9156[m=11,idx=29]: start [0, 0, 0, 0, -2, 0, 1, -46, 2] best [0, 0, 0, 0, -2, 0, 1, -43, 2] chain profiles 0 (states 0), maxw 0, DL_RC fails 0, key form fails 0; 19400 evals [7 s]
#   unit {"file": "k4_certs_5_n4_3.json.gz", "pos": 4346, "rank": [0, 0, 48, 68]} k4_certs_5_n4_3.json.gz#4346[m=9,idx=108]: start [0, 0, 0, 0, -1000000, 0, 0, -1000000, 0] best [0, 0, 0, 0, -2, 0, 1, -22, 4] chain profiles 0 (states 0), maxw 0, DL_RC fails 0, key form fails 0; 19400 evals [4 s]
#   unit {"file": "k4_certs_5_n4_3.json.gz", "pos": 9289, "rank": [0, 0, 48, 4075]} k4_certs_5_n4_3.json.gz#9289[m=11,idx=162]: start [0, 0, 0, 0, -3, 0, 1, -30, 1] best [0, 0, 0, 0, -2, 0, 2, -17, 8] chain profiles 0 (states 0), maxw 0, DL_RC fails 0, key form fails 0; 19400 evals [9 s]
#   unit {"file": "k4_certs_5_n4_3.json.gz", "pos": 9445, "rank": [0, 0, 48, 107]} k4_certs_5_n4_3.json.gz#9445[m=11,idx=318]: start [0, 0, 0, 0, -3, 0, 1, -53, 1] best [0, 0, 0, 0, -2, 0, 1, -25, 6] chain profiles 0 (states 0), maxw 0, DL_RC fails 0, key form fails 0; 19400 evals [9 s]
#   unit {"file": "k4_certs_5_n4_3.json.gz", "pos": 7292, "rank": [0, 0, 47, 965]} k4_certs_5_n4_3.json.gz#7292[m=10,idx=71]: start [0, 0, 0, 0, -3, 0, 1, -55, 1] best [0, 0, 0, 0, -2, 0, 1, -15, 2] chain profiles 0 (states 0), maxw 0, DL_RC fails 0, key form fails 0; 19400 evals [6 s]
#   unit {"file": "k4_certs_5_n4_3.json.gz", "pos": 4683, "rank": [0, 0, 45, 58]} k4_certs_5_n4_3.json.gz#4683[m=9,idx=445]: start [0, 0, 0, 0, -1000000, 0, 0, -1000000, 0] best [0, 0, 0, 0, -2, 0, 2, -29, 9] chain profiles 0 (states 0), maxw 0, DL_RC fails 0, key form fails 0; 19400 evals [5 s]
#   unit {"file": "k4_certs_5_n4_3.json.gz", "pos": 7527, "rank": [0, 0, 46, 731]} k4_certs_5_n4_3.json.gz#7527[m=10,idx=306]: start [0, 0, 0, 0, -2, 0, 1, -68, 7] best [0, 0, 0, 0, -2, 0, 2, -33, 12] chain profiles 0 (states 0), maxw 0, DL_RC fails 0, key form fails 0; 19400 evals [6 s]
#   unit {"file": "k4_certs_5_n4_3.json.gz", "pos": 7350, "rank": [0, 0, 44, 1818]} k4_certs_5_n4_3.json.gz#7350[m=10,idx=129]: start [0, 0, 0, 0, -2, 0, 1, -21, 1] best [0, 0, 0, 0, -2, 0, 1, -13, 4] chain profiles 0 (states 0), maxw 0, DL_RC fails 0, key form fails 0; 19400 evals [6 s]
#   unit {"file": "k4_certs_5_n4_3.json.gz", "pos": 9252, "rank": [0, 0, 44, 2050]} k4_certs_5_n4_3.json.gz#9252[m=11,idx=125]: start [0, 0, 0, 0, -3, 0, 1, -45, 1] best [0, 0, 0, 0, -2, 0, 2, -21, 12] chain profiles 0 (states 0), maxw 0, DL_RC fails 0, key form fails 0; 19400 evals [10 s]
#   unit {"file": "k4_certs_5_n4_3.json.gz", "pos": 7351, "rank": [0, 0, 44, 670]} k4_certs_5_n4_3.json.gz#7351[m=10,idx=130]: start [0, 0, 0, 0, -2, 0, 1, -57, 1] best [0, 0, 0, 0, -2, 0, 2, -20, 11] chain profiles 0 (states 0), maxw 0, DL_RC fails 0, key form fails 0; 19400 evals [7 s]
#   unit {"file": "k4_certs_5_n4_3.json.gz", "pos": 9300, "rank": [0, 0, 44, 799]} k4_certs_5_n4_3.json.gz#9300[m=11,idx=173]: start [0, 0, 0, 0, -2, 0, 1, -36, 1] best [0, 0, 0, 0, -2, 0, 1, -18, 1] chain profiles 0 (states 0), maxw 0, DL_RC fails 0, key form fails 0; 19400 evals [8 s]
#   unit {"file": "k4_certs_5_n4_3.json.gz", "pos": 5207, "rank": [0, 0, 44, 61]} k4_certs_5_n4_3.json.gz#5207[m=9,idx=969]: start [0, 0, 0, 0, -1000000, 0, 0, -1000000, 0] best [0, 0, 0, 0, -2, 0, 1, -24, 2] chain profiles 0 (states 0), maxw 0, DL_RC fails 0, key form fails 0; 19400 evals [4 s]
#   unit {"file": "k4_certs_5_n4_3.json.gz", "pos": 8396, "rank": [0, 0, 44, 175]} k4_certs_5_n4_3.json.gz#8396[m=10,idx=1175]: start [0, 0, 0, 0, -4, 0, 1, -24, 1] best [0, 0, 0, 0, -2, 0, 1, -20, 2] chain profiles 0 (states 0), maxw 0, DL_RC fails 0, key form fails 0; 19400 evals [7 s]
#   unit {"file": "k4_certs_5_n4_3.json.gz", "pos": 9200, "rank": [0, 0, 44, 469]} k4_certs_5_n4_3.json.gz#9200[m=11,idx=73]: start [0, 0, 0, 0, -3, 0, 1, -49, 1] best [0, 0, 0, 0, -2, 0, 1, -30, 1] chain profiles 0 (states 0), maxw 0, DL_RC fails 0, key form fails 0; 19400 evals [8 s]
#   unit {"file": "k4_certs_5_n4_3.json.gz", "pos": 9239, "rank": [0, 0, 43, 2707]} k4_certs_5_n4_3.json.gz#9239[m=11,idx=112]: start [0, 0, 0, 0, -3, 0, 1, -42, 1] best [0, 0, 0, 0, -2, 0, 1, -29, 1] chain profiles 0 (states 0), maxw 0, DL_RC fails 0, key form fails 0; 19400 evals [11 s]
#   unit {"file": "k4_certs_5_n4_3.json.gz", "pos": 7397, "rank": [0, 0, 42, 184]} k4_certs_5_n4_3.json.gz#7397[m=10,idx=176]: start [0, 0, 0, 0, -1000000, 0, 0, -1000000, 0] best [0, 0, 0, 0, -2, 0, 2, -17, 7] chain profiles 0 (states 0), maxw 0, DL_RC fails 0, key form fails 0; 19400 evals [7 s]
#   unit {"file": "k4_certs_5_n4_3.json.gz", "pos": 9188, "rank": [0, 0, 42, 2446]} k4_certs_5_n4_3.json.gz#9188[m=11,idx=61]: start [0, 0, 0, 0, -2, 0, 1, -21, 5] best [0, 0, 0, 0, -2, 0, 1, -18, 8] chain profiles 0 (states 0), maxw 0, DL_RC fails 0, key form fails 0; 19400 evals [10 s]
#   unit {"file": "k4_certs_5_n4_3.json.gz", "pos": 9650, "rank": [0, 0, 42, 388]} k4_certs_5_n4_3.json.gz#9650[m=11,idx=523]: start [0, 0, 0, 0, -3, 0, 1, -131, 1] best [0, 0, 0, 0, -2, 0, 1, -22, 1] chain profiles 0 (states 0), maxw 0, DL_RC fails 0, key form fails 0; 19400 evals [10 s]
#   unit {"file": "k4_certs_5_n4_3.json.gz", "pos": 8998, "rank": [0, 0, 42, 74]} k4_certs_5_n4_3.json.gz#8998[m=10,idx=1777]: start [0, 0, 0, 0, -1000000, 0, 0, -1000000, 0] best [0, 0, 0, 0, -1000000, 0, 0, -1000000, 0] chain profiles 0 (states 0), maxw 0, DL_RC fails 0, key form fails 0; 19400 evals [5 s]
#   unit {"file": "k4_certs_5_n4_3.json.gz", "pos": 9432, "rank": [0, 0, 41, 213]} k4_certs_5_n4_3.json.gz#9432[m=11,idx=305]: start [0, 0, 0, 0, -3, 0, 2, -20, 5] best [0, 0, 0, 0, -1, 0, 2, -18, 6] chain profiles 0 (states 0), maxw 0, DL_RC fails 0, key form fails 0; 19400 evals [10 s]
#   unit {"file": "k4_certs_5_n4_3.json.gz", "pos": 7448, "rank": [0, 0, 40, 441]} k4_certs_5_n4_3.json.gz#7448[m=10,idx=227]: start [0, 0, 0, 0, -3, 0, 1, -22, 1] best [0, 0, 0, 0, -2, 0, 2, -16, 16] chain profiles 0 (states 0), maxw 0, DL_RC fails 0, key form fails 0; 19400 evals [6 s]
#   unit {"file": "k4_certs_5_n4_3.json.gz", "pos": 7986, "rank": [0, 0, 40, 106]} k4_certs_5_n4_3.json.gz#7986[m=10,idx=765]: start [0, 0, 0, 0, -1000000, 0, 0, -1000000, 0] best [0, 0, 0, 0, -2, 0, 2, -17, 8] chain profiles 0 (states 0), maxw 0, DL_RC fails 0, key form fails 0; 19400 evals [7 s]
#   unit {"file": "k4_certs_5_n4_3.json.gz", "pos": 9194, "rank": [0, 0, 40, 2482]} k4_certs_5_n4_3.json.gz#9194[m=11,idx=67]: start [0, 0, 0, 0, -3, 0, 1, -24, 3] best [0, 0, 0, 0, -2, 0, 2, -10, 11] chain profiles 0 (states 0), maxw 0, DL_RC fails 0, key form fails 0; 19400 evals [10 s]
#   unit {"file": "k4_certs_5_n4_3.json.gz", "pos": 8597, "rank": [0, 0, 38, 75]} k4_certs_5_n4_3.json.gz#8597[m=10,idx=1376]: start [0, 0, 0, 0, -1000000, 0, 0, -1000000, 0] best [0, 0, 0, 0, -2, 0, 2, -5, 16] chain profiles 0 (states 0), maxw 0, DL_RC fails 0, key form fails 0; 19400 evals [6 s]
#   unit {"file": "k4_certs_5_n4_3.json.gz", "pos": 4503, "rank": [0, 0, 38, 38]} k4_certs_5_n4_3.json.gz#4503[m=9,idx=265]: start [0, 0, 0, 0, -1000000, 0, 0, -1000000, 0] best [0, 0, 0, 0, -2, 0, 2, -30, 6] chain profiles 0 (states 0), maxw 0, DL_RC fails 0, key form fails 0; 19400 evals [5 s]
#   unit {"file": "k4_certs_5_n4_3.json.gz", "pos": 9155, "rank": [0, 0, 37, 3620]} k4_certs_5_n4_3.json.gz#9155[m=11,idx=28]: start [0, 0, 0, 0, -2, 0, 1, -22, 2] best [0, 0, 0, 0, -2, 0, 2, -8, 2] chain profiles 0 (states 0), maxw 0, DL_RC fails 0, key form fails 0; 19400 evals [8 s]
#   unit {"file": "k4_certs_5_n4_3.json.gz", "pos": 9814, "rank": [0, 0, 39, 6175]} k4_certs_5_n4_3.json.gz#9814[m=12,idx=48]: start [0, 0, 0, 0, -2, 0, 1, -46, 2] best [0, 0, 0, 0, -2, 0, 2, -20, 13] chain profiles 0 (states 0), maxw 0, DL_RC fails 0, key form fails 0; 19400 evals [13 s]
#   unit {"file": "k4_certs_5_n4_3.json.gz", "pos": 9228, "rank": [0, 0, 37, 1006]} k4_certs_5_n4_3.json.gz#9228[m=11,idx=101]: start [0, 0, 0, 0, -4, 0, 1, -37, 1] best [0, 0, 0, 0, -2, 0, 1, -16, 1] chain profiles 0 (states 0), maxw 0, DL_RC fails 0, key form fails 0; 19400 evals [7 s]
#   unit {"file": "k4_certs_5_n4_3.json.gz", "pos": 7394, "rank": [0, 0, 37, 44]} k4_certs_5_n4_3.json.gz#7394[m=10,idx=173]: start [0, 0, 0, 0, -1000000, 0, 0, -1000000, 0] best [0, 0, 0, 0, -3, 0, 2, -12, 1] chain profiles 0 (states 0), maxw 0, DL_RC fails 0, key form fails 0; 19400 evals [5 s]
#   unit {"file": "k4_certs_5_n4_3.json.gz", "pos": 9218, "rank": [0, 0, 37, 70]} k4_certs_5_n4_3.json.gz#9218[m=11,idx=91]: start [0, 0, 0, 0, -1000000, 0, 0, -1000000, 0] best [0, 0, 0, 0, -2, 0, 2, -10, 4] chain profiles 0 (states 0), maxw 0, DL_RC fails 0, key form fails 0; 19400 evals [8 s]
#   unit {"file": "k4_certs_5_n4_3.json.gz", "pos": 7534, "rank": [0, 0, 36, 1172]} k4_certs_5_n4_3.json.gz#7534[m=10,idx=313]: start [0, 0, 0, 0, -2, 0, 1, -60, 7] best [0, 0, 0, 0, -2, 0, 1, -16, 2] chain profiles 0 (states 0), maxw 0, DL_RC fails 0, key form fails 0; 19400 evals [6 s]
#   unit {"file": "k4_certs_5_n4_3.json.gz", "pos": 354, "rank": [0, 0, 36, 36]} k4_certs_5_n4_3.json.gz#354[m=7,idx=16]: start [0, 0, 0, 0, -1000000, 0, 0, -1000000, 0] best [0, 0, 0, 0, -1000000, 0, 0, -1000000, 0] chain profiles 0 (states 0), maxw 0, DL_RC fails 0, key form fails 0; 19400 evals [4 s]
#   unit {"file": "k4_certs_5_n4_3.json.gz", "pos": 1859, "rank": [0, 0, 36, 48]} k4_certs_5_n4_3.json.gz#1859[m=8,idx=262]: start [0, 0, 0, 0, -1000000, 0, 0, -1000000, 0] best [0, 0, 0, 0, -2, 0, 2, -26, 4] chain profiles 0 (states 0), maxw 0, DL_RC fails 0, key form fails 0; 19400 evals [4 s]
#   unit {"file": "k4_certs_5_n4_3.json.gz", "pos": 9427, "rank": [0, 0, 36, 1049]} k4_certs_5_n4_3.json.gz#9427[m=11,idx=300]: start [0, 0, 0, 0, -2, 0, 2, -31, 2] best [0, 0, 0, 0, -2, 0, 2, -17, 3] chain profiles 0 (states 0), maxw 0, DL_RC fails 0, key form fails 0; 19400 evals [10 s]
#   unit {"file": "k4_certs_5_n4_3.json.gz", "pos": 8599, "rank": [0, 0, 34, 45]} k4_certs_5_n4_3.json.gz#8599[m=10,idx=1378]: start [0, 0, 0, 0, -1000000, 0, 0, -1000000, 0] best [0, 0, 0, 0, -1, 0, 1, -11, 1] chain profiles 0 (states 0), maxw 0, DL_RC fails 0, key form fails 0; 19400 evals [8 s]
#   unit {"file": "k4_certs_5_n4_3.json.gz", "pos": 9169, "rank": [0, 0, 34, 1487]} k4_certs_5_n4_3.json.gz#9169[m=11,idx=42]: start [0, 0, 0, 0, -2, 0, 1, -69, 1] best [0, 0, 0, 0, -2, 0, 1, -15, 2] chain profiles 0 (states 0), maxw 0, DL_RC fails 0, key form fails 0; 19400 evals [10 s]
#   unit {"file": "k4_certs_5_n4_3.json.gz", "pos": 9177, "rank": [0, 0, 32, 448]} k4_certs_5_n4_3.json.gz#9177[m=11,idx=50]: start [0, 0, 0, 0, -3, 0, 1, -39, 1] best [0, 0, 0, 0, -2, 0, 1, -16, 1] chain profiles 0 (states 0), maxw 0, DL_RC fails 0, key form fails 0; 19400 evals [7 s]
#   unit {"file": "k4_certs_5_n4_3.json.gz", "pos": 9519, "rank": [0, 0, 35, 88]} k4_certs_5_n4_3.json.gz#9519[m=11,idx=392]: start [0, 0, 0, 0, -1000000, 0, 0, -1000000, 0] best [0, 0, 0, 0, -1, 0, 1, -21, 6] chain profiles 0 (states 0), maxw 0, DL_RC fails 0, key form fails 0; 19400 evals [12 s]
#   unit {"file": "k4_certs_5_n4_3.json.gz", "pos": 4332, "rank": [0, 0, 32, 42]} k4_certs_5_n4_3.json.gz#4332[m=9,idx=94]: start [0, 0, 0, 0, -1000000, 0, 0, -1000000, 0] best [0, 0, 0, 0, -1000000, 0, 0, -1000000, 0] chain profiles 0 (states 0), maxw 0, DL_RC fails 0, key form fails 0; 19400 evals [4 s]
#   unit {"file": "k4_certs_5_n4_3.json.gz", "pos": 7442, "rank": [0, 0, 32, 144]} k4_certs_5_n4_3.json.gz#7442[m=10,idx=221]: start [0, 0, 0, 0, -1000000, 0, 0, -1000000, 0] best [0, 0, 0, 0, -2, 0, 1, -13, 2] chain profiles 0 (states 0), maxw 0, DL_RC fails 0, key form fails 0; 19400 evals [6 s]
#   unit {"file": "k4_certs_5_n4_3.json.gz", "pos": 9369, "rank": [0, 0, 32, 436]} k4_certs_5_n4_3.json.gz#9369[m=11,idx=242]: start [0, 0, 0, 0, -3, 0, 1, -24, 1] best [0, 0, 0, 0, -2, 0, 2, -10, 2] chain profiles 0 (states 0), maxw 0, DL_RC fails 0, key form fails 0; 19400 evals [10 s]
#   unit {"file": "k4_certs_5_n4_3.json.gz", "pos": 5584, "rank": [0, 0, 31, 43]} k4_certs_5_n4_3.json.gz#5584[m=9,idx=1346]: start [0, 0, 0, 0, -1000000, 0, 0, -1000000, 0] best [0, 0, 0, 0, -1, 0, 2, -14, 11] chain profiles 0 (states 0), maxw 0, DL_RC fails 0, key form fails 0; 19400 evals [5 s]
#   unit {"file": "k4_certs_5_n4_3.json.gz", "pos": 9175, "rank": [0, 0, 31, 3801]} k4_certs_5_n4_3.json.gz#9175[m=11,idx=48]: start [0, 0, 0, 0, -3, 0, 1, -27, 1] best [0, 0, 0, 0, -2, 0, 2, -17, 12] chain profiles 0 (states 0), maxw 0, DL_RC fails 0, key form fails 0; 19400 evals [8 s]
#   unit {"file": "k4_certs_5_n4_3.json.gz", "pos": 7453, "rank": [0, 0, 30, 519]} k4_certs_5_n4_3.json.gz#7453[m=10,idx=232]: start [0, 0, 0, 0, -4, 0, 1, -27, 1] best [0, 0, 0, 0, -2, 0, 2, -22, 2] chain profiles 0 (states 0), maxw 0, DL_RC fails 0, key form fails 0; 19400 evals [5 s]
#   unit {"file": "k4_certs_5_n4_3.json.gz", "pos": 5032, "rank": [0, 0, 30, 34]} k4_certs_5_n4_3.json.gz#5032[m=9,idx=794]: start [0, 0, 0, 0, -1000000, 0, 0, -1000000, 0] best [0, 0, 0, 0, -2, 0, 2, -14, 4] chain profiles 0 (states 0), maxw 0, DL_RC fails 0, key form fails 0; 19400 evals [3 s]
#   unit {"file": "k4_certs_5_n4_3.json.gz", "pos": 8635, "rank": [0, 0, 30, 62]} k4_certs_5_n4_3.json.gz#8635[m=10,idx=1414]: start [0, 0, 0, 0, -1000000, 0, 0, -1000000, 0] best [0, 0, 0, 0, -1000000, 0, 0, -1000000, 0] chain profiles 0 (states 0), maxw 0, DL_RC fails 0, key form fails 0; 19400 evals [4 s]
#   unit {"file": "k4_certs_5_n4_3.json.gz", "pos": 9150, "rank": [0, 0, 30, 3674]} k4_certs_5_n4_3.json.gz#9150[m=11,idx=23]: start [0, 0, 0, 0, -2, 0, 1, -46, 4] best [0, 0, 0, 0, -2, 0, 1, -30, 4] chain profiles 0 (states 0), maxw 0, DL_RC fails 0, key form fails 0; 19400 evals [8 s]
#   unit {"file": "k4_certs_5_n4_3.json.gz", "pos": 7355, "rank": [0, 0, 28, 808]} k4_certs_5_n4_3.json.gz#7355[m=10,idx=134]: start [0, 0, 0, 0, -3, 0, 1, -20, 1] best [0, 0, 0, 0, -2, 0, 1, -28, 1] chain profiles 0 (states 0), maxw 0, DL_RC fails 0, key form fails 0; 19400 evals [6 s]
#   unit {"file": "k4_certs_5_n4_3.json.gz", "pos": 9161, "rank": [0, 0, 29, 2986]} k4_certs_5_n4_3.json.gz#9161[m=11,idx=34]: start [0, 0, 0, 0, -2, 0, 1, -32, 2] best [0, 0, 0, 0, -1, 0, 2, -16, 3] chain profiles 0 (states 0), maxw 0, DL_RC fails 0, key form fails 0; 19400 evals [9 s]
#   unit {"file": "k4_certs_5_n4_3.json.gz", "pos": 9305, "rank": [0, 0, 28, 1567]} k4_certs_5_n4_3.json.gz#9305[m=11,idx=178]: start [0, 0, 0, 0, -2, 0, 1, -33, 1] best [0, 0, 0, 0, -2, 0, 1, -25, 3] chain profiles 0 (states 0), maxw 0, DL_RC fails 0, key form fails 0; 19400 evals [9 s]
#   unit {"file": "k4_certs_5_n4_3.json.gz", "pos": 9241, "rank": [0, 0, 29, 594]} k4_certs_5_n4_3.json.gz#9241[m=11,idx=114]: start [0, 0, 0, 0, -2, 0, 1, -44, 3] best [0, 0, 0, 0, -2, 0, 1, -24, 6] chain profiles 0 (states 0), maxw 0, DL_RC fails 0, key form fails 0; 19400 evals [10 s]
#   unit {"file": "k4_certs_5_n4_3.json.gz", "pos": 9431, "rank": [0, 0, 28, 251]} k4_certs_5_n4_3.json.gz#9431[m=11,idx=304]: start [0, 0, 0, 0, -2, 0, 1, -66, 2] best [0, 0, 0, 0, -1, 0, 2, -20, 6] chain profiles 0 (states 0), maxw 0, DL_RC fails 0, key form fails 0; 19400 evals [8 s]
#   unit {"file": "k4_certs_5_n4_3.json.gz", "pos": 8446, "rank": [0, 0, 28, 158]} k4_certs_5_n4_3.json.gz#8446[m=10,idx=1225]: start [0, 0, 0, 0, -1000000, 0, 0, -1000000, 0] best [0, 0, 0, 0, -2, 0, 2, -24, 18] chain profiles 0 (states 0), maxw 0, DL_RC fails 0, key form fails 0; 19400 evals [6 s]
#   unit {"file": "k4_certs_5_n4_3.json.gz", "pos": 7389, "rank": [0, 0, 27, 28]} k4_certs_5_n4_3.json.gz#7389[m=10,idx=168]: start [0, 0, 0, 0, -1000000, 0, 0, -1000000, 0] best [0, 0, 0, 0, -2, 0, 2, -12, 1] chain profiles 0 (states 0), maxw 0, DL_RC fails 0, key form fails 0; 19400 evals [5 s]
#   unit {"file": "k4_certs_5_n4_3.json.gz", "pos": 9180, "rank": [0, 0, 26, 1591]} k4_certs_5_n4_3.json.gz#9180[m=11,idx=53]: start [0, 0, 0, 0, -3, 0, 1, -17, 1] best [0, 0, 0, 0, -2, 0, 2, -12, 5] chain profiles 0 (states 0), maxw 0, DL_RC fails 0, key form fails 0; 19400 evals [7 s]
#   unit {"file": "k4_certs_5_n4_3.json.gz", "pos": 4345, "rank": [0, 0, 26, 60]} k4_certs_5_n4_3.json.gz#4345[m=9,idx=107]: start [0, 0, 0, 0, -1000000, 0, 0, -1000000, 0] best [0, 0, 0, 0, -1, 0, 2, -18, 8] chain profiles 0 (states 0), maxw 0, DL_RC fails 0, key form fails 0; 19400 evals [4 s]
#   unit {"file": "k4_certs_5_n4_3.json.gz", "pos": 7604, "rank": [0, 0, 26, 94]} k4_certs_5_n4_3.json.gz#7604[m=10,idx=383]: start [0, 0, 0, 0, -1000000, 0, 0, -1000000, 0] best [0, 0, 0, 0, -2, 0, 2, -21, 11] chain profiles 0 (states 0), maxw 0, DL_RC fails 0, key form fails 0; 19400 evals [7 s]
#   unit {"file": "k4_certs_5_n4_3.json.gz", "pos": 9245, "rank": [0, 0, 26, 1079]} k4_certs_5_n4_3.json.gz#9245[m=11,idx=118]: start [0, 0, 0, 0, -2, 0, 1, -51, 1] best [0, 0, 0, 0, -1, 0, 1, -29, 2] chain profiles 0 (states 0), maxw 0, DL_RC fails 0, key form fails 0; 19400 evals [8 s]
#   unit {"file": "k4_certs_5_n4_3.json.gz", "pos": 7493, "rank": [0, 0, 25, 57]} k4_certs_5_n4_3.json.gz#7493[m=10,idx=272]: start [0, 0, 0, 0, -1000000, 0, 0, -1000000, 0] best [0, 0, 0, 0, -3, 0, 1, -9, 1] chain profiles 0 (states 0), maxw 0, DL_RC fails 0, key form fails 0; 19400 evals [5 s]
#   unit {"file": "k4_certs_5_n4_3.json.gz", "pos": 9174, "rank": [0, 0, 25, 6615]} k4_certs_5_n4_3.json.gz#9174[m=11,idx=47]: start [0, 0, 0, 0, -2, 0, 1, -42, 3] best [0, 0, 0, 0, -1, 0, 1, -11, 2] chain profiles 0 (states 0), maxw 0, DL_RC fails 0, key form fails 0; 19400 evals [9 s]
#   unit {"file": "k4_certs_5_n4_3.json.gz", "pos": 7349, "rank": [0, 0, 24, 844]} k4_certs_5_n4_3.json.gz#7349[m=10,idx=128]: start [0, 0, 0, 0, -1000000, 0, 0, -1000000, 0] best [0, 0, 0, 0, -2, 0, 2, -13, 3] chain profiles 0 (states 0), maxw 0, DL_RC fails 0, key form fails 0; 19400 evals [5 s]
#   unit {"file": "k4_certs_5_n4_3.json.gz", "pos": 5022, "rank": [0, 0, 24, 38]} k4_certs_5_n4_3.json.gz#5022[m=9,idx=784]: start [0, 0, 0, 0, -1000000, 0, 0, -1000000, 0] best [0, 0, 0, 0, -1000000, 0, 0, -1000000, 0] chain profiles 0 (states 0), maxw 0, DL_RC fails 0, key form fails 0; 19400 evals [4 s]
#   unit {"file": "k4_certs_5_n4_3.json.gz", "pos": 5199, "rank": [0, 0, 24, 38]} k4_certs_5_n4_3.json.gz#5199[m=9,idx=961]: start [0, 0, 0, 0, -1000000, 0, 0, -1000000, 0] best [0, 0, 0, 0, -2, 0, 2, -15, 2] chain profiles 0 (states 0), maxw 0, DL_RC fails 0, key form fails 0; 19400 evals [4 s]
#   unit {"file": "k4_certs_5_n4_3.json.gz", "pos": 418, "rank": [0, 0, 24, 24]} k4_certs_5_n4_3.json.gz#418[m=7,idx=80]: start [0, 0, 0, 0, -1000000, 0, 0, -1000000, 0] best [0, 0, 0, 0, -1000000, 0, 0, -1000000, 0] chain profiles 0 (states 0), maxw 0, DL_RC fails 0, key form fails 0; 19400 evals [3 s]
#   unit {"file": "k4_certs_5_n4_3.json.gz", "pos": 9199, "rank": [0, 0, 23, 2631]} k4_certs_5_n4_3.json.gz#9199[m=11,idx=72]: start [0, 0, 0, 0, -3, 0, 1, -35, 1] best [0, 0, 0, 0, -1, 0, 2, -20, 4] chain profiles 0 (states 0), maxw 0, DL_RC fails 0, key form fails 0; 19400 evals [10 s]
#   unit {"file": "k4_certs_5_n4_3.json.gz", "pos": 9285, "rank": [0, 0, 22, 3345]} k4_certs_5_n4_3.json.gz#9285[m=11,idx=158]: start [0, 0, 0, 0, -2, 0, 1, -109, 4] best [0, 0, 0, 0, -2, 0, 2, -26, 10] chain profiles 0 (states 0), maxw 0, DL_RC fails 0, key form fails 0; 19400 evals [10 s]
#   unit {"file": "k4_certs_5_n4_3.json.gz", "pos": 9215, "rank": [0, 0, 22, 201]} k4_certs_5_n4_3.json.gz#9215[m=11,idx=88]: start [0, 0, 0, 0, -3, 0, 1, -23, 1] best [0, 0, 0, 0, -2, 0, 2, -8, 8] chain profiles 0 (states 0), maxw 0, DL_RC fails 0, key form fails 0; 19400 evals [9 s]
#   unit {"file": "k4_certs_5_n4_3.json.gz", "pos": 9231, "rank": [0, 0, 22, 1285]} k4_certs_5_n4_3.json.gz#9231[m=11,idx=104]: start [0, 0, 0, 0, -2, 0, 1, -42, 10] best [0, 0, 0, 0, -2, 0, 2, -21, 12] chain profiles 0 (states 0), maxw 0, DL_RC fails 0, key form fails 0; 19400 evals [10 s]
#   unit {"file": "k4_certs_5_n4_3.json.gz", "pos": 4674, "rank": [0, 0, 22, 48]} k4_certs_5_n4_3.json.gz#4674[m=9,idx=436]: start [0, 0, 0, 0, -1000000, 0, 0, -1000000, 0] best [0, 0, 0, 0, -2, 0, 2, -34, 18] chain profiles 0 (states 0), maxw 0, DL_RC fails 0, key form fails 0; 19400 evals [5 s]
#   unit {"file": "k4_certs_5_n4_3.json.gz", "pos": 4502, "rank": [0, 0, 22, 22]} k4_certs_5_n4_3.json.gz#4502[m=9,idx=264]: start [0, 0, 0, 0, -1000000, 0, 0, -1000000, 0] best [0, 0, 0, 0, -2, 0, 2, -26, 6] chain profiles 0 (states 0), maxw 0, DL_RC fails 0, key form fails 0; 19400 evals [5 s]
#   unit {"file": "k4_certs_5_n4_3.json.gz", "pos": 8472, "rank": [0, 0, 22, 63]} k4_certs_5_n4_3.json.gz#8472[m=10,idx=1251]: start [0, 0, 0, 0, -1000000, 0, 0, -1000000, 0] best [0, 0, 0, 0, -2, 0, 2, -18, 8] chain profiles 0 (states 0), maxw 0, DL_RC fails 0, key form fails 0; 19400 evals [8 s]
#   unit {"file": "k4_certs_5_n4_3.json.gz", "pos": 4401, "rank": [0, 0, 22, 36]} k4_certs_5_n4_3.json.gz#4401[m=9,idx=163]: start [0, 0, 0, 0, -1000000, 0, 0, -1000000, 0] best [0, 0, 0, 0, -3, 0, 2, -19, 3] chain profiles 0 (states 0), maxw 0, DL_RC fails 0, key form fails 0; 19400 evals [5 s]
#   unit {"file": "k4_certs_5_n4_3.json.gz", "pos": 8349, "rank": [0, 0, 21, 683]} k4_certs_5_n4_3.json.gz#8349[m=10,idx=1128]: start [0, 0, 0, 0, -1000000, 0, 0, -1000000, 0] best [0, 0, 0, 0, -2, 0, 1, -19, 2] chain profiles 0 (states 0), maxw 0, DL_RC fails 0, key form fails 0; 19400 evals [6 s]
#   unit {"file": "k4_certs_5_n4_3.json.gz", "pos": 4513, "rank": [0, 0, 21, 21]} k4_certs_5_n4_3.json.gz#4513[m=9,idx=275]: start [0, 0, 0, 0, -1000000, 0, 0, -1000000, 0] best [0, 0, 0, 0, -2, 0, 2, -21, 7] chain profiles 0 (states 0), maxw 0, DL_RC fails 0, key form fails 0; 19400 evals [4 s]
#   unit {"file": "k4_certs_5_n4_3.json.gz", "pos": 7610, "rank": [0, 0, 21, 231]} k4_certs_5_n4_3.json.gz#7610[m=10,idx=389]: start [0, 0, 0, 0, -3, 0, 1, -34, 1] best [0, 0, 0, 0, -2, 0, 1, -21, 1] chain profiles 0 (states 0), maxw 0, DL_RC fails 0, key form fails 0; 19400 evals [5 s]
#   unit {"file": "k4_certs_5_n4_3.json.gz", "pos": 7354, "rank": [0, 0, 20, 4508]} k4_certs_5_n4_3.json.gz#7354[m=10,idx=133]: start [0, 0, 0, 0, -3, 0, 1, -19, 1] best [0, 0, 0, 0, -2, 0, 1, -21, 1] chain profiles 0 (states 0), maxw 0, DL_RC fails 0, key form fails 0; 19400 evals [5 s]
#   unit {"file": "k4_certs_5_n4_3.json.gz", "pos": 7611, "rank": [0, 0, 20, 269]} k4_certs_5_n4_3.json.gz#7611[m=10,idx=390]: start [0, 0, 0, 0, -2, 0, 1, -73, 6] best [0, 0, 0, 0, -2, 0, 1, -11, 2] chain profiles 0 (states 0), maxw 0, DL_RC fails 0, key form fails 0; 19400 evals [6 s]
#   unit {"file": "k4_certs_5_n4_3.json.gz", "pos": 7302, "rank": [0, 0, 20, 224]} k4_certs_5_n4_3.json.gz#7302[m=10,idx=81]: start [0, 0, 0, 0, -1000000, 0, 0, -1000000, 0] best [0, 0, 0, 0, -3, 0, 1, -33, 1] chain profiles 0 (states 0), maxw 0, DL_RC fails 0, key form fails 0; 19400 evals [6 s]
#   unit {"file": "k4_certs_5_n4_3.json.gz", "pos": 9139, "rank": [0, 0, 20, 926]} k4_certs_5_n4_3.json.gz#9139[m=11,idx=12]: start [0, 0, 0, 0, -3, 0, 1, -26, 1] best [0, 0, 0, 0, -2, 0, 1, -12, 1] chain profiles 0 (states 0), maxw 0, DL_RC fails 0, key form fails 0; 19400 evals [8 s]
#   unit {"file": "k4_certs_5_n4_3.json.gz", "pos": 9235, "rank": [0, 0, 20, 795]} k4_certs_5_n4_3.json.gz#9235[m=11,idx=108]: start [0, 0, 0, 0, -3, 0, 1, -76, 1] best [0, 0, 0, 0, -1, 0, 2, -18, 4] chain profiles 0 (states 0), maxw 0, DL_RC fails 0, key form fails 0; 19400 evals [10 s]
#   unit {"file": "k4_certs_5_n4_3.json.gz", "pos": 7844, "rank": [0, 0, 20, 86]} k4_certs_5_n4_3.json.gz#7844[m=10,idx=623]: start [0, 0, 0, 0, -2, 0, 1, -39, 1] best [0, 0, 0, 0, -2, 0, 1, -15, 1] chain profiles 0 (states 0), maxw 0, DL_RC fails 0, key form fails 0; 19400 evals [6 s]
#   unit {"file": "k4_certs_5_n4_3.json.gz", "pos": 7358, "rank": [0, 0, 20, 55]} k4_certs_5_n4_3.json.gz#7358[m=10,idx=137]: start [0, 0, 0, 0, -1000000, 0, 0, -1000000, 0] best [0, 0, 0, 0, -2, 0, 1, -33, 1] chain profiles 0 (states 0), maxw 0, DL_RC fails 0, key form fails 0; 19400 evals [6 s]
#   unit {"file": "k4_certs_5_n4_3.json.gz", "pos": 4510, "rank": [0, 0, 20, 24]} k4_certs_5_n4_3.json.gz#4510[m=9,idx=272]: start [0, 0, 0, 0, -1000000, 0, 0, -1000000, 0] best [0, 0, 0, 0, -3, 0, 1, -25, 2] chain profiles 0 (states 0), maxw 0, DL_RC fails 0, key form fails 0; 19400 evals [5 s]
#   unit {"file": "k4_certs_5_n4_3.json.gz", "pos": 1866, "rank": [0, 0, 20, 20]} k4_certs_5_n4_3.json.gz#1866[m=8,idx=269]: start [0, 0, 0, 0, -2, 0, 2, -28, 2] best [0, 0, 0, 0, -2, 0, 2, -16, 1] chain profiles 0 (states 0), maxw 0, DL_RC fails 0, key form fails 0; 19400 evals [4 s]
#   unit {"file": "k4_certs_5_n4_3.json.gz", "pos": 9447, "rank": [0, 0, 20, 79]} k4_certs_5_n4_3.json.gz#9447[m=11,idx=320]: start [0, 0, 0, 0, -3, 0, 1, -32, 5] best [0, 0, 0, 0, -1, 0, 2, -16, 11] chain profiles 0 (states 0), maxw 0, DL_RC fails 0, key form fails 0; 19400 evals [10 s]
#   unit {"file": "k4_certs_5_n4_3.json.gz", "pos": 7367, "rank": [0, 0, 19, 702]} k4_certs_5_n4_3.json.gz#7367[m=10,idx=146]: start [0, 0, 0, 0, -3, 0, 1, -22, 1] best [0, 0, 0, 0, -2, 0, 2, -22, 1] chain profiles 0 (states 0), maxw 0, DL_RC fails 0, key form fails 0; 19400 evals [5 s]
#   unit {"file": "k4_certs_5_n4_3.json.gz", "pos": 5457, "rank": [0, 0, 19, 28]} k4_certs_5_n4_3.json.gz#5457[m=9,idx=1219]: start [0, 0, 0, 0, -1000000, 0, 0, -1000000, 0] best [0, 0, 0, 0, -3, 0, 2, -17, 2] chain profiles 0 (states 0), maxw 0, DL_RC fails 0, key form fails 0; 19400 evals [4 s]
#   unit {"file": "k4_certs_5_n4_3.json.gz", "pos": 7609, "rank": [0, 0, 19, 309]} k4_certs_5_n4_3.json.gz#7609[m=10,idx=388]: start [0, 0, 0, 0, -2, 0, 1, -24, 1] best [0, 0, 0, 0, -2, 0, 1, -15, 1] chain profiles 0 (states 0), maxw 0, DL_RC fails 0, key form fails 0; 19400 evals [5 s]
#   unit {"file": "k4_certs_5_n4_3.json.gz", "pos": 9304, "rank": [0, 0, 19, 2478]} k4_certs_5_n4_3.json.gz#9304[m=11,idx=177]: start [0, 0, 0, 0, -2, 0, 1, -35, 2] best [0, 0, 0, 0, -2, 0, 2, -16, 12] chain profiles 0 (states 0), maxw 0, DL_RC fails 0, key form fails 0; 19400 evals [9 s]
#   unit {"file": "k4_certs_5_n4_3.json.gz", "pos": 7647, "rank": [0, 0, 19, 20]} k4_certs_5_n4_3.json.gz#7647[m=10,idx=426]: start [0, 0, 0, 0, -1000000, 0, 0, -1000000, 0] best [0, 0, 0, 0, -2, 0, 2, -16, 2] chain profiles 0 (states 0), maxw 0, DL_RC fails 0, key form fails 0; 19400 evals [5 s]
#   unit {"file": "k4_certs_5_n4_3.json.gz", "pos": 7338, "rank": [0, 0, 18, 1782]} k4_certs_5_n4_3.json.gz#7338[m=10,idx=117]: start [0, 0, 0, 0, -2, 0, 1, -23, 1] best [0, 0, 0, 0, -2, 0, 2, -14, 4] chain profiles 0 (states 0), maxw 0, DL_RC fails 0, key form fails 0; 19400 evals [6 s]
#   unit {"file": "k4_certs_5_n4_3.json.gz", "pos": 9466, "rank": [0, 0, 18, 914]} k4_certs_5_n4_3.json.gz#9466[m=11,idx=339]: start [0, 0, 0, 0, -3, 0, 1, -24, 2] best [0, 0, 0, 0, -2, 0, 2, -12, 14] chain profiles 0 (states 0), maxw 0, DL_RC fails 0, key form fails 0; 19400 evals [9 s]
#   unit {"file": "k4_certs_5_n4_3.json.gz", "pos": 7374, "rank": [0, 0, 18, 325]} k4_certs_5_n4_3.json.gz#7374[m=10,idx=153]: start [0, 0, 0, 0, -3, 0, 1, -31, 2] best [0, 0, 0, 0, -2, 0, 1, -26, 2] chain profiles 0 (states 0), maxw 0, DL_RC fails 0, key form fails 0; 19400 evals [6 s]
#   unit {"file": "k4_certs_5_n4_3.json.gz", "pos": 9458, "rank": [0, 0, 18, 356]} k4_certs_5_n4_3.json.gz#9458[m=11,idx=331]: start [0, 0, 0, 0, -3, 0, 1, -20, 2] best [0, 0, 0, 0, -2, 0, 2, -8, 2] chain profiles 0 (states 0), maxw 0, DL_RC fails 0, key form fails 0; 19400 evals [9 s]
#   unit {"file": "k4_certs_5_n4_3.json.gz", "pos": 8222, "rank": [0, 0, 18, 90]} k4_certs_5_n4_3.json.gz#8222[m=10,idx=1001]: start [0, 0, 0, 0, -2, 0, 1, -43, 1] best [0, 0, 0, 0, -1, 0, 2, -16, 1] chain profiles 0 (states 0), maxw 0, DL_RC fails 0, key form fails 0; 19400 evals [7 s]
#   unit {"file": "k4_certs_5_n4_3.json.gz", "pos": 4287, "rank": [0, 0, 18, 28]} k4_certs_5_n4_3.json.gz#4287[m=9,idx=49]: start [0, 0, 0, 0, -2, 0, 2, -15, 6] best [0, 0, 0, 0, -2, 0, 2, -15, 6] chain profiles 0 (states 0), maxw 0, DL_RC fails 0, key form fails 0; 19400 evals [5 s]
#   unit {"file": "k4_certs_5_n4_3.json.gz", "pos": 1867, "rank": [0, 0, 18, 18]} k4_certs_5_n4_3.json.gz#1867[m=8,idx=270]: start [0, 0, 0, 0, -1000000, 0, 0, -1000000, 0] best [0, 0, 0, 0, -2, 0, 2, -18, 1] chain profiles 0 (states 0), maxw 0, DL_RC fails 0, key form fails 0; 19400 evals [4 s]
#   unit {"file": "k4_certs_5_n4_3.json.gz", "pos": 5343, "rank": [0, 0, 18, 18]} k4_certs_5_n4_3.json.gz#5343[m=9,idx=1105]: start [0, 0, 0, 0, -1000000, 0, 0, -1000000, 0] best [0, 0, 0, 0, -1000000, 0, 0, -1000000, 0] chain profiles 0 (states 0), maxw 0, DL_RC fails 0, key form fails 0; 19400 evals [4 s]
#   unit {"file": "k4_certs_5_n4_3.json.gz", "pos": 7473, "rank": [0, 0, 17, 64]} k4_certs_5_n4_3.json.gz#7473[m=10,idx=252]: start [0, 0, 0, 0, -1000000, 0, 0, -1000000, 0] best [0, 0, 0, 0, -2, 0, 1, -38, 1] chain profiles 0 (states 0), maxw 0, DL_RC fails 0, key form fails 0; 19400 evals [7 s]
#   unit {"file": "k4_certs_5_n4_3.json.gz", "pos": 8275, "rank": [0, 0, 17, 51]} k4_certs_5_n4_3.json.gz#8275[m=10,idx=1054]: start [0, 0, 0, 0, -1000000, 0, 0, -1000000, 0] best [0, 0, 0, 0, -1, 0, 2, -22, 10] chain profiles 0 (states 0), maxw 0, DL_RC fails 0, key form fails 0; 19400 evals [8 s]
#   unit {"file": "k4_certs_5_n4_3.json.gz", "pos": 9821, "rank": [0, 0, 17, 6593]} k4_certs_5_n4_3.json.gz#9821[m=12,idx=55]: start [0, 0, 0, 0, -2, 0, 1, -41, 5] best [0, 0, 0, 0, -2, 0, 1, -33, 3] chain profiles 0 (states 0), maxw 0, DL_RC fails 0, key form fails 0; 19400 evals [11 s]
#   unit {"file": "k4_certs_5_n4_3.json.gz", "pos": 4533, "rank": [0, 0, 17, 17]} k4_certs_5_n4_3.json.gz#4533[m=9,idx=295]: start [0, 0, 0, 0, -1000000, 0, 0, -1000000, 0] best [0, 0, 0, 0, -2, 0, 2, -14, 1] chain profiles 0 (states 0), maxw 0, DL_RC fails 0, key form fails 0; 19400 evals [5 s]
#   unit {"file": "k4_certs_5_n4_3.json.gz", "pos": 7425, "rank": [0, 0, 16, 205]} k4_certs_5_n4_3.json.gz#7425[m=10,idx=204]: start [0, 0, 0, 0, -3, 0, 1, -19, 1] best [0, 0, 0, 0, -2, 0, 2, -16, 4] chain profiles 0 (states 0), maxw 0, DL_RC fails 0, key form fails 0; 19400 evals [6 s]
#   unit {"file": "k4_certs_5_n4_3.json.gz", "pos": 9256, "rank": [0, 0, 16, 495]} k4_certs_5_n4_3.json.gz#9256[m=11,idx=129]: start [0, 0, 0, 0, -3, 0, 1, -29, 3] best [0, 0, 0, 0, -2, 0, 2, -19, 3] chain profiles 0 (states 0), maxw 0, DL_RC fails 0, key form fails 0; 19400 evals [11 s]
#   unit {"file": "k4_certs_5_n4_3.json.gz", "pos": 9813, "rank": [0, 0, 17, 12464]} k4_certs_5_n4_3.json.gz#9813[m=12,idx=47]: start [0, 0, 0, 0, -2, 0, 1, -54, 20] best [0, 0, 0, 0, -2, 0, 2, -19, 32] chain profiles 0 (states 0), maxw 0, DL_RC fails 0, key form fails 0; 19400 evals [26 s]
#   unit {"file": "k4_certs_5_n4_3.json.gz", "pos": 9663, "rank": [0, 0, 16, 258]} k4_certs_5_n4_3.json.gz#9663[m=11,idx=536]: start [0, 0, 0, 0, -3, 0, 1, -56, 2] best [0, 0, 0, 0, -2, 0, 2, -35, 6] chain profiles 0 (states 0), maxw 0, DL_RC fails 0, key form fails 0; 19400 evals [15 s]
#   unit {"file": "k4_certs_5_n4_3.json.gz", "pos": 9295, "rank": [0, 0, 16, 194]} k4_certs_5_n4_3.json.gz#9295[m=11,idx=168]: start [0, 0, 0, 0, -2, 0, 2, -16, 1] best [0, 0, 0, 0, -2, 0, 2, -8, 4] chain profiles 0 (states 0), maxw 0, DL_RC fails 0, key form fails 0; 19400 evals [10 s]
#   unit {"file": "k4_certs_5_n4_3.json.gz", "pos": 7474, "rank": [0, 0, 16, 106]} k4_certs_5_n4_3.json.gz#7474[m=10,idx=253]: start [0, 0, 0, 0, -1000000, 0, 0, -1000000, 0] best [0, 0, 0, 0, -1, 0, 2, -7, 5] chain profiles 0 (states 0), maxw 0, DL_RC fails 0, key form fails 0; 19400 evals [6 s]
#   unit {"file": "k4_certs_5_n4_3.json.gz", "pos": 7391, "rank": [0, 0, 16, 99]} k4_certs_5_n4_3.json.gz#7391[m=10,idx=170]: start [0, 0, 0, 0, -1000000, 0, 0, -1000000, 0] best [0, 0, 0, 0, -2, 0, 2, -19, 3] chain profiles 0 (states 0), maxw 0, DL_RC fails 0, key form fails 0; 19400 evals [6 s]
#   unit {"file": "k4_certs_5_n4_3.json.gz", "pos": 9815, "rank": [0, 0, 16, 177]} k4_certs_5_n4_3.json.gz#9815[m=12,idx=49]: start [0, 0, 0, 0, -2, 0, 1, -129, 7] best [0, 0, 0, 0, -2, 0, 1, -23, 14] chain profiles 0 (states 0), maxw 0, DL_RC fails 0, key form fails 0; 19400 evals [17 s]
#   unit {"file": "k4_certs_5_n4_3.json.gz", "pos": 9441, "rank": [0, 0, 16, 95]} k4_certs_5_n4_3.json.gz#9441[m=11,idx=314]: start [0, 0, 0, 0, -3, 0, 1, -45, 1] best [0, 0, 0, 0, -1, 0, 2, -16, 13] chain profiles 0 (states 0), maxw 0, DL_RC fails 0, key form fails 0; 19400 evals [10 s]
#   unit {"file": "k4_certs_5_n4_3.json.gz", "pos": 7362, "rank": [0, 0, 16, 61]} k4_certs_5_n4_3.json.gz#7362[m=10,idx=141]: start [0, 0, 0, 0, -1000000, 0, 0, -1000000, 0] best [0, 0, 0, 0, -2, 0, 2, -14, 4] chain profiles 0 (states 0), maxw 0, DL_RC fails 0, key form fails 0; 19400 evals [7 s]
#   unit {"file": "k4_certs_5_n4_3.json.gz", "pos": 9332, "rank": [0, 0, 16, 79]} k4_certs_5_n4_3.json.gz#9332[m=11,idx=205]: start [0, 0, 0, 0, -1000000, 0, 0, -1000000, 0] best [0, 0, 0, 0, -2, 0, 2, -21, 17] chain profiles 0 (states 0), maxw 0, DL_RC fails 0, key form fails 0; 19400 evals [12 s]
#   unit {"file": "k4_certs_5_n4_3.json.gz", "pos": 1702, "rank": [0, 0, 16, 18]} k4_certs_5_n4_3.json.gz#1702[m=8,idx=105]: start [0, 0, 0, 0, -1000000, 0, 0, -1000000, 0] best [0, 0, 0, 0, -2, 0, 2, -25, 10] chain profiles 0 (states 0), maxw 0, DL_RC fails 0, key form fails 0; 19400 evals [4 s]
#   unit {"file": "k4_certs_5_n4_3.json.gz", "pos": 8218, "rank": [0, 0, 16, 40]} k4_certs_5_n4_3.json.gz#8218[m=10,idx=997]: start [0, 0, 0, 0, -1000000, 0, 0, -1000000, 0] best [0, 0, 0, 0, -2, 0, 2, -13, 1] chain profiles 0 (states 0), maxw 0, DL_RC fails 0, key form fails 0; 19400 evals [6 s]
#   unit {"file": "k4_certs_5_n4_3.json.gz", "pos": 9518, "rank": [0, 0, 16, 48]} k4_certs_5_n4_3.json.gz#9518[m=11,idx=391]: start [0, 0, 0, 0, -3, 0, 1, -74, 2] best [0, 0, 0, 0, -2, 0, 2, -16, 10] chain profiles 0 (states 0), maxw 0, DL_RC fails 0, key form fails 0; 19400 evals [8 s]
#   unit {"file": "k4_certs_5_n4_3.json.gz", "pos": 4501, "rank": [0, 0, 16, 16]} k4_certs_5_n4_3.json.gz#4501[m=9,idx=263]: start [0, 0, 0, 0, -1000000, 0, 0, -1000000, 0] best [0, 0, 0, 0, -2, 0, 2, -23, 1] chain profiles 0 (states 0), maxw 0, DL_RC fails 0, key form fails 0; 19400 evals [4 s]
#   unit {"file": "k4_certs_5_n4_3.json.gz", "pos": 7524, "rank": [0, 0, 15, 147]} k4_certs_5_n4_3.json.gz#7524[m=10,idx=303]: start [0, 0, 0, 0, -4, 0, 1, -30, 1] best [0, 0, 0, 0, -3, 0, 2, -16, 5] chain profiles 0 (states 0), maxw 0, DL_RC fails 0, key form fails 0; 19400 evals [5 s]
#   unit {"file": "k4_certs_5_n4_3.json.gz", "pos": 8186, "rank": [0, 0, 15, 34]} k4_certs_5_n4_3.json.gz#8186[m=10,idx=965]: start [0, 0, 0, 0, -1000000, 0, 0, -1000000, 0] best [0, 0, 0, 0, -3, 0, 1, -25, 1] chain profiles 0 (states 0), maxw 0, DL_RC fails 0, key form fails 0; 19400 evals [5 s]
#   unit {"file": "k4_certs_5_n4_3.json.gz", "pos": 1843, "rank": [0, 0, 15, 15]} k4_certs_5_n4_3.json.gz#1843[m=8,idx=246]: start [0, 0, 0, 0, -1000000, 0, 0, -1000000, 0] best [0, 0, 0, 0, -3, 0, 2, -23, 3] chain profiles 0 (states 0), maxw 0, DL_RC fails 0, key form fails 0; 19400 evals [4 s]
#   unit {"file": "k4_certs_5_n4_3.json.gz", "pos": 7395, "rank": [0, 0, 15, 16]} k4_certs_5_n4_3.json.gz#7395[m=10,idx=174]: start [0, 0, 0, 0, -1000000, 0, 0, -1000000, 0] best [0, 0, 0, 0, -2, 0, 2, -19, 3] chain profiles 0 (states 0), maxw 0, DL_RC fails 0, key form fails 0; 19400 evals [5 s]
#   unit {"file": "k4_certs_5_n4_3.json.gz", "pos": 1864, "rank": [0, 0, 15, 15]} k4_certs_5_n4_3.json.gz#1864[m=8,idx=267]: start [0, 0, 0, 0, -1000000, 0, 0, -1000000, 0] best [0, 0, 0, 0, -1000000, 0, 0, -1000000, 0] chain profiles 0 (states 0), maxw 0, DL_RC fails 0, key form fails 0; 19400 evals [4 s]
#   unit {"file": "k4_certs_5_n4_3.json.gz", "pos": 7356, "rank": [0, 0, 14, 1709]} k4_certs_5_n4_3.json.gz#7356[m=10,idx=135]: start [0, 0, 0, 0, -2, 0, 1, -32, 1] best [0, 0, 0, 0, -2, 0, 2, -21, 4] chain profiles 0 (states 0), maxw 0, DL_RC fails 0, key form fails 0; 19400 evals [6 s]
#   unit {"file": "k4_certs_5_n4_3.json.gz", "pos": 7441, "rank": [0, 0, 14, 234]} k4_certs_5_n4_3.json.gz#7441[m=10,idx=220]: start [0, 0, 0, 0, -1000000, 0, 0, -1000000, 0] best [0, 0, 0, 0, -1, 0, 1, -17, 6] chain profiles 0 (states 0), maxw 0, DL_RC fails 0, key form fails 0; 19400 evals [6 s]
#   unit {"file": "k4_certs_5_n4_3.json.gz", "pos": 9453, "rank": [0, 0, 14, 490]} k4_certs_5_n4_3.json.gz#9453[m=11,idx=326]: start [0, 0, 0, 0, -2, 0, 1, -58, 2] best [0, 0, 0, 0, -2, 0, 2, -8, 2] chain profiles 0 (states 0), maxw 0, DL_RC fails 0, key form fails 0; 19400 evals [7 s]
#   unit {"file": "k4_certs_5_n4_3.json.gz", "pos": 7371, "rank": [0, 0, 14, 177]} k4_certs_5_n4_3.json.gz#7371[m=10,idx=150]: start [0, 0, 0, 0, -1000000, 0, 0, -1000000, 0] best [0, 0, 0, 0, -2, 0, 2, -20, 7] chain profiles 0 (states 0), maxw 0, DL_RC fails 0, key form fails 0; 19400 evals [6 s]
#   unit {"file": "k4_certs_5_n4_3.json.gz", "pos": 4522, "rank": [0, 0, 14, 157]} k4_certs_5_n4_3.json.gz#4522[m=9,idx=284]: start [0, 0, 0, 0, -3, 0, 1, -31, 1] best [0, 0, 0, 0, -2, 0, 1, -27, 1] chain profiles 0 (states 0), maxw 0, DL_RC fails 0, key form fails 0; 19400 evals [5 s]
#   unit {"file": "k4_certs_5_n4_3.json.gz", "pos": 8217, "rank": [0, 0, 14, 106]} k4_certs_5_n4_3.json.gz#8217[m=10,idx=996]: start [0, 0, 0, 0, -1000000, 0, 0, -1000000, 0] best [0, 0, 0, 0, -2, 0, 2, -26, 2] chain profiles 0 (states 0), maxw 0, DL_RC fails 0, key form fails 0; 19400 evals [7 s]
#   unit {"file": "k4_certs_5_n4_3.json.gz", "pos": 4532, "rank": [0, 0, 14, 97]} k4_certs_5_n4_3.json.gz#4532[m=9,idx=294]: start [0, 0, 0, 0, -2, 0, 1, -32, 2] best [0, 0, 0, 0, -2, 0, 1, -20, 4] chain profiles 0 (states 0), maxw 0, DL_RC fails 0, key form fails 0; 19400 evals [4 s]
#   unit {"file": "k4_certs_5_n4_3.json.gz", "pos": 7698, "rank": [0, 0, 14, 63]} k4_certs_5_n4_3.json.gz#7698[m=10,idx=477]: start [0, 0, 0, 0, -1000000, 0, 0, -1000000, 0] best [0, 0, 0, 0, -3, 0, 1, -15, 2] chain profiles 0 (states 0), maxw 0, DL_RC fails 0, key form fails 0; 19400 evals [5 s]
#   unit {"file": "k4_certs_5_n4_3.json.gz", "pos": 9842, "rank": [0, 0, 14, 10507]} k4_certs_5_n4_3.json.gz#9842[m=12,idx=76]: start [0, 0, 0, 0, -2, 0, 1, -57, 8] best [0, 0, 0, 0, -2, 0, 2, -33, 18] chain profiles 0 (states 0), maxw 0, DL_RC fails 0, key form fails 0; 19400 evals [20 s]
#   unit {"file": "k4_certs_5_n4_3.json.gz", "pos": 8719, "rank": [0, 0, 14, 29]} k4_certs_5_n4_3.json.gz#8719[m=10,idx=1498]: start [0, 0, 0, 0, -1000000, 0, 0, -1000000, 0] best [0, 0, 0, 0, -2, 0, 1, -23, 1] chain profiles 0 (states 0), maxw 0, DL_RC fails 0, key form fails 0; 19400 evals [5 s]
#   unit {"file": "k4_certs_5_n4_3.json.gz", "pos": 5582, "rank": [0, 0, 14, 25]} k4_certs_5_n4_3.json.gz#5582[m=9,idx=1344]: start [0, 0, 0, 0, -1000000, 0, 0, -1000000, 0] best [0, 0, 0, 0, -1, 0, 2, -14, 2] chain profiles 0 (states 0), maxw 0, DL_RC fails 0, key form fails 0; 19400 evals [5 s]
#   unit {"file": "k4_certs_5_n4_3.json.gz", "pos": 4675, "rank": [0, 0, 14, 18]} k4_certs_5_n4_3.json.gz#4675[m=9,idx=437]: start [0, 0, 0, 0, -1000000, 0, 0, -1000000, 0] best [0, 0, 0, 0, -1, 0, 1, -36, 12] chain profiles 0 (states 0), maxw 0, DL_RC fails 0, key form fails 0; 19400 evals [5 s]
#   unit {"file": "k4_certs_5_n4_3.json.gz", "pos": 1865, "rank": [0, 0, 14, 14]} k4_certs_5_n4_3.json.gz#1865[m=8,idx=268]: start [0, 0, 0, 0, -1000000, 0, 0, -1000000, 0] best [0, 0, 0, 0, -1000000, 0, 0, -1000000, 0] chain profiles 0 (states 0), maxw 0, DL_RC fails 0, key form fails 0; 19400 evals [4 s]
#   unit {"file": "k4_certs_5_n4_3.json.gz", "pos": 7299, "rank": [0, 0, 14, 25]} k4_certs_5_n4_3.json.gz#7299[m=10,idx=78]: start [0, 0, 0, 0, -1000000, 0, 0, -1000000, 0] best [0, 0, 0, 0, -2, 0, 2, -28, 2] chain profiles 0 (states 0), maxw 0, DL_RC fails 0, key form fails 0; 19400 evals [7 s]
#   unit {"file": "k4_certs_5_n4_3.json.gz", "pos": 7874, "rank": [0, 0, 13, 251]} k4_certs_5_n4_3.json.gz#7874[m=10,idx=653]: start [0, 0, 0, 0, -3, 0, 1, -27, 1] best [0, 0, 0, 0, -2, 0, 2, -19, 5] chain profiles 0 (states 0), maxw 0, DL_RC fails 0, key form fails 0; 19400 evals [7 s]
#   unit {"file": "k4_certs_5_n4_3.json.gz", "pos": 7537, "rank": [0, 0, 13, 200]} k4_certs_5_n4_3.json.gz#7537[m=10,idx=316]: start [0, 0, 0, 0, -1000000, 0, 0, -1000000, 0] best [0, 0, 0, 0, -2, 0, 1, -28, 1] chain profiles 0 (states 0), maxw 0, DL_RC fails 0, key form fails 0; 19400 evals [5 s]
#   unit {"file": "k4_certs_5_n4_3.json.gz", "pos": 7847, "rank": [0, 0, 13, 59]} k4_certs_5_n4_3.json.gz#7847[m=10,idx=626]: start [0, 0, 0, 0, -1000000, 0, 0, -1000000, 0] best [0, 0, 0, 0, -2, 0, 1, -19, 1] chain profiles 0 (states 0), maxw 0, DL_RC fails 0, key form fails 0; 19400 evals [5 s]
#   unit {"file": "k4_certs_5_n4_3.json.gz", "pos": 7535, "rank": [0, 0, 13, 109]} k4_certs_5_n4_3.json.gz#7535[m=10,idx=314]: start [0, 0, 0, 0, -3, 0, 1, -57, 1] best [0, 0, 0, 0, -2, 0, 2, -19, 6] chain profiles 0 (states 0), maxw 0, DL_RC fails 0, key form fails 0; 19400 evals [6 s]
#   unit {"file": "k4_certs_5_n4_3.json.gz", "pos": 7790, "rank": [0, 0, 13, 28]} k4_certs_5_n4_3.json.gz#7790[m=10,idx=569]: start [0, 0, 0, 0, -1000000, 0, 0, -1000000, 0] best [0, 0, 0, 0, -1, 0, 2, -24, 9] chain profiles 0 (states 0), maxw 0, DL_RC fails 0, key form fails 0; 19400 evals [6 s]
#   unit {"file": "k4_certs_5_n4_3.json.gz", "pos": 8040, "rank": [0, 0, 13, 28]} k4_certs_5_n4_3.json.gz#8040[m=10,idx=819]: start [0, 0, 0, 0, -1000000, 0, 0, -1000000, 0] best [0, 0, 0, 0, -1, 0, 2, -12, 9] chain profiles 0 (states 0), maxw 0, DL_RC fails 0, key form fails 0; 19400 evals [6 s]
#   unit {"file": "k4_certs_5_n4_3.json.gz", "pos": 7301, "rank": [0, 0, 13, 15]} k4_certs_5_n4_3.json.gz#7301[m=10,idx=80]: start [0, 0, 0, 0, -1000000, 0, 0, -1000000, 0] best [0, 0, 0, 0, -1, 0, 2, -12, 1] chain profiles 0 (states 0), maxw 0, DL_RC fails 0, key form fails 0; 19400 evals [6 s]
#   unit {"file": "k4_certs_5_n4_3.json.gz", "pos": 9183, "rank": [0, 0, 12, 1350]} k4_certs_5_n4_3.json.gz#9183[m=11,idx=56]: start [0, 0, 0, 0, -2, 0, 1, -55, 1] best [0, 0, 0, 0, -2, 0, 1, -10, 1] chain profiles 0 (states 0), maxw 0, DL_RC fails 0, key form fails 0; 19400 evals [6 s]
#   unit {"file": "k4_certs_5_n4_3.json.gz", "pos": 7600, "rank": [0, 0, 12, 376]} k4_certs_5_n4_3.json.gz#7600[m=10,idx=379]: start [0, 0, 0, 0, -1000000, 0, 0, -1000000, 0] best [0, 0, 0, 0, -2, 0, 2, -14, 8] chain profiles 0 (states 0), maxw 0, DL_RC fails 0, key form fails 0; 19400 evals [6 s]
#   unit {"file": "k4_certs_5_n4_3.json.gz", "pos": 7777, "rank": [0, 0, 12, 59]} k4_certs_5_n4_3.json.gz#7777[m=10,idx=556]: start [0, 0, 0, 0, -4, 0, 1, -41, 1] best [0, 0, 0, 0, -2, 0, 1, -17, 1] chain profiles 0 (states 0), maxw 0, DL_RC fails 0, key form fails 0; 19400 evals [6 s]
#   unit {"file": "k4_certs_5_n4_3.json.gz", "pos": 7360, "rank": [0, 0, 12, 157]} k4_certs_5_n4_3.json.gz#7360[m=10,idx=139]: start [0, 0, 0, 0, -1000000, 0, 0, -1000000, 0] best [0, 0, 0, 0, -3, 0, 2, -13, 1] chain profiles 0 (states 0), maxw 0, DL_RC fails 0, key form fails 0; 19400 evals [6 s]
#   unit {"file": "k4_certs_5_n4_3.json.gz", "pos": 9240, "rank": [0, 0, 12, 315]} k4_certs_5_n4_3.json.gz#9240[m=11,idx=113]: start [0, 0, 0, 0, -1000000, 0, 0, -1000000, 0] best [0, 0, 0, 0, -2, 0, 1, -18, 8] chain profiles 0 (states 0), maxw 0, DL_RC fails 0, key form fails 0; 19400 evals [9 s]
#   unit {"file": "k4_certs_5_n4_3.json.gz", "pos": 7528, "rank": [0, 0, 12, 56]} k4_certs_5_n4_3.json.gz#7528[m=10,idx=307]: start [0, 0, 0, 0, -1000000, 0, 0, -1000000, 0] best [0, 0, 0, 0, -2, 0, 2, -23, 11] chain profiles 0 (states 0), maxw 0, DL_RC fails 0, key form fails 0; 19400 evals [7 s]
#   unit {"file": "k4_certs_5_n4_3.json.gz", "pos": 4516, "rank": [0, 0, 12, 41]} k4_certs_5_n4_3.json.gz#4516[m=9,idx=278]: start [0, 0, 0, 0, -1000000, 0, 0, -1000000, 0] best [0, 0, 0, 0, -2, 0, 1, -14, 2] chain profiles 0 (states 0), maxw 0, DL_RC fails 0, key form fails 0; 19400 evals [5 s]
#   unit {"file": "k4_certs_5_n4_3.json.gz", "pos": 7475, "rank": [0, 0, 12, 52]} k4_certs_5_n4_3.json.gz#7475[m=10,idx=254]: start [0, 0, 0, 0, -1000000, 0, 0, -1000000, 0] best [0, 0, 0, 0, -2, 0, 1, -36, 2] chain profiles 0 (states 0), maxw 0, DL_RC fails 0, key form fails 0; 19400 evals [6 s]
TOTAL ranked_n4_3: units 200, profiles evaluated 3880000 (with repeats; def > 0 states with f >= 1 in them: 3183853), unit time 1459 s (this session 367 s wall); units reaching a chain state 0, distinct chain profiles 0 (chain states 0), largest least |W| at a chain state 0; units with a DL_RC failure 0, with a key-form failure 0
best units (score order rcf kf chain chain3 -gap c3 kstar -minmv st1):
  {"file": "k4_certs_5_n4_3.json.gz", "pos": 9189, "rank": [0, 0, 133, 4124]} k4_certs_5_n4_3.json.gz#9189[m=11,idx=62] n=5 m=11 best [0, 0, 0, 0, -1, 0, 2, -4, 3] prof [95, 8, 8, 0, 5] H {'f': 1, 'st1': 3, 'rt4f': 0, 'rcf': 0, 'ch': 0, 'ch3': 0, 'chw2': 0, 'gap': 1, 'c3': 0, 'mv': 4, 'kf': 0, 'kfk': 0, 'maxw': 0, 'kstar': 2}
  {"file": "k4_certs_5_n4_3.json.gz", "pos": 9185, "rank": [0, 0, 80, 3291]} k4_certs_5_n4_3.json.gz#9185[m=11,idx=58] n=5 m=11 best [0, 0, 0, 0, -1, 0, 2, -4, 3] prof [92, 103, 36, 2, 3] H {'f': 1, 'st1': 3, 'rt4f': 0, 'rcf': 0, 'ch': 0, 'ch3': 0, 'chw2': 0, 'gap': 1, 'c3': 0, 'mv': 4, 'kf': 0, 'kfk': 0, 'maxw': 0, 'kstar': 2}
  {"file": "k4_certs_5_n4_3.json.gz", "pos": 7474, "rank": [0, 0, 16, 106]} k4_certs_5_n4_3.json.gz#7474[m=10,idx=253] n=5 m=10 best [0, 0, 0, 0, -1, 0, 2, -7, 5] prof [40, 34, 36, 2, 4] H {'f': 3, 'st1': 5, 'rt4f': 0, 'rcf': 0, 'ch': 0, 'ch3': 0, 'chw2': 0, 'gap': 1, 'c3': 0, 'mv': 7, 'kf': 0, 'kfk': 0, 'maxw': 0, 'kstar': 2}
  {"file": "k4_certs_5_n4_3.json.gz", "pos": 9157, "rank": [0, 0, 101, 4394]} k4_certs_5_n4_3.json.gz#9157[m=11,idx=30] n=5 m=11 best [0, 0, 0, 0, -1, 0, 2, -10, 3] prof [44, 6, 8, 1, 2] H {'f': 1, 'st1': 3, 'rt4f': 0, 'rcf': 0, 'ch': 0, 'ch3': 0, 'chw2': 0, 'gap': 1, 'c3': 0, 'mv': 10, 'kf': 0, 'kfk': 0, 'maxw': 0, 'kstar': 2}
  {"file": "k4_certs_5_n4_3.json.gz", "pos": 8040, "rank": [0, 0, 13, 28]} k4_certs_5_n4_3.json.gz#8040[m=10,idx=819] n=5 m=10 best [0, 0, 0, 0, -1, 0, 2, -12, 9] prof [105, 1, 1, 213, 42] H {'f': 3, 'st1': 9, 'rt4f': 0, 'rcf': 0, 'ch': 0, 'ch3': 0, 'chw2': 0, 'gap': 1, 'c3': 0, 'mv': 12, 'kf': 0, 'kfk': 0, 'maxw': 0, 'kstar': 2}
  {"file": "k4_certs_5_n4_3.json.gz", "pos": 7301, "rank": [0, 0, 13, 15]} k4_certs_5_n4_3.json.gz#7301[m=10,idx=80] n=5 m=10 best [0, 0, 0, 0, -1, 0, 2, -12, 1] prof [15, 106, 74, 1, 1] H {'f': 3, 'st1': 1, 'rt4f': 0, 'rcf': 0, 'ch': 0, 'ch3': 0, 'chw2': 0, 'gap': 1, 'c3': 0, 'mv': 12, 'kf': 0, 'kfk': 0, 'maxw': 0, 'kstar': 2}
  {"file": "k4_certs_5_n4_3.json.gz", "pos": 5584, "rank": [0, 0, 31, 43]} k4_certs_5_n4_3.json.gz#5584[m=9,idx=1346] n=5 m=9 best [0, 0, 0, 0, -1, 0, 2, -14, 11] prof [8, 0, 6, 10, 2] H {'f': 3, 'st1': 11, 'rt4f': 0, 'rcf': 0, 'ch': 0, 'ch3': 0, 'chw2': 0, 'gap': 1, 'c3': 0, 'mv': 14, 'kf': 0, 'kfk': 0, 'maxw': 0, 'kstar': 2}
  {"file": "k4_certs_5_n4_3.json.gz", "pos": 5582, "rank": [0, 0, 14, 25]} k4_certs_5_n4_3.json.gz#5582[m=9,idx=1344] n=5 m=9 best [0, 0, 0, 0, -1, 0, 2, -14, 2] prof [34, 1, 248, 178, 4] H {'f': 2, 'st1': 2, 'rt4f': 0, 'rcf': 0, 'ch': 0, 'ch3': 0, 'chw2': 0, 'gap': 1, 'c3': 0, 'mv': 14, 'kf': 0, 'kfk': 0, 'maxw': 0, 'kstar': 2}
  {"file": "k4_certs_5_n4_3.json.gz", "pos": 9441, "rank": [0, 0, 16, 95]} k4_certs_5_n4_3.json.gz#9441[m=11,idx=314] n=5 m=11 best [0, 0, 0, 0, -1, 0, 2, -16, 13] prof [95, 6, 133, 0, 1] H {'f': 2, 'st1': 13, 'rt4f': 0, 'rcf': 0, 'ch': 0, 'ch3': 0, 'chw2': 0, 'gap': 1, 'c3': 0, 'mv': 16, 'kf': 0, 'kfk': 0, 'maxw': 0, 'kstar': 2}
  {"file": "k4_certs_5_n4_3.json.gz", "pos": 9447, "rank": [0, 0, 20, 79]} k4_certs_5_n4_3.json.gz#9447[m=11,idx=320] n=5 m=11 best [0, 0, 0, 0, -1, 0, 2, -16, 11] prof [92, 10, 221, 1, 1] H {'f': 2, 'st1': 11, 'rt4f': 0, 'rcf': 0, 'ch': 0, 'ch3': 0, 'chw2': 0, 'gap': 1, 'c3': 0, 'mv': 16, 'kf': 0, 'kfk': 0, 'maxw': 0, 'kstar': 2}
  {"file": "k4_certs_5_n4_3.json.gz", "pos": 9161, "rank": [0, 0, 29, 2986]} k4_certs_5_n4_3.json.gz#9161[m=11,idx=34] n=5 m=11 best [0, 0, 0, 0, -1, 0, 2, -16, 3] prof [92, 36, 36, 3, 3] H {'f': 1, 'st1': 3, 'rt4f': 0, 'rcf': 0, 'ch': 0, 'ch3': 0, 'chw2': 0, 'gap': 1, 'c3': 0, 'mv': 16, 'kf': 0, 'kfk': 0, 'maxw': 0, 'kstar': 2}
  {"file": "k4_certs_5_n4_3.json.gz", "pos": 8222, "rank": [0, 0, 18, 90]} k4_certs_5_n4_3.json.gz#8222[m=10,idx=1001] n=5 m=10 best [0, 0, 0, 0, -1, 0, 2, -16, 1] prof [34, 25, 1, 178, 1] H {'f': 2, 'st1': 1, 'rt4f': 0, 'rcf': 0, 'ch': 0, 'ch3': 0, 'chw2': 0, 'gap': 1, 'c3': 0, 'mv': 16, 'kf': 0, 'kfk': 0, 'maxw': 0, 'kstar': 2}
  {"file": "k4_certs_5_n4_3.json.gz", "pos": 4345, "rank": [0, 0, 26, 60]} k4_certs_5_n4_3.json.gz#4345[m=9,idx=107] n=5 m=9 best [0, 0, 0, 0, -1, 0, 2, -18, 8] prof [36, 10, 6, 4, 4] H {'f': 3, 'st1': 8, 'rt4f': 0, 'rcf': 0, 'ch': 0, 'ch3': 0, 'chw2': 0, 'gap': 1, 'c3': 0, 'mv': 18, 'kf': 0, 'kfk': 0, 'maxw': 0, 'kstar': 2}
  {"file": "k4_certs_5_n4_3.json.gz", "pos": 9432, "rank": [0, 0, 41, 213]} k4_certs_5_n4_3.json.gz#9432[m=11,idx=305] n=5 m=11 best [0, 0, 0, 0, -1, 0, 2, -18, 6] prof [34, 92, 80, 0, 0] H {'f': 2, 'st1': 6, 'rt4f': 0, 'rcf': 0, 'ch': 0, 'ch3': 0, 'chw2': 0, 'gap': 1, 'c3': 0, 'mv': 18, 'kf': 0, 'kfk': 0, 'maxw': 0, 'kstar': 2}
  {"file": "k4_certs_5_n4_3.json.gz", "pos": 9235, "rank": [0, 0, 20, 795]} k4_certs_5_n4_3.json.gz#9235[m=11,idx=108] n=5 m=11 best [0, 0, 0, 0, -1, 0, 2, -18, 4] prof [35, 95, 43, 3, 0] H {'f': 2, 'st1': 4, 'rt4f': 0, 'rcf': 0, 'ch': 0, 'ch3': 0, 'chw2': 0, 'gap': 1, 'c3': 0, 'mv': 18, 'kf': 0, 'kfk': 0, 'maxw': 0, 'kstar': 2}
