# command: python3 k4/dlrc_hunt.py fail10 fail10 results/k4_rc/rt4_fail10_inst.json --reps=8 --steps=3000 --batch=24 --jobs=4 --seed=1
# dlrc.c sha256 f1cf4cc169a347625e5a84bd9c7a8c218f791de6e2a7ce466f59ce357000b1f7; dlrc_hunt.py sha256 7fc97147ecb792b1b5354e992012778f63dd6edb9ad28ce878bf645e0390730f
# fail10 results/k4_rc/rt4_fail10_inst.json: 80 units, 80 to run, 0 from the checkpoint; options {'steps': 3000, 'batch': 24, 'obj': 'std', 'bt': 0.5, 'seed': 1, 'init': 200, 'stale': 40}
#   unit {"inst": 0, "rep": 0} k4_certs_5_n4_4.json.gz#3206[m=9,idx=364]:108,86,1,108,27: start [0, 0, 1, 1, -2, 1, 3, -16, 14] best [0, 0, 4, 4, -2, 4, 3, -12, 14] chain profiles 1155 (states 2922), maxw 1, DL_RC fails 0, key form fails 0; 72001 evals [20 s]
#   unit {"inst": 1, "rep": 0} k4_certs_5_n4_4.json.gz#3521[m=9,idx=679]:98,1,16,17,15: start [0, 0, 2, 2, -2, 2, 3, -16, 12] best [0, 0, 2, 2, -2, 2, 3, -16, 15] chain profiles 803 (states 1606), maxw 1, DL_RC fails 0, key form fails 0; 72001 evals [20 s]
#   unit {"inst": 3, "rep": 0} k4_certs_5_pure.json.gz#2614[m=10,idx=568]:6,11,45,0,4: start [0, 0, 3, 3, -2, 3, 3, -14, 11] best [0, 0, 3, 3, -2, 3, 3, -14, 14] chain profiles 3824 (states 10963), maxw 1, DL_RC fails 0, key form fails 0; 72001 evals [36 s]
#   unit {"inst": 2, "rep": 0} k4_certs_5_pure.json.gz#2614[m=10,idx=568]:6,9,43,24,24: start [0, 0, 2, 2, -2, 2, 3, -14, 12] best [0, 0, 3, 3, -2, 3, 3, -14, 14] chain profiles 3627 (states 10444), maxw 1, DL_RC fails 0, key form fails 0; 72001 evals [36 s]
#   unit {"inst": 4, "rep": 0} k4_certs_5_pure.json.gz#2614[m=10,idx=568]:1,11,39,16,0: start [0, 0, 3, 3, -2, 3, 3, -14, 11] best [0, 0, 3, 3, -2, 3, 3, -14, 14] chain profiles 3754 (states 10788), maxw 1, DL_RC fails 0, key form fails 0; 72001 evals [38 s]
#   unit {"inst": 5, "rep": 0} k4_certs_5_pure.json.gz#4170[m=12,idx=25]:1,12,8,3,11: start [0, 0, 10, 10, -2, 10, 3, -16, 18] best [0, 0, 12, 12, -2, 12, 3, -16, 20] chain profiles 3469 (states 40031), maxw 1, DL_RC fails 0, key form fails 0; 72001 evals [101 s]
#   unit {"inst": 7, "rep": 0} k4_certs_5_pure.json.gz#4170[m=12,idx=25]:22,18,4,10,37: start [0, 0, 12, 12, -2, 12, 3, -16, 20] best [0, 0, 12, 12, -2, 12, 3, -16, 20] chain profiles 3606 (states 41595), maxw 1, DL_RC fails 0, key form fails 0; 72001 evals [102 s]
#   unit {"inst": 6, "rep": 0} k4_certs_5_pure.json.gz#4170[m=12,idx=25]:4,8,16,22,43: start [0, 0, 10, 10, -2, 10, 3, -20, 18] best [0, 0, 12, 12, -2, 12, 3, -16, 20] chain profiles 3708 (states 42836), maxw 1, DL_RC fails 0, key form fails 0; 72001 evals [103 s]
#   unit {"inst": 8, "rep": 0} k4_certs_5_pure.json.gz#4214[m=12,idx=69]:0,12,4,11,39: start [0, 0, 12, 12, -2, 12, 3, -18, 20] best [0, 0, 12, 12, -2, 12, 3, -14, 32] chain profiles 4158 (states 48284), maxw 1, DL_RC fails 0, key form fails 0; 72001 evals [98 s]
#   unit {"inst": 0, "rep": 1} k4_certs_5_n4_4.json.gz#3206[m=9,idx=364]:108,86,1,108,27: start [0, 0, 1, 1, -2, 1, 3, -16, 14] best [0, 0, 4, 4, -2, 4, 3, -12, 14] chain profiles 1109 (states 3785), maxw 1, DL_RC fails 0, key form fails 0; 72001 evals [22 s]
#   unit {"inst": 1, "rep": 1} k4_certs_5_n4_4.json.gz#3521[m=9,idx=679]:98,1,16,17,15: start [0, 0, 2, 2, -2, 2, 3, -16, 12] best [0, 0, 2, 2, -2, 2, 3, -16, 15] chain profiles 853 (states 1706), maxw 1, DL_RC fails 0, key form fails 0; 72001 evals [23 s]
#   unit {"inst": 2, "rep": 1} k4_certs_5_pure.json.gz#2614[m=10,idx=568]:6,9,43,24,24: start [0, 0, 2, 2, -2, 2, 3, -14, 12] best [0, 0, 3, 3, -2, 3, 3, -14, 14] chain profiles 3606 (states 10362), maxw 1, DL_RC fails 0, key form fails 0; 72001 evals [39 s]
#   unit {"inst": 3, "rep": 1} k4_certs_5_pure.json.gz#2614[m=10,idx=568]:6,11,45,0,4: start [0, 0, 3, 3, -2, 3, 3, -14, 11] best [0, 0, 3, 3, -2, 3, 3, -14, 14] chain profiles 3673 (states 10542), maxw 1, DL_RC fails 0, key form fails 0; 72001 evals [38 s]
#   unit {"inst": 4, "rep": 1} k4_certs_5_pure.json.gz#2614[m=10,idx=568]:1,11,39,16,0: start [0, 0, 3, 3, -2, 3, 3, -14, 11] best [0, 0, 3, 3, -2, 3, 3, -14, 14] chain profiles 3535 (states 10148), maxw 1, DL_RC fails 0, key form fails 0; 72001 evals [38 s]
#   unit {"inst": 9, "rep": 0} k4_certs_5_pure.json.gz#4214[m=12,idx=69]:12,12,18,11,43: start [0, 0, 12, 12, -2, 12, 3, -18, 32] best [0, 0, 12, 12, -2, 12, 3, -14, 32] chain profiles 4494 (states 52293), maxw 1, DL_RC fails 0, key form fails 0; 72001 evals [95 s]
#   unit {"inst": 5, "rep": 1} k4_certs_5_pure.json.gz#4170[m=12,idx=25]:1,12,8,3,11: start [0, 0, 10, 10, -2, 10, 3, -16, 18] best [0, 0, 12, 12, -2, 12, 3, -16, 20] chain profiles 3590 (states 41458), maxw 1, DL_RC fails 0, key form fails 0; 72001 evals [110 s]
#   unit {"inst": 7, "rep": 1} k4_certs_5_pure.json.gz#4170[m=12,idx=25]:22,18,4,10,37: start [0, 0, 12, 12, -2, 12, 3, -16, 20] best [0, 0, 12, 12, -2, 12, 3, -16, 20] chain profiles 3534 (states 40916), maxw 1, DL_RC fails 0, key form fails 0; 72001 evals [110 s]
#   unit {"inst": 6, "rep": 1} k4_certs_5_pure.json.gz#4170[m=12,idx=25]:4,8,16,22,43: start [0, 0, 10, 10, -2, 10, 3, -20, 18] best [0, 0, 12, 12, -2, 12, 3, -16, 20] chain profiles 3492 (states 40278), maxw 1, DL_RC fails 0, key form fails 0; 72001 evals [112 s]
#   unit {"inst": 8, "rep": 1} k4_certs_5_pure.json.gz#4214[m=12,idx=69]:0,12,4,11,39: start [0, 0, 12, 12, -2, 12, 3, -18, 20] best [0, 0, 12, 12, -2, 12, 3, -14, 32] chain profiles 4155 (states 48174), maxw 1, DL_RC fails 0, key form fails 0; 72001 evals [104 s]
#   unit {"inst": 0, "rep": 2} k4_certs_5_n4_4.json.gz#3206[m=9,idx=364]:108,86,1,108,27: start [0, 0, 1, 1, -2, 1, 3, -16, 14] best [0, 0, 4, 4, -2, 4, 3, -12, 14] chain profiles 1022 (states 3200), maxw 1, DL_RC fails 0, key form fails 0; 72001 evals [20 s]
#   unit {"inst": 1, "rep": 2} k4_certs_5_n4_4.json.gz#3521[m=9,idx=679]:98,1,16,17,15: start [0, 0, 2, 2, -2, 2, 3, -16, 12] best [0, 0, 2, 2, -2, 2, 3, -16, 15] chain profiles 764 (states 1528), maxw 1, DL_RC fails 0, key form fails 0; 72001 evals [21 s]
#   unit {"inst": 2, "rep": 2} k4_certs_5_pure.json.gz#2614[m=10,idx=568]:6,9,43,24,24: start [0, 0, 2, 2, -2, 2, 3, -14, 12] best [0, 0, 3, 3, -2, 3, 3, -14, 14] chain profiles 3635 (states 10443), maxw 1, DL_RC fails 0, key form fails 0; 72001 evals [39 s]
#   unit {"inst": 3, "rep": 2} k4_certs_5_pure.json.gz#2614[m=10,idx=568]:6,11,45,0,4: start [0, 0, 3, 3, -2, 3, 3, -14, 11] best [0, 0, 3, 3, -2, 3, 3, -14, 14] chain profiles 3810 (states 10938), maxw 1, DL_RC fails 0, key form fails 0; 72001 evals [40 s]
#   unit {"inst": 4, "rep": 2} k4_certs_5_pure.json.gz#2614[m=10,idx=568]:1,11,39,16,0: start [0, 0, 3, 3, -2, 3, 3, -14, 11] best [0, 0, 3, 3, -2, 3, 3, -14, 14] chain profiles 3642 (states 10487), maxw 1, DL_RC fails 0, key form fails 0; 72001 evals [40 s]
#   unit {"inst": 9, "rep": 1} k4_certs_5_pure.json.gz#4214[m=12,idx=69]:12,12,18,11,43: start [0, 0, 12, 12, -2, 12, 3, -18, 32] best [0, 0, 12, 12, -2, 12, 3, -14, 32] chain profiles 4071 (states 47173), maxw 1, DL_RC fails 0, key form fails 0; 72001 evals [95 s]
#   unit {"inst": 5, "rep": 2} k4_certs_5_pure.json.gz#4170[m=12,idx=25]:1,12,8,3,11: start [0, 0, 10, 10, -2, 10, 3, -16, 18] best [0, 0, 12, 12, -2, 12, 3, -16, 20] chain profiles 3671 (states 42429), maxw 1, DL_RC fails 0, key form fails 0; 72001 evals [110 s]
#   unit {"inst": 6, "rep": 2} k4_certs_5_pure.json.gz#4170[m=12,idx=25]:4,8,16,22,43: start [0, 0, 10, 10, -2, 10, 3, -20, 18] best [0, 0, 12, 12, -2, 12, 3, -16, 20] chain profiles 3505 (states 40443), maxw 1, DL_RC fails 0, key form fails 0; 72001 evals [111 s]
#   unit {"inst": 7, "rep": 2} k4_certs_5_pure.json.gz#4170[m=12,idx=25]:22,18,4,10,37: start [0, 0, 12, 12, -2, 12, 3, -16, 20] best [0, 0, 12, 12, -2, 12, 3, -16, 20] chain profiles 3480 (states 40177), maxw 1, DL_RC fails 0, key form fails 0; 72001 evals [111 s]
#   unit {"inst": 8, "rep": 2} k4_certs_5_pure.json.gz#4214[m=12,idx=69]:0,12,4,11,39: start [0, 0, 12, 12, -2, 12, 3, -18, 20] best [0, 0, 12, 12, -2, 12, 3, -14, 32] chain profiles 4165 (states 48394), maxw 1, DL_RC fails 0, key form fails 0; 72001 evals [100 s]
#   unit {"inst": 0, "rep": 3} k4_certs_5_n4_4.json.gz#3206[m=9,idx=364]:108,86,1,108,27: start [0, 0, 1, 1, -2, 1, 3, -16, 14] best [0, 0, 4, 4, -2, 4, 3, -12, 14] chain profiles 1006 (states 3651), maxw 1, DL_RC fails 0, key form fails 0; 72001 evals [21 s]
#   unit {"inst": 1, "rep": 3} k4_certs_5_n4_4.json.gz#3521[m=9,idx=679]:98,1,16,17,15: start [0, 0, 2, 2, -2, 2, 3, -16, 12] best [0, 0, 2, 2, -2, 2, 3, -16, 15] chain profiles 737 (states 1474), maxw 1, DL_RC fails 0, key form fails 0; 72001 evals [21 s]
#   unit {"inst": 2, "rep": 3} k4_certs_5_pure.json.gz#2614[m=10,idx=568]:6,9,43,24,24: start [0, 0, 2, 2, -2, 2, 3, -14, 12] best [0, 0, 3, 3, -2, 3, 3, -14, 14] chain profiles 3516 (states 10106), maxw 1, DL_RC fails 0, key form fails 0; 72001 evals [40 s]
#   unit {"inst": 4, "rep": 3} k4_certs_5_pure.json.gz#2614[m=10,idx=568]:1,11,39,16,0: start [0, 0, 3, 3, -2, 3, 3, -14, 11] best [0, 0, 3, 3, -2, 3, 3, -14, 14] chain profiles 3607 (states 10405), maxw 1, DL_RC fails 0, key form fails 0; 72001 evals [40 s]
#   unit {"inst": 3, "rep": 3} k4_certs_5_pure.json.gz#2614[m=10,idx=568]:6,11,45,0,4: start [0, 0, 3, 3, -2, 3, 3, -14, 11] best [0, 0, 3, 3, -2, 3, 3, -14, 14] chain profiles 3991 (states 11484), maxw 1, DL_RC fails 0, key form fails 0; 72001 evals [40 s]
#   unit {"inst": 9, "rep": 2} k4_certs_5_pure.json.gz#4214[m=12,idx=69]:12,12,18,11,43: start [0, 0, 12, 12, -2, 12, 3, -18, 32] best [0, 0, 14, 0, -1, 14, 3, -13, 74] chain profiles 3502 (states 39328), maxw 1, DL_RC fails 0, key form fails 0; 72001 evals [107 s]
#   unit {"inst": 5, "rep": 3} k4_certs_5_pure.json.gz#4170[m=12,idx=25]:1,12,8,3,11: start [0, 0, 10, 10, -2, 10, 3, -16, 18] best [0, 0, 12, 12, -2, 12, 3, -16, 20] chain profiles 4003 (states 46274), maxw 1, DL_RC fails 0, key form fails 0; 72001 evals [108 s]
#   unit {"inst": 7, "rep": 3} k4_certs_5_pure.json.gz#4170[m=12,idx=25]:22,18,4,10,37: start [0, 0, 12, 12, -2, 12, 3, -16, 20] best [0, 0, 12, 12, -2, 12, 3, -16, 20] chain profiles 3632 (states 42032), maxw 1, DL_RC fails 0, key form fails 0; 72001 evals [108 s]
#   unit {"inst": 6, "rep": 3} k4_certs_5_pure.json.gz#4170[m=12,idx=25]:4,8,16,22,43: start [0, 0, 10, 10, -2, 10, 3, -20, 18] best [0, 0, 12, 12, -2, 12, 3, -16, 20] chain profiles 3550 (states 41010), maxw 1, DL_RC fails 0, key form fails 0; 72001 evals [108 s]
#   unit {"inst": 0, "rep": 4} k4_certs_5_n4_4.json.gz#3206[m=9,idx=364]:108,86,1,108,27: start [0, 0, 1, 1, -2, 1, 3, -16, 14] best [0, 0, 4, 4, -2, 4, 3, -12, 14] chain profiles 1181 (states 3598), maxw 1, DL_RC fails 0, key form fails 0; 72001 evals [20 s]
#   unit {"inst": 1, "rep": 4} k4_certs_5_n4_4.json.gz#3521[m=9,idx=679]:98,1,16,17,15: start [0, 0, 2, 2, -2, 2, 3, -16, 12] best [0, 0, 2, 2, -2, 2, 3, -16, 15] chain profiles 717 (states 1434), maxw 1, DL_RC fails 0, key form fails 0; 72001 evals [21 s]
#   unit {"inst": 8, "rep": 3} k4_certs_5_pure.json.gz#4214[m=12,idx=69]:0,12,4,11,39: start [0, 0, 12, 12, -2, 12, 3, -18, 20] best [0, 0, 14, 0, -1, 14, 3, -13, 74] chain profiles 4133 (states 47613), maxw 1, DL_RC fails 0, key form fails 0; 72001 evals [99 s]
#   unit {"inst": 2, "rep": 4} k4_certs_5_pure.json.gz#2614[m=10,idx=568]:6,9,43,24,24: start [0, 0, 2, 2, -2, 2, 3, -14, 12] best [0, 0, 3, 3, -2, 3, 3, -14, 14] chain profiles 3532 (states 10153), maxw 1, DL_RC fails 0, key form fails 0; 72001 evals [38 s]
#   unit {"inst": 3, "rep": 4} k4_certs_5_pure.json.gz#2614[m=10,idx=568]:6,11,45,0,4: start [0, 0, 3, 3, -2, 3, 3, -14, 11] best [0, 0, 3, 3, -2, 3, 3, -14, 14] chain profiles 3392 (states 9767), maxw 1, DL_RC fails 0, key form fails 0; 72001 evals [38 s]
#   unit {"inst": 4, "rep": 4} k4_certs_5_pure.json.gz#2614[m=10,idx=568]:1,11,39,16,0: start [0, 0, 3, 3, -2, 3, 3, -14, 11] best [0, 0, 3, 3, -2, 3, 3, -14, 14] chain profiles 3672 (states 10557), maxw 1, DL_RC fails 0, key form fails 0; 72001 evals [39 s]
#   unit {"inst": 9, "rep": 3} k4_certs_5_pure.json.gz#4214[m=12,idx=69]:12,12,18,11,43: start [0, 0, 12, 12, -2, 12, 3, -18, 32] best [0, 0, 12, 12, -2, 12, 3, -14, 32] chain profiles 4379 (states 50827), maxw 1, DL_RC fails 0, key form fails 0; 72001 evals [93 s]
#   unit {"inst": 6, "rep": 4} k4_certs_5_pure.json.gz#4170[m=12,idx=25]:4,8,16,22,43: start [0, 0, 10, 10, -2, 10, 3, -20, 18] best [0, 0, 12, 12, -2, 12, 3, -16, 20] chain profiles 3469 (states 40070), maxw 1, DL_RC fails 0, key form fails 0; 72001 evals [107 s]
#   unit {"inst": 5, "rep": 4} k4_certs_5_pure.json.gz#4170[m=12,idx=25]:1,12,8,3,11: start [0, 0, 10, 10, -2, 10, 3, -16, 18] best [0, 0, 12, 12, -2, 12, 3, -16, 20] chain profiles 3596 (states 41517), maxw 1, DL_RC fails 0, key form fails 0; 72001 evals [109 s]
#   unit {"inst": 7, "rep": 4} k4_certs_5_pure.json.gz#4170[m=12,idx=25]:22,18,4,10,37: start [0, 0, 12, 12, -2, 12, 3, -16, 20] best [0, 0, 12, 12, -2, 12, 3, -16, 20] chain profiles 3663 (states 42272), maxw 1, DL_RC fails 0, key form fails 0; 72001 evals [108 s]
#   unit {"inst": 0, "rep": 5} k4_certs_5_n4_4.json.gz#3206[m=9,idx=364]:108,86,1,108,27: start [0, 0, 1, 1, -2, 1, 3, -16, 14] best [0, 0, 4, 4, -2, 4, 3, -12, 14] chain profiles 999 (states 3313), maxw 1, DL_RC fails 0, key form fails 0; 72001 evals [21 s]
#   unit {"inst": 8, "rep": 4} k4_certs_5_pure.json.gz#4214[m=12,idx=69]:0,12,4,11,39: start [0, 0, 12, 12, -2, 12, 3, -18, 20] best [0, 0, 12, 12, -2, 12, 3, -14, 32] chain profiles 4792 (states 55571), maxw 1, DL_RC fails 0, key form fails 0; 72001 evals [100 s]
#   unit {"inst": 1, "rep": 5} k4_certs_5_n4_4.json.gz#3521[m=9,idx=679]:98,1,16,17,15: start [0, 0, 2, 2, -2, 2, 3, -16, 12] best [0, 0, 2, 2, -2, 2, 3, -16, 15] chain profiles 717 (states 1434), maxw 1, DL_RC fails 0, key form fails 0; 72001 evals [21 s]
#   unit {"inst": 2, "rep": 5} k4_certs_5_pure.json.gz#2614[m=10,idx=568]:6,9,43,24,24: start [0, 0, 2, 2, -2, 2, 3, -14, 12] best [0, 0, 3, 3, -2, 3, 3, -14, 14] chain profiles 3811 (states 10964), maxw 1, DL_RC fails 0, key form fails 0; 72001 evals [38 s]
#   unit {"inst": 3, "rep": 5} k4_certs_5_pure.json.gz#2614[m=10,idx=568]:6,11,45,0,4: start [0, 0, 3, 3, -2, 3, 3, -14, 11] best [0, 0, 3, 3, -2, 3, 3, -14, 14] chain profiles 3496 (states 10045), maxw 1, DL_RC fails 0, key form fails 0; 72001 evals [38 s]
#   unit {"inst": 4, "rep": 5} k4_certs_5_pure.json.gz#2614[m=10,idx=568]:1,11,39,16,0: start [0, 0, 3, 3, -2, 3, 3, -14, 11] best [0, 0, 3, 3, -2, 3, 3, -14, 14] chain profiles 3804 (states 10967), maxw 1, DL_RC fails 0, key form fails 0; 72001 evals [38 s]
#   unit {"inst": 9, "rep": 4} k4_certs_5_pure.json.gz#4214[m=12,idx=69]:12,12,18,11,43: start [0, 0, 12, 12, -2, 12, 3, -18, 32] best [0, 0, 12, 12, -2, 12, 3, -14, 32] chain profiles 4410 (states 51242), maxw 1, DL_RC fails 0, key form fails 0; 72001 evals [94 s]
#   unit {"inst": 5, "rep": 5} k4_certs_5_pure.json.gz#4170[m=12,idx=25]:1,12,8,3,11: start [0, 0, 10, 10, -2, 10, 3, -16, 18] best [0, 0, 12, 12, -2, 12, 3, -16, 20] chain profiles 3799 (states 43945), maxw 1, DL_RC fails 0, key form fails 0; 72001 evals [103 s]
#   unit {"inst": 6, "rep": 5} k4_certs_5_pure.json.gz#4170[m=12,idx=25]:4,8,16,22,43: start [0, 0, 10, 10, -2, 10, 3, -20, 18] best [0, 0, 12, 12, -2, 12, 3, -16, 20] chain profiles 3394 (states 39210), maxw 1, DL_RC fails 0, key form fails 0; 72001 evals [106 s]
#   unit {"inst": 7, "rep": 5} k4_certs_5_pure.json.gz#4170[m=12,idx=25]:22,18,4,10,37: start [0, 0, 12, 12, -2, 12, 3, -16, 20] best [0, 0, 12, 12, -2, 12, 3, -16, 20] chain profiles 3526 (states 40757), maxw 1, DL_RC fails 0, key form fails 0; 72001 evals [105 s]
#   unit {"inst": 0, "rep": 6} k4_certs_5_n4_4.json.gz#3206[m=9,idx=364]:108,86,1,108,27: start [0, 0, 1, 1, -2, 1, 3, -16, 14] best [0, 0, 4, 4, -2, 4, 3, -12, 14] chain profiles 1098 (states 3652), maxw 1, DL_RC fails 0, key form fails 0; 72001 evals [21 s]
#   unit {"inst": 8, "rep": 5} k4_certs_5_pure.json.gz#4214[m=12,idx=69]:0,12,4,11,39: start [0, 0, 12, 12, -2, 12, 3, -18, 20] best [0, 0, 12, 12, -2, 12, 3, -14, 32] chain profiles 4240 (states 49090), maxw 1, DL_RC fails 0, key form fails 0; 72001 evals [98 s]
#   unit {"inst": 1, "rep": 6} k4_certs_5_n4_4.json.gz#3521[m=9,idx=679]:98,1,16,17,15: start [0, 0, 2, 2, -2, 2, 3, -16, 12] best [0, 0, 2, 2, -2, 2, 3, -16, 15] chain profiles 806 (states 1612), maxw 1, DL_RC fails 0, key form fails 0; 72001 evals [22 s]
#   unit {"inst": 2, "rep": 6} k4_certs_5_pure.json.gz#2614[m=10,idx=568]:6,9,43,24,24: start [0, 0, 2, 2, -2, 2, 3, -14, 12] best [0, 0, 3, 3, -2, 3, 3, -14, 14] chain profiles 3357 (states 9621), maxw 1, DL_RC fails 0, key form fails 0; 72001 evals [34 s]
#   unit {"inst": 3, "rep": 6} k4_certs_5_pure.json.gz#2614[m=10,idx=568]:6,11,45,0,4: start [0, 0, 3, 3, -2, 3, 3, -14, 11] best [0, 0, 3, 3, -2, 3, 3, -14, 14] chain profiles 3985 (states 11493), maxw 1, DL_RC fails 0, key form fails 0; 72001 evals [35 s]
#   unit {"inst": 4, "rep": 6} k4_certs_5_pure.json.gz#2614[m=10,idx=568]:1,11,39,16,0: start [0, 0, 3, 3, -2, 3, 3, -14, 11] best [0, 0, 3, 3, -2, 3, 3, -14, 14] chain profiles 3608 (states 10375), maxw 1, DL_RC fails 0, key form fails 0; 72001 evals [35 s]
#   unit {"inst": 9, "rep": 5} k4_certs_5_pure.json.gz#4214[m=12,idx=69]:12,12,18,11,43: start [0, 0, 12, 12, -2, 12, 3, -18, 32] best [0, 0, 12, 12, -2, 12, 3, -14, 32] chain profiles 4455 (states 51733), maxw 1, DL_RC fails 0, key form fails 0; 72001 evals [91 s]
#   unit {"inst": 6, "rep": 6} k4_certs_5_pure.json.gz#4170[m=12,idx=25]:4,8,16,22,43: start [0, 0, 10, 10, -2, 10, 3, -20, 18] best [0, 0, 12, 12, -2, 12, 3, -16, 20] chain profiles 3639 (states 41925), maxw 1, DL_RC fails 0, key form fails 0; 72001 evals [110 s]
#   unit {"inst": 7, "rep": 6} k4_certs_5_pure.json.gz#4170[m=12,idx=25]:22,18,4,10,37: start [0, 0, 12, 12, -2, 12, 3, -16, 20] best [0, 0, 21, 0, -2, 21, 3, -17, 72] chain profiles 3333 (states 38473), maxw 1, DL_RC fails 0, key form fails 0; 72001 evals [109 s]
#   unit {"inst": 5, "rep": 6} k4_certs_5_pure.json.gz#4170[m=12,idx=25]:1,12,8,3,11: start [0, 0, 10, 10, -2, 10, 3, -16, 18] best [0, 0, 21, 0, -2, 21, 3, -17, 72] chain profiles 3310 (states 38843), maxw 1, DL_RC fails 0, key form fails 0; 72001 evals [115 s]
#   unit {"inst": 8, "rep": 6} k4_certs_5_pure.json.gz#4214[m=12,idx=69]:0,12,4,11,39: start [0, 0, 12, 12, -2, 12, 3, -18, 20] best [0, 0, 12, 12, -2, 12, 3, -14, 32] chain profiles 4349 (states 50464), maxw 1, DL_RC fails 0, key form fails 0; 72001 evals [102 s]
#   unit {"inst": 0, "rep": 7} k4_certs_5_n4_4.json.gz#3206[m=9,idx=364]:108,86,1,108,27: start [0, 0, 1, 1, -2, 1, 3, -16, 14] best [0, 0, 4, 4, -2, 4, 3, -12, 14] chain profiles 1174 (states 3336), maxw 1, DL_RC fails 0, key form fails 0; 72001 evals [20 s]
#   unit {"inst": 1, "rep": 7} k4_certs_5_n4_4.json.gz#3521[m=9,idx=679]:98,1,16,17,15: start [0, 0, 2, 2, -2, 2, 3, -16, 12] best [0, 0, 2, 2, -2, 2, 3, -16, 15] chain profiles 758 (states 1516), maxw 1, DL_RC fails 0, key form fails 0; 72001 evals [20 s]
#   unit {"inst": 2, "rep": 7} k4_certs_5_pure.json.gz#2614[m=10,idx=568]:6,9,43,24,24: start [0, 0, 2, 2, -2, 2, 3, -14, 12] best [0, 0, 3, 3, -2, 3, 3, -14, 14] chain profiles 3724 (states 10738), maxw 1, DL_RC fails 0, key form fails 0; 72001 evals [35 s]
#   unit {"inst": 3, "rep": 7} k4_certs_5_pure.json.gz#2614[m=10,idx=568]:6,11,45,0,4: start [0, 0, 3, 3, -2, 3, 3, -14, 11] best [0, 0, 3, 3, -2, 3, 3, -14, 14] chain profiles 3833 (states 11016), maxw 1, DL_RC fails 0, key form fails 0; 72001 evals [34 s]
#   unit {"inst": 4, "rep": 7} k4_certs_5_pure.json.gz#2614[m=10,idx=568]:1,11,39,16,0: start [0, 0, 3, 3, -2, 3, 3, -14, 11] best [0, 0, 3, 3, -2, 3, 3, -14, 14] chain profiles 3786 (states 10871), maxw 1, DL_RC fails 0, key form fails 0; 72001 evals [34 s]
#   unit {"inst": 9, "rep": 6} k4_certs_5_pure.json.gz#4214[m=12,idx=69]:12,12,18,11,43: start [0, 0, 12, 12, -2, 12, 3, -18, 32] best [0, 0, 12, 12, -2, 12, 3, -14, 32] chain profiles 4088 (states 47530), maxw 1, DL_RC fails 0, key form fails 0; 72001 evals [87 s]
#   unit {"inst": 5, "rep": 7} k4_certs_5_pure.json.gz#4170[m=12,idx=25]:1,12,8,3,11: start [0, 0, 10, 10, -2, 10, 3, -16, 18] best [0, 0, 12, 12, -2, 12, 3, -16, 20] chain profiles 3868 (states 44716), maxw 1, DL_RC fails 0, key form fails 0; 72001 evals [99 s]
#   unit {"inst": 6, "rep": 7} k4_certs_5_pure.json.gz#4170[m=12,idx=25]:4,8,16,22,43: start [0, 0, 10, 10, -2, 10, 3, -20, 18] best [0, 0, 12, 12, -2, 12, 3, -16, 20] chain profiles 3549 (states 40973), maxw 1, DL_RC fails 0, key form fails 0; 72001 evals [100 s]
#   unit {"inst": 7, "rep": 7} k4_certs_5_pure.json.gz#4170[m=12,idx=25]:22,18,4,10,37: start [0, 0, 12, 12, -2, 12, 3, -16, 20] best [0, 0, 12, 12, -2, 12, 3, -16, 20] chain profiles 3515 (states 40577), maxw 1, DL_RC fails 0, key form fails 0; 72001 evals [99 s]
