# command: python3 k4/dlrc_hunt.py n4_n4_3_k3 certs results/k4_certs_4_n4_3.json.gz --steps=600 --obj=k3 --bt=0.9 --jobs=4 --seed=44
# dlrc.c sha256 f1cf4cc169a347625e5a84bd9c7a8c218f791de6e2a7ce466f59ce357000b1f7; dlrc_hunt.py sha256 fe0fa5082f6dde3e89d9e338cd7f508db3a25be24e4328aea29bfdf82b38189f
# certs results/k4_certs_4_n4_3.json.gz: 339 units, 339 to run, 0 from the checkpoint; options {'steps': 600, 'batch': 24, 'obj': 'k3', 'bt': 0.9, 'seed': 44, 'init': 200, 'stale': 40}
#   unit {"file": "k4_certs_4_n4_3.json.gz", "pos": 1} k4_certs_4_n4_3.json.gz#1[m=5,idx=0]: start [0, 0, 0, 0, 0, 0, -1000000, -1000000, 0] best [0, 0, 0, 0, 0, 0, -1000000, -1000000, 0] chain profiles 0 (states 0), maxw 0, DL_RC fails 0, key form fails 0; 14600 evals [2 s]
#   unit {"file": "k4_certs_4_n4_3.json.gz", "pos": 0} k4_certs_4_n4_3.json.gz#0[m=4,idx=0]: start [0, 0, 0, 0, 0, 0, -1000000, -1000000, 0] best [0, 0, 0, 0, 0, 0, -1000000, -1000000, 0] chain profiles 0 (states 0), maxw 0, DL_RC fails 0, key form fails 0; 14600 evals [2 s]
#   unit {"file": "k4_certs_4_n4_3.json.gz", "pos": 2} k4_certs_4_n4_3.json.gz#2[m=5,idx=1]: start [0, 0, 0, 0, 0, 0, -1000000, -1000000, 0] best [0, 0, 0, 0, 0, 0, -1000000, -1000000, 0] chain profiles 0 (states 0), maxw 0, DL_RC fails 0, key form fails 0; 14600 evals [2 s]
#   unit {"file": "k4_certs_4_n4_3.json.gz", "pos": 3} k4_certs_4_n4_3.json.gz#3[m=5,idx=2]: start [0, 0, 0, 0, 0, 0, -1000000, -1000000, 0] best [0, 0, 0, 0, 0, 0, -1000000, -1000000, 0] chain profiles 0 (states 0), maxw 0, DL_RC fails 0, key form fails 0; 14600 evals [2 s]
#   unit {"file": "k4_certs_4_n4_3.json.gz", "pos": 4} k4_certs_4_n4_3.json.gz#4[m=5,idx=3]: start [0, 0, 0, 0, 0, 0, -1000000, -1000000, 0] best [0, 0, 0, 0, 0, 0, -1000000, -1000000, 0] chain profiles 0 (states 0), maxw 0, DL_RC fails 0, key form fails 0; 14600 evals [2 s]
#   unit {"file": "k4_certs_4_n4_3.json.gz", "pos": 6} k4_certs_4_n4_3.json.gz#6[m=5,idx=5]: start [0, 0, 0, 0, 0, 0, -1000000, -1000000, 0] best [0, 0, 0, 0, 0, 0, -1000000, -1000000, 0] chain profiles 0 (states 0), maxw 0, DL_RC fails 0, key form fails 0; 14600 evals [2 s]
#   unit {"file": "k4_certs_4_n4_3.json.gz", "pos": 5} k4_certs_4_n4_3.json.gz#5[m=5,idx=4]: start [0, 0, 0, 0, 0, 0, -1000000, -1000000, 0] best [0, 0, 0, 0, 0, 0, -1000000, -1000000, 0] chain profiles 0 (states 0), maxw 0, DL_RC fails 0, key form fails 0; 14600 evals [2 s]
#   unit {"file": "k4_certs_4_n4_3.json.gz", "pos": 7} k4_certs_4_n4_3.json.gz#7[m=5,idx=6]: start [0, 0, 0, 0, 0, 0, -1000000, -1000000, 0] best [0, 0, 0, 0, 0, 0, -1000000, -1000000, 0] chain profiles 0 (states 0), maxw 0, DL_RC fails 0, key form fails 0; 14600 evals [2 s]
#   unit {"file": "k4_certs_4_n4_3.json.gz", "pos": 10} k4_certs_4_n4_3.json.gz#10[m=6,idx=1]: start [0, 0, 0, 0, 0, 0, -1000000, -1000000, 0] best [0, 0, 0, 0, 0, 2, -1, -12, 6] chain profiles 0 (states 0), maxw 0, DL_RC fails 0, key form fails 0; 14600 evals [2 s]
#   unit {"file": "k4_certs_4_n4_3.json.gz", "pos": 9} k4_certs_4_n4_3.json.gz#9[m=6,idx=0]: start [0, 0, 0, 0, 0, 2, -1, -18, 6] best [0, 0, 0, 0, 0, 2, -1, -12, 6] chain profiles 0 (states 0), maxw 0, DL_RC fails 0, key form fails 0; 14600 evals [2 s]
#   unit {"file": "k4_certs_4_n4_3.json.gz", "pos": 8} k4_certs_4_n4_3.json.gz#8[m=5,idx=7]: start [0, 0, 0, 0, 0, 0, -1000000, -1000000, 0] best [0, 0, 0, 0, 0, 0, -1000000, -1000000, 0] chain profiles 0 (states 0), maxw 0, DL_RC fails 0, key form fails 0; 14600 evals [2 s]
#   unit {"file": "k4_certs_4_n4_3.json.gz", "pos": 11} k4_certs_4_n4_3.json.gz#11[m=6,idx=2]: start [0, 0, 0, 0, 0, 0, -1000000, -1000000, 0] best [0, 0, 0, 0, 0, 0, -1000000, -1000000, 0] chain profiles 0 (states 0), maxw 0, DL_RC fails 0, key form fails 0; 14600 evals [2 s]
#   unit {"file": "k4_certs_4_n4_3.json.gz", "pos": 13} k4_certs_4_n4_3.json.gz#13[m=6,idx=4]: start [0, 0, 0, 0, 0, 0, -1000000, -1000000, 0] best [0, 0, 0, 0, 0, 0, -1000000, -1000000, 0] chain profiles 0 (states 0), maxw 0, DL_RC fails 0, key form fails 0; 14600 evals [2 s]
#   unit {"file": "k4_certs_4_n4_3.json.gz", "pos": 12} k4_certs_4_n4_3.json.gz#12[m=6,idx=3]: start [0, 0, 0, 0, 0, 0, -1000000, -1000000, 0] best [0, 0, 0, 0, 0, 2, -1, -12, 4] chain profiles 0 (states 0), maxw 0, DL_RC fails 0, key form fails 0; 14600 evals [2 s]
#   unit {"file": "k4_certs_4_n4_3.json.gz", "pos": 14} k4_certs_4_n4_3.json.gz#14[m=6,idx=5]: start [0, 0, 0, 0, 0, 0, -1000000, -1000000, 0] best [0, 0, 0, 0, 0, 0, -1000000, -1000000, 0] chain profiles 0 (states 0), maxw 0, DL_RC fails 0, key form fails 0; 14600 evals [2 s]
#   unit {"file": "k4_certs_4_n4_3.json.gz", "pos": 15} k4_certs_4_n4_3.json.gz#15[m=6,idx=6]: start [0, 0, 0, 0, 0, 0, -1000000, -1000000, 0] best [0, 0, 0, 0, 0, 0, -1000000, -1000000, 0] chain profiles 0 (states 0), maxw 0, DL_RC fails 0, key form fails 0; 14600 evals [2 s]
#   unit {"file": "k4_certs_4_n4_3.json.gz", "pos": 17} k4_certs_4_n4_3.json.gz#17[m=6,idx=8]: start [0, 0, 0, 0, 0, 0, -1000000, -1000000, 0] best [0, 0, 0, 0, 0, 0, -1000000, -1000000, 0] chain profiles 0 (states 0), maxw 0, DL_RC fails 0, key form fails 0; 14600 evals [2 s]
#   unit {"file": "k4_certs_4_n4_3.json.gz", "pos": 16} k4_certs_4_n4_3.json.gz#16[m=6,idx=7]: start [0, 0, 0, 0, 0, 0, -1000000, -1000000, 0] best [0, 0, 0, 0, 0, 0, -1000000, -1000000, 0] chain profiles 0 (states 0), maxw 0, DL_RC fails 0, key form fails 0; 14600 evals [2 s]
#   unit {"file": "k4_certs_4_n4_3.json.gz", "pos": 18} k4_certs_4_n4_3.json.gz#18[m=6,idx=9]: start [0, 0, 0, 0, 0, 0, -1000000, -1000000, 0] best [0, 0, 0, 0, 0, 0, -1000000, -1000000, 0] chain profiles 0 (states 0), maxw 0, DL_RC fails 0, key form fails 0; 14600 evals [2 s]
#   unit {"file": "k4_certs_4_n4_3.json.gz", "pos": 19} k4_certs_4_n4_3.json.gz#19[m=6,idx=10]: start [0, 0, 0, 0, 0, 0, -1000000, -1000000, 0] best [0, 0, 0, 0, 0, 2, -1, -12, 6] chain profiles 0 (states 0), maxw 0, DL_RC fails 0, key form fails 0; 14600 evals [2 s]
#   unit {"file": "k4_certs_4_n4_3.json.gz", "pos": 21} k4_certs_4_n4_3.json.gz#21[m=6,idx=12]: start [0, 0, 0, 0, 0, 0, -1000000, -1000000, 0] best [0, 0, 0, 0, 0, 0, -1000000, -1000000, 0] chain profiles 0 (states 0), maxw 0, DL_RC fails 0, key form fails 0; 14600 evals [2 s]
#   unit {"file": "k4_certs_4_n4_3.json.gz", "pos": 20} k4_certs_4_n4_3.json.gz#20[m=6,idx=11]: start [0, 0, 0, 0, 0, 0, -1000000, -1000000, 0] best [0, 0, 0, 0, 0, 0, -1000000, -1000000, 0] chain profiles 0 (states 0), maxw 0, DL_RC fails 0, key form fails 0; 14600 evals [2 s]
#   unit {"file": "k4_certs_4_n4_3.json.gz", "pos": 22} k4_certs_4_n4_3.json.gz#22[m=6,idx=13]: start [0, 0, 0, 0, 0, 0, -1000000, -1000000, 0] best [0, 0, 0, 0, 0, 0, -1000000, -1000000, 0] chain profiles 0 (states 0), maxw 0, DL_RC fails 0, key form fails 0; 14600 evals [2 s]
#   unit {"file": "k4_certs_4_n4_3.json.gz", "pos": 23} k4_certs_4_n4_3.json.gz#23[m=6,idx=14]: start [0, 0, 0, 0, 0, 0, -1000000, -1000000, 0] best [0, 0, 0, 0, 0, 0, -1000000, -1000000, 0] chain profiles 0 (states 0), maxw 0, DL_RC fails 0, key form fails 0; 14600 evals [2 s]
#   unit {"file": "k4_certs_4_n4_3.json.gz", "pos": 24} k4_certs_4_n4_3.json.gz#24[m=6,idx=15]: start [0, 0, 0, 0, 0, 0, -1000000, -1000000, 0] best [0, 0, 0, 0, 0, 0, -1000000, -1000000, 0] chain profiles 0 (states 0), maxw 0, DL_RC fails 0, key form fails 0; 14600 evals [2 s]
#   unit {"file": "k4_certs_4_n4_3.json.gz", "pos": 25} k4_certs_4_n4_3.json.gz#25[m=6,idx=16]: start [0, 0, 0, 0, 0, 0, -1000000, -1000000, 0] best [0, 0, 0, 0, 0, 0, -1000000, -1000000, 0] chain profiles 0 (states 0), maxw 0, DL_RC fails 0, key form fails 0; 14600 evals [2 s]
#   unit {"file": "k4_certs_4_n4_3.json.gz", "pos": 27} k4_certs_4_n4_3.json.gz#27[m=6,idx=18]: start [0, 0, 0, 0, 0, 0, -1000000, -1000000, 0] best [0, 0, 0, 0, 0, 2, -1, -12, 8] chain profiles 0 (states 0), maxw 0, DL_RC fails 0, key form fails 0; 14600 evals [2 s]
#   unit {"file": "k4_certs_4_n4_3.json.gz", "pos": 26} k4_certs_4_n4_3.json.gz#26[m=6,idx=17]: start [0, 0, 0, 0, 0, 0, -1000000, -1000000, 0] best [0, 0, 0, 0, 0, 2, -1, -12, 8] chain profiles 0 (states 0), maxw 0, DL_RC fails 0, key form fails 0; 14600 evals [2 s]
#   unit {"file": "k4_certs_4_n4_3.json.gz", "pos": 28} k4_certs_4_n4_3.json.gz#28[m=6,idx=19]: start [0, 0, 0, 0, 0, 0, -1000000, -1000000, 0] best [0, 0, 0, 0, 0, 0, -1000000, -1000000, 0] chain profiles 0 (states 0), maxw 0, DL_RC fails 0, key form fails 0; 14600 evals [2 s]
#   unit {"file": "k4_certs_4_n4_3.json.gz", "pos": 29} k4_certs_4_n4_3.json.gz#29[m=6,idx=20]: start [0, 0, 0, 0, 0, 0, -1000000, -1000000, 0] best [0, 0, 0, 0, 0, 0, -1000000, -1000000, 0] chain profiles 0 (states 0), maxw 0, DL_RC fails 0, key form fails 0; 14600 evals [2 s]
#   unit {"file": "k4_certs_4_n4_3.json.gz", "pos": 31} k4_certs_4_n4_3.json.gz#31[m=6,idx=22]: start [0, 0, 0, 0, 0, 0, -1000000, -1000000, 0] best [0, 0, 0, 0, 0, 0, -1000000, -1000000, 0] chain profiles 0 (states 0), maxw 0, DL_RC fails 0, key form fails 0; 14600 evals [2 s]
#   unit {"file": "k4_certs_4_n4_3.json.gz", "pos": 30} k4_certs_4_n4_3.json.gz#30[m=6,idx=21]: start [0, 0, 0, 0, 0, 0, -1000000, -1000000, 0] best [0, 0, 0, 0, 0, 0, -1000000, -1000000, 0] chain profiles 0 (states 0), maxw 0, DL_RC fails 0, key form fails 0; 14600 evals [2 s]
#   unit {"file": "k4_certs_4_n4_3.json.gz", "pos": 32} k4_certs_4_n4_3.json.gz#32[m=6,idx=23]: start [0, 0, 0, 0, 0, 0, -1000000, -1000000, 0] best [0, 0, 0, 0, 0, 0, -1000000, -1000000, 0] chain profiles 0 (states 0), maxw 0, DL_RC fails 0, key form fails 0; 14600 evals [2 s]
#   unit {"file": "k4_certs_4_n4_3.json.gz", "pos": 33} k4_certs_4_n4_3.json.gz#33[m=6,idx=24]: start [0, 0, 0, 0, 0, 0, -1000000, -1000000, 0] best [0, 0, 0, 0, 0, 0, -1000000, -1000000, 0] chain profiles 0 (states 0), maxw 0, DL_RC fails 0, key form fails 0; 14600 evals [2 s]
#   unit {"file": "k4_certs_4_n4_3.json.gz", "pos": 34} k4_certs_4_n4_3.json.gz#34[m=6,idx=25]: start [0, 0, 0, 0, 0, 0, -1000000, -1000000, 0] best [0, 0, 0, 0, 0, 0, -1000000, -1000000, 0] chain profiles 0 (states 0), maxw 0, DL_RC fails 0, key form fails 0; 14600 evals [2 s]
#   unit {"file": "k4_certs_4_n4_3.json.gz", "pos": 35} k4_certs_4_n4_3.json.gz#35[m=6,idx=26]: start [0, 0, 0, 0, 0, 0, -1000000, -1000000, 0] best [0, 0, 0, 0, 0, 0, -1000000, -1000000, 0] chain profiles 0 (states 0), maxw 0, DL_RC fails 0, key form fails 0; 14600 evals [2 s]
#   unit {"file": "k4_certs_4_n4_3.json.gz", "pos": 36} k4_certs_4_n4_3.json.gz#36[m=6,idx=27]: start [0, 0, 0, 0, 0, 0, -1000000, -1000000, 0] best [0, 0, 0, 0, 0, 0, -1000000, -1000000, 0] chain profiles 0 (states 0), maxw 0, DL_RC fails 0, key form fails 0; 14600 evals [2 s]
#   unit {"file": "k4_certs_4_n4_3.json.gz", "pos": 37} k4_certs_4_n4_3.json.gz#37[m=6,idx=28]: start [0, 0, 0, 0, 0, 0, -1000000, -1000000, 0] best [0, 0, 0, 0, 0, 0, -1000000, -1000000, 0] chain profiles 0 (states 0), maxw 0, DL_RC fails 0, key form fails 0; 14600 evals [2 s]
#   unit {"file": "k4_certs_4_n4_3.json.gz", "pos": 38} k4_certs_4_n4_3.json.gz#38[m=6,idx=29]: start [0, 0, 0, 0, 0, 0, -1000000, -1000000, 0] best [0, 0, 0, 0, 0, 0, -1000000, -1000000, 0] chain profiles 0 (states 0), maxw 0, DL_RC fails 0, key form fails 0; 14600 evals [2 s]
#   unit {"file": "k4_certs_4_n4_3.json.gz", "pos": 39} k4_certs_4_n4_3.json.gz#39[m=6,idx=30]: start [0, 0, 0, 0, 0, 0, -1000000, -1000000, 0] best [0, 0, 0, 0, 0, 0, -1000000, -1000000, 0] chain profiles 0 (states 0), maxw 0, DL_RC fails 0, key form fails 0; 14600 evals [2 s]
#   unit {"file": "k4_certs_4_n4_3.json.gz", "pos": 40} k4_certs_4_n4_3.json.gz#40[m=6,idx=31]: start [0, 0, 0, 0, 0, 0, -1000000, -1000000, 0] best [0, 0, 0, 0, 0, 0, -1000000, -1000000, 0] chain profiles 0 (states 0), maxw 0, DL_RC fails 0, key form fails 0; 14600 evals [2 s]
#   unit {"file": "k4_certs_4_n4_3.json.gz", "pos": 41} k4_certs_4_n4_3.json.gz#41[m=6,idx=32]: start [0, 0, 0, 0, 0, 0, -1000000, -1000000, 0] best [0, 0, 0, 0, 0, 0, -1000000, -1000000, 0] chain profiles 0 (states 0), maxw 0, DL_RC fails 0, key form fails 0; 14600 evals [2 s]
#   unit {"file": "k4_certs_4_n4_3.json.gz", "pos": 42} k4_certs_4_n4_3.json.gz#42[m=6,idx=33]: start [0, 0, 0, 0, 0, 0, -1000000, -1000000, 0] best [0, 0, 0, 0, 0, 0, -1000000, -1000000, 0] chain profiles 0 (states 0), maxw 0, DL_RC fails 0, key form fails 0; 14600 evals [2 s]
#   unit {"file": "k4_certs_4_n4_3.json.gz", "pos": 43} k4_certs_4_n4_3.json.gz#43[m=6,idx=34]: start [0, 0, 0, 0, 0, 0, -1000000, -1000000, 0] best [0, 0, 0, 0, 0, 0, -1000000, -1000000, 0] chain profiles 0 (states 0), maxw 0, DL_RC fails 0, key form fails 0; 14600 evals [2 s]
#   unit {"file": "k4_certs_4_n4_3.json.gz", "pos": 45} k4_certs_4_n4_3.json.gz#45[m=6,idx=36]: start [0, 0, 0, 0, 0, 0, -1000000, -1000000, 0] best [0, 0, 0, 0, 0, 0, -1000000, -1000000, 0] chain profiles 0 (states 0), maxw 0, DL_RC fails 0, key form fails 0; 14600 evals [2 s]
#   unit {"file": "k4_certs_4_n4_3.json.gz", "pos": 44} k4_certs_4_n4_3.json.gz#44[m=6,idx=35]: start [0, 0, 0, 0, 0, 0, -1000000, -1000000, 0] best [0, 0, 0, 0, 0, 0, -1000000, -1000000, 0] chain profiles 0 (states 0), maxw 0, DL_RC fails 0, key form fails 0; 14600 evals [2 s]
#   unit {"file": "k4_certs_4_n4_3.json.gz", "pos": 47} k4_certs_4_n4_3.json.gz#47[m=7,idx=0]: start [0, 0, 0, 0, 0, 0, -1000000, -1000000, 0] best [0, 0, 0, 0, 0, 0, -1000000, -1000000, 0] chain profiles 0 (states 0), maxw 0, DL_RC fails 0, key form fails 0; 14600 evals [2 s]
#   unit {"file": "k4_certs_4_n4_3.json.gz", "pos": 46} k4_certs_4_n4_3.json.gz#46[m=6,idx=37]: start [0, 0, 0, 0, 0, 0, -1000000, -1000000, 0] best [0, 0, 0, 0, 0, 0, -1000000, -1000000, 0] chain profiles 0 (states 0), maxw 0, DL_RC fails 0, key form fails 0; 14600 evals [2 s]
#   unit {"file": "k4_certs_4_n4_3.json.gz", "pos": 48} k4_certs_4_n4_3.json.gz#48[m=7,idx=1]: start [0, 0, 0, 0, 0, 0, -1000000, -1000000, 0] best [0, 0, 0, 0, 0, 2, -2, -12, 6] chain profiles 0 (states 0), maxw 0, DL_RC fails 0, key form fails 0; 14600 evals [3 s]
#   unit {"file": "k4_certs_4_n4_3.json.gz", "pos": 50} k4_certs_4_n4_3.json.gz#50[m=7,idx=3]: start [0, 0, 0, 0, 0, 0, -1000000, -1000000, 0] best [0, 0, 0, 0, 0, 0, -1000000, -1000000, 0] chain profiles 0 (states 0), maxw 0, DL_RC fails 0, key form fails 0; 14600 evals [2 s]
#   unit {"file": "k4_certs_4_n4_3.json.gz", "pos": 49} k4_certs_4_n4_3.json.gz#49[m=7,idx=2]: start [0, 0, 0, 0, 0, 0, -1000000, -1000000, 0] best [0, 0, 0, 0, 0, 2, -2, -12, 4] chain profiles 0 (states 0), maxw 0, DL_RC fails 0, key form fails 0; 14600 evals [3 s]
#   unit {"file": "k4_certs_4_n4_3.json.gz", "pos": 51} k4_certs_4_n4_3.json.gz#51[m=7,idx=4]: start [0, 0, 0, 0, 0, 0, -1000000, -1000000, 0] best [0, 0, 0, 0, 0, 2, -2, -10, 3] chain profiles 0 (states 0), maxw 0, DL_RC fails 0, key form fails 0; 14600 evals [2 s]
#   unit {"file": "k4_certs_4_n4_3.json.gz", "pos": 55} k4_certs_4_n4_3.json.gz#55[m=7,idx=8]: start [0, 0, 0, 0, 0, 0, -1000000, -1000000, 0] best [0, 0, 0, 0, 0, 0, -1000000, -1000000, 0] chain profiles 0 (states 0), maxw 0, DL_RC fails 0, key form fails 0; 14600 evals [4 s]
#   unit {"file": "k4_certs_4_n4_3.json.gz", "pos": 52} k4_certs_4_n4_3.json.gz#52[m=7,idx=5]: start [0, 0, 0, 0, 0, 1, -2, -16, 1] best [0, 0, 0, 0, 0, 2, -2, -8, 6] chain profiles 0 (states 0), maxw 0, DL_RC fails 0, key form fails 0; 14600 evals [4 s]
#   unit {"file": "k4_certs_4_n4_3.json.gz", "pos": 54} k4_certs_4_n4_3.json.gz#54[m=7,idx=7]: start [0, 0, 0, 0, 0, 0, -1000000, -1000000, 0] best [0, 0, 0, 0, 0, 2, -2, -10, 5] chain profiles 0 (states 0), maxw 0, DL_RC fails 0, key form fails 0; 14600 evals [4 s]
#   unit {"file": "k4_certs_4_n4_3.json.gz", "pos": 53} k4_certs_4_n4_3.json.gz#53[m=7,idx=6]: start [0, 0, 0, 0, 0, 0, -1000000, -1000000, 0] best [0, 0, 0, 0, 0, 2, -2, -8, 4] chain profiles 0 (states 0), maxw 0, DL_RC fails 0, key form fails 0; 14600 evals [4 s]
#   unit {"file": "k4_certs_4_n4_3.json.gz", "pos": 57} k4_certs_4_n4_3.json.gz#57[m=7,idx=10]: start [0, 0, 0, 0, 0, 0, -1000000, -1000000, 0] best [0, 0, 0, 0, 0, 2, -2, -10, 4] chain profiles 0 (states 0), maxw 0, DL_RC fails 0, key form fails 0; 14600 evals [4 s]
#   unit {"file": "k4_certs_4_n4_3.json.gz", "pos": 56} k4_certs_4_n4_3.json.gz#56[m=7,idx=9]: start [0, 0, 0, 0, 0, 1, -2, -11, 1] best [0, 0, 0, 0, 0, 2, -2, -9, 4] chain profiles 0 (states 0), maxw 0, DL_RC fails 0, key form fails 0; 14600 evals [4 s]
#   unit {"file": "k4_certs_4_n4_3.json.gz", "pos": 58} k4_certs_4_n4_3.json.gz#58[m=7,idx=11]: start [0, 0, 0, 0, 0, 0, -1000000, -1000000, 0] best [0, 0, 0, 0, 0, 2, -1, -12, 6] chain profiles 0 (states 0), maxw 0, DL_RC fails 0, key form fails 0; 14600 evals [4 s]
#   unit {"file": "k4_certs_4_n4_3.json.gz", "pos": 59} k4_certs_4_n4_3.json.gz#59[m=7,idx=12]: start [0, 0, 0, 0, 0, 2, -2, -18, 6] best [0, 0, 0, 0, 0, 2, -2, -12, 4] chain profiles 0 (states 0), maxw 0, DL_RC fails 0, key form fails 0; 14600 evals [4 s]
#   unit {"file": "k4_certs_4_n4_3.json.gz", "pos": 60} k4_certs_4_n4_3.json.gz#60[m=7,idx=13]: start [0, 0, 0, 0, 0, 0, -1000000, -1000000, 0] best [0, 0, 0, 0, 0, 2, -1, -12, 4] chain profiles 0 (states 0), maxw 0, DL_RC fails 0, key form fails 0; 14600 evals [4 s]
#   unit {"file": "k4_certs_4_n4_3.json.gz", "pos": 61} k4_certs_4_n4_3.json.gz#61[m=7,idx=14]: start [0, 0, 0, 0, 0, 0, -1000000, -1000000, 0] best [0, 0, 0, 0, 0, 1, -2, -11, 1] chain profiles 0 (states 0), maxw 0, DL_RC fails 0, key form fails 0; 14600 evals [4 s]
#   unit {"file": "k4_certs_4_n4_3.json.gz", "pos": 62} k4_certs_4_n4_3.json.gz#62[m=7,idx=15]: start [0, 0, 0, 0, 0, 0, -1000000, -1000000, 0] best [0, 0, 0, 0, 0, 2, -1, -12, 4] chain profiles 0 (states 0), maxw 0, DL_RC fails 0, key form fails 0; 14600 evals [4 s]
#   unit {"file": "k4_certs_4_n4_3.json.gz", "pos": 63} k4_certs_4_n4_3.json.gz#63[m=7,idx=16]: start [0, 0, 0, 0, 0, 0, -1000000, -1000000, 0] best [0, 0, 0, 0, 0, 1, -2, -9, 2] chain profiles 0 (states 0), maxw 0, DL_RC fails 0, key form fails 0; 14600 evals [4 s]
#   unit {"file": "k4_certs_4_n4_3.json.gz", "pos": 65} k4_certs_4_n4_3.json.gz#65[m=7,idx=18]: start [0, 0, 0, 0, 0, 0, -1000000, -1000000, 0] best [0, 0, 0, 0, 0, 0, -1000000, -1000000, 0] chain profiles 0 (states 0), maxw 0, DL_RC fails 0, key form fails 0; 14600 evals [3 s]
#   unit {"file": "k4_certs_4_n4_3.json.gz", "pos": 64} k4_certs_4_n4_3.json.gz#64[m=7,idx=17]: start [0, 0, 0, 0, 0, 2, -2, -16, 4] best [0, 0, 0, 0, 0, 2, -2, -12, 4] chain profiles 0 (states 0), maxw 0, DL_RC fails 0, key form fails 0; 14600 evals [4 s]
#   unit {"file": "k4_certs_4_n4_3.json.gz", "pos": 66} k4_certs_4_n4_3.json.gz#66[m=7,idx=19]: start [0, 0, 0, 0, 0, 0, -1000000, -1000000, 0] best [0, 0, 0, 0, 0, 1, -2, -14, 2] chain profiles 0 (states 0), maxw 0, DL_RC fails 0, key form fails 0; 14600 evals [4 s]
#   unit {"file": "k4_certs_4_n4_3.json.gz", "pos": 67} k4_certs_4_n4_3.json.gz#67[m=7,idx=20]: start [0, 0, 0, 0, 0, 0, -1000000, -1000000, 0] best [0, 0, 0, 0, 0, 0, -1000000, -1000000, 0] chain profiles 0 (states 0), maxw 0, DL_RC fails 0, key form fails 0; 14600 evals [3 s]
#   unit {"file": "k4_certs_4_n4_3.json.gz", "pos": 68} k4_certs_4_n4_3.json.gz#68[m=7,idx=21]: start [0, 0, 0, 0, 0, 0, -1000000, -1000000, 0] best [0, 0, 0, 0, 0, 2, -2, -10, 4] chain profiles 0 (states 0), maxw 0, DL_RC fails 0, key form fails 0; 14600 evals [4 s]
#   unit {"file": "k4_certs_4_n4_3.json.gz", "pos": 69} k4_certs_4_n4_3.json.gz#69[m=7,idx=22]: start [0, 0, 0, 0, 0, 0, -1000000, -1000000, 0] best [0, 0, 0, 0, 0, 2, -1, -12, 6] chain profiles 0 (states 0), maxw 0, DL_RC fails 0, key form fails 0; 14600 evals [4 s]
#   unit {"file": "k4_certs_4_n4_3.json.gz", "pos": 70} k4_certs_4_n4_3.json.gz#70[m=7,idx=23]: start [0, 0, 0, 0, 0, 0, -1000000, -1000000, 0] best [0, 0, 0, 0, 0, 2, -1, -12, 4] chain profiles 0 (states 0), maxw 0, DL_RC fails 0, key form fails 0; 14600 evals [4 s]
#   unit {"file": "k4_certs_4_n4_3.json.gz", "pos": 71} k4_certs_4_n4_3.json.gz#71[m=7,idx=24]: start [0, 0, 0, 0, 0, 0, -1000000, -1000000, 0] best [0, 0, 0, 0, 0, 0, -1000000, -1000000, 0] chain profiles 0 (states 0), maxw 0, DL_RC fails 0, key form fails 0; 14600 evals [4 s]
#   unit {"file": "k4_certs_4_n4_3.json.gz", "pos": 72} k4_certs_4_n4_3.json.gz#72[m=7,idx=25]: start [0, 0, 0, 0, 0, 0, -1000000, -1000000, 0] best [0, 0, 0, 0, 0, 0, -1000000, -1000000, 0] chain profiles 0 (states 0), maxw 0, DL_RC fails 0, key form fails 0; 14600 evals [4 s]
#   unit {"file": "k4_certs_4_n4_3.json.gz", "pos": 74} k4_certs_4_n4_3.json.gz#74[m=7,idx=27]: start [0, 0, 0, 0, 0, 0, -1000000, -1000000, 0] best [0, 0, 0, 0, 0, 0, -1000000, -1000000, 0] chain profiles 0 (states 0), maxw 0, DL_RC fails 0, key form fails 0; 14600 evals [4 s]
#   unit {"file": "k4_certs_4_n4_3.json.gz", "pos": 73} k4_certs_4_n4_3.json.gz#73[m=7,idx=26]: start [0, 0, 0, 0, 0, 0, -1000000, -1000000, 0] best [0, 0, 0, 0, 0, 0, -1000000, -1000000, 0] chain profiles 0 (states 0), maxw 0, DL_RC fails 0, key form fails 0; 14600 evals [4 s]
#   unit {"file": "k4_certs_4_n4_3.json.gz", "pos": 75} k4_certs_4_n4_3.json.gz#75[m=7,idx=28]: start [0, 0, 0, 0, 0, 0, -1000000, -1000000, 0] best [0, 0, 0, 0, 0, 2, -1, -16, 3] chain profiles 0 (states 0), maxw 0, DL_RC fails 0, key form fails 0; 14600 evals [4 s]
#   unit {"file": "k4_certs_4_n4_3.json.gz", "pos": 76} k4_certs_4_n4_3.json.gz#76[m=7,idx=29]: start [0, 0, 0, 0, 0, 0, -1000000, -1000000, 0] best [0, 0, 0, 0, 0, 2, -2, -12, 6] chain profiles 0 (states 0), maxw 0, DL_RC fails 0, key form fails 0; 14600 evals [4 s]
#   unit {"file": "k4_certs_4_n4_3.json.gz", "pos": 77} k4_certs_4_n4_3.json.gz#77[m=7,idx=30]: start [0, 0, 0, 0, 0, 0, -1000000, -1000000, 0] best [0, 0, 0, 0, 0, 2, -1, -12, 1] chain profiles 0 (states 0), maxw 0, DL_RC fails 0, key form fails 0; 14600 evals [4 s]
#   unit {"file": "k4_certs_4_n4_3.json.gz", "pos": 78} k4_certs_4_n4_3.json.gz#78[m=7,idx=31]: start [0, 0, 0, 0, 0, 0, -1000000, -1000000, 0] best [0, 0, 0, 0, 0, 2, -2, -14, 6] chain profiles 0 (states 0), maxw 0, DL_RC fails 0, key form fails 0; 14600 evals [4 s]
#   unit {"file": "k4_certs_4_n4_3.json.gz", "pos": 79} k4_certs_4_n4_3.json.gz#79[m=7,idx=32]: start [0, 0, 0, 0, 0, 0, -1000000, -1000000, 0] best [0, 0, 0, 0, 0, 1, -2, -13, 1] chain profiles 0 (states 0), maxw 0, DL_RC fails 0, key form fails 0; 14600 evals [4 s]
#   unit {"file": "k4_certs_4_n4_3.json.gz", "pos": 80} k4_certs_4_n4_3.json.gz#80[m=7,idx=33]: start [0, 0, 0, 0, 0, 0, -1000000, -1000000, 0] best [0, 0, 0, 0, 0, 1, -2, -14, 1] chain profiles 0 (states 0), maxw 0, DL_RC fails 0, key form fails 0; 14600 evals [4 s]
#   unit {"file": "k4_certs_4_n4_3.json.gz", "pos": 82} k4_certs_4_n4_3.json.gz#82[m=7,idx=35]: start [0, 0, 0, 0, 0, 0, -1000000, -1000000, 0] best [0, 0, 0, 0, 0, 1, -3, -10, 1] chain profiles 0 (states 0), maxw 0, DL_RC fails 0, key form fails 0; 14600 evals [4 s]
#   unit {"file": "k4_certs_4_n4_3.json.gz", "pos": 81} k4_certs_4_n4_3.json.gz#81[m=7,idx=34]: start [0, 0, 0, 0, 0, 0, -1000000, -1000000, 0] best [0, 0, 0, 0, 0, 2, -2, -12, 4] chain profiles 0 (states 0), maxw 0, DL_RC fails 0, key form fails 0; 14600 evals [4 s]
#   unit {"file": "k4_certs_4_n4_3.json.gz", "pos": 83} k4_certs_4_n4_3.json.gz#83[m=7,idx=36]: start [0, 0, 0, 0, 0, 0, -1000000, -1000000, 0] best [0, 0, 0, 0, 0, 2, -2, -16, 2] chain profiles 0 (states 0), maxw 0, DL_RC fails 0, key form fails 0; 14600 evals [4 s]
#   unit {"file": "k4_certs_4_n4_3.json.gz", "pos": 84} k4_certs_4_n4_3.json.gz#84[m=7,idx=37]: start [0, 0, 0, 0, 0, 0, -1000000, -1000000, 0] best [0, 0, 0, 0, 0, 0, -1000000, -1000000, 0] chain profiles 0 (states 0), maxw 0, DL_RC fails 0, key form fails 0; 14600 evals [4 s]
#   unit {"file": "k4_certs_4_n4_3.json.gz", "pos": 85} k4_certs_4_n4_3.json.gz#85[m=7,idx=38]: start [0, 0, 0, 0, 0, 0, -1000000, -1000000, 0] best [0, 0, 0, 0, 0, 1, -2, -10, 1] chain profiles 0 (states 0), maxw 0, DL_RC fails 0, key form fails 0; 14600 evals [4 s]
#   unit {"file": "k4_certs_4_n4_3.json.gz", "pos": 86} k4_certs_4_n4_3.json.gz#86[m=7,idx=39]: start [0, 0, 0, 0, 0, 0, -1000000, -1000000, 0] best [0, 0, 0, 0, 0, 1, -2, -14, 1] chain profiles 0 (states 0), maxw 0, DL_RC fails 0, key form fails 0; 14600 evals [4 s]
#   unit {"file": "k4_certs_4_n4_3.json.gz", "pos": 87} k4_certs_4_n4_3.json.gz#87[m=7,idx=40]: start [0, 0, 0, 0, 0, 0, -1000000, -1000000, 0] best [0, 0, 0, 0, 0, 0, -1000000, -1000000, 0] chain profiles 0 (states 0), maxw 0, DL_RC fails 0, key form fails 0; 14600 evals [4 s]
#   unit {"file": "k4_certs_4_n4_3.json.gz", "pos": 88} k4_certs_4_n4_3.json.gz#88[m=7,idx=41]: start [0, 0, 0, 0, 0, 0, -1000000, -1000000, 0] best [0, 0, 0, 0, 0, 2, -2, -10, 4] chain profiles 0 (states 0), maxw 0, DL_RC fails 0, key form fails 0; 14600 evals [3 s]
#   unit {"file": "k4_certs_4_n4_3.json.gz", "pos": 89} k4_certs_4_n4_3.json.gz#89[m=7,idx=42]: start [0, 0, 0, 0, 0, 0, -1000000, -1000000, 0] best [0, 0, 0, 0, 0, 0, -1000000, -1000000, 0] chain profiles 0 (states 0), maxw 0, DL_RC fails 0, key form fails 0; 14600 evals [3 s]
#   unit {"file": "k4_certs_4_n4_3.json.gz", "pos": 90} k4_certs_4_n4_3.json.gz#90[m=7,idx=43]: start [0, 0, 0, 0, 0, 0, -1000000, -1000000, 0] best [0, 0, 0, 0, 0, 1, -2, -12, 1] chain profiles 0 (states 0), maxw 0, DL_RC fails 0, key form fails 0; 14600 evals [3 s]
#   unit {"file": "k4_certs_4_n4_3.json.gz", "pos": 91} k4_certs_4_n4_3.json.gz#91[m=7,idx=44]: start [0, 0, 0, 0, 0, 0, -1000000, -1000000, 0] best [0, 0, 0, 0, 0, 2, -2, -16, 2] chain profiles 0 (states 0), maxw 0, DL_RC fails 0, key form fails 0; 14600 evals [4 s]
#   unit {"file": "k4_certs_4_n4_3.json.gz", "pos": 92} k4_certs_4_n4_3.json.gz#92[m=7,idx=45]: start [0, 0, 0, 0, 0, 0, -1000000, -1000000, 0] best [0, 0, 0, 0, 0, 1, -3, -16, 2] chain profiles 0 (states 0), maxw 0, DL_RC fails 0, key form fails 0; 14600 evals [4 s]
#   unit {"file": "k4_certs_4_n4_3.json.gz", "pos": 93} k4_certs_4_n4_3.json.gz#93[m=7,idx=46]: start [0, 0, 0, 0, 0, 0, -1000000, -1000000, 0] best [0, 0, 0, 0, 0, 1, -3, -14, 2] chain profiles 0 (states 0), maxw 0, DL_RC fails 0, key form fails 0; 14600 evals [4 s]
#   unit {"file": "k4_certs_4_n4_3.json.gz", "pos": 94} k4_certs_4_n4_3.json.gz#94[m=7,idx=47]: start [0, 0, 0, 0, 0, 0, -1000000, -1000000, 0] best [0, 0, 0, 0, 0, 0, -1000000, -1000000, 0] chain profiles 0 (states 0), maxw 0, DL_RC fails 0, key form fails 0; 14600 evals [3 s]
#   unit {"file": "k4_certs_4_n4_3.json.gz", "pos": 95} k4_certs_4_n4_3.json.gz#95[m=7,idx=48]: start [0, 0, 0, 0, 0, 1, -3, -14, 1] best [0, 0, 0, 0, 0, 1, -3, -14, 1] chain profiles 0 (states 0), maxw 0, DL_RC fails 0, key form fails 0; 14600 evals [4 s]
#   unit {"file": "k4_certs_4_n4_3.json.gz", "pos": 96} k4_certs_4_n4_3.json.gz#96[m=7,idx=49]: start [0, 0, 0, 0, 0, 0, -1000000, -1000000, 0] best [0, 0, 0, 0, 0, 2, -1, -14, 8] chain profiles 0 (states 0), maxw 0, DL_RC fails 0, key form fails 0; 14600 evals [3 s]
#   unit {"file": "k4_certs_4_n4_3.json.gz", "pos": 97} k4_certs_4_n4_3.json.gz#97[m=7,idx=50]: start [0, 0, 0, 0, 0, 0, -1000000, -1000000, 0] best [0, 0, 0, 0, 0, 1, -2, -8, 2] chain profiles 0 (states 0), maxw 0, DL_RC fails 0, key form fails 0; 14600 evals [3 s]
#   unit {"file": "k4_certs_4_n4_3.json.gz", "pos": 98} k4_certs_4_n4_3.json.gz#98[m=7,idx=51]: start [0, 0, 0, 0, 0, 0, -1000000, -1000000, 0] best [0, 0, 0, 0, 0, 1, -2, -8, 4] chain profiles 0 (states 0), maxw 0, DL_RC fails 0, key form fails 0; 14600 evals [4 s]
#   unit {"file": "k4_certs_4_n4_3.json.gz", "pos": 99} k4_certs_4_n4_3.json.gz#99[m=7,idx=52]: start [0, 0, 0, 0, 0, 0, -1000000, -1000000, 0] best [0, 0, 0, 0, 0, 2, -1, -15, 2] chain profiles 0 (states 0), maxw 0, DL_RC fails 0, key form fails 0; 14600 evals [4 s]
#   unit {"file": "k4_certs_4_n4_3.json.gz", "pos": 100} k4_certs_4_n4_3.json.gz#100[m=7,idx=53]: start [0, 0, 0, 0, 0, 0, -1000000, -1000000, 0] best [0, 0, 0, 0, 0, 2, -2, -8, 3] chain profiles 0 (states 0), maxw 0, DL_RC fails 0, key form fails 0; 14600 evals [4 s]
#   unit {"file": "k4_certs_4_n4_3.json.gz", "pos": 101} k4_certs_4_n4_3.json.gz#101[m=7,idx=54]: start [0, 0, 0, 0, 0, 0, -1000000, -1000000, 0] best [0, 0, 0, 0, 0, 2, -1, -15, 2] chain profiles 0 (states 0), maxw 0, DL_RC fails 0, key form fails 0; 14600 evals [4 s]
#   unit {"file": "k4_certs_4_n4_3.json.gz", "pos": 102} k4_certs_4_n4_3.json.gz#102[m=7,idx=55]: start [0, 0, 0, 0, 0, 0, -1000000, -1000000, 0] best [0, 0, 0, 0, 0, 2, -2, -17, 3] chain profiles 0 (states 0), maxw 0, DL_RC fails 0, key form fails 0; 14600 evals [4 s]
#   unit {"file": "k4_certs_4_n4_3.json.gz", "pos": 103} k4_certs_4_n4_3.json.gz#103[m=7,idx=56]: start [0, 0, 0, 0, 0, 0, -1000000, -1000000, 0] best [0, 0, 0, 0, 0, 1, -2, -18, 1] chain profiles 0 (states 0), maxw 0, DL_RC fails 0, key form fails 0; 14600 evals [4 s]
#   unit {"file": "k4_certs_4_n4_3.json.gz", "pos": 104} k4_certs_4_n4_3.json.gz#104[m=7,idx=57]: start [0, 0, 0, 0, 0, 0, -1000000, -1000000, 0] best [0, 0, 0, 0, 0, 2, -2, -12, 3] chain profiles 0 (states 0), maxw 0, DL_RC fails 0, key form fails 0; 14600 evals [4 s]
#   unit {"file": "k4_certs_4_n4_3.json.gz", "pos": 105} k4_certs_4_n4_3.json.gz#105[m=7,idx=58]: start [0, 0, 0, 0, 0, 0, -1000000, -1000000, 0] best [0, 0, 0, 0, 0, 1, -3, -22, 1] chain profiles 0 (states 0), maxw 0, DL_RC fails 0, key form fails 0; 14600 evals [3 s]
#   unit {"file": "k4_certs_4_n4_3.json.gz", "pos": 107} k4_certs_4_n4_3.json.gz#107[m=7,idx=60]: start [0, 0, 0, 0, 0, 0, -1000000, -1000000, 0] best [0, 0, 0, 0, 0, 0, -1000000, -1000000, 0] chain profiles 0 (states 0), maxw 0, DL_RC fails 0, key form fails 0; 14600 evals [3 s]
#   unit {"file": "k4_certs_4_n4_3.json.gz", "pos": 106} k4_certs_4_n4_3.json.gz#106[m=7,idx=59]: start [0, 0, 0, 0, 0, 0, -1000000, -1000000, 0] best [0, 0, 0, 0, 0, 2, -2, -8, 4] chain profiles 0 (states 0), maxw 0, DL_RC fails 0, key form fails 0; 14600 evals [4 s]
#   unit {"file": "k4_certs_4_n4_3.json.gz", "pos": 108} k4_certs_4_n4_3.json.gz#108[m=7,idx=61]: start [0, 0, 0, 0, 0, 0, -1000000, -1000000, 0] best [0, 0, 0, 0, 0, 0, -1000000, -1000000, 0] chain profiles 0 (states 0), maxw 0, DL_RC fails 0, key form fails 0; 14600 evals [3 s]
#   unit {"file": "k4_certs_4_n4_3.json.gz", "pos": 109} k4_certs_4_n4_3.json.gz#109[m=7,idx=62]: start [0, 0, 0, 0, 0, 0, -1000000, -1000000, 0] best [0, 0, 0, 0, 0, 1, -2, -9, 2] chain profiles 0 (states 0), maxw 0, DL_RC fails 0, key form fails 0; 14600 evals [4 s]
#   unit {"file": "k4_certs_4_n4_3.json.gz", "pos": 110} k4_certs_4_n4_3.json.gz#110[m=7,idx=63]: start [0, 0, 0, 0, 0, 0, -1000000, -1000000, 0] best [0, 0, 0, 0, 0, 0, -1000000, -1000000, 0] chain profiles 0 (states 0), maxw 0, DL_RC fails 0, key form fails 0; 14600 evals [3 s]
#   unit {"file": "k4_certs_4_n4_3.json.gz", "pos": 111} k4_certs_4_n4_3.json.gz#111[m=7,idx=64]: start [0, 0, 0, 0, 0, 0, -1000000, -1000000, 0] best [0, 0, 0, 0, 0, 1, -1, -22, 2] chain profiles 0 (states 0), maxw 0, DL_RC fails 0, key form fails 0; 14600 evals [4 s]
#   unit {"file": "k4_certs_4_n4_3.json.gz", "pos": 112} k4_certs_4_n4_3.json.gz#112[m=7,idx=65]: start [0, 0, 0, 0, 0, 0, -1000000, -1000000, 0] best [0, 0, 0, 0, 0, 1, -2, -11, 1] chain profiles 0 (states 0), maxw 0, DL_RC fails 0, key form fails 0; 14600 evals [3 s]
#   unit {"file": "k4_certs_4_n4_3.json.gz", "pos": 113} k4_certs_4_n4_3.json.gz#113[m=7,idx=66]: start [0, 0, 0, 0, 0, 0, -1000000, -1000000, 0] best [0, 0, 0, 0, 0, 0, -1000000, -1000000, 0] chain profiles 0 (states 0), maxw 0, DL_RC fails 0, key form fails 0; 14600 evals [3 s]
#   unit {"file": "k4_certs_4_n4_3.json.gz", "pos": 115} k4_certs_4_n4_3.json.gz#115[m=7,idx=68]: start [0, 0, 0, 0, 0, 0, -1000000, -1000000, 0] best [0, 0, 0, 0, 0, 0, -1000000, -1000000, 0] chain profiles 0 (states 0), maxw 0, DL_RC fails 0, key form fails 0; 14600 evals [3 s]
#   unit {"file": "k4_certs_4_n4_3.json.gz", "pos": 114} k4_certs_4_n4_3.json.gz#114[m=7,idx=67]: start [0, 0, 0, 0, 0, 0, -1000000, -1000000, 0] best [0, 0, 0, 0, 0, 1, -2, -17, 1] chain profiles 0 (states 0), maxw 0, DL_RC fails 0, key form fails 0; 14600 evals [4 s]
#   unit {"file": "k4_certs_4_n4_3.json.gz", "pos": 116} k4_certs_4_n4_3.json.gz#116[m=7,idx=69]: start [0, 0, 0, 0, 0, 0, -1000000, -1000000, 0] best [0, 0, 0, 0, 0, 0, -1000000, -1000000, 0] chain profiles 0 (states 0), maxw 0, DL_RC fails 0, key form fails 0; 14600 evals [3 s]
#   unit {"file": "k4_certs_4_n4_3.json.gz", "pos": 117} k4_certs_4_n4_3.json.gz#117[m=7,idx=70]: start [0, 0, 0, 0, 0, 0, -1000000, -1000000, 0] best [0, 0, 0, 0, 0, 0, -1000000, -1000000, 0] chain profiles 0 (states 0), maxw 0, DL_RC fails 0, key form fails 0; 14600 evals [4 s]
#   unit {"file": "k4_certs_4_n4_3.json.gz", "pos": 118} k4_certs_4_n4_3.json.gz#118[m=7,idx=71]: start [0, 0, 0, 0, 0, 0, -1000000, -1000000, 0] best [0, 0, 0, 0, 0, 0, -1000000, -1000000, 0] chain profiles 0 (states 0), maxw 0, DL_RC fails 0, key form fails 0; 14600 evals [3 s]
#   unit {"file": "k4_certs_4_n4_3.json.gz", "pos": 119} k4_certs_4_n4_3.json.gz#119[m=7,idx=72]: start [0, 0, 0, 0, 0, 0, -1000000, -1000000, 0] best [0, 0, 0, 0, 0, 1, -2, -16, 1] chain profiles 0 (states 0), maxw 0, DL_RC fails 0, key form fails 0; 14600 evals [3 s]
#   unit {"file": "k4_certs_4_n4_3.json.gz", "pos": 120} k4_certs_4_n4_3.json.gz#120[m=7,idx=73]: start [0, 0, 0, 0, 0, 0, -1000000, -1000000, 0] best [0, 0, 0, 0, 0, 0, -1000000, -1000000, 0] chain profiles 0 (states 0), maxw 0, DL_RC fails 0, key form fails 0; 14600 evals [3 s]
#   unit {"file": "k4_certs_4_n4_3.json.gz", "pos": 121} k4_certs_4_n4_3.json.gz#121[m=7,idx=74]: start [0, 0, 0, 0, 0, 0, -1000000, -1000000, 0] best [0, 0, 0, 0, 0, 0, -1000000, -1000000, 0] chain profiles 0 (states 0), maxw 0, DL_RC fails 0, key form fails 0; 14600 evals [3 s]
#   unit {"file": "k4_certs_4_n4_3.json.gz", "pos": 122} k4_certs_4_n4_3.json.gz#122[m=7,idx=75]: start [0, 0, 0, 0, 0, 0, -1000000, -1000000, 0] best [0, 0, 0, 0, 0, 0, -1000000, -1000000, 0] chain profiles 0 (states 0), maxw 0, DL_RC fails 0, key form fails 0; 14600 evals [3 s]
#   unit {"file": "k4_certs_4_n4_3.json.gz", "pos": 123} k4_certs_4_n4_3.json.gz#123[m=7,idx=76]: start [0, 0, 0, 0, 0, 0, -1000000, -1000000, 0] best [0, 0, 0, 0, 0, 2, -2, -11, 4] chain profiles 0 (states 0), maxw 0, DL_RC fails 0, key form fails 0; 14600 evals [4 s]
#   unit {"file": "k4_certs_4_n4_3.json.gz", "pos": 124} k4_certs_4_n4_3.json.gz#124[m=7,idx=77]: start [0, 0, 0, 0, 0, 0, -1000000, -1000000, 0] best [0, 0, 0, 0, 0, 2, -1, -12, 2] chain profiles 0 (states 0), maxw 0, DL_RC fails 0, key form fails 0; 14600 evals [3 s]
#   unit {"file": "k4_certs_4_n4_3.json.gz", "pos": 125} k4_certs_4_n4_3.json.gz#125[m=7,idx=78]: start [0, 0, 0, 0, 0, 0, -1000000, -1000000, 0] best [0, 0, 0, 0, 0, 1, -2, -16, 1] chain profiles 0 (states 0), maxw 0, DL_RC fails 0, key form fails 0; 14600 evals [3 s]
#   unit {"file": "k4_certs_4_n4_3.json.gz", "pos": 126} k4_certs_4_n4_3.json.gz#126[m=7,idx=79]: start [0, 0, 0, 0, 0, 0, -1000000, -1000000, 0] best [0, 0, 0, 0, 0, 1, -2, -15, 1] chain profiles 0 (states 0), maxw 0, DL_RC fails 0, key form fails 0; 14600 evals [4 s]
#   unit {"file": "k4_certs_4_n4_3.json.gz", "pos": 127} k4_certs_4_n4_3.json.gz#127[m=7,idx=80]: start [0, 0, 0, 0, 0, 0, -1000000, -1000000, 0] best [0, 0, 0, 0, 0, 0, -1000000, -1000000, 0] chain profiles 0 (states 0), maxw 0, DL_RC fails 0, key form fails 0; 14600 evals [3 s]
#   unit {"file": "k4_certs_4_n4_3.json.gz", "pos": 128} k4_certs_4_n4_3.json.gz#128[m=7,idx=81]: start [0, 0, 0, 0, 0, 0, -1000000, -1000000, 0] best [0, 0, 0, 0, 0, 2, -2, -11, 4] chain profiles 0 (states 0), maxw 0, DL_RC fails 0, key form fails 0; 14600 evals [4 s]
#   unit {"file": "k4_certs_4_n4_3.json.gz", "pos": 129} k4_certs_4_n4_3.json.gz#129[m=7,idx=82]: start [0, 0, 0, 0, 0, 0, -1000000, -1000000, 0] best [0, 0, 0, 0, 0, 1, -2, -11, 1] chain profiles 0 (states 0), maxw 0, DL_RC fails 0, key form fails 0; 14600 evals [4 s]
#   unit {"file": "k4_certs_4_n4_3.json.gz", "pos": 131} k4_certs_4_n4_3.json.gz#131[m=7,idx=84]: start [0, 0, 0, 0, 0, 0, -1000000, -1000000, 0] best [0, 0, 0, 0, 0, 0, -1000000, -1000000, 0] chain profiles 0 (states 0), maxw 0, DL_RC fails 0, key form fails 0; 14600 evals [3 s]
#   unit {"file": "k4_certs_4_n4_3.json.gz", "pos": 130} k4_certs_4_n4_3.json.gz#130[m=7,idx=83]: start [0, 0, 0, 0, 0, 0, -1000000, -1000000, 0] best [0, 0, 0, 0, 0, 0, -1000000, -1000000, 0] chain profiles 0 (states 0), maxw 0, DL_RC fails 0, key form fails 0; 14600 evals [3 s]
#   unit {"file": "k4_certs_4_n4_3.json.gz", "pos": 132} k4_certs_4_n4_3.json.gz#132[m=7,idx=85]: start [0, 0, 0, 0, 0, 0, -1000000, -1000000, 0] best [0, 0, 0, 0, 0, 1, -2, -16, 1] chain profiles 0 (states 0), maxw 0, DL_RC fails 0, key form fails 0; 14600 evals [3 s]
#   unit {"file": "k4_certs_4_n4_3.json.gz", "pos": 133} k4_certs_4_n4_3.json.gz#133[m=7,idx=86]: start [0, 0, 0, 0, 0, 0, -1000000, -1000000, 0] best [0, 0, 0, 0, 0, 0, -1000000, -1000000, 0] chain profiles 0 (states 0), maxw 0, DL_RC fails 0, key form fails 0; 14600 evals [3 s]
#   unit {"file": "k4_certs_4_n4_3.json.gz", "pos": 135} k4_certs_4_n4_3.json.gz#135[m=7,idx=88]: start [0, 0, 0, 0, 0, 0, -1000000, -1000000, 0] best [0, 0, 0, 0, 0, 0, -1000000, -1000000, 0] chain profiles 0 (states 0), maxw 0, DL_RC fails 0, key form fails 0; 14600 evals [3 s]
#   unit {"file": "k4_certs_4_n4_3.json.gz", "pos": 134} k4_certs_4_n4_3.json.gz#134[m=7,idx=87]: start [0, 0, 0, 0, 0, 0, -1000000, -1000000, 0] best [0, 0, 0, 0, 0, 0, -1000000, -1000000, 0] chain profiles 0 (states 0), maxw 0, DL_RC fails 0, key form fails 0; 14600 evals [3 s]
#   unit {"file": "k4_certs_4_n4_3.json.gz", "pos": 136} k4_certs_4_n4_3.json.gz#136[m=7,idx=89]: start [0, 0, 0, 0, 0, 0, -1000000, -1000000, 0] best [0, 0, 0, 0, 0, 1, -3, -19, 1] chain profiles 0 (states 0), maxw 0, DL_RC fails 0, key form fails 0; 14600 evals [4 s]
#   unit {"file": "k4_certs_4_n4_3.json.gz", "pos": 137} k4_certs_4_n4_3.json.gz#137[m=8,idx=0]: start [0, 0, 0, 0, 0, 0, -1000000, -1000000, 0] best [0, 0, 0, 0, 0, 1, -3, -8, 4] chain profiles 0 (states 0), maxw 0, DL_RC fails 0, key form fails 0; 14600 evals [4 s]
#   unit {"file": "k4_certs_4_n4_3.json.gz", "pos": 139} k4_certs_4_n4_3.json.gz#139[m=8,idx=2]: start [0, 0, 0, 0, 0, 0, -1000000, -1000000, 0] best [0, 0, 0, 0, 0, 1, -2, -9, 1] chain profiles 0 (states 0), maxw 0, DL_RC fails 0, key form fails 0; 14600 evals [4 s]
#   unit {"file": "k4_certs_4_n4_3.json.gz", "pos": 138} k4_certs_4_n4_3.json.gz#138[m=8,idx=1]: start [0, 0, 0, 0, 0, 1, -3, -22, 1] best [0, 0, 0, 0, 0, 2, -2, -16, 3] chain profiles 0 (states 0), maxw 0, DL_RC fails 0, key form fails 0; 14600 evals [5 s]
#   unit {"file": "k4_certs_4_n4_3.json.gz", "pos": 140} k4_certs_4_n4_3.json.gz#140[m=8,idx=3]: start [0, 0, 0, 0, 0, 0, -1000000, -1000000, 0] best [0, 0, 0, 0, 0, 1, -2, -13, 1] chain profiles 0 (states 0), maxw 0, DL_RC fails 0, key form fails 0; 14600 evals [4 s]
#   unit {"file": "k4_certs_4_n4_3.json.gz", "pos": 141} k4_certs_4_n4_3.json.gz#141[m=8,idx=4]: start [0, 0, 0, 0, 0, 0, -1000000, -1000000, 0] best [0, 0, 0, 0, 0, 1, -2, -27, 2] chain profiles 0 (states 0), maxw 0, DL_RC fails 0, key form fails 0; 14600 evals [5 s]
#   unit {"file": "k4_certs_4_n4_3.json.gz", "pos": 142} k4_certs_4_n4_3.json.gz#142[m=8,idx=5]: start [0, 0, 0, 0, 0, 1, -2, -15, 1] best [0, 0, 0, 0, 0, 1, -2, -11, 1] chain profiles 0 (states 0), maxw 0, DL_RC fails 0, key form fails 0; 14600 evals [4 s]
#   unit {"file": "k4_certs_4_n4_3.json.gz", "pos": 143} k4_certs_4_n4_3.json.gz#143[m=8,idx=6]: start [0, 0, 0, 0, 0, 0, -1000000, -1000000, 0] best [0, 0, 0, 0, 0, 2, -2, -5, 5] chain profiles 0 (states 0), maxw 0, DL_RC fails 0, key form fails 0; 14600 evals [4 s]
#   unit {"file": "k4_certs_4_n4_3.json.gz", "pos": 144} k4_certs_4_n4_3.json.gz#144[m=8,idx=7]: start [0, 0, 0, 0, 0, 1, -2, -24, 2] best [0, 0, 0, 0, 0, 2, -2, -17, 4] chain profiles 0 (states 0), maxw 0, DL_RC fails 0, key form fails 0; 14600 evals [4 s]
#   unit {"file": "k4_certs_4_n4_3.json.gz", "pos": 145} k4_certs_4_n4_3.json.gz#145[m=8,idx=8]: start [0, 0, 0, 0, 0, 1, -2, -11, 1] best [0, 0, 0, 0, 0, 2, -2, -8, 3] chain profiles 0 (states 0), maxw 0, DL_RC fails 0, key form fails 0; 14600 evals [4 s]
#   unit {"file": "k4_certs_4_n4_3.json.gz", "pos": 146} k4_certs_4_n4_3.json.gz#146[m=8,idx=9]: start [0, 0, 0, 0, 0, 1, -2, -18, 1] best [0, 0, 0, 0, 0, 1, -2, -15, 1] chain profiles 0 (states 0), maxw 0, DL_RC fails 0, key form fails 0; 14600 evals [4 s]
#   unit {"file": "k4_certs_4_n4_3.json.gz", "pos": 147} k4_certs_4_n4_3.json.gz#147[m=8,idx=10]: start [0, 0, 0, 0, 0, 1, -2, -16, 2] best [0, 0, 0, 0, 0, 1, -2, -11, 2] chain profiles 0 (states 0), maxw 0, DL_RC fails 0, key form fails 0; 14600 evals [4 s]
#   unit {"file": "k4_certs_4_n4_3.json.gz", "pos": 148} k4_certs_4_n4_3.json.gz#148[m=8,idx=11]: start [0, 0, 0, 0, 0, 1, -2, -10, 3] best [0, 0, 0, 0, 0, 1, -2, -10, 5] chain profiles 0 (states 0), maxw 0, DL_RC fails 0, key form fails 0; 14600 evals [4 s]
#   unit {"file": "k4_certs_4_n4_3.json.gz", "pos": 150} k4_certs_4_n4_3.json.gz#150[m=8,idx=13]: start [0, 0, 0, 0, 0, 1, -2, -13, 1] best [0, 0, 0, 0, 0, 2, -2, -9, 2] chain profiles 0 (states 0), maxw 0, DL_RC fails 0, key form fails 0; 14600 evals [4 s]
#   unit {"file": "k4_certs_4_n4_3.json.gz", "pos": 151} k4_certs_4_n4_3.json.gz#151[m=8,idx=14]: start [0, 0, 0, 0, 0, 1, -2, -12, 2] best [0, 0, 0, 0, 0, 1, -2, -11, 2] chain profiles 0 (states 0), maxw 0, DL_RC fails 0, key form fails 0; 14600 evals [4 s]
#   unit {"file": "k4_certs_4_n4_3.json.gz", "pos": 149} k4_certs_4_n4_3.json.gz#149[m=8,idx=12]: start [0, 0, 0, 0, 0, 0, -1000000, -1000000, 0] best [0, 0, 0, 0, 0, 1, -2, -19, 1] chain profiles 0 (states 0), maxw 0, DL_RC fails 0, key form fails 0; 14600 evals [4 s]
#   unit {"file": "k4_certs_4_n4_3.json.gz", "pos": 152} k4_certs_4_n4_3.json.gz#152[m=8,idx=15]: start [0, 0, 0, 0, 0, 2, -2, -16, 3] best [0, 0, 0, 0, 0, 2, -2, -9, 2] chain profiles 0 (states 0), maxw 0, DL_RC fails 0, key form fails 0; 14600 evals [4 s]
#   unit {"file": "k4_certs_4_n4_3.json.gz", "pos": 153} k4_certs_4_n4_3.json.gz#153[m=8,idx=16]: start [0, 0, 0, 0, 0, 0, -1000000, -1000000, 0] best [0, 0, 0, 0, 0, 1, -2, -10, 1] chain profiles 0 (states 0), maxw 0, DL_RC fails 0, key form fails 0; 14600 evals [4 s]
#   unit {"file": "k4_certs_4_n4_3.json.gz", "pos": 155} k4_certs_4_n4_3.json.gz#155[m=8,idx=18]: start [0, 0, 0, 0, 0, 0, -1000000, -1000000, 0] best [0, 0, 0, 0, 0, 1, -2, -17, 2] chain profiles 0 (states 0), maxw 0, DL_RC fails 0, key form fails 0; 14600 evals [4 s]
#   unit {"file": "k4_certs_4_n4_3.json.gz", "pos": 154} k4_certs_4_n4_3.json.gz#154[m=8,idx=17]: start [0, 0, 0, 0, 0, 1, -2, -23, 2] best [0, 0, 0, 0, 0, 1, -2, -15, 3] chain profiles 0 (states 0), maxw 0, DL_RC fails 0, key form fails 0; 14600 evals [4 s]
#   unit {"file": "k4_certs_4_n4_3.json.gz", "pos": 156} k4_certs_4_n4_3.json.gz#156[m=8,idx=19]: start [0, 0, 0, 0, 0, 1, -2, -24, 1] best [0, 0, 0, 0, 0, 2, -2, -9, 3] chain profiles 0 (states 0), maxw 0, DL_RC fails 0, key form fails 0; 14600 evals [4 s]
#   unit {"file": "k4_certs_4_n4_3.json.gz", "pos": 157} k4_certs_4_n4_3.json.gz#157[m=8,idx=20]: start [0, 0, 0, 0, 0, 0, -1000000, -1000000, 0] best [0, 0, 0, 0, 0, 2, -2, -11, 9] chain profiles 0 (states 0), maxw 0, DL_RC fails 0, key form fails 0; 14600 evals [4 s]
#   unit {"file": "k4_certs_4_n4_3.json.gz", "pos": 159} k4_certs_4_n4_3.json.gz#159[m=8,idx=22]: start [0, 0, 0, 0, 0, 0, -1000000, -1000000, 0] best [0, 0, 0, 0, 0, 2, -2, -10, 5] chain profiles 0 (states 0), maxw 0, DL_RC fails 0, key form fails 0; 14600 evals [4 s]
#   unit {"file": "k4_certs_4_n4_3.json.gz", "pos": 158} k4_certs_4_n4_3.json.gz#158[m=8,idx=21]: start [0, 0, 0, 0, 0, 0, -1000000, -1000000, 0] best [0, 0, 0, 0, 0, 2, -2, -10, 9] chain profiles 0 (states 0), maxw 0, DL_RC fails 0, key form fails 0; 14600 evals [4 s]
#   unit {"file": "k4_certs_4_n4_3.json.gz", "pos": 160} k4_certs_4_n4_3.json.gz#160[m=8,idx=23]: start [0, 0, 0, 0, 0, 0, -1000000, -1000000, 0] best [0, 0, 0, 0, 0, 1, -2, -23, 1] chain profiles 0 (states 0), maxw 0, DL_RC fails 0, key form fails 0; 14600 evals [4 s]
#   unit {"file": "k4_certs_4_n4_3.json.gz", "pos": 161} k4_certs_4_n4_3.json.gz#161[m=8,idx=24]: start [0, 0, 0, 0, 0, 0, -1000000, -1000000, 0] best [0, 0, 0, 0, 0, 1, -2, -14, 1] chain profiles 0 (states 0), maxw 0, DL_RC fails 0, key form fails 0; 14600 evals [4 s]
#   unit {"file": "k4_certs_4_n4_3.json.gz", "pos": 162} k4_certs_4_n4_3.json.gz#162[m=8,idx=25]: start [0, 0, 0, 0, 0, 2, -2, -11, 4] best [0, 0, 0, 0, 0, 2, -2, -8, 8] chain profiles 0 (states 0), maxw 0, DL_RC fails 0, key form fails 0; 14600 evals [4 s]
#   unit {"file": "k4_certs_4_n4_3.json.gz", "pos": 163} k4_certs_4_n4_3.json.gz#163[m=8,idx=26]: start [0, 0, 0, 0, 0, 0, -1000000, -1000000, 0] best [0, 0, 0, 0, 0, 1, -1, -23, 1] chain profiles 0 (states 0), maxw 0, DL_RC fails 0, key form fails 0; 14600 evals [4 s]
#   unit {"file": "k4_certs_4_n4_3.json.gz", "pos": 164} k4_certs_4_n4_3.json.gz#164[m=8,idx=27]: start [0, 0, 0, 0, 0, 0, -1000000, -1000000, 0] best [0, 0, 0, 0, 0, 2, -2, -10, 7] chain profiles 0 (states 0), maxw 0, DL_RC fails 0, key form fails 0; 14600 evals [4 s]
#   unit {"file": "k4_certs_4_n4_3.json.gz", "pos": 165} k4_certs_4_n4_3.json.gz#165[m=8,idx=28]: start [0, 0, 0, 0, 0, 1, -2, -19, 1] best [0, 0, 0, 0, 0, 2, -2, -9, 7] chain profiles 0 (states 0), maxw 0, DL_RC fails 0, key form fails 0; 14600 evals [4 s]
#   unit {"file": "k4_certs_4_n4_3.json.gz", "pos": 167} k4_certs_4_n4_3.json.gz#167[m=8,idx=30]: start [0, 0, 0, 0, 0, 1, -2, -22, 1] best [0, 0, 0, 0, 0, 1, -2, -19, 1] chain profiles 0 (states 0), maxw 0, DL_RC fails 0, key form fails 0; 14600 evals [4 s]
#   unit {"file": "k4_certs_4_n4_3.json.gz", "pos": 166} k4_certs_4_n4_3.json.gz#166[m=8,idx=29]: start [0, 0, 0, 0, 0, 0, -1000000, -1000000, 0] best [0, 0, 0, 0, 0, 2, -2, -24, 1] chain profiles 0 (states 0), maxw 0, DL_RC fails 0, key form fails 0; 14600 evals [4 s]
#   unit {"file": "k4_certs_4_n4_3.json.gz", "pos": 168} k4_certs_4_n4_3.json.gz#168[m=8,idx=31]: start [0, 0, 0, 0, 0, 1, -2, -22, 2] best [0, 0, 0, 0, 0, 1, -2, -22, 2] chain profiles 0 (states 0), maxw 0, DL_RC fails 0, key form fails 0; 14600 evals [4 s]
#   unit {"file": "k4_certs_4_n4_3.json.gz", "pos": 169} k4_certs_4_n4_3.json.gz#169[m=8,idx=32]: start [0, 0, 0, 0, 0, 0, -1000000, -1000000, 0] best [0, 0, 0, 0, 0, 1, -2, -8, 5] chain profiles 0 (states 0), maxw 0, DL_RC fails 0, key form fails 0; 14600 evals [4 s]
#   unit {"file": "k4_certs_4_n4_3.json.gz", "pos": 171} k4_certs_4_n4_3.json.gz#171[m=8,idx=34]: start [0, 0, 0, 0, 0, 0, -1000000, -1000000, 0] best [0, 0, 0, 0, 0, 1, -1, -20, 1] chain profiles 0 (states 0), maxw 0, DL_RC fails 0, key form fails 0; 14600 evals [4 s]
#   unit {"file": "k4_certs_4_n4_3.json.gz", "pos": 170} k4_certs_4_n4_3.json.gz#170[m=8,idx=33]: start [0, 0, 0, 0, 0, 2, -2, -22, 2] best [0, 0, 0, 0, 0, 2, -2, -15, 2] chain profiles 0 (states 0), maxw 0, DL_RC fails 0, key form fails 0; 14600 evals [4 s]
#   unit {"file": "k4_certs_4_n4_3.json.gz", "pos": 172} k4_certs_4_n4_3.json.gz#172[m=8,idx=35]: start [0, 0, 0, 0, 0, 0, -1000000, -1000000, 0] best [0, 0, 0, 0, 0, 0, -1000000, -1000000, 0] chain profiles 0 (states 0), maxw 0, DL_RC fails 0, key form fails 0; 14600 evals [4 s]
#   unit {"file": "k4_certs_4_n4_3.json.gz", "pos": 173} k4_certs_4_n4_3.json.gz#173[m=8,idx=36]: start [0, 0, 0, 0, 0, 0, -1000000, -1000000, 0] best [0, 0, 0, 0, 0, 1, -2, -19, 2] chain profiles 0 (states 0), maxw 0, DL_RC fails 0, key form fails 0; 14600 evals [4 s]
#   unit {"file": "k4_certs_4_n4_3.json.gz", "pos": 174} k4_certs_4_n4_3.json.gz#174[m=8,idx=37]: start [0, 0, 0, 0, 0, 1, -3, -11, 1] best [0, 0, 0, 0, 0, 2, -1, -12, 4] chain profiles 0 (states 0), maxw 0, DL_RC fails 0, key form fails 0; 14600 evals [4 s]
#   unit {"file": "k4_certs_4_n4_3.json.gz", "pos": 175} k4_certs_4_n4_3.json.gz#175[m=8,idx=38]: start [0, 0, 0, 0, 0, 0, -1000000, -1000000, 0] best [0, 0, 0, 0, 0, 1, -2, -24, 1] chain profiles 0 (states 0), maxw 0, DL_RC fails 0, key form fails 0; 14600 evals [4 s]
#   unit {"file": "k4_certs_4_n4_3.json.gz", "pos": 176} k4_certs_4_n4_3.json.gz#176[m=8,idx=39]: start [0, 0, 0, 0, 0, 0, -1000000, -1000000, 0] best [0, 0, 0, 0, 0, 1, -2, -10, 1] chain profiles 0 (states 0), maxw 0, DL_RC fails 0, key form fails 0; 14600 evals [4 s]
#   unit {"file": "k4_certs_4_n4_3.json.gz", "pos": 177} k4_certs_4_n4_3.json.gz#177[m=8,idx=40]: start [0, 0, 0, 0, 0, 0, -1000000, -1000000, 0] best [0, 0, 0, 0, 0, 1, -2, -17, 1] chain profiles 0 (states 0), maxw 0, DL_RC fails 0, key form fails 0; 14600 evals [4 s]
#   unit {"file": "k4_certs_4_n4_3.json.gz", "pos": 178} k4_certs_4_n4_3.json.gz#178[m=8,idx=41]: start [0, 0, 0, 0, 0, 1, -2, -18, 1] best [0, 0, 0, 0, 0, 1, -2, -7, 1] chain profiles 0 (states 0), maxw 0, DL_RC fails 0, key form fails 0; 14600 evals [4 s]
#   unit {"file": "k4_certs_4_n4_3.json.gz", "pos": 179} k4_certs_4_n4_3.json.gz#179[m=8,idx=42]: start [0, 0, 0, 0, 0, 0, -1000000, -1000000, 0] best [0, 0, 0, 0, 0, 1, -2, -12, 2] chain profiles 0 (states 0), maxw 0, DL_RC fails 0, key form fails 0; 14600 evals [4 s]
#   unit {"file": "k4_certs_4_n4_3.json.gz", "pos": 180} k4_certs_4_n4_3.json.gz#180[m=8,idx=43]: start [0, 0, 0, 0, 0, 0, -1000000, -1000000, 0] best [0, 0, 0, 0, 0, 1, -2, -12, 1] chain profiles 0 (states 0), maxw 0, DL_RC fails 0, key form fails 0; 14600 evals [4 s]
#   unit {"file": "k4_certs_4_n4_3.json.gz", "pos": 181} k4_certs_4_n4_3.json.gz#181[m=8,idx=44]: start [0, 0, 0, 0, 0, 0, -1000000, -1000000, 0] best [0, 0, 0, 0, 0, 1, -2, -11, 1] chain profiles 0 (states 0), maxw 0, DL_RC fails 0, key form fails 0; 14600 evals [4 s]
#   unit {"file": "k4_certs_4_n4_3.json.gz", "pos": 182} k4_certs_4_n4_3.json.gz#182[m=8,idx=45]: start [0, 0, 0, 0, 0, 1, -2, -37, 1] best [0, 0, 0, 0, 0, 1, -2, -11, 1] chain profiles 0 (states 0), maxw 0, DL_RC fails 0, key form fails 0; 14600 evals [4 s]
#   unit {"file": "k4_certs_4_n4_3.json.gz", "pos": 183} k4_certs_4_n4_3.json.gz#183[m=8,idx=46]: start [0, 0, 0, 0, 0, 0, -1000000, -1000000, 0] best [0, 0, 0, 0, 0, 1, -2, -18, 2] chain profiles 0 (states 0), maxw 0, DL_RC fails 0, key form fails 0; 14600 evals [4 s]
#   unit {"file": "k4_certs_4_n4_3.json.gz", "pos": 184} k4_certs_4_n4_3.json.gz#184[m=8,idx=47]: start [0, 0, 0, 0, 0, 0, -1000000, -1000000, 0] best [0, 0, 0, 0, 0, 1, -2, -23, 1] chain profiles 0 (states 0), maxw 0, DL_RC fails 0, key form fails 0; 14600 evals [4 s]
#   unit {"file": "k4_certs_4_n4_3.json.gz", "pos": 185} k4_certs_4_n4_3.json.gz#185[m=8,idx=48]: start [0, 0, 0, 0, 0, 0, -1000000, -1000000, 0] best [0, 0, 0, 0, 0, 1, -3, -8, 1] chain profiles 0 (states 0), maxw 0, DL_RC fails 0, key form fails 0; 14600 evals [4 s]
#   unit {"file": "k4_certs_4_n4_3.json.gz", "pos": 186} k4_certs_4_n4_3.json.gz#186[m=8,idx=49]: start [0, 0, 0, 0, 0, 0, -1000000, -1000000, 0] best [0, 0, 0, 0, 0, 1, -2, -16, 1] chain profiles 0 (states 0), maxw 0, DL_RC fails 0, key form fails 0; 14600 evals [4 s]
#   unit {"file": "k4_certs_4_n4_3.json.gz", "pos": 187} k4_certs_4_n4_3.json.gz#187[m=8,idx=50]: start [0, 0, 0, 0, 0, 0, -1000000, -1000000, 0] best [0, 0, 0, 0, 0, 1, -2, -12, 2] chain profiles 0 (states 0), maxw 0, DL_RC fails 0, key form fails 0; 14600 evals [4 s]
#   unit {"file": "k4_certs_4_n4_3.json.gz", "pos": 188} k4_certs_4_n4_3.json.gz#188[m=8,idx=51]: start [0, 0, 0, 0, 0, 0, -1000000, -1000000, 0] best [0, 0, 0, 0, 0, 1, -2, -14, 4] chain profiles 0 (states 0), maxw 0, DL_RC fails 0, key form fails 0; 14600 evals [4 s]
#   unit {"file": "k4_certs_4_n4_3.json.gz", "pos": 189} k4_certs_4_n4_3.json.gz#189[m=8,idx=52]: start [0, 0, 0, 0, 0, 0, -1000000, -1000000, 0] best [0, 0, 0, 0, 0, 1, -2, -10, 1] chain profiles 0 (states 0), maxw 0, DL_RC fails 0, key form fails 0; 14600 evals [4 s]
#   unit {"file": "k4_certs_4_n4_3.json.gz", "pos": 190} k4_certs_4_n4_3.json.gz#190[m=8,idx=53]: start [0, 0, 0, 0, 0, 0, -1000000, -1000000, 0] best [0, 0, 0, 0, 0, 1, -2, -17, 2] chain profiles 0 (states 0), maxw 0, DL_RC fails 0, key form fails 0; 14600 evals [4 s]
#   unit {"file": "k4_certs_4_n4_3.json.gz", "pos": 191} k4_certs_4_n4_3.json.gz#191[m=8,idx=54]: start [0, 0, 0, 0, 0, 1, -2, -15, 1] best [0, 0, 0, 0, 0, 2, -2, -10, 7] chain profiles 0 (states 0), maxw 0, DL_RC fails 0, key form fails 0; 14600 evals [4 s]
#   unit {"file": "k4_certs_4_n4_3.json.gz", "pos": 192} k4_certs_4_n4_3.json.gz#192[m=8,idx=55]: start [0, 0, 0, 0, 0, 0, -1000000, -1000000, 0] best [0, 0, 0, 0, 0, 1, -3, -8, 2] chain profiles 0 (states 0), maxw 0, DL_RC fails 0, key form fails 0; 14600 evals [4 s]
#   unit {"file": "k4_certs_4_n4_3.json.gz", "pos": 193} k4_certs_4_n4_3.json.gz#193[m=8,idx=56]: start [0, 0, 0, 0, 0, 0, -1000000, -1000000, 0] best [0, 0, 0, 0, 0, 2, -2, -5, 2] chain profiles 0 (states 0), maxw 0, DL_RC fails 0, key form fails 0; 14600 evals [4 s]
#   unit {"file": "k4_certs_4_n4_3.json.gz", "pos": 195} k4_certs_4_n4_3.json.gz#195[m=8,idx=58]: start [0, 0, 0, 0, 0, 0, -1000000, -1000000, 0] best [0, 0, 0, 0, 0, 0, -1000000, -1000000, 0] chain profiles 0 (states 0), maxw 0, DL_RC fails 0, key form fails 0; 14600 evals [4 s]
#   unit {"file": "k4_certs_4_n4_3.json.gz", "pos": 194} k4_certs_4_n4_3.json.gz#194[m=8,idx=57]: start [0, 0, 0, 0, 0, 0, -1000000, -1000000, 0] best [0, 0, 0, 0, 0, 2, -1, -11, 7] chain profiles 0 (states 0), maxw 0, DL_RC fails 0, key form fails 0; 14600 evals [4 s]
#   unit {"file": "k4_certs_4_n4_3.json.gz", "pos": 196} k4_certs_4_n4_3.json.gz#196[m=8,idx=59]: start [0, 0, 0, 0, 0, 0, -1000000, -1000000, 0] best [0, 0, 0, 0, 0, 2, -2, -10, 8] chain profiles 0 (states 0), maxw 0, DL_RC fails 0, key form fails 0; 14600 evals [4 s]
#   unit {"file": "k4_certs_4_n4_3.json.gz", "pos": 197} k4_certs_4_n4_3.json.gz#197[m=8,idx=60]: start [0, 0, 0, 0, 0, 0, -1000000, -1000000, 0] best [0, 0, 0, 0, 0, 0, -1000000, -1000000, 0] chain profiles 0 (states 0), maxw 0, DL_RC fails 0, key form fails 0; 14600 evals [4 s]
#   unit {"file": "k4_certs_4_n4_3.json.gz", "pos": 198} k4_certs_4_n4_3.json.gz#198[m=8,idx=61]: start [0, 0, 0, 0, 0, 0, -1000000, -1000000, 0] best [0, 0, 0, 0, 0, 1, -2, -11, 2] chain profiles 0 (states 0), maxw 0, DL_RC fails 0, key form fails 0; 14600 evals [4 s]
#   unit {"file": "k4_certs_4_n4_3.json.gz", "pos": 199} k4_certs_4_n4_3.json.gz#199[m=8,idx=62]: start [0, 0, 0, 0, 0, 0, -1000000, -1000000, 0] best [0, 0, 0, 0, 0, 1, -2, -14, 3] chain profiles 0 (states 0), maxw 0, DL_RC fails 0, key form fails 0; 14600 evals [4 s]
#   unit {"file": "k4_certs_4_n4_3.json.gz", "pos": 200} k4_certs_4_n4_3.json.gz#200[m=8,idx=63]: start [0, 0, 0, 0, 0, 1, -3, -7, 1] best [0, 0, 0, 0, 0, 2, -2, -17, 3] chain profiles 0 (states 0), maxw 0, DL_RC fails 0, key form fails 0; 14600 evals [4 s]
#   unit {"file": "k4_certs_4_n4_3.json.gz", "pos": 201} k4_certs_4_n4_3.json.gz#201[m=8,idx=64]: start [0, 0, 0, 0, 0, 0, -1000000, -1000000, 0] best [0, 0, 0, 0, 0, 2, -2, -13, 5] chain profiles 0 (states 0), maxw 0, DL_RC fails 0, key form fails 0; 14600 evals [4 s]
#   unit {"file": "k4_certs_4_n4_3.json.gz", "pos": 202} k4_certs_4_n4_3.json.gz#202[m=8,idx=65]: start [0, 0, 0, 0, 0, 0, -1000000, -1000000, 0] best [0, 0, 0, 0, 0, 1, -2, -7, 2] chain profiles 0 (states 0), maxw 0, DL_RC fails 0, key form fails 0; 14600 evals [4 s]
#   unit {"file": "k4_certs_4_n4_3.json.gz", "pos": 203} k4_certs_4_n4_3.json.gz#203[m=8,idx=66]: start [0, 0, 0, 0, 0, 0, -1000000, -1000000, 0] best [0, 0, 0, 0, 0, 1, -3, -9, 1] chain profiles 0 (states 0), maxw 0, DL_RC fails 0, key form fails 0; 14600 evals [4 s]
#   unit {"file": "k4_certs_4_n4_3.json.gz", "pos": 204} k4_certs_4_n4_3.json.gz#204[m=8,idx=67]: start [0, 0, 0, 0, 0, 0, -1000000, -1000000, 0] best [0, 0, 0, 0, 0, 1, -2, -12, 2] chain profiles 0 (states 0), maxw 0, DL_RC fails 0, key form fails 0; 14600 evals [4 s]
#   unit {"file": "k4_certs_4_n4_3.json.gz", "pos": 205} k4_certs_4_n4_3.json.gz#205[m=8,idx=68]: start [0, 0, 0, 0, 0, 0, -1000000, -1000000, 0] best [0, 0, 0, 0, 0, 1, -2, -20, 1] chain profiles 0 (states 0), maxw 0, DL_RC fails 0, key form fails 0; 14600 evals [4 s]
#   unit {"file": "k4_certs_4_n4_3.json.gz", "pos": 206} k4_certs_4_n4_3.json.gz#206[m=8,idx=69]: start [0, 0, 0, 0, 0, 1, -2, -23, 2] best [0, 0, 0, 0, 0, 1, -2, -10, 1] chain profiles 0 (states 0), maxw 0, DL_RC fails 0, key form fails 0; 14600 evals [4 s]
#   unit {"file": "k4_certs_4_n4_3.json.gz", "pos": 207} k4_certs_4_n4_3.json.gz#207[m=8,idx=70]: start [0, 0, 0, 0, 0, 1, -3, -11, 1] best [0, 0, 0, 0, 0, 2, -1, -13, 9] chain profiles 0 (states 0), maxw 0, DL_RC fails 0, key form fails 0; 14600 evals [4 s]
#   unit {"file": "k4_certs_4_n4_3.json.gz", "pos": 208} k4_certs_4_n4_3.json.gz#208[m=8,idx=71]: start [0, 0, 0, 0, 0, 0, -1000000, -1000000, 0] best [0, 0, 0, 0, 0, 2, -1, -13, 9] chain profiles 0 (states 0), maxw 0, DL_RC fails 0, key form fails 0; 14600 evals [5 s]
#   unit {"file": "k4_certs_4_n4_3.json.gz", "pos": 210} k4_certs_4_n4_3.json.gz#210[m=8,idx=73]: start [0, 0, 0, 0, 0, 0, -1000000, -1000000, 0] best [0, 0, 0, 0, 0, 1, -3, -8, 2] chain profiles 0 (states 0), maxw 0, DL_RC fails 0, key form fails 0; 14600 evals [4 s]
#   unit {"file": "k4_certs_4_n4_3.json.gz", "pos": 209} k4_certs_4_n4_3.json.gz#209[m=8,idx=72]: start [0, 0, 0, 0, 0, 0, -1000000, -1000000, 0] best [0, 0, 0, 0, 0, 1, -2, -17, 1] chain profiles 0 (states 0), maxw 0, DL_RC fails 0, key form fails 0; 14600 evals [4 s]
#   unit {"file": "k4_certs_4_n4_3.json.gz", "pos": 211} k4_certs_4_n4_3.json.gz#211[m=8,idx=74]: start [0, 0, 0, 0, 0, 1, -3, -28, 2] best [0, 0, 0, 0, 0, 1, -2, -11, 2] chain profiles 0 (states 0), maxw 0, DL_RC fails 0, key form fails 0; 14600 evals [4 s]
#   unit {"file": "k4_certs_4_n4_3.json.gz", "pos": 212} k4_certs_4_n4_3.json.gz#212[m=8,idx=75]: start [0, 0, 0, 0, 0, 0, -1000000, -1000000, 0] best [0, 0, 0, 0, 0, 2, -2, -31, 3] chain profiles 0 (states 0), maxw 0, DL_RC fails 0, key form fails 0; 14600 evals [4 s]
#   unit {"file": "k4_certs_4_n4_3.json.gz", "pos": 213} k4_certs_4_n4_3.json.gz#213[m=8,idx=76]: start [0, 0, 0, 0, 0, 0, -1000000, -1000000, 0] best [0, 0, 0, 0, 0, 0, -1000000, -1000000, 0] chain profiles 0 (states 0), maxw 0, DL_RC fails 0, key form fails 0; 14600 evals [4 s]
#   unit {"file": "k4_certs_4_n4_3.json.gz", "pos": 214} k4_certs_4_n4_3.json.gz#214[m=8,idx=77]: start [0, 0, 0, 0, 0, 0, -1000000, -1000000, 0] best [0, 0, 0, 0, 0, 1, -2, -15, 1] chain profiles 0 (states 0), maxw 0, DL_RC fails 0, key form fails 0; 14600 evals [4 s]
#   unit {"file": "k4_certs_4_n4_3.json.gz", "pos": 215} k4_certs_4_n4_3.json.gz#215[m=8,idx=78]: start [0, 0, 0, 0, 0, 1, -3, -29, 1] best [0, 0, 0, 0, 0, 1, -2, -4, 1] chain profiles 0 (states 0), maxw 0, DL_RC fails 0, key form fails 0; 14600 evals [4 s]
#   unit {"file": "k4_certs_4_n4_3.json.gz", "pos": 216} k4_certs_4_n4_3.json.gz#216[m=8,idx=79]: start [0, 0, 0, 0, 0, 0, -1000000, -1000000, 0] best [0, 0, 0, 0, 0, 1, -1, -6, 3] chain profiles 0 (states 0), maxw 0, DL_RC fails 0, key form fails 0; 14600 evals [4 s]
#   unit {"file": "k4_certs_4_n4_3.json.gz", "pos": 217} k4_certs_4_n4_3.json.gz#217[m=8,idx=80]: start [0, 0, 0, 0, 0, 0, -1000000, -1000000, 0] best [0, 0, 0, 0, 0, 1, -3, -8, 1] chain profiles 0 (states 0), maxw 0, DL_RC fails 0, key form fails 0; 14600 evals [4 s]
#   unit {"file": "k4_certs_4_n4_3.json.gz", "pos": 218} k4_certs_4_n4_3.json.gz#218[m=8,idx=81]: start [0, 0, 0, 0, 0, 0, -1000000, -1000000, 0] best [0, 0, 0, 0, 0, 1, -2, -9, 1] chain profiles 0 (states 0), maxw 0, DL_RC fails 0, key form fails 0; 14600 evals [4 s]
#   unit {"file": "k4_certs_4_n4_3.json.gz", "pos": 219} k4_certs_4_n4_3.json.gz#219[m=8,idx=82]: start [0, 0, 0, 0, 0, 1, -2, -15, 1] best [0, 0, 0, 0, 0, 2, -1, -16, 3] chain profiles 0 (states 0), maxw 0, DL_RC fails 0, key form fails 0; 14600 evals [4 s]
#   unit {"file": "k4_certs_4_n4_3.json.gz", "pos": 220} k4_certs_4_n4_3.json.gz#220[m=8,idx=83]: start [0, 0, 0, 0, 0, 0, -1000000, -1000000, 0] best [0, 0, 0, 0, 0, 0, -1000000, -1000000, 0] chain profiles 0 (states 0), maxw 0, DL_RC fails 0, key form fails 0; 14600 evals [4 s]
#   unit {"file": "k4_certs_4_n4_3.json.gz", "pos": 221} k4_certs_4_n4_3.json.gz#221[m=8,idx=84]: start [0, 0, 0, 0, 0, 0, -1000000, -1000000, 0] best [0, 0, 0, 0, 0, 1, -2, -11, 1] chain profiles 0 (states 0), maxw 0, DL_RC fails 0, key form fails 0; 14600 evals [4 s]
#   unit {"file": "k4_certs_4_n4_3.json.gz", "pos": 222} k4_certs_4_n4_3.json.gz#222[m=8,idx=85]: start [0, 0, 0, 0, 0, 0, -1000000, -1000000, 0] best [0, 0, 0, 0, 0, 2, -2, -5, 4] chain profiles 0 (states 0), maxw 0, DL_RC fails 0, key form fails 0; 14600 evals [5 s]
#   unit {"file": "k4_certs_4_n4_3.json.gz", "pos": 223} k4_certs_4_n4_3.json.gz#223[m=8,idx=86]: start [0, 0, 0, 0, 0, 0, -1000000, -1000000, 0] best [0, 0, 0, 0, 0, 2, -2, -16, 5] chain profiles 0 (states 0), maxw 0, DL_RC fails 0, key form fails 0; 14600 evals [4 s]
#   unit {"file": "k4_certs_4_n4_3.json.gz", "pos": 224} k4_certs_4_n4_3.json.gz#224[m=8,idx=87]: start [0, 0, 0, 0, 0, 0, -1000000, -1000000, 0] best [0, 0, 0, 0, 0, 1, -2, -11, 12] chain profiles 0 (states 0), maxw 0, DL_RC fails 0, key form fails 0; 14600 evals [4 s]
#   unit {"file": "k4_certs_4_n4_3.json.gz", "pos": 225} k4_certs_4_n4_3.json.gz#225[m=8,idx=88]: start [0, 0, 0, 0, 0, 0, -1000000, -1000000, 0] best [0, 0, 0, 0, 0, 1, -2, -10, 2] chain profiles 0 (states 0), maxw 0, DL_RC fails 0, key form fails 0; 14600 evals [4 s]
#   unit {"file": "k4_certs_4_n4_3.json.gz", "pos": 227} k4_certs_4_n4_3.json.gz#227[m=8,idx=90]: start [0, 0, 0, 0, 0, 0, -1000000, -1000000, 0] best [0, 0, 0, 0, 0, 2, -2, -3, 4] chain profiles 0 (states 0), maxw 0, DL_RC fails 0, key form fails 0; 14600 evals [4 s]
#   unit {"file": "k4_certs_4_n4_3.json.gz", "pos": 226} k4_certs_4_n4_3.json.gz#226[m=8,idx=89]: start [0, 0, 0, 0, 0, 0, -1000000, -1000000, 0] best [0, 0, 0, 0, 0, 1, -2, -28, 2] chain profiles 0 (states 0), maxw 0, DL_RC fails 0, key form fails 0; 14600 evals [5 s]
#   unit {"file": "k4_certs_4_n4_3.json.gz", "pos": 228} k4_certs_4_n4_3.json.gz#228[m=8,idx=91]: start [0, 0, 0, 0, 0, 0, -1000000, -1000000, 0] best [0, 0, 0, 0, 0, 1, -3, -9, 2] chain profiles 0 (states 0), maxw 0, DL_RC fails 0, key form fails 0; 14600 evals [4 s]
#   unit {"file": "k4_certs_4_n4_3.json.gz", "pos": 229} k4_certs_4_n4_3.json.gz#229[m=8,idx=92]: start [0, 0, 0, 0, 0, 0, -1000000, -1000000, 0] best [0, 0, 0, 0, 0, 1, -2, -6, 2] chain profiles 0 (states 0), maxw 0, DL_RC fails 0, key form fails 0; 14600 evals [4 s]
#   unit {"file": "k4_certs_4_n4_3.json.gz", "pos": 230} k4_certs_4_n4_3.json.gz#230[m=8,idx=93]: start [0, 0, 0, 0, 0, 0, -1000000, -1000000, 0] best [0, 0, 0, 0, 0, 0, -1000000, -1000000, 0] chain profiles 0 (states 0), maxw 0, DL_RC fails 0, key form fails 0; 14600 evals [4 s]
#   unit {"file": "k4_certs_4_n4_3.json.gz", "pos": 231} k4_certs_4_n4_3.json.gz#231[m=8,idx=94]: start [0, 0, 0, 0, 0, 0, -1000000, -1000000, 0] best [0, 0, 0, 0, 0, 1, -3, -8, 4] chain profiles 0 (states 0), maxw 0, DL_RC fails 0, key form fails 0; 14600 evals [4 s]
#   unit {"file": "k4_certs_4_n4_3.json.gz", "pos": 232} k4_certs_4_n4_3.json.gz#232[m=8,idx=95]: start [0, 0, 0, 0, 0, 0, -1000000, -1000000, 0] best [0, 0, 0, 0, 0, 1, -2, -9, 2] chain profiles 0 (states 0), maxw 0, DL_RC fails 0, key form fails 0; 14600 evals [4 s]
#   unit {"file": "k4_certs_4_n4_3.json.gz", "pos": 233} k4_certs_4_n4_3.json.gz#233[m=8,idx=96]: start [0, 0, 0, 0, 0, 0, -1000000, -1000000, 0] best [0, 0, 0, 0, 0, 1, -2, -10, 1] chain profiles 0 (states 0), maxw 0, DL_RC fails 0, key form fails 0; 14600 evals [4 s]
#   unit {"file": "k4_certs_4_n4_3.json.gz", "pos": 234} k4_certs_4_n4_3.json.gz#234[m=8,idx=97]: start [0, 0, 0, 0, 0, 0, -1000000, -1000000, 0] best [0, 0, 0, 0, 0, 1, -2, -12, 1] chain profiles 0 (states 0), maxw 0, DL_RC fails 0, key form fails 0; 14600 evals [4 s]
#   unit {"file": "k4_certs_4_n4_3.json.gz", "pos": 235} k4_certs_4_n4_3.json.gz#235[m=8,idx=98]: start [0, 0, 0, 0, 0, 0, -1000000, -1000000, 0] best [0, 0, 0, 0, 0, 1, -2, -11, 2] chain profiles 0 (states 0), maxw 0, DL_RC fails 0, key form fails 0; 14600 evals [4 s]
#   unit {"file": "k4_certs_4_n4_3.json.gz", "pos": 236} k4_certs_4_n4_3.json.gz#236[m=8,idx=99]: start [0, 0, 0, 0, 0, 0, -1000000, -1000000, 0] best [0, 0, 0, 0, 0, 2, -1, -14, 3] chain profiles 0 (states 0), maxw 0, DL_RC fails 0, key form fails 0; 14600 evals [4 s]
#   unit {"file": "k4_certs_4_n4_3.json.gz", "pos": 237} k4_certs_4_n4_3.json.gz#237[m=8,idx=100]: start [0, 0, 0, 0, 0, 1, -2, -21, 2] best [0, 0, 0, 0, 0, 2, -2, -12, 6] chain profiles 0 (states 0), maxw 0, DL_RC fails 0, key form fails 0; 14600 evals [4 s]
#   unit {"file": "k4_certs_4_n4_3.json.gz", "pos": 238} k4_certs_4_n4_3.json.gz#238[m=8,idx=101]: start [0, 0, 0, 0, 0, 0, -1000000, -1000000, 0] best [0, 0, 0, 0, 0, 0, -1000000, -1000000, 0] chain profiles 0 (states 0), maxw 0, DL_RC fails 0, key form fails 0; 14600 evals [4 s]
#   unit {"file": "k4_certs_4_n4_3.json.gz", "pos": 239} k4_certs_4_n4_3.json.gz#239[m=8,idx=102]: start [0, 0, 0, 0, 0, 0, -1000000, -1000000, 0] best [0, 0, 0, 0, 0, 1, -1, -10, 3] chain profiles 0 (states 0), maxw 0, DL_RC fails 0, key form fails 0; 14600 evals [4 s]
#   unit {"file": "k4_certs_4_n4_3.json.gz", "pos": 240} k4_certs_4_n4_3.json.gz#240[m=8,idx=103]: start [0, 0, 0, 0, 0, 0, -1000000, -1000000, 0] best [0, 0, 0, 0, 0, 1, -2, -11, 4] chain profiles 0 (states 0), maxw 0, DL_RC fails 0, key form fails 0; 14600 evals [4 s]
#   unit {"file": "k4_certs_4_n4_3.json.gz", "pos": 241} k4_certs_4_n4_3.json.gz#241[m=8,idx=104]: start [0, 0, 0, 0, 0, 0, -1000000, -1000000, 0] best [0, 0, 0, 0, 0, 1, -2, -11, 3] chain profiles 0 (states 0), maxw 0, DL_RC fails 0, key form fails 0; 14600 evals [4 s]
#   unit {"file": "k4_certs_4_n4_3.json.gz", "pos": 242} k4_certs_4_n4_3.json.gz#242[m=8,idx=105]: start [0, 0, 0, 0, 0, 0, -1000000, -1000000, 0] best [0, 0, 0, 0, 0, 1, -2, -11, 2] chain profiles 0 (states 0), maxw 0, DL_RC fails 0, key form fails 0; 14600 evals [4 s]
#   unit {"file": "k4_certs_4_n4_3.json.gz", "pos": 243} k4_certs_4_n4_3.json.gz#243[m=8,idx=106]: start [0, 0, 0, 0, 0, 0, -1000000, -1000000, 0] best [0, 0, 0, 0, 0, 1, -2, -11, 5] chain profiles 0 (states 0), maxw 0, DL_RC fails 0, key form fails 0; 14600 evals [4 s]
#   unit {"file": "k4_certs_4_n4_3.json.gz", "pos": 244} k4_certs_4_n4_3.json.gz#244[m=8,idx=107]: start [0, 0, 0, 0, 0, 0, -1000000, -1000000, 0] best [0, 0, 0, 0, 0, 0, -1000000, -1000000, 0] chain profiles 0 (states 0), maxw 0, DL_RC fails 0, key form fails 0; 14600 evals [4 s]
#   unit {"file": "k4_certs_4_n4_3.json.gz", "pos": 245} k4_certs_4_n4_3.json.gz#245[m=8,idx=108]: start [0, 0, 0, 0, 0, 1, -2, -32, 1] best [0, 0, 0, 0, 0, 1, -1, -13, 1] chain profiles 0 (states 0), maxw 0, DL_RC fails 0, key form fails 0; 14600 evals [4 s]
#   unit {"file": "k4_certs_4_n4_3.json.gz", "pos": 246} k4_certs_4_n4_3.json.gz#246[m=9,idx=0]: start [0, 0, 0, 0, 0, 1, -2, -18, 1] best [0, 0, 0, 0, 0, 1, -2, -15, 2] chain profiles 0 (states 0), maxw 0, DL_RC fails 0, key form fails 0; 14600 evals [5 s]
#   unit {"file": "k4_certs_4_n4_3.json.gz", "pos": 247} k4_certs_4_n4_3.json.gz#247[m=9,idx=1]: start [0, 0, 0, 0, 0, 1, -2, -46, 1] best [0, 0, 0, 0, 0, 1, -2, -24, 1] chain profiles 0 (states 0), maxw 0, DL_RC fails 0, key form fails 0; 14600 evals [5 s]
#   unit {"file": "k4_certs_4_n4_3.json.gz", "pos": 248} k4_certs_4_n4_3.json.gz#248[m=9,idx=2]: start [0, 0, 0, 0, 0, 0, -1000000, -1000000, 0] best [0, 0, 0, 0, 0, 1, -3, -8, 4] chain profiles 0 (states 0), maxw 0, DL_RC fails 0, key form fails 0; 14600 evals [5 s]
#   unit {"file": "k4_certs_4_n4_3.json.gz", "pos": 249} k4_certs_4_n4_3.json.gz#249[m=9,idx=3]: start [0, 0, 0, 0, 0, 1, -3, -10, 2] best [0, 0, 0, 0, 0, 1, -2, -9, 3] chain profiles 0 (states 0), maxw 0, DL_RC fails 0, key form fails 0; 14600 evals [5 s]
#   unit {"file": "k4_certs_4_n4_3.json.gz", "pos": 250} k4_certs_4_n4_3.json.gz#250[m=9,idx=4]: start [0, 0, 0, 0, 0, 1, -2, -31, 2] best [0, 0, 0, 0, 0, 2, -2, -20, 4] chain profiles 0 (states 0), maxw 0, DL_RC fails 0, key form fails 0; 14600 evals [6 s]
#   unit {"file": "k4_certs_4_n4_3.json.gz", "pos": 251} k4_certs_4_n4_3.json.gz#251[m=9,idx=5]: start [0, 0, 0, 0, 0, 0, -1000000, -1000000, 0] best [0, 0, 0, 0, 0, 2, -2, -10, 8] chain profiles 0 (states 0), maxw 0, DL_RC fails 0, key form fails 0; 14600 evals [6 s]
#   unit {"file": "k4_certs_4_n4_3.json.gz", "pos": 252} k4_certs_4_n4_3.json.gz#252[m=9,idx=6]: start [0, 0, 0, 0, 0, 1, -2, -17, 1] best [0, 0, 0, 0, 0, 2, -2, -10, 12] chain profiles 0 (states 0), maxw 0, DL_RC fails 0, key form fails 0; 14600 evals [5 s]
#   unit {"file": "k4_certs_4_n4_3.json.gz", "pos": 253} k4_certs_4_n4_3.json.gz#253[m=9,idx=7]: start [0, 0, 0, 0, 0, 2, -2, -11, 13] best [0, 0, 0, 0, 0, 2, -2, -10, 11] chain profiles 0 (states 0), maxw 0, DL_RC fails 0, key form fails 0; 14600 evals [5 s]
#   unit {"file": "k4_certs_4_n4_3.json.gz", "pos": 254} k4_certs_4_n4_3.json.gz#254[m=9,idx=8]: start [0, 0, 0, 0, 0, 1, -2, -28, 1] best [0, 0, 0, 0, 0, 2, -1, -5, 3] chain profiles 0 (states 0), maxw 0, DL_RC fails 0, key form fails 0; 14600 evals [5 s]
#   unit {"file": "k4_certs_4_n4_3.json.gz", "pos": 255} k4_certs_4_n4_3.json.gz#255[m=9,idx=9]: start [0, 0, 0, 0, 0, 1, -2, -12, 2] best [0, 0, 0, 0, 0, 1, -2, -12, 2] chain profiles 0 (states 0), maxw 0, DL_RC fails 0, key form fails 0; 14600 evals [5 s]
#   unit {"file": "k4_certs_4_n4_3.json.gz", "pos": 256} k4_certs_4_n4_3.json.gz#256[m=9,idx=10]: start [0, 0, 0, 0, 0, 1, -2, -32, 1] best [0, 0, 0, 0, 0, 2, -2, -12, 12] chain profiles 0 (states 0), maxw 0, DL_RC fails 0, key form fails 0; 14600 evals [5 s]
#   unit {"file": "k4_certs_4_n4_3.json.gz", "pos": 257} k4_certs_4_n4_3.json.gz#257[m=9,idx=11]: start [0, 0, 0, 0, 0, 1, -2, -40, 2] best [0, 0, 0, 0, 0, 2, -2, -10, 13] chain profiles 0 (states 0), maxw 0, DL_RC fails 0, key form fails 0; 14600 evals [5 s]
#   unit {"file": "k4_certs_4_n4_3.json.gz", "pos": 258} k4_certs_4_n4_3.json.gz#258[m=9,idx=12]: start [0, 0, 0, 0, 0, 1, -2, -20, 1] best [0, 0, 0, 0, 0, 2, -1, -5, 4] chain profiles 0 (states 0), maxw 0, DL_RC fails 0, key form fails 0; 14600 evals [5 s]
#   unit {"file": "k4_certs_4_n4_3.json.gz", "pos": 259} k4_certs_4_n4_3.json.gz#259[m=9,idx=13]: start [0, 0, 0, 0, 0, 1, -2, -28, 1] best [0, 0, 0, 0, 0, 1, -2, -24, 1] chain profiles 0 (states 0), maxw 0, DL_RC fails 0, key form fails 0; 14600 evals [5 s]
#   unit {"file": "k4_certs_4_n4_3.json.gz", "pos": 260} k4_certs_4_n4_3.json.gz#260[m=9,idx=14]: start [0, 0, 0, 0, 0, 2, -2, -12, 11] best [0, 0, 0, 0, 0, 2, -2, -12, 11] chain profiles 0 (states 0), maxw 0, DL_RC fails 0, key form fails 0; 14600 evals [5 s]
#   unit {"file": "k4_certs_4_n4_3.json.gz", "pos": 261} k4_certs_4_n4_3.json.gz#261[m=9,idx=15]: start [0, 0, 0, 0, 0, 1, -2, -28, 3] best [0, 0, 0, 0, 0, 1, -2, -9, 3] chain profiles 0 (states 0), maxw 0, DL_RC fails 0, key form fails 0; 14600 evals [5 s]
#   unit {"file": "k4_certs_4_n4_3.json.gz", "pos": 262} k4_certs_4_n4_3.json.gz#262[m=9,idx=16]: start [0, 0, 0, 0, 0, 1, -2, -39, 1] best [0, 0, 0, 0, 0, 2, -2, -16, 3] chain profiles 0 (states 0), maxw 0, DL_RC fails 0, key form fails 0; 14600 evals [5 s]
#   unit {"file": "k4_certs_4_n4_3.json.gz", "pos": 263} k4_certs_4_n4_3.json.gz#263[m=9,idx=17]: start [0, 0, 0, 0, 0, 1, -2, -51, 1] best [0, 0, 0, 0, 0, 1, -2, -14, 1] chain profiles 0 (states 0), maxw 0, DL_RC fails 0, key form fails 0; 14600 evals [5 s]
#   unit {"file": "k4_certs_4_n4_3.json.gz", "pos": 264} k4_certs_4_n4_3.json.gz#264[m=9,idx=18]: start [0, 0, 0, 0, 0, 1, -2, -23, 5] best [0, 0, 0, 0, 0, 2, -1, -13, 12] chain profiles 0 (states 0), maxw 0, DL_RC fails 0, key form fails 0; 14600 evals [5 s]
#   unit {"file": "k4_certs_4_n4_3.json.gz", "pos": 265} k4_certs_4_n4_3.json.gz#265[m=9,idx=19]: start [0, 0, 0, 0, 0, 1, -2, -23, 1] best [0, 0, 0, 0, 0, 2, -2, -10, 9] chain profiles 0 (states 0), maxw 0, DL_RC fails 0, key form fails 0; 14600 evals [5 s]
#   unit {"file": "k4_certs_4_n4_3.json.gz", "pos": 267} k4_certs_4_n4_3.json.gz#267[m=9,idx=21]: start [0, 0, 0, 0, 0, 2, -2, -9, 3] best [0, 0, 0, 0, 0, 2, -2, -9, 3] chain profiles 0 (states 0), maxw 0, DL_RC fails 0, key form fails 0; 14600 evals [4 s]
#   unit {"file": "k4_certs_4_n4_3.json.gz", "pos": 266} k4_certs_4_n4_3.json.gz#266[m=9,idx=20]: start [0, 0, 0, 0, 0, 2, -2, -25, 3] best [0, 0, 0, 0, 0, 2, -2, -19, 6] chain profiles 0 (states 0), maxw 0, DL_RC fails 0, key form fails 0; 14600 evals [6 s]
#   unit {"file": "k4_certs_4_n4_3.json.gz", "pos": 268} k4_certs_4_n4_3.json.gz#268[m=9,idx=22]: start [0, 0, 0, 0, 0, 1, -2, -17, 2] best [0, 0, 0, 0, 0, 2, -2, -11, 7] chain profiles 0 (states 0), maxw 0, DL_RC fails 0, key form fails 0; 14600 evals [5 s]
#   unit {"file": "k4_certs_4_n4_3.json.gz", "pos": 269} k4_certs_4_n4_3.json.gz#269[m=9,idx=23]: start [0, 0, 0, 0, 0, 1, -2, -16, 1] best [0, 0, 0, 0, 0, 2, -2, -10, 9] chain profiles 0 (states 0), maxw 0, DL_RC fails 0, key form fails 0; 14600 evals [5 s]
#   unit {"file": "k4_certs_4_n4_3.json.gz", "pos": 270} k4_certs_4_n4_3.json.gz#270[m=9,idx=24]: start [0, 0, 0, 0, 0, 1, -2, -20, 2] best [0, 0, 0, 0, 0, 2, -2, -11, 2] chain profiles 0 (states 0), maxw 0, DL_RC fails 0, key form fails 0; 14600 evals [5 s]
#   unit {"file": "k4_certs_4_n4_3.json.gz", "pos": 271} k4_certs_4_n4_3.json.gz#271[m=9,idx=25]: start [0, 0, 0, 0, 0, 1, -2, -47, 1] best [0, 0, 0, 0, 0, 1, -1, -15, 2] chain profiles 0 (states 0), maxw 0, DL_RC fails 0, key form fails 0; 14600 evals [5 s]
#   unit {"file": "k4_certs_4_n4_3.json.gz", "pos": 272} k4_certs_4_n4_3.json.gz#272[m=9,idx=26]: start [0, 0, 0, 0, 0, 1, -2, -38, 1] best [0, 0, 0, 0, 0, 1, -2, -14, 1] chain profiles 0 (states 0), maxw 0, DL_RC fails 0, key form fails 0; 14600 evals [5 s]
#   unit {"file": "k4_certs_4_n4_3.json.gz", "pos": 273} k4_certs_4_n4_3.json.gz#273[m=9,idx=27]: start [0, 0, 0, 0, 0, 1, -2, -23, 2] best [0, 0, 0, 0, 0, 2, -1, -13, 9] chain profiles 0 (states 0), maxw 0, DL_RC fails 0, key form fails 0; 14600 evals [5 s]
#   unit {"file": "k4_certs_4_n4_3.json.gz", "pos": 274} k4_certs_4_n4_3.json.gz#274[m=9,idx=28]: start [0, 0, 0, 0, 0, 1, -3, -41, 1] best [0, 0, 0, 0, 0, 2, -2, -6, 4] chain profiles 0 (states 0), maxw 0, DL_RC fails 0, key form fails 0; 14600 evals [5 s]
#   unit {"file": "k4_certs_4_n4_3.json.gz", "pos": 275} k4_certs_4_n4_3.json.gz#275[m=9,idx=29]: start [0, 0, 0, 0, 0, 2, -2, -35, 3] best [0, 0, 0, 0, 0, 2, -2, -32, 3] chain profiles 0 (states 0), maxw 0, DL_RC fails 0, key form fails 0; 14600 evals [5 s]
#   unit {"file": "k4_certs_4_n4_3.json.gz", "pos": 276} k4_certs_4_n4_3.json.gz#276[m=9,idx=30]: start [0, 0, 0, 0, 0, 1, -2, -16, 1] best [0, 0, 0, 0, 0, 2, -2, -13, 4] chain profiles 0 (states 0), maxw 0, DL_RC fails 0, key form fails 0; 14600 evals [5 s]
#   unit {"file": "k4_certs_4_n4_3.json.gz", "pos": 277} k4_certs_4_n4_3.json.gz#277[m=9,idx=31]: start [0, 0, 0, 0, 0, 1, -3, -29, 1] best [0, 0, 0, 0, 0, 1, -2, -16, 1] chain profiles 0 (states 0), maxw 0, DL_RC fails 0, key form fails 0; 14600 evals [4 s]
#   unit {"file": "k4_certs_4_n4_3.json.gz", "pos": 278} k4_certs_4_n4_3.json.gz#278[m=9,idx=32]: start [0, 0, 0, 0, 0, 1, -2, -20, 1] best [0, 0, 0, 0, 0, 2, -2, -15, 2] chain profiles 0 (states 0), maxw 0, DL_RC fails 0, key form fails 0; 14600 evals [5 s]
#   unit {"file": "k4_certs_4_n4_3.json.gz", "pos": 279} k4_certs_4_n4_3.json.gz#279[m=9,idx=33]: start [0, 0, 0, 0, 0, 1, -2, -41, 1] best [0, 0, 0, 0, 0, 1, -2, -14, 4] chain profiles 0 (states 0), maxw 0, DL_RC fails 0, key form fails 0; 14600 evals [5 s]
#   unit {"file": "k4_certs_4_n4_3.json.gz", "pos": 280} k4_certs_4_n4_3.json.gz#280[m=9,idx=34]: start [0, 0, 0, 0, 0, 0, -1000000, -1000000, 0] best [0, 0, 0, 0, 0, 1, -2, -11, 2] chain profiles 0 (states 0), maxw 0, DL_RC fails 0, key form fails 0; 14600 evals [5 s]
#   unit {"file": "k4_certs_4_n4_3.json.gz", "pos": 281} k4_certs_4_n4_3.json.gz#281[m=9,idx=35]: start [0, 0, 0, 0, 0, 1, -3, -38, 1] best [0, 0, 0, 0, 0, 1, -2, -8, 3] chain profiles 0 (states 0), maxw 0, DL_RC fails 0, key form fails 0; 14600 evals [5 s]
#   unit {"file": "k4_certs_4_n4_3.json.gz", "pos": 282} k4_certs_4_n4_3.json.gz#282[m=9,idx=36]: start [0, 0, 0, 0, 0, 0, -1000000, -1000000, 0] best [0, 0, 0, 0, 0, 1, -3, -8, 6] chain profiles 0 (states 0), maxw 0, DL_RC fails 0, key form fails 0; 14600 evals [5 s]
#   unit {"file": "k4_certs_4_n4_3.json.gz", "pos": 283} k4_certs_4_n4_3.json.gz#283[m=9,idx=37]: start [0, 0, 0, 0, 0, 1, -1, -34, 2] best [0, 0, 0, 0, 0, 1, -1, -25, 1] chain profiles 0 (states 0), maxw 0, DL_RC fails 0, key form fails 0; 14600 evals [5 s]
#   unit {"file": "k4_certs_4_n4_3.json.gz", "pos": 284} k4_certs_4_n4_3.json.gz#284[m=9,idx=38]: start [0, 0, 0, 0, 0, 1, -2, -50, 4] best [0, 0, 0, 0, 0, 1, -2, -8, 3] chain profiles 0 (states 0), maxw 0, DL_RC fails 0, key form fails 0; 14600 evals [5 s]
#   unit {"file": "k4_certs_4_n4_3.json.gz", "pos": 285} k4_certs_4_n4_3.json.gz#285[m=9,idx=39]: start [0, 0, 0, 0, 0, 1, -2, -16, 1] best [0, 0, 0, 0, 0, 1, -2, -11, 1] chain profiles 0 (states 0), maxw 0, DL_RC fails 0, key form fails 0; 14600 evals [5 s]
#   unit {"file": "k4_certs_4_n4_3.json.gz", "pos": 286} k4_certs_4_n4_3.json.gz#286[m=9,idx=40]: start [0, 0, 0, 0, 0, 1, -2, -31, 1] best [0, 0, 0, 0, 0, 1, -2, -11, 2] chain profiles 0 (states 0), maxw 0, DL_RC fails 0, key form fails 0; 14600 evals [5 s]
#   unit {"file": "k4_certs_4_n4_3.json.gz", "pos": 287} k4_certs_4_n4_3.json.gz#287[m=9,idx=41]: start [0, 0, 0, 0, 0, 1, -2, -27, 2] best [0, 0, 0, 0, 0, 1, -2, -8, 2] chain profiles 0 (states 0), maxw 0, DL_RC fails 0, key form fails 0; 14600 evals [5 s]
#   unit {"file": "k4_certs_4_n4_3.json.gz", "pos": 288} k4_certs_4_n4_3.json.gz#288[m=9,idx=42]: start [0, 0, 0, 0, 0, 1, -3, -18, 1] best [0, 0, 0, 0, 0, 2, -2, -10, 7] chain profiles 0 (states 0), maxw 0, DL_RC fails 0, key form fails 0; 14600 evals [5 s]
#   unit {"file": "k4_certs_4_n4_3.json.gz", "pos": 289} k4_certs_4_n4_3.json.gz#289[m=9,idx=43]: start [0, 0, 0, 0, 0, 1, -3, -40, 1] best [0, 0, 0, 0, 0, 2, -2, -12, 9] chain profiles 0 (states 0), maxw 0, DL_RC fails 0, key form fails 0; 14600 evals [6 s]
#   unit {"file": "k4_certs_4_n4_3.json.gz", "pos": 290} k4_certs_4_n4_3.json.gz#290[m=9,idx=44]: start [0, 0, 0, 0, 0, 1, -2, -7, 3] best [0, 0, 0, 0, 0, 1, -2, -6, 5] chain profiles 0 (states 0), maxw 0, DL_RC fails 0, key form fails 0; 14600 evals [4 s]
#   unit {"file": "k4_certs_4_n4_3.json.gz", "pos": 291} k4_certs_4_n4_3.json.gz#291[m=9,idx=45]: start [0, 0, 0, 0, 0, 1, -1, -32, 1] best [0, 0, 0, 0, 0, 2, -1, -16, 3] chain profiles 0 (states 0), maxw 0, DL_RC fails 0, key form fails 0; 14600 evals [4 s]
#   unit {"file": "k4_certs_4_n4_3.json.gz", "pos": 292} k4_certs_4_n4_3.json.gz#292[m=9,idx=46]: start [0, 0, 0, 0, 0, 1, -2, -26, 1] best [0, 0, 0, 0, 0, 2, -2, -8, 9] chain profiles 0 (states 0), maxw 0, DL_RC fails 0, key form fails 0; 14600 evals [6 s]
#   unit {"file": "k4_certs_4_n4_3.json.gz", "pos": 293} k4_certs_4_n4_3.json.gz#293[m=9,idx=47]: start [0, 0, 0, 0, 0, 1, -3, -11, 2] best [0, 0, 0, 0, 0, 1, -3, -8, 4] chain profiles 0 (states 0), maxw 0, DL_RC fails 0, key form fails 0; 14600 evals [5 s]
#   unit {"file": "k4_certs_4_n4_3.json.gz", "pos": 294} k4_certs_4_n4_3.json.gz#294[m=9,idx=48]: start [0, 0, 0, 0, 0, 1, -2, -41, 2] best [0, 0, 0, 0, 0, 1, -1, -13, 2] chain profiles 0 (states 0), maxw 0, DL_RC fails 0, key form fails 0; 14600 evals [5 s]
#   unit {"file": "k4_certs_4_n4_3.json.gz", "pos": 295} k4_certs_4_n4_3.json.gz#295[m=9,idx=49]: start [0, 0, 0, 0, 0, 1, -3, -29, 1] best [0, 0, 0, 0, 0, 2, -2, -16, 9] chain profiles 0 (states 0), maxw 0, DL_RC fails 0, key form fails 0; 14600 evals [5 s]
#   unit {"file": "k4_certs_4_n4_3.json.gz", "pos": 296} k4_certs_4_n4_3.json.gz#296[m=9,idx=50]: start [0, 0, 0, 0, 0, 1, -2, -38, 3] best [0, 0, 0, 0, 0, 1, -2, -13, 3] chain profiles 0 (states 0), maxw 0, DL_RC fails 0, key form fails 0; 14600 evals [5 s]
#   unit {"file": "k4_certs_4_n4_3.json.gz", "pos": 297} k4_certs_4_n4_3.json.gz#297[m=9,idx=51]: start [0, 0, 0, 0, 0, 1, -2, -22, 2] best [0, 0, 0, 0, 0, 1, -2, -16, 2] chain profiles 0 (states 0), maxw 0, DL_RC fails 0, key form fails 0; 14600 evals [6 s]
#   unit {"file": "k4_certs_4_n4_3.json.gz", "pos": 298} k4_certs_4_n4_3.json.gz#298[m=9,idx=52]: start [0, 0, 0, 0, 0, 1, -3, -21, 1] best [0, 0, 0, 0, 0, 1, -2, -10, 1] chain profiles 0 (states 0), maxw 0, DL_RC fails 0, key form fails 0; 14600 evals [5 s]
#   unit {"file": "k4_certs_4_n4_3.json.gz", "pos": 299} k4_certs_4_n4_3.json.gz#299[m=9,idx=53]: start [0, 0, 0, 0, 0, 1, -3, -44, 1] best [0, 0, 0, 0, 0, 1, -2, -27, 1] chain profiles 0 (states 0), maxw 0, DL_RC fails 0, key form fails 0; 14600 evals [6 s]
#   unit {"file": "k4_certs_4_n4_3.json.gz", "pos": 300} k4_certs_4_n4_3.json.gz#300[m=9,idx=54]: start [0, 0, 0, 0, 0, 1, -2, -35, 1] best [0, 0, 0, 0, 0, 1, -2, -11, 4] chain profiles 0 (states 0), maxw 0, DL_RC fails 0, key form fails 0; 14600 evals [6 s]
#   unit {"file": "k4_certs_4_n4_3.json.gz", "pos": 301} k4_certs_4_n4_3.json.gz#301[m=9,idx=55]: start [0, 0, 0, 0, 0, 1, -2, -59, 2] best [0, 0, 0, 0, 0, 2, -2, -3, 6] chain profiles 0 (states 0), maxw 0, DL_RC fails 0, key form fails 0; 14600 evals [6 s]
#   unit {"file": "k4_certs_4_n4_3.json.gz", "pos": 302} k4_certs_4_n4_3.json.gz#302[m=9,idx=56]: start [0, 0, 0, 0, 0, 0, -1000000, -1000000, 0] best [0, 0, 0, 0, 0, 1, -2, -11, 5] chain profiles 0 (states 0), maxw 0, DL_RC fails 0, key form fails 0; 14600 evals [6 s]
#   unit {"file": "k4_certs_4_n4_3.json.gz", "pos": 303} k4_certs_4_n4_3.json.gz#303[m=9,idx=57]: start [0, 0, 0, 0, 0, 0, -1000000, -1000000, 0] best [0, 0, 0, 0, 0, 1, -2, -11, 3] chain profiles 0 (states 0), maxw 0, DL_RC fails 0, key form fails 0; 14600 evals [6 s]
#   unit {"file": "k4_certs_4_n4_3.json.gz", "pos": 304} k4_certs_4_n4_3.json.gz#304[m=9,idx=58]: start [0, 0, 0, 0, 0, 0, -1000000, -1000000, 0] best [0, 0, 0, 0, 0, 2, -2, -3, 6] chain profiles 0 (states 0), maxw 0, DL_RC fails 0, key form fails 0; 14600 evals [6 s]
#   unit {"file": "k4_certs_4_n4_3.json.gz", "pos": 305} k4_certs_4_n4_3.json.gz#305[m=9,idx=59]: start [0, 0, 0, 0, 0, 1, -2, -10, 1] best [0, 0, 0, 0, 0, 2, -2, -3, 9] chain profiles 0 (states 0), maxw 0, DL_RC fails 0, key form fails 0; 14600 evals [6 s]
#   unit {"file": "k4_certs_4_n4_3.json.gz", "pos": 306} k4_certs_4_n4_3.json.gz#306[m=9,idx=60]: start [0, 0, 0, 0, 0, 0, -1000000, -1000000, 0] best [0, 0, 0, 0, 0, 1, -2, -11, 3] chain profiles 0 (states 0), maxw 0, DL_RC fails 0, key form fails 0; 14600 evals [6 s]
#   unit {"file": "k4_certs_4_n4_3.json.gz", "pos": 307} k4_certs_4_n4_3.json.gz#307[m=9,idx=61]: start [0, 0, 0, 0, 0, 0, -1000000, -1000000, 0] best [0, 0, 0, 0, 0, 0, -1000000, -1000000, 0] chain profiles 0 (states 0), maxw 0, DL_RC fails 0, key form fails 0; 14600 evals [6 s]
#   unit {"file": "k4_certs_4_n4_3.json.gz", "pos": 308} k4_certs_4_n4_3.json.gz#308[m=9,idx=62]: start [0, 0, 0, 0, 0, 1, -3, -31, 1] best [0, 0, 0, 0, 0, 1, -2, -14, 1] chain profiles 0 (states 0), maxw 0, DL_RC fails 0, key form fails 0; 14600 evals [6 s]
#   unit {"file": "k4_certs_4_n4_3.json.gz", "pos": 309} k4_certs_4_n4_3.json.gz#309[m=9,idx=63]: start [0, 0, 0, 0, 0, 0, -1000000, -1000000, 0] best [0, 0, 0, 0, 0, 1, -2, -9, 2] chain profiles 0 (states 0), maxw 0, DL_RC fails 0, key form fails 0; 14600 evals [5 s]
#   unit {"file": "k4_certs_4_n4_3.json.gz", "pos": 310} k4_certs_4_n4_3.json.gz#310[m=9,idx=64]: start [0, 0, 0, 0, 0, 0, -1000000, -1000000, 0] best [0, 0, 0, 0, 0, 2, -2, -12, 12] chain profiles 0 (states 0), maxw 0, DL_RC fails 0, key form fails 0; 14600 evals [7 s]
#   unit {"file": "k4_certs_4_n4_3.json.gz", "pos": 311} k4_certs_4_n4_3.json.gz#311[m=9,idx=65]: start [0, 0, 0, 0, 0, 0, -1000000, -1000000, 0] best [0, 0, 0, 0, 0, 1, -2, -11, 3] chain profiles 0 (states 0), maxw 0, DL_RC fails 0, key form fails 0; 14600 evals [6 s]
#   unit {"file": "k4_certs_4_n4_3.json.gz", "pos": 312} k4_certs_4_n4_3.json.gz#312[m=9,idx=66]: start [0, 0, 0, 0, 0, 0, -1000000, -1000000, 0] best [0, 0, 0, 0, 0, 1, -2, -11, 2] chain profiles 0 (states 0), maxw 0, DL_RC fails 0, key form fails 0; 14600 evals [6 s]
#   unit {"file": "k4_certs_4_n4_3.json.gz", "pos": 313} k4_certs_4_n4_3.json.gz#313[m=9,idx=67]: start [0, 0, 0, 0, 0, 1, -2, -36, 1] best [0, 0, 0, 0, 0, 1, -1, -20, 3] chain profiles 0 (states 0), maxw 0, DL_RC fails 0, key form fails 0; 14600 evals [6 s]
#   unit {"file": "k4_certs_4_n4_3.json.gz", "pos": 314} k4_certs_4_n4_3.json.gz#314[m=9,idx=68]: start [0, 0, 0, 0, 0, 0, -1000000, -1000000, 0] best [0, 0, 0, 0, 0, 1, -2, -11, 4] chain profiles 0 (states 0), maxw 0, DL_RC fails 0, key form fails 0; 14600 evals [6 s]
#   unit {"file": "k4_certs_4_n4_3.json.gz", "pos": 315} k4_certs_4_n4_3.json.gz#315[m=9,idx=69]: start [0, 0, 0, 0, 0, 1, -2, -30, 2] best [0, 0, 0, 0, 0, 1, -1, -22, 2] chain profiles 0 (states 0), maxw 0, DL_RC fails 0, key form fails 0; 14600 evals [7 s]
#   unit {"file": "k4_certs_4_n4_3.json.gz", "pos": 316} k4_certs_4_n4_3.json.gz#316[m=9,idx=70]: start [0, 0, 0, 0, 0, 1, -2, -55, 1] best [0, 0, 0, 0, 0, 1, -2, -31, 1] chain profiles 0 (states 0), maxw 0, DL_RC fails 0, key form fails 0; 14600 evals [7 s]
#   unit {"file": "k4_certs_4_n4_3.json.gz", "pos": 317} k4_certs_4_n4_3.json.gz#317[m=9,idx=71]: start [0, 0, 0, 0, 0, 0, -1000000, -1000000, 0] best [0, 0, 0, 0, 0, 0, -1000000, -1000000, 0] chain profiles 0 (states 0), maxw 0, DL_RC fails 0, key form fails 0; 14600 evals [7 s]
#   unit {"file": "k4_certs_4_n4_3.json.gz", "pos": 318} k4_certs_4_n4_3.json.gz#318[m=10,idx=0]: start [0, 0, 0, 0, 0, 1, -2, -19, 1] best [0, 0, 0, 0, 0, 1, -2, -10, 3] chain profiles 0 (states 0), maxw 0, DL_RC fails 0, key form fails 0; 14600 evals [8 s]
#   unit {"file": "k4_certs_4_n4_3.json.gz", "pos": 319} k4_certs_4_n4_3.json.gz#319[m=10,idx=1]: start [0, 0, 0, 0, 0, 1, -1, -64, 28] best [0, 0, 0, 0, 0, 2, -2, -16, 12] chain profiles 0 (states 0), maxw 0, DL_RC fails 0, key form fails 0; 14600 evals [8 s]
#   unit {"file": "k4_certs_4_n4_3.json.gz", "pos": 320} k4_certs_4_n4_3.json.gz#320[m=10,idx=2]: start [0, 0, 0, 0, 0, 1, -2, -28, 2] best [0, 0, 0, 0, 0, 2, -2, -11, 15] chain profiles 0 (states 0), maxw 0, DL_RC fails 0, key form fails 0; 14600 evals [8 s]
#   unit {"file": "k4_certs_4_n4_3.json.gz", "pos": 321} k4_certs_4_n4_3.json.gz#321[m=10,idx=3]: start [0, 0, 0, 0, 0, 2, -2, -7, 5] best [0, 0, 0, 0, 0, 2, -2, -3, 12] chain profiles 0 (states 0), maxw 0, DL_RC fails 0, key form fails 0; 14600 evals [7 s]
#   unit {"file": "k4_certs_4_n4_3.json.gz", "pos": 322} k4_certs_4_n4_3.json.gz#322[m=10,idx=4]: start [0, 0, 0, 0, 0, 1, -2, -51, 1] best [0, 0, 0, 0, 0, 1, -2, -24, 1] chain profiles 0 (states 0), maxw 0, DL_RC fails 0, key form fails 0; 14600 evals [7 s]
#   unit {"file": "k4_certs_4_n4_3.json.gz", "pos": 323} k4_certs_4_n4_3.json.gz#323[m=10,idx=5]: start [0, 0, 0, 0, 0, 1, -2, -26, 2] best [0, 0, 0, 0, 0, 1, -2, -18, 1] chain profiles 0 (states 0), maxw 0, DL_RC fails 0, key form fails 0; 14600 evals [7 s]
#   unit {"file": "k4_certs_4_n4_3.json.gz", "pos": 325} k4_certs_4_n4_3.json.gz#325[m=10,idx=7]: start [0, 0, 0, 0, 0, 1, -2, -14, 2] best [0, 0, 0, 0, 0, 1, -2, -13, 1] chain profiles 0 (states 0), maxw 0, DL_RC fails 0, key form fails 0; 14600 evals [6 s]
#   unit {"file": "k4_certs_4_n4_3.json.gz", "pos": 324} k4_certs_4_n4_3.json.gz#324[m=10,idx=6]: start [0, 0, 0, 0, 0, 1, -2, -15, 2] best [0, 0, 0, 0, 0, 2, -3, -17, 2] chain profiles 0 (states 0), maxw 0, DL_RC fails 0, key form fails 0; 14600 evals [8 s]
#   unit {"file": "k4_certs_4_n4_3.json.gz", "pos": 326} k4_certs_4_n4_3.json.gz#326[m=10,idx=8]: start [0, 0, 0, 0, 0, 1, -2, -14, 3] best [0, 0, 0, 0, 0, 2, -1, -8, 15] chain profiles 0 (states 0), maxw 0, DL_RC fails 0, key form fails 0; 14600 evals [6 s]
#   unit {"file": "k4_certs_4_n4_3.json.gz", "pos": 327} k4_certs_4_n4_3.json.gz#327[m=10,idx=9]: start [0, 0, 0, 0, 0, 2, -2, -14, 13] best [0, 0, 0, 0, 0, 2, -2, -12, 10] chain profiles 0 (states 0), maxw 0, DL_RC fails 0, key form fails 0; 14600 evals [7 s]
#   unit {"file": "k4_certs_4_n4_3.json.gz", "pos": 329} k4_certs_4_n4_3.json.gz#329[m=10,idx=11]: start [0, 0, 0, 0, 0, 1, -2, -27, 2] best [0, 0, 0, 0, 0, 1, -1, -24, 1] chain profiles 0 (states 0), maxw 0, DL_RC fails 0, key form fails 0; 14600 evals [6 s]
#   unit {"file": "k4_certs_4_n4_3.json.gz", "pos": 328} k4_certs_4_n4_3.json.gz#328[m=10,idx=10]: start [0, 0, 0, 0, 0, 2, -2, -29, 12] best [0, 0, 0, 0, 0, 2, -2, -12, 12] chain profiles 0 (states 0), maxw 0, DL_RC fails 0, key form fails 0; 14600 evals [7 s]
#   unit {"file": "k4_certs_4_n4_3.json.gz", "pos": 330} k4_certs_4_n4_3.json.gz#330[m=10,idx=12]: start [0, 0, 0, 0, 0, 1, -2, -18, 3] best [0, 0, 0, 0, 0, 2, -2, -9, 4] chain profiles 0 (states 0), maxw 0, DL_RC fails 0, key form fails 0; 14600 evals [7 s]
#   unit {"file": "k4_certs_4_n4_3.json.gz", "pos": 331} k4_certs_4_n4_3.json.gz#331[m=10,idx=13]: start [0, 0, 0, 0, 0, 1, -2, -25, 3] best [0, 0, 0, 0, 0, 2, -2, -8, 2] chain profiles 0 (states 0), maxw 0, DL_RC fails 0, key form fails 0; 14600 evals [6 s]
#   unit {"file": "k4_certs_4_n4_3.json.gz", "pos": 332} k4_certs_4_n4_3.json.gz#332[m=10,idx=14]: start [0, 0, 0, 0, 0, 1, -2, -12, 3] best [0, 0, 0, 0, 0, 1, -2, -7, 4] chain profiles 0 (states 0), maxw 0, DL_RC fails 0, key form fails 0; 14600 evals [6 s]
#   unit {"file": "k4_certs_4_n4_3.json.gz", "pos": 333} k4_certs_4_n4_3.json.gz#333[m=10,idx=15]: start [0, 0, 0, 0, 0, 1, -2, -27, 11] best [0, 0, 0, 0, 0, 2, -2, -17, 28] chain profiles 0 (states 0), maxw 0, DL_RC fails 0, key form fails 0; 14600 evals [10 s]
#   unit {"file": "k4_certs_4_n4_3.json.gz", "pos": 334} k4_certs_4_n4_3.json.gz#334[m=10,idx=16]: start [0, 0, 0, 0, 0, 1, -1, -57, 4] best [0, 0, 0, 0, 0, 2, -2, -10, 18] chain profiles 0 (states 0), maxw 0, DL_RC fails 0, key form fails 0; 14600 evals [9 s]
#   unit {"file": "k4_certs_4_n4_3.json.gz", "pos": 335} k4_certs_4_n4_3.json.gz#335[m=10,idx=17]: start [0, 0, 0, 0, 0, 1, -2, -23, 2] best [0, 0, 0, 0, 0, 2, -2, -23, 2] chain profiles 0 (states 0), maxw 0, DL_RC fails 0, key form fails 0; 14600 evals [9 s]
#   unit {"file": "k4_certs_4_n4_3.json.gz", "pos": 336} k4_certs_4_n4_3.json.gz#336[m=10,idx=18]: start [0, 0, 0, 0, 0, 0, -1000000, -1000000, 0] best [0, 0, 0, 0, 0, 1, -1, -26, 2] chain profiles 0 (states 0), maxw 0, DL_RC fails 0, key form fails 0; 14600 evals [8 s]
#   unit {"file": "k4_certs_4_n4_3.json.gz", "pos": 337} k4_certs_4_n4_3.json.gz#337[m=10,idx=19]: start [0, 0, 0, 0, 0, 1, -2, -33, 2] best [0, 0, 0, 0, 0, 1, -2, -11, 6] chain profiles 0 (states 0), maxw 0, DL_RC fails 0, key form fails 0; 14600 evals [5 s]
#   unit {"file": "k4_certs_4_n4_3.json.gz", "pos": 338} k4_certs_4_n4_3.json.gz#338[m=11,idx=0]: start [0, 0, 0, 0, 0, 1, -2, -13, 6] best [0, 0, 0, 0, 0, 1, -2, -11, 6] chain profiles 0 (states 0), maxw 0, DL_RC fails 0, key form fails 0; 14600 evals [6 s]
TOTAL n4_n4_3_k3: units 339, profiles evaluated 4949400 (with repeats; def > 0 states with f >= 1 in them: 1917054), unit time 1380 s (this session 347 s wall); units reaching a chain state 0, distinct chain profiles 0 (chain states 0), largest least |W| at a chain state 0; units with a DL_RC failure 0, with a key-form failure 0
best units (score order rcf kf chain chain3 c3 kstar -gap -minmv st1):
  {"file": "k4_certs_4_n4_3.json.gz", "pos": 258} k4_certs_4_n4_3.json.gz#258[m=9,idx=12] n=4 m=9 best [0, 0, 0, 0, 0, 2, -1, -5, 4] prof [7, 8, 0, 95] H {'f': 2, 'st1': 4, 'rt4f': 0, 'rcf': 0, 'ch': 0, 'ch3': 0, 'chw2': 0, 'gap': 1, 'c3': 0, 'mv': 5, 'kf': 0, 'kfk': 0, 'maxw': 0, 'kstar': 2}
  {"file": "k4_certs_4_n4_3.json.gz", "pos": 254} k4_certs_4_n4_3.json.gz#254[m=9,idx=8] n=4 m=9 best [0, 0, 0, 0, 0, 2, -1, -5, 3] prof [14, 8, 52, 0] H {'f': 2, 'st1': 3, 'rt4f': 0, 'rcf': 0, 'ch': 0, 'ch3': 0, 'chw2': 0, 'gap': 1, 'c3': 0, 'mv': 5, 'kf': 0, 'kfk': 0, 'maxw': 0, 'kstar': 2}
  {"file": "k4_certs_4_n4_3.json.gz", "pos": 326} k4_certs_4_n4_3.json.gz#326[m=10,idx=8] n=4 m=10 best [0, 0, 0, 0, 0, 2, -1, -8, 15] prof [34, 98, 7, 0] H {'f': 2, 'st1': 15, 'rt4f': 0, 'rcf': 0, 'ch': 0, 'ch3': 0, 'chw2': 0, 'gap': 1, 'c3': 0, 'mv': 8, 'kf': 0, 'kfk': 0, 'maxw': 0, 'kstar': 2}
  {"file": "k4_certs_4_n4_3.json.gz", "pos": 194} k4_certs_4_n4_3.json.gz#194[m=8,idx=57] n=4 m=8 best [0, 0, 0, 0, 0, 2, -1, -11, 7] prof [8, 0, 80, 6] H {'f': 2, 'st1': 7, 'rt4f': 0, 'rcf': 0, 'ch': 0, 'ch3': 0, 'chw2': 0, 'gap': 1, 'c3': 0, 'mv': 11, 'kf': 0, 'kfk': 0, 'maxw': 0, 'kstar': 2}
  {"file": "k4_certs_4_n4_3.json.gz", "pos": 27} k4_certs_4_n4_3.json.gz#27[m=6,idx=18] n=4 m=6 best [0, 0, 0, 0, 0, 2, -1, -12, 8] prof [22, 45, 42, 3] H {'f': 3, 'st1': 8, 'rt4f': 0, 'rcf': 0, 'ch': 0, 'ch3': 0, 'chw2': 0, 'gap': 1, 'c3': 0, 'mv': 12, 'kf': 0, 'kfk': 0, 'maxw': 0, 'kstar': 2}
  {"file": "k4_certs_4_n4_3.json.gz", "pos": 26} k4_certs_4_n4_3.json.gz#26[m=6,idx=17] n=4 m=6 best [0, 0, 0, 0, 0, 2, -1, -12, 8] prof [155, 9, 22, 3] H {'f': 3, 'st1': 8, 'rt4f': 0, 'rcf': 0, 'ch': 0, 'ch3': 0, 'chw2': 0, 'gap': 1, 'c3': 0, 'mv': 12, 'kf': 0, 'kfk': 0, 'maxw': 0, 'kstar': 2}
  {"file": "k4_certs_4_n4_3.json.gz", "pos": 10} k4_certs_4_n4_3.json.gz#10[m=6,idx=1] n=4 m=6 best [0, 0, 0, 0, 0, 2, -1, -12, 6] prof [34, 274, 227, 4] H {'f': 3, 'st1': 6, 'rt4f': 0, 'rcf': 0, 'ch': 0, 'ch3': 0, 'chw2': 0, 'gap': 1, 'c3': 0, 'mv': 12, 'kf': 0, 'kfk': 0, 'maxw': 0, 'kstar': 2}
  {"file": "k4_certs_4_n4_3.json.gz", "pos": 9} k4_certs_4_n4_3.json.gz#9[m=6,idx=0] n=4 m=6 best [0, 0, 0, 0, 0, 2, -1, -12, 6] prof [8, 2, 74, 2] H {'f': 3, 'st1': 6, 'rt4f': 0, 'rcf': 0, 'ch': 0, 'ch3': 0, 'chw2': 0, 'gap': 1, 'c3': 0, 'mv': 12, 'kf': 0, 'kfk': 0, 'maxw': 0, 'kstar': 2}
  {"file": "k4_certs_4_n4_3.json.gz", "pos": 19} k4_certs_4_n4_3.json.gz#19[m=6,idx=10] n=4 m=6 best [0, 0, 0, 0, 0, 2, -1, -12, 6] prof [36, 4, 7, 8] H {'f': 3, 'st1': 6, 'rt4f': 0, 'rcf': 0, 'ch': 0, 'ch3': 0, 'chw2': 0, 'gap': 1, 'c3': 0, 'mv': 12, 'kf': 0, 'kfk': 0, 'maxw': 0, 'kstar': 2}
  {"file": "k4_certs_4_n4_3.json.gz", "pos": 58} k4_certs_4_n4_3.json.gz#58[m=7,idx=11] n=4 m=7 best [0, 0, 0, 0, 0, 2, -1, -12, 6] prof [36, 65, 10, 2] H {'f': 3, 'st1': 6, 'rt4f': 0, 'rcf': 0, 'ch': 0, 'ch3': 0, 'chw2': 0, 'gap': 1, 'c3': 0, 'mv': 12, 'kf': 0, 'kfk': 0, 'maxw': 0, 'kstar': 2}
  {"file": "k4_certs_4_n4_3.json.gz", "pos": 69} k4_certs_4_n4_3.json.gz#69[m=7,idx=22] n=4 m=7 best [0, 0, 0, 0, 0, 2, -1, -12, 6] prof [31, 45, 42, 5] H {'f': 3, 'st1': 6, 'rt4f': 0, 'rcf': 0, 'ch': 0, 'ch3': 0, 'chw2': 0, 'gap': 1, 'c3': 0, 'mv': 12, 'kf': 0, 'kfk': 0, 'maxw': 0, 'kstar': 2}
  {"file": "k4_certs_4_n4_3.json.gz", "pos": 12} k4_certs_4_n4_3.json.gz#12[m=6,idx=3] n=4 m=6 best [0, 0, 0, 0, 0, 2, -1, -12, 4] prof [42, 45, 31, 5] H {'f': 3, 'st1': 4, 'rt4f': 0, 'rcf': 0, 'ch': 0, 'ch3': 0, 'chw2': 0, 'gap': 1, 'c3': 0, 'mv': 12, 'kf': 0, 'kfk': 0, 'maxw': 0, 'kstar': 2}
  {"file": "k4_certs_4_n4_3.json.gz", "pos": 60} k4_certs_4_n4_3.json.gz#60[m=7,idx=13] n=4 m=7 best [0, 0, 0, 0, 0, 2, -1, -12, 4] prof [36, 30, 212, 0] H {'f': 3, 'st1': 4, 'rt4f': 0, 'rcf': 0, 'ch': 0, 'ch3': 0, 'chw2': 0, 'gap': 1, 'c3': 0, 'mv': 12, 'kf': 0, 'kfk': 0, 'maxw': 0, 'kstar': 2}
  {"file": "k4_certs_4_n4_3.json.gz", "pos": 62} k4_certs_4_n4_3.json.gz#62[m=7,idx=15] n=4 m=7 best [0, 0, 0, 0, 0, 2, -1, -12, 4] prof [8, 0, 212, 212] H {'f': 3, 'st1': 4, 'rt4f': 0, 'rcf': 0, 'ch': 0, 'ch3': 0, 'chw2': 0, 'gap': 1, 'c3': 0, 'mv': 12, 'kf': 0, 'kfk': 0, 'maxw': 0, 'kstar': 2}
  {"file": "k4_certs_4_n4_3.json.gz", "pos": 70} k4_certs_4_n4_3.json.gz#70[m=7,idx=23] n=4 m=7 best [0, 0, 0, 0, 0, 2, -1, -12, 4] prof [91, 30, 0, 30] H {'f': 3, 'st1': 4, 'rt4f': 0, 'rcf': 0, 'ch': 0, 'ch3': 0, 'chw2': 0, 'gap': 1, 'c3': 0, 'mv': 12, 'kf': 0, 'kfk': 0, 'maxw': 0, 'kstar': 2}
