# command: python3 k4/dlrc_hunt.py shrink_cores_4515 instcores results/k4_rc/rc_shrink_cores_4515_inst.json --reps=4 --steps=1000 --bt=0.8 --jobs=2 --seed=71
# dlrc.c sha256 f1cf4cc169a347625e5a84bd9c7a8c218f791de6e2a7ce466f59ce357000b1f7; dlrc_hunt.py sha256 fe0fa5082f6dde3e89d9e338cd7f508db3a25be24e4328aea29bfdf82b38189f
# instcores results/k4_rc/rc_shrink_cores_4515_inst.json: 84 units, 84 to run, 0 from the checkpoint; options {'steps': 1000, 'batch': 24, 'obj': 'std', 'bt': 0.8, 'seed': 71, 'init': 200, 'stale': 40}
#   unit {"inst": 0, "rep": 0} core 4515 minus goods [0]: start [0, 0, 0, 0, -1000000, 0, 0, -1000000, 0] best [0, 0, 0, 0, -2, 0, 1, -25, 1] chain profiles 0 (states 0), maxw 0, DL_RC fails 0, key form fails 0; 24200 evals [14 s]
#   unit {"inst": 1, "rep": 0} core 4515 minus goods [1]: start [0, 0, 0, 0, -3, 0, 1, -32, 1] best [0, 0, 0, 0, -2, 0, 2, -25, 4] chain profiles 0 (states 0), maxw 0, DL_RC fails 0, key form fails 0; 24200 evals [14 s]
#   unit {"inst": 2, "rep": 0} core 4515 minus goods [2]: start [0, 0, 0, 0, -2, 0, 1, -178, 8] best [0, 0, 0, 0, -2, 0, 1, -11, 3] chain profiles 0 (states 0), maxw 0, DL_RC fails 0, key form fails 0; 24200 evals [12 s]
#   unit {"inst": 3, "rep": 0} core 4515 minus goods [3]: start [0, 0, 0, 0, -3, 0, 1, -15, 1] best [0, 0, 0, 0, -2, 2, 3, -10, 10] chain profiles 0 (states 0), maxw 0, DL_RC fails 0, key form fails 0; 24200 evals [13 s]
#   unit {"inst": 4, "rep": 0} core 4515 minus goods [5]: start [0, 0, 0, 0, -3, 0, 1, -183, 5] best [0, 0, 0, 0, -2, 0, 1, -49, 1] chain profiles 0 (states 0), maxw 0, DL_RC fails 0, key form fails 0; 24200 evals [11 s]
#   unit {"inst": 5, "rep": 0} core 4515 minus goods [9]: start [0, 0, 0, 0, -1000000, 0, 0, -1000000, 0] best [0, 0, 0, 0, -1000000, 0, 0, -1000000, 0] chain profiles 0 (states 0), maxw 0, DL_RC fails 0, key form fails 0; 24001 evals [13 s]
#   unit {"inst": 6, "rep": 0} core 4515 minus goods [10]: start [0, 0, 0, 0, -3, 0, 1, -56, 1] best [0, 0, 0, 0, -2, 0, 1, -29, 1] chain profiles 0 (states 0), maxw 0, DL_RC fails 0, key form fails 0; 24200 evals [11 s]
#   unit {"inst": 7, "rep": 0} core 4515 minus goods [0, 1]: start [0, 0, 0, 0, -1000000, 0, 0, -1000000, 0] best [0, 0, 0, 0, -2, 0, 1, -18, 1] chain profiles 0 (states 0), maxw 0, DL_RC fails 0, key form fails 0; 24200 evals [6 s]
#   unit {"inst": 9, "rep": 0} core 4515 minus goods [0, 5]: start [0, 0, 0, 0, -1000000, 0, 0, -1000000, 0] best [0, 0, 0, 0, -1000000, 0, 0, -1000000, 0] chain profiles 0 (states 0), maxw 0, DL_RC fails 0, key form fails 0; 24200 evals [4 s]
#   unit {"inst": 8, "rep": 0} core 4515 minus goods [0, 3]: start [0, 0, 0, 0, -1000000, 0, 0, -1000000, 0] best [0, 0, 0, 0, -3, 0, 1, -30, 1] chain profiles 0 (states 0), maxw 0, DL_RC fails 0, key form fails 0; 24200 evals [6 s]
#   unit {"inst": 10, "rep": 0} core 4515 minus goods [0, 9]: start [0, 0, 0, 0, -1000000, 0, 0, -1000000, 0] best [0, 0, 0, 0, -1000000, 0, 0, -1000000, 0] chain profiles 0 (states 0), maxw 0, DL_RC fails 0, key form fails 0; 24200 evals [4 s]
#   unit {"inst": 11, "rep": 0} core 4515 minus goods [0, 10]: start [0, 0, 0, 0, -1000000, 0, 0, -1000000, 0] best [0, 0, 0, 0, -1000000, 0, 0, -1000000, 0] chain profiles 0 (states 0), maxw 0, DL_RC fails 0, key form fails 0; 24200 evals [5 s]
#   unit {"inst": 13, "rep": 0} core 4515 minus goods [1, 5]: start [0, 0, 0, 0, -1000000, 0, 0, -1000000, 0] best [0, 0, 0, 0, -1000000, 0, 0, -1000000, 0] chain profiles 0 (states 0), maxw 0, DL_RC fails 0, key form fails 0; 24200 evals [5 s]
#   unit {"inst": 12, "rep": 0} core 4515 minus goods [1, 3]: start [0, 0, 0, 0, -1000000, 0, 0, -1000000, 0] best [0, 0, 0, 0, -2, 0, 1, -16, 2] chain profiles 0 (states 0), maxw 0, DL_RC fails 0, key form fails 0; 24200 evals [8 s]
#   unit {"inst": 14, "rep": 0} core 4515 minus goods [1, 9]: start [0, 0, 0, 0, -1000000, 0, 0, -1000000, 0] best [0, 0, 0, 0, -1000000, 0, 0, -1000000, 0] chain profiles 0 (states 0), maxw 0, DL_RC fails 0, key form fails 0; 24200 evals [4 s]
#   unit {"inst": 15, "rep": 0} core 4515 minus goods [2, 3]: start [0, 0, 0, 0, -1000000, 0, 0, -1000000, 0] best [0, 0, 0, 0, -1000000, 0, 0, -1000000, 0] chain profiles 0 (states 0), maxw 0, DL_RC fails 0, key form fails 0; 24200 evals [6 s]
#   unit {"inst": 16, "rep": 0} core 4515 minus goods [2, 5]: start [0, 0, 0, 0, -1000000, 0, 0, -1000000, 0] best [0, 0, 0, 0, -1000000, 0, 0, -1000000, 0] chain profiles 0 (states 0), maxw 0, DL_RC fails 0, key form fails 0; 24200 evals [5 s]
#   unit {"inst": 17, "rep": 0} core 4515 minus goods [2, 9]: start [0, 0, 0, 0, -1000000, 0, 0, -1000000, 0] best [0, 0, 0, 0, -1000000, 0, 0, -1000000, 0] chain profiles 0 (states 0), maxw 0, DL_RC fails 0, key form fails 0; 24200 evals [4 s]
#   unit {"inst": 18, "rep": 0} core 4515 minus goods [2, 10]: start [0, 0, 0, 0, -1000000, 0, 0, -1000000, 0] best [0, 0, 0, 0, -1000000, 0, 0, -1000000, 0] chain profiles 0 (states 0), maxw 0, DL_RC fails 0, key form fails 0; 24200 evals [5 s]
#   unit {"inst": 19, "rep": 0} core 4515 minus goods [3, 5]: start [0, 0, 0, 0, -1000000, 0, 0, -1000000, 0] best [0, 0, 0, 0, -1000000, 0, 0, -1000000, 0] chain profiles 0 (states 0), maxw 0, DL_RC fails 0, key form fails 0; 24200 evals [5 s]
#   unit {"inst": 20, "rep": 0} core 4515 minus goods [5, 10]: start [0, 0, 0, 0, -1000000, 0, 0, -1000000, 0] best [0, 0, 0, 0, -1000000, 0, 0, -1000000, 0] chain profiles 0 (states 0), maxw 0, DL_RC fails 0, key form fails 0; 24200 evals [4 s]
#   unit {"inst": 0, "rep": 1} core 4515 minus goods [0]: start [0, 0, 0, 0, -3, 0, 1, -196, 8] best [0, 0, 0, 0, -2, 0, 1, -25, 1] chain profiles 0 (states 0), maxw 0, DL_RC fails 0, key form fails 0; 24200 evals [13 s]
#   unit {"inst": 1, "rep": 1} core 4515 minus goods [1]: start [0, 0, 0, 0, -2, 0, 1, -61, 4] best [0, 0, 0, 0, -2, 0, 2, -25, 4] chain profiles 0 (states 0), maxw 0, DL_RC fails 0, key form fails 0; 24200 evals [14 s]
#   unit {"inst": 2, "rep": 1} core 4515 minus goods [2]: start [0, 0, 0, 0, -3, 0, 1, -110, 2] best [0, 0, 0, 0, -2, 0, 1, -24, 1] chain profiles 0 (states 0), maxw 0, DL_RC fails 0, key form fails 0; 24200 evals [14 s]
#   unit {"inst": 3, "rep": 1} core 4515 minus goods [3]: start [0, 0, 0, 0, -3, 0, 1, -35, 2] best [0, 0, 0, 0, -2, 0, 1, -19, 1] chain profiles 0 (states 0), maxw 0, DL_RC fails 0, key form fails 0; 24200 evals [14 s]
#   unit {"inst": 4, "rep": 1} core 4515 minus goods [5]: start [0, 0, 0, 0, -3, 0, 1, -24, 1] best [0, 0, 0, 0, -2, 0, 1, -26, 4] chain profiles 0 (states 0), maxw 0, DL_RC fails 0, key form fails 0; 24200 evals [12 s]
#   unit {"inst": 5, "rep": 1} core 4515 minus goods [9]: start [0, 0, 0, 0, -1000000, 0, 0, -1000000, 0] best [0, 0, 0, 0, -1000000, 0, 0, -1000000, 0] chain profiles 0 (states 0), maxw 0, DL_RC fails 0, key form fails 0; 24001 evals [14 s]
#   unit {"inst": 7, "rep": 1} core 4515 minus goods [0, 1]: start [0, 0, 0, 0, -1000000, 0, 0, -1000000, 0] best [0, 0, 0, 0, -1000000, 0, 0, -1000000, 0] chain profiles 0 (states 0), maxw 0, DL_RC fails 0, key form fails 0; 24200 evals [6 s]
#   unit {"inst": 6, "rep": 1} core 4515 minus goods [10]: start [0, 0, 0, 0, -2, 0, 1, -113, 4] best [0, 0, 0, 0, -2, 0, 1, -29, 1] chain profiles 0 (states 0), maxw 0, DL_RC fails 0, key form fails 0; 24200 evals [11 s]
#   unit {"inst": 9, "rep": 1} core 4515 minus goods [0, 5]: start [0, 0, 0, 0, -1000000, 0, 0, -1000000, 0] best [0, 0, 0, 0, -1000000, 0, 0, -1000000, 0] chain profiles 0 (states 0), maxw 0, DL_RC fails 0, key form fails 0; 24200 evals [5 s]
#   unit {"inst": 8, "rep": 1} core 4515 minus goods [0, 3]: start [0, 0, 0, 0, -1000000, 0, 0, -1000000, 0] best [0, 0, 0, 0, -1000000, 0, 0, -1000000, 0] chain profiles 0 (states 0), maxw 0, DL_RC fails 0, key form fails 0; 24200 evals [6 s]
#   unit {"inst": 10, "rep": 1} core 4515 minus goods [0, 9]: start [0, 0, 0, 0, -1000000, 0, 0, -1000000, 0] best [0, 0, 0, 0, -1000000, 0, 0, -1000000, 0] chain profiles 0 (states 0), maxw 0, DL_RC fails 0, key form fails 0; 24200 evals [4 s]
#   unit {"inst": 11, "rep": 1} core 4515 minus goods [0, 10]: start [0, 0, 0, 0, -1000000, 0, 0, -1000000, 0] best [0, 0, 0, 0, -1000000, 0, 0, -1000000, 0] chain profiles 0 (states 0), maxw 0, DL_RC fails 0, key form fails 0; 24200 evals [5 s]
#   unit {"inst": 13, "rep": 1} core 4515 minus goods [1, 5]: start [0, 0, 0, 0, -1000000, 0, 0, -1000000, 0] best [0, 0, 0, 0, -1000000, 0, 0, -1000000, 0] chain profiles 0 (states 0), maxw 0, DL_RC fails 0, key form fails 0; 24200 evals [5 s]
#   unit {"inst": 12, "rep": 1} core 4515 minus goods [1, 3]: start [0, 0, 0, 0, -1000000, 0, 0, -1000000, 0] best [0, 0, 0, 0, -2, 0, 1, -16, 2] chain profiles 0 (states 0), maxw 0, DL_RC fails 0, key form fails 0; 24200 evals [8 s]
#   unit {"inst": 14, "rep": 1} core 4515 minus goods [1, 9]: start [0, 0, 0, 0, -1000000, 0, 0, -1000000, 0] best [0, 0, 0, 0, -1000000, 0, 0, -1000000, 0] chain profiles 0 (states 0), maxw 0, DL_RC fails 0, key form fails 0; 24200 evals [4 s]
#   unit {"inst": 15, "rep": 1} core 4515 minus goods [2, 3]: start [0, 0, 0, 0, -1000000, 0, 0, -1000000, 0] best [0, 0, 0, 0, -1000000, 0, 0, -1000000, 0] chain profiles 0 (states 0), maxw 0, DL_RC fails 0, key form fails 0; 24200 evals [6 s]
#   unit {"inst": 16, "rep": 1} core 4515 minus goods [2, 5]: start [0, 0, 0, 0, -1000000, 0, 0, -1000000, 0] best [0, 0, 0, 0, -1000000, 0, 0, -1000000, 0] chain profiles 0 (states 0), maxw 0, DL_RC fails 0, key form fails 0; 24200 evals [4 s]
#   unit {"inst": 17, "rep": 1} core 4515 minus goods [2, 9]: start [0, 0, 0, 0, -1000000, 0, 0, -1000000, 0] best [0, 0, 0, 0, -1000000, 0, 0, -1000000, 0] chain profiles 0 (states 0), maxw 0, DL_RC fails 0, key form fails 0; 24200 evals [4 s]
#   unit {"inst": 18, "rep": 1} core 4515 minus goods [2, 10]: start [0, 0, 0, 0, -1000000, 0, 0, -1000000, 0] best [0, 0, 0, 0, -1000000, 0, 0, -1000000, 0] chain profiles 0 (states 0), maxw 0, DL_RC fails 0, key form fails 0; 24200 evals [5 s]
#   unit {"inst": 19, "rep": 1} core 4515 minus goods [3, 5]: start [0, 0, 0, 0, -1000000, 0, 0, -1000000, 0] best [0, 0, 0, 0, -1000000, 0, 0, -1000000, 0] chain profiles 0 (states 0), maxw 0, DL_RC fails 0, key form fails 0; 24200 evals [5 s]
#   unit {"inst": 20, "rep": 1} core 4515 minus goods [5, 10]: start [0, 0, 0, 0, -1000000, 0, 0, -1000000, 0] best [0, 0, 0, 0, -1000000, 0, 0, -1000000, 0] chain profiles 0 (states 0), maxw 0, DL_RC fails 0, key form fails 0; 24200 evals [4 s]
#   unit {"inst": 0, "rep": 2} core 4515 minus goods [0]: start [0, 0, 0, 0, -3, 0, 1, -112, 4] best [0, 0, 0, 0, -2, 0, 1, -11, 3] chain profiles 0 (states 0), maxw 0, DL_RC fails 0, key form fails 0; 24200 evals [11 s]
#   unit {"inst": 1, "rep": 2} core 4515 minus goods [1]: start [0, 0, 0, 0, -2, 0, 1, -41, 2] best [0, 0, 0, 0, -1, 0, 1, -20, 5] chain profiles 0 (states 0), maxw 0, DL_RC fails 0, key form fails 0; 24200 evals [13 s]
#   unit {"inst": 2, "rep": 2} core 4515 minus goods [2]: start [0, 0, 0, 0, -3, 0, 1, -68, 1] best [0, 0, 0, 0, -2, 0, 1, -15, 1] chain profiles 0 (states 0), maxw 0, DL_RC fails 0, key form fails 0; 24200 evals [12 s]
#   unit {"inst": 3, "rep": 2} core 4515 minus goods [3]: start [0, 0, 0, 0, -2, 0, 1, -28, 3] best [0, 0, 0, 0, -2, 2, 3, -10, 10] chain profiles 0 (states 0), maxw 0, DL_RC fails 0, key form fails 0; 24200 evals [14 s]
#   unit {"inst": 4, "rep": 2} core 4515 minus goods [5]: start [0, 0, 0, 0, -1000000, 0, 0, -1000000, 0] best [0, 0, 0, 0, -2, 0, 1, -26, 4] chain profiles 0 (states 0), maxw 0, DL_RC fails 0, key form fails 0; 24200 evals [12 s]
#   unit {"inst": 5, "rep": 2} core 4515 minus goods [9]: start [0, 0, 0, 0, -1000000, 0, 0, -1000000, 0] best [0, 0, 0, 0, -1000000, 0, 0, -1000000, 0] chain profiles 0 (states 0), maxw 0, DL_RC fails 0, key form fails 0; 24001 evals [14 s]
#   unit {"inst": 6, "rep": 2} core 4515 minus goods [10]: start [0, 0, 0, 0, -3, 0, 1, -109, 4] best [0, 0, 0, 0, -2, 0, 1, -28, 1] chain profiles 0 (states 0), maxw 0, DL_RC fails 0, key form fails 0; 24200 evals [11 s]
#   unit {"inst": 7, "rep": 2} core 4515 minus goods [0, 1]: start [0, 0, 0, 0, -1000000, 0, 0, -1000000, 0] best [0, 0, 0, 0, -2, 0, 1, -18, 1] chain profiles 0 (states 0), maxw 0, DL_RC fails 0, key form fails 0; 24200 evals [7 s]
#   unit {"inst": 8, "rep": 2} core 4515 minus goods [0, 3]: start [0, 0, 0, 0, -1000000, 0, 0, -1000000, 0] best [0, 0, 0, 0, -1000000, 0, 0, -1000000, 0] chain profiles 0 (states 0), maxw 0, DL_RC fails 0, key form fails 0; 24200 evals [6 s]
#   unit {"inst": 9, "rep": 2} core 4515 minus goods [0, 5]: start [0, 0, 0, 0, -1000000, 0, 0, -1000000, 0] best [0, 0, 0, 0, -1000000, 0, 0, -1000000, 0] chain profiles 0 (states 0), maxw 0, DL_RC fails 0, key form fails 0; 24200 evals [5 s]
#   unit {"inst": 10, "rep": 2} core 4515 minus goods [0, 9]: start [0, 0, 0, 0, -1000000, 0, 0, -1000000, 0] best [0, 0, 0, 0, -1000000, 0, 0, -1000000, 0] chain profiles 0 (states 0), maxw 0, DL_RC fails 0, key form fails 0; 24200 evals [4 s]
#   unit {"inst": 11, "rep": 2} core 4515 minus goods [0, 10]: start [0, 0, 0, 0, -1000000, 0, 0, -1000000, 0] best [0, 0, 0, 0, -1000000, 0, 0, -1000000, 0] chain profiles 0 (states 0), maxw 0, DL_RC fails 0, key form fails 0; 24200 evals [5 s]
#   unit {"inst": 13, "rep": 2} core 4515 minus goods [1, 5]: start [0, 0, 0, 0, -1000000, 0, 0, -1000000, 0] best [0, 0, 0, 0, -1000000, 0, 0, -1000000, 0] chain profiles 0 (states 0), maxw 0, DL_RC fails 0, key form fails 0; 24200 evals [5 s]
#   unit {"inst": 12, "rep": 2} core 4515 minus goods [1, 3]: start [0, 0, 0, 0, -1000000, 0, 0, -1000000, 0] best [0, 0, 0, 0, -2, 0, 1, -16, 2] chain profiles 0 (states 0), maxw 0, DL_RC fails 0, key form fails 0; 24200 evals [8 s]
#   unit {"inst": 14, "rep": 2} core 4515 minus goods [1, 9]: start [0, 0, 0, 0, -1000000, 0, 0, -1000000, 0] best [0, 0, 0, 0, -1000000, 0, 0, -1000000, 0] chain profiles 0 (states 0), maxw 0, DL_RC fails 0, key form fails 0; 24200 evals [4 s]
#   unit {"inst": 15, "rep": 2} core 4515 minus goods [2, 3]: start [0, 0, 0, 0, -1000000, 0, 0, -1000000, 0] best [0, 0, 0, 0, -1000000, 0, 0, -1000000, 0] chain profiles 0 (states 0), maxw 0, DL_RC fails 0, key form fails 0; 24200 evals [6 s]
#   unit {"inst": 16, "rep": 2} core 4515 minus goods [2, 5]: start [0, 0, 0, 0, -1000000, 0, 0, -1000000, 0] best [0, 0, 0, 0, -1000000, 0, 0, -1000000, 0] chain profiles 0 (states 0), maxw 0, DL_RC fails 0, key form fails 0; 24200 evals [5 s]
#   unit {"inst": 17, "rep": 2} core 4515 minus goods [2, 9]: start [0, 0, 0, 0, -1000000, 0, 0, -1000000, 0] best [0, 0, 0, 0, -1000000, 0, 0, -1000000, 0] chain profiles 0 (states 0), maxw 0, DL_RC fails 0, key form fails 0; 24200 evals [4 s]
#   unit {"inst": 18, "rep": 2} core 4515 minus goods [2, 10]: start [0, 0, 0, 0, -1000000, 0, 0, -1000000, 0] best [0, 0, 0, 0, -1000000, 0, 0, -1000000, 0] chain profiles 0 (states 0), maxw 0, DL_RC fails 0, key form fails 0; 24200 evals [5 s]
#   unit {"inst": 19, "rep": 2} core 4515 minus goods [3, 5]: start [0, 0, 0, 0, -1000000, 0, 0, -1000000, 0] best [0, 0, 0, 0, -1000000, 0, 0, -1000000, 0] chain profiles 0 (states 0), maxw 0, DL_RC fails 0, key form fails 0; 24200 evals [5 s]
#   unit {"inst": 20, "rep": 2} core 4515 minus goods [5, 10]: start [0, 0, 0, 0, -1000000, 0, 0, -1000000, 0] best [0, 0, 0, 0, -1000000, 0, 0, -1000000, 0] chain profiles 0 (states 0), maxw 0, DL_RC fails 0, key form fails 0; 24200 evals [4 s]
#   unit {"inst": 0, "rep": 3} core 4515 minus goods [0]: start [0, 0, 0, 0, -3, 0, 1, -76, 1] best [0, 0, 0, 0, -2, 0, 1, -11, 3] chain profiles 0 (states 0), maxw 0, DL_RC fails 0, key form fails 0; 24200 evals [12 s]
#   unit {"inst": 1, "rep": 3} core 4515 minus goods [1]: start [0, 0, 0, 0, -2, 0, 1, -30, 3] best [0, 0, 0, 0, -2, 0, 1, -17, 2] chain profiles 0 (states 0), maxw 0, DL_RC fails 0, key form fails 0; 24200 evals [12 s]
#   unit {"inst": 2, "rep": 3} core 4515 minus goods [2]: start [0, 0, 0, 0, -2, 0, 1, -127, 2] best [0, 0, 0, 0, -2, 0, 1, -11, 3] chain profiles 0 (states 0), maxw 0, DL_RC fails 0, key form fails 0; 24200 evals [11 s]
#   unit {"inst": 3, "rep": 3} core 4515 minus goods [3]: start [0, 0, 0, 0, -1000000, 0, 0, -1000000, 0] best [0, 0, 0, 0, -2, 2, 3, -10, 10] chain profiles 0 (states 0), maxw 0, DL_RC fails 0, key form fails 0; 24200 evals [14 s]
#   unit {"inst": 4, "rep": 3} core 4515 minus goods [5]: start [0, 0, 0, 0, -4, 0, 1, -107, 1] best [0, 0, 0, 0, -2, 0, 1, -49, 1] chain profiles 0 (states 0), maxw 0, DL_RC fails 0, key form fails 0; 24200 evals [11 s]
#   unit {"inst": 5, "rep": 3} core 4515 minus goods [9]: start [0, 0, 0, 0, -1000000, 0, 0, -1000000, 0] best [0, 0, 0, 0, -1000000, 0, 0, -1000000, 0] chain profiles 0 (states 0), maxw 0, DL_RC fails 0, key form fails 0; 24001 evals [14 s]
#   unit {"inst": 6, "rep": 3} core 4515 minus goods [10]: start [0, 0, 0, 0, -3, 0, 1, -64, 2] best [0, 0, 0, 0, -2, 0, 1, -28, 1] chain profiles 0 (states 0), maxw 0, DL_RC fails 0, key form fails 0; 24200 evals [11 s]
#   unit {"inst": 7, "rep": 3} core 4515 minus goods [0, 1]: start [0, 0, 0, 0, -1000000, 0, 0, -1000000, 0] best [0, 0, 0, 0, -2, 0, 1, -18, 1] chain profiles 0 (states 0), maxw 0, DL_RC fails 0, key form fails 0; 24200 evals [6 s]
#   unit {"inst": 8, "rep": 3} core 4515 minus goods [0, 3]: start [0, 0, 0, 0, -1000000, 0, 0, -1000000, 0] best [0, 0, 0, 0, -1000000, 0, 0, -1000000, 0] chain profiles 0 (states 0), maxw 0, DL_RC fails 0, key form fails 0; 24200 evals [6 s]
#   unit {"inst": 9, "rep": 3} core 4515 minus goods [0, 5]: start [0, 0, 0, 0, -1000000, 0, 0, -1000000, 0] best [0, 0, 0, 0, -1000000, 0, 0, -1000000, 0] chain profiles 0 (states 0), maxw 0, DL_RC fails 0, key form fails 0; 24200 evals [5 s]
#   unit {"inst": 10, "rep": 3} core 4515 minus goods [0, 9]: start [0, 0, 0, 0, -1000000, 0, 0, -1000000, 0] best [0, 0, 0, 0, -1000000, 0, 0, -1000000, 0] chain profiles 0 (states 0), maxw 0, DL_RC fails 0, key form fails 0; 24200 evals [4 s]
#   unit {"inst": 11, "rep": 3} core 4515 minus goods [0, 10]: start [0, 0, 0, 0, -1000000, 0, 0, -1000000, 0] best [0, 0, 0, 0, -1000000, 0, 0, -1000000, 0] chain profiles 0 (states 0), maxw 0, DL_RC fails 0, key form fails 0; 24200 evals [5 s]
#   unit {"inst": 13, "rep": 3} core 4515 minus goods [1, 5]: start [0, 0, 0, 0, -1000000, 0, 0, -1000000, 0] best [0, 0, 0, 0, -1000000, 0, 0, -1000000, 0] chain profiles 0 (states 0), maxw 0, DL_RC fails 0, key form fails 0; 24200 evals [5 s]
#   unit {"inst": 12, "rep": 3} core 4515 minus goods [1, 3]: start [0, 0, 0, 0, -1000000, 0, 0, -1000000, 0] best [0, 0, 0, 0, -2, 0, 1, -16, 2] chain profiles 0 (states 0), maxw 0, DL_RC fails 0, key form fails 0; 24200 evals [9 s]
#   unit {"inst": 14, "rep": 3} core 4515 minus goods [1, 9]: start [0, 0, 0, 0, -1000000, 0, 0, -1000000, 0] best [0, 0, 0, 0, -1000000, 0, 0, -1000000, 0] chain profiles 0 (states 0), maxw 0, DL_RC fails 0, key form fails 0; 24200 evals [5 s]
#   unit {"inst": 15, "rep": 3} core 4515 minus goods [2, 3]: start [0, 0, 0, 0, -1000000, 0, 0, -1000000, 0] best [0, 0, 0, 0, -1000000, 0, 0, -1000000, 0] chain profiles 0 (states 0), maxw 0, DL_RC fails 0, key form fails 0; 24200 evals [6 s]
#   unit {"inst": 16, "rep": 3} core 4515 minus goods [2, 5]: start [0, 0, 0, 0, -1000000, 0, 0, -1000000, 0] best [0, 0, 0, 0, -1000000, 0, 0, -1000000, 0] chain profiles 0 (states 0), maxw 0, DL_RC fails 0, key form fails 0; 24200 evals [5 s]
#   unit {"inst": 17, "rep": 3} core 4515 minus goods [2, 9]: start [0, 0, 0, 0, -1000000, 0, 0, -1000000, 0] best [0, 0, 0, 0, -1000000, 0, 0, -1000000, 0] chain profiles 0 (states 0), maxw 0, DL_RC fails 0, key form fails 0; 24200 evals [4 s]
#   unit {"inst": 18, "rep": 3} core 4515 minus goods [2, 10]: start [0, 0, 0, 0, -1000000, 0, 0, -1000000, 0] best [0, 0, 0, 0, -1000000, 0, 0, -1000000, 0] chain profiles 0 (states 0), maxw 0, DL_RC fails 0, key form fails 0; 24200 evals [5 s]
#   unit {"inst": 19, "rep": 3} core 4515 minus goods [3, 5]: start [0, 0, 0, 0, -1000000, 0, 0, -1000000, 0] best [0, 0, 0, 0, -1000000, 0, 0, -1000000, 0] chain profiles 0 (states 0), maxw 0, DL_RC fails 0, key form fails 0; 24200 evals [5 s]
#   unit {"inst": 20, "rep": 3} core 4515 minus goods [5, 10]: start [0, 0, 0, 0, -1000000, 0, 0, -1000000, 0] best [0, 0, 0, 0, -1000000, 0, 0, -1000000, 0] chain profiles 0 (states 0), maxw 0, DL_RC fails 0, key form fails 0; 24200 evals [3 s]
TOTAL shrink_cores_4515: units 84, profiles evaluated 2032004 (with repeats; def > 0 states with f >= 1 in them: 453103), unit time 638 s (this session 320 s wall); units reaching a chain state 0, distinct chain profiles 0 (chain states 0), largest least |W| at a chain state 0; units with a DL_RC failure 0, with a key-form failure 0
best units (score order rcf kf chain chain3 -gap c3 kstar -minmv st1):
  {"inst": 1, "rep": 2} core 4515 minus goods [1] n=5 m=11 best [0, 0, 0, 0, -1, 0, 1, -20, 5] prof [66, 5, 22, 269, 184] H {'f': 2, 'st1': 5, 'rt4f': 0, 'rcf': 0, 'ch': 0, 'ch3': 0, 'chw2': 0, 'gap': 1, 'c3': 0, 'mv': 20, 'kf': 0, 'kfk': 0, 'maxw': 0, 'kstar': 1}
  {"inst": 3, "rep": 0} core 4515 minus goods [3] n=5 m=11 best [0, 0, 0, 0, -2, 2, 3, -10, 10] prof [37, 149, 5, 212, 6] H {'f': 2, 'st1': 10, 'rt4f': 0, 'rcf': 0, 'ch': 0, 'ch3': 0, 'chw2': 0, 'gap': 2, 'c3': 2, 'mv': 10, 'kf': 0, 'kfk': 0, 'maxw': 0, 'kstar': 3}
  {"inst": 3, "rep": 2} core 4515 minus goods [3] n=5 m=11 best [0, 0, 0, 0, -2, 2, 3, -10, 10] prof [9, 145, 5, 213, 10] H {'f': 2, 'st1': 10, 'rt4f': 0, 'rcf': 0, 'ch': 0, 'ch3': 0, 'chw2': 0, 'gap': 2, 'c3': 2, 'mv': 10, 'kf': 0, 'kfk': 0, 'maxw': 0, 'kstar': 3}
  {"inst": 3, "rep": 3} core 4515 minus goods [3] n=5 m=11 best [0, 0, 0, 0, -2, 2, 3, -10, 10] prof [37, 79, 5, 219, 46] H {'f': 2, 'st1': 10, 'rt4f': 0, 'rcf': 0, 'ch': 0, 'ch3': 0, 'chw2': 0, 'gap': 2, 'c3': 2, 'mv': 10, 'kf': 0, 'kfk': 0, 'maxw': 0, 'kstar': 3}
  {"inst": 1, "rep": 0} core 4515 minus goods [1] n=5 m=11 best [0, 0, 0, 0, -2, 0, 2, -25, 4] prof [8, 1, 64, 213, 10] H {'f': 2, 'st1': 4, 'rt4f': 0, 'rcf': 0, 'ch': 0, 'ch3': 0, 'chw2': 0, 'gap': 2, 'c3': 0, 'mv': 25, 'kf': 0, 'kfk': 0, 'maxw': 0, 'kstar': 2}
  {"inst": 1, "rep": 1} core 4515 minus goods [1] n=5 m=11 best [0, 0, 0, 0, -2, 0, 2, -25, 4] prof [8, 3, 32, 219, 46] H {'f': 2, 'st1': 4, 'rt4f': 0, 'rcf': 0, 'ch': 0, 'ch3': 0, 'chw2': 0, 'gap': 2, 'c3': 0, 'mv': 25, 'kf': 0, 'kfk': 0, 'maxw': 0, 'kstar': 2}
  {"inst": 2, "rep": 0} core 4515 minus goods [2] n=5 m=11 best [0, 0, 0, 0, -2, 0, 1, -11, 3] prof [1, 72, 36, 212, 11] H {'f': 2, 'st1': 3, 'rt4f': 0, 'rcf': 0, 'ch': 0, 'ch3': 0, 'chw2': 0, 'gap': 2, 'c3': 0, 'mv': 11, 'kf': 0, 'kfk': 0, 'maxw': 0, 'kstar': 1}
  {"inst": 0, "rep": 2} core 4515 minus goods [0] n=5 m=11 best [0, 0, 0, 0, -2, 0, 1, -11, 3] prof [1, 38, 31, 212, 81] H {'f': 2, 'st1': 3, 'rt4f': 0, 'rcf': 0, 'ch': 0, 'ch3': 0, 'chw2': 0, 'gap': 2, 'c3': 0, 'mv': 11, 'kf': 0, 'kfk': 0, 'maxw': 0, 'kstar': 1}
  {"inst": 0, "rep": 3} core 4515 minus goods [0] n=5 m=11 best [0, 0, 0, 0, -2, 0, 1, -11, 3] prof [1, 74, 36, 227, 130] H {'f': 2, 'st1': 3, 'rt4f': 0, 'rcf': 0, 'ch': 0, 'ch3': 0, 'chw2': 0, 'gap': 2, 'c3': 0, 'mv': 11, 'kf': 0, 'kfk': 0, 'maxw': 0, 'kstar': 1}
  {"inst": 2, "rep": 3} core 4515 minus goods [2] n=5 m=11 best [0, 0, 0, 0, -2, 0, 1, -11, 3] prof [1, 74, 72, 213, 94] H {'f': 2, 'st1': 3, 'rt4f': 0, 'rcf': 0, 'ch': 0, 'ch3': 0, 'chw2': 0, 'gap': 2, 'c3': 0, 'mv': 11, 'kf': 0, 'kfk': 0, 'maxw': 0, 'kstar': 1}
  {"inst": 2, "rep": 2} core 4515 minus goods [2] n=5 m=11 best [0, 0, 0, 0, -2, 0, 1, -15, 1] prof [2, 38, 38, 150, 45] H {'f': 2, 'st1': 1, 'rt4f': 0, 'rcf': 0, 'ch': 0, 'ch3': 0, 'chw2': 0, 'gap': 2, 'c3': 0, 'mv': 15, 'kf': 0, 'kfk': 0, 'maxw': 0, 'kstar': 1}
  {"inst": 12, "rep": 0} core 4515 minus goods [1, 3] n=5 m=10 best [0, 0, 0, 0, -2, 0, 1, -16, 2] prof [37, 1, 5, 218, 42] H {'f': 2, 'st1': 2, 'rt4f': 0, 'rcf': 0, 'ch': 0, 'ch3': 0, 'chw2': 0, 'gap': 2, 'c3': 0, 'mv': 16, 'kf': 0, 'kfk': 0, 'maxw': 0, 'kstar': 1}
  {"inst": 12, "rep": 1} core 4515 minus goods [1, 3] n=5 m=10 best [0, 0, 0, 0, -2, 0, 1, -16, 2] prof [37, 3, 5, 219, 46] H {'f': 2, 'st1': 2, 'rt4f': 0, 'rcf': 0, 'ch': 0, 'ch3': 0, 'chw2': 0, 'gap': 2, 'c3': 0, 'mv': 16, 'kf': 0, 'kfk': 0, 'maxw': 0, 'kstar': 1}
  {"inst": 12, "rep": 2} core 4515 minus goods [1, 3] n=5 m=10 best [0, 0, 0, 0, -2, 0, 1, -16, 2] prof [37, 1, 5, 218, 42] H {'f': 2, 'st1': 2, 'rt4f': 0, 'rcf': 0, 'ch': 0, 'ch3': 0, 'chw2': 0, 'gap': 2, 'c3': 0, 'mv': 16, 'kf': 0, 'kfk': 0, 'maxw': 0, 'kstar': 1}
  {"inst": 12, "rep": 3} core 4515 minus goods [1, 3] n=5 m=10 best [0, 0, 0, 0, -2, 0, 1, -16, 2] prof [9, 0, 4, 213, 10] H {'f': 2, 'st1': 2, 'rt4f': 0, 'rcf': 0, 'ch': 0, 'ch3': 0, 'chw2': 0, 'gap': 2, 'c3': 0, 'mv': 16, 'kf': 0, 'kfk': 0, 'maxw': 0, 'kstar': 1}
