# command: python3 k4/dlrc_hunt.py certs_n4_3 certs results/k4_certs_5_n4_3.json.gz --min4=3 --sample=200 --steps=400 --bt=0.8 --jobs=4 --seed=8
# dlrc.c sha256 f1cf4cc169a347625e5a84bd9c7a8c218f791de6e2a7ce466f59ce357000b1f7; dlrc_hunt.py sha256 fe0fa5082f6dde3e89d9e338cd7f508db3a25be24e4328aea29bfdf82b38189f
# certs results/k4_certs_5_n4_3.json.gz: 200 units, 200 to run, 0 from the checkpoint; options {'steps': 400, 'batch': 24, 'obj': 'std', 'bt': 0.8, 'seed': 8, 'init': 200, 'stale': 40}
#   unit {"file": "k4_certs_5_n4_3.json.gz", "pos": 195} k4_certs_5_n4_3.json.gz#195[m=6,idx=161]: start [0, 0, 0, 0, -1000000, 0, 0, -1000000, 0] best [0, 0, 0, 0, -1000000, 0, 0, -1000000, 0] chain profiles 0 (states 0), maxw 0, DL_RC fails 0, key form fails 0; 9800 evals [1 s]
#   unit {"file": "k4_certs_5_n4_3.json.gz", "pos": 75} k4_certs_5_n4_3.json.gz#75[m=6,idx=41]: start [0, 0, 0, 0, -1000000, 0, 0, -1000000, 0] best [0, 0, 0, 0, -1000000, 0, 0, -1000000, 0] chain profiles 0 (states 0), maxw 0, DL_RC fails 0, key form fails 0; 9800 evals [1 s]
#   unit {"file": "k4_certs_5_n4_3.json.gz", "pos": 216} k4_certs_5_n4_3.json.gz#216[m=6,idx=182]: start [0, 0, 0, 0, -1000000, 0, 0, -1000000, 0] best [0, 0, 0, 0, -1000000, 0, 0, -1000000, 0] chain profiles 0 (states 0), maxw 0, DL_RC fails 0, key form fails 0; 9800 evals [1 s]
#   unit {"file": "k4_certs_5_n4_3.json.gz", "pos": 48} k4_certs_5_n4_3.json.gz#48[m=6,idx=14]: start [0, 0, 0, 0, -1000000, 0, 0, -1000000, 0] best [0, 0, 0, 0, -1000000, 0, 0, -1000000, 0] chain profiles 0 (states 0), maxw 0, DL_RC fails 0, key form fails 0; 9800 evals [1 s]
#   unit {"file": "k4_certs_5_n4_3.json.gz", "pos": 277} k4_certs_5_n4_3.json.gz#277[m=6,idx=243]: start [0, 0, 0, 0, -1000000, 0, 0, -1000000, 0] best [0, 0, 0, 0, -1000000, 0, 0, -1000000, 0] chain profiles 0 (states 0), maxw 0, DL_RC fails 0, key form fails 0; 9800 evals [1 s]
#   unit {"file": "k4_certs_5_n4_3.json.gz", "pos": 370} k4_certs_5_n4_3.json.gz#370[m=7,idx=32]: start [0, 0, 0, 0, -1000000, 0, 0, -1000000, 0] best [0, 0, 0, 0, -1000000, 0, 0, -1000000, 0] chain profiles 0 (states 0), maxw 0, DL_RC fails 0, key form fails 0; 9800 evals [1 s]
#   unit {"file": "k4_certs_5_n4_3.json.gz", "pos": 419} k4_certs_5_n4_3.json.gz#419[m=7,idx=81]: start [0, 0, 0, 0, -1000000, 0, 0, -1000000, 0] best [0, 0, 0, 0, -1000000, 0, 0, -1000000, 0] chain profiles 0 (states 0), maxw 0, DL_RC fails 0, key form fails 0; 9800 evals [1 s]
#   unit {"file": "k4_certs_5_n4_3.json.gz", "pos": 327} k4_certs_5_n4_3.json.gz#327[m=6,idx=293]: start [0, 0, 0, 0, -1000000, 0, 0, -1000000, 0] best [0, 0, 0, 0, -1000000, 0, 0, -1000000, 0] chain profiles 0 (states 0), maxw 0, DL_RC fails 0, key form fails 0; 9800 evals [1 s]
#   unit {"file": "k4_certs_5_n4_3.json.gz", "pos": 496} k4_certs_5_n4_3.json.gz#496[m=7,idx=158]: start [0, 0, 0, 0, -1000000, 0, 0, -1000000, 0] best [0, 0, 0, 0, -1000000, 0, 0, -1000000, 0] chain profiles 0 (states 0), maxw 0, DL_RC fails 0, key form fails 0; 9800 evals [1 s]
#   unit {"file": "k4_certs_5_n4_3.json.gz", "pos": 551} k4_certs_5_n4_3.json.gz#551[m=7,idx=213]: start [0, 0, 0, 0, -1000000, 0, 0, -1000000, 0] best [0, 0, 0, 0, -1000000, 0, 0, -1000000, 0] chain profiles 0 (states 0), maxw 0, DL_RC fails 0, key form fails 0; 9800 evals [1 s]
#   unit {"file": "k4_certs_5_n4_3.json.gz", "pos": 542} k4_certs_5_n4_3.json.gz#542[m=7,idx=204]: start [0, 0, 0, 0, -1000000, 0, 0, -1000000, 0] best [0, 0, 0, 0, -1000000, 0, 0, -1000000, 0] chain profiles 0 (states 0), maxw 0, DL_RC fails 0, key form fails 0; 9800 evals [1 s]
#   unit {"file": "k4_certs_5_n4_3.json.gz", "pos": 557} k4_certs_5_n4_3.json.gz#557[m=7,idx=219]: start [0, 0, 0, 0, -1000000, 0, 0, -1000000, 0] best [0, 0, 0, 0, -1000000, 0, 0, -1000000, 0] chain profiles 0 (states 0), maxw 0, DL_RC fails 0, key form fails 0; 9800 evals [1 s]
#   unit {"file": "k4_certs_5_n4_3.json.gz", "pos": 613} k4_certs_5_n4_3.json.gz#613[m=7,idx=275]: start [0, 0, 0, 0, -1000000, 0, 0, -1000000, 0] best [0, 0, 0, 0, -1000000, 0, 0, -1000000, 0] chain profiles 0 (states 0), maxw 0, DL_RC fails 0, key form fails 0; 9800 evals [1 s]
#   unit {"file": "k4_certs_5_n4_3.json.gz", "pos": 717} k4_certs_5_n4_3.json.gz#717[m=7,idx=379]: start [0, 0, 0, 0, -1000000, 0, 0, -1000000, 0] best [0, 0, 0, 0, -1000000, 0, 0, -1000000, 0] chain profiles 0 (states 0), maxw 0, DL_RC fails 0, key form fails 0; 9800 evals [1 s]
#   unit {"file": "k4_certs_5_n4_3.json.gz", "pos": 801} k4_certs_5_n4_3.json.gz#801[m=7,idx=463]: start [0, 0, 0, 0, -1000000, 0, 0, -1000000, 0] best [0, 0, 0, 0, -1000000, 0, 0, -1000000, 0] chain profiles 0 (states 0), maxw 0, DL_RC fails 0, key form fails 0; 9800 evals [1 s]
#   unit {"file": "k4_certs_5_n4_3.json.gz", "pos": 834} k4_certs_5_n4_3.json.gz#834[m=7,idx=496]: start [0, 0, 0, 0, -1000000, 0, 0, -1000000, 0] best [0, 0, 0, 0, -1000000, 0, 0, -1000000, 0] chain profiles 0 (states 0), maxw 0, DL_RC fails 0, key form fails 0; 9800 evals [1 s]
#   unit {"file": "k4_certs_5_n4_3.json.gz", "pos": 951} k4_certs_5_n4_3.json.gz#951[m=7,idx=613]: start [0, 0, 0, 0, -1000000, 0, 0, -1000000, 0] best [0, 0, 0, 0, -1000000, 0, 0, -1000000, 0] chain profiles 0 (states 0), maxw 0, DL_RC fails 0, key form fails 0; 9800 evals [1 s]
#   unit {"file": "k4_certs_5_n4_3.json.gz", "pos": 993} k4_certs_5_n4_3.json.gz#993[m=7,idx=655]: start [0, 0, 0, 0, -1000000, 0, 0, -1000000, 0] best [0, 0, 0, 0, -1000000, 0, 0, -1000000, 0] chain profiles 0 (states 0), maxw 0, DL_RC fails 0, key form fails 0; 9800 evals [1 s]
#   unit {"file": "k4_certs_5_n4_3.json.gz", "pos": 1031} k4_certs_5_n4_3.json.gz#1031[m=7,idx=693]: start [0, 0, 0, 0, -1000000, 0, 0, -1000000, 0] best [0, 0, 0, 0, -1000000, 0, 0, -1000000, 0] chain profiles 0 (states 0), maxw 0, DL_RC fails 0, key form fails 0; 9800 evals [1 s]
#   unit {"file": "k4_certs_5_n4_3.json.gz", "pos": 1033} k4_certs_5_n4_3.json.gz#1033[m=7,idx=695]: start [0, 0, 0, 0, -1000000, 0, 0, -1000000, 0] best [0, 0, 0, 0, -1000000, 0, 0, -1000000, 0] chain profiles 0 (states 0), maxw 0, DL_RC fails 0, key form fails 0; 9800 evals [1 s]
#   unit {"file": "k4_certs_5_n4_3.json.gz", "pos": 1054} k4_certs_5_n4_3.json.gz#1054[m=7,idx=716]: start [0, 0, 0, 0, -1000000, 0, 0, -1000000, 0] best [0, 0, 0, 0, -1000000, 0, 0, -1000000, 0] chain profiles 0 (states 0), maxw 0, DL_RC fails 0, key form fails 0; 9800 evals [1 s]
#   unit {"file": "k4_certs_5_n4_3.json.gz", "pos": 1170} k4_certs_5_n4_3.json.gz#1170[m=7,idx=832]: start [0, 0, 0, 0, -1000000, 0, 0, -1000000, 0] best [0, 0, 0, 0, -1000000, 0, 0, -1000000, 0] chain profiles 0 (states 0), maxw 0, DL_RC fails 0, key form fails 0; 9800 evals [1 s]
#   unit {"file": "k4_certs_5_n4_3.json.gz", "pos": 1146} k4_certs_5_n4_3.json.gz#1146[m=7,idx=808]: start [0, 0, 0, 0, -1000000, 0, 0, -1000000, 0] best [0, 0, 0, 0, -1000000, 0, 0, -1000000, 0] chain profiles 0 (states 0), maxw 0, DL_RC fails 0, key form fails 0; 9800 evals [1 s]
#   unit {"file": "k4_certs_5_n4_3.json.gz", "pos": 1313} k4_certs_5_n4_3.json.gz#1313[m=7,idx=975]: start [0, 0, 0, 0, -1000000, 0, 0, -1000000, 0] best [0, 0, 0, 0, -1000000, 0, 0, -1000000, 0] chain profiles 0 (states 0), maxw 0, DL_RC fails 0, key form fails 0; 9800 evals [1 s]
#   unit {"file": "k4_certs_5_n4_3.json.gz", "pos": 1365} k4_certs_5_n4_3.json.gz#1365[m=7,idx=1027]: start [0, 0, 0, 0, -1000000, 0, 0, -1000000, 0] best [0, 0, 0, 0, -1000000, 0, 0, -1000000, 0] chain profiles 0 (states 0), maxw 0, DL_RC fails 0, key form fails 0; 9800 evals [1 s]
#   unit {"file": "k4_certs_5_n4_3.json.gz", "pos": 1395} k4_certs_5_n4_3.json.gz#1395[m=7,idx=1057]: start [0, 0, 0, 0, -1000000, 0, 0, -1000000, 0] best [0, 0, 0, 0, -1000000, 0, 0, -1000000, 0] chain profiles 0 (states 0), maxw 0, DL_RC fails 0, key form fails 0; 9800 evals [1 s]
#   unit {"file": "k4_certs_5_n4_3.json.gz", "pos": 1396} k4_certs_5_n4_3.json.gz#1396[m=7,idx=1058]: start [0, 0, 0, 0, -1000000, 0, 0, -1000000, 0] best [0, 0, 0, 0, -1000000, 0, 0, -1000000, 0] chain profiles 0 (states 0), maxw 0, DL_RC fails 0, key form fails 0; 9800 evals [1 s]
#   unit {"file": "k4_certs_5_n4_3.json.gz", "pos": 1409} k4_certs_5_n4_3.json.gz#1409[m=7,idx=1071]: start [0, 0, 0, 0, -1000000, 0, 0, -1000000, 0] best [0, 0, 0, 0, -1000000, 0, 0, -1000000, 0] chain profiles 0 (states 0), maxw 0, DL_RC fails 0, key form fails 0; 9800 evals [1 s]
#   unit {"file": "k4_certs_5_n4_3.json.gz", "pos": 1467} k4_certs_5_n4_3.json.gz#1467[m=7,idx=1129]: start [0, 0, 0, 0, -1000000, 0, 0, -1000000, 0] best [0, 0, 0, 0, -1000000, 0, 0, -1000000, 0] chain profiles 0 (states 0), maxw 0, DL_RC fails 0, key form fails 0; 9800 evals [1 s]
#   unit {"file": "k4_certs_5_n4_3.json.gz", "pos": 1481} k4_certs_5_n4_3.json.gz#1481[m=7,idx=1143]: start [0, 0, 0, 0, -1000000, 0, 0, -1000000, 0] best [0, 0, 0, 0, -1000000, 0, 0, -1000000, 0] chain profiles 0 (states 0), maxw 0, DL_RC fails 0, key form fails 0; 9800 evals [1 s]
#   unit {"file": "k4_certs_5_n4_3.json.gz", "pos": 1558} k4_certs_5_n4_3.json.gz#1558[m=7,idx=1220]: start [0, 0, 0, 0, -1000000, 0, 0, -1000000, 0] best [0, 0, 0, 0, -1000000, 0, 0, -1000000, 0] chain profiles 0 (states 0), maxw 0, DL_RC fails 0, key form fails 0; 9800 evals [1 s]
#   unit {"file": "k4_certs_5_n4_3.json.gz", "pos": 1529} k4_certs_5_n4_3.json.gz#1529[m=7,idx=1191]: start [0, 0, 0, 0, -1000000, 0, 0, -1000000, 0] best [0, 0, 0, 0, -1000000, 0, 0, -1000000, 0] chain profiles 0 (states 0), maxw 0, DL_RC fails 0, key form fails 0; 9800 evals [1 s]
#   unit {"file": "k4_certs_5_n4_3.json.gz", "pos": 1591} k4_certs_5_n4_3.json.gz#1591[m=7,idx=1253]: start [0, 0, 0, 0, -1000000, 0, 0, -1000000, 0] best [0, 0, 0, 0, -1000000, 0, 0, -1000000, 0] chain profiles 0 (states 0), maxw 0, DL_RC fails 0, key form fails 0; 9800 evals [1 s]
#   unit {"file": "k4_certs_5_n4_3.json.gz", "pos": 1745} k4_certs_5_n4_3.json.gz#1745[m=8,idx=148]: start [0, 0, 0, 0, -1000000, 0, 0, -1000000, 0] best [0, 0, 0, 0, -1000000, 0, 0, -1000000, 0] chain profiles 0 (states 0), maxw 0, DL_RC fails 0, key form fails 0; 9800 evals [1 s]
#   unit {"file": "k4_certs_5_n4_3.json.gz", "pos": 1599} k4_certs_5_n4_3.json.gz#1599[m=8,idx=2]: start [0, 0, 0, 0, -1000000, 0, 0, -1000000, 0] best [0, 0, 0, 0, -1000000, 0, 0, -1000000, 0] chain profiles 0 (states 0), maxw 0, DL_RC fails 0, key form fails 0; 9800 evals [1 s]
#   unit {"file": "k4_certs_5_n4_3.json.gz", "pos": 1765} k4_certs_5_n4_3.json.gz#1765[m=8,idx=168]: start [0, 0, 0, 0, -1000000, 0, 0, -1000000, 0] best [0, 0, 0, 0, -1000000, 0, 0, -1000000, 0] chain profiles 0 (states 0), maxw 0, DL_RC fails 0, key form fails 0; 9800 evals [1 s]
#   unit {"file": "k4_certs_5_n4_3.json.gz", "pos": 1772} k4_certs_5_n4_3.json.gz#1772[m=8,idx=175]: start [0, 0, 0, 0, -1000000, 0, 0, -1000000, 0] best [0, 0, 0, 0, -1000000, 0, 0, -1000000, 0] chain profiles 0 (states 0), maxw 0, DL_RC fails 0, key form fails 0; 9800 evals [1 s]
#   unit {"file": "k4_certs_5_n4_3.json.gz", "pos": 1777} k4_certs_5_n4_3.json.gz#1777[m=8,idx=180]: start [0, 0, 0, 0, -1000000, 0, 0, -1000000, 0] best [0, 0, 0, 0, -1000000, 0, 0, -1000000, 0] chain profiles 0 (states 0), maxw 0, DL_RC fails 0, key form fails 0; 9800 evals [1 s]
#   unit {"file": "k4_certs_5_n4_3.json.gz", "pos": 1825} k4_certs_5_n4_3.json.gz#1825[m=8,idx=228]: start [0, 0, 0, 0, -1000000, 0, 0, -1000000, 0] best [0, 0, 0, 0, -1000000, 0, 0, -1000000, 0] chain profiles 0 (states 0), maxw 0, DL_RC fails 0, key form fails 0; 9800 evals [1 s]
#   unit {"file": "k4_certs_5_n4_3.json.gz", "pos": 1863} k4_certs_5_n4_3.json.gz#1863[m=8,idx=266]: start [0, 0, 0, 0, -1000000, 0, 0, -1000000, 0] best [0, 0, 0, 0, -1000000, 0, 0, -1000000, 0] chain profiles 0 (states 0), maxw 0, DL_RC fails 0, key form fails 0; 9800 evals [1 s]
#   unit {"file": "k4_certs_5_n4_3.json.gz", "pos": 1904} k4_certs_5_n4_3.json.gz#1904[m=8,idx=307]: start [0, 0, 0, 0, -1000000, 0, 0, -1000000, 0] best [0, 0, 0, 0, -1000000, 0, 0, -1000000, 0] chain profiles 0 (states 0), maxw 0, DL_RC fails 0, key form fails 0; 9800 evals [1 s]
#   unit {"file": "k4_certs_5_n4_3.json.gz", "pos": 1908} k4_certs_5_n4_3.json.gz#1908[m=8,idx=311]: start [0, 0, 0, 0, -1000000, 0, 0, -1000000, 0] best [0, 0, 0, 0, -2, 0, 2, -30, 6] chain profiles 0 (states 0), maxw 0, DL_RC fails 0, key form fails 0; 9800 evals [1 s]
#   unit {"file": "k4_certs_5_n4_3.json.gz", "pos": 1978} k4_certs_5_n4_3.json.gz#1978[m=8,idx=381]: start [0, 0, 0, 0, -1000000, 0, 0, -1000000, 0] best [0, 0, 0, 0, -1000000, 0, 0, -1000000, 0] chain profiles 0 (states 0), maxw 0, DL_RC fails 0, key form fails 0; 9800 evals [1 s]
#   unit {"file": "k4_certs_5_n4_3.json.gz", "pos": 1981} k4_certs_5_n4_3.json.gz#1981[m=8,idx=384]: start [0, 0, 0, 0, -1000000, 0, 0, -1000000, 0] best [0, 0, 0, 0, -1000000, 0, 0, -1000000, 0] chain profiles 0 (states 0), maxw 0, DL_RC fails 0, key form fails 0; 9800 evals [1 s]
#   unit {"file": "k4_certs_5_n4_3.json.gz", "pos": 1999} k4_certs_5_n4_3.json.gz#1999[m=8,idx=402]: start [0, 0, 0, 0, -1000000, 0, 0, -1000000, 0] best [0, 0, 0, 0, -1000000, 0, 0, -1000000, 0] chain profiles 0 (states 0), maxw 0, DL_RC fails 0, key form fails 0; 9800 evals [1 s]
#   unit {"file": "k4_certs_5_n4_3.json.gz", "pos": 2069} k4_certs_5_n4_3.json.gz#2069[m=8,idx=472]: start [0, 0, 0, 0, -1000000, 0, 0, -1000000, 0] best [0, 0, 0, 0, -1000000, 0, 0, -1000000, 0] chain profiles 0 (states 0), maxw 0, DL_RC fails 0, key form fails 0; 9800 evals [1 s]
#   unit {"file": "k4_certs_5_n4_3.json.gz", "pos": 2071} k4_certs_5_n4_3.json.gz#2071[m=8,idx=474]: start [0, 0, 0, 0, -1000000, 0, 0, -1000000, 0] best [0, 0, 0, 0, -1000000, 0, 0, -1000000, 0] chain profiles 0 (states 0), maxw 0, DL_RC fails 0, key form fails 0; 9800 evals [1 s]
#   unit {"file": "k4_certs_5_n4_3.json.gz", "pos": 2211} k4_certs_5_n4_3.json.gz#2211[m=8,idx=614]: start [0, 0, 0, 0, -1000000, 0, 0, -1000000, 0] best [0, 0, 0, 0, -1000000, 0, 0, -1000000, 0] chain profiles 0 (states 0), maxw 0, DL_RC fails 0, key form fails 0; 9800 evals [1 s]
#   unit {"file": "k4_certs_5_n4_3.json.gz", "pos": 2242} k4_certs_5_n4_3.json.gz#2242[m=8,idx=645]: start [0, 0, 0, 0, -1000000, 0, 0, -1000000, 0] best [0, 0, 0, 0, -1000000, 0, 0, -1000000, 0] chain profiles 0 (states 0), maxw 0, DL_RC fails 0, key form fails 0; 9800 evals [1 s]
#   unit {"file": "k4_certs_5_n4_3.json.gz", "pos": 2278} k4_certs_5_n4_3.json.gz#2278[m=8,idx=681]: start [0, 0, 0, 0, -1000000, 0, 0, -1000000, 0] best [0, 0, 0, 0, -1000000, 0, 0, -1000000, 0] chain profiles 0 (states 0), maxw 0, DL_RC fails 0, key form fails 0; 9800 evals [1 s]
#   unit {"file": "k4_certs_5_n4_3.json.gz", "pos": 2300} k4_certs_5_n4_3.json.gz#2300[m=8,idx=703]: start [0, 0, 0, 0, -1000000, 0, 0, -1000000, 0] best [0, 0, 0, 0, -2, 0, 2, -20, 2] chain profiles 0 (states 0), maxw 0, DL_RC fails 0, key form fails 0; 9800 evals [1 s]
#   unit {"file": "k4_certs_5_n4_3.json.gz", "pos": 2328} k4_certs_5_n4_3.json.gz#2328[m=8,idx=731]: start [0, 0, 0, 0, -1000000, 0, 0, -1000000, 0] best [0, 0, 0, 0, -1000000, 0, 0, -1000000, 0] chain profiles 0 (states 0), maxw 0, DL_RC fails 0, key form fails 0; 9800 evals [1 s]
#   unit {"file": "k4_certs_5_n4_3.json.gz", "pos": 2428} k4_certs_5_n4_3.json.gz#2428[m=8,idx=831]: start [0, 0, 0, 0, -1000000, 0, 0, -1000000, 0] best [0, 0, 0, 0, -1000000, 0, 0, -1000000, 0] chain profiles 0 (states 0), maxw 0, DL_RC fails 0, key form fails 0; 9800 evals [1 s]
#   unit {"file": "k4_certs_5_n4_3.json.gz", "pos": 2433} k4_certs_5_n4_3.json.gz#2433[m=8,idx=836]: start [0, 0, 0, 0, -1000000, 0, 0, -1000000, 0] best [0, 0, 0, 0, -1000000, 0, 0, -1000000, 0] chain profiles 0 (states 0), maxw 0, DL_RC fails 0, key form fails 0; 9800 evals [1 s]
#   unit {"file": "k4_certs_5_n4_3.json.gz", "pos": 2460} k4_certs_5_n4_3.json.gz#2460[m=8,idx=863]: start [0, 0, 0, 0, -1000000, 0, 0, -1000000, 0] best [0, 0, 0, 0, -1000000, 0, 0, -1000000, 0] chain profiles 0 (states 0), maxw 0, DL_RC fails 0, key form fails 0; 9800 evals [1 s]
#   unit {"file": "k4_certs_5_n4_3.json.gz", "pos": 2517} k4_certs_5_n4_3.json.gz#2517[m=8,idx=920]: start [0, 0, 0, 0, -1000000, 0, 0, -1000000, 0] best [0, 0, 0, 0, -1000000, 0, 0, -1000000, 0] chain profiles 0 (states 0), maxw 0, DL_RC fails 0, key form fails 0; 9800 evals [1 s]
#   unit {"file": "k4_certs_5_n4_3.json.gz", "pos": 2531} k4_certs_5_n4_3.json.gz#2531[m=8,idx=934]: start [0, 0, 0, 0, -1000000, 0, 0, -1000000, 0] best [0, 0, 0, 0, -1000000, 0, 0, -1000000, 0] chain profiles 0 (states 0), maxw 0, DL_RC fails 0, key form fails 0; 9800 evals [1 s]
#   unit {"file": "k4_certs_5_n4_3.json.gz", "pos": 2593} k4_certs_5_n4_3.json.gz#2593[m=8,idx=996]: start [0, 0, 0, 0, -1000000, 0, 0, -1000000, 0] best [0, 0, 0, 0, -1000000, 0, 0, -1000000, 0] chain profiles 0 (states 0), maxw 0, DL_RC fails 0, key form fails 0; 9800 evals [1 s]
#   unit {"file": "k4_certs_5_n4_3.json.gz", "pos": 2632} k4_certs_5_n4_3.json.gz#2632[m=8,idx=1035]: start [0, 0, 0, 0, -1000000, 0, 0, -1000000, 0] best [0, 0, 0, 0, -1000000, 0, 0, -1000000, 0] chain profiles 0 (states 0), maxw 0, DL_RC fails 0, key form fails 0; 9800 evals [1 s]
#   unit {"file": "k4_certs_5_n4_3.json.gz", "pos": 2722} k4_certs_5_n4_3.json.gz#2722[m=8,idx=1125]: start [0, 0, 0, 0, -1000000, 0, 0, -1000000, 0] best [0, 0, 0, 0, -1000000, 0, 0, -1000000, 0] chain profiles 0 (states 0), maxw 0, DL_RC fails 0, key form fails 0; 9800 evals [1 s]
#   unit {"file": "k4_certs_5_n4_3.json.gz", "pos": 2787} k4_certs_5_n4_3.json.gz#2787[m=8,idx=1190]: start [0, 0, 0, 0, -1000000, 0, 0, -1000000, 0] best [0, 0, 0, 0, -1000000, 0, 0, -1000000, 0] chain profiles 0 (states 0), maxw 0, DL_RC fails 0, key form fails 0; 9800 evals [1 s]
#   unit {"file": "k4_certs_5_n4_3.json.gz", "pos": 2817} k4_certs_5_n4_3.json.gz#2817[m=8,idx=1220]: start [0, 0, 0, 0, -1000000, 0, 0, -1000000, 0] best [0, 0, 0, 0, -1000000, 0, 0, -1000000, 0] chain profiles 0 (states 0), maxw 0, DL_RC fails 0, key form fails 0; 9800 evals [1 s]
#   unit {"file": "k4_certs_5_n4_3.json.gz", "pos": 2871} k4_certs_5_n4_3.json.gz#2871[m=8,idx=1274]: start [0, 0, 0, 0, -1000000, 0, 0, -1000000, 0] best [0, 0, 0, 0, -1000000, 0, 0, -1000000, 0] chain profiles 0 (states 0), maxw 0, DL_RC fails 0, key form fails 0; 9800 evals [1 s]
#   unit {"file": "k4_certs_5_n4_3.json.gz", "pos": 2913} k4_certs_5_n4_3.json.gz#2913[m=8,idx=1316]: start [0, 0, 0, 0, -1000000, 0, 0, -1000000, 0] best [0, 0, 0, 0, -1000000, 0, 0, -1000000, 0] chain profiles 0 (states 0), maxw 0, DL_RC fails 0, key form fails 0; 9800 evals [1 s]
#   unit {"file": "k4_certs_5_n4_3.json.gz", "pos": 3107} k4_certs_5_n4_3.json.gz#3107[m=8,idx=1510]: start [0, 0, 0, 0, -1000000, 0, 0, -1000000, 0] best [0, 0, 0, 0, -1000000, 0, 0, -1000000, 0] chain profiles 0 (states 0), maxw 0, DL_RC fails 0, key form fails 0; 9800 evals [1 s]
#   unit {"file": "k4_certs_5_n4_3.json.gz", "pos": 3149} k4_certs_5_n4_3.json.gz#3149[m=8,idx=1552]: start [0, 0, 0, 0, -1000000, 0, 0, -1000000, 0] best [0, 0, 0, 0, -1000000, 0, 0, -1000000, 0] chain profiles 0 (states 0), maxw 0, DL_RC fails 0, key form fails 0; 9800 evals [1 s]
#   unit {"file": "k4_certs_5_n4_3.json.gz", "pos": 3164} k4_certs_5_n4_3.json.gz#3164[m=8,idx=1567]: start [0, 0, 0, 0, -1000000, 0, 0, -1000000, 0] best [0, 0, 0, 0, -1000000, 0, 0, -1000000, 0] chain profiles 0 (states 0), maxw 0, DL_RC fails 0, key form fails 0; 9800 evals [1 s]
#   unit {"file": "k4_certs_5_n4_3.json.gz", "pos": 3176} k4_certs_5_n4_3.json.gz#3176[m=8,idx=1579]: start [0, 0, 0, 0, -1000000, 0, 0, -1000000, 0] best [0, 0, 0, 0, -1000000, 0, 0, -1000000, 0] chain profiles 0 (states 0), maxw 0, DL_RC fails 0, key form fails 0; 9800 evals [1 s]
#   unit {"file": "k4_certs_5_n4_3.json.gz", "pos": 3214} k4_certs_5_n4_3.json.gz#3214[m=8,idx=1617]: start [0, 0, 0, 0, -1000000, 0, 0, -1000000, 0] best [0, 0, 0, 0, -1000000, 0, 0, -1000000, 0] chain profiles 0 (states 0), maxw 0, DL_RC fails 0, key form fails 0; 9800 evals [1 s]
#   unit {"file": "k4_certs_5_n4_3.json.gz", "pos": 3235} k4_certs_5_n4_3.json.gz#3235[m=8,idx=1638]: start [0, 0, 0, 0, -1000000, 0, 0, -1000000, 0] best [0, 0, 0, 0, -1000000, 0, 0, -1000000, 0] chain profiles 0 (states 0), maxw 0, DL_RC fails 0, key form fails 0; 9800 evals [1 s]
#   unit {"file": "k4_certs_5_n4_3.json.gz", "pos": 3238} k4_certs_5_n4_3.json.gz#3238[m=8,idx=1641]: start [0, 0, 0, 0, -1000000, 0, 0, -1000000, 0] best [0, 0, 0, 0, -1000000, 0, 0, -1000000, 0] chain profiles 0 (states 0), maxw 0, DL_RC fails 0, key form fails 0; 9800 evals [1 s]
#   unit {"file": "k4_certs_5_n4_3.json.gz", "pos": 3284} k4_certs_5_n4_3.json.gz#3284[m=8,idx=1687]: start [0, 0, 0, 0, -1000000, 0, 0, -1000000, 0] best [0, 0, 0, 0, -1000000, 0, 0, -1000000, 0] chain profiles 0 (states 0), maxw 0, DL_RC fails 0, key form fails 0; 9800 evals [1 s]
#   unit {"file": "k4_certs_5_n4_3.json.gz", "pos": 3287} k4_certs_5_n4_3.json.gz#3287[m=8,idx=1690]: start [0, 0, 0, 0, -1000000, 0, 0, -1000000, 0] best [0, 0, 0, 0, -1000000, 0, 0, -1000000, 0] chain profiles 0 (states 0), maxw 0, DL_RC fails 0, key form fails 0; 9800 evals [1 s]
#   unit {"file": "k4_certs_5_n4_3.json.gz", "pos": 3306} k4_certs_5_n4_3.json.gz#3306[m=8,idx=1709]: start [0, 0, 0, 0, -1000000, 0, 0, -1000000, 0] best [0, 0, 0, 0, -1000000, 0, 0, -1000000, 0] chain profiles 0 (states 0), maxw 0, DL_RC fails 0, key form fails 0; 9800 evals [1 s]
#   unit {"file": "k4_certs_5_n4_3.json.gz", "pos": 3430} k4_certs_5_n4_3.json.gz#3430[m=8,idx=1833]: start [0, 0, 0, 0, -1000000, 0, 0, -1000000, 0] best [0, 0, 0, 0, -1000000, 0, 0, -1000000, 0] chain profiles 0 (states 0), maxw 0, DL_RC fails 0, key form fails 0; 9800 evals [1 s]
#   unit {"file": "k4_certs_5_n4_3.json.gz", "pos": 3406} k4_certs_5_n4_3.json.gz#3406[m=8,idx=1809]: start [0, 0, 0, 0, -1000000, 0, 0, -1000000, 0] best [0, 0, 0, 0, -1000000, 0, 0, -1000000, 0] chain profiles 0 (states 0), maxw 0, DL_RC fails 0, key form fails 0; 9800 evals [1 s]
#   unit {"file": "k4_certs_5_n4_3.json.gz", "pos": 3441} k4_certs_5_n4_3.json.gz#3441[m=8,idx=1844]: start [0, 0, 0, 0, -1000000, 0, 0, -1000000, 0] best [0, 0, 0, 0, -1000000, 0, 0, -1000000, 0] chain profiles 0 (states 0), maxw 0, DL_RC fails 0, key form fails 0; 9800 evals [1 s]
#   unit {"file": "k4_certs_5_n4_3.json.gz", "pos": 3460} k4_certs_5_n4_3.json.gz#3460[m=8,idx=1863]: start [0, 0, 0, 0, -1000000, 0, 0, -1000000, 0] best [0, 0, 0, 0, -1000000, 0, 0, -1000000, 0] chain profiles 0 (states 0), maxw 0, DL_RC fails 0, key form fails 0; 9800 evals [1 s]
#   unit {"file": "k4_certs_5_n4_3.json.gz", "pos": 3601} k4_certs_5_n4_3.json.gz#3601[m=8,idx=2004]: start [0, 0, 0, 0, -1000000, 0, 0, -1000000, 0] best [0, 0, 0, 0, -2, 0, 2, -24, 3] chain profiles 0 (states 0), maxw 0, DL_RC fails 0, key form fails 0; 9800 evals [1 s]
#   unit {"file": "k4_certs_5_n4_3.json.gz", "pos": 3603} k4_certs_5_n4_3.json.gz#3603[m=8,idx=2006]: start [0, 0, 0, 0, -1000000, 0, 0, -1000000, 0] best [0, 0, 0, 0, -1000000, 0, 0, -1000000, 0] chain profiles 0 (states 0), maxw 0, DL_RC fails 0, key form fails 0; 9800 evals [1 s]
#   unit {"file": "k4_certs_5_n4_3.json.gz", "pos": 3669} k4_certs_5_n4_3.json.gz#3669[m=8,idx=2072]: start [0, 0, 0, 0, -1000000, 0, 0, -1000000, 0] best [0, 0, 0, 0, -1000000, 0, 0, -1000000, 0] chain profiles 0 (states 0), maxw 0, DL_RC fails 0, key form fails 0; 9800 evals [1 s]
#   unit {"file": "k4_certs_5_n4_3.json.gz", "pos": 3759} k4_certs_5_n4_3.json.gz#3759[m=8,idx=2162]: start [0, 0, 0, 0, -1000000, 0, 0, -1000000, 0] best [0, 0, 0, 0, -1000000, 0, 0, -1000000, 0] chain profiles 0 (states 0), maxw 0, DL_RC fails 0, key form fails 0; 9800 evals [1 s]
#   unit {"file": "k4_certs_5_n4_3.json.gz", "pos": 3694} k4_certs_5_n4_3.json.gz#3694[m=8,idx=2097]: start [0, 0, 0, 0, -1000000, 0, 0, -1000000, 0] best [0, 0, 0, 0, -1000000, 0, 0, -1000000, 0] chain profiles 0 (states 0), maxw 0, DL_RC fails 0, key form fails 0; 9800 evals [1 s]
#   unit {"file": "k4_certs_5_n4_3.json.gz", "pos": 3714} k4_certs_5_n4_3.json.gz#3714[m=8,idx=2117]: start [0, 0, 0, 0, -1000000, 0, 0, -1000000, 0] best [0, 0, 0, 0, -1000000, 0, 0, -1000000, 0] chain profiles 0 (states 0), maxw 0, DL_RC fails 0, key form fails 0; 9800 evals [1 s]
#   unit {"file": "k4_certs_5_n4_3.json.gz", "pos": 3796} k4_certs_5_n4_3.json.gz#3796[m=8,idx=2199]: start [0, 0, 0, 0, -1000000, 0, 0, -1000000, 0] best [0, 0, 0, 0, -1000000, 0, 0, -1000000, 0] chain profiles 0 (states 0), maxw 0, DL_RC fails 0, key form fails 0; 9800 evals [1 s]
#   unit {"file": "k4_certs_5_n4_3.json.gz", "pos": 3836} k4_certs_5_n4_3.json.gz#3836[m=8,idx=2239]: start [0, 0, 0, 0, -1000000, 0, 0, -1000000, 0] best [0, 0, 0, 0, -1000000, 0, 0, -1000000, 0] chain profiles 0 (states 0), maxw 0, DL_RC fails 0, key form fails 0; 9800 evals [1 s]
#   unit {"file": "k4_certs_5_n4_3.json.gz", "pos": 3840} k4_certs_5_n4_3.json.gz#3840[m=8,idx=2243]: start [0, 0, 0, 0, -1000000, 0, 0, -1000000, 0] best [0, 0, 0, 0, -1000000, 0, 0, -1000000, 0] chain profiles 0 (states 0), maxw 0, DL_RC fails 0, key form fails 0; 9800 evals [1 s]
#   unit {"file": "k4_certs_5_n4_3.json.gz", "pos": 3995} k4_certs_5_n4_3.json.gz#3995[m=8,idx=2398]: start [0, 0, 0, 0, -1000000, 0, 0, -1000000, 0] best [0, 0, 0, 0, -1000000, 0, 0, -1000000, 0] chain profiles 0 (states 0), maxw 0, DL_RC fails 0, key form fails 0; 9800 evals [1 s]
#   unit {"file": "k4_certs_5_n4_3.json.gz", "pos": 4054} k4_certs_5_n4_3.json.gz#4054[m=8,idx=2457]: start [0, 0, 0, 0, -1000000, 0, 0, -1000000, 0] best [0, 0, 0, 0, -1000000, 0, 0, -1000000, 0] chain profiles 0 (states 0), maxw 0, DL_RC fails 0, key form fails 0; 9800 evals [1 s]
#   unit {"file": "k4_certs_5_n4_3.json.gz", "pos": 4174} k4_certs_5_n4_3.json.gz#4174[m=8,idx=2577]: start [0, 0, 0, 0, -1000000, 0, 0, -1000000, 0] best [0, 0, 0, 0, -1000000, 0, 0, -1000000, 0] chain profiles 0 (states 0), maxw 0, DL_RC fails 0, key form fails 0; 9800 evals [1 s]
#   unit {"file": "k4_certs_5_n4_3.json.gz", "pos": 4232} k4_certs_5_n4_3.json.gz#4232[m=8,idx=2635]: start [0, 0, 0, 0, -1000000, 0, 0, -1000000, 0] best [0, 0, 0, 0, -1000000, 0, 0, -1000000, 0] chain profiles 0 (states 0), maxw 0, DL_RC fails 0, key form fails 0; 9800 evals [1 s]
#   unit {"file": "k4_certs_5_n4_3.json.gz", "pos": 4370} k4_certs_5_n4_3.json.gz#4370[m=9,idx=132]: start [0, 0, 0, 0, -1000000, 0, 0, -1000000, 0] best [0, 0, 0, 0, -1000000, 0, 0, -1000000, 0] chain profiles 0 (states 0), maxw 0, DL_RC fails 0, key form fails 0; 9800 evals [1 s]
#   unit {"file": "k4_certs_5_n4_3.json.gz", "pos": 4371} k4_certs_5_n4_3.json.gz#4371[m=9,idx=133]: start [0, 0, 0, 0, -1000000, 0, 0, -1000000, 0] best [0, 0, 0, 0, -1000000, 0, 0, -1000000, 0] chain profiles 0 (states 0), maxw 0, DL_RC fails 0, key form fails 0; 9800 evals [1 s]
#   unit {"file": "k4_certs_5_n4_3.json.gz", "pos": 4680} k4_certs_5_n4_3.json.gz#4680[m=9,idx=442]: start [0, 0, 0, 0, -1000000, 0, 0, -1000000, 0] best [0, 0, 0, 0, -1000000, 0, 0, -1000000, 0] chain profiles 0 (states 0), maxw 0, DL_RC fails 0, key form fails 0; 9800 evals [1 s]
#   unit {"file": "k4_certs_5_n4_3.json.gz", "pos": 4730} k4_certs_5_n4_3.json.gz#4730[m=9,idx=492]: start [0, 0, 0, 0, -1000000, 0, 0, -1000000, 0] best [0, 0, 0, 0, -1000000, 0, 0, -1000000, 0] chain profiles 0 (states 0), maxw 0, DL_RC fails 0, key form fails 0; 9800 evals [1 s]
#   unit {"file": "k4_certs_5_n4_3.json.gz", "pos": 4658} k4_certs_5_n4_3.json.gz#4658[m=9,idx=420]: start [0, 0, 0, 0, -1000000, 0, 0, -1000000, 0] best [0, 0, 0, 0, -3, 0, 1, -20, 2] chain profiles 0 (states 0), maxw 0, DL_RC fails 0, key form fails 0; 9800 evals [2 s]
#   unit {"file": "k4_certs_5_n4_3.json.gz", "pos": 4844} k4_certs_5_n4_3.json.gz#4844[m=9,idx=606]: start [0, 0, 0, 0, -1000000, 0, 0, -1000000, 0] best [0, 0, 0, 0, -1000000, 0, 0, -1000000, 0] chain profiles 0 (states 0), maxw 0, DL_RC fails 0, key form fails 0; 9800 evals [1 s]
#   unit {"file": "k4_certs_5_n4_3.json.gz", "pos": 4888} k4_certs_5_n4_3.json.gz#4888[m=9,idx=650]: start [0, 0, 0, 0, -1000000, 0, 0, -1000000, 0] best [0, 0, 0, 0, -2, 0, 2, -23, 4] chain profiles 0 (states 0), maxw 0, DL_RC fails 0, key form fails 0; 9800 evals [1 s]
#   unit {"file": "k4_certs_5_n4_3.json.gz", "pos": 4905} k4_certs_5_n4_3.json.gz#4905[m=9,idx=667]: start [0, 0, 0, 0, -1000000, 0, 0, -1000000, 0] best [0, 0, 0, 0, -2, 0, 1, -17, 1] chain profiles 0 (states 0), maxw 0, DL_RC fails 0, key form fails 0; 9800 evals [1 s]
#   unit {"file": "k4_certs_5_n4_3.json.gz", "pos": 5059} k4_certs_5_n4_3.json.gz#5059[m=9,idx=821]: start [0, 0, 0, 0, -1000000, 0, 0, -1000000, 0] best [0, 0, 0, 0, -1000000, 0, 0, -1000000, 0] chain profiles 0 (states 0), maxw 0, DL_RC fails 0, key form fails 0; 9800 evals [1 s]
#   unit {"file": "k4_certs_5_n4_3.json.gz", "pos": 4915} k4_certs_5_n4_3.json.gz#4915[m=9,idx=677]: start [0, 0, 0, 0, -3, 0, 1, -47, 1] best [0, 0, 0, 0, -2, 0, 1, -24, 3] chain profiles 0 (states 0), maxw 0, DL_RC fails 0, key form fails 0; 9800 evals [2 s]
#   unit {"file": "k4_certs_5_n4_3.json.gz", "pos": 5310} k4_certs_5_n4_3.json.gz#5310[m=9,idx=1072]: start [0, 0, 0, 0, -1000000, 0, 0, -1000000, 0] best [0, 0, 0, 0, -3, 0, 1, -12, 1] chain profiles 0 (states 0), maxw 0, DL_RC fails 0, key form fails 0; 9800 evals [1 s]
#   unit {"file": "k4_certs_5_n4_3.json.gz", "pos": 5331} k4_certs_5_n4_3.json.gz#5331[m=9,idx=1093]: start [0, 0, 0, 0, -1000000, 0, 0, -1000000, 0] best [0, 0, 0, 0, -1000000, 0, 0, -1000000, 0] chain profiles 0 (states 0), maxw 0, DL_RC fails 0, key form fails 0; 9800 evals [1 s]
#   unit {"file": "k4_certs_5_n4_3.json.gz", "pos": 5141} k4_certs_5_n4_3.json.gz#5141[m=9,idx=903]: start [0, 0, 0, 0, -1000000, 0, 0, -1000000, 0] best [0, 0, 0, 0, -2, 0, 1, -12, 1] chain profiles 0 (states 0), maxw 0, DL_RC fails 0, key form fails 0; 9800 evals [2 s]
#   unit {"file": "k4_certs_5_n4_3.json.gz", "pos": 5529} k4_certs_5_n4_3.json.gz#5529[m=9,idx=1291]: start [0, 0, 0, 0, -1000000, 0, 0, -1000000, 0] best [0, 0, 0, 0, -2, 0, 1, -21, 1] chain profiles 0 (states 0), maxw 0, DL_RC fails 0, key form fails 0; 9800 evals [1 s]
#   unit {"file": "k4_certs_5_n4_3.json.gz", "pos": 5600} k4_certs_5_n4_3.json.gz#5600[m=9,idx=1362]: start [0, 0, 0, 0, -1000000, 0, 0, -1000000, 0] best [0, 0, 0, 0, -1000000, 0, 0, -1000000, 0] chain profiles 0 (states 0), maxw 0, DL_RC fails 0, key form fails 0; 9800 evals [1 s]
#   unit {"file": "k4_certs_5_n4_3.json.gz", "pos": 5583} k4_certs_5_n4_3.json.gz#5583[m=9,idx=1345]: start [0, 0, 0, 0, -1000000, 0, 0, -1000000, 0] best [0, 0, 0, 0, -2, 0, 2, -18, 4] chain profiles 0 (states 0), maxw 0, DL_RC fails 0, key form fails 0; 9800 evals [1 s]
#   unit {"file": "k4_certs_5_n4_3.json.gz", "pos": 5544} k4_certs_5_n4_3.json.gz#5544[m=9,idx=1306]: start [0, 0, 0, 0, -1000000, 0, 0, -1000000, 0] best [0, 0, 0, 0, -2, 0, 1, -5, 4] chain profiles 0 (states 0), maxw 0, DL_RC fails 0, key form fails 0; 9800 evals [1 s]
#   unit {"file": "k4_certs_5_n4_3.json.gz", "pos": 5623} k4_certs_5_n4_3.json.gz#5623[m=9,idx=1385]: start [0, 0, 0, 0, -1000000, 0, 0, -1000000, 0] best [0, 0, 0, 0, -1000000, 0, 0, -1000000, 0] chain profiles 0 (states 0), maxw 0, DL_RC fails 0, key form fails 0; 9800 evals [1 s]
#   unit {"file": "k4_certs_5_n4_3.json.gz", "pos": 5639} k4_certs_5_n4_3.json.gz#5639[m=9,idx=1401]: start [0, 0, 0, 0, -1000000, 0, 0, -1000000, 0] best [0, 0, 0, 0, -1000000, 0, 0, -1000000, 0] chain profiles 0 (states 0), maxw 0, DL_RC fails 0, key form fails 0; 9800 evals [1 s]
#   unit {"file": "k4_certs_5_n4_3.json.gz", "pos": 5758} k4_certs_5_n4_3.json.gz#5758[m=9,idx=1520]: start [0, 0, 0, 0, -1000000, 0, 0, -1000000, 0] best [0, 0, 0, 0, -1000000, 0, 0, -1000000, 0] chain profiles 0 (states 0), maxw 0, DL_RC fails 0, key form fails 0; 9800 evals [1 s]
#   unit {"file": "k4_certs_5_n4_3.json.gz", "pos": 5828} k4_certs_5_n4_3.json.gz#5828[m=9,idx=1590]: start [0, 0, 0, 0, -1000000, 0, 0, -1000000, 0] best [0, 0, 0, 0, -1000000, 0, 0, -1000000, 0] chain profiles 0 (states 0), maxw 0, DL_RC fails 0, key form fails 0; 9800 evals [1 s]
#   unit {"file": "k4_certs_5_n4_3.json.gz", "pos": 5844} k4_certs_5_n4_3.json.gz#5844[m=9,idx=1606]: start [0, 0, 0, 0, -1000000, 0, 0, -1000000, 0] best [0, 0, 0, 0, -1000000, 0, 0, -1000000, 0] chain profiles 0 (states 0), maxw 0, DL_RC fails 0, key form fails 0; 9800 evals [1 s]
#   unit {"file": "k4_certs_5_n4_3.json.gz", "pos": 5849} k4_certs_5_n4_3.json.gz#5849[m=9,idx=1611]: start [0, 0, 0, 0, -1000000, 0, 0, -1000000, 0] best [0, 0, 0, 0, -1000000, 0, 0, -1000000, 0] chain profiles 0 (states 0), maxw 0, DL_RC fails 0, key form fails 0; 9800 evals [1 s]
#   unit {"file": "k4_certs_5_n4_3.json.gz", "pos": 5900} k4_certs_5_n4_3.json.gz#5900[m=9,idx=1662]: start [0, 0, 0, 0, -1000000, 0, 0, -1000000, 0] best [0, 0, 0, 0, -1000000, 0, 0, -1000000, 0] chain profiles 0 (states 0), maxw 0, DL_RC fails 0, key form fails 0; 9800 evals [1 s]
#   unit {"file": "k4_certs_5_n4_3.json.gz", "pos": 5911} k4_certs_5_n4_3.json.gz#5911[m=9,idx=1673]: start [0, 0, 0, 0, -1000000, 0, 0, -1000000, 0] best [0, 0, 0, 0, -2, 0, 1, -22, 1] chain profiles 0 (states 0), maxw 0, DL_RC fails 0, key form fails 0; 9800 evals [1 s]
#   unit {"file": "k4_certs_5_n4_3.json.gz", "pos": 5965} k4_certs_5_n4_3.json.gz#5965[m=9,idx=1727]: start [0, 0, 0, 0, -1000000, 0, 0, -1000000, 0] best [0, 0, 0, 0, -1000000, 0, 0, -1000000, 0] chain profiles 0 (states 0), maxw 0, DL_RC fails 0, key form fails 0; 9800 evals [1 s]
#   unit {"file": "k4_certs_5_n4_3.json.gz", "pos": 5997} k4_certs_5_n4_3.json.gz#5997[m=9,idx=1759]: start [0, 0, 0, 0, -1000000, 0, 0, -1000000, 0] best [0, 0, 0, 0, -1000000, 0, 0, -1000000, 0] chain profiles 0 (states 0), maxw 0, DL_RC fails 0, key form fails 0; 9800 evals [1 s]
#   unit {"file": "k4_certs_5_n4_3.json.gz", "pos": 6068} k4_certs_5_n4_3.json.gz#6068[m=9,idx=1830]: start [0, 0, 0, 0, -1000000, 0, 0, -1000000, 0] best [0, 0, 0, 0, -1000000, 0, 0, -1000000, 0] chain profiles 0 (states 0), maxw 0, DL_RC fails 0, key form fails 0; 9800 evals [1 s]
#   unit {"file": "k4_certs_5_n4_3.json.gz", "pos": 6175} k4_certs_5_n4_3.json.gz#6175[m=9,idx=1937]: start [0, 0, 0, 0, -1000000, 0, 0, -1000000, 0] best [0, 0, 0, 0, -1000000, 0, 0, -1000000, 0] chain profiles 0 (states 0), maxw 0, DL_RC fails 0, key form fails 0; 9800 evals [1 s]
#   unit {"file": "k4_certs_5_n4_3.json.gz", "pos": 6150} k4_certs_5_n4_3.json.gz#6150[m=9,idx=1912]: start [0, 0, 0, 0, -1000000, 0, 0, -1000000, 0] best [0, 0, 0, 0, -1000000, 0, 0, -1000000, 0] chain profiles 0 (states 0), maxw 0, DL_RC fails 0, key form fails 0; 9800 evals [1 s]
#   unit {"file": "k4_certs_5_n4_3.json.gz", "pos": 6180} k4_certs_5_n4_3.json.gz#6180[m=9,idx=1942]: start [0, 0, 0, 0, -1000000, 0, 0, -1000000, 0] best [0, 0, 0, 0, -1000000, 0, 0, -1000000, 0] chain profiles 0 (states 0), maxw 0, DL_RC fails 0, key form fails 0; 9800 evals [1 s]
#   unit {"file": "k4_certs_5_n4_3.json.gz", "pos": 6210} k4_certs_5_n4_3.json.gz#6210[m=9,idx=1972]: start [0, 0, 0, 0, -1000000, 0, 0, -1000000, 0] best [0, 0, 0, 0, -1000000, 0, 0, -1000000, 0] chain profiles 0 (states 0), maxw 0, DL_RC fails 0, key form fails 0; 9800 evals [1 s]
#   unit {"file": "k4_certs_5_n4_3.json.gz", "pos": 6233} k4_certs_5_n4_3.json.gz#6233[m=9,idx=1995]: start [0, 0, 0, 0, -1000000, 0, 0, -1000000, 0] best [0, 0, 0, 0, -1000000, 0, 0, -1000000, 0] chain profiles 0 (states 0), maxw 0, DL_RC fails 0, key form fails 0; 9800 evals [1 s]
#   unit {"file": "k4_certs_5_n4_3.json.gz", "pos": 6243} k4_certs_5_n4_3.json.gz#6243[m=9,idx=2005]: start [0, 0, 0, 0, -1000000, 0, 0, -1000000, 0] best [0, 0, 0, 0, -1000000, 0, 0, -1000000, 0] chain profiles 0 (states 0), maxw 0, DL_RC fails 0, key form fails 0; 9800 evals [1 s]
#   unit {"file": "k4_certs_5_n4_3.json.gz", "pos": 6293} k4_certs_5_n4_3.json.gz#6293[m=9,idx=2055]: start [0, 0, 0, 0, -1000000, 0, 0, -1000000, 0] best [0, 0, 0, 0, -2, 0, 1, -19, 1] chain profiles 0 (states 0), maxw 0, DL_RC fails 0, key form fails 0; 9800 evals [1 s]
#   unit {"file": "k4_certs_5_n4_3.json.gz", "pos": 6329} k4_certs_5_n4_3.json.gz#6329[m=9,idx=2091]: start [0, 0, 0, 0, -1000000, 0, 0, -1000000, 0] best [0, 0, 0, 0, -1000000, 0, 0, -1000000, 0] chain profiles 0 (states 0), maxw 0, DL_RC fails 0, key form fails 0; 9800 evals [1 s]
#   unit {"file": "k4_certs_5_n4_3.json.gz", "pos": 6330} k4_certs_5_n4_3.json.gz#6330[m=9,idx=2092]: start [0, 0, 0, 0, -1000000, 0, 0, -1000000, 0] best [0, 0, 0, 0, -1000000, 0, 0, -1000000, 0] chain profiles 0 (states 0), maxw 0, DL_RC fails 0, key form fails 0; 9800 evals [1 s]
#   unit {"file": "k4_certs_5_n4_3.json.gz", "pos": 6397} k4_certs_5_n4_3.json.gz#6397[m=9,idx=2159]: start [0, 0, 0, 0, -1000000, 0, 0, -1000000, 0] best [0, 0, 0, 0, -1000000, 0, 0, -1000000, 0] chain profiles 0 (states 0), maxw 0, DL_RC fails 0, key form fails 0; 9800 evals [1 s]
#   unit {"file": "k4_certs_5_n4_3.json.gz", "pos": 6451} k4_certs_5_n4_3.json.gz#6451[m=9,idx=2213]: start [0, 0, 0, 0, -1000000, 0, 0, -1000000, 0] best [0, 0, 0, 0, -1000000, 0, 0, -1000000, 0] chain profiles 0 (states 0), maxw 0, DL_RC fails 0, key form fails 0; 9800 evals [1 s]
#   unit {"file": "k4_certs_5_n4_3.json.gz", "pos": 6492} k4_certs_5_n4_3.json.gz#6492[m=9,idx=2254]: start [0, 0, 0, 0, -1000000, 0, 0, -1000000, 0] best [0, 0, 0, 0, -1000000, 0, 0, -1000000, 0] chain profiles 0 (states 0), maxw 0, DL_RC fails 0, key form fails 0; 9800 evals [1 s]
#   unit {"file": "k4_certs_5_n4_3.json.gz", "pos": 6565} k4_certs_5_n4_3.json.gz#6565[m=9,idx=2327]: start [0, 0, 0, 0, -1000000, 0, 0, -1000000, 0] best [0, 0, 0, 0, -1000000, 0, 0, -1000000, 0] chain profiles 0 (states 0), maxw 0, DL_RC fails 0, key form fails 0; 9800 evals [1 s]
#   unit {"file": "k4_certs_5_n4_3.json.gz", "pos": 6597} k4_certs_5_n4_3.json.gz#6597[m=9,idx=2359]: start [0, 0, 0, 0, -1000000, 0, 0, -1000000, 0] best [0, 0, 0, 0, -1000000, 0, 0, -1000000, 0] chain profiles 0 (states 0), maxw 0, DL_RC fails 0, key form fails 0; 9800 evals [1 s]
#   unit {"file": "k4_certs_5_n4_3.json.gz", "pos": 6679} k4_certs_5_n4_3.json.gz#6679[m=9,idx=2441]: start [0, 0, 0, 0, -1000000, 0, 0, -1000000, 0] best [0, 0, 0, 0, -1000000, 0, 0, -1000000, 0] chain profiles 0 (states 0), maxw 0, DL_RC fails 0, key form fails 0; 9800 evals [1 s]
#   unit {"file": "k4_certs_5_n4_3.json.gz", "pos": 6719} k4_certs_5_n4_3.json.gz#6719[m=9,idx=2481]: start [0, 0, 0, 0, -1000000, 0, 0, -1000000, 0] best [0, 0, 0, 0, -1000000, 0, 0, -1000000, 0] chain profiles 0 (states 0), maxw 0, DL_RC fails 0, key form fails 0; 9800 evals [1 s]
#   unit {"file": "k4_certs_5_n4_3.json.gz", "pos": 6670} k4_certs_5_n4_3.json.gz#6670[m=9,idx=2432]: start [0, 0, 0, 0, -1000000, 0, 0, -1000000, 0] best [0, 0, 0, 0, -2, 0, 1, -15, 2] chain profiles 0 (states 0), maxw 0, DL_RC fails 0, key form fails 0; 9800 evals [1 s]
#   unit {"file": "k4_certs_5_n4_3.json.gz", "pos": 6830} k4_certs_5_n4_3.json.gz#6830[m=9,idx=2592]: start [0, 0, 0, 0, -1000000, 0, 0, -1000000, 0] best [0, 0, 0, 0, -1000000, 0, 0, -1000000, 0] chain profiles 0 (states 0), maxw 0, DL_RC fails 0, key form fails 0; 9800 evals [1 s]
#   unit {"file": "k4_certs_5_n4_3.json.gz", "pos": 6847} k4_certs_5_n4_3.json.gz#6847[m=9,idx=2609]: start [0, 0, 0, 0, -1000000, 0, 0, -1000000, 0] best [0, 0, 0, 0, -1000000, 0, 0, -1000000, 0] chain profiles 0 (states 0), maxw 0, DL_RC fails 0, key form fails 0; 9800 evals [1 s]
#   unit {"file": "k4_certs_5_n4_3.json.gz", "pos": 6981} k4_certs_5_n4_3.json.gz#6981[m=9,idx=2743]: start [0, 0, 0, 0, -1000000, 0, 0, -1000000, 0] best [0, 0, 0, 0, -1000000, 0, 0, -1000000, 0] chain profiles 0 (states 0), maxw 0, DL_RC fails 0, key form fails 0; 9800 evals [1 s]
#   unit {"file": "k4_certs_5_n4_3.json.gz", "pos": 6937} k4_certs_5_n4_3.json.gz#6937[m=9,idx=2699]: start [0, 0, 0, 0, -1000000, 0, 0, -1000000, 0] best [0, 0, 0, 0, -1000000, 0, 0, -1000000, 0] chain profiles 0 (states 0), maxw 0, DL_RC fails 0, key form fails 0; 9800 evals [1 s]
#   unit {"file": "k4_certs_5_n4_3.json.gz", "pos": 7062} k4_certs_5_n4_3.json.gz#7062[m=9,idx=2824]: start [0, 0, 0, 0, -1000000, 0, 0, -1000000, 0] best [0, 0, 0, 0, -1000000, 0, 0, -1000000, 0] chain profiles 0 (states 0), maxw 0, DL_RC fails 0, key form fails 0; 9800 evals [1 s]
#   unit {"file": "k4_certs_5_n4_3.json.gz", "pos": 7084} k4_certs_5_n4_3.json.gz#7084[m=9,idx=2846]: start [0, 0, 0, 0, -1000000, 0, 0, -1000000, 0] best [0, 0, 0, 0, -1000000, 0, 0, -1000000, 0] chain profiles 0 (states 0), maxw 0, DL_RC fails 0, key form fails 0; 9800 evals [1 s]
#   unit {"file": "k4_certs_5_n4_3.json.gz", "pos": 7136} k4_certs_5_n4_3.json.gz#7136[m=9,idx=2898]: start [0, 0, 0, 0, -1000000, 0, 0, -1000000, 0] best [0, 0, 0, 0, -1000000, 0, 0, -1000000, 0] chain profiles 0 (states 0), maxw 0, DL_RC fails 0, key form fails 0; 9800 evals [1 s]
#   unit {"file": "k4_certs_5_n4_3.json.gz", "pos": 7200} k4_certs_5_n4_3.json.gz#7200[m=9,idx=2962]: start [0, 0, 0, 0, -1000000, 0, 0, -1000000, 0] best [0, 0, 0, 0, -1000000, 0, 0, -1000000, 0] chain profiles 0 (states 0), maxw 0, DL_RC fails 0, key form fails 0; 9800 evals [1 s]
#   unit {"file": "k4_certs_5_n4_3.json.gz", "pos": 7233} k4_certs_5_n4_3.json.gz#7233[m=10,idx=12]: start [0, 0, 0, 0, -1000000, 0, 0, -1000000, 0] best [0, 0, 0, 0, -1000000, 0, 0, -1000000, 0] chain profiles 0 (states 0), maxw 0, DL_RC fails 0, key form fails 0; 9800 evals [2 s]
#   unit {"file": "k4_certs_5_n4_3.json.gz", "pos": 7293} k4_certs_5_n4_3.json.gz#7293[m=10,idx=72]: start [0, 0, 0, 0, -1000000, 0, 0, -1000000, 0] best [0, 0, 0, 0, -3, 0, 1, -28, 1] chain profiles 0 (states 0), maxw 0, DL_RC fails 0, key form fails 0; 9800 evals [2 s]
#   unit {"file": "k4_certs_5_n4_3.json.gz", "pos": 7308} k4_certs_5_n4_3.json.gz#7308[m=10,idx=87]: start [0, 0, 0, 0, -3, 0, 1, -22, 1] best [0, 0, 0, 0, -2, 0, 1, -19, 1] chain profiles 0 (states 0), maxw 0, DL_RC fails 0, key form fails 0; 9800 evals [2 s]
#   unit {"file": "k4_certs_5_n4_3.json.gz", "pos": 7310} k4_certs_5_n4_3.json.gz#7310[m=10,idx=89]: start [0, 0, 0, 0, -1000000, 0, 0, -1000000, 0] best [0, 0, 0, 0, -2, 0, 1, -29, 1] chain profiles 0 (states 0), maxw 0, DL_RC fails 0, key form fails 0; 9800 evals [2 s]
#   unit {"file": "k4_certs_5_n4_3.json.gz", "pos": 7416} k4_certs_5_n4_3.json.gz#7416[m=10,idx=195]: start [0, 0, 0, 0, -3, 0, 1, -34, 1] best [0, 0, 0, 0, -2, 0, 2, -16, 3] chain profiles 0 (states 0), maxw 0, DL_RC fails 0, key form fails 0; 9800 evals [2 s]
#   unit {"file": "k4_certs_5_n4_3.json.gz", "pos": 7424} k4_certs_5_n4_3.json.gz#7424[m=10,idx=203]: start [0, 0, 0, 0, -4, 0, 1, -25, 1] best [0, 0, 0, 0, -2, 0, 1, -35, 1] chain profiles 0 (states 0), maxw 0, DL_RC fails 0, key form fails 0; 9800 evals [2 s]
#   unit {"file": "k4_certs_5_n4_3.json.gz", "pos": 7460} k4_certs_5_n4_3.json.gz#7460[m=10,idx=239]: start [0, 0, 0, 0, -1000000, 0, 0, -1000000, 0] best [0, 0, 0, 0, -3, 0, 1, -12, 2] chain profiles 0 (states 0), maxw 0, DL_RC fails 0, key form fails 0; 9800 evals [2 s]
#   unit {"file": "k4_certs_5_n4_3.json.gz", "pos": 7475} k4_certs_5_n4_3.json.gz#7475[m=10,idx=254]: start [0, 0, 0, 0, -3, 0, 1, -34, 1] best [0, 0, 0, 0, -2, 0, 1, -10, 1] chain profiles 0 (states 0), maxw 0, DL_RC fails 0, key form fails 0; 9800 evals [2 s]
#   unit {"file": "k4_certs_5_n4_3.json.gz", "pos": 7522} k4_certs_5_n4_3.json.gz#7522[m=10,idx=301]: start [0, 0, 0, 0, -1000000, 0, 0, -1000000, 0] best [0, 0, 0, 0, -2, 0, 1, -26, 1] chain profiles 0 (states 0), maxw 0, DL_RC fails 0, key form fails 0; 9800 evals [2 s]
#   unit {"file": "k4_certs_5_n4_3.json.gz", "pos": 7752} k4_certs_5_n4_3.json.gz#7752[m=10,idx=531]: start [0, 0, 0, 0, -1000000, 0, 0, -1000000, 0] best [0, 0, 0, 0, -1000000, 0, 0, -1000000, 0] chain profiles 0 (states 0), maxw 0, DL_RC fails 0, key form fails 0; 9800 evals [2 s]
#   unit {"file": "k4_certs_5_n4_3.json.gz", "pos": 7721} k4_certs_5_n4_3.json.gz#7721[m=10,idx=500]: start [0, 0, 0, 0, -1000000, 0, 0, -1000000, 0] best [0, 0, 0, 0, -1000000, 0, 0, -1000000, 0] chain profiles 0 (states 0), maxw 0, DL_RC fails 0, key form fails 0; 9800 evals [2 s]
#   unit {"file": "k4_certs_5_n4_3.json.gz", "pos": 7771} k4_certs_5_n4_3.json.gz#7771[m=10,idx=550]: start [0, 0, 0, 0, -1000000, 0, 0, -1000000, 0] best [0, 0, 0, 0, -1000000, 0, 0, -1000000, 0] chain profiles 0 (states 0), maxw 0, DL_RC fails 0, key form fails 0; 9800 evals [2 s]
#   unit {"file": "k4_certs_5_n4_3.json.gz", "pos": 7947} k4_certs_5_n4_3.json.gz#7947[m=10,idx=726]: start [0, 0, 0, 0, -3, 0, 1, -27, 1] best [0, 0, 0, 0, -2, 0, 1, -22, 2] chain profiles 0 (states 0), maxw 0, DL_RC fails 0, key form fails 0; 9800 evals [2 s]
#   unit {"file": "k4_certs_5_n4_3.json.gz", "pos": 8006} k4_certs_5_n4_3.json.gz#8006[m=10,idx=785]: start [0, 0, 0, 0, -1000000, 0, 0, -1000000, 0] best [0, 0, 0, 0, -1000000, 0, 0, -1000000, 0] chain profiles 0 (states 0), maxw 0, DL_RC fails 0, key form fails 0; 9800 evals [2 s]
#   unit {"file": "k4_certs_5_n4_3.json.gz", "pos": 7985} k4_certs_5_n4_3.json.gz#7985[m=10,idx=764]: start [0, 0, 0, 0, -1000000, 0, 0, -1000000, 0] best [0, 0, 0, 0, -2, 0, 1, -34, 2] chain profiles 0 (states 0), maxw 0, DL_RC fails 0, key form fails 0; 9800 evals [2 s]
#   unit {"file": "k4_certs_5_n4_3.json.gz", "pos": 7999} k4_certs_5_n4_3.json.gz#7999[m=10,idx=778]: start [0, 0, 0, 0, -1000000, 0, 0, -1000000, 0] best [0, 0, 0, 0, -2, 0, 1, -12, 2] chain profiles 0 (states 0), maxw 0, DL_RC fails 0, key form fails 0; 9800 evals [2 s]
#   unit {"file": "k4_certs_5_n4_3.json.gz", "pos": 8104} k4_certs_5_n4_3.json.gz#8104[m=10,idx=883]: start [0, 0, 0, 0, -1000000, 0, 0, -1000000, 0] best [0, 0, 0, 0, -1000000, 0, 0, -1000000, 0] chain profiles 0 (states 0), maxw 0, DL_RC fails 0, key form fails 0; 9800 evals [2 s]
#   unit {"file": "k4_certs_5_n4_3.json.gz", "pos": 8152} k4_certs_5_n4_3.json.gz#8152[m=10,idx=931]: start [0, 0, 0, 0, -1000000, 0, 0, -1000000, 0] best [0, 0, 0, 0, -1000000, 0, 0, -1000000, 0] chain profiles 0 (states 0), maxw 0, DL_RC fails 0, key form fails 0; 9800 evals [2 s]
#   unit {"file": "k4_certs_5_n4_3.json.gz", "pos": 8109} k4_certs_5_n4_3.json.gz#8109[m=10,idx=888]: start [0, 0, 0, 0, -1000000, 0, 0, -1000000, 0] best [0, 0, 0, 0, -3, 0, 1, -12, 2] chain profiles 0 (states 0), maxw 0, DL_RC fails 0, key form fails 0; 9800 evals [2 s]
#   unit {"file": "k4_certs_5_n4_3.json.gz", "pos": 8146} k4_certs_5_n4_3.json.gz#8146[m=10,idx=925]: start [0, 0, 0, 0, -1000000, 0, 0, -1000000, 0] best [0, 0, 0, 0, -3, 0, 1, -7, 3] chain profiles 0 (states 0), maxw 0, DL_RC fails 0, key form fails 0; 9800 evals [2 s]
#   unit {"file": "k4_certs_5_n4_3.json.gz", "pos": 8175} k4_certs_5_n4_3.json.gz#8175[m=10,idx=954]: start [0, 0, 0, 0, -1000000, 0, 0, -1000000, 0] best [0, 0, 0, 0, -2, 0, 1, -30, 2] chain profiles 0 (states 0), maxw 0, DL_RC fails 0, key form fails 0; 9800 evals [2 s]
#   unit {"file": "k4_certs_5_n4_3.json.gz", "pos": 8251} k4_certs_5_n4_3.json.gz#8251[m=10,idx=1030]: start [0, 0, 0, 0, -1000000, 0, 0, -1000000, 0] best [0, 0, 0, 0, -3, 0, 1, -19, 1] chain profiles 0 (states 0), maxw 0, DL_RC fails 0, key form fails 0; 9800 evals [2 s]
#   unit {"file": "k4_certs_5_n4_3.json.gz", "pos": 8272} k4_certs_5_n4_3.json.gz#8272[m=10,idx=1051]: start [0, 0, 0, 0, -1000000, 0, 0, -1000000, 0] best [0, 0, 0, 0, -1000000, 0, 0, -1000000, 0] chain profiles 0 (states 0), maxw 0, DL_RC fails 0, key form fails 0; 9800 evals [2 s]
#   unit {"file": "k4_certs_5_n4_3.json.gz", "pos": 8217} k4_certs_5_n4_3.json.gz#8217[m=10,idx=996]: start [0, 0, 0, 0, -1000000, 0, 0, -1000000, 0] best [0, 0, 0, 0, -2, 0, 2, -26, 2] chain profiles 0 (states 0), maxw 0, DL_RC fails 0, key form fails 0; 9800 evals [2 s]
#   unit {"file": "k4_certs_5_n4_3.json.gz", "pos": 8234} k4_certs_5_n4_3.json.gz#8234[m=10,idx=1013]: start [0, 0, 0, 0, -1000000, 0, 0, -1000000, 0] best [0, 0, 0, 0, -3, 0, 2, -18, 6] chain profiles 0 (states 0), maxw 0, DL_RC fails 0, key form fails 0; 9800 evals [2 s]
#   unit {"file": "k4_certs_5_n4_3.json.gz", "pos": 8313} k4_certs_5_n4_3.json.gz#8313[m=10,idx=1092]: start [0, 0, 0, 0, -1000000, 0, 0, -1000000, 0] best [0, 0, 0, 0, -3, 0, 1, -10, 2] chain profiles 0 (states 0), maxw 0, DL_RC fails 0, key form fails 0; 9800 evals [2 s]
#   unit {"file": "k4_certs_5_n4_3.json.gz", "pos": 8352} k4_certs_5_n4_3.json.gz#8352[m=10,idx=1131]: start [0, 0, 0, 0, -1000000, 0, 0, -1000000, 0] best [0, 0, 0, 0, -1000000, 0, 0, -1000000, 0] chain profiles 0 (states 0), maxw 0, DL_RC fails 0, key form fails 0; 9800 evals [2 s]
#   unit {"file": "k4_certs_5_n4_3.json.gz", "pos": 8296} k4_certs_5_n4_3.json.gz#8296[m=10,idx=1075]: start [0, 0, 0, 0, -1000000, 0, 0, -1000000, 0] best [0, 0, 0, 0, -3, 0, 1, -17, 1] chain profiles 0 (states 0), maxw 0, DL_RC fails 0, key form fails 0; 9800 evals [2 s]
#   unit {"file": "k4_certs_5_n4_3.json.gz", "pos": 8429} k4_certs_5_n4_3.json.gz#8429[m=10,idx=1208]: start [0, 0, 0, 0, -1000000, 0, 0, -1000000, 0] best [0, 0, 0, 0, -3, 0, 1, -23, 1] chain profiles 0 (states 0), maxw 0, DL_RC fails 0, key form fails 0; 9800 evals [2 s]
#   unit {"file": "k4_certs_5_n4_3.json.gz", "pos": 8467} k4_certs_5_n4_3.json.gz#8467[m=10,idx=1246]: start [0, 0, 0, 0, -1000000, 0, 0, -1000000, 0] best [0, 0, 0, 0, -1000000, 0, 0, -1000000, 0] chain profiles 0 (states 0), maxw 0, DL_RC fails 0, key form fails 0; 9800 evals [2 s]
#   unit {"file": "k4_certs_5_n4_3.json.gz", "pos": 8522} k4_certs_5_n4_3.json.gz#8522[m=10,idx=1301]: start [0, 0, 0, 0, -1000000, 0, 0, -1000000, 0] best [0, 0, 0, 0, -1000000, 0, 0, -1000000, 0] chain profiles 0 (states 0), maxw 0, DL_RC fails 0, key form fails 0; 9800 evals [2 s]
#   unit {"file": "k4_certs_5_n4_3.json.gz", "pos": 8516} k4_certs_5_n4_3.json.gz#8516[m=10,idx=1295]: start [0, 0, 0, 0, -1000000, 0, 0, -1000000, 0] best [0, 0, 0, 0, -1000000, 0, 0, -1000000, 0] chain profiles 0 (states 0), maxw 0, DL_RC fails 0, key form fails 0; 9800 evals [2 s]
#   unit {"file": "k4_certs_5_n4_3.json.gz", "pos": 8535} k4_certs_5_n4_3.json.gz#8535[m=10,idx=1314]: start [0, 0, 0, 0, -1000000, 0, 0, -1000000, 0] best [0, 0, 0, 0, -1000000, 0, 0, -1000000, 0] chain profiles 0 (states 0), maxw 0, DL_RC fails 0, key form fails 0; 9800 evals [2 s]
#   unit {"file": "k4_certs_5_n4_3.json.gz", "pos": 8613} k4_certs_5_n4_3.json.gz#8613[m=10,idx=1392]: start [0, 0, 0, 0, -1000000, 0, 0, -1000000, 0] best [0, 0, 0, 0, -1000000, 0, 0, -1000000, 0] chain profiles 0 (states 0), maxw 0, DL_RC fails 0, key form fails 0; 9800 evals [2 s]
#   unit {"file": "k4_certs_5_n4_3.json.gz", "pos": 8639} k4_certs_5_n4_3.json.gz#8639[m=10,idx=1418]: start [0, 0, 0, 0, -1000000, 0, 0, -1000000, 0] best [0, 0, 0, 0, -1000000, 0, 0, -1000000, 0] chain profiles 0 (states 0), maxw 0, DL_RC fails 0, key form fails 0; 9800 evals [2 s]
#   unit {"file": "k4_certs_5_n4_3.json.gz", "pos": 8648} k4_certs_5_n4_3.json.gz#8648[m=10,idx=1427]: start [0, 0, 0, 0, -1000000, 0, 0, -1000000, 0] best [0, 0, 0, 0, -1000000, 0, 0, -1000000, 0] chain profiles 0 (states 0), maxw 0, DL_RC fails 0, key form fails 0; 9800 evals [1 s]
#   unit {"file": "k4_certs_5_n4_3.json.gz", "pos": 8662} k4_certs_5_n4_3.json.gz#8662[m=10,idx=1441]: start [0, 0, 0, 0, -1000000, 0, 0, -1000000, 0] best [0, 0, 0, 0, -2, 0, 1, -10, 1] chain profiles 0 (states 0), maxw 0, DL_RC fails 0, key form fails 0; 9800 evals [2 s]
#   unit {"file": "k4_certs_5_n4_3.json.gz", "pos": 8713} k4_certs_5_n4_3.json.gz#8713[m=10,idx=1492]: start [0, 0, 0, 0, -1000000, 0, 0, -1000000, 0] best [0, 0, 0, 0, -3, 0, 1, -23, 1] chain profiles 0 (states 0), maxw 0, DL_RC fails 0, key form fails 0; 9800 evals [2 s]
#   unit {"file": "k4_certs_5_n4_3.json.gz", "pos": 8928} k4_certs_5_n4_3.json.gz#8928[m=10,idx=1707]: start [0, 0, 0, 0, -1000000, 0, 0, -1000000, 0] best [0, 0, 0, 0, -1000000, 0, 0, -1000000, 0] chain profiles 0 (states 0), maxw 0, DL_RC fails 0, key form fails 0; 9800 evals [2 s]
#   unit {"file": "k4_certs_5_n4_3.json.gz", "pos": 8842} k4_certs_5_n4_3.json.gz#8842[m=10,idx=1621]: start [0, 0, 0, 0, -1000000, 0, 0, -1000000, 0] best [0, 0, 0, 0, -2, 0, 2, -16, 1] chain profiles 0 (states 0), maxw 0, DL_RC fails 0, key form fails 0; 9800 evals [2 s]
#   unit {"file": "k4_certs_5_n4_3.json.gz", "pos": 9131} k4_certs_5_n4_3.json.gz#9131[m=11,idx=4]: start [0, 0, 0, 0, -1000000, 0, 0, -1000000, 0] best [0, 0, 0, 0, -3, 0, 1, -34, 1] chain profiles 0 (states 0), maxw 0, DL_RC fails 0, key form fails 0; 9800 evals [3 s]
#   unit {"file": "k4_certs_5_n4_3.json.gz", "pos": 9240} k4_certs_5_n4_3.json.gz#9240[m=11,idx=113]: start [0, 0, 0, 0, -1000000, 0, 0, -1000000, 0] best [0, 0, 0, 0, -2, 0, 2, -19, 6] chain profiles 0 (states 0), maxw 0, DL_RC fails 0, key form fails 0; 9800 evals [3 s]
#   unit {"file": "k4_certs_5_n4_3.json.gz", "pos": 9322} k4_certs_5_n4_3.json.gz#9322[m=11,idx=195]: start [0, 0, 0, 0, -3, 0, 1, -19, 1] best [0, 0, 0, 0, -3, 0, 1, -16, 5] chain profiles 0 (states 0), maxw 0, DL_RC fails 0, key form fails 0; 9800 evals [2 s]
#   unit {"file": "k4_certs_5_n4_3.json.gz", "pos": 9238} k4_certs_5_n4_3.json.gz#9238[m=11,idx=111]: start [0, 0, 0, 0, -2, 0, 1, -45, 1] best [0, 0, 0, 0, -2, 0, 2, -23, 11] chain profiles 0 (states 0), maxw 0, DL_RC fails 0, key form fails 0; 9800 evals [4 s]
#   unit {"file": "k4_certs_5_n4_3.json.gz", "pos": 9324} k4_certs_5_n4_3.json.gz#9324[m=11,idx=197]: start [0, 0, 0, 0, -1000000, 0, 0, -1000000, 0] best [0, 0, 0, 0, -2, 0, 1, -29, 2] chain profiles 0 (states 0), maxw 0, DL_RC fails 0, key form fails 0; 9800 evals [3 s]
#   unit {"file": "k4_certs_5_n4_3.json.gz", "pos": 9485} k4_certs_5_n4_3.json.gz#9485[m=11,idx=358]: start [0, 0, 0, 0, -3, 0, 1, -42, 1] best [0, 0, 0, 0, -2, 0, 1, -39, 1] chain profiles 0 (states 0), maxw 0, DL_RC fails 0, key form fails 0; 9800 evals [3 s]
#   unit {"file": "k4_certs_5_n4_3.json.gz", "pos": 9390} k4_certs_5_n4_3.json.gz#9390[m=11,idx=263]: start [0, 0, 0, 0, -3, 0, 1, -64, 2] best [0, 0, 0, 0, -2, 0, 1, -40, 2] chain profiles 0 (states 0), maxw 0, DL_RC fails 0, key form fails 0; 9800 evals [3 s]
#   unit {"file": "k4_certs_5_n4_3.json.gz", "pos": 9399} k4_certs_5_n4_3.json.gz#9399[m=11,idx=272]: start [0, 0, 0, 0, -3, 0, 1, -48, 4] best [0, 0, 0, 0, -2, 0, 2, -20, 2] chain profiles 0 (states 0), maxw 0, DL_RC fails 0, key form fails 0; 9800 evals [4 s]
#   unit {"file": "k4_certs_5_n4_3.json.gz", "pos": 9502} k4_certs_5_n4_3.json.gz#9502[m=11,idx=375]: start [0, 0, 0, 0, -1000000, 0, 0, -1000000, 0] best [0, 0, 0, 0, -2, 0, 1, -38, 1] chain profiles 0 (states 0), maxw 0, DL_RC fails 0, key form fails 0; 9800 evals [3 s]
#   unit {"file": "k4_certs_5_n4_3.json.gz", "pos": 9514} k4_certs_5_n4_3.json.gz#9514[m=11,idx=387]: start [0, 0, 0, 0, -3, 0, 1, -83, 1] best [0, 0, 0, 0, -2, 0, 1, -24, 1] chain profiles 0 (states 0), maxw 0, DL_RC fails 0, key form fails 0; 9800 evals [3 s]
#   unit {"file": "k4_certs_5_n4_3.json.gz", "pos": 9527} k4_certs_5_n4_3.json.gz#9527[m=11,idx=400]: start [0, 0, 0, 0, -3, 0, 1, -27, 1] best [0, 0, 0, 0, -2, 0, 1, -20, 1] chain profiles 0 (states 0), maxw 0, DL_RC fails 0, key form fails 0; 9800 evals [3 s]
#   unit {"file": "k4_certs_5_n4_3.json.gz", "pos": 9574} k4_certs_5_n4_3.json.gz#9574[m=11,idx=447]: start [0, 0, 0, 0, -1000000, 0, 0, -1000000, 0] best [0, 0, 0, 0, -1000000, 0, 0, -1000000, 0] chain profiles 0 (states 0), maxw 0, DL_RC fails 0, key form fails 0; 9800 evals [4 s]
#   unit {"file": "k4_certs_5_n4_3.json.gz", "pos": 9642} k4_certs_5_n4_3.json.gz#9642[m=11,idx=515]: start [0, 0, 0, 0, -1000000, 0, 0, -1000000, 0] best [0, 0, 0, 0, -1000000, 0, 0, -1000000, 0] chain profiles 0 (states 0), maxw 0, DL_RC fails 0, key form fails 0; 9800 evals [4 s]
#   unit {"file": "k4_certs_5_n4_3.json.gz", "pos": 9833} k4_certs_5_n4_3.json.gz#9833[m=12,idx=67]: start [0, 0, 0, 0, -2, 0, 1, -46, 3] best [0, 0, 0, 0, -2, 0, 1, -22, 1] chain profiles 0 (states 0), maxw 0, DL_RC fails 0, key form fails 0; 9800 evals [4 s]
#   unit {"file": "k4_certs_5_n4_3.json.gz", "pos": 9851} k4_certs_5_n4_3.json.gz#9851[m=12,idx=85]: start [0, 0, 0, 0, -3, 0, 1, -44, 1] best [0, 0, 0, 0, -2, 0, 1, -13, 1] chain profiles 0 (states 0), maxw 0, DL_RC fails 0, key form fails 0; 9800 evals [4 s]
#   unit {"file": "k4_certs_5_n4_3.json.gz", "pos": 9840} k4_certs_5_n4_3.json.gz#9840[m=12,idx=74]: start [0, 0, 0, 0, -2, 0, 2, -48, 17] best [0, 0, 0, 0, -2, 0, 2, -14, 14] chain profiles 0 (states 0), maxw 0, DL_RC fails 0, key form fails 0; 9800 evals [7 s]
TOTAL certs_n4_3: units 200, profiles evaluated 1960000 (with repeats; def > 0 states with f >= 1 in them: 230352), unit time 295 s (this session 77 s wall); units reaching a chain state 0, distinct chain profiles 0 (chain states 0), largest least |W| at a chain state 0; units with a DL_RC failure 0, with a key-form failure 0
best units (score order rcf kf chain chain3 -gap c3 kstar -minmv st1):
  {"file": "k4_certs_5_n4_3.json.gz", "pos": 9840} k4_certs_5_n4_3.json.gz#9840[m=12,idx=74] n=5 m=12 best [0, 0, 0, 0, -2, 0, 2, -14, 14] prof [34, 79, 42, 2, 3] H {'f': 1, 'st1': 14, 'rt4f': 0, 'rcf': 0, 'ch': 0, 'ch3': 0, 'chw2': 0, 'gap': 2, 'c3': 0, 'mv': 14, 'kf': 0, 'kfk': 0, 'maxw': 0, 'kstar': 2}
  {"file": "k4_certs_5_n4_3.json.gz", "pos": 7416} k4_certs_5_n4_3.json.gz#7416[m=10,idx=195] n=5 m=10 best [0, 0, 0, 0, -2, 0, 2, -16, 3] prof [8, 35, 6, 3, 0] H {'f': 3, 'st1': 3, 'rt4f': 0, 'rcf': 0, 'ch': 0, 'ch3': 0, 'chw2': 0, 'gap': 2, 'c3': 0, 'mv': 16, 'kf': 0, 'kfk': 0, 'maxw': 0, 'kstar': 2}
  {"file": "k4_certs_5_n4_3.json.gz", "pos": 8842} k4_certs_5_n4_3.json.gz#8842[m=10,idx=1621] n=5 m=10 best [0, 0, 0, 0, -2, 0, 2, -16, 1] prof [150, 43, 0, 0, 44] H {'f': 3, 'st1': 1, 'rt4f': 0, 'rcf': 0, 'ch': 0, 'ch3': 0, 'chw2': 0, 'gap': 2, 'c3': 0, 'mv': 16, 'kf': 0, 'kfk': 0, 'maxw': 0, 'kstar': 2}
  {"file": "k4_certs_5_n4_3.json.gz", "pos": 5583} k4_certs_5_n4_3.json.gz#5583[m=9,idx=1345] n=5 m=9 best [0, 0, 0, 0, -2, 0, 2, -18, 4] prof [99, 106, 42, 0, 3] H {'f': 2, 'st1': 4, 'rt4f': 0, 'rcf': 0, 'ch': 0, 'ch3': 0, 'chw2': 0, 'gap': 2, 'c3': 0, 'mv': 18, 'kf': 0, 'kfk': 0, 'maxw': 0, 'kstar': 2}
  {"file": "k4_certs_5_n4_3.json.gz", "pos": 9240} k4_certs_5_n4_3.json.gz#9240[m=11,idx=113] n=5 m=11 best [0, 0, 0, 0, -2, 0, 2, -19, 6] prof [7, 36, 46, 1, 4] H {'f': 3, 'st1': 6, 'rt4f': 0, 'rcf': 0, 'ch': 0, 'ch3': 0, 'chw2': 0, 'gap': 2, 'c3': 0, 'mv': 19, 'kf': 0, 'kfk': 0, 'maxw': 0, 'kstar': 2}
  {"file": "k4_certs_5_n4_3.json.gz", "pos": 2300} k4_certs_5_n4_3.json.gz#2300[m=8,idx=703] n=5 m=8 best [0, 0, 0, 0, -2, 0, 2, -20, 2] prof [164, 72, 1, 72, 1] H {'f': 3, 'st1': 2, 'rt4f': 0, 'rcf': 0, 'ch': 0, 'ch3': 0, 'chw2': 0, 'gap': 2, 'c3': 0, 'mv': 20, 'kf': 0, 'kfk': 0, 'maxw': 0, 'kstar': 2}
  {"file": "k4_certs_5_n4_3.json.gz", "pos": 9399} k4_certs_5_n4_3.json.gz#9399[m=11,idx=272] n=5 m=11 best [0, 0, 0, 0, -2, 0, 2, -20, 2] prof [48, 34, 3, 146, 3] H {'f': 1, 'st1': 2, 'rt4f': 0, 'rcf': 0, 'ch': 0, 'ch3': 0, 'chw2': 0, 'gap': 2, 'c3': 0, 'mv': 20, 'kf': 0, 'kfk': 0, 'maxw': 0, 'kstar': 2}
  {"file": "k4_certs_5_n4_3.json.gz", "pos": 9238} k4_certs_5_n4_3.json.gz#9238[m=11,idx=111] n=5 m=11 best [0, 0, 0, 0, -2, 0, 2, -23, 11] prof [34, 23, 6, 0, 0] H {'f': 2, 'st1': 11, 'rt4f': 0, 'rcf': 0, 'ch': 0, 'ch3': 0, 'chw2': 0, 'gap': 2, 'c3': 0, 'mv': 23, 'kf': 0, 'kfk': 0, 'maxw': 0, 'kstar': 2}
  {"file": "k4_certs_5_n4_3.json.gz", "pos": 4888} k4_certs_5_n4_3.json.gz#4888[m=9,idx=650] n=5 m=9 best [0, 0, 0, 0, -2, 0, 2, -23, 4] prof [37, 52, 72, 1, 4] H {'f': 3, 'st1': 4, 'rt4f': 0, 'rcf': 0, 'ch': 0, 'ch3': 0, 'chw2': 0, 'gap': 2, 'c3': 0, 'mv': 23, 'kf': 0, 'kfk': 0, 'maxw': 0, 'kstar': 2}
  {"file": "k4_certs_5_n4_3.json.gz", "pos": 3601} k4_certs_5_n4_3.json.gz#3601[m=8,idx=2004] n=5 m=8 best [0, 0, 0, 0, -2, 0, 2, -24, 3] prof [157, 0, 10, 80, 2] H {'f': 3, 'st1': 3, 'rt4f': 0, 'rcf': 0, 'ch': 0, 'ch3': 0, 'chw2': 0, 'gap': 2, 'c3': 0, 'mv': 24, 'kf': 0, 'kfk': 0, 'maxw': 0, 'kstar': 2}
  {"file": "k4_certs_5_n4_3.json.gz", "pos": 8217} k4_certs_5_n4_3.json.gz#8217[m=10,idx=996] n=5 m=10 best [0, 0, 0, 0, -2, 0, 2, -26, 2] prof [6, 6, 2, 80, 5] H {'f': 2, 'st1': 2, 'rt4f': 0, 'rcf': 0, 'ch': 0, 'ch3': 0, 'chw2': 0, 'gap': 2, 'c3': 0, 'mv': 26, 'kf': 0, 'kfk': 0, 'maxw': 0, 'kstar': 2}
  {"file": "k4_certs_5_n4_3.json.gz", "pos": 1908} k4_certs_5_n4_3.json.gz#1908[m=8,idx=311] n=5 m=8 best [0, 0, 0, 0, -2, 0, 2, -30, 6] prof [109, 43, 84, 4, 4] H {'f': 3, 'st1': 6, 'rt4f': 0, 'rcf': 0, 'ch': 0, 'ch3': 0, 'chw2': 0, 'gap': 2, 'c3': 0, 'mv': 30, 'kf': 0, 'kfk': 0, 'maxw': 0, 'kstar': 2}
  {"file": "k4_certs_5_n4_3.json.gz", "pos": 5544} k4_certs_5_n4_3.json.gz#5544[m=9,idx=1306] n=5 m=9 best [0, 0, 0, 0, -2, 0, 1, -5, 4] prof [37, 1, 85, 42, 1] H {'f': 3, 'st1': 4, 'rt4f': 0, 'rcf': 0, 'ch': 0, 'ch3': 0, 'chw2': 0, 'gap': 2, 'c3': 0, 'mv': 5, 'kf': 0, 'kfk': 0, 'maxw': 0, 'kstar': 1}
  {"file": "k4_certs_5_n4_3.json.gz", "pos": 7475} k4_certs_5_n4_3.json.gz#7475[m=10,idx=254] n=5 m=10 best [0, 0, 0, 0, -2, 0, 1, -10, 1] prof [125, 36, 1, 44, 4] H {'f': 2, 'st1': 1, 'rt4f': 0, 'rcf': 0, 'ch': 0, 'ch3': 0, 'chw2': 0, 'gap': 2, 'c3': 0, 'mv': 10, 'kf': 0, 'kfk': 0, 'maxw': 0, 'kstar': 1}
  {"file": "k4_certs_5_n4_3.json.gz", "pos": 8662} k4_certs_5_n4_3.json.gz#8662[m=10,idx=1441] n=5 m=10 best [0, 0, 0, 0, -2, 0, 1, -10, 1] prof [56, 9, 42, 1, 1] H {'f': 2, 'st1': 1, 'rt4f': 0, 'rcf': 0, 'ch': 0, 'ch3': 0, 'chw2': 0, 'gap': 2, 'c3': 0, 'mv': 10, 'kf': 0, 'kfk': 0, 'maxw': 0, 'kstar': 1}
