# command: python3 k4/dlrc_hunt.py n4_pure certs results/k4_certs_4_pure.json.gz --steps=600 --jobs=3 --seed=41
# dlrc.c sha256 f1cf4cc169a347625e5a84bd9c7a8c218f791de6e2a7ce466f59ce357000b1f7; dlrc_hunt.py sha256 80bd796e572fe9e2f840735bc4c5fd0aaefd523ec77033253b87f450b1e4fd49
# certs results/k4_certs_4_pure.json.gz: 219 units, 219 to run, 0 from the checkpoint; options {'steps': 600, 'batch': 24, 'obj': 'std', 'bt': 0.5, 'seed': 41, 'init': 200, 'stale': 40}
#   unit {"file": "k4_certs_4_pure.json.gz", "pos": 2} k4_certs_4_pure.json.gz#2[m=5,idx=1]: start [0, 0, 0, 0, -1000000, 0, 0, -1000000, 0] best [0, 0, 0, 0, -1000000, 0, 0, -1000000, 0] chain profiles 0 (states 0), maxw 0, DL_RC fails 0, key form fails 0; 14600 evals [3 s]
#   unit {"file": "k4_certs_4_pure.json.gz", "pos": 1} k4_certs_4_pure.json.gz#1[m=5,idx=0]: start [0, 0, 0, 0, -1000000, 0, 0, -1000000, 0] best [0, 0, 0, 0, -1000000, 0, 0, -1000000, 0] chain profiles 0 (states 0), maxw 0, DL_RC fails 0, key form fails 0; 14600 evals [3 s]
#   unit {"file": "k4_certs_4_pure.json.gz", "pos": 0} k4_certs_4_pure.json.gz#0[m=4,idx=0]: start [0, 0, 0, 0, -1000000, 0, 0, -1000000, 0] best [0, 0, 0, 0, -1000000, 0, 0, -1000000, 0] chain profiles 0 (states 0), maxw 0, DL_RC fails 0, key form fails 0; 14600 evals [3 s]
#   unit {"file": "k4_certs_4_pure.json.gz", "pos": 4} k4_certs_4_pure.json.gz#4[m=5,idx=3]: start [0, 0, 0, 0, -1000000, 0, 0, -1000000, 0] best [0, 0, 0, 0, -1000000, 0, 0, -1000000, 0] chain profiles 0 (states 0), maxw 0, DL_RC fails 0, key form fails 0; 14600 evals [3 s]
#   unit {"file": "k4_certs_4_pure.json.gz", "pos": 3} k4_certs_4_pure.json.gz#3[m=5,idx=2]: start [0, 0, 0, 0, -1000000, 0, 0, -1000000, 0] best [0, 0, 0, 0, -1000000, 0, 0, -1000000, 0] chain profiles 0 (states 0), maxw 0, DL_RC fails 0, key form fails 0; 14600 evals [3 s]
#   unit {"file": "k4_certs_4_pure.json.gz", "pos": 5} k4_certs_4_pure.json.gz#5[m=6,idx=0]: start [0, 0, 0, 0, -1, 0, 2, -18, 6] best [0, 0, 0, 0, -1, 0, 2, -12, 4] chain profiles 0 (states 0), maxw 0, DL_RC fails 0, key form fails 0; 14600 evals [3 s]
#   unit {"file": "k4_certs_4_pure.json.gz", "pos": 7} k4_certs_4_pure.json.gz#7[m=6,idx=2]: start [0, 0, 0, 0, -1000000, 0, 0, -1000000, 0] best [0, 0, 0, 0, -1, 0, 2, -12, 6] chain profiles 0 (states 0), maxw 0, DL_RC fails 0, key form fails 0; 14600 evals [3 s]
#   unit {"file": "k4_certs_4_pure.json.gz", "pos": 6} k4_certs_4_pure.json.gz#6[m=6,idx=1]: start [0, 0, 0, 0, -1000000, 0, 0, -1000000, 0] best [0, 0, 0, 0, -1000000, 0, 0, -1000000, 0] chain profiles 0 (states 0), maxw 0, DL_RC fails 0, key form fails 0; 14600 evals [3 s]
#   unit {"file": "k4_certs_4_pure.json.gz", "pos": 8} k4_certs_4_pure.json.gz#8[m=6,idx=3]: start [0, 0, 0, 0, -1000000, 0, 0, -1000000, 0] best [0, 0, 0, 0, -1, 0, 2, -12, 6] chain profiles 0 (states 0), maxw 0, DL_RC fails 0, key form fails 0; 14600 evals [3 s]
#   unit {"file": "k4_certs_4_pure.json.gz", "pos": 9} k4_certs_4_pure.json.gz#9[m=6,idx=4]: start [0, 0, 0, 0, -1000000, 0, 0, -1000000, 0] best [0, 0, 0, 0, -1000000, 0, 0, -1000000, 0] chain profiles 0 (states 0), maxw 0, DL_RC fails 0, key form fails 0; 14600 evals [3 s]
#   unit {"file": "k4_certs_4_pure.json.gz", "pos": 10} k4_certs_4_pure.json.gz#10[m=6,idx=5]: start [0, 0, 0, 0, -1000000, 0, 0, -1000000, 0] best [0, 0, 0, 0, -1, 0, 2, -12, 6] chain profiles 0 (states 0), maxw 0, DL_RC fails 0, key form fails 0; 14600 evals [3 s]
#   unit {"file": "k4_certs_4_pure.json.gz", "pos": 11} k4_certs_4_pure.json.gz#11[m=6,idx=6]: start [0, 0, 0, 0, -1000000, 0, 0, -1000000, 0] best [0, 0, 0, 0, -1000000, 0, 0, -1000000, 0] chain profiles 0 (states 0), maxw 0, DL_RC fails 0, key form fails 0; 14600 evals [3 s]
#   unit {"file": "k4_certs_4_pure.json.gz", "pos": 12} k4_certs_4_pure.json.gz#12[m=6,idx=7]: start [0, 0, 0, 0, -1000000, 0, 0, -1000000, 0] best [0, 0, 0, 0, -1000000, 0, 0, -1000000, 0] chain profiles 0 (states 0), maxw 0, DL_RC fails 0, key form fails 0; 14600 evals [3 s]
#   unit {"file": "k4_certs_4_pure.json.gz", "pos": 13} k4_certs_4_pure.json.gz#13[m=6,idx=8]: start [0, 0, 0, 0, -1000000, 0, 0, -1000000, 0] best [0, 0, 0, 0, -1000000, 0, 0, -1000000, 0] chain profiles 0 (states 0), maxw 0, DL_RC fails 0, key form fails 0; 14600 evals [3 s]
#   unit {"file": "k4_certs_4_pure.json.gz", "pos": 14} k4_certs_4_pure.json.gz#14[m=6,idx=9]: start [0, 0, 0, 0, -1000000, 0, 0, -1000000, 0] best [0, 0, 0, 0, -1000000, 0, 0, -1000000, 0] chain profiles 0 (states 0), maxw 0, DL_RC fails 0, key form fails 0; 14600 evals [3 s]
#   unit {"file": "k4_certs_4_pure.json.gz", "pos": 15} k4_certs_4_pure.json.gz#15[m=6,idx=10]: start [0, 0, 0, 0, -1000000, 0, 0, -1000000, 0] best [0, 0, 0, 0, -1000000, 0, 0, -1000000, 0] chain profiles 0 (states 0), maxw 0, DL_RC fails 0, key form fails 0; 14600 evals [3 s]
#   unit {"file": "k4_certs_4_pure.json.gz", "pos": 16} k4_certs_4_pure.json.gz#16[m=6,idx=11]: start [0, 0, 0, 0, -1000000, 0, 0, -1000000, 0] best [0, 0, 0, 0, -1000000, 0, 0, -1000000, 0] chain profiles 0 (states 0), maxw 0, DL_RC fails 0, key form fails 0; 14600 evals [3 s]
#   unit {"file": "k4_certs_4_pure.json.gz", "pos": 17} k4_certs_4_pure.json.gz#17[m=6,idx=12]: start [0, 0, 0, 0, -1000000, 0, 0, -1000000, 0] best [0, 0, 0, 0, -1000000, 0, 0, -1000000, 0] chain profiles 0 (states 0), maxw 0, DL_RC fails 0, key form fails 0; 14600 evals [3 s]
#   unit {"file": "k4_certs_4_pure.json.gz", "pos": 18} k4_certs_4_pure.json.gz#18[m=6,idx=13]: start [0, 0, 0, 0, -1000000, 0, 0, -1000000, 0] best [0, 0, 0, 0, -1, 0, 2, -12, 6] chain profiles 0 (states 0), maxw 0, DL_RC fails 0, key form fails 0; 14600 evals [3 s]
#   unit {"file": "k4_certs_4_pure.json.gz", "pos": 19} k4_certs_4_pure.json.gz#19[m=6,idx=14]: start [0, 0, 0, 0, -1000000, 0, 0, -1000000, 0] best [0, 0, 0, 0, -1000000, 0, 0, -1000000, 0] chain profiles 0 (states 0), maxw 0, DL_RC fails 0, key form fails 0; 14600 evals [3 s]
#   unit {"file": "k4_certs_4_pure.json.gz", "pos": 20} k4_certs_4_pure.json.gz#20[m=6,idx=15]: start [0, 0, 0, 0, -1000000, 0, 0, -1000000, 0] best [0, 0, 0, 0, -1000000, 0, 0, -1000000, 0] chain profiles 0 (states 0), maxw 0, DL_RC fails 0, key form fails 0; 14600 evals [3 s]
#   unit {"file": "k4_certs_4_pure.json.gz", "pos": 21} k4_certs_4_pure.json.gz#21[m=7,idx=0]: start [0, 0, 0, 0, -1000000, 0, 0, -1000000, 0] best [0, 0, 0, 0, -2, 0, 2, -10, 3] chain profiles 0 (states 0), maxw 0, DL_RC fails 0, key form fails 0; 14600 evals [3 s]
#   unit {"file": "k4_certs_4_pure.json.gz", "pos": 22} k4_certs_4_pure.json.gz#22[m=7,idx=1]: start [0, 0, 0, 0, -1000000, 0, 0, -1000000, 0] best [0, 0, 0, 0, -1, 0, 2, -12, 3] chain profiles 0 (states 0), maxw 0, DL_RC fails 0, key form fails 0; 14600 evals [3 s]
#   unit {"file": "k4_certs_4_pure.json.gz", "pos": 23} k4_certs_4_pure.json.gz#23[m=7,idx=2]: start [0, 0, 0, 0, -1000000, 0, 0, -1000000, 0] best [0, 0, 0, 0, -2, 0, 2, -12, 3] chain profiles 0 (states 0), maxw 0, DL_RC fails 0, key form fails 0; 14600 evals [3 s]
#   unit {"file": "k4_certs_4_pure.json.gz", "pos": 25} k4_certs_4_pure.json.gz#25[m=7,idx=4]: start [0, 0, 0, 0, -1000000, 0, 0, -1000000, 0] best [0, 0, 0, 0, -2, 0, 2, -9, 5] chain profiles 0 (states 0), maxw 0, DL_RC fails 0, key form fails 0; 14600 evals [3 s]
#   unit {"file": "k4_certs_4_pure.json.gz", "pos": 24} k4_certs_4_pure.json.gz#24[m=7,idx=3]: start [0, 0, 0, 0, -1000000, 0, 0, -1000000, 0] best [0, 0, 0, 0, -2, 0, 2, -7, 7] chain profiles 0 (states 0), maxw 0, DL_RC fails 0, key form fails 0; 14600 evals [3 s]
#   unit {"file": "k4_certs_4_pure.json.gz", "pos": 26} k4_certs_4_pure.json.gz#26[m=7,idx=5]: start [0, 0, 0, 0, -2, 0, 1, -14, 1] best [0, 0, 0, 0, -1, 0, 2, -12, 4] chain profiles 0 (states 0), maxw 0, DL_RC fails 0, key form fails 0; 14600 evals [3 s]
#   unit {"file": "k4_certs_4_pure.json.gz", "pos": 27} k4_certs_4_pure.json.gz#27[m=7,idx=6]: start [0, 0, 0, 0, -1000000, 0, 0, -1000000, 0] best [0, 0, 0, 0, -2, 0, 2, -10, 1] chain profiles 0 (states 0), maxw 0, DL_RC fails 0, key form fails 0; 14600 evals [4 s]
#   unit {"file": "k4_certs_4_pure.json.gz", "pos": 28} k4_certs_4_pure.json.gz#28[m=7,idx=7]: start [0, 0, 0, 0, -1000000, 0, 0, -1000000, 0] best [0, 0, 0, 0, -1000000, 0, 0, -1000000, 0] chain profiles 0 (states 0), maxw 0, DL_RC fails 0, key form fails 0; 14600 evals [3 s]
#   unit {"file": "k4_certs_4_pure.json.gz", "pos": 29} k4_certs_4_pure.json.gz#29[m=7,idx=8]: start [0, 0, 0, 0, -1000000, 0, 0, -1000000, 0] best [0, 0, 0, 0, -1, 0, 2, -12, 3] chain profiles 0 (states 0), maxw 0, DL_RC fails 0, key form fails 0; 14600 evals [4 s]
#   unit {"file": "k4_certs_4_pure.json.gz", "pos": 30} k4_certs_4_pure.json.gz#30[m=7,idx=9]: start [0, 0, 0, 0, -1000000, 0, 0, -1000000, 0] best [0, 0, 0, 0, -1, 0, 2, -16, 4] chain profiles 0 (states 0), maxw 0, DL_RC fails 0, key form fails 0; 14600 evals [3 s]
#   unit {"file": "k4_certs_4_pure.json.gz", "pos": 31} k4_certs_4_pure.json.gz#31[m=7,idx=10]: start [0, 0, 0, 0, -1000000, 0, 0, -1000000, 0] best [0, 0, 0, 0, -1, 0, 2, -15, 2] chain profiles 0 (states 0), maxw 0, DL_RC fails 0, key form fails 0; 14600 evals [3 s]
#   unit {"file": "k4_certs_4_pure.json.gz", "pos": 32} k4_certs_4_pure.json.gz#32[m=7,idx=11]: start [0, 0, 0, 0, -1000000, 0, 0, -1000000, 0] best [0, 0, 0, 0, -2, 0, 2, -8, 4] chain profiles 0 (states 0), maxw 0, DL_RC fails 0, key form fails 0; 14600 evals [3 s]
#   unit {"file": "k4_certs_4_pure.json.gz", "pos": 33} k4_certs_4_pure.json.gz#33[m=7,idx=12]: start [0, 0, 0, 0, -1000000, 0, 0, -1000000, 0] best [0, 0, 0, 0, -2, 0, 1, -9, 1] chain profiles 0 (states 0), maxw 0, DL_RC fails 0, key form fails 0; 14600 evals [3 s]
#   unit {"file": "k4_certs_4_pure.json.gz", "pos": 34} k4_certs_4_pure.json.gz#34[m=7,idx=13]: start [0, 0, 0, 0, -1000000, 0, 0, -1000000, 0] best [0, 0, 0, 0, -1, 0, 2, -12, 6] chain profiles 0 (states 0), maxw 0, DL_RC fails 0, key form fails 0; 14600 evals [3 s]
#   unit {"file": "k4_certs_4_pure.json.gz", "pos": 35} k4_certs_4_pure.json.gz#35[m=7,idx=14]: start [0, 0, 0, 0, -1000000, 0, 0, -1000000, 0] best [0, 0, 0, 0, -2, 0, 2, -11, 6] chain profiles 0 (states 0), maxw 0, DL_RC fails 0, key form fails 0; 14600 evals [3 s]
#   unit {"file": "k4_certs_4_pure.json.gz", "pos": 36} k4_certs_4_pure.json.gz#36[m=7,idx=15]: start [0, 0, 0, 0, -1000000, 0, 0, -1000000, 0] best [0, 0, 0, 0, -2, 0, 1, -13, 2] chain profiles 0 (states 0), maxw 0, DL_RC fails 0, key form fails 0; 14600 evals [3 s]
#   unit {"file": "k4_certs_4_pure.json.gz", "pos": 37} k4_certs_4_pure.json.gz#37[m=7,idx=16]: start [0, 0, 0, 0, -1000000, 0, 0, -1000000, 0] best [0, 0, 0, 0, -1, 0, 2, -15, 2] chain profiles 0 (states 0), maxw 0, DL_RC fails 0, key form fails 0; 14600 evals [3 s]
#   unit {"file": "k4_certs_4_pure.json.gz", "pos": 38} k4_certs_4_pure.json.gz#38[m=7,idx=17]: start [0, 0, 0, 0, -1000000, 0, 0, -1000000, 0] best [0, 0, 0, 0, -1, 0, 2, -16, 4] chain profiles 0 (states 0), maxw 0, DL_RC fails 0, key form fails 0; 14600 evals [3 s]
#   unit {"file": "k4_certs_4_pure.json.gz", "pos": 39} k4_certs_4_pure.json.gz#39[m=7,idx=18]: start [0, 0, 0, 0, -1000000, 0, 0, -1000000, 0] best [0, 0, 0, 0, -1, 0, 2, -17, 3] chain profiles 0 (states 0), maxw 0, DL_RC fails 0, key form fails 0; 14600 evals [4 s]
#   unit {"file": "k4_certs_4_pure.json.gz", "pos": 40} k4_certs_4_pure.json.gz#40[m=7,idx=19]: start [0, 0, 0, 0, -2, 0, 1, -15, 2] best [0, 0, 0, 0, -1, 0, 2, -12, 4] chain profiles 0 (states 0), maxw 0, DL_RC fails 0, key form fails 0; 14600 evals [4 s]
#   unit {"file": "k4_certs_4_pure.json.gz", "pos": 41} k4_certs_4_pure.json.gz#41[m=7,idx=20]: start [0, 0, 0, 0, -1000000, 0, 0, -1000000, 0] best [0, 0, 0, 0, -2, 0, 2, -12, 3] chain profiles 0 (states 0), maxw 0, DL_RC fails 0, key form fails 0; 14600 evals [4 s]
#   unit {"file": "k4_certs_4_pure.json.gz", "pos": 43} k4_certs_4_pure.json.gz#43[m=7,idx=22]: start [0, 0, 0, 0, -1000000, 0, 0, -1000000, 0] best [0, 0, 0, 0, -1000000, 0, 0, -1000000, 0] chain profiles 0 (states 0), maxw 0, DL_RC fails 0, key form fails 0; 14600 evals [3 s]
#   unit {"file": "k4_certs_4_pure.json.gz", "pos": 42} k4_certs_4_pure.json.gz#42[m=7,idx=21]: start [0, 0, 0, 0, -1000000, 0, 0, -1000000, 0] best [0, 0, 0, 0, -1, 0, 2, -7, 4] chain profiles 0 (states 0), maxw 0, DL_RC fails 0, key form fails 0; 14600 evals [3 s]
#   unit {"file": "k4_certs_4_pure.json.gz", "pos": 44} k4_certs_4_pure.json.gz#44[m=7,idx=23]: start [0, 0, 0, 0, -1000000, 0, 0, -1000000, 0] best [0, 0, 0, 0, -1, 0, 2, -15, 11] chain profiles 0 (states 0), maxw 0, DL_RC fails 0, key form fails 0; 14600 evals [3 s]
#   unit {"file": "k4_certs_4_pure.json.gz", "pos": 45} k4_certs_4_pure.json.gz#45[m=7,idx=24]: start [0, 0, 0, 0, -1000000, 0, 0, -1000000, 0] best [0, 0, 0, 0, -1, 0, 2, -11, 7] chain profiles 0 (states 0), maxw 0, DL_RC fails 0, key form fails 0; 14600 evals [3 s]
#   unit {"file": "k4_certs_4_pure.json.gz", "pos": 46} k4_certs_4_pure.json.gz#46[m=7,idx=25]: start [0, 0, 0, 0, -1000000, 0, 0, -1000000, 0] best [0, 0, 0, 0, -2, 0, 2, -10, 5] chain profiles 0 (states 0), maxw 0, DL_RC fails 0, key form fails 0; 14600 evals [3 s]
#   unit {"file": "k4_certs_4_pure.json.gz", "pos": 47} k4_certs_4_pure.json.gz#47[m=7,idx=26]: start [0, 0, 0, 0, -1000000, 0, 0, -1000000, 0] best [0, 0, 0, 0, -1, 0, 1, -19, 1] chain profiles 0 (states 0), maxw 0, DL_RC fails 0, key form fails 0; 14600 evals [3 s]
#   unit {"file": "k4_certs_4_pure.json.gz", "pos": 48} k4_certs_4_pure.json.gz#48[m=7,idx=27]: start [0, 0, 0, 0, -1000000, 0, 0, -1000000, 0] best [0, 0, 0, 0, -1, 0, 2, -15, 5] chain profiles 0 (states 0), maxw 0, DL_RC fails 0, key form fails 0; 14600 evals [3 s]
#   unit {"file": "k4_certs_4_pure.json.gz", "pos": 49} k4_certs_4_pure.json.gz#49[m=7,idx=28]: start [0, 0, 0, 0, -1000000, 0, 0, -1000000, 0] best [0, 0, 0, 0, -1, 0, 1, -17, 1] chain profiles 0 (states 0), maxw 0, DL_RC fails 0, key form fails 0; 14600 evals [3 s]
#   unit {"file": "k4_certs_4_pure.json.gz", "pos": 50} k4_certs_4_pure.json.gz#50[m=7,idx=29]: start [0, 0, 0, 0, -2, 0, 1, -17, 2] best [0, 0, 0, 0, -1, 0, 2, -15, 5] chain profiles 0 (states 0), maxw 0, DL_RC fails 0, key form fails 0; 14600 evals [4 s]
#   unit {"file": "k4_certs_4_pure.json.gz", "pos": 51} k4_certs_4_pure.json.gz#51[m=7,idx=30]: start [0, 0, 0, 0, -1000000, 0, 0, -1000000, 0] best [0, 0, 0, 0, -1, 0, 2, -17, 3] chain profiles 0 (states 0), maxw 0, DL_RC fails 0, key form fails 0; 14600 evals [3 s]
#   unit {"file": "k4_certs_4_pure.json.gz", "pos": 52} k4_certs_4_pure.json.gz#52[m=7,idx=31]: start [0, 0, 0, 0, -1000000, 0, 0, -1000000, 0] best [0, 0, 0, 0, -2, 0, 1, -14, 1] chain profiles 0 (states 0), maxw 0, DL_RC fails 0, key form fails 0; 14600 evals [3 s]
#   unit {"file": "k4_certs_4_pure.json.gz", "pos": 53} k4_certs_4_pure.json.gz#53[m=7,idx=32]: start [0, 0, 0, 0, -1000000, 0, 0, -1000000, 0] best [0, 0, 0, 0, -2, 0, 2, -19, 4] chain profiles 0 (states 0), maxw 0, DL_RC fails 0, key form fails 0; 14600 evals [3 s]
#   unit {"file": "k4_certs_4_pure.json.gz", "pos": 54} k4_certs_4_pure.json.gz#54[m=7,idx=33]: start [0, 0, 0, 0, -1000000, 0, 0, -1000000, 0] best [0, 0, 0, 0, -2, 0, 2, -16, 6] chain profiles 0 (states 0), maxw 0, DL_RC fails 0, key form fails 0; 14600 evals [3 s]
#   unit {"file": "k4_certs_4_pure.json.gz", "pos": 55} k4_certs_4_pure.json.gz#55[m=7,idx=34]: start [0, 0, 0, 0, -2, 0, 2, -17, 3] best [0, 0, 0, 0, -1, 0, 2, -11, 9] chain profiles 0 (states 0), maxw 0, DL_RC fails 0, key form fails 0; 14600 evals [3 s]
#   unit {"file": "k4_certs_4_pure.json.gz", "pos": 56} k4_certs_4_pure.json.gz#56[m=7,idx=35]: start [0, 0, 0, 0, -1000000, 0, 0, -1000000, 0] best [0, 0, 0, 0, -2, 0, 1, -20, 2] chain profiles 0 (states 0), maxw 0, DL_RC fails 0, key form fails 0; 14600 evals [3 s]
#   unit {"file": "k4_certs_4_pure.json.gz", "pos": 57} k4_certs_4_pure.json.gz#57[m=7,idx=36]: start [0, 0, 0, 0, -1000000, 0, 0, -1000000, 0] best [0, 0, 0, 0, -2, 0, 2, -10, 6] chain profiles 0 (states 0), maxw 0, DL_RC fails 0, key form fails 0; 14600 evals [3 s]
#   unit {"file": "k4_certs_4_pure.json.gz", "pos": 58} k4_certs_4_pure.json.gz#58[m=7,idx=37]: start [0, 0, 0, 0, -1000000, 0, 0, -1000000, 0] best [0, 0, 0, 0, -1, 0, 2, -13, 9] chain profiles 0 (states 0), maxw 0, DL_RC fails 0, key form fails 0; 14600 evals [3 s]
#   unit {"file": "k4_certs_4_pure.json.gz", "pos": 59} k4_certs_4_pure.json.gz#59[m=7,idx=38]: start [0, 0, 0, 0, -1000000, 0, 0, -1000000, 0] best [0, 0, 0, 0, -2, 0, 2, -12, 4] chain profiles 0 (states 0), maxw 0, DL_RC fails 0, key form fails 0; 14600 evals [3 s]
#   unit {"file": "k4_certs_4_pure.json.gz", "pos": 60} k4_certs_4_pure.json.gz#60[m=7,idx=39]: start [0, 0, 0, 0, -1000000, 0, 0, -1000000, 0] best [0, 0, 0, 0, -2, 0, 1, -16, 1] chain profiles 0 (states 0), maxw 0, DL_RC fails 0, key form fails 0; 14600 evals [3 s]
#   unit {"file": "k4_certs_4_pure.json.gz", "pos": 61} k4_certs_4_pure.json.gz#61[m=8,idx=0]: start [0, 0, 0, 0, -1000000, 0, 0, -1000000, 0] best [0, 0, 0, 0, -2, 0, 2, -16, 3] chain profiles 0 (states 0), maxw 0, DL_RC fails 0, key form fails 0; 14600 evals [4 s]
#   unit {"file": "k4_certs_4_pure.json.gz", "pos": 62} k4_certs_4_pure.json.gz#62[m=8,idx=1]: start [0, 0, 0, 0, -1000000, 0, 0, -1000000, 0] best [0, 0, 0, 0, -2, 0, 2, -8, 4] chain profiles 0 (states 0), maxw 0, DL_RC fails 0, key form fails 0; 14600 evals [4 s]
#   unit {"file": "k4_certs_4_pure.json.gz", "pos": 63} k4_certs_4_pure.json.gz#63[m=8,idx=2]: start [0, 0, 0, 0, -2, 0, 1, -30, 2] best [0, 0, 0, 0, -2, 0, 2, -14, 11] chain profiles 0 (states 0), maxw 0, DL_RC fails 0, key form fails 0; 14600 evals [4 s]
#   unit {"file": "k4_certs_4_pure.json.gz", "pos": 64} k4_certs_4_pure.json.gz#64[m=8,idx=3]: start [0, 0, 0, 0, -2, 0, 1, -27, 1] best [0, 0, 0, 0, -1, 0, 1, -16, 1] chain profiles 0 (states 0), maxw 0, DL_RC fails 0, key form fails 0; 14600 evals [3 s]
#   unit {"file": "k4_certs_4_pure.json.gz", "pos": 65} k4_certs_4_pure.json.gz#65[m=8,idx=4]: start [0, 0, 0, 0, -3, 0, 1, -16, 1] best [0, 0, 0, 0, -2, 0, 1, -10, 1] chain profiles 0 (states 0), maxw 0, DL_RC fails 0, key form fails 0; 14600 evals [4 s]
#   unit {"file": "k4_certs_4_pure.json.gz", "pos": 66} k4_certs_4_pure.json.gz#66[m=8,idx=5]: start [0, 0, 0, 0, -2, 0, 1, -25, 1] best [0, 0, 0, 0, -1, 0, 2, -5, 5] chain profiles 0 (states 0), maxw 0, DL_RC fails 0, key form fails 0; 14600 evals [4 s]
#   unit {"file": "k4_certs_4_pure.json.gz", "pos": 67} k4_certs_4_pure.json.gz#67[m=8,idx=6]: start [0, 0, 0, 0, -2, 0, 2, -24, 3] best [0, 0, 0, 0, -1, 0, 2, -12, 11] chain profiles 0 (states 0), maxw 0, DL_RC fails 0, key form fails 0; 14600 evals [4 s]
#   unit {"file": "k4_certs_4_pure.json.gz", "pos": 68} k4_certs_4_pure.json.gz#68[m=8,idx=7]: start [0, 0, 0, 0, -2, 0, 1, -12, 3] best [0, 0, 0, 0, -1, 0, 2, -12, 6] chain profiles 0 (states 0), maxw 0, DL_RC fails 0, key form fails 0; 14600 evals [3 s]
#   unit {"file": "k4_certs_4_pure.json.gz", "pos": 69} k4_certs_4_pure.json.gz#69[m=8,idx=8]: start [0, 0, 0, 0, -3, 0, 1, -31, 1] best [0, 0, 0, 0, -2, 0, 1, -11, 6] chain profiles 0 (states 0), maxw 0, DL_RC fails 0, key form fails 0; 14600 evals [4 s]
#   unit {"file": "k4_certs_4_pure.json.gz", "pos": 70} k4_certs_4_pure.json.gz#70[m=8,idx=9]: start [0, 0, 0, 0, -2, 0, 1, -18, 1] best [0, 0, 0, 0, -2, 0, 1, -11, 2] chain profiles 0 (states 0), maxw 0, DL_RC fails 0, key form fails 0; 14600 evals [4 s]
#   unit {"file": "k4_certs_4_pure.json.gz", "pos": 71} k4_certs_4_pure.json.gz#71[m=8,idx=10]: start [0, 0, 0, 0, -2, 0, 2, -17, 3] best [0, 0, 0, 0, -1, 0, 2, -12, 4] chain profiles 0 (states 0), maxw 0, DL_RC fails 0, key form fails 0; 14600 evals [4 s]
#   unit {"file": "k4_certs_4_pure.json.gz", "pos": 72} k4_certs_4_pure.json.gz#72[m=8,idx=11]: start [0, 0, 0, 0, -1000000, 0, 0, -1000000, 0] best [0, 0, 0, 0, -2, 0, 2, -8, 7] chain profiles 0 (states 0), maxw 0, DL_RC fails 0, key form fails 0; 14600 evals [5 s]
#   unit {"file": "k4_certs_4_pure.json.gz", "pos": 73} k4_certs_4_pure.json.gz#73[m=8,idx=12]: start [0, 0, 0, 0, -2, 0, 1, -19, 1] best [0, 0, 0, 0, -2, 0, 2, -9, 4] chain profiles 0 (states 0), maxw 0, DL_RC fails 0, key form fails 0; 14600 evals [5 s]
#   unit {"file": "k4_certs_4_pure.json.gz", "pos": 74} k4_certs_4_pure.json.gz#74[m=8,idx=13]: start [0, 0, 0, 0, -1000000, 0, 0, -1000000, 0] best [0, 0, 0, 0, -2, 0, 1, -12, 2] chain profiles 0 (states 0), maxw 0, DL_RC fails 0, key form fails 0; 14600 evals [5 s]
#   unit {"file": "k4_certs_4_pure.json.gz", "pos": 75} k4_certs_4_pure.json.gz#75[m=8,idx=14]: start [0, 0, 0, 0, -1000000, 0, 0, -1000000, 0] best [0, 0, 0, 0, -2, 0, 2, -8, 8] chain profiles 0 (states 0), maxw 0, DL_RC fails 0, key form fails 0; 14600 evals [5 s]
#   unit {"file": "k4_certs_4_pure.json.gz", "pos": 76} k4_certs_4_pure.json.gz#76[m=8,idx=15]: start [0, 0, 0, 0, -2, 0, 2, -13, 3] best [0, 0, 0, 0, -1, 0, 2, -14, 3] chain profiles 0 (states 0), maxw 0, DL_RC fails 0, key form fails 0; 14600 evals [5 s]
#   unit {"file": "k4_certs_4_pure.json.gz", "pos": 77} k4_certs_4_pure.json.gz#77[m=8,idx=16]: start [0, 0, 0, 0, -1000000, 0, 0, -1000000, 0] best [0, 0, 0, 0, -2, 0, 2, -10, 3] chain profiles 0 (states 0), maxw 0, DL_RC fails 0, key form fails 0; 14600 evals [5 s]
#   unit {"file": "k4_certs_4_pure.json.gz", "pos": 79} k4_certs_4_pure.json.gz#79[m=8,idx=18]: start [0, 0, 0, 0, -2, 0, 2, -17, 3] best [0, 0, 0, 0, -1, 0, 2, -12, 8] chain profiles 0 (states 0), maxw 0, DL_RC fails 0, key form fails 0; 14600 evals [4 s]
#   unit {"file": "k4_certs_4_pure.json.gz", "pos": 78} k4_certs_4_pure.json.gz#78[m=8,idx=17]: start [0, 0, 0, 0, -1000000, 0, 0, -1000000, 0] best [0, 0, 0, 0, -2, 0, 1, -5, 2] chain profiles 0 (states 0), maxw 0, DL_RC fails 0, key form fails 0; 14600 evals [5 s]
#   unit {"file": "k4_certs_4_pure.json.gz", "pos": 80} k4_certs_4_pure.json.gz#80[m=8,idx=19]: start [0, 0, 0, 0, -2, 0, 1, -14, 1] best [0, 0, 0, 0, -1, 0, 1, -16, 6] chain profiles 0 (states 0), maxw 0, DL_RC fails 0, key form fails 0; 14600 evals [5 s]
#   unit {"file": "k4_certs_4_pure.json.gz", "pos": 82} k4_certs_4_pure.json.gz#82[m=8,idx=21]: start [0, 0, 0, 0, -3, 0, 1, -34, 1] best [0, 0, 0, 0, -2, 0, 2, -9, 5] chain profiles 0 (states 0), maxw 0, DL_RC fails 0, key form fails 0; 14600 evals [5 s]
#   unit {"file": "k4_certs_4_pure.json.gz", "pos": 81} k4_certs_4_pure.json.gz#81[m=8,idx=20]: start [0, 0, 0, 0, -1000000, 0, 0, -1000000, 0] best [0, 0, 0, 0, -2, 0, 1, -10, 1] chain profiles 0 (states 0), maxw 0, DL_RC fails 0, key form fails 0; 14600 evals [5 s]
#   unit {"file": "k4_certs_4_pure.json.gz", "pos": 83} k4_certs_4_pure.json.gz#83[m=8,idx=22]: start [0, 0, 0, 0, -1000000, 0, 0, -1000000, 0] best [0, 0, 0, 0, -2, 0, 1, -10, 1] chain profiles 0 (states 0), maxw 0, DL_RC fails 0, key form fails 0; 14600 evals [5 s]
#   unit {"file": "k4_certs_4_pure.json.gz", "pos": 84} k4_certs_4_pure.json.gz#84[m=8,idx=23]: start [0, 0, 0, 0, -2, 0, 1, -23, 1] best [0, 0, 0, 0, -1, 0, 2, -12, 4] chain profiles 0 (states 0), maxw 0, DL_RC fails 0, key form fails 0; 14600 evals [4 s]
#   unit {"file": "k4_certs_4_pure.json.gz", "pos": 85} k4_certs_4_pure.json.gz#85[m=8,idx=24]: start [0, 0, 0, 0, -2, 0, 1, -32, 1] best [0, 0, 0, 0, -2, 1, 3, -5, 2] chain profiles 0 (states 0), maxw 0, DL_RC fails 0, key form fails 0; 14600 evals [5 s]
#   unit {"file": "k4_certs_4_pure.json.gz", "pos": 86} k4_certs_4_pure.json.gz#86[m=8,idx=25]: start [0, 0, 0, 0, -3, 0, 1, -27, 1] best [0, 0, 0, 0, -2, 0, 1, -15, 2] chain profiles 0 (states 0), maxw 0, DL_RC fails 0, key form fails 0; 14600 evals [5 s]
#   unit {"file": "k4_certs_4_pure.json.gz", "pos": 87} k4_certs_4_pure.json.gz#87[m=8,idx=26]: start [0, 0, 0, 0, -1000000, 0, 0, -1000000, 0] best [0, 0, 0, 0, -1, 0, 2, -12, 6] chain profiles 0 (states 0), maxw 0, DL_RC fails 0, key form fails 0; 14600 evals [4 s]
#   unit {"file": "k4_certs_4_pure.json.gz", "pos": 88} k4_certs_4_pure.json.gz#88[m=8,idx=27]: start [0, 0, 0, 0, -2, 0, 1, -15, 2] best [0, 0, 0, 0, -2, 0, 2, -9, 5] chain profiles 0 (states 0), maxw 0, DL_RC fails 0, key form fails 0; 14600 evals [5 s]
#   unit {"file": "k4_certs_4_pure.json.gz", "pos": 89} k4_certs_4_pure.json.gz#89[m=8,idx=28]: start [0, 0, 0, 0, -1000000, 0, 0, -1000000, 0] best [0, 0, 0, 0, -1, 0, 2, -9, 7] chain profiles 0 (states 0), maxw 0, DL_RC fails 0, key form fails 0; 14600 evals [5 s]
#   unit {"file": "k4_certs_4_pure.json.gz", "pos": 90} k4_certs_4_pure.json.gz#90[m=8,idx=29]: start [0, 0, 0, 0, -1000000, 0, 0, -1000000, 0] best [0, 0, 0, 0, -2, 0, 2, -9, 7] chain profiles 0 (states 0), maxw 0, DL_RC fails 0, key form fails 0; 14600 evals [5 s]
#   unit {"file": "k4_certs_4_pure.json.gz", "pos": 91} k4_certs_4_pure.json.gz#91[m=8,idx=30]: start [0, 0, 0, 0, -2, 0, 1, -19, 2] best [0, 0, 0, 0, -2, 0, 1, -5, 1] chain profiles 0 (states 0), maxw 0, DL_RC fails 0, key form fails 0; 14600 evals [4 s]
#   unit {"file": "k4_certs_4_pure.json.gz", "pos": 92} k4_certs_4_pure.json.gz#92[m=8,idx=31]: start [0, 0, 0, 0, -2, 0, 1, -30, 1] best [0, 0, 0, 0, -1, 0, 2, -14, 8] chain profiles 0 (states 0), maxw 0, DL_RC fails 0, key form fails 0; 14600 evals [5 s]
#   unit {"file": "k4_certs_4_pure.json.gz", "pos": 93} k4_certs_4_pure.json.gz#93[m=8,idx=32]: start [0, 0, 0, 0, -2, 0, 2, -14, 2] best [0, 0, 0, 0, -1, 0, 2, -13, 11] chain profiles 0 (states 0), maxw 0, DL_RC fails 0, key form fails 0; 14600 evals [4 s]
#   unit {"file": "k4_certs_4_pure.json.gz", "pos": 94} k4_certs_4_pure.json.gz#94[m=8,idx=33]: start [0, 0, 0, 0, -1000000, 0, 0, -1000000, 0] best [0, 0, 0, 0, -2, 0, 2, -10, 5] chain profiles 0 (states 0), maxw 0, DL_RC fails 0, key form fails 0; 14600 evals [4 s]
#   unit {"file": "k4_certs_4_pure.json.gz", "pos": 95} k4_certs_4_pure.json.gz#95[m=8,idx=34]: start [0, 0, 0, 0, -2, 0, 1, -17, 1] best [0, 0, 0, 0, -2, 0, 2, -11, 8] chain profiles 0 (states 0), maxw 0, DL_RC fails 0, key form fails 0; 14600 evals [5 s]
#   unit {"file": "k4_certs_4_pure.json.gz", "pos": 96} k4_certs_4_pure.json.gz#96[m=8,idx=35]: start [0, 0, 0, 0, -1000000, 0, 0, -1000000, 0] best [0, 0, 0, 0, -1, 0, 1, -12, 3] chain profiles 0 (states 0), maxw 0, DL_RC fails 0, key form fails 0; 14600 evals [5 s]
#   unit {"file": "k4_certs_4_pure.json.gz", "pos": 97} k4_certs_4_pure.json.gz#97[m=8,idx=36]: start [0, 0, 0, 0, -1000000, 0, 0, -1000000, 0] best [0, 0, 0, 0, -1, 0, 1, -3, 3] chain profiles 0 (states 0), maxw 0, DL_RC fails 0, key form fails 0; 14600 evals [6 s]
#   unit {"file": "k4_certs_4_pure.json.gz", "pos": 98} k4_certs_4_pure.json.gz#98[m=8,idx=37]: start [0, 0, 0, 0, -2, 0, 1, -18, 1] best [0, 0, 0, 0, -1, 0, 2, -4, 6] chain profiles 0 (states 0), maxw 0, DL_RC fails 0, key form fails 0; 14600 evals [5 s]
#   unit {"file": "k4_certs_4_pure.json.gz", "pos": 99} k4_certs_4_pure.json.gz#99[m=8,idx=38]: start [0, 0, 0, 0, -1000000, 0, 0, -1000000, 0] best [0, 0, 0, 0, -1, 0, 2, -4, 18] chain profiles 0 (states 0), maxw 0, DL_RC fails 0, key form fails 0; 14600 evals [5 s]
#   unit {"file": "k4_certs_4_pure.json.gz", "pos": 100} k4_certs_4_pure.json.gz#100[m=8,idx=39]: start [0, 0, 0, 0, -1000000, 0, 0, -1000000, 0] best [0, 0, 0, 0, -1, 0, 2, -16, 9] chain profiles 0 (states 0), maxw 0, DL_RC fails 0, key form fails 0; 14600 evals [5 s]
#   unit {"file": "k4_certs_4_pure.json.gz", "pos": 101} k4_certs_4_pure.json.gz#101[m=8,idx=40]: start [0, 0, 0, 0, -2, 0, 1, -28, 1] best [0, 0, 0, 0, -1, 0, 1, -5, 1] chain profiles 0 (states 0), maxw 0, DL_RC fails 0, key form fails 0; 14600 evals [4 s]
#   unit {"file": "k4_certs_4_pure.json.gz", "pos": 102} k4_certs_4_pure.json.gz#102[m=8,idx=41]: start [0, 0, 0, 0, -3, 0, 1, -8, 1] best [0, 0, 0, 0, -2, 0, 1, -10, 2] chain profiles 0 (states 0), maxw 0, DL_RC fails 0, key form fails 0; 14600 evals [5 s]
#   unit {"file": "k4_certs_4_pure.json.gz", "pos": 103} k4_certs_4_pure.json.gz#103[m=8,idx=42]: start [0, 0, 0, 0, -1000000, 0, 0, -1000000, 0] best [0, 0, 0, 0, -1, 0, 1, -7, 3] chain profiles 0 (states 0), maxw 0, DL_RC fails 0, key form fails 0; 14600 evals [5 s]
#   unit {"file": "k4_certs_4_pure.json.gz", "pos": 104} k4_certs_4_pure.json.gz#104[m=8,idx=43]: start [0, 0, 0, 0, -1000000, 0, 0, -1000000, 0] best [0, 0, 0, 0, -1, 0, 1, -3, 1] chain profiles 0 (states 0), maxw 0, DL_RC fails 0, key form fails 0; 14600 evals [5 s]
#   unit {"file": "k4_certs_4_pure.json.gz", "pos": 105} k4_certs_4_pure.json.gz#105[m=8,idx=44]: start [0, 0, 0, 0, -2, 0, 1, -33, 1] best [0, 0, 0, 0, -1, 0, 1, -16, 1] chain profiles 0 (states 0), maxw 0, DL_RC fails 0, key form fails 0; 14600 evals [5 s]
#   unit {"file": "k4_certs_4_pure.json.gz", "pos": 106} k4_certs_4_pure.json.gz#106[m=8,idx=45]: start [0, 0, 0, 0, -1, 0, 1, -5, 1] best [0, 0, 0, 0, -1, 0, 2, -4, 11] chain profiles 0 (states 0), maxw 0, DL_RC fails 0, key form fails 0; 14600 evals [5 s]
#   unit {"file": "k4_certs_4_pure.json.gz", "pos": 107} k4_certs_4_pure.json.gz#107[m=8,idx=46]: start [0, 0, 0, 0, -3, 0, 1, -13, 1] best [0, 0, 0, 0, -1, 0, 2, -7, 7] chain profiles 0 (states 0), maxw 0, DL_RC fails 0, key form fails 0; 14600 evals [5 s]
#   unit {"file": "k4_certs_4_pure.json.gz", "pos": 108} k4_certs_4_pure.json.gz#108[m=8,idx=47]: start [0, 0, 0, 0, -3, 0, 1, -25, 1] best [0, 0, 0, 0, -2, 0, 2, -12, 11] chain profiles 0 (states 0), maxw 0, DL_RC fails 0, key form fails 0; 14600 evals [5 s]
#   unit {"file": "k4_certs_4_pure.json.gz", "pos": 109} k4_certs_4_pure.json.gz#109[m=8,idx=48]: start [0, 0, 0, 0, -2, 0, 1, -23, 1] best [0, 0, 0, 0, -1, 0, 2, -7, 12] chain profiles 0 (states 0), maxw 0, DL_RC fails 0, key form fails 0; 14600 evals [5 s]
#   unit {"file": "k4_certs_4_pure.json.gz", "pos": 110} k4_certs_4_pure.json.gz#110[m=8,idx=49]: start [0, 0, 0, 0, -2, 0, 1, -26, 3] best [0, 0, 0, 0, -1, 0, 1, -19, 2] chain profiles 0 (states 0), maxw 0, DL_RC fails 0, key form fails 0; 14600 evals [5 s]
#   unit {"file": "k4_certs_4_pure.json.gz", "pos": 111} k4_certs_4_pure.json.gz#111[m=8,idx=50]: start [0, 0, 0, 0, -1000000, 0, 0, -1000000, 0] best [0, 0, 0, 0, -1, 0, 2, -16, 6] chain profiles 0 (states 0), maxw 0, DL_RC fails 0, key form fails 0; 14600 evals [6 s]
#   unit {"file": "k4_certs_4_pure.json.gz", "pos": 112} k4_certs_4_pure.json.gz#112[m=8,idx=51]: start [0, 0, 0, 0, -2, 0, 1, -18, 2] best [0, 0, 0, 0, -1, 0, 2, -12, 10] chain profiles 0 (states 0), maxw 0, DL_RC fails 0, key form fails 0; 14600 evals [6 s]
#   unit {"file": "k4_certs_4_pure.json.gz", "pos": 113} k4_certs_4_pure.json.gz#113[m=8,idx=52]: start [0, 0, 0, 0, -2, 0, 1, -30, 5] best [0, 0, 0, 0, -1, 0, 2, -7, 6] chain profiles 0 (states 0), maxw 0, DL_RC fails 0, key form fails 0; 14600 evals [5 s]
#   unit {"file": "k4_certs_4_pure.json.gz", "pos": 114} k4_certs_4_pure.json.gz#114[m=8,idx=53]: start [0, 0, 0, 0, -1000000, 0, 0, -1000000, 0] best [0, 0, 0, 0, -2, 0, 2, -5, 8] chain profiles 0 (states 0), maxw 0, DL_RC fails 0, key form fails 0; 14600 evals [5 s]
#   unit {"file": "k4_certs_4_pure.json.gz", "pos": 115} k4_certs_4_pure.json.gz#115[m=8,idx=54]: start [0, 0, 0, 0, -2, 0, 1, -26, 1] best [0, 0, 0, 0, -2, 0, 2, -17, 8] chain profiles 0 (states 0), maxw 0, DL_RC fails 0, key form fails 0; 14600 evals [4 s]
#   unit {"file": "k4_certs_4_pure.json.gz", "pos": 116} k4_certs_4_pure.json.gz#116[m=8,idx=55]: start [0, 0, 0, 0, -2, 0, 1, -20, 2] best [0, 0, 0, 0, -1, 0, 1, -11, 4] chain profiles 0 (states 0), maxw 0, DL_RC fails 0, key form fails 0; 14600 evals [5 s]
#   unit {"file": "k4_certs_4_pure.json.gz", "pos": 117} k4_certs_4_pure.json.gz#117[m=8,idx=56]: start [0, 0, 0, 0, -1, 0, 1, -7, 3] best [0, 0, 0, 0, -1, 0, 1, -4, 2] chain profiles 0 (states 0), maxw 0, DL_RC fails 0, key form fails 0; 14600 evals [6 s]
#   unit {"file": "k4_certs_4_pure.json.gz", "pos": 118} k4_certs_4_pure.json.gz#118[m=8,idx=57]: start [0, 0, 0, 0, -1000000, 0, 0, -1000000, 0] best [0, 0, 0, 0, -1, 0, 2, -6, 5] chain profiles 0 (states 0), maxw 0, DL_RC fails 0, key form fails 0; 14600 evals [5 s]
#   unit {"file": "k4_certs_4_pure.json.gz", "pos": 119} k4_certs_4_pure.json.gz#119[m=8,idx=58]: start [0, 0, 0, 0, -2, 0, 2, -17, 4] best [0, 0, 0, 0, -2, 0, 2, -10, 4] chain profiles 0 (states 0), maxw 0, DL_RC fails 0, key form fails 0; 14600 evals [6 s]
#   unit {"file": "k4_certs_4_pure.json.gz", "pos": 120} k4_certs_4_pure.json.gz#120[m=8,idx=59]: start [0, 0, 0, 0, -1, 0, 2, -18, 2] best [0, 0, 0, 0, -1, 0, 2, -12, 3] chain profiles 0 (states 0), maxw 0, DL_RC fails 0, key form fails 0; 14600 evals [6 s]
#   unit {"file": "k4_certs_4_pure.json.gz", "pos": 121} k4_certs_4_pure.json.gz#121[m=8,idx=60]: start [0, 0, 0, 0, -2, 0, 2, -12, 10] best [0, 0, 0, 0, -2, 0, 2, -12, 11] chain profiles 0 (states 0), maxw 0, DL_RC fails 0, key form fails 0; 14600 evals [6 s]
#   unit {"file": "k4_certs_4_pure.json.gz", "pos": 122} k4_certs_4_pure.json.gz#122[m=8,idx=61]: start [0, 0, 0, 0, -1000000, 0, 0, -1000000, 0] best [0, 0, 0, 0, -2, 0, 1, -13, 6] chain profiles 0 (states 0), maxw 0, DL_RC fails 0, key form fails 0; 14600 evals [4 s]
#   unit {"file": "k4_certs_4_pure.json.gz", "pos": 123} k4_certs_4_pure.json.gz#123[m=9,idx=0]: start [0, 0, 0, 0, -3, 0, 1, -61, 1] best [0, 0, 0, 0, -1, 2, 3, -5, 2] chain profiles 0 (states 0), maxw 0, DL_RC fails 0, key form fails 0; 14600 evals [7 s]
#   unit {"file": "k4_certs_4_pure.json.gz", "pos": 125} k4_certs_4_pure.json.gz#125[m=9,idx=2]: start [0, 0, 0, 0, -2, 0, 1, -12, 4] best [0, 0, 0, 0, -2, 0, 1, -5, 1] chain profiles 0 (states 0), maxw 0, DL_RC fails 0, key form fails 0; 14600 evals [6 s]
#   unit {"file": "k4_certs_4_pure.json.gz", "pos": 124} k4_certs_4_pure.json.gz#124[m=9,idx=1]: start [0, 0, 0, 0, -2, 0, 1, -47, 1] best [0, 0, 0, 0, -1, 0, 2, -8, 4] chain profiles 0 (states 0), maxw 0, DL_RC fails 0, key form fails 0; 14600 evals [7 s]
#   unit {"file": "k4_certs_4_pure.json.gz", "pos": 126} k4_certs_4_pure.json.gz#126[m=9,idx=3]: start [0, 0, 0, 0, -2, 0, 1, -20, 2] best [0, 0, 0, 0, -2, 3, 3, -6, 3] chain profiles 0 (states 0), maxw 0, DL_RC fails 0, key form fails 0; 14600 evals [5 s]
#   unit {"file": "k4_certs_4_pure.json.gz", "pos": 127} k4_certs_4_pure.json.gz#127[m=9,idx=4]: start [0, 0, 0, 0, -2, 0, 1, -16, 3] best [0, 0, 0, 0, -1, 0, 1, -18, 3] chain profiles 0 (states 0), maxw 0, DL_RC fails 0, key form fails 0; 14600 evals [6 s]
#   unit {"file": "k4_certs_4_pure.json.gz", "pos": 128} k4_certs_4_pure.json.gz#128[m=9,idx=5]: start [0, 0, 0, 0, -2, 0, 2, -9, 10] best [0, 0, 0, 0, -1, 0, 1, -19, 3] chain profiles 0 (states 0), maxw 0, DL_RC fails 0, key form fails 0; 14600 evals [6 s]
#   unit {"file": "k4_certs_4_pure.json.gz", "pos": 129} k4_certs_4_pure.json.gz#129[m=9,idx=6]: start [0, 0, 0, 0, -2, 0, 1, -18, 4] best [0, 0, 0, 0, -2, 0, 2, -13, 20] chain profiles 0 (states 0), maxw 0, DL_RC fails 0, key form fails 0; 14600 evals [6 s]
#   unit {"file": "k4_certs_4_pure.json.gz", "pos": 131} k4_certs_4_pure.json.gz#131[m=9,idx=8]: start [0, 0, 0, 0, -2, 0, 2, -24, 9] best [0, 0, 0, 0, -1, 0, 2, -12, 20] chain profiles 0 (states 0), maxw 0, DL_RC fails 0, key form fails 0; 14600 evals [5 s]
#   unit {"file": "k4_certs_4_pure.json.gz", "pos": 130} k4_certs_4_pure.json.gz#130[m=9,idx=7]: start [0, 0, 0, 0, -2, 0, 2, -16, 12] best [0, 0, 0, 0, -1, 0, 2, -16, 24] chain profiles 0 (states 0), maxw 0, DL_RC fails 0, key form fails 0; 14600 evals [6 s]
#   unit {"file": "k4_certs_4_pure.json.gz", "pos": 132} k4_certs_4_pure.json.gz#132[m=9,idx=9]: start [0, 0, 0, 0, -2, 0, 2, -6, 7] best [0, 0, 0, 0, -1, 0, 2, -5, 7] chain profiles 0 (states 0), maxw 0, DL_RC fails 0, key form fails 0; 14600 evals [5 s]
#   unit {"file": "k4_certs_4_pure.json.gz", "pos": 133} k4_certs_4_pure.json.gz#133[m=9,idx=10]: start [0, 0, 0, 0, -3, 0, 1, -17, 3] best [0, 0, 0, 0, -2, 0, 2, -7, 10] chain profiles 0 (states 0), maxw 0, DL_RC fails 0, key form fails 0; 14600 evals [5 s]
#   unit {"file": "k4_certs_4_pure.json.gz", "pos": 134} k4_certs_4_pure.json.gz#134[m=9,idx=11]: start [0, 0, 0, 0, -2, 0, 1, -20, 6] best [0, 0, 0, 0, -1, 0, 2, -15, 13] chain profiles 0 (states 0), maxw 0, DL_RC fails 0, key form fails 0; 14600 evals [6 s]
#   unit {"file": "k4_certs_4_pure.json.gz", "pos": 135} k4_certs_4_pure.json.gz#135[m=9,idx=12]: start [0, 0, 0, 0, -2, 0, 2, -12, 16] best [0, 0, 0, 0, -2, 0, 2, -7, 12] chain profiles 0 (states 0), maxw 0, DL_RC fails 0, key form fails 0; 14600 evals [5 s]
#   unit {"file": "k4_certs_4_pure.json.gz", "pos": 136} k4_certs_4_pure.json.gz#136[m=9,idx=13]: start [0, 0, 0, 0, -2, 0, 2, -9, 5] best [0, 0, 0, 0, -2, 0, 2, -9, 5] chain profiles 0 (states 0), maxw 0, DL_RC fails 0, key form fails 0; 14600 evals [4 s]
#   unit {"file": "k4_certs_4_pure.json.gz", "pos": 137} k4_certs_4_pure.json.gz#137[m=9,idx=14]: start [0, 0, 0, 0, -2, 0, 1, -22, 3] best [0, 0, 0, 0, -1, 0, 1, -19, 4] chain profiles 0 (states 0), maxw 0, DL_RC fails 0, key form fails 0; 14600 evals [5 s]
#   unit {"file": "k4_certs_4_pure.json.gz", "pos": 138} k4_certs_4_pure.json.gz#138[m=9,idx=15]: start [0, 0, 0, 0, -2, 0, 1, -16, 7] best [0, 0, 0, 0, -2, 0, 2, -7, 12] chain profiles 0 (states 0), maxw 0, DL_RC fails 0, key form fails 0; 14600 evals [5 s]
#   unit {"file": "k4_certs_4_pure.json.gz", "pos": 139} k4_certs_4_pure.json.gz#139[m=9,idx=16]: start [0, 0, 0, 0, -2, 0, 1, -26, 3] best [0, 0, 0, 0, -1, 0, 2, -14, 12] chain profiles 0 (states 0), maxw 0, DL_RC fails 0, key form fails 0; 14600 evals [6 s]
#   unit {"file": "k4_certs_4_pure.json.gz", "pos": 140} k4_certs_4_pure.json.gz#140[m=9,idx=17]: start [0, 0, 0, 0, -2, 0, 1, -19, 3] best [0, 0, 0, 0, -2, 0, 2, -7, 10] chain profiles 0 (states 0), maxw 0, DL_RC fails 0, key form fails 0; 14600 evals [5 s]
#   unit {"file": "k4_certs_4_pure.json.gz", "pos": 141} k4_certs_4_pure.json.gz#141[m=9,idx=18]: start [0, 0, 0, 0, -2, 0, 2, -10, 6] best [0, 0, 0, 0, -1, 0, 2, -7, 13] chain profiles 0 (states 0), maxw 0, DL_RC fails 0, key form fails 0; 14600 evals [5 s]
#   unit {"file": "k4_certs_4_pure.json.gz", "pos": 143} k4_certs_4_pure.json.gz#143[m=9,idx=20]: start [0, 0, 0, 0, -2, 0, 1, -31, 2] best [0, 0, 0, 0, -2, 0, 2, -11, 8] chain profiles 0 (states 0), maxw 0, DL_RC fails 0, key form fails 0; 14600 evals [6 s]
#   unit {"file": "k4_certs_4_pure.json.gz", "pos": 142} k4_certs_4_pure.json.gz#142[m=9,idx=19]: start [0, 0, 0, 0, -2, 0, 1, -19, 1] best [0, 0, 0, 0, -2, 0, 2, -5, 5] chain profiles 0 (states 0), maxw 0, DL_RC fails 0, key form fails 0; 14600 evals [6 s]
#   unit {"file": "k4_certs_4_pure.json.gz", "pos": 144} k4_certs_4_pure.json.gz#144[m=9,idx=21]: start [0, 0, 0, 0, -2, 0, 1, -25, 5] best [0, 0, 0, 0, -1, 0, 2, -13, 7] chain profiles 0 (states 0), maxw 0, DL_RC fails 0, key form fails 0; 14600 evals [7 s]
#   unit {"file": "k4_certs_4_pure.json.gz", "pos": 145} k4_certs_4_pure.json.gz#145[m=9,idx=22]: start [0, 0, 0, 0, -1, 0, 1, -38, 1] best [0, 0, 0, 0, -1, 0, 2, -4, 17] chain profiles 0 (states 0), maxw 0, DL_RC fails 0, key form fails 0; 14600 evals [5 s]
#   unit {"file": "k4_certs_4_pure.json.gz", "pos": 146} k4_certs_4_pure.json.gz#146[m=9,idx=23]: start [0, 0, 0, 0, -2, 0, 1, -13, 2] best [0, 0, 0, 0, -2, 0, 2, -8, 9] chain profiles 0 (states 0), maxw 0, DL_RC fails 0, key form fails 0; 14600 evals [6 s]
#   unit {"file": "k4_certs_4_pure.json.gz", "pos": 147} k4_certs_4_pure.json.gz#147[m=9,idx=24]: start [0, 0, 0, 0, -2, 0, 2, -28, 2] best [0, 0, 0, 0, -1, 0, 2, -5, 10] chain profiles 0 (states 0), maxw 0, DL_RC fails 0, key form fails 0; 14600 evals [5 s]
#   unit {"file": "k4_certs_4_pure.json.gz", "pos": 148} k4_certs_4_pure.json.gz#148[m=9,idx=25]: start [0, 0, 0, 0, -2, 0, 1, -30, 2] best [0, 0, 0, 0, -1, 0, 2, -5, 8] chain profiles 0 (states 0), maxw 0, DL_RC fails 0, key form fails 0; 14600 evals [5 s]
#   unit {"file": "k4_certs_4_pure.json.gz", "pos": 149} k4_certs_4_pure.json.gz#149[m=9,idx=26]: start [0, 0, 0, 0, -2, 0, 1, -31, 2] best [0, 0, 0, 0, -1, 0, 1, -9, 3] chain profiles 0 (states 0), maxw 0, DL_RC fails 0, key form fails 0; 14600 evals [5 s]
#   unit {"file": "k4_certs_4_pure.json.gz", "pos": 150} k4_certs_4_pure.json.gz#150[m=9,idx=27]: start [0, 0, 0, 0, -2, 0, 1, -27, 1] best [0, 0, 0, 0, -1, 0, 1, -9, 3] chain profiles 0 (states 0), maxw 0, DL_RC fails 0, key form fails 0; 14600 evals [6 s]
#   unit {"file": "k4_certs_4_pure.json.gz", "pos": 151} k4_certs_4_pure.json.gz#151[m=9,idx=28]: start [0, 0, 0, 0, -2, 0, 1, -33, 3] best [0, 0, 0, 0, -2, 0, 2, -7, 14] chain profiles 0 (states 0), maxw 0, DL_RC fails 0, key form fails 0; 14600 evals [5 s]
#   unit {"file": "k4_certs_4_pure.json.gz", "pos": 152} k4_certs_4_pure.json.gz#152[m=9,idx=29]: start [0, 0, 0, 0, -2, 0, 2, -17, 12] best [0, 0, 0, 0, -1, 0, 2, -8, 17] chain profiles 0 (states 0), maxw 0, DL_RC fails 0, key form fails 0; 14600 evals [6 s]
#   unit {"file": "k4_certs_4_pure.json.gz", "pos": 153} k4_certs_4_pure.json.gz#153[m=9,idx=30]: start [0, 0, 0, 0, -2, 0, 1, -14, 6] best [0, 0, 3, 0, -2, 3, 3, -6, 19] chain profiles 670 (states 1911), maxw 1, DL_RC fails 0, key form fails 0; 14600 evals [6 s]
#   unit {"file": "k4_certs_4_pure.json.gz", "pos": 154} k4_certs_4_pure.json.gz#154[m=9,idx=31]: start [0, 0, 0, 0, -2, 0, 1, -16, 3] best [0, 0, 0, 0, -2, 0, 2, -9, 9] chain profiles 0 (states 0), maxw 0, DL_RC fails 0, key form fails 0; 14600 evals [6 s]
#   unit {"file": "k4_certs_4_pure.json.gz", "pos": 155} k4_certs_4_pure.json.gz#155[m=9,idx=32]: start [0, 0, 0, 0, -2, 0, 1, -34, 2] best [0, 0, 0, 0, -1, 0, 1, -12, 5] chain profiles 0 (states 0), maxw 0, DL_RC fails 0, key form fails 0; 14600 evals [6 s]
#   unit {"file": "k4_certs_4_pure.json.gz", "pos": 156} k4_certs_4_pure.json.gz#156[m=9,idx=33]: start [0, 0, 0, 0, -2, 0, 2, -7, 6] best [0, 0, 0, 0, -2, 2, 3, -3, 12] chain profiles 0 (states 0), maxw 0, DL_RC fails 0, key form fails 0; 14600 evals [7 s]
#   unit {"file": "k4_certs_4_pure.json.gz", "pos": 157} k4_certs_4_pure.json.gz#157[m=9,idx=34]: start [0, 0, 0, 0, -1, 0, 1, -30, 4] best [0, 0, 0, 0, -1, 0, 1, -13, 2] chain profiles 0 (states 0), maxw 0, DL_RC fails 0, key form fails 0; 14600 evals [6 s]
#   unit {"file": "k4_certs_4_pure.json.gz", "pos": 158} k4_certs_4_pure.json.gz#158[m=9,idx=35]: start [0, 0, 0, 0, -3, 0, 1, -14, 2] best [0, 0, 0, 0, -2, 0, 2, -9, 5] chain profiles 0 (states 0), maxw 0, DL_RC fails 0, key form fails 0; 14600 evals [7 s]
#   unit {"file": "k4_certs_4_pure.json.gz", "pos": 159} k4_certs_4_pure.json.gz#159[m=9,idx=36]: start [0, 0, 0, 0, -2, 0, 1, -19, 1] best [0, 0, 0, 0, -1, 2, 3, -4, 17] chain profiles 0 (states 0), maxw 0, DL_RC fails 0, key form fails 0; 14600 evals [6 s]
#   unit {"file": "k4_certs_4_pure.json.gz", "pos": 160} k4_certs_4_pure.json.gz#160[m=9,idx=37]: start [0, 0, 0, 0, -2, 0, 2, -10, 8] best [0, 0, 0, 0, -2, 0, 2, -10, 10] chain profiles 0 (states 0), maxw 0, DL_RC fails 0, key form fails 0; 14600 evals [6 s]
#   unit {"file": "k4_certs_4_pure.json.gz", "pos": 161} k4_certs_4_pure.json.gz#161[m=9,idx=38]: start [0, 0, 0, 0, -1, 0, 2, -13, 8] best [0, 0, 0, 0, -1, 4, 3, -4, 29] chain profiles 0 (states 0), maxw 0, DL_RC fails 0, key form fails 0; 14600 evals [6 s]
#   unit {"file": "k4_certs_4_pure.json.gz", "pos": 162} k4_certs_4_pure.json.gz#162[m=9,idx=39]: start [0, 0, 0, 0, -2, 0, 1, -10, 1] best [0, 0, 0, 0, -1, 0, 1, -3, 2] chain profiles 0 (states 0), maxw 0, DL_RC fails 0, key form fails 0; 14600 evals [6 s]
#   unit {"file": "k4_certs_4_pure.json.gz", "pos": 163} k4_certs_4_pure.json.gz#163[m=9,idx=40]: start [0, 0, 0, 0, -2, 0, 1, -34, 4] best [0, 0, 0, 0, -1, 0, 2, -16, 18] chain profiles 0 (states 0), maxw 0, DL_RC fails 0, key form fails 0; 14600 evals [7 s]
#   unit {"file": "k4_certs_4_pure.json.gz", "pos": 164} k4_certs_4_pure.json.gz#164[m=9,idx=41]: start [0, 0, 0, 0, -2, 0, 1, -28, 1] best [0, 0, 0, 0, -1, 0, 1, -19, 4] chain profiles 0 (states 0), maxw 0, DL_RC fails 0, key form fails 0; 14600 evals [7 s]
#   unit {"file": "k4_certs_4_pure.json.gz", "pos": 165} k4_certs_4_pure.json.gz#165[m=9,idx=42]: start [0, 0, 0, 0, -2, 0, 1, -47, 1] best [0, 0, 0, 0, -2, 0, 2, -12, 11] chain profiles 0 (states 0), maxw 0, DL_RC fails 0, key form fails 0; 14600 evals [6 s]
#   unit {"file": "k4_certs_4_pure.json.gz", "pos": 166} k4_certs_4_pure.json.gz#166[m=9,idx=43]: start [0, 0, 0, 0, -3, 0, 1, -12, 2] best [0, 0, 0, 0, -1, 0, 2, -5, 21] chain profiles 0 (states 0), maxw 0, DL_RC fails 0, key form fails 0; 14600 evals [6 s]
#   unit {"file": "k4_certs_4_pure.json.gz", "pos": 167} k4_certs_4_pure.json.gz#167[m=9,idx=44]: start [0, 0, 0, 0, -2, 0, 1, -15, 3] best [0, 0, 0, 0, -1, 0, 1, -1, 1] chain profiles 0 (states 0), maxw 0, DL_RC fails 0, key form fails 0; 14600 evals [7 s]
#   unit {"file": "k4_certs_4_pure.json.gz", "pos": 168} k4_certs_4_pure.json.gz#168[m=9,idx=45]: start [0, 0, 0, 0, -2, 0, 1, -20, 1] best [0, 0, 0, 0, -2, 0, 2, -7, 4] chain profiles 0 (states 0), maxw 0, DL_RC fails 0, key form fails 0; 14600 evals [7 s]
#   unit {"file": "k4_certs_4_pure.json.gz", "pos": 169} k4_certs_4_pure.json.gz#169[m=9,idx=46]: start [0, 0, 0, 0, -2, 0, 1, -77, 1] best [0, 0, 0, 0, -1, 0, 1, -23, 4] chain profiles 0 (states 0), maxw 0, DL_RC fails 0, key form fails 0; 14600 evals [7 s]
#   unit {"file": "k4_certs_4_pure.json.gz", "pos": 170} k4_certs_4_pure.json.gz#170[m=9,idx=47]: start [0, 0, 0, 0, -2, 0, 1, -28, 2] best [0, 0, 0, 0, -1, 0, 2, -9, 29] chain profiles 0 (states 0), maxw 0, DL_RC fails 0, key form fails 0; 14600 evals [10 s]
#   unit {"file": "k4_certs_4_pure.json.gz", "pos": 171} k4_certs_4_pure.json.gz#171[m=9,idx=48]: start [0, 0, 0, 0, -2, 0, 1, -44, 2] best [0, 0, 0, 0, -1, 0, 1, -1, 1] chain profiles 0 (states 0), maxw 0, DL_RC fails 0, key form fails 0; 14600 evals [8 s]
#   unit {"file": "k4_certs_4_pure.json.gz", "pos": 172} k4_certs_4_pure.json.gz#172[m=9,idx=49]: start [0, 0, 0, 0, -2, 0, 1, -31, 1] best [0, 0, 0, 0, -1, 0, 2, -8, 4] chain profiles 0 (states 0), maxw 0, DL_RC fails 0, key form fails 0; 14600 evals [8 s]
#   unit {"file": "k4_certs_4_pure.json.gz", "pos": 173} k4_certs_4_pure.json.gz#173[m=9,idx=50]: start [0, 0, 0, 0, -2, 0, 1, -14, 1] best [0, 0, 0, 0, -1, 0, 2, -17, 7] chain profiles 0 (states 0), maxw 0, DL_RC fails 0, key form fails 0; 14600 evals [9 s]
#   unit {"file": "k4_certs_4_pure.json.gz", "pos": 174} k4_certs_4_pure.json.gz#174[m=9,idx=51]: start [0, 0, 0, 0, -2, 0, 1, -41, 1] best [0, 0, 0, 0, -2, 0, 2, -47, 4] chain profiles 0 (states 0), maxw 0, DL_RC fails 0, key form fails 0; 14600 evals [10 s]
#   unit {"file": "k4_certs_4_pure.json.gz", "pos": 175} k4_certs_4_pure.json.gz#175[m=9,idx=52]: start [0, 0, 0, 0, -1000000, 0, 0, -1000000, 0] best [0, 0, 0, 0, -1, 7, 3, -6, 9] chain profiles 0 (states 0), maxw 0, DL_RC fails 0, key form fails 0; 14600 evals [8 s]
#   unit {"file": "k4_certs_4_pure.json.gz", "pos": 176} k4_certs_4_pure.json.gz#176[m=9,idx=53]: start [0, 0, 0, 0, -2, 0, 1, -28, 5] best [0, 0, 0, 0, -1, 0, 2, -10, 6] chain profiles 0 (states 0), maxw 0, DL_RC fails 0, key form fails 0; 14600 evals [9 s]
#   unit {"file": "k4_certs_4_pure.json.gz", "pos": 178} k4_certs_4_pure.json.gz#178[m=10,idx=1]: start [0, 0, 0, 0, -2, 0, 1, -29, 1] best [0, 0, 0, 0, -1, 7, 3, -6, 9] chain profiles 0 (states 0), maxw 0, DL_RC fails 0, key form fails 0; 14600 evals [8 s]
#   unit {"file": "k4_certs_4_pure.json.gz", "pos": 177} k4_certs_4_pure.json.gz#177[m=10,idx=0]: start [0, 0, 0, 0, -2, 0, 1, -16, 2] best [0, 0, 0, 0, -2, 0, 2, -6, 4] chain profiles 0 (states 0), maxw 0, DL_RC fails 0, key form fails 0; 14600 evals [9 s]
#   unit {"file": "k4_certs_4_pure.json.gz", "pos": 179} k4_certs_4_pure.json.gz#179[m=10,idx=2]: start [0, 0, 0, 0, -1, 0, 1, -19, 6] best [0, 0, 0, 0, -1, 0, 2, -12, 3] chain profiles 0 (states 0), maxw 0, DL_RC fails 0, key form fails 0; 14600 evals [8 s]
#   unit {"file": "k4_certs_4_pure.json.gz", "pos": 180} k4_certs_4_pure.json.gz#180[m=10,idx=3]: start [0, 0, 0, 0, -2, 0, 1, -30, 6] best [0, 0, 0, 0, -1, 0, 1, -28, 16] chain profiles 0 (states 0), maxw 0, DL_RC fails 0, key form fails 0; 14600 evals [7 s]
#   unit {"file": "k4_certs_4_pure.json.gz", "pos": 181} k4_certs_4_pure.json.gz#181[m=10,idx=4]: start [0, 0, 0, 0, -2, 0, 1, -15, 2] best [0, 0, 0, 0, -1, 0, 2, -21, 22] chain profiles 0 (states 0), maxw 0, DL_RC fails 0, key form fails 0; 14600 evals [8 s]
#   unit {"file": "k4_certs_4_pure.json.gz", "pos": 182} k4_certs_4_pure.json.gz#182[m=10,idx=5]: start [0, 0, 0, 0, -2, 0, 1, -30, 9] best [0, 0, 0, 0, -2, 0, 1, -13, 3] chain profiles 0 (states 0), maxw 0, DL_RC fails 0, key form fails 0; 14600 evals [8 s]
#   unit {"file": "k4_certs_4_pure.json.gz", "pos": 183} k4_certs_4_pure.json.gz#183[m=10,idx=6]: start [0, 0, 0, 0, -2, 0, 1, -18, 1] best [0, 0, 0, 0, -1, 0, 1, -13, 3] chain profiles 0 (states 0), maxw 0, DL_RC fails 0, key form fails 0; 14600 evals [8 s]
#   unit {"file": "k4_certs_4_pure.json.gz", "pos": 184} k4_certs_4_pure.json.gz#184[m=10,idx=7]: start [0, 0, 0, 0, -2, 0, 2, -3, 12] best [0, 0, 0, 0, -2, 0, 2, -3, 15] chain profiles 0 (states 0), maxw 0, DL_RC fails 0, key form fails 0; 14600 evals [8 s]
#   unit {"file": "k4_certs_4_pure.json.gz", "pos": 185} k4_certs_4_pure.json.gz#185[m=10,idx=8]: start [0, 0, 0, 0, -2, 0, 1, -24, 1] best [0, 0, 0, 0, -1, 0, 2, -9, 12] chain profiles 0 (states 0), maxw 0, DL_RC fails 0, key form fails 0; 14600 evals [7 s]
#   unit {"file": "k4_certs_4_pure.json.gz", "pos": 186} k4_certs_4_pure.json.gz#186[m=10,idx=9]: start [0, 0, 0, 0, -2, 0, 1, -21, 3] best [0, 0, 0, 0, -1, 0, 1, -19, 6] chain profiles 0 (states 0), maxw 0, DL_RC fails 0, key form fails 0; 14600 evals [8 s]
#   unit {"file": "k4_certs_4_pure.json.gz", "pos": 187} k4_certs_4_pure.json.gz#187[m=10,idx=10]: start [0, 0, 0, 0, -2, 0, 1, -22, 1] best [0, 0, 0, 0, -1, 0, 1, -16, 7] chain profiles 0 (states 0), maxw 0, DL_RC fails 0, key form fails 0; 14600 evals [7 s]
#   unit {"file": "k4_certs_4_pure.json.gz", "pos": 189} k4_certs_4_pure.json.gz#189[m=10,idx=12]: start [0, 0, 0, 0, -2, 0, 2, -9, 6] best [0, 0, 0, 0, -2, 0, 2, -9, 6] chain profiles 0 (states 0), maxw 0, DL_RC fails 0, key form fails 0; 14600 evals [5 s]
#   unit {"file": "k4_certs_4_pure.json.gz", "pos": 188} k4_certs_4_pure.json.gz#188[m=10,idx=11]: start [0, 0, 0, 0, -2, 0, 1, -22, 6] best [0, 0, 0, 0, -1, 0, 2, -20, 4] chain profiles 0 (states 0), maxw 0, DL_RC fails 0, key form fails 0; 14600 evals [7 s]
#   unit {"file": "k4_certs_4_pure.json.gz", "pos": 190} k4_certs_4_pure.json.gz#190[m=10,idx=13]: start [0, 0, 0, 0, -2, 0, 2, -36, 10] best [0, 0, 0, 0, -1, 1, 3, -15, 16] chain profiles 0 (states 0), maxw 0, DL_RC fails 0, key form fails 0; 14600 evals [9 s]
#   unit {"file": "k4_certs_4_pure.json.gz", "pos": 191} k4_certs_4_pure.json.gz#191[m=10,idx=14]: start [0, 0, 0, 0, -2, 0, 2, -7, 14] best [0, 0, 0, 0, -2, 0, 2, -7, 14] chain profiles 0 (states 0), maxw 0, DL_RC fails 0, key form fails 0; 14600 evals [7 s]
#   unit {"file": "k4_certs_4_pure.json.gz", "pos": 192} k4_certs_4_pure.json.gz#192[m=10,idx=15]: start [0, 0, 0, 0, -2, 0, 2, -34, 13] best [0, 0, 0, 0, -1, 0, 2, -17, 15] chain profiles 0 (states 0), maxw 0, DL_RC fails 0, key form fails 0; 14600 evals [8 s]
#   unit {"file": "k4_certs_4_pure.json.gz", "pos": 193} k4_certs_4_pure.json.gz#193[m=10,idx=16]: start [0, 0, 0, 0, -2, 1, 3, -8, 7] best [0, 0, 0, 0, -1, 1, 3, -5, 40] chain profiles 0 (states 0), maxw 0, DL_RC fails 0, key form fails 0; 14600 evals [7 s]
#   unit {"file": "k4_certs_4_pure.json.gz", "pos": 195} k4_certs_4_pure.json.gz#195[m=10,idx=18]: start [0, 0, 0, 0, -1, 0, 2, -12, 9] best [0, 0, 0, 0, -1, 0, 2, -8, 21] chain profiles 0 (states 0), maxw 0, DL_RC fails 0, key form fails 0; 14600 evals [6 s]
#   unit {"file": "k4_certs_4_pure.json.gz", "pos": 194} k4_certs_4_pure.json.gz#194[m=10,idx=17]: start [0, 0, 0, 0, -2, 0, 2, -34, 16] best [0, 0, 0, 0, -1, 0, 2, -15, 19] chain profiles 0 (states 0), maxw 0, DL_RC fails 0, key form fails 0; 14600 evals [9 s]
#   unit {"file": "k4_certs_4_pure.json.gz", "pos": 196} k4_certs_4_pure.json.gz#196[m=10,idx=19]: start [0, 0, 0, 0, -2, 0, 1, -24, 3] best [0, 0, 0, 0, -2, 0, 2, -10, 9] chain profiles 0 (states 0), maxw 0, DL_RC fails 0, key form fails 0; 14600 evals [7 s]
#   unit {"file": "k4_certs_4_pure.json.gz", "pos": 198} k4_certs_4_pure.json.gz#198[m=10,idx=21]: start [0, 0, 0, 0, -1, 0, 1, -30, 3] best [0, 0, 0, 0, -1, 0, 2, -5, 20] chain profiles 0 (states 0), maxw 0, DL_RC fails 0, key form fails 0; 14600 evals [8 s]
#   unit {"file": "k4_certs_4_pure.json.gz", "pos": 197} k4_certs_4_pure.json.gz#197[m=10,idx=20]: start [0, 0, 0, 0, -2, 0, 2, -14, 30] best [0, 0, 0, 0, -1, 0, 2, -16, 50] chain profiles 0 (states 0), maxw 0, DL_RC fails 0, key form fails 0; 14600 evals [15 s]
#   unit {"file": "k4_certs_4_pure.json.gz", "pos": 199} k4_certs_4_pure.json.gz#199[m=10,idx=22]: start [0, 0, 0, 0, -2, 0, 1, -20, 2] best [0, 0, 0, 0, -1, 0, 2, -11, 25] chain profiles 0 (states 0), maxw 0, DL_RC fails 0, key form fails 0; 14600 evals [12 s]
#   unit {"file": "k4_certs_4_pure.json.gz", "pos": 200} k4_certs_4_pure.json.gz#200[m=10,idx=23]: start [0, 0, 0, 0, -2, 0, 1, -19, 4] best [0, 0, 0, 0, -1, 0, 1, -11, 7] chain profiles 0 (states 0), maxw 0, DL_RC fails 0, key form fails 0; 14600 evals [8 s]
#   unit {"file": "k4_certs_4_pure.json.gz", "pos": 201} k4_certs_4_pure.json.gz#201[m=10,idx=24]: start [0, 0, 0, 0, -2, 0, 1, -31, 4] best [0, 0, 0, 0, -1, 0, 1, -9, 4] chain profiles 0 (states 0), maxw 0, DL_RC fails 0, key form fails 0; 14600 evals [8 s]
#   unit {"file": "k4_certs_4_pure.json.gz", "pos": 202} k4_certs_4_pure.json.gz#202[m=10,idx=25]: start [0, 0, 0, 0, -2, 0, 1, -19, 1] best [0, 0, 0, 0, -1, 0, 2, -7, 26] chain profiles 0 (states 0), maxw 0, DL_RC fails 0, key form fails 0; 14600 evals [9 s]
#   unit {"file": "k4_certs_4_pure.json.gz", "pos": 203} k4_certs_4_pure.json.gz#203[m=10,idx=26]: start [0, 0, 0, 0, -2, 0, 2, -12, 7] best [0, 0, 0, 0, -1, 0, 2, -10, 6] chain profiles 0 (states 0), maxw 0, DL_RC fails 0, key form fails 0; 14600 evals [10 s]
#   unit {"file": "k4_certs_4_pure.json.gz", "pos": 204} k4_certs_4_pure.json.gz#204[m=10,idx=27]: start [0, 0, 0, 0, -2, 0, 1, -37, 1] best [0, 0, 0, 0, -1, 0, 2, -8, 4] chain profiles 0 (states 0), maxw 0, DL_RC fails 0, key form fails 0; 14600 evals [9 s]
#   unit {"file": "k4_certs_4_pure.json.gz", "pos": 205} k4_certs_4_pure.json.gz#205[m=10,idx=28]: start [0, 0, 0, 0, -2, 0, 2, -27, 11] best [0, 0, 0, 0, -1, 2, 3, -15, 4] chain profiles 0 (states 0), maxw 0, DL_RC fails 0, key form fails 0; 14600 evals [10 s]
#   unit {"file": "k4_certs_4_pure.json.gz", "pos": 206} k4_certs_4_pure.json.gz#206[m=10,idx=29]: start [0, 0, 0, 0, -2, 0, 1, -31, 4] best [0, 0, 0, 0, -1, 0, 1, -23, 3] chain profiles 0 (states 0), maxw 0, DL_RC fails 0, key form fails 0; 14600 evals [11 s]
#   unit {"file": "k4_certs_4_pure.json.gz", "pos": 208} k4_certs_4_pure.json.gz#208[m=10,idx=31]: start [0, 0, 0, 0, -2, 0, 1, -29, 3] best [0, 0, 0, 0, -1, 0, 1, -1, 1] chain profiles 0 (states 0), maxw 0, DL_RC fails 0, key form fails 0; 14600 evals [11 s]
#   unit {"file": "k4_certs_4_pure.json.gz", "pos": 207} k4_certs_4_pure.json.gz#207[m=10,idx=30]: start [0, 0, 0, 0, -1, 0, 1, -41, 51] best [0, 0, 0, 0, -1, 0, 2, -13, 44] chain profiles 0 (states 0), maxw 0, DL_RC fails 0, key form fails 0; 14600 evals [15 s]
#   unit {"file": "k4_certs_4_pure.json.gz", "pos": 211} k4_certs_4_pure.json.gz#211[m=11,idx=2]: start [0, 0, 0, 0, -1, 0, 2, -7, 24] best [0, 0, 0, 0, -1, 0, 2, -5, 21] chain profiles 0 (states 0), maxw 0, DL_RC fails 0, key form fails 0; 14600 evals [9 s]
#   unit {"file": "k4_certs_4_pure.json.gz", "pos": 209} k4_certs_4_pure.json.gz#209[m=11,idx=0]: start [0, 0, 0, 0, -1, 0, 1, -38, 2] best [0, 0, 0, 0, -1, 0, 2, -17, 31] chain profiles 0 (states 0), maxw 0, DL_RC fails 0, key form fails 0; 14600 evals [17 s]
#   unit {"file": "k4_certs_4_pure.json.gz", "pos": 212} k4_certs_4_pure.json.gz#212[m=11,idx=3]: start [0, 0, 0, 0, -2, 0, 1, -23, 4] best [0, 0, 0, 0, -1, 0, 1, -10, 7] chain profiles 0 (states 0), maxw 0, DL_RC fails 0, key form fails 0; 14600 evals [10 s]
#   unit {"file": "k4_certs_4_pure.json.gz", "pos": 210} k4_certs_4_pure.json.gz#210[m=11,idx=1]: start [0, 0, 0, 0, -1, 0, 2, -30, 32] best [0, 0, 0, 0, -1, 2, 3, -11, 84] chain profiles 0 (states 0), maxw 0, DL_RC fails 0, key form fails 0; 14600 evals [23 s]
#   unit {"file": "k4_certs_4_pure.json.gz", "pos": 213} k4_certs_4_pure.json.gz#213[m=11,idx=4]: start [0, 0, 0, 0, -1, 0, 1, -57, 21] best [0, 0, 12, 0, -2, 12, 3, -6, 28] chain profiles 441 (states 5050), maxw 1, DL_RC fails 0, key form fails 0; 14600 evals [14 s]
#   unit {"file": "k4_certs_4_pure.json.gz", "pos": 214} k4_certs_4_pure.json.gz#214[m=11,idx=5]: start [0, 0, 0, 0, -2, 0, 2, -24, 25] best [0, 0, 0, 0, -1, 0, 1, -16, 7] chain profiles 0 (states 0), maxw 0, DL_RC fails 0, key form fails 0; 14600 evals [12 s]
#   unit {"file": "k4_certs_4_pure.json.gz", "pos": 216} k4_certs_4_pure.json.gz#216[m=11,idx=7]: start [0, 0, 0, 0, -2, 0, 1, -22, 2] best [0, 0, 0, 0, -1, 0, 1, -1, 1] chain profiles 0 (states 0), maxw 0, DL_RC fails 0, key form fails 0; 14600 evals [14 s]
#   unit {"file": "k4_certs_4_pure.json.gz", "pos": 215} k4_certs_4_pure.json.gz#215[m=11,idx=6]: start [0, 0, 0, 0, -1, 0, 1, -48, 2] best [0, 0, 0, 0, -1, 0, 1, -16, 13] chain profiles 0 (states 0), maxw 0, DL_RC fails 0, key form fails 0; 14600 evals [23 s]
#   unit {"file": "k4_certs_4_pure.json.gz", "pos": 217} k4_certs_4_pure.json.gz#217[m=11,idx=8]: start [0, 0, 0, 0, -2, 0, 1, -13, 4] best [0, 0, 0, 0, -1, 0, 2, -11, 14] chain profiles 0 (states 0), maxw 0, DL_RC fails 0, key form fails 0; 14600 evals [16 s]
#   unit {"file": "k4_certs_4_pure.json.gz", "pos": 218} k4_certs_4_pure.json.gz#218[m=12,idx=0]: start [0, 0, 0, 0, -2, 0, 1, -15, 4] best [0, 0, 0, 0, -1, 0, 1, -21, 1] chain profiles 0 (states 0), maxw 0, DL_RC fails 0, key form fails 0; 14600 evals [17 s]
TOTAL n4_pure: units 219, profiles evaluated 3197400 (with repeats; def > 0 states with f >= 1 in them: 3366076), unit time 1262 s (this session 426 s wall); units reaching a chain state 2, distinct chain profiles 1111 (chain states 6961), largest least |W| at a chain state 1; units with a DL_RC failure 0, with a key-form failure 0
best units (score order rcf kf chain chain3 -gap c3 kstar -minmv st1):
  {"file": "k4_certs_4_pure.json.gz", "pos": 213} k4_certs_4_pure.json.gz#213[m=11,idx=4] n=4 m=11 best [0, 0, 12, 0, -2, 12, 3, -6, 28] prof [52, 10, 64, 72] H {'f': 2, 'st1': 28, 'rt4f': 12, 'rcf': 0, 'ch': 12, 'ch3': 0, 'chw2': 0, 'gap': 2, 'c3': 12, 'mv': 6, 'kf': 0, 'kfk': 0, 'maxw': 1, 'kstar': 3}
  {"file": "k4_certs_4_pure.json.gz", "pos": 153} k4_certs_4_pure.json.gz#153[m=9,idx=30] n=4 m=9 best [0, 0, 3, 0, -2, 3, 3, -6, 19] prof [46, 45, 80, 6] H {'f': 2, 'st1': 19, 'rt4f': 3, 'rcf': 0, 'ch': 3, 'ch3': 0, 'chw2': 0, 'gap': 2, 'c3': 3, 'mv': 6, 'kf': 0, 'kfk': 0, 'maxw': 1, 'kstar': 3}
  {"file": "k4_certs_4_pure.json.gz", "pos": 175} k4_certs_4_pure.json.gz#175[m=9,idx=52] n=4 m=9 best [0, 0, 0, 0, -1, 7, 3, -6, 9] prof [74, 60, 212, 42] H {'f': 2, 'st1': 9, 'rt4f': 0, 'rcf': 0, 'ch': 0, 'ch3': 0, 'chw2': 0, 'gap': 1, 'c3': 7, 'mv': 6, 'kf': 0, 'kfk': 0, 'maxw': 0, 'kstar': 3}
  {"file": "k4_certs_4_pure.json.gz", "pos": 178} k4_certs_4_pure.json.gz#178[m=10,idx=1] n=4 m=10 best [0, 0, 0, 0, -1, 7, 3, -6, 9] prof [37, 35, 218, 42] H {'f': 2, 'st1': 9, 'rt4f': 0, 'rcf': 0, 'ch': 0, 'ch3': 0, 'chw2': 0, 'gap': 1, 'c3': 7, 'mv': 6, 'kf': 0, 'kfk': 0, 'maxw': 0, 'kstar': 3}
  {"file": "k4_certs_4_pure.json.gz", "pos": 161} k4_certs_4_pure.json.gz#161[m=9,idx=38] n=4 m=9 best [0, 0, 0, 0, -1, 4, 3, -4, 29] prof [64, 181, 227, 42] H {'f': 2, 'st1': 29, 'rt4f': 0, 'rcf': 0, 'ch': 0, 'ch3': 0, 'chw2': 0, 'gap': 1, 'c3': 4, 'mv': 4, 'kf': 0, 'kfk': 0, 'maxw': 0, 'kstar': 3}
  {"file": "k4_certs_4_pure.json.gz", "pos": 159} k4_certs_4_pure.json.gz#159[m=9,idx=36] n=4 m=9 best [0, 0, 0, 0, -1, 2, 3, -4, 17] prof [38, 80, 10, 212] H {'f': 2, 'st1': 17, 'rt4f': 0, 'rcf': 0, 'ch': 0, 'ch3': 0, 'chw2': 0, 'gap': 1, 'c3': 2, 'mv': 4, 'kf': 0, 'kfk': 0, 'maxw': 0, 'kstar': 3}
  {"file": "k4_certs_4_pure.json.gz", "pos": 123} k4_certs_4_pure.json.gz#123[m=9,idx=0] n=4 m=9 best [0, 0, 0, 0, -1, 2, 3, -5, 2] prof [35, 75, 241, 90] H {'f': 1, 'st1': 2, 'rt4f': 0, 'rcf': 0, 'ch': 0, 'ch3': 0, 'chw2': 0, 'gap': 1, 'c3': 2, 'mv': 5, 'kf': 0, 'kfk': 0, 'maxw': 0, 'kstar': 3}
  {"file": "k4_certs_4_pure.json.gz", "pos": 210} k4_certs_4_pure.json.gz#210[m=11,idx=1] n=4 m=11 best [0, 0, 0, 0, -1, 2, 3, -11, 84] prof [64, 34, 44, 92] H {'f': 1, 'st1': 84, 'rt4f': 0, 'rcf': 0, 'ch': 0, 'ch3': 0, 'chw2': 0, 'gap': 1, 'c3': 2, 'mv': 11, 'kf': 0, 'kfk': 0, 'maxw': 0, 'kstar': 3}
  {"file": "k4_certs_4_pure.json.gz", "pos": 205} k4_certs_4_pure.json.gz#205[m=10,idx=28] n=4 m=10 best [0, 0, 0, 0, -1, 2, 3, -15, 4] prof [9, 65, 99, 277] H {'f': 1, 'st1': 4, 'rt4f': 0, 'rcf': 0, 'ch': 0, 'ch3': 0, 'chw2': 0, 'gap': 1, 'c3': 2, 'mv': 15, 'kf': 0, 'kfk': 0, 'maxw': 0, 'kstar': 3}
  {"file": "k4_certs_4_pure.json.gz", "pos": 193} k4_certs_4_pure.json.gz#193[m=10,idx=16] n=4 m=10 best [0, 0, 0, 0, -1, 1, 3, -5, 40] prof [72, 10, 42, 44] H {'f': 2, 'st1': 40, 'rt4f': 0, 'rcf': 0, 'ch': 0, 'ch3': 0, 'chw2': 0, 'gap': 1, 'c3': 1, 'mv': 5, 'kf': 0, 'kfk': 0, 'maxw': 0, 'kstar': 3}
  {"file": "k4_certs_4_pure.json.gz", "pos": 190} k4_certs_4_pure.json.gz#190[m=10,idx=13] n=4 m=10 best [0, 0, 0, 0, -1, 1, 3, -15, 16] prof [79, 111, 6, 147] H {'f': 1, 'st1': 16, 'rt4f': 0, 'rcf': 0, 'ch': 0, 'ch3': 0, 'chw2': 0, 'gap': 1, 'c3': 1, 'mv': 15, 'kf': 0, 'kfk': 0, 'maxw': 0, 'kstar': 3}
  {"file": "k4_certs_4_pure.json.gz", "pos": 99} k4_certs_4_pure.json.gz#99[m=8,idx=38] n=4 m=8 best [0, 0, 0, 0, -1, 0, 2, -4, 18] prof [54, 46, 155, 157] H {'f': 2, 'st1': 18, 'rt4f': 0, 'rcf': 0, 'ch': 0, 'ch3': 0, 'chw2': 0, 'gap': 1, 'c3': 0, 'mv': 4, 'kf': 0, 'kfk': 0, 'maxw': 0, 'kstar': 2}
  {"file": "k4_certs_4_pure.json.gz", "pos": 145} k4_certs_4_pure.json.gz#145[m=9,idx=22] n=4 m=9 best [0, 0, 0, 0, -1, 0, 2, -4, 17] prof [35, 15, 46, 147] H {'f': 2, 'st1': 17, 'rt4f': 0, 'rcf': 0, 'ch': 0, 'ch3': 0, 'chw2': 0, 'gap': 1, 'c3': 0, 'mv': 4, 'kf': 0, 'kfk': 0, 'maxw': 0, 'kstar': 2}
  {"file": "k4_certs_4_pure.json.gz", "pos": 106} k4_certs_4_pure.json.gz#106[m=8,idx=45] n=4 m=8 best [0, 0, 0, 0, -1, 0, 2, -4, 11] prof [7, 15, 46, 42] H {'f': 2, 'st1': 11, 'rt4f': 0, 'rcf': 0, 'ch': 0, 'ch3': 0, 'chw2': 0, 'gap': 1, 'c3': 0, 'mv': 4, 'kf': 0, 'kfk': 0, 'maxw': 0, 'kstar': 2}
  {"file": "k4_certs_4_pure.json.gz", "pos": 98} k4_certs_4_pure.json.gz#98[m=8,idx=37] n=4 m=8 best [0, 0, 0, 0, -1, 0, 2, -4, 6] prof [7, 6, 20, 30] H {'f': 2, 'st1': 6, 'rt4f': 0, 'rcf': 0, 'ch': 0, 'ch3': 0, 'chw2': 0, 'gap': 1, 'c3': 0, 'mv': 4, 'kf': 0, 'kfk': 0, 'maxw': 0, 'kstar': 2}
