# command: python3 k4/rcy_indep.py results/k4_rc/rc_fail_hunt_ranked_pure_inst.json results/k4_rc/rc_fail_4515_inst.json
k4_certs_5_pure.json.gz#4604[m=13,idx=58]|prof=44,118,8,8,158 f=1 min-frozen=129 states=45 fails: RC=1 RCY=0 RCY0=0 RCany=0
k4_certs_5_pure.json.gz#4604[m=13,idx=58]|prof=44,118,8,8,200 f=1 min-frozen=129 states=45 fails: RC=1 RCY=0 RCY0=0 RCany=0
k4_certs_5_pure.json.gz#4604[m=13,idx=58]|prof=44,118,8,36,200 f=1 min-frozen=129 states=45 fails: RC=1 RCY=0 RCY0=0 RCany=0
k4_certs_5_pure.json.gz#4604[m=13,idx=58]|prof=79,118,8,36,200 f=1 min-frozen=129 states=45 fails: RC=1 RCY=0 RCY0=0 RCany=0
k4_certs_5_pure.json.gz#4604[m=13,idx=58]|prof=79,118,8,8,200 f=1 min-frozen=129 states=45 fails: RC=1 RCY=0 RCY0=0 RCany=0
k4_certs_5_pure.json.gz#4604[m=13,idx=58]|prof=79,79,8,8,200 f=1 min-frozen=129 states=45 fails: RC=1 RCY=0 RCY0=0 RCany=0
k4_certs_5_pure.json.gz#4604[m=13,idx=58]|prof=79,79,36,8,200 f=1 min-frozen=129 states=45 fails: RC=1 RCY=0 RCY0=0 RCany=0
k4_certs_5_pure.json.gz#4604[m=13,idx=58]|prof=44,79,36,8,200 f=1 min-frozen=129 states=45 fails: RC=1 RCY=0 RCY0=0 RCany=0
k4_certs_5_pure.json.gz#4604[m=13,idx=58]|prof=44,79,8,8,200 f=1 min-frozen=129 states=45 fails: RC=1 RCY=0 RCY0=0 RCany=0
k4_certs_5_pure.json.gz#4604[m=13,idx=58]|prof=79,79,8,36,200 f=1 min-frozen=129 states=45 fails: RC=1 RCY=0 RCY0=0 RCany=0
k4_certs_5_pure.json.gz#4604[m=13,idx=58]|prof=79,79,36,36,200 f=1 min-frozen=129 states=45 fails: RC=1 RCY=0 RCY0=0 RCany=0
k4_certs_5_pure.json.gz#4604[m=13,idx=58]|prof=44,118,36,8,158 f=1 min-frozen=129 states=45 fails: RC=1 RCY=0 RCY0=0 RCany=0
k4_certs_5_pure.json.gz#4604[m=13,idx=58]|prof=44,79,8,8,158 f=1 min-frozen=129 states=45 fails: RC=1 RCY=0 RCY0=0 RCany=0
k4_certs_5_pure.json.gz#4604[m=13,idx=58]|prof=95,79,8,8,158 f=1 min-frozen=129 states=45 fails: RC=1 RCY=0 RCY0=0 RCany=0
k4_certs_5_pure.json.gz#4604[m=13,idx=58]|prof=44,79,8,36,158 f=1 min-frozen=129 states=45 fails: RC=1 RCY=0 RCY0=0 RCany=0
k4_certs_5_pure.json.gz#4604[m=13,idx=58]|prof=95,79,8,36,158 f=1 min-frozen=129 states=45 fails: RC=1 RCY=0 RCY0=0 RCany=0
k4_certs_5_pure.json.gz#4604[m=13,idx=58]|prof=95,83,8,36,158 f=1 min-frozen=129 states=45 fails: RC=1 RCY=0 RCY0=0 RCany=0
k4_certs_5_pure.json.gz#4604[m=13,idx=58]|prof=95,83,8,8,158 f=1 min-frozen=129 states=45 fails: RC=1 RCY=0 RCY0=0 RCany=0
k4_certs_5_pure.json.gz#4604[m=13,idx=58]|prof=95,83,8,8,98 f=1 min-frozen=129 states=45 fails: RC=1 RCY=0 RCY0=0 RCany=0
k4_certs_5_pure.json.gz#4604[m=13,idx=58]|prof=92,83,8,8,98 f=1 min-frozen=129 states=45 fails: RC=1 RCY=0 RCY0=0 RCany=0
k4_certs_5_pure.json.gz#4604[m=13,idx=58]|prof=79,83,8,8,98 f=1 min-frozen=129 states=45 fails: RC=1 RCY=0 RCY0=0 RCany=0
k4_certs_5_pure.json.gz#4604[m=13,idx=58]|prof=44,118,8,36,158 f=1 min-frozen=129 states=45 fails: RC=1 RCY=0 RCY0=0 RCany=0
k4_certs_5_pure.json.gz#4604[m=13,idx=58]|prof=44,83,8,36,158 f=1 min-frozen=129 states=45 fails: RC=1 RCY=0 RCY0=0 RCany=0
k4_certs_5_pure.json.gz#4604[m=13,idx=58]|prof=44,118,8,36,98 f=1 min-frozen=129 states=45 fails: RC=1 RCY=0 RCY0=0 RCany=0
k4_certs_5_pure.json.gz#4604[m=13,idx=58]|prof=44,118,8,8,98 f=1 min-frozen=129 states=45 fails: RC=1 RCY=0 RCY0=0 RCany=0
k4_certs_5_pure.json.gz#4604[m=13,idx=58]|prof=44,118,36,36,98 f=1 min-frozen=129 states=45 fails: RC=1 RCY=0 RCY0=0 RCany=0
k4_certs_5_pure.json.gz#4604[m=13,idx=58]|prof=44,118,36,36,200 f=1 min-frozen=129 states=45 fails: RC=1 RCY=0 RCY0=0 RCany=0
k4_certs_5_pure.json.gz#4604[m=13,idx=58]|prof=92,118,36,36,200 f=1 min-frozen=129 states=45 fails: RC=1 RCY=0 RCY0=0 RCany=0
k4_certs_5_pure.json.gz#4604[m=13,idx=58]|prof=95,118,36,36,200 f=1 min-frozen=129 states=45 fails: RC=1 RCY=0 RCY0=0 RCany=0
k4_certs_5_pure.json.gz#4604[m=13,idx=58]|prof=95,95,36,36,200 f=1 min-frozen=129 states=45 fails: RC=1 RCY=0 RCY0=0 RCany=0
k4_certs_5_pure.json.gz#4604[m=13,idx=58]|prof=95,95,36,8,200 f=1 min-frozen=129 states=45 fails: RC=1 RCY=0 RCY0=0 RCany=0
k4_certs_5_pure.json.gz#4604[m=13,idx=58]|prof=95,95,36,36,158 f=1 min-frozen=129 states=45 fails: RC=1 RCY=0 RCY0=0 RCany=0
k4_certs_5_pure.json.gz#4604[m=13,idx=58]|prof=95,118,36,8,200 f=1 min-frozen=129 states=45 fails: RC=1 RCY=0 RCY0=0 RCany=0
k4_certs_5_pure.json.gz#4604[m=13,idx=58]|prof=95,118,8,8,200 f=1 min-frozen=129 states=45 fails: RC=1 RCY=0 RCY0=0 RCany=0
k4_certs_5_pure.json.gz#4604[m=13,idx=58]|prof=95,118,8,8,158 f=1 min-frozen=129 states=45 fails: RC=1 RCY=0 RCY0=0 RCany=0
k4_certs_5_pure.json.gz#4604[m=13,idx=58]|prof=95,118,36,8,158 f=1 min-frozen=129 states=45 fails: RC=1 RCY=0 RCY0=0 RCany=0
k4_certs_5_pure.json.gz#4604[m=13,idx=58]|prof=44,98,36,8,158 f=1 min-frozen=129 states=45 fails: RC=1 RCY=0 RCY0=0 RCany=0
k4_certs_5_pure.json.gz#4604[m=13,idx=58]|prof=44,83,36,8,158 f=1 min-frozen=129 states=45 fails: RC=1 RCY=0 RCY0=0 RCany=0
k4_certs_5_pure.json.gz#4604[m=13,idx=58]|prof=79,98,36,8,158 f=1 min-frozen=129 states=45 fails: RC=1 RCY=0 RCY0=0 RCany=0
k4_certs_5_pure.json.gz#4604[m=13,idx=58]|prof=79,98,8,8,158 f=1 min-frozen=129 states=45 fails: RC=1 RCY=0 RCY0=0 RCany=0
k4_certs_5_pure.json.gz#4604[m=13,idx=58]|prof=79,98,8,36,158 f=1 min-frozen=129 states=45 fails: RC=1 RCY=0 RCY0=0 RCany=0
k4_certs_5_pure.json.gz#4604[m=13,idx=58]|prof=79,115,8,36,158 f=1 min-frozen=129 states=45 fails: RC=1 RCY=0 RCY0=0 RCany=0
k4_certs_5_pure.json.gz#4604[m=13,idx=58]|prof=79,83,8,36,158 f=1 min-frozen=129 states=45 fails: RC=1 RCY=0 RCY0=0 RCany=0
k4_certs_5_pure.json.gz#4604[m=13,idx=58]|prof=79,118,8,36,158 f=1 min-frozen=129 states=45 fails: RC=1 RCY=0 RCY0=0 RCany=0
k4_certs_5_pure.json.gz#4604[m=13,idx=58]|prof=95,118,8,36,158 f=1 min-frozen=129 states=45 fails: RC=1 RCY=0 RCY0=0 RCany=0
k4_certs_5_pure.json.gz#4515[m=12,idx=370]|prof=37,223,112,218,42 f=2 min-frozen=133 states=64 fails: RC=4 RCY=4 RCY0=4 RCany=0
   RCY fails at ({4}, {1,8}, {10,11}, {7}, {9})
   RCY fails at ({4}, {1,8}, {10,11}, {5,6}, {9})
   RCY fails at ({4}, {1,8}, {10,11}, {5,7}, {9})
   RCY fails at ({4}, {1,8}, {10,11}, {6,7}, {9})
k4_certs_5_pure.json.gz#4515[m=12,idx=370]|prof=40,223,112,218,42 f=2 min-frozen=184 states=92 fails: RC=4 RCY=4 RCY0=4 RCany=0
   RCY fails at ({4}, {1,8}, {10,11}, {7}, {9})
   RCY fails at ({4}, {1,8}, {10,11}, {5,6}, {9})
   RCY fails at ({4}, {1,8}, {10,11}, {5,7}, {9})
   RCY fails at ({4}, {1,8}, {10,11}, {6,7}, {9})
k4_certs_5_pure.json.gz#4515[m=12,idx=370]|prof=40,223,112,212,42 f=2 min-frozen=184 states=92 fails: RC=4 RCY=4 RCY0=4 RCany=0
   RCY fails at ({4}, {1,8}, {10,11}, {7}, {9})
   RCY fails at ({4}, {1,8}, {10,11}, {5,6}, {9})
   RCY fails at ({4}, {1,8}, {10,11}, {5,7}, {9})
   RCY fails at ({4}, {1,8}, {10,11}, {6,7}, {9})
k4_certs_5_pure.json.gz#4515[m=12,idx=370]|prof=36,223,112,218,42 f=2 min-frozen=170 states=78 fails: RC=4 RCY=4 RCY0=4 RCany=0
   RCY fails at ({4}, {1,8}, {10,11}, {7}, {9})
   RCY fails at ({4}, {1,8}, {10,11}, {5,6}, {9})
   RCY fails at ({4}, {1,8}, {10,11}, {5,7}, {9})
   RCY fails at ({4}, {1,8}, {10,11}, {6,7}, {9})
k4_certs_5_pure.json.gz#4515[m=12,idx=370]|prof=8,223,112,212,42 f=2 min-frozen=170 states=78 fails: RC=4 RCY=4 RCY0=4 RCany=0
   RCY fails at ({4}, {1,8}, {10,11}, {7}, {9})
   RCY fails at ({4}, {1,8}, {10,11}, {5,6}, {9})
   RCY fails at ({4}, {1,8}, {10,11}, {5,7}, {9})
   RCY fails at ({4}, {1,8}, {10,11}, {6,7}, {9})
k4_certs_5_pure.json.gz#4515[m=12,idx=370]|prof=40,223,64,212,42 f=2 min-frozen=154 states=74 fails: RC=4 RCY=4 RCY0=4 RCany=0
   RCY fails at ({4}, {1,8}, {10,11}, {7}, {9})
   RCY fails at ({4}, {1,8}, {10,11}, {5,6}, {9})
   RCY fails at ({4}, {1,8}, {10,11}, {5,7}, {9})
   RCY fails at ({4}, {1,8}, {10,11}, {6,7}, {9})
k4_certs_5_pure.json.gz#4515[m=12,idx=370]|prof=40,223,112,230,80 f=2 min-frozen=184 states=92 fails: RC=4 RCY=4 RCY0=4 RCany=0
   RCY fails at ({4}, {1,8}, {10,11}, {5}, {9})
   RCY fails at ({4}, {1,8}, {10,11}, {5,6}, {9})
   RCY fails at ({4}, {1,8}, {10,11}, {5,7}, {9})
   RCY fails at ({4}, {1,8}, {10,11}, {6,7}, {9})
k4_certs_5_pure.json.gz#4515[m=12,idx=370]|prof=74,223,112,230,80 f=2 min-frozen=184 states=92 fails: RC=4 RCY=4 RCY0=4 RCany=0
   RCY fails at ({4}, {1,8}, {10,11}, {5}, {9})
   RCY fails at ({4}, {1,8}, {10,11}, {5,6}, {9})
   RCY fails at ({4}, {1,8}, {10,11}, {5,7}, {9})
   RCY fails at ({4}, {1,8}, {10,11}, {6,7}, {9})
k4_certs_5_pure.json.gz#4515[m=12,idx=370]|prof=40,223,112,227,80 f=2 min-frozen=184 states=92 fails: RC=4 RCY=4 RCY0=4 RCany=0
   RCY fails at ({4}, {1,8}, {10,11}, {5}, {9})
   RCY fails at ({4}, {1,8}, {10,11}, {5,6}, {9})
   RCY fails at ({4}, {1,8}, {10,11}, {5,7}, {9})
   RCY fails at ({4}, {1,8}, {10,11}, {6,7}, {9})
k4_certs_5_pure.json.gz#4515[m=12,idx=370]|prof=74,223,112,227,80 f=2 min-frozen=184 states=92 fails: RC=4 RCY=4 RCY0=4 RCany=0
   RCY fails at ({4}, {1,8}, {10,11}, {5}, {9})
   RCY fails at ({4}, {1,8}, {10,11}, {5,6}, {9})
   RCY fails at ({4}, {1,8}, {10,11}, {5,7}, {9})
   RCY fails at ({4}, {1,8}, {10,11}, {6,7}, {9})
k4_certs_5_pure.json.gz#4515[m=12,idx=370]|prof=9,223,112,227,80 f=2 min-frozen=133 states=64 fails: RC=4 RCY=4 RCY0=4 RCany=0
   RCY fails at ({4}, {1,8}, {10,11}, {5}, {9})
   RCY fails at ({4}, {1,8}, {10,11}, {5,6}, {9})
   RCY fails at ({4}, {1,8}, {10,11}, {5,7}, {9})
   RCY fails at ({4}, {1,8}, {10,11}, {6,7}, {9})
k4_certs_5_pure.json.gz#4515[m=12,idx=370]|prof=74,153,112,227,80 f=2 min-frozen=206 states=114 fails: RC=4 RCY=4 RCY0=4 RCany=0
   RCY fails at ({4}, {1,8}, {10,11}, {5}, {9})
   RCY fails at ({4}, {1,8}, {10,11}, {5,6}, {9})
   RCY fails at ({4}, {1,8}, {10,11}, {5,7}, {9})
   RCY fails at ({4}, {1,8}, {10,11}, {6,7}, {9})
k4_certs_5_pure.json.gz#4515[m=12,idx=370]|prof=68,153,112,227,80 f=2 min-frozen=206 states=114 fails: RC=4 RCY=4 RCY0=4 RCany=0
   RCY fails at ({4}, {1,8}, {10,11}, {5}, {9})
   RCY fails at ({4}, {1,8}, {10,11}, {5,6}, {9})
   RCY fails at ({4}, {1,8}, {10,11}, {5,7}, {9})
   RCY fails at ({4}, {1,8}, {10,11}, {6,7}, {9})
k4_certs_5_pure.json.gz#4515[m=12,idx=370]|prof=14,153,112,227,80 f=2 min-frozen=206 states=114 fails: RC=4 RCY=4 RCY0=4 RCany=0
   RCY fails at ({4}, {1,8}, {10,11}, {5}, {9})
   RCY fails at ({4}, {1,8}, {10,11}, {5,6}, {9})
   RCY fails at ({4}, {1,8}, {10,11}, {5,7}, {9})
   RCY fails at ({4}, {1,8}, {10,11}, {6,7}, {9})
k4_certs_5_pure.json.gz#4515[m=12,idx=370]|prof=40,153,112,227,80 f=2 min-frozen=206 states=114 fails: RC=4 RCY=4 RCY0=4 RCany=0
   RCY fails at ({4}, {1,8}, {10,11}, {5}, {9})
   RCY fails at ({4}, {1,8}, {10,11}, {5,6}, {9})
   RCY fails at ({4}, {1,8}, {10,11}, {5,7}, {9})
   RCY fails at ({4}, {1,8}, {10,11}, {6,7}, {9})
k4_certs_5_pure.json.gz#4515[m=12,idx=370]|prof=36,153,112,227,80 f=2 min-frozen=186 states=94 fails: RC=4 RCY=4 RCY0=4 RCany=0
   RCY fails at ({4}, {1,8}, {10,11}, {5}, {9})
   RCY fails at ({4}, {1,8}, {10,11}, {5,6}, {9})
   RCY fails at ({4}, {1,8}, {10,11}, {5,7}, {9})
   RCY fails at ({4}, {1,8}, {10,11}, {6,7}, {9})
k4_certs_5_pure.json.gz#4515[m=12,idx=370]|prof=8,153,112,227,80 f=2 min-frozen=186 states=94 fails: RC=4 RCY=4 RCY0=4 RCany=0
   RCY fails at ({4}, {1,8}, {10,11}, {5}, {9})
   RCY fails at ({4}, {1,8}, {10,11}, {5,6}, {9})
   RCY fails at ({4}, {1,8}, {10,11}, {5,7}, {9})
   RCY fails at ({4}, {1,8}, {10,11}, {6,7}, {9})
k4_certs_5_pure.json.gz#4515[m=12,idx=370]|prof=37,153,112,227,80 f=2 min-frozen=143 states=74 fails: RC=4 RCY=4 RCY0=4 RCany=0
   RCY fails at ({4}, {1,8}, {10,11}, {5}, {9})
   RCY fails at ({4}, {1,8}, {10,11}, {5,6}, {9})
   RCY fails at ({4}, {1,8}, {10,11}, {5,7}, {9})
   RCY fails at ({4}, {1,8}, {10,11}, {6,7}, {9})
k4_certs_5_pure.json.gz#4515[m=12,idx=370]|prof=14,128,112,227,80 f=2 min-frozen=206 states=114 fails: RC=4 RCY=4 RCY0=4 RCany=0
   RCY fails at ({4}, {1,8}, {10,11}, {5}, {9})
   RCY fails at ({4}, {1,8}, {10,11}, {5,6}, {9})
   RCY fails at ({4}, {1,8}, {10,11}, {5,7}, {9})
   RCY fails at ({4}, {1,8}, {10,11}, {6,7}, {9})
k4_certs_5_pure.json.gz#4515[m=12,idx=370]|prof=74,128,112,227,80 f=2 min-frozen=206 states=114 fails: RC=4 RCY=4 RCY0=4 RCany=0
   RCY fails at ({4}, {1,8}, {10,11}, {5}, {9})
   RCY fails at ({4}, {1,8}, {10,11}, {5,6}, {9})
   RCY fails at ({4}, {1,8}, {10,11}, {5,7}, {9})
   RCY fails at ({4}, {1,8}, {10,11}, {6,7}, {9})
k4_certs_5_pure.json.gz#4515[m=12,idx=370]|prof=37,128,112,227,80 f=2 min-frozen=143 states=74 fails: RC=4 RCY=4 RCY0=4 RCany=0
   RCY fails at ({4}, {1,8}, {10,11}, {5}, {9})
   RCY fails at ({4}, {1,8}, {10,11}, {5,6}, {9})
   RCY fails at ({4}, {1,8}, {10,11}, {5,7}, {9})
   RCY fails at ({4}, {1,8}, {10,11}, {6,7}, {9})
k4_certs_5_pure.json.gz#4515[m=12,idx=370]|prof=9,128,112,227,80 f=2 min-frozen=143 states=74 fails: RC=4 RCY=4 RCY0=4 RCany=0
   RCY fails at ({4}, {1,8}, {10,11}, {5}, {9})
   RCY fails at ({4}, {1,8}, {10,11}, {5,6}, {9})
   RCY fails at ({4}, {1,8}, {10,11}, {5,7}, {9})
   RCY fails at ({4}, {1,8}, {10,11}, {6,7}, {9})
k4_certs_5_pure.json.gz#4515[m=12,idx=370]|prof=74,128,112,227,88 f=2 min-frozen=206 states=114 fails: RC=4 RCY=4 RCY0=4 RCany=0
   RCY fails at ({4}, {1,8}, {10,11}, {5}, {9})
   RCY fails at ({4}, {1,8}, {10,11}, {5,6}, {9})
   RCY fails at ({4}, {1,8}, {10,11}, {5,7}, {9})
   RCY fails at ({4}, {1,8}, {10,11}, {6,7}, {9})
k4_certs_5_pure.json.gz#4515[m=12,idx=370]|prof=36,128,112,227,80 f=2 min-frozen=186 states=94 fails: RC=4 RCY=4 RCY0=4 RCany=0
   RCY fails at ({4}, {1,8}, {10,11}, {5}, {9})
   RCY fails at ({4}, {1,8}, {10,11}, {5,6}, {9})
   RCY fails at ({4}, {1,8}, {10,11}, {5,7}, {9})
   RCY fails at ({4}, {1,8}, {10,11}, {6,7}, {9})
k4_certs_5_pure.json.gz#4515[m=12,idx=370]|prof=14,128,112,227,88 f=2 min-frozen=206 states=114 fails: RC=4 RCY=4 RCY0=4 RCany=0
   RCY fails at ({4}, {1,8}, {10,11}, {5}, {9})
   RCY fails at ({4}, {1,8}, {10,11}, {5,6}, {9})
   RCY fails at ({4}, {1,8}, {10,11}, {5,7}, {9})
   RCY fails at ({4}, {1,8}, {10,11}, {6,7}, {9})
k4_certs_5_pure.json.gz#4515[m=12,idx=370]|prof=36,128,112,227,88 f=2 min-frozen=186 states=94 fails: RC=4 RCY=4 RCY0=4 RCany=0
   RCY fails at ({4}, {1,8}, {10,11}, {5}, {9})
   RCY fails at ({4}, {1,8}, {10,11}, {5,6}, {9})
   RCY fails at ({4}, {1,8}, {10,11}, {5,7}, {9})
   RCY fails at ({4}, {1,8}, {10,11}, {6,7}, {9})
k4_certs_5_pure.json.gz#4515[m=12,idx=370]|prof=68,128,112,227,88 f=2 min-frozen=206 states=114 fails: RC=4 RCY=4 RCY0=4 RCany=0
   RCY fails at ({4}, {1,8}, {10,11}, {5}, {9})
   RCY fails at ({4}, {1,8}, {10,11}, {5,6}, {9})
   RCY fails at ({4}, {1,8}, {10,11}, {5,7}, {9})
   RCY fails at ({4}, {1,8}, {10,11}, {6,7}, {9})
k4_certs_5_pure.json.gz#4515[m=12,idx=370]|prof=14,225,112,227,88 f=2 min-frozen=184 states=92 fails: RC=4 RCY=4 RCY0=4 RCany=0
   RCY fails at ({4}, {1,8}, {10,11}, {5}, {9})
   RCY fails at ({4}, {1,8}, {10,11}, {5,6}, {9})
   RCY fails at ({4}, {1,8}, {10,11}, {5,7}, {9})
   RCY fails at ({4}, {1,8}, {10,11}, {6,7}, {9})
k4_certs_5_pure.json.gz#4515[m=12,idx=370]|prof=37,128,112,227,88 f=2 min-frozen=143 states=74 fails: RC=4 RCY=4 RCY0=4 RCany=0
   RCY fails at ({4}, {1,8}, {10,11}, {5}, {9})
   RCY fails at ({4}, {1,8}, {10,11}, {5,6}, {9})
   RCY fails at ({4}, {1,8}, {10,11}, {5,7}, {9})
   RCY fails at ({4}, {1,8}, {10,11}, {6,7}, {9})
k4_certs_5_pure.json.gz#4515[m=12,idx=370]|prof=68,128,109,227,88 f=2 min-frozen=206 states=114 fails: RC=4 RCY=4 RCY0=4 RCany=0
   RCY fails at ({4}, {1,8}, {10,11}, {5}, {9})
   RCY fails at ({4}, {1,8}, {10,11}, {5,6}, {9})
   RCY fails at ({4}, {1,8}, {10,11}, {5,7}, {9})
   RCY fails at ({4}, {1,8}, {10,11}, {6,7}, {9})
k4_certs_5_pure.json.gz#4515[m=12,idx=370]|prof=68,153,109,227,88 f=2 min-frozen=206 states=114 fails: RC=4 RCY=4 RCY0=4 RCany=0
   RCY fails at ({4}, {1,8}, {10,11}, {5}, {9})
   RCY fails at ({4}, {1,8}, {10,11}, {5,6}, {9})
   RCY fails at ({4}, {1,8}, {10,11}, {5,7}, {9})
   RCY fails at ({4}, {1,8}, {10,11}, {6,7}, {9})
k4_certs_5_pure.json.gz#4515[m=12,idx=370]|prof=9,153,109,227,88 f=2 min-frozen=143 states=74 fails: RC=4 RCY=4 RCY0=4 RCany=0
   RCY fails at ({4}, {1,8}, {10,11}, {5}, {9})
   RCY fails at ({4}, {1,8}, {10,11}, {5,6}, {9})
   RCY fails at ({4}, {1,8}, {10,11}, {5,7}, {9})
   RCY fails at ({4}, {1,8}, {10,11}, {6,7}, {9})
k4_certs_5_pure.json.gz#4515[m=12,idx=370]|prof=68,153,109,227,80 f=2 min-frozen=206 states=114 fails: RC=4 RCY=4 RCY0=4 RCany=0
   RCY fails at ({4}, {1,8}, {10,11}, {5}, {9})
   RCY fails at ({4}, {1,8}, {10,11}, {5,6}, {9})
   RCY fails at ({4}, {1,8}, {10,11}, {5,7}, {9})
   RCY fails at ({4}, {1,8}, {10,11}, {6,7}, {9})
k4_certs_5_pure.json.gz#4515[m=12,idx=370]|prof=8,153,109,227,80 f=2 min-frozen=186 states=94 fails: RC=4 RCY=4 RCY0=4 RCany=0
   RCY fails at ({4}, {1,8}, {10,11}, {5}, {9})
   RCY fails at ({4}, {1,8}, {10,11}, {5,6}, {9})
   RCY fails at ({4}, {1,8}, {10,11}, {5,7}, {9})
   RCY fails at ({4}, {1,8}, {10,11}, {6,7}, {9})
k4_certs_5_pure.json.gz#4515[m=12,idx=370]|prof=36,153,109,227,80 f=2 min-frozen=186 states=94 fails: RC=4 RCY=4 RCY0=4 RCany=0
   RCY fails at ({4}, {1,8}, {10,11}, {5}, {9})
   RCY fails at ({4}, {1,8}, {10,11}, {5,6}, {9})
   RCY fails at ({4}, {1,8}, {10,11}, {5,7}, {9})
   RCY fails at ({4}, {1,8}, {10,11}, {6,7}, {9})
k4_certs_5_pure.json.gz#4515[m=12,idx=370]|prof=14,153,109,227,80 f=2 min-frozen=206 states=114 fails: RC=4 RCY=4 RCY0=4 RCany=0
   RCY fails at ({4}, {1,8}, {10,11}, {5}, {9})
   RCY fails at ({4}, {1,8}, {10,11}, {5,6}, {9})
   RCY fails at ({4}, {1,8}, {10,11}, {5,7}, {9})
   RCY fails at ({4}, {1,8}, {10,11}, {6,7}, {9})
k4_certs_5_pure.json.gz#4515[m=12,idx=370]|prof=37,153,109,227,80 f=2 min-frozen=143 states=74 fails: RC=4 RCY=4 RCY0=4 RCany=0
   RCY fails at ({4}, {1,8}, {10,11}, {5}, {9})
   RCY fails at ({4}, {1,8}, {10,11}, {5,6}, {9})
   RCY fails at ({4}, {1,8}, {10,11}, {5,7}, {9})
   RCY fails at ({4}, {1,8}, {10,11}, {6,7}, {9})
k4_certs_5_pure.json.gz#4515[m=12,idx=370]|prof=14,128,109,227,80 f=2 min-frozen=206 states=114 fails: RC=4 RCY=4 RCY0=4 RCany=0
   RCY fails at ({4}, {1,8}, {10,11}, {5}, {9})
   RCY fails at ({4}, {1,8}, {10,11}, {5,6}, {9})
   RCY fails at ({4}, {1,8}, {10,11}, {5,7}, {9})
   RCY fails at ({4}, {1,8}, {10,11}, {6,7}, {9})
k4_certs_5_pure.json.gz#4515[m=12,idx=370]|prof=9,128,109,227,80 f=2 min-frozen=143 states=74 fails: RC=4 RCY=4 RCY0=4 RCany=0
   RCY fails at ({4}, {1,8}, {10,11}, {5}, {9})
   RCY fails at ({4}, {1,8}, {10,11}, {5,6}, {9})
   RCY fails at ({4}, {1,8}, {10,11}, {5,7}, {9})
   RCY fails at ({4}, {1,8}, {10,11}, {6,7}, {9})
k4_certs_5_pure.json.gz#4515[m=12,idx=370]|prof=14,128,109,227,88 f=2 min-frozen=206 states=114 fails: RC=4 RCY=4 RCY0=4 RCany=0
   RCY fails at ({4}, {1,8}, {10,11}, {5}, {9})
   RCY fails at ({4}, {1,8}, {10,11}, {5,6}, {9})
   RCY fails at ({4}, {1,8}, {10,11}, {5,7}, {9})
   RCY fails at ({4}, {1,8}, {10,11}, {6,7}, {9})
k4_certs_5_pure.json.gz#4515[m=12,idx=370]|prof=9,153,112,227,80 f=2 min-frozen=143 states=74 fails: RC=4 RCY=4 RCY0=4 RCany=0
   RCY fails at ({4}, {1,8}, {10,11}, {5}, {9})
   RCY fails at ({4}, {1,8}, {10,11}, {5,6}, {9})
   RCY fails at ({4}, {1,8}, {10,11}, {5,7}, {9})
   RCY fails at ({4}, {1,8}, {10,11}, {6,7}, {9})
k4_certs_5_pure.json.gz#4515[m=12,idx=370]|prof=36,153,112,227,88 f=2 min-frozen=186 states=94 fails: RC=4 RCY=4 RCY0=4 RCany=0
   RCY fails at ({4}, {1,8}, {10,11}, {5}, {9})
   RCY fails at ({4}, {1,8}, {10,11}, {5,6}, {9})
   RCY fails at ({4}, {1,8}, {10,11}, {5,7}, {9})
   RCY fails at ({4}, {1,8}, {10,11}, {6,7}, {9})
k4_certs_5_pure.json.gz#4515[m=12,idx=370]|prof=40,153,109,227,80 f=2 min-frozen=206 states=114 fails: RC=4 RCY=4 RCY0=4 RCany=0
   RCY fails at ({4}, {1,8}, {10,11}, {5}, {9})
   RCY fails at ({4}, {1,8}, {10,11}, {5,6}, {9})
   RCY fails at ({4}, {1,8}, {10,11}, {5,7}, {9})
   RCY fails at ({4}, {1,8}, {10,11}, {6,7}, {9})
k4_certs_5_pure.json.gz#4515[m=12,idx=370]|prof=40,153,109,227,88 f=2 min-frozen=206 states=114 fails: RC=4 RCY=4 RCY0=4 RCany=0
   RCY fails at ({4}, {1,8}, {10,11}, {5}, {9})
   RCY fails at ({4}, {1,8}, {10,11}, {5,6}, {9})
   RCY fails at ({4}, {1,8}, {10,11}, {5,7}, {9})
   RCY fails at ({4}, {1,8}, {10,11}, {6,7}, {9})
k4_certs_5_pure.json.gz#4515[m=12,idx=370]|prof=74,153,109,227,88 f=2 min-frozen=206 states=114 fails: RC=4 RCY=4 RCY0=4 RCany=0
   RCY fails at ({4}, {1,8}, {10,11}, {5}, {9})
   RCY fails at ({4}, {1,8}, {10,11}, {5,6}, {9})
   RCY fails at ({4}, {1,8}, {10,11}, {5,7}, {9})
   RCY fails at ({4}, {1,8}, {10,11}, {6,7}, {9})
k4_certs_5_pure.json.gz#4515[m=12,idx=370]|prof=8,153,109,227,88 f=2 min-frozen=186 states=94 fails: RC=4 RCY=4 RCY0=4 RCany=0
   RCY fails at ({4}, {1,8}, {10,11}, {5}, {9})
   RCY fails at ({4}, {1,8}, {10,11}, {5,6}, {9})
   RCY fails at ({4}, {1,8}, {10,11}, {5,7}, {9})
   RCY fails at ({4}, {1,8}, {10,11}, {6,7}, {9})
k4_certs_5_pure.json.gz#4515[m=12,idx=370]|prof=14,153,109,227,88 f=2 min-frozen=206 states=114 fails: RC=4 RCY=4 RCY0=4 RCany=0
   RCY fails at ({4}, {1,8}, {10,11}, {5}, {9})
   RCY fails at ({4}, {1,8}, {10,11}, {5,6}, {9})
   RCY fails at ({4}, {1,8}, {10,11}, {5,7}, {9})
   RCY fails at ({4}, {1,8}, {10,11}, {6,7}, {9})
k4_certs_5_pure.json.gz#4515[m=12,idx=370]|prof=14,153,109,230,80 f=2 min-frozen=206 states=114 fails: RC=4 RCY=4 RCY0=4 RCany=0
   RCY fails at ({4}, {1,8}, {10,11}, {5}, {9})
   RCY fails at ({4}, {1,8}, {10,11}, {5,6}, {9})
   RCY fails at ({4}, {1,8}, {10,11}, {5,7}, {9})
   RCY fails at ({4}, {1,8}, {10,11}, {6,7}, {9})
k4_certs_5_pure.json.gz#4515[m=12,idx=370]|prof=14,128,109,230,80 f=2 min-frozen=206 states=114 fails: RC=4 RCY=4 RCY0=4 RCany=0
   RCY fails at ({4}, {1,8}, {10,11}, {5}, {9})
   RCY fails at ({4}, {1,8}, {10,11}, {5,6}, {9})
   RCY fails at ({4}, {1,8}, {10,11}, {5,7}, {9})
   RCY fails at ({4}, {1,8}, {10,11}, {6,7}, {9})
k4_certs_5_pure.json.gz#4515[m=12,idx=370]|prof=68,128,109,230,80 f=2 min-frozen=206 states=114 fails: RC=4 RCY=4 RCY0=4 RCany=0
   RCY fails at ({4}, {1,8}, {10,11}, {5}, {9})
   RCY fails at ({4}, {1,8}, {10,11}, {5,6}, {9})
   RCY fails at ({4}, {1,8}, {10,11}, {5,7}, {9})
   RCY fails at ({4}, {1,8}, {10,11}, {6,7}, {9})
k4_certs_5_pure.json.gz#4515[m=12,idx=370]|prof=40,128,109,230,80 f=2 min-frozen=206 states=114 fails: RC=4 RCY=4 RCY0=4 RCany=0
   RCY fails at ({4}, {1,8}, {10,11}, {5}, {9})
   RCY fails at ({4}, {1,8}, {10,11}, {5,6}, {9})
   RCY fails at ({4}, {1,8}, {10,11}, {5,7}, {9})
   RCY fails at ({4}, {1,8}, {10,11}, {6,7}, {9})
k4_certs_5_pure.json.gz#4515[m=12,idx=370]|prof=36,128,109,230,80 f=2 min-frozen=186 states=94 fails: RC=4 RCY=4 RCY0=4 RCany=0
   RCY fails at ({4}, {1,8}, {10,11}, {5}, {9})
   RCY fails at ({4}, {1,8}, {10,11}, {5,6}, {9})
   RCY fails at ({4}, {1,8}, {10,11}, {5,7}, {9})
   RCY fails at ({4}, {1,8}, {10,11}, {6,7}, {9})
k4_certs_5_pure.json.gz#4515[m=12,idx=370]|prof=9,128,109,230,80 f=2 min-frozen=143 states=74 fails: RC=4 RCY=4 RCY0=4 RCany=0
   RCY fails at ({4}, {1,8}, {10,11}, {5}, {9})
   RCY fails at ({4}, {1,8}, {10,11}, {5,6}, {9})
   RCY fails at ({4}, {1,8}, {10,11}, {5,7}, {9})
   RCY fails at ({4}, {1,8}, {10,11}, {6,7}, {9})
k4_certs_5_pure.json.gz#4515[m=12,idx=370]|prof=74,128,109,230,80 f=2 min-frozen=206 states=114 fails: RC=4 RCY=4 RCY0=4 RCany=0
   RCY fails at ({4}, {1,8}, {10,11}, {5}, {9})
   RCY fails at ({4}, {1,8}, {10,11}, {5,6}, {9})
   RCY fails at ({4}, {1,8}, {10,11}, {5,7}, {9})
   RCY fails at ({4}, {1,8}, {10,11}, {6,7}, {9})
k4_certs_5_pure.json.gz#4515[m=12,idx=370]|prof=40,186,109,230,80 f=2 min-frozen=184 states=92 fails: RC=4 RCY=4 RCY0=4 RCany=0
   RCY fails at ({4}, {1,8}, {10,11}, {5}, {9})
   RCY fails at ({4}, {1,8}, {10,11}, {5,6}, {9})
   RCY fails at ({4}, {1,8}, {10,11}, {5,7}, {9})
   RCY fails at ({4}, {1,8}, {10,11}, {6,7}, {9})
k4_certs_5_pure.json.gz#4515[m=12,idx=370]|prof=68,128,109,227,80 f=2 min-frozen=206 states=114 fails: RC=4 RCY=4 RCY0=4 RCany=0
   RCY fails at ({4}, {1,8}, {10,11}, {5}, {9})
   RCY fails at ({4}, {1,8}, {10,11}, {5,6}, {9})
   RCY fails at ({4}, {1,8}, {10,11}, {5,7}, {9})
   RCY fails at ({4}, {1,8}, {10,11}, {6,7}, {9})
k4_certs_5_pure.json.gz#4515[m=12,idx=370]|prof=68,186,109,227,80 f=2 min-frozen=184 states=92 fails: RC=4 RCY=4 RCY0=4 RCany=0
   RCY fails at ({4}, {1,8}, {10,11}, {5}, {9})
   RCY fails at ({4}, {1,8}, {10,11}, {5,6}, {9})
   RCY fails at ({4}, {1,8}, {10,11}, {5,7}, {9})
   RCY fails at ({4}, {1,8}, {10,11}, {6,7}, {9})
k4_certs_5_pure.json.gz#4515[m=12,idx=370]|prof=74,153,112,230,80 f=2 min-frozen=206 states=114 fails: RC=4 RCY=4 RCY0=4 RCany=0
   RCY fails at ({4}, {1,8}, {10,11}, {5}, {9})
   RCY fails at ({4}, {1,8}, {10,11}, {5,6}, {9})
   RCY fails at ({4}, {1,8}, {10,11}, {5,7}, {9})
   RCY fails at ({4}, {1,8}, {10,11}, {6,7}, {9})
k4_certs_5_pure.json.gz#4515[m=12,idx=370]|prof=37,153,112,230,80 f=2 min-frozen=143 states=74 fails: RC=4 RCY=4 RCY0=4 RCany=0
   RCY fails at ({4}, {1,8}, {10,11}, {5}, {9})
   RCY fails at ({4}, {1,8}, {10,11}, {5,6}, {9})
   RCY fails at ({4}, {1,8}, {10,11}, {5,7}, {9})
   RCY fails at ({4}, {1,8}, {10,11}, {6,7}, {9})
k4_certs_5_pure.json.gz#4515[m=12,idx=370]|prof=14,153,112,230,80 f=2 min-frozen=206 states=114 fails: RC=4 RCY=4 RCY0=4 RCany=0
   RCY fails at ({4}, {1,8}, {10,11}, {5}, {9})
   RCY fails at ({4}, {1,8}, {10,11}, {5,6}, {9})
   RCY fails at ({4}, {1,8}, {10,11}, {5,7}, {9})
   RCY fails at ({4}, {1,8}, {10,11}, {6,7}, {9})
k4_certs_5_pure.json.gz#4515[m=12,idx=370]|prof=68,153,112,230,80 f=2 min-frozen=206 states=114 fails: RC=4 RCY=4 RCY0=4 RCany=0
   RCY fails at ({4}, {1,8}, {10,11}, {5}, {9})
   RCY fails at ({4}, {1,8}, {10,11}, {5,6}, {9})
   RCY fails at ({4}, {1,8}, {10,11}, {5,7}, {9})
   RCY fails at ({4}, {1,8}, {10,11}, {6,7}, {9})
k4_certs_5_pure.json.gz#4515[m=12,idx=370]|prof=9,153,112,230,80 f=2 min-frozen=143 states=74 fails: RC=4 RCY=4 RCY0=4 RCany=0
   RCY fails at ({4}, {1,8}, {10,11}, {5}, {9})
   RCY fails at ({4}, {1,8}, {10,11}, {5,6}, {9})
   RCY fails at ({4}, {1,8}, {10,11}, {5,7}, {9})
   RCY fails at ({4}, {1,8}, {10,11}, {6,7}, {9})
k4_certs_5_pure.json.gz#4515[m=12,idx=370]|prof=74,128,112,230,80 f=2 min-frozen=206 states=114 fails: RC=4 RCY=4 RCY0=4 RCany=0
   RCY fails at ({4}, {1,8}, {10,11}, {5}, {9})
   RCY fails at ({4}, {1,8}, {10,11}, {5,6}, {9})
   RCY fails at ({4}, {1,8}, {10,11}, {5,7}, {9})
   RCY fails at ({4}, {1,8}, {10,11}, {6,7}, {9})
k4_certs_5_pure.json.gz#4515[m=12,idx=370]|prof=74,152,112,230,80 f=2 min-frozen=206 states=114 fails: RC=4 RCY=4 RCY0=4 RCany=0
   RCY fails at ({4}, {1,8}, {10,11}, {5}, {9})
   RCY fails at ({4}, {1,8}, {10,11}, {5,6}, {9})
   RCY fails at ({4}, {1,8}, {10,11}, {5,7}, {9})
   RCY fails at ({4}, {1,8}, {10,11}, {6,7}, {9})
k4_certs_5_pure.json.gz#4515[m=12,idx=370]|prof=40,152,112,230,80 f=2 min-frozen=206 states=114 fails: RC=4 RCY=4 RCY0=4 RCany=0
   RCY fails at ({4}, {1,8}, {10,11}, {5}, {9})
   RCY fails at ({4}, {1,8}, {10,11}, {5,6}, {9})
   RCY fails at ({4}, {1,8}, {10,11}, {5,7}, {9})
   RCY fails at ({4}, {1,8}, {10,11}, {6,7}, {9})
k4_certs_5_pure.json.gz#4515[m=12,idx=370]|prof=40,152,109,230,80 f=2 min-frozen=206 states=114 fails: RC=4 RCY=4 RCY0=4 RCany=0
   RCY fails at ({4}, {1,8}, {10,11}, {5}, {9})
   RCY fails at ({4}, {1,8}, {10,11}, {5,6}, {9})
   RCY fails at ({4}, {1,8}, {10,11}, {5,7}, {9})
   RCY fails at ({4}, {1,8}, {10,11}, {6,7}, {9})
k4_certs_5_pure.json.gz#4515[m=12,idx=370]|prof=68,152,112,230,80 f=2 min-frozen=206 states=114 fails: RC=4 RCY=4 RCY0=4 RCany=0
   RCY fails at ({4}, {1,8}, {10,11}, {5}, {9})
   RCY fails at ({4}, {1,8}, {10,11}, {5,6}, {9})
   RCY fails at ({4}, {1,8}, {10,11}, {5,7}, {9})
   RCY fails at ({4}, {1,8}, {10,11}, {6,7}, {9})
k4_certs_5_pure.json.gz#4515[m=12,idx=370]|prof=40,189,109,230,80 f=2 min-frozen=184 states=92 fails: RC=4 RCY=4 RCY0=4 RCany=0
   RCY fails at ({4}, {1,8}, {10,11}, {5}, {9})
   RCY fails at ({4}, {1,8}, {10,11}, {5,6}, {9})
   RCY fails at ({4}, {1,8}, {10,11}, {5,7}, {9})
   RCY fails at ({4}, {1,8}, {10,11}, {6,7}, {9})
k4_certs_5_pure.json.gz#4515[m=12,idx=370]|prof=8,152,109,230,80 f=2 min-frozen=186 states=94 fails: RC=4 RCY=4 RCY0=4 RCany=0
   RCY fails at ({4}, {1,8}, {10,11}, {5}, {9})
   RCY fails at ({4}, {1,8}, {10,11}, {5,6}, {9})
   RCY fails at ({4}, {1,8}, {10,11}, {5,7}, {9})
   RCY fails at ({4}, {1,8}, {10,11}, {6,7}, {9})
k4_certs_5_pure.json.gz#4515[m=12,idx=370]|prof=68,152,109,230,80 f=2 min-frozen=206 states=114 fails: RC=4 RCY=4 RCY0=4 RCany=0
   RCY fails at ({4}, {1,8}, {10,11}, {5}, {9})
   RCY fails at ({4}, {1,8}, {10,11}, {5,6}, {9})
   RCY fails at ({4}, {1,8}, {10,11}, {5,7}, {9})
   RCY fails at ({4}, {1,8}, {10,11}, {6,7}, {9})
k4_certs_5_pure.json.gz#4515[m=12,idx=370]|prof=74,152,109,230,80 f=2 min-frozen=206 states=114 fails: RC=4 RCY=4 RCY0=4 RCany=0
   RCY fails at ({4}, {1,8}, {10,11}, {5}, {9})
   RCY fails at ({4}, {1,8}, {10,11}, {5,6}, {9})
   RCY fails at ({4}, {1,8}, {10,11}, {5,7}, {9})
   RCY fails at ({4}, {1,8}, {10,11}, {6,7}, {9})
k4_certs_5_pure.json.gz#4515[m=12,idx=370]|prof=68,223,109,230,80 f=2 min-frozen=184 states=92 fails: RC=4 RCY=4 RCY0=4 RCany=0
   RCY fails at ({4}, {1,8}, {10,11}, {5}, {9})
   RCY fails at ({4}, {1,8}, {10,11}, {5,6}, {9})
   RCY fails at ({4}, {1,8}, {10,11}, {5,7}, {9})
   RCY fails at ({4}, {1,8}, {10,11}, {6,7}, {9})
k4_certs_5_pure.json.gz#4515[m=12,idx=370]|prof=36,152,109,230,80 f=2 min-frozen=186 states=94 fails: RC=4 RCY=4 RCY0=4 RCany=0
   RCY fails at ({4}, {1,8}, {10,11}, {5}, {9})
   RCY fails at ({4}, {1,8}, {10,11}, {5,6}, {9})
   RCY fails at ({4}, {1,8}, {10,11}, {5,7}, {9})
   RCY fails at ({4}, {1,8}, {10,11}, {6,7}, {9})
k4_certs_5_pure.json.gz#4515[m=12,idx=370]|prof=14,152,109,230,80 f=2 min-frozen=206 states=114 fails: RC=4 RCY=4 RCY0=4 RCany=0
   RCY fails at ({4}, {1,8}, {10,11}, {5}, {9})
   RCY fails at ({4}, {1,8}, {10,11}, {5,6}, {9})
   RCY fails at ({4}, {1,8}, {10,11}, {5,7}, {9})
   RCY fails at ({4}, {1,8}, {10,11}, {6,7}, {9})
k4_certs_5_pure.json.gz#4515[m=12,idx=370]|prof=40,152,109,230,88 f=2 min-frozen=206 states=114 fails: RC=4 RCY=4 RCY0=4 RCany=0
   RCY fails at ({4}, {1,8}, {10,11}, {5}, {9})
   RCY fails at ({4}, {1,8}, {10,11}, {5,6}, {9})
   RCY fails at ({4}, {1,8}, {10,11}, {5,7}, {9})
   RCY fails at ({4}, {1,8}, {10,11}, {6,7}, {9})
k4_certs_5_pure.json.gz#4515[m=12,idx=370]|prof=9,153,112,227,88 f=2 min-frozen=143 states=74 fails: RC=4 RCY=4 RCY0=4 RCany=0
   RCY fails at ({4}, {1,8}, {10,11}, {5}, {9})
   RCY fails at ({4}, {1,8}, {10,11}, {5,6}, {9})
   RCY fails at ({4}, {1,8}, {10,11}, {5,7}, {9})
   RCY fails at ({4}, {1,8}, {10,11}, {6,7}, {9})
k4_certs_5_pure.json.gz#4515[m=12,idx=370]|prof=74,225,112,227,80 f=2 min-frozen=184 states=92 fails: RC=4 RCY=4 RCY0=4 RCany=0
   RCY fails at ({4}, {1,8}, {10,11}, {5}, {9})
   RCY fails at ({4}, {1,8}, {10,11}, {5,6}, {9})
   RCY fails at ({4}, {1,8}, {10,11}, {5,7}, {9})
   RCY fails at ({4}, {1,8}, {10,11}, {6,7}, {9})
k4_certs_5_pure.json.gz#4515[m=12,idx=370]|prof=74,153,109,227,80 f=2 min-frozen=206 states=114 fails: RC=4 RCY=4 RCY0=4 RCany=0
   RCY fails at ({4}, {1,8}, {10,11}, {5}, {9})
   RCY fails at ({4}, {1,8}, {10,11}, {5,6}, {9})
   RCY fails at ({4}, {1,8}, {10,11}, {5,7}, {9})
   RCY fails at ({4}, {1,8}, {10,11}, {6,7}, {9})
k4_certs_5_pure.json.gz#4515[m=12,idx=370]|prof=9,153,109,227,80 f=2 min-frozen=143 states=74 fails: RC=4 RCY=4 RCY0=4 RCany=0
   RCY fails at ({4}, {1,8}, {10,11}, {5}, {9})
   RCY fails at ({4}, {1,8}, {10,11}, {5,6}, {9})
   RCY fails at ({4}, {1,8}, {10,11}, {5,7}, {9})
   RCY fails at ({4}, {1,8}, {10,11}, {6,7}, {9})
k4_certs_5_pure.json.gz#4515[m=12,idx=370]|prof=74,153,112,227,88 f=2 min-frozen=206 states=114 fails: RC=4 RCY=4 RCY0=4 RCany=0
   RCY fails at ({4}, {1,8}, {10,11}, {5}, {9})
   RCY fails at ({4}, {1,8}, {10,11}, {5,6}, {9})
   RCY fails at ({4}, {1,8}, {10,11}, {5,7}, {9})
   RCY fails at ({4}, {1,8}, {10,11}, {6,7}, {9})
k4_certs_5_pure.json.gz#4515[m=12,idx=370]|prof=74,153,112,218,42 f=2 min-frozen=206 states=114 fails: RC=4 RCY=4 RCY0=4 RCany=0
   RCY fails at ({4}, {1,8}, {10,11}, {7}, {9})
   RCY fails at ({4}, {1,8}, {10,11}, {5,6}, {9})
   RCY fails at ({4}, {1,8}, {10,11}, {5,7}, {9})
   RCY fails at ({4}, {1,8}, {10,11}, {6,7}, {9})
TOTAL {'profiles': 126, 'states': 10043, 'RC': 369, 'RCY': 324, 'RCY0': 324}
nearest better states at the RCY failures, (distance, |U|, |Z|, |W|, |Y|, every helper gives up a good): count {(4, 1, 1, 0, 2, True): 8604}
# exit 0
