# command: python3 k4/dlrc_run.py inst results/k4_rc/rc_fail_hunt_ranked_pure_inst.json --dump=results/k4_rc/dump_rc_fail_hunt_ranked_pure.jsonl.gz --tables=results/k4_rc/tables_rc_fail_hunt_ranked_pure.json
# dlrc.c sha256 f1cf4cc169a347625e5a84bd9c7a8c218f791de6e2a7ce466f59ce357000b1f7
# inst results/k4_rc/rc_fail_hunt_ranked_pure_inst.json: 45 instances, 1 units to run, 0 from the checkpoint
#   DL_RC FAILS: {'chunk': 0} block 0: 1 states
#   DL_RC FAILS: {'chunk': 0} block 1: 1 states
#   DL_RC FAILS: {'chunk': 0} block 2: 1 states
#   DL_RC FAILS: {'chunk': 0} block 3: 1 states
#   DL_RC FAILS: {'chunk': 0} block 4: 1 states
#   DL_RC FAILS: {'chunk': 0} block 5: 1 states
#   DL_RC FAILS: {'chunk': 0} block 6: 1 states
#   DL_RC FAILS: {'chunk': 0} block 7: 1 states
#   DL_RC FAILS: {'chunk': 0} block 8: 1 states
#   DL_RC FAILS: {'chunk': 0} block 9: 1 states
#   DL_RC FAILS: {'chunk': 0} block 10: 1 states
#   DL_RC FAILS: {'chunk': 0} block 11: 1 states
#   DL_RC FAILS: {'chunk': 0} block 12: 1 states
#   DL_RC FAILS: {'chunk': 0} block 13: 1 states
#   DL_RC FAILS: {'chunk': 0} block 14: 1 states
#   DL_RC FAILS: {'chunk': 0} block 15: 1 states
#   DL_RC FAILS: {'chunk': 0} block 16: 1 states
#   DL_RC FAILS: {'chunk': 0} block 17: 1 states
#   DL_RC FAILS: {'chunk': 0} block 18: 1 states
#   DL_RC FAILS: {'chunk': 0} block 19: 1 states
#   DL_RC FAILS: {'chunk': 0} block 20: 1 states
#   DL_RC FAILS: {'chunk': 0} block 21: 1 states
#   DL_RC FAILS: {'chunk': 0} block 22: 1 states
#   DL_RC FAILS: {'chunk': 0} block 23: 1 states
#   DL_RC FAILS: {'chunk': 0} block 24: 1 states
#   DL_RC FAILS: {'chunk': 0} block 25: 1 states
#   DL_RC FAILS: {'chunk': 0} block 26: 1 states
#   DL_RC FAILS: {'chunk': 0} block 27: 1 states
#   DL_RC FAILS: {'chunk': 0} block 28: 1 states
#   DL_RC FAILS: {'chunk': 0} block 29: 1 states
#   DL_RC FAILS: {'chunk': 0} block 30: 1 states
#   DL_RC FAILS: {'chunk': 0} block 31: 1 states
#   DL_RC FAILS: {'chunk': 0} block 32: 1 states
#   DL_RC FAILS: {'chunk': 0} block 33: 1 states
#   DL_RC FAILS: {'chunk': 0} block 34: 1 states
#   DL_RC FAILS: {'chunk': 0} block 35: 1 states
#   DL_RC FAILS: {'chunk': 0} block 36: 1 states
#   DL_RC FAILS: {'chunk': 0} block 37: 1 states
#   DL_RC FAILS: {'chunk': 0} block 38: 1 states
#   DL_RC FAILS: {'chunk': 0} block 39: 1 states
#   DL_RC FAILS: {'chunk': 0} block 40: 1 states
#   DL_RC FAILS: {'chunk': 0} block 41: 1 states
#   DL_RC FAILS: {'chunk': 0} block 42: 1 states
#   DL_RC FAILS: {'chunk': 0} block 43: 1 states
#   DL_RC FAILS: {'chunk': 0} block 44: 1 states
inst results/k4_rc/rc_fail_hunt_ranked_pure_inst.json: profiles 45, omega >= 1: 45; k* = 0: 0, 1: 0, 2: 0, 3: 45, >= 4: 0, inf: 0; P with def > 0: 2025, at distance 1: 630, 2: 1215, 3: 180, >= 4: 0, inf: 0; Pareto-maximal: 0; largest least deficit -1
  DL_RT4: states (def > 0) with f = 0: 0 (RT4 fails at 0), with f >= 1: 2025; DL_RT4 FAILS at 45 of the f >= 1 states; with an improving move T1 630, T2 630, T3p 1665, T3h 1980, T4 0; only T1 0, only T2 0, only T3 1350, only T4 0; R_T fails at 45, R_13 at 45, R_13 + T4 at 45; smallest RT4 move size 1 / 2 / 3 / >= 4 / none: 630 / 1215 / 135 / 0 / 45; anomalies 0 + 0 [0 s]
  DL_RC: f >= 1 states 2025; DL_RC FAILS at 45; DL_RT4 fails at 45, of which 0 are chain states (only T3c moves improve; 0 with f >= 3; by least |W| 1 / 2 / >= 3: 0 / 0 / 0); with an improving T3c move 0, weak T3+ 1980 (the only repair at 0); least improving |W| 0 / 1 / 2 / >= 3: 1980 / 0 / 0 / 0; key graph: keys with def* > 0: 45, the key form FAILS at 0 keys (0 states; weak edges: 0 states); DL_RC without the key form 0; T3+/T3 inconsistencies 0
table B: f >= 1 states by f | signature | branch : count
  B 1|G,D2|T3p+T3h : 810
  B 1|fO,G,D2|T3p+T3h : 405
  B 1|fO,G,D2|T1+T2+T3p+T3h : 315
  B 1|G,D2|T1+T2+T3p+T3h : 135
  B 1|G,D2|T3h : 135
  B 1|fO,L|T1+T2+T3h : 90
  B 1|fO|T1+T2+T3h : 90
  B 1|G,D2|none : 45
table G: f >= 1 states by f | nearest distance k | branch : count
  G 1|2|T3p+T3h : 1215
  G 1|1|T1+T2+T3p+T3h : 450
  G 1|1|T1+T2+T3h : 180
  G 1|3|T3h : 135
  G 1|3|none : 45
table M: f >= 1 states by f | branch | smallest RT4 move size : count
  M 1|T3p+T3h|2 : 1215
  M 1|T1+T2+T3p+T3h|1 : 450
  M 1|T1+T2+T3h|1 : 180
  M 1|T3h|3 : 135
  M 1|none|-1 : 45
table Z: f >= 1 states by f | branch available | its smallest move size : count
  Z 1|T3h|3 : 1980
  Z 1|T3p|2 : 1665
  Z 1|T1|1 : 630
  Z 1|T2|2 : 630
table C: f >= 1 states with T4 by f | smallest T4 size | cycle types at that size : count
table Y: f >= 1 states by f | branch | move type available : count
  Y 1|T3p+T3h|T3:xJ.h- : 1215
  Y 1|T3p+T3h|T3:xJ.hJ : 1215
  Y 1|T3p+T3h|T3:xH.hZ : 810
  Y 1|T3p+T3h|T3:xJ.hZ : 810
  Y 1|T3p+T3h|T3:xJ.hR : 675
  Y 1|T1+T2+T3p+T3h|T1:pool : 450
  Y 1|T1+T2+T3p+T3h|T2:k2 : 450
  Y 1|T1+T2+T3p+T3h|T2:k3 : 450
  Y 1|T1+T2+T3p+T3h|T3:xJ.h- : 450
  Y 1|T1+T2+T3p+T3h|T3:xJ.hJ : 450
  Y 1|T1+T2+T3h|T2:k2 : 180
  Y 1|T1+T2+T3h|T2:k3 : 180
  Y 1|T1+T2+T3h|T3:xH.hJ : 180
  Y 1|T1+T2+T3p+T3h|T1:rel : 180
  Y 1|T1+T2+T3p+T3h|T3:xJ.hR : 180
  Y 1|T3h|T3:xH.hJ : 135
  Y 1|T3h|T3:xJ.hJ : 135
  Y 1|T3p+T3h|T3:xH.hJ : 135
  Y 1|T3p+T3h|T3:xH.hR : 135
  Y 1|T1+T2+T3h|T1:grow : 90
  Y 1|T1+T2+T3h|T1:pool : 90
  Y 1|T1+T2+T3h|T1:rel : 90
  Y 1|T1+T2+T3h|T3:xJ.hJ : 90
  Y 1|T1+T2+T3h|T3:xJ.hR : 90
table W: f >= 1 states by f | R_C branch | least improving |W| (-1: no T3+ move) : count
  W 1|T3p+T3h|0 : 1215
  W 1|T1+T2+T3p+T3h|0 : 450
  W 1|T1+T2+T3h|0 : 180
  W 1|T3h|0 : 135
  W 1|none|-1 : 45
