# command: python3 k4/dlrc_run.py inst results/k4_rc/rc_fail_4515_all_inst.json --dump=results/k4_rc/dump_rc_fail_4515_all.jsonl.gz --tables=results/k4_rc/tables_rc_fail_4515_all.json
# dlrc.c sha256 f1cf4cc169a347625e5a84bd9c7a8c218f791de6e2a7ce466f59ce357000b1f7
# inst results/k4_rc/rc_fail_4515_all_inst.json: 1076 instances, 1 units to run, 0 from the checkpoint
#   DL_RC FAILS: {'chunk': 0} block 0: 4 states
#   DL_RC FAILS: {'chunk': 0} block 1: 4 states
#   DL_RC FAILS: {'chunk': 0} block 2: 4 states
#   DL_RC FAILS: {'chunk': 0} block 3: 4 states
#   DL_RC FAILS: {'chunk': 0} block 4: 4 states
#   DL_RC FAILS: {'chunk': 0} block 5: 4 states
#   DL_RC FAILS: {'chunk': 0} block 6: 4 states
#   DL_RC FAILS: {'chunk': 0} block 7: 4 states
#   DL_RC FAILS: {'chunk': 0} block 8: 4 states
#   DL_RC FAILS: {'chunk': 0} block 9: 4 states
#   DL_RC FAILS: {'chunk': 0} block 10: 4 states
#   DL_RC FAILS: {'chunk': 0} block 11: 4 states
#   DL_RC FAILS: {'chunk': 0} block 12: 4 states
#   DL_RC FAILS: {'chunk': 0} block 13: 4 states
#   DL_RC FAILS: {'chunk': 0} block 14: 4 states
#   DL_RC FAILS: {'chunk': 0} block 15: 4 states
#   DL_RC FAILS: {'chunk': 0} block 16: 4 states
#   DL_RC FAILS: {'chunk': 0} block 17: 4 states
#   DL_RC FAILS: {'chunk': 0} block 18: 4 states
#   DL_RC FAILS: {'chunk': 0} block 19: 4 states
#   DL_RC FAILS: {'chunk': 0} block 20: 4 states
#   DL_RC FAILS: {'chunk': 0} block 21: 4 states
#   DL_RC FAILS: {'chunk': 0} block 22: 4 states
#   DL_RC FAILS: {'chunk': 0} block 23: 4 states
#   DL_RC FAILS: {'chunk': 0} block 24: 4 states
#   DL_RC FAILS: {'chunk': 0} block 25: 4 states
#   DL_RC FAILS: {'chunk': 0} block 26: 4 states
#   DL_RC FAILS: {'chunk': 0} block 27: 4 states
#   DL_RC FAILS: {'chunk': 0} block 28: 4 states
#   DL_RC FAILS: {'chunk': 0} block 29: 4 states
#   DL_RC FAILS: {'chunk': 0} block 30: 4 states
#   DL_RC FAILS: {'chunk': 0} block 31: 4 states
#   DL_RC FAILS: {'chunk': 0} block 32: 4 states
#   DL_RC FAILS: {'chunk': 0} block 33: 4 states
#   DL_RC FAILS: {'chunk': 0} block 34: 4 states
#   DL_RC FAILS: {'chunk': 0} block 35: 4 states
#   DL_RC FAILS: {'chunk': 0} block 36: 4 states
#   DL_RC FAILS: {'chunk': 0} block 37: 4 states
#   DL_RC FAILS: {'chunk': 0} block 38: 4 states
#   DL_RC FAILS: {'chunk': 0} block 39: 4 states
#   DL_RC FAILS: {'chunk': 0} block 40: 4 states
#   DL_RC FAILS: {'chunk': 0} block 41: 4 states
#   DL_RC FAILS: {'chunk': 0} block 42: 4 states
#   DL_RC FAILS: {'chunk': 0} block 43: 4 states
#   DL_RC FAILS: {'chunk': 0} block 44: 4 states
#   DL_RC FAILS: {'chunk': 0} block 45: 4 states
#   DL_RC FAILS: {'chunk': 0} block 46: 4 states
#   DL_RC FAILS: {'chunk': 0} block 47: 4 states
#   DL_RC FAILS: {'chunk': 0} block 48: 4 states
#   DL_RC FAILS: {'chunk': 0} block 49: 4 states
#   DL_RC FAILS: {'chunk': 0} block 50: 4 states
#   DL_RC FAILS: {'chunk': 0} block 51: 4 states
#   DL_RC FAILS: {'chunk': 0} block 52: 4 states
#   DL_RC FAILS: {'chunk': 0} block 53: 4 states
#   DL_RC FAILS: {'chunk': 0} block 54: 4 states
#   DL_RC FAILS: {'chunk': 0} block 55: 4 states
#   DL_RC FAILS: {'chunk': 0} block 56: 4 states
#   DL_RC FAILS: {'chunk': 0} block 57: 4 states
#   DL_RC FAILS: {'chunk': 0} block 58: 4 states
#   DL_RC FAILS: {'chunk': 0} block 59: 4 states
#   DL_RC FAILS: {'chunk': 0} block 60: 4 states
#   DL_RC FAILS: {'chunk': 0} block 61: 4 states
#   DL_RC FAILS: {'chunk': 0} block 62: 4 states
#   DL_RC FAILS: {'chunk': 0} block 63: 4 states
#   DL_RC FAILS: {'chunk': 0} block 64: 4 states
#   DL_RC FAILS: {'chunk': 0} block 65: 4 states
#   DL_RC FAILS: {'chunk': 0} block 66: 4 states
#   DL_RC FAILS: {'chunk': 0} block 67: 4 states
#   DL_RC FAILS: {'chunk': 0} block 68: 4 states
#   DL_RC FAILS: {'chunk': 0} block 69: 4 states
#   DL_RC FAILS: {'chunk': 0} block 70: 4 states
#   DL_RC FAILS: {'chunk': 0} block 71: 4 states
#   DL_RC FAILS: {'chunk': 0} block 72: 4 states
#   DL_RC FAILS: {'chunk': 0} block 73: 4 states
#   DL_RC FAILS: {'chunk': 0} block 74: 4 states
#   DL_RC FAILS: {'chunk': 0} block 75: 4 states
#   DL_RC FAILS: {'chunk': 0} block 76: 4 states
#   DL_RC FAILS: {'chunk': 0} block 77: 4 states
#   DL_RC FAILS: {'chunk': 0} block 78: 4 states
#   DL_RC FAILS: {'chunk': 0} block 79: 4 states
#   DL_RC FAILS: {'chunk': 0} block 80: 4 states
#   DL_RC FAILS: {'chunk': 0} block 81: 4 states
#   DL_RC FAILS: {'chunk': 0} block 82: 4 states
#   DL_RC FAILS: {'chunk': 0} block 83: 4 states
#   DL_RC FAILS: {'chunk': 0} block 84: 4 states
#   DL_RC FAILS: {'chunk': 0} block 85: 4 states
#   DL_RC FAILS: {'chunk': 0} block 86: 4 states
#   DL_RC FAILS: {'chunk': 0} block 87: 4 states
#   DL_RC FAILS: {'chunk': 0} block 88: 4 states
#   DL_RC FAILS: {'chunk': 0} block 89: 4 states
#   DL_RC FAILS: {'chunk': 0} block 90: 4 states
#   DL_RC FAILS: {'chunk': 0} block 91: 4 states
#   DL_RC FAILS: {'chunk': 0} block 92: 4 states
#   DL_RC FAILS: {'chunk': 0} block 93: 4 states
#   DL_RC FAILS: {'chunk': 0} block 94: 4 states
#   DL_RC FAILS: {'chunk': 0} block 95: 4 states
#   DL_RC FAILS: {'chunk': 0} block 96: 4 states
#   DL_RC FAILS: {'chunk': 0} block 97: 4 states
#   DL_RC FAILS: {'chunk': 0} block 98: 4 states
#   DL_RC FAILS: {'chunk': 0} block 99: 4 states
#   DL_RC FAILS: {'chunk': 0} block 100: 4 states
#   DL_RC FAILS: {'chunk': 0} block 101: 4 states
#   DL_RC FAILS: {'chunk': 0} block 102: 4 states
#   DL_RC FAILS: {'chunk': 0} block 103: 4 states
#   DL_RC FAILS: {'chunk': 0} block 104: 4 states
#   DL_RC FAILS: {'chunk': 0} block 105: 4 states
#   DL_RC FAILS: {'chunk': 0} block 106: 4 states
#   DL_RC FAILS: {'chunk': 0} block 107: 4 states
#   DL_RC FAILS: {'chunk': 0} block 108: 4 states
#   DL_RC FAILS: {'chunk': 0} block 109: 4 states
#   DL_RC FAILS: {'chunk': 0} block 110: 4 states
#   DL_RC FAILS: {'chunk': 0} block 111: 4 states
#   DL_RC FAILS: {'chunk': 0} block 112: 4 states
#   DL_RC FAILS: {'chunk': 0} block 113: 4 states
#   DL_RC FAILS: {'chunk': 0} block 114: 4 states
#   DL_RC FAILS: {'chunk': 0} block 115: 4 states
#   DL_RC FAILS: {'chunk': 0} block 116: 4 states
#   DL_RC FAILS: {'chunk': 0} block 117: 4 states
#   DL_RC FAILS: {'chunk': 0} block 118: 4 states
#   DL_RC FAILS: {'chunk': 0} block 119: 4 states
#   DL_RC FAILS: {'chunk': 0} block 120: 4 states
#   DL_RC FAILS: {'chunk': 0} block 121: 4 states
#   DL_RC FAILS: {'chunk': 0} block 122: 4 states
#   DL_RC FAILS: {'chunk': 0} block 123: 4 states
#   DL_RC FAILS: {'chunk': 0} block 124: 4 states
#   DL_RC FAILS: {'chunk': 0} block 125: 4 states
#   DL_RC FAILS: {'chunk': 0} block 126: 4 states
#   DL_RC FAILS: {'chunk': 0} block 127: 4 states
#   DL_RC FAILS: {'chunk': 0} block 128: 4 states
#   DL_RC FAILS: {'chunk': 0} block 129: 4 states
#   DL_RC FAILS: {'chunk': 0} block 130: 4 states
#   DL_RC FAILS: {'chunk': 0} block 131: 4 states
#   DL_RC FAILS: {'chunk': 0} block 132: 4 states
#   DL_RC FAILS: {'chunk': 0} block 133: 4 states
#   DL_RC FAILS: {'chunk': 0} block 134: 4 states
#   DL_RC FAILS: {'chunk': 0} block 135: 4 states
#   DL_RC FAILS: {'chunk': 0} block 136: 4 states
#   DL_RC FAILS: {'chunk': 0} block 137: 4 states
#   DL_RC FAILS: {'chunk': 0} block 138: 4 states
#   DL_RC FAILS: {'chunk': 0} block 139: 4 states
#   DL_RC FAILS: {'chunk': 0} block 140: 4 states
#   DL_RC FAILS: {'chunk': 0} block 141: 4 states
#   DL_RC FAILS: {'chunk': 0} block 142: 4 states
#   DL_RC FAILS: {'chunk': 0} block 143: 4 states
#   DL_RC FAILS: {'chunk': 0} block 144: 4 states
#   DL_RC FAILS: {'chunk': 0} block 145: 4 states
#   DL_RC FAILS: {'chunk': 0} block 146: 4 states
#   DL_RC FAILS: {'chunk': 0} block 147: 4 states
#   DL_RC FAILS: {'chunk': 0} block 148: 4 states
#   DL_RC FAILS: {'chunk': 0} block 149: 4 states
#   DL_RC FAILS: {'chunk': 0} block 150: 4 states
#   DL_RC FAILS: {'chunk': 0} block 151: 4 states
#   DL_RC FAILS: {'chunk': 0} block 152: 4 states
#   DL_RC FAILS: {'chunk': 0} block 153: 4 states
#   DL_RC FAILS: {'chunk': 0} block 154: 4 states
#   DL_RC FAILS: {'chunk': 0} block 155: 4 states
#   DL_RC FAILS: {'chunk': 0} block 156: 4 states
#   DL_RC FAILS: {'chunk': 0} block 157: 4 states
#   DL_RC FAILS: {'chunk': 0} block 158: 4 states
#   DL_RC FAILS: {'chunk': 0} block 159: 4 states
#   DL_RC FAILS: {'chunk': 0} block 160: 4 states
#   DL_RC FAILS: {'chunk': 0} block 161: 4 states
#   DL_RC FAILS: {'chunk': 0} block 162: 4 states
#   DL_RC FAILS: {'chunk': 0} block 163: 4 states
#   DL_RC FAILS: {'chunk': 0} block 164: 4 states
#   DL_RC FAILS: {'chunk': 0} block 165: 4 states
#   DL_RC FAILS: {'chunk': 0} block 166: 4 states
#   DL_RC FAILS: {'chunk': 0} block 167: 4 states
#   DL_RC FAILS: {'chunk': 0} block 168: 4 states
#   DL_RC FAILS: {'chunk': 0} block 169: 4 states
#   DL_RC FAILS: {'chunk': 0} block 170: 4 states
#   DL_RC FAILS: {'chunk': 0} block 171: 4 states
#   DL_RC FAILS: {'chunk': 0} block 172: 4 states
#   DL_RC FAILS: {'chunk': 0} block 173: 4 states
#   DL_RC FAILS: {'chunk': 0} block 174: 4 states
#   DL_RC FAILS: {'chunk': 0} block 175: 4 states
#   DL_RC FAILS: {'chunk': 0} block 176: 4 states
#   DL_RC FAILS: {'chunk': 0} block 177: 4 states
#   DL_RC FAILS: {'chunk': 0} block 178: 4 states
#   DL_RC FAILS: {'chunk': 0} block 179: 4 states
#   DL_RC FAILS: {'chunk': 0} block 180: 4 states
#   DL_RC FAILS: {'chunk': 0} block 181: 4 states
#   DL_RC FAILS: {'chunk': 0} block 182: 4 states
#   DL_RC FAILS: {'chunk': 0} block 183: 4 states
#   DL_RC FAILS: {'chunk': 0} block 184: 4 states
#   DL_RC FAILS: {'chunk': 0} block 185: 4 states
#   DL_RC FAILS: {'chunk': 0} block 186: 4 states
#   DL_RC FAILS: {'chunk': 0} block 187: 4 states
#   DL_RC FAILS: {'chunk': 0} block 188: 4 states
#   DL_RC FAILS: {'chunk': 0} block 189: 4 states
#   DL_RC FAILS: {'chunk': 0} block 190: 4 states
#   DL_RC FAILS: {'chunk': 0} block 191: 4 states
#   DL_RC FAILS: {'chunk': 0} block 192: 4 states
#   DL_RC FAILS: {'chunk': 0} block 193: 4 states
#   DL_RC FAILS: {'chunk': 0} block 194: 4 states
#   DL_RC FAILS: {'chunk': 0} block 195: 4 states
#   DL_RC FAILS: {'chunk': 0} block 196: 4 states
#   DL_RC FAILS: {'chunk': 0} block 197: 4 states
#   DL_RC FAILS: {'chunk': 0} block 198: 4 states
#   DL_RC FAILS: {'chunk': 0} block 199: 4 states
#   DL_RC FAILS: {'chunk': 0} block 200: 4 states
#   DL_RC FAILS: {'chunk': 0} block 201: 4 states
#   DL_RC FAILS: {'chunk': 0} block 202: 4 states
#   DL_RC FAILS: {'chunk': 0} block 203: 4 states
#   DL_RC FAILS: {'chunk': 0} block 204: 4 states
#   DL_RC FAILS: {'chunk': 0} block 205: 4 states
#   DL_RC FAILS: {'chunk': 0} block 206: 4 states
#   DL_RC FAILS: {'chunk': 0} block 207: 4 states
#   DL_RC FAILS: {'chunk': 0} block 208: 4 states
#   DL_RC FAILS: {'chunk': 0} block 209: 4 states
#   DL_RC FAILS: {'chunk': 0} block 210: 4 states
#   DL_RC FAILS: {'chunk': 0} block 211: 4 states
#   DL_RC FAILS: {'chunk': 0} block 212: 4 states
#   DL_RC FAILS: {'chunk': 0} block 213: 4 states
#   DL_RC FAILS: {'chunk': 0} block 214: 4 states
#   DL_RC FAILS: {'chunk': 0} block 215: 4 states
#   DL_RC FAILS: {'chunk': 0} block 216: 4 states
#   DL_RC FAILS: {'chunk': 0} block 217: 4 states
#   DL_RC FAILS: {'chunk': 0} block 218: 4 states
#   DL_RC FAILS: {'chunk': 0} block 219: 4 states
#   DL_RC FAILS: {'chunk': 0} block 220: 4 states
#   DL_RC FAILS: {'chunk': 0} block 221: 4 states
#   DL_RC FAILS: {'chunk': 0} block 222: 4 states
#   DL_RC FAILS: {'chunk': 0} block 223: 4 states
#   DL_RC FAILS: {'chunk': 0} block 224: 4 states
#   DL_RC FAILS: {'chunk': 0} block 225: 4 states
#   DL_RC FAILS: {'chunk': 0} block 226: 4 states
#   DL_RC FAILS: {'chunk': 0} block 227: 4 states
#   DL_RC FAILS: {'chunk': 0} block 228: 4 states
#   DL_RC FAILS: {'chunk': 0} block 229: 4 states
#   DL_RC FAILS: {'chunk': 0} block 230: 4 states
#   DL_RC FAILS: {'chunk': 0} block 231: 4 states
#   DL_RC FAILS: {'chunk': 0} block 232: 4 states
#   DL_RC FAILS: {'chunk': 0} block 233: 4 states
#   DL_RC FAILS: {'chunk': 0} block 234: 4 states
#   DL_RC FAILS: {'chunk': 0} block 235: 4 states
#   DL_RC FAILS: {'chunk': 0} block 236: 4 states
#   DL_RC FAILS: {'chunk': 0} block 237: 4 states
#   DL_RC FAILS: {'chunk': 0} block 238: 4 states
#   DL_RC FAILS: {'chunk': 0} block 239: 4 states
#   DL_RC FAILS: {'chunk': 0} block 240: 4 states
#   DL_RC FAILS: {'chunk': 0} block 241: 4 states
#   DL_RC FAILS: {'chunk': 0} block 242: 4 states
#   DL_RC FAILS: {'chunk': 0} block 243: 4 states
#   DL_RC FAILS: {'chunk': 0} block 244: 4 states
#   DL_RC FAILS: {'chunk': 0} block 245: 4 states
#   DL_RC FAILS: {'chunk': 0} block 246: 4 states
#   DL_RC FAILS: {'chunk': 0} block 247: 4 states
#   DL_RC FAILS: {'chunk': 0} block 248: 4 states
#   DL_RC FAILS: {'chunk': 0} block 249: 4 states
#   DL_RC FAILS: {'chunk': 0} block 250: 4 states
#   DL_RC FAILS: {'chunk': 0} block 251: 4 states
#   DL_RC FAILS: {'chunk': 0} block 252: 4 states
#   DL_RC FAILS: {'chunk': 0} block 253: 4 states
#   DL_RC FAILS: {'chunk': 0} block 254: 4 states
#   DL_RC FAILS: {'chunk': 0} block 255: 4 states
#   DL_RC FAILS: {'chunk': 0} block 256: 4 states
#   DL_RC FAILS: {'chunk': 0} block 257: 4 states
#   DL_RC FAILS: {'chunk': 0} block 258: 4 states
#   DL_RC FAILS: {'chunk': 0} block 259: 4 states
#   DL_RC FAILS: {'chunk': 0} block 260: 4 states
#   DL_RC FAILS: {'chunk': 0} block 261: 4 states
#   DL_RC FAILS: {'chunk': 0} block 262: 4 states
#   DL_RC FAILS: {'chunk': 0} block 263: 4 states
#   DL_RC FAILS: {'chunk': 0} block 264: 4 states
#   DL_RC FAILS: {'chunk': 0} block 265: 4 states
#   DL_RC FAILS: {'chunk': 0} block 266: 4 states
#   DL_RC FAILS: {'chunk': 0} block 267: 4 states
#   DL_RC FAILS: {'chunk': 0} block 268: 4 states
#   DL_RC FAILS: {'chunk': 0} block 269: 4 states
#   DL_RC FAILS: {'chunk': 0} block 270: 4 states
#   DL_RC FAILS: {'chunk': 0} block 271: 4 states
#   DL_RC FAILS: {'chunk': 0} block 272: 4 states
#   DL_RC FAILS: {'chunk': 0} block 273: 4 states
#   DL_RC FAILS: {'chunk': 0} block 274: 4 states
#   DL_RC FAILS: {'chunk': 0} block 275: 4 states
#   DL_RC FAILS: {'chunk': 0} block 276: 4 states
#   DL_RC FAILS: {'chunk': 0} block 277: 4 states
#   DL_RC FAILS: {'chunk': 0} block 278: 4 states
#   DL_RC FAILS: {'chunk': 0} block 279: 4 states
#   DL_RC FAILS: {'chunk': 0} block 280: 4 states
#   DL_RC FAILS: {'chunk': 0} block 281: 4 states
#   DL_RC FAILS: {'chunk': 0} block 282: 4 states
#   DL_RC FAILS: {'chunk': 0} block 283: 4 states
#   DL_RC FAILS: {'chunk': 0} block 284: 4 states
#   DL_RC FAILS: {'chunk': 0} block 285: 4 states
#   DL_RC FAILS: {'chunk': 0} block 286: 4 states
#   DL_RC FAILS: {'chunk': 0} block 287: 4 states
#   DL_RC FAILS: {'chunk': 0} block 288: 4 states
#   DL_RC FAILS: {'chunk': 0} block 289: 4 states
#   DL_RC FAILS: {'chunk': 0} block 290: 4 states
#   DL_RC FAILS: {'chunk': 0} block 291: 4 states
#   DL_RC FAILS: {'chunk': 0} block 292: 4 states
#   DL_RC FAILS: {'chunk': 0} block 293: 4 states
#   DL_RC FAILS: {'chunk': 0} block 294: 4 states
#   DL_RC FAILS: {'chunk': 0} block 295: 4 states
#   DL_RC FAILS: {'chunk': 0} block 296: 4 states
#   DL_RC FAILS: {'chunk': 0} block 297: 4 states
#   DL_RC FAILS: {'chunk': 0} block 298: 4 states
#   DL_RC FAILS: {'chunk': 0} block 299: 4 states
#   DL_RC FAILS: {'chunk': 0} block 300: 4 states
#   DL_RC FAILS: {'chunk': 0} block 301: 4 states
#   DL_RC FAILS: {'chunk': 0} block 302: 4 states
#   DL_RC FAILS: {'chunk': 0} block 303: 4 states
#   DL_RC FAILS: {'chunk': 0} block 304: 4 states
#   DL_RC FAILS: {'chunk': 0} block 305: 4 states
#   DL_RC FAILS: {'chunk': 0} block 306: 4 states
#   DL_RC FAILS: {'chunk': 0} block 307: 4 states
#   DL_RC FAILS: {'chunk': 0} block 308: 4 states
#   DL_RC FAILS: {'chunk': 0} block 309: 4 states
#   DL_RC FAILS: {'chunk': 0} block 310: 4 states
#   DL_RC FAILS: {'chunk': 0} block 311: 4 states
#   DL_RC FAILS: {'chunk': 0} block 312: 4 states
#   DL_RC FAILS: {'chunk': 0} block 313: 4 states
#   DL_RC FAILS: {'chunk': 0} block 314: 4 states
#   DL_RC FAILS: {'chunk': 0} block 315: 4 states
#   DL_RC FAILS: {'chunk': 0} block 316: 4 states
#   DL_RC FAILS: {'chunk': 0} block 317: 4 states
#   DL_RC FAILS: {'chunk': 0} block 318: 4 states
#   DL_RC FAILS: {'chunk': 0} block 319: 4 states
#   DL_RC FAILS: {'chunk': 0} block 320: 4 states
#   DL_RC FAILS: {'chunk': 0} block 321: 4 states
#   DL_RC FAILS: {'chunk': 0} block 322: 4 states
#   DL_RC FAILS: {'chunk': 0} block 323: 4 states
#   DL_RC FAILS: {'chunk': 0} block 324: 4 states
#   DL_RC FAILS: {'chunk': 0} block 325: 4 states
#   DL_RC FAILS: {'chunk': 0} block 326: 4 states
#   DL_RC FAILS: {'chunk': 0} block 327: 4 states
#   DL_RC FAILS: {'chunk': 0} block 328: 4 states
#   DL_RC FAILS: {'chunk': 0} block 329: 4 states
#   DL_RC FAILS: {'chunk': 0} block 330: 4 states
#   DL_RC FAILS: {'chunk': 0} block 331: 4 states
#   DL_RC FAILS: {'chunk': 0} block 332: 4 states
#   DL_RC FAILS: {'chunk': 0} block 333: 4 states
#   DL_RC FAILS: {'chunk': 0} block 334: 4 states
#   DL_RC FAILS: {'chunk': 0} block 335: 4 states
#   DL_RC FAILS: {'chunk': 0} block 336: 4 states
#   DL_RC FAILS: {'chunk': 0} block 337: 4 states
#   DL_RC FAILS: {'chunk': 0} block 338: 4 states
#   DL_RC FAILS: {'chunk': 0} block 339: 4 states
#   DL_RC FAILS: {'chunk': 0} block 340: 4 states
#   DL_RC FAILS: {'chunk': 0} block 341: 4 states
#   DL_RC FAILS: {'chunk': 0} block 342: 4 states
#   DL_RC FAILS: {'chunk': 0} block 343: 4 states
#   DL_RC FAILS: {'chunk': 0} block 344: 4 states
#   DL_RC FAILS: {'chunk': 0} block 345: 4 states
#   DL_RC FAILS: {'chunk': 0} block 346: 4 states
#   DL_RC FAILS: {'chunk': 0} block 347: 4 states
#   DL_RC FAILS: {'chunk': 0} block 348: 4 states
#   DL_RC FAILS: {'chunk': 0} block 349: 4 states
#   DL_RC FAILS: {'chunk': 0} block 350: 4 states
#   DL_RC FAILS: {'chunk': 0} block 351: 4 states
#   DL_RC FAILS: {'chunk': 0} block 352: 4 states
#   DL_RC FAILS: {'chunk': 0} block 353: 4 states
#   DL_RC FAILS: {'chunk': 0} block 354: 4 states
#   DL_RC FAILS: {'chunk': 0} block 355: 4 states
#   DL_RC FAILS: {'chunk': 0} block 356: 4 states
#   DL_RC FAILS: {'chunk': 0} block 357: 4 states
#   DL_RC FAILS: {'chunk': 0} block 358: 4 states
#   DL_RC FAILS: {'chunk': 0} block 359: 4 states
#   DL_RC FAILS: {'chunk': 0} block 360: 4 states
#   DL_RC FAILS: {'chunk': 0} block 361: 4 states
#   DL_RC FAILS: {'chunk': 0} block 362: 4 states
#   DL_RC FAILS: {'chunk': 0} block 363: 4 states
#   DL_RC FAILS: {'chunk': 0} block 364: 4 states
#   DL_RC FAILS: {'chunk': 0} block 365: 4 states
#   DL_RC FAILS: {'chunk': 0} block 366: 4 states
#   DL_RC FAILS: {'chunk': 0} block 367: 4 states
#   DL_RC FAILS: {'chunk': 0} block 368: 4 states
#   DL_RC FAILS: {'chunk': 0} block 369: 4 states
#   DL_RC FAILS: {'chunk': 0} block 370: 4 states
#   DL_RC FAILS: {'chunk': 0} block 371: 4 states
#   DL_RC FAILS: {'chunk': 0} block 372: 4 states
#   DL_RC FAILS: {'chunk': 0} block 373: 4 states
#   DL_RC FAILS: {'chunk': 0} block 374: 4 states
#   DL_RC FAILS: {'chunk': 0} block 375: 4 states
#   DL_RC FAILS: {'chunk': 0} block 376: 4 states
#   DL_RC FAILS: {'chunk': 0} block 377: 4 states
#   DL_RC FAILS: {'chunk': 0} block 378: 4 states
#   DL_RC FAILS: {'chunk': 0} block 379: 4 states
#   DL_RC FAILS: {'chunk': 0} block 380: 4 states
#   DL_RC FAILS: {'chunk': 0} block 381: 4 states
#   DL_RC FAILS: {'chunk': 0} block 382: 4 states
#   DL_RC FAILS: {'chunk': 0} block 383: 4 states
#   DL_RC FAILS: {'chunk': 0} block 384: 4 states
#   DL_RC FAILS: {'chunk': 0} block 385: 4 states
#   DL_RC FAILS: {'chunk': 0} block 386: 4 states
#   DL_RC FAILS: {'chunk': 0} block 387: 4 states
#   DL_RC FAILS: {'chunk': 0} block 388: 4 states
#   DL_RC FAILS: {'chunk': 0} block 389: 4 states
#   DL_RC FAILS: {'chunk': 0} block 390: 4 states
#   DL_RC FAILS: {'chunk': 0} block 391: 4 states
#   DL_RC FAILS: {'chunk': 0} block 392: 4 states
#   DL_RC FAILS: {'chunk': 0} block 393: 4 states
#   DL_RC FAILS: {'chunk': 0} block 394: 4 states
#   DL_RC FAILS: {'chunk': 0} block 395: 4 states
#   DL_RC FAILS: {'chunk': 0} block 396: 4 states
#   DL_RC FAILS: {'chunk': 0} block 397: 4 states
#   DL_RC FAILS: {'chunk': 0} block 398: 4 states
#   DL_RC FAILS: {'chunk': 0} block 399: 4 states
#   DL_RC FAILS: {'chunk': 0} block 400: 4 states
#   DL_RC FAILS: {'chunk': 0} block 401: 4 states
#   DL_RC FAILS: {'chunk': 0} block 402: 4 states
#   DL_RC FAILS: {'chunk': 0} block 403: 4 states
#   DL_RC FAILS: {'chunk': 0} block 404: 4 states
#   DL_RC FAILS: {'chunk': 0} block 405: 4 states
#   DL_RC FAILS: {'chunk': 0} block 406: 4 states
#   DL_RC FAILS: {'chunk': 0} block 407: 4 states
#   DL_RC FAILS: {'chunk': 0} block 408: 4 states
#   DL_RC FAILS: {'chunk': 0} block 409: 4 states
#   DL_RC FAILS: {'chunk': 0} block 410: 4 states
#   DL_RC FAILS: {'chunk': 0} block 411: 4 states
#   DL_RC FAILS: {'chunk': 0} block 412: 4 states
#   DL_RC FAILS: {'chunk': 0} block 413: 4 states
#   DL_RC FAILS: {'chunk': 0} block 414: 4 states
#   DL_RC FAILS: {'chunk': 0} block 415: 4 states
#   DL_RC FAILS: {'chunk': 0} block 416: 4 states
#   DL_RC FAILS: {'chunk': 0} block 417: 4 states
#   DL_RC FAILS: {'chunk': 0} block 418: 4 states
#   DL_RC FAILS: {'chunk': 0} block 419: 4 states
#   DL_RC FAILS: {'chunk': 0} block 420: 4 states
#   DL_RC FAILS: {'chunk': 0} block 421: 4 states
#   DL_RC FAILS: {'chunk': 0} block 422: 4 states
#   DL_RC FAILS: {'chunk': 0} block 423: 4 states
#   DL_RC FAILS: {'chunk': 0} block 424: 4 states
#   DL_RC FAILS: {'chunk': 0} block 425: 4 states
#   DL_RC FAILS: {'chunk': 0} block 426: 4 states
#   DL_RC FAILS: {'chunk': 0} block 427: 4 states
#   DL_RC FAILS: {'chunk': 0} block 428: 4 states
#   DL_RC FAILS: {'chunk': 0} block 429: 4 states
#   DL_RC FAILS: {'chunk': 0} block 430: 4 states
#   DL_RC FAILS: {'chunk': 0} block 431: 4 states
#   DL_RC FAILS: {'chunk': 0} block 432: 4 states
#   DL_RC FAILS: {'chunk': 0} block 433: 4 states
#   DL_RC FAILS: {'chunk': 0} block 434: 4 states
#   DL_RC FAILS: {'chunk': 0} block 435: 4 states
#   DL_RC FAILS: {'chunk': 0} block 436: 4 states
#   DL_RC FAILS: {'chunk': 0} block 437: 4 states
#   DL_RC FAILS: {'chunk': 0} block 438: 4 states
#   DL_RC FAILS: {'chunk': 0} block 439: 4 states
#   DL_RC FAILS: {'chunk': 0} block 440: 4 states
#   DL_RC FAILS: {'chunk': 0} block 441: 4 states
#   DL_RC FAILS: {'chunk': 0} block 442: 4 states
#   DL_RC FAILS: {'chunk': 0} block 443: 4 states
#   DL_RC FAILS: {'chunk': 0} block 444: 4 states
#   DL_RC FAILS: {'chunk': 0} block 445: 4 states
#   DL_RC FAILS: {'chunk': 0} block 446: 4 states
#   DL_RC FAILS: {'chunk': 0} block 447: 4 states
#   DL_RC FAILS: {'chunk': 0} block 448: 4 states
#   DL_RC FAILS: {'chunk': 0} block 449: 4 states
#   DL_RC FAILS: {'chunk': 0} block 450: 4 states
#   DL_RC FAILS: {'chunk': 0} block 451: 4 states
#   DL_RC FAILS: {'chunk': 0} block 452: 4 states
#   DL_RC FAILS: {'chunk': 0} block 453: 4 states
#   DL_RC FAILS: {'chunk': 0} block 454: 4 states
#   DL_RC FAILS: {'chunk': 0} block 455: 4 states
#   DL_RC FAILS: {'chunk': 0} block 456: 4 states
#   DL_RC FAILS: {'chunk': 0} block 457: 4 states
#   DL_RC FAILS: {'chunk': 0} block 458: 4 states
#   DL_RC FAILS: {'chunk': 0} block 459: 4 states
#   DL_RC FAILS: {'chunk': 0} block 460: 4 states
#   DL_RC FAILS: {'chunk': 0} block 461: 4 states
#   DL_RC FAILS: {'chunk': 0} block 462: 4 states
#   DL_RC FAILS: {'chunk': 0} block 463: 4 states
#   DL_RC FAILS: {'chunk': 0} block 464: 4 states
#   DL_RC FAILS: {'chunk': 0} block 465: 4 states
#   DL_RC FAILS: {'chunk': 0} block 466: 4 states
#   DL_RC FAILS: {'chunk': 0} block 467: 4 states
#   DL_RC FAILS: {'chunk': 0} block 468: 4 states
#   DL_RC FAILS: {'chunk': 0} block 469: 4 states
#   DL_RC FAILS: {'chunk': 0} block 470: 4 states
#   DL_RC FAILS: {'chunk': 0} block 471: 4 states
#   DL_RC FAILS: {'chunk': 0} block 472: 4 states
#   DL_RC FAILS: {'chunk': 0} block 473: 4 states
#   DL_RC FAILS: {'chunk': 0} block 474: 4 states
#   DL_RC FAILS: {'chunk': 0} block 475: 4 states
#   DL_RC FAILS: {'chunk': 0} block 476: 4 states
#   DL_RC FAILS: {'chunk': 0} block 477: 4 states
#   DL_RC FAILS: {'chunk': 0} block 478: 4 states
#   DL_RC FAILS: {'chunk': 0} block 479: 4 states
#   DL_RC FAILS: {'chunk': 0} block 480: 4 states
#   DL_RC FAILS: {'chunk': 0} block 481: 4 states
#   DL_RC FAILS: {'chunk': 0} block 482: 4 states
#   DL_RC FAILS: {'chunk': 0} block 483: 4 states
#   DL_RC FAILS: {'chunk': 0} block 484: 4 states
#   DL_RC FAILS: {'chunk': 0} block 485: 4 states
#   DL_RC FAILS: {'chunk': 0} block 486: 4 states
#   DL_RC FAILS: {'chunk': 0} block 487: 4 states
#   DL_RC FAILS: {'chunk': 0} block 488: 4 states
#   DL_RC FAILS: {'chunk': 0} block 489: 4 states
#   DL_RC FAILS: {'chunk': 0} block 490: 4 states
#   DL_RC FAILS: {'chunk': 0} block 491: 4 states
#   DL_RC FAILS: {'chunk': 0} block 492: 4 states
#   DL_RC FAILS: {'chunk': 0} block 493: 4 states
#   DL_RC FAILS: {'chunk': 0} block 494: 4 states
#   DL_RC FAILS: {'chunk': 0} block 495: 4 states
#   DL_RC FAILS: {'chunk': 0} block 496: 4 states
#   DL_RC FAILS: {'chunk': 0} block 497: 4 states
#   DL_RC FAILS: {'chunk': 0} block 498: 4 states
#   DL_RC FAILS: {'chunk': 0} block 499: 4 states
#   DL_RC FAILS: {'chunk': 0} block 500: 4 states
#   DL_RC FAILS: {'chunk': 0} block 501: 4 states
#   DL_RC FAILS: {'chunk': 0} block 502: 4 states
#   DL_RC FAILS: {'chunk': 0} block 503: 4 states
#   DL_RC FAILS: {'chunk': 0} block 504: 4 states
#   DL_RC FAILS: {'chunk': 0} block 505: 4 states
#   DL_RC FAILS: {'chunk': 0} block 506: 4 states
#   DL_RC FAILS: {'chunk': 0} block 507: 4 states
#   DL_RC FAILS: {'chunk': 0} block 508: 4 states
#   DL_RC FAILS: {'chunk': 0} block 509: 4 states
#   DL_RC FAILS: {'chunk': 0} block 510: 4 states
#   DL_RC FAILS: {'chunk': 0} block 511: 4 states
#   DL_RC FAILS: {'chunk': 0} block 512: 4 states
#   DL_RC FAILS: {'chunk': 0} block 513: 4 states
#   DL_RC FAILS: {'chunk': 0} block 514: 4 states
#   DL_RC FAILS: {'chunk': 0} block 515: 4 states
#   DL_RC FAILS: {'chunk': 0} block 516: 4 states
#   DL_RC FAILS: {'chunk': 0} block 517: 4 states
#   DL_RC FAILS: {'chunk': 0} block 518: 4 states
#   DL_RC FAILS: {'chunk': 0} block 519: 4 states
#   DL_RC FAILS: {'chunk': 0} block 520: 4 states
#   DL_RC FAILS: {'chunk': 0} block 521: 4 states
#   DL_RC FAILS: {'chunk': 0} block 522: 4 states
#   DL_RC FAILS: {'chunk': 0} block 523: 4 states
#   DL_RC FAILS: {'chunk': 0} block 524: 4 states
#   DL_RC FAILS: {'chunk': 0} block 525: 4 states
#   DL_RC FAILS: {'chunk': 0} block 526: 4 states
#   DL_RC FAILS: {'chunk': 0} block 527: 4 states
#   DL_RC FAILS: {'chunk': 0} block 528: 4 states
#   DL_RC FAILS: {'chunk': 0} block 529: 4 states
#   DL_RC FAILS: {'chunk': 0} block 530: 4 states
#   DL_RC FAILS: {'chunk': 0} block 531: 4 states
#   DL_RC FAILS: {'chunk': 0} block 532: 4 states
#   DL_RC FAILS: {'chunk': 0} block 533: 4 states
#   DL_RC FAILS: {'chunk': 0} block 534: 4 states
#   DL_RC FAILS: {'chunk': 0} block 535: 4 states
#   DL_RC FAILS: {'chunk': 0} block 536: 4 states
#   DL_RC FAILS: {'chunk': 0} block 537: 4 states
#   DL_RC FAILS: {'chunk': 0} block 538: 4 states
#   DL_RC FAILS: {'chunk': 0} block 539: 4 states
#   DL_RC FAILS: {'chunk': 0} block 540: 4 states
#   DL_RC FAILS: {'chunk': 0} block 541: 4 states
#   DL_RC FAILS: {'chunk': 0} block 542: 4 states
#   DL_RC FAILS: {'chunk': 0} block 543: 4 states
#   DL_RC FAILS: {'chunk': 0} block 544: 4 states
#   DL_RC FAILS: {'chunk': 0} block 545: 4 states
#   DL_RC FAILS: {'chunk': 0} block 546: 4 states
#   DL_RC FAILS: {'chunk': 0} block 547: 4 states
#   DL_RC FAILS: {'chunk': 0} block 548: 4 states
#   DL_RC FAILS: {'chunk': 0} block 549: 4 states
#   DL_RC FAILS: {'chunk': 0} block 550: 4 states
#   DL_RC FAILS: {'chunk': 0} block 551: 4 states
#   DL_RC FAILS: {'chunk': 0} block 552: 4 states
#   DL_RC FAILS: {'chunk': 0} block 553: 4 states
#   DL_RC FAILS: {'chunk': 0} block 554: 4 states
#   DL_RC FAILS: {'chunk': 0} block 555: 4 states
#   DL_RC FAILS: {'chunk': 0} block 556: 4 states
#   DL_RC FAILS: {'chunk': 0} block 557: 4 states
#   DL_RC FAILS: {'chunk': 0} block 558: 4 states
#   DL_RC FAILS: {'chunk': 0} block 559: 4 states
#   DL_RC FAILS: {'chunk': 0} block 560: 4 states
#   DL_RC FAILS: {'chunk': 0} block 561: 4 states
#   DL_RC FAILS: {'chunk': 0} block 562: 4 states
#   DL_RC FAILS: {'chunk': 0} block 563: 4 states
#   DL_RC FAILS: {'chunk': 0} block 564: 4 states
#   DL_RC FAILS: {'chunk': 0} block 565: 4 states
#   DL_RC FAILS: {'chunk': 0} block 566: 4 states
#   DL_RC FAILS: {'chunk': 0} block 567: 4 states
#   DL_RC FAILS: {'chunk': 0} block 568: 4 states
#   DL_RC FAILS: {'chunk': 0} block 569: 4 states
#   DL_RC FAILS: {'chunk': 0} block 570: 4 states
#   DL_RC FAILS: {'chunk': 0} block 571: 4 states
#   DL_RC FAILS: {'chunk': 0} block 572: 4 states
#   DL_RC FAILS: {'chunk': 0} block 573: 4 states
#   DL_RC FAILS: {'chunk': 0} block 574: 4 states
#   DL_RC FAILS: {'chunk': 0} block 575: 4 states
#   DL_RC FAILS: {'chunk': 0} block 576: 4 states
#   DL_RC FAILS: {'chunk': 0} block 577: 4 states
#   DL_RC FAILS: {'chunk': 0} block 578: 4 states
#   DL_RC FAILS: {'chunk': 0} block 579: 4 states
#   DL_RC FAILS: {'chunk': 0} block 580: 4 states
#   DL_RC FAILS: {'chunk': 0} block 581: 4 states
#   DL_RC FAILS: {'chunk': 0} block 582: 4 states
#   DL_RC FAILS: {'chunk': 0} block 583: 4 states
#   DL_RC FAILS: {'chunk': 0} block 584: 4 states
#   DL_RC FAILS: {'chunk': 0} block 585: 4 states
#   DL_RC FAILS: {'chunk': 0} block 586: 4 states
#   DL_RC FAILS: {'chunk': 0} block 587: 4 states
#   DL_RC FAILS: {'chunk': 0} block 588: 4 states
#   DL_RC FAILS: {'chunk': 0} block 589: 4 states
#   DL_RC FAILS: {'chunk': 0} block 590: 4 states
#   DL_RC FAILS: {'chunk': 0} block 591: 4 states
#   DL_RC FAILS: {'chunk': 0} block 592: 4 states
#   DL_RC FAILS: {'chunk': 0} block 593: 4 states
#   DL_RC FAILS: {'chunk': 0} block 594: 4 states
#   DL_RC FAILS: {'chunk': 0} block 595: 4 states
#   DL_RC FAILS: {'chunk': 0} block 596: 4 states
#   DL_RC FAILS: {'chunk': 0} block 597: 4 states
#   DL_RC FAILS: {'chunk': 0} block 598: 4 states
#   DL_RC FAILS: {'chunk': 0} block 599: 4 states
#   DL_RC FAILS: {'chunk': 0} block 600: 4 states
#   DL_RC FAILS: {'chunk': 0} block 601: 4 states
#   DL_RC FAILS: {'chunk': 0} block 602: 4 states
#   DL_RC FAILS: {'chunk': 0} block 603: 4 states
#   DL_RC FAILS: {'chunk': 0} block 604: 4 states
#   DL_RC FAILS: {'chunk': 0} block 605: 4 states
#   DL_RC FAILS: {'chunk': 0} block 606: 4 states
#   DL_RC FAILS: {'chunk': 0} block 607: 4 states
#   DL_RC FAILS: {'chunk': 0} block 608: 4 states
#   DL_RC FAILS: {'chunk': 0} block 609: 4 states
#   DL_RC FAILS: {'chunk': 0} block 610: 4 states
#   DL_RC FAILS: {'chunk': 0} block 611: 4 states
#   DL_RC FAILS: {'chunk': 0} block 612: 4 states
#   DL_RC FAILS: {'chunk': 0} block 613: 4 states
#   DL_RC FAILS: {'chunk': 0} block 614: 4 states
#   DL_RC FAILS: {'chunk': 0} block 615: 4 states
#   DL_RC FAILS: {'chunk': 0} block 616: 4 states
#   DL_RC FAILS: {'chunk': 0} block 617: 4 states
#   DL_RC FAILS: {'chunk': 0} block 618: 4 states
#   DL_RC FAILS: {'chunk': 0} block 619: 4 states
#   DL_RC FAILS: {'chunk': 0} block 620: 4 states
#   DL_RC FAILS: {'chunk': 0} block 621: 4 states
#   DL_RC FAILS: {'chunk': 0} block 622: 4 states
#   DL_RC FAILS: {'chunk': 0} block 623: 4 states
#   DL_RC FAILS: {'chunk': 0} block 624: 4 states
#   DL_RC FAILS: {'chunk': 0} block 625: 4 states
#   DL_RC FAILS: {'chunk': 0} block 626: 4 states
#   DL_RC FAILS: {'chunk': 0} block 627: 4 states
#   DL_RC FAILS: {'chunk': 0} block 628: 4 states
#   DL_RC FAILS: {'chunk': 0} block 629: 4 states
#   DL_RC FAILS: {'chunk': 0} block 630: 4 states
#   DL_RC FAILS: {'chunk': 0} block 631: 4 states
#   DL_RC FAILS: {'chunk': 0} block 632: 4 states
#   DL_RC FAILS: {'chunk': 0} block 633: 4 states
#   DL_RC FAILS: {'chunk': 0} block 634: 4 states
#   DL_RC FAILS: {'chunk': 0} block 635: 4 states
#   DL_RC FAILS: {'chunk': 0} block 636: 4 states
#   DL_RC FAILS: {'chunk': 0} block 637: 4 states
#   DL_RC FAILS: {'chunk': 0} block 638: 4 states
#   DL_RC FAILS: {'chunk': 0} block 639: 4 states
#   DL_RC FAILS: {'chunk': 0} block 640: 4 states
#   DL_RC FAILS: {'chunk': 0} block 641: 4 states
#   DL_RC FAILS: {'chunk': 0} block 642: 4 states
#   DL_RC FAILS: {'chunk': 0} block 643: 4 states
#   DL_RC FAILS: {'chunk': 0} block 644: 4 states
#   DL_RC FAILS: {'chunk': 0} block 645: 4 states
#   DL_RC FAILS: {'chunk': 0} block 646: 4 states
#   DL_RC FAILS: {'chunk': 0} block 647: 4 states
#   DL_RC FAILS: {'chunk': 0} block 648: 4 states
#   DL_RC FAILS: {'chunk': 0} block 649: 4 states
#   DL_RC FAILS: {'chunk': 0} block 650: 4 states
#   DL_RC FAILS: {'chunk': 0} block 651: 4 states
#   DL_RC FAILS: {'chunk': 0} block 652: 4 states
#   DL_RC FAILS: {'chunk': 0} block 653: 4 states
#   DL_RC FAILS: {'chunk': 0} block 654: 4 states
#   DL_RC FAILS: {'chunk': 0} block 655: 4 states
#   DL_RC FAILS: {'chunk': 0} block 656: 4 states
#   DL_RC FAILS: {'chunk': 0} block 657: 4 states
#   DL_RC FAILS: {'chunk': 0} block 658: 4 states
#   DL_RC FAILS: {'chunk': 0} block 659: 4 states
#   DL_RC FAILS: {'chunk': 0} block 660: 4 states
#   DL_RC FAILS: {'chunk': 0} block 661: 4 states
#   DL_RC FAILS: {'chunk': 0} block 662: 4 states
#   DL_RC FAILS: {'chunk': 0} block 663: 4 states
#   DL_RC FAILS: {'chunk': 0} block 664: 4 states
#   DL_RC FAILS: {'chunk': 0} block 665: 4 states
#   DL_RC FAILS: {'chunk': 0} block 666: 4 states
#   DL_RC FAILS: {'chunk': 0} block 667: 4 states
#   DL_RC FAILS: {'chunk': 0} block 668: 4 states
#   DL_RC FAILS: {'chunk': 0} block 669: 4 states
#   DL_RC FAILS: {'chunk': 0} block 670: 4 states
#   DL_RC FAILS: {'chunk': 0} block 671: 4 states
#   DL_RC FAILS: {'chunk': 0} block 672: 4 states
#   DL_RC FAILS: {'chunk': 0} block 673: 4 states
#   DL_RC FAILS: {'chunk': 0} block 674: 4 states
#   DL_RC FAILS: {'chunk': 0} block 675: 4 states
#   DL_RC FAILS: {'chunk': 0} block 676: 4 states
#   DL_RC FAILS: {'chunk': 0} block 677: 4 states
#   DL_RC FAILS: {'chunk': 0} block 678: 4 states
#   DL_RC FAILS: {'chunk': 0} block 679: 4 states
#   DL_RC FAILS: {'chunk': 0} block 680: 4 states
#   DL_RC FAILS: {'chunk': 0} block 681: 4 states
#   DL_RC FAILS: {'chunk': 0} block 682: 4 states
#   DL_RC FAILS: {'chunk': 0} block 683: 4 states
#   DL_RC FAILS: {'chunk': 0} block 684: 4 states
#   DL_RC FAILS: {'chunk': 0} block 685: 4 states
#   DL_RC FAILS: {'chunk': 0} block 686: 4 states
#   DL_RC FAILS: {'chunk': 0} block 687: 4 states
#   DL_RC FAILS: {'chunk': 0} block 688: 4 states
#   DL_RC FAILS: {'chunk': 0} block 689: 4 states
#   DL_RC FAILS: {'chunk': 0} block 690: 4 states
#   DL_RC FAILS: {'chunk': 0} block 691: 4 states
#   DL_RC FAILS: {'chunk': 0} block 692: 4 states
#   DL_RC FAILS: {'chunk': 0} block 693: 4 states
#   DL_RC FAILS: {'chunk': 0} block 694: 4 states
#   DL_RC FAILS: {'chunk': 0} block 695: 4 states
#   DL_RC FAILS: {'chunk': 0} block 696: 4 states
#   DL_RC FAILS: {'chunk': 0} block 697: 4 states
#   DL_RC FAILS: {'chunk': 0} block 698: 4 states
#   DL_RC FAILS: {'chunk': 0} block 699: 4 states
#   DL_RC FAILS: {'chunk': 0} block 700: 4 states
#   DL_RC FAILS: {'chunk': 0} block 701: 4 states
#   DL_RC FAILS: {'chunk': 0} block 702: 4 states
#   DL_RC FAILS: {'chunk': 0} block 703: 4 states
#   DL_RC FAILS: {'chunk': 0} block 704: 4 states
#   DL_RC FAILS: {'chunk': 0} block 705: 4 states
#   DL_RC FAILS: {'chunk': 0} block 706: 4 states
#   DL_RC FAILS: {'chunk': 0} block 707: 4 states
#   DL_RC FAILS: {'chunk': 0} block 708: 4 states
#   DL_RC FAILS: {'chunk': 0} block 709: 4 states
#   DL_RC FAILS: {'chunk': 0} block 710: 4 states
#   DL_RC FAILS: {'chunk': 0} block 711: 4 states
#   DL_RC FAILS: {'chunk': 0} block 712: 4 states
#   DL_RC FAILS: {'chunk': 0} block 713: 4 states
#   DL_RC FAILS: {'chunk': 0} block 714: 4 states
#   DL_RC FAILS: {'chunk': 0} block 715: 4 states
#   DL_RC FAILS: {'chunk': 0} block 716: 4 states
#   DL_RC FAILS: {'chunk': 0} block 717: 4 states
#   DL_RC FAILS: {'chunk': 0} block 718: 4 states
#   DL_RC FAILS: {'chunk': 0} block 719: 4 states
#   DL_RC FAILS: {'chunk': 0} block 720: 4 states
#   DL_RC FAILS: {'chunk': 0} block 721: 4 states
#   DL_RC FAILS: {'chunk': 0} block 722: 4 states
#   DL_RC FAILS: {'chunk': 0} block 723: 4 states
#   DL_RC FAILS: {'chunk': 0} block 724: 4 states
#   DL_RC FAILS: {'chunk': 0} block 725: 4 states
#   DL_RC FAILS: {'chunk': 0} block 726: 4 states
#   DL_RC FAILS: {'chunk': 0} block 727: 4 states
#   DL_RC FAILS: {'chunk': 0} block 728: 4 states
#   DL_RC FAILS: {'chunk': 0} block 729: 4 states
#   DL_RC FAILS: {'chunk': 0} block 730: 4 states
#   DL_RC FAILS: {'chunk': 0} block 731: 4 states
#   DL_RC FAILS: {'chunk': 0} block 732: 4 states
#   DL_RC FAILS: {'chunk': 0} block 733: 4 states
#   DL_RC FAILS: {'chunk': 0} block 734: 4 states
#   DL_RC FAILS: {'chunk': 0} block 735: 4 states
#   DL_RC FAILS: {'chunk': 0} block 736: 4 states
#   DL_RC FAILS: {'chunk': 0} block 737: 4 states
#   DL_RC FAILS: {'chunk': 0} block 738: 4 states
#   DL_RC FAILS: {'chunk': 0} block 739: 4 states
#   DL_RC FAILS: {'chunk': 0} block 740: 4 states
#   DL_RC FAILS: {'chunk': 0} block 741: 4 states
#   DL_RC FAILS: {'chunk': 0} block 742: 4 states
#   DL_RC FAILS: {'chunk': 0} block 743: 4 states
#   DL_RC FAILS: {'chunk': 0} block 744: 4 states
#   DL_RC FAILS: {'chunk': 0} block 745: 4 states
#   DL_RC FAILS: {'chunk': 0} block 746: 4 states
#   DL_RC FAILS: {'chunk': 0} block 747: 4 states
#   DL_RC FAILS: {'chunk': 0} block 748: 4 states
#   DL_RC FAILS: {'chunk': 0} block 749: 4 states
#   DL_RC FAILS: {'chunk': 0} block 750: 4 states
#   DL_RC FAILS: {'chunk': 0} block 751: 4 states
#   DL_RC FAILS: {'chunk': 0} block 752: 4 states
#   DL_RC FAILS: {'chunk': 0} block 753: 4 states
#   DL_RC FAILS: {'chunk': 0} block 754: 4 states
#   DL_RC FAILS: {'chunk': 0} block 755: 4 states
#   DL_RC FAILS: {'chunk': 0} block 756: 4 states
#   DL_RC FAILS: {'chunk': 0} block 757: 4 states
#   DL_RC FAILS: {'chunk': 0} block 758: 4 states
#   DL_RC FAILS: {'chunk': 0} block 759: 4 states
#   DL_RC FAILS: {'chunk': 0} block 760: 4 states
#   DL_RC FAILS: {'chunk': 0} block 761: 4 states
#   DL_RC FAILS: {'chunk': 0} block 762: 4 states
#   DL_RC FAILS: {'chunk': 0} block 763: 4 states
#   DL_RC FAILS: {'chunk': 0} block 764: 4 states
#   DL_RC FAILS: {'chunk': 0} block 765: 4 states
#   DL_RC FAILS: {'chunk': 0} block 766: 4 states
#   DL_RC FAILS: {'chunk': 0} block 767: 4 states
#   DL_RC FAILS: {'chunk': 0} block 768: 4 states
#   DL_RC FAILS: {'chunk': 0} block 769: 4 states
#   DL_RC FAILS: {'chunk': 0} block 770: 4 states
#   DL_RC FAILS: {'chunk': 0} block 771: 4 states
#   DL_RC FAILS: {'chunk': 0} block 772: 4 states
#   DL_RC FAILS: {'chunk': 0} block 773: 4 states
#   DL_RC FAILS: {'chunk': 0} block 774: 4 states
#   DL_RC FAILS: {'chunk': 0} block 775: 4 states
#   DL_RC FAILS: {'chunk': 0} block 776: 4 states
#   DL_RC FAILS: {'chunk': 0} block 777: 4 states
#   DL_RC FAILS: {'chunk': 0} block 778: 4 states
#   DL_RC FAILS: {'chunk': 0} block 779: 4 states
#   DL_RC FAILS: {'chunk': 0} block 780: 4 states
#   DL_RC FAILS: {'chunk': 0} block 781: 4 states
#   DL_RC FAILS: {'chunk': 0} block 782: 4 states
#   DL_RC FAILS: {'chunk': 0} block 783: 4 states
#   DL_RC FAILS: {'chunk': 0} block 784: 4 states
#   DL_RC FAILS: {'chunk': 0} block 785: 4 states
#   DL_RC FAILS: {'chunk': 0} block 786: 4 states
#   DL_RC FAILS: {'chunk': 0} block 787: 4 states
#   DL_RC FAILS: {'chunk': 0} block 788: 4 states
#   DL_RC FAILS: {'chunk': 0} block 789: 4 states
#   DL_RC FAILS: {'chunk': 0} block 790: 4 states
#   DL_RC FAILS: {'chunk': 0} block 791: 4 states
#   DL_RC FAILS: {'chunk': 0} block 792: 4 states
#   DL_RC FAILS: {'chunk': 0} block 793: 4 states
#   DL_RC FAILS: {'chunk': 0} block 794: 4 states
#   DL_RC FAILS: {'chunk': 0} block 795: 4 states
#   DL_RC FAILS: {'chunk': 0} block 796: 4 states
#   DL_RC FAILS: {'chunk': 0} block 797: 4 states
#   DL_RC FAILS: {'chunk': 0} block 798: 4 states
#   DL_RC FAILS: {'chunk': 0} block 799: 4 states
#   DL_RC FAILS: {'chunk': 0} block 800: 4 states
#   DL_RC FAILS: {'chunk': 0} block 801: 4 states
#   DL_RC FAILS: {'chunk': 0} block 802: 4 states
#   DL_RC FAILS: {'chunk': 0} block 803: 4 states
#   DL_RC FAILS: {'chunk': 0} block 804: 4 states
#   DL_RC FAILS: {'chunk': 0} block 805: 4 states
#   DL_RC FAILS: {'chunk': 0} block 806: 4 states
#   DL_RC FAILS: {'chunk': 0} block 807: 4 states
#   DL_RC FAILS: {'chunk': 0} block 808: 4 states
#   DL_RC FAILS: {'chunk': 0} block 809: 4 states
#   DL_RC FAILS: {'chunk': 0} block 810: 4 states
#   DL_RC FAILS: {'chunk': 0} block 811: 4 states
#   DL_RC FAILS: {'chunk': 0} block 812: 4 states
#   DL_RC FAILS: {'chunk': 0} block 813: 4 states
#   DL_RC FAILS: {'chunk': 0} block 814: 4 states
#   DL_RC FAILS: {'chunk': 0} block 815: 4 states
#   DL_RC FAILS: {'chunk': 0} block 816: 4 states
#   DL_RC FAILS: {'chunk': 0} block 817: 4 states
#   DL_RC FAILS: {'chunk': 0} block 818: 4 states
#   DL_RC FAILS: {'chunk': 0} block 819: 4 states
#   DL_RC FAILS: {'chunk': 0} block 820: 4 states
#   DL_RC FAILS: {'chunk': 0} block 821: 4 states
#   DL_RC FAILS: {'chunk': 0} block 822: 4 states
#   DL_RC FAILS: {'chunk': 0} block 823: 4 states
#   DL_RC FAILS: {'chunk': 0} block 824: 4 states
#   DL_RC FAILS: {'chunk': 0} block 825: 4 states
#   DL_RC FAILS: {'chunk': 0} block 826: 4 states
#   DL_RC FAILS: {'chunk': 0} block 827: 4 states
#   DL_RC FAILS: {'chunk': 0} block 828: 4 states
#   DL_RC FAILS: {'chunk': 0} block 829: 4 states
#   DL_RC FAILS: {'chunk': 0} block 830: 4 states
#   DL_RC FAILS: {'chunk': 0} block 831: 4 states
#   DL_RC FAILS: {'chunk': 0} block 832: 4 states
#   DL_RC FAILS: {'chunk': 0} block 833: 4 states
#   DL_RC FAILS: {'chunk': 0} block 834: 4 states
#   DL_RC FAILS: {'chunk': 0} block 835: 4 states
#   DL_RC FAILS: {'chunk': 0} block 836: 4 states
#   DL_RC FAILS: {'chunk': 0} block 837: 4 states
#   DL_RC FAILS: {'chunk': 0} block 838: 4 states
#   DL_RC FAILS: {'chunk': 0} block 839: 4 states
#   DL_RC FAILS: {'chunk': 0} block 840: 4 states
#   DL_RC FAILS: {'chunk': 0} block 841: 4 states
#   DL_RC FAILS: {'chunk': 0} block 842: 4 states
#   DL_RC FAILS: {'chunk': 0} block 843: 4 states
#   DL_RC FAILS: {'chunk': 0} block 844: 4 states
#   DL_RC FAILS: {'chunk': 0} block 845: 4 states
#   DL_RC FAILS: {'chunk': 0} block 846: 4 states
#   DL_RC FAILS: {'chunk': 0} block 847: 4 states
#   DL_RC FAILS: {'chunk': 0} block 848: 4 states
#   DL_RC FAILS: {'chunk': 0} block 849: 4 states
#   DL_RC FAILS: {'chunk': 0} block 850: 4 states
#   DL_RC FAILS: {'chunk': 0} block 851: 4 states
#   DL_RC FAILS: {'chunk': 0} block 852: 4 states
#   DL_RC FAILS: {'chunk': 0} block 853: 4 states
#   DL_RC FAILS: {'chunk': 0} block 854: 4 states
#   DL_RC FAILS: {'chunk': 0} block 855: 4 states
#   DL_RC FAILS: {'chunk': 0} block 856: 4 states
#   DL_RC FAILS: {'chunk': 0} block 857: 4 states
#   DL_RC FAILS: {'chunk': 0} block 858: 4 states
#   DL_RC FAILS: {'chunk': 0} block 859: 4 states
#   DL_RC FAILS: {'chunk': 0} block 860: 4 states
#   DL_RC FAILS: {'chunk': 0} block 861: 4 states
#   DL_RC FAILS: {'chunk': 0} block 862: 4 states
#   DL_RC FAILS: {'chunk': 0} block 863: 4 states
#   DL_RC FAILS: {'chunk': 0} block 864: 4 states
#   DL_RC FAILS: {'chunk': 0} block 865: 4 states
#   DL_RC FAILS: {'chunk': 0} block 866: 4 states
#   DL_RC FAILS: {'chunk': 0} block 867: 4 states
#   DL_RC FAILS: {'chunk': 0} block 868: 4 states
#   DL_RC FAILS: {'chunk': 0} block 869: 4 states
#   DL_RC FAILS: {'chunk': 0} block 870: 4 states
#   DL_RC FAILS: {'chunk': 0} block 871: 4 states
#   DL_RC FAILS: {'chunk': 0} block 872: 4 states
#   DL_RC FAILS: {'chunk': 0} block 873: 4 states
#   DL_RC FAILS: {'chunk': 0} block 874: 4 states
#   DL_RC FAILS: {'chunk': 0} block 875: 4 states
#   DL_RC FAILS: {'chunk': 0} block 876: 4 states
#   DL_RC FAILS: {'chunk': 0} block 877: 4 states
#   DL_RC FAILS: {'chunk': 0} block 878: 4 states
#   DL_RC FAILS: {'chunk': 0} block 879: 4 states
#   DL_RC FAILS: {'chunk': 0} block 880: 4 states
#   DL_RC FAILS: {'chunk': 0} block 881: 4 states
#   DL_RC FAILS: {'chunk': 0} block 882: 4 states
#   DL_RC FAILS: {'chunk': 0} block 883: 4 states
#   DL_RC FAILS: {'chunk': 0} block 884: 4 states
#   DL_RC FAILS: {'chunk': 0} block 885: 4 states
#   DL_RC FAILS: {'chunk': 0} block 886: 4 states
#   DL_RC FAILS: {'chunk': 0} block 887: 4 states
#   DL_RC FAILS: {'chunk': 0} block 888: 4 states
#   DL_RC FAILS: {'chunk': 0} block 889: 4 states
#   DL_RC FAILS: {'chunk': 0} block 890: 4 states
#   DL_RC FAILS: {'chunk': 0} block 891: 4 states
#   DL_RC FAILS: {'chunk': 0} block 892: 4 states
#   DL_RC FAILS: {'chunk': 0} block 893: 4 states
#   DL_RC FAILS: {'chunk': 0} block 894: 4 states
#   DL_RC FAILS: {'chunk': 0} block 895: 4 states
#   DL_RC FAILS: {'chunk': 0} block 896: 4 states
#   DL_RC FAILS: {'chunk': 0} block 897: 4 states
#   DL_RC FAILS: {'chunk': 0} block 898: 4 states
#   DL_RC FAILS: {'chunk': 0} block 899: 4 states
#   DL_RC FAILS: {'chunk': 0} block 900: 4 states
#   DL_RC FAILS: {'chunk': 0} block 901: 4 states
#   DL_RC FAILS: {'chunk': 0} block 902: 4 states
#   DL_RC FAILS: {'chunk': 0} block 903: 4 states
#   DL_RC FAILS: {'chunk': 0} block 904: 4 states
#   DL_RC FAILS: {'chunk': 0} block 905: 4 states
#   DL_RC FAILS: {'chunk': 0} block 906: 4 states
#   DL_RC FAILS: {'chunk': 0} block 907: 4 states
#   DL_RC FAILS: {'chunk': 0} block 908: 4 states
#   DL_RC FAILS: {'chunk': 0} block 909: 4 states
#   DL_RC FAILS: {'chunk': 0} block 910: 4 states
#   DL_RC FAILS: {'chunk': 0} block 911: 4 states
#   DL_RC FAILS: {'chunk': 0} block 912: 4 states
#   DL_RC FAILS: {'chunk': 0} block 913: 4 states
#   DL_RC FAILS: {'chunk': 0} block 914: 4 states
#   DL_RC FAILS: {'chunk': 0} block 915: 4 states
#   DL_RC FAILS: {'chunk': 0} block 916: 4 states
#   DL_RC FAILS: {'chunk': 0} block 917: 4 states
#   DL_RC FAILS: {'chunk': 0} block 918: 4 states
#   DL_RC FAILS: {'chunk': 0} block 919: 4 states
#   DL_RC FAILS: {'chunk': 0} block 920: 4 states
#   DL_RC FAILS: {'chunk': 0} block 921: 4 states
#   DL_RC FAILS: {'chunk': 0} block 922: 4 states
#   DL_RC FAILS: {'chunk': 0} block 923: 4 states
#   DL_RC FAILS: {'chunk': 0} block 924: 4 states
#   DL_RC FAILS: {'chunk': 0} block 925: 4 states
#   DL_RC FAILS: {'chunk': 0} block 926: 4 states
#   DL_RC FAILS: {'chunk': 0} block 927: 4 states
#   DL_RC FAILS: {'chunk': 0} block 928: 4 states
#   DL_RC FAILS: {'chunk': 0} block 929: 4 states
#   DL_RC FAILS: {'chunk': 0} block 930: 4 states
#   DL_RC FAILS: {'chunk': 0} block 931: 4 states
#   DL_RC FAILS: {'chunk': 0} block 932: 4 states
#   DL_RC FAILS: {'chunk': 0} block 933: 4 states
#   DL_RC FAILS: {'chunk': 0} block 934: 4 states
#   DL_RC FAILS: {'chunk': 0} block 935: 4 states
#   DL_RC FAILS: {'chunk': 0} block 936: 4 states
#   DL_RC FAILS: {'chunk': 0} block 937: 4 states
#   DL_RC FAILS: {'chunk': 0} block 938: 4 states
#   DL_RC FAILS: {'chunk': 0} block 939: 4 states
#   DL_RC FAILS: {'chunk': 0} block 940: 4 states
#   DL_RC FAILS: {'chunk': 0} block 941: 4 states
#   DL_RC FAILS: {'chunk': 0} block 942: 4 states
#   DL_RC FAILS: {'chunk': 0} block 943: 4 states
#   DL_RC FAILS: {'chunk': 0} block 944: 4 states
#   DL_RC FAILS: {'chunk': 0} block 945: 4 states
#   DL_RC FAILS: {'chunk': 0} block 946: 4 states
#   DL_RC FAILS: {'chunk': 0} block 947: 4 states
#   DL_RC FAILS: {'chunk': 0} block 948: 4 states
#   DL_RC FAILS: {'chunk': 0} block 949: 4 states
#   DL_RC FAILS: {'chunk': 0} block 950: 4 states
#   DL_RC FAILS: {'chunk': 0} block 951: 4 states
#   DL_RC FAILS: {'chunk': 0} block 952: 4 states
#   DL_RC FAILS: {'chunk': 0} block 953: 4 states
#   DL_RC FAILS: {'chunk': 0} block 954: 4 states
#   DL_RC FAILS: {'chunk': 0} block 955: 4 states
#   DL_RC FAILS: {'chunk': 0} block 956: 4 states
#   DL_RC FAILS: {'chunk': 0} block 957: 4 states
#   DL_RC FAILS: {'chunk': 0} block 958: 4 states
#   DL_RC FAILS: {'chunk': 0} block 959: 4 states
#   DL_RC FAILS: {'chunk': 0} block 960: 4 states
#   DL_RC FAILS: {'chunk': 0} block 961: 4 states
#   DL_RC FAILS: {'chunk': 0} block 962: 4 states
#   DL_RC FAILS: {'chunk': 0} block 963: 4 states
#   DL_RC FAILS: {'chunk': 0} block 964: 4 states
#   DL_RC FAILS: {'chunk': 0} block 965: 4 states
#   DL_RC FAILS: {'chunk': 0} block 966: 4 states
#   DL_RC FAILS: {'chunk': 0} block 967: 4 states
#   DL_RC FAILS: {'chunk': 0} block 968: 4 states
#   DL_RC FAILS: {'chunk': 0} block 969: 4 states
#   DL_RC FAILS: {'chunk': 0} block 970: 4 states
#   DL_RC FAILS: {'chunk': 0} block 971: 4 states
#   DL_RC FAILS: {'chunk': 0} block 972: 4 states
#   DL_RC FAILS: {'chunk': 0} block 973: 4 states
#   DL_RC FAILS: {'chunk': 0} block 974: 4 states
#   DL_RC FAILS: {'chunk': 0} block 975: 4 states
#   DL_RC FAILS: {'chunk': 0} block 976: 4 states
#   DL_RC FAILS: {'chunk': 0} block 977: 4 states
#   DL_RC FAILS: {'chunk': 0} block 978: 4 states
#   DL_RC FAILS: {'chunk': 0} block 979: 4 states
#   DL_RC FAILS: {'chunk': 0} block 980: 4 states
#   DL_RC FAILS: {'chunk': 0} block 981: 4 states
#   DL_RC FAILS: {'chunk': 0} block 982: 4 states
#   DL_RC FAILS: {'chunk': 0} block 983: 4 states
#   DL_RC FAILS: {'chunk': 0} block 984: 4 states
#   DL_RC FAILS: {'chunk': 0} block 985: 4 states
#   DL_RC FAILS: {'chunk': 0} block 986: 4 states
#   DL_RC FAILS: {'chunk': 0} block 987: 4 states
#   DL_RC FAILS: {'chunk': 0} block 988: 4 states
#   DL_RC FAILS: {'chunk': 0} block 989: 4 states
#   DL_RC FAILS: {'chunk': 0} block 990: 4 states
#   DL_RC FAILS: {'chunk': 0} block 991: 4 states
#   DL_RC FAILS: {'chunk': 0} block 992: 4 states
#   DL_RC FAILS: {'chunk': 0} block 993: 4 states
#   DL_RC FAILS: {'chunk': 0} block 994: 4 states
#   DL_RC FAILS: {'chunk': 0} block 995: 4 states
#   DL_RC FAILS: {'chunk': 0} block 996: 4 states
#   DL_RC FAILS: {'chunk': 0} block 997: 4 states
#   DL_RC FAILS: {'chunk': 0} block 998: 4 states
#   DL_RC FAILS: {'chunk': 0} block 999: 4 states
#   DL_RC FAILS: {'chunk': 0} block 1000: 4 states
#   DL_RC FAILS: {'chunk': 0} block 1001: 4 states
#   DL_RC FAILS: {'chunk': 0} block 1002: 4 states
#   DL_RC FAILS: {'chunk': 0} block 1003: 4 states
#   DL_RC FAILS: {'chunk': 0} block 1004: 4 states
#   DL_RC FAILS: {'chunk': 0} block 1005: 4 states
#   DL_RC FAILS: {'chunk': 0} block 1006: 4 states
#   DL_RC FAILS: {'chunk': 0} block 1007: 4 states
#   DL_RC FAILS: {'chunk': 0} block 1008: 4 states
#   DL_RC FAILS: {'chunk': 0} block 1009: 4 states
#   DL_RC FAILS: {'chunk': 0} block 1010: 4 states
#   DL_RC FAILS: {'chunk': 0} block 1011: 4 states
#   DL_RC FAILS: {'chunk': 0} block 1012: 4 states
#   DL_RC FAILS: {'chunk': 0} block 1013: 4 states
#   DL_RC FAILS: {'chunk': 0} block 1014: 4 states
#   DL_RC FAILS: {'chunk': 0} block 1015: 4 states
#   DL_RC FAILS: {'chunk': 0} block 1016: 4 states
#   DL_RC FAILS: {'chunk': 0} block 1017: 4 states
#   DL_RC FAILS: {'chunk': 0} block 1018: 4 states
#   DL_RC FAILS: {'chunk': 0} block 1019: 4 states
#   DL_RC FAILS: {'chunk': 0} block 1020: 4 states
#   DL_RC FAILS: {'chunk': 0} block 1021: 4 states
#   DL_RC FAILS: {'chunk': 0} block 1022: 4 states
#   DL_RC FAILS: {'chunk': 0} block 1023: 4 states
#   DL_RC FAILS: {'chunk': 0} block 1024: 4 states
#   DL_RC FAILS: {'chunk': 0} block 1025: 4 states
#   DL_RC FAILS: {'chunk': 0} block 1026: 4 states
#   DL_RC FAILS: {'chunk': 0} block 1027: 4 states
#   DL_RC FAILS: {'chunk': 0} block 1028: 4 states
#   DL_RC FAILS: {'chunk': 0} block 1029: 4 states
#   DL_RC FAILS: {'chunk': 0} block 1030: 4 states
#   DL_RC FAILS: {'chunk': 0} block 1031: 4 states
#   DL_RC FAILS: {'chunk': 0} block 1032: 4 states
#   DL_RC FAILS: {'chunk': 0} block 1033: 4 states
#   DL_RC FAILS: {'chunk': 0} block 1034: 4 states
#   DL_RC FAILS: {'chunk': 0} block 1035: 4 states
#   DL_RC FAILS: {'chunk': 0} block 1036: 4 states
#   DL_RC FAILS: {'chunk': 0} block 1037: 4 states
#   DL_RC FAILS: {'chunk': 0} block 1038: 4 states
#   DL_RC FAILS: {'chunk': 0} block 1039: 4 states
#   DL_RC FAILS: {'chunk': 0} block 1040: 4 states
#   DL_RC FAILS: {'chunk': 0} block 1041: 4 states
#   DL_RC FAILS: {'chunk': 0} block 1042: 4 states
#   DL_RC FAILS: {'chunk': 0} block 1043: 4 states
#   DL_RC FAILS: {'chunk': 0} block 1044: 4 states
#   DL_RC FAILS: {'chunk': 0} block 1045: 4 states
#   DL_RC FAILS: {'chunk': 0} block 1046: 4 states
#   DL_RC FAILS: {'chunk': 0} block 1047: 4 states
#   DL_RC FAILS: {'chunk': 0} block 1048: 4 states
#   DL_RC FAILS: {'chunk': 0} block 1049: 4 states
#   DL_RC FAILS: {'chunk': 0} block 1050: 4 states
#   DL_RC FAILS: {'chunk': 0} block 1051: 4 states
#   DL_RC FAILS: {'chunk': 0} block 1052: 4 states
#   DL_RC FAILS: {'chunk': 0} block 1053: 4 states
#   DL_RC FAILS: {'chunk': 0} block 1054: 4 states
#   DL_RC FAILS: {'chunk': 0} block 1055: 4 states
#   DL_RC FAILS: {'chunk': 0} block 1056: 4 states
#   DL_RC FAILS: {'chunk': 0} block 1057: 4 states
#   DL_RC FAILS: {'chunk': 0} block 1058: 4 states
#   DL_RC FAILS: {'chunk': 0} block 1059: 4 states
#   DL_RC FAILS: {'chunk': 0} block 1060: 4 states
#   DL_RC FAILS: {'chunk': 0} block 1061: 4 states
#   DL_RC FAILS: {'chunk': 0} block 1062: 4 states
#   DL_RC FAILS: {'chunk': 0} block 1063: 4 states
#   DL_RC FAILS: {'chunk': 0} block 1064: 4 states
#   DL_RC FAILS: {'chunk': 0} block 1065: 4 states
#   DL_RC FAILS: {'chunk': 0} block 1066: 4 states
#   DL_RC FAILS: {'chunk': 0} block 1067: 4 states
#   DL_RC FAILS: {'chunk': 0} block 1068: 4 states
#   DL_RC FAILS: {'chunk': 0} block 1069: 4 states
#   DL_RC FAILS: {'chunk': 0} block 1070: 4 states
#   DL_RC FAILS: {'chunk': 0} block 1071: 4 states
#   DL_RC FAILS: {'chunk': 0} block 1072: 4 states
#   DL_RC FAILS: {'chunk': 0} block 1073: 4 states
#   DL_RC FAILS: {'chunk': 0} block 1074: 4 states
#   DL_RC FAILS: {'chunk': 0} block 1075: 4 states
inst results/k4_rc/rc_fail_4515_all_inst.json: profiles 1076, omega >= 1: 1076; k* = 0: 0, 1: 0, 2: 0, 3: 0, >= 4: 1076, inf: 0; P with def > 0: 99583, at distance 1: 23880, 2: 39067, 3: 32332, >= 4: 4304, inf: 0; Pareto-maximal: 4280; largest least deficit -1
  DL_RT4: states (def > 0) with f = 0: 0 (RT4 fails at 0), with f >= 1: 99583; DL_RT4 FAILS at 4304 of the f >= 1 states; with an improving move T1 23880, T2 25327, T3p 37620, T3h 94535, T4 0; only T1 0, only T2 0, only T3 69952, only T4 0; R_T fails at 4304, R_13 at 4304, R_13 + T4 at 4304; smallest RT4 move size 1 / 2 / 3 / >= 4 / none: 23880 / 39067 / 32332 / 0 / 4304; anomalies 0 + 0 [19 s]
  DL_RC: f >= 1 states 99583; DL_RC FAILS at 4304; DL_RT4 fails at 4304, of which 0 are chain states (only T3c moves improve; 0 with f >= 3; by least |W| 1 / 2 / >= 3: 0 / 0 / 0); with an improving T3c move 0, weak T3+ 95279 (the only repair at 0); least improving |W| 0 / 1 / 2 / >= 3: 95279 / 0 / 0 / 0; key graph: keys with def* > 0: 2152, the key form FAILS at 0 keys (0 states; weak edges: 0 states); DL_RC without the key form 0; T3+/T3 inconsistencies 0
table B: f >= 1 states by f | signature | branch : count
  B 2|fO,L|T3h : 30180
  B 2|fO,G,L,D2|T3p+T3h : 18863
  B 2|fO,L|T1+T2+T3h : 9276
  B 2|fO,G,D2|T1+T2+T3h : 9137
  B 2|G,L,D2|T3p+T3h : 6885
  B 2|G,D2|T3p+T3h : 4779
  B 2|L|none : 3186
  B 2|G,D2|T1+T2+T3h : 3051
  B 2|G,L,D2,PM|T3p+T3h : 2520
  B 2|fO,G,L,D2|T1+T2+T3h : 2416
  B 2|fO,G,D2|T3p+T3h : 2152
  B 2|fO,G,L,D2|T3h : 2152
  B 2|G,D2,PM|T3p+T3h : 1677
  B 2|fO,L|none : 1076
  B 2|G,D2|T2+T3h : 802
  B 2|fO,G,L,D2|T3p : 744
  B 2|fO,G,D2|T2+T3h : 604
  B 2|L,PM|none : 42
  B 2|G,D2,PM|T2+T3h : 41
table G: f >= 1 states by f | nearest distance k | branch : count
  G 2|2|T3p+T3h : 36876
  G 2|3|T3h : 32332
  G 2|1|T1+T2+T3h : 23880
  G 2|4|none : 4304
  G 2|2|T2+T3h : 1447
  G 2|2|T3p : 744
table M: f >= 1 states by f | branch | smallest RT4 move size : count
  M 2|T3p+T3h|2 : 36876
  M 2|T3h|3 : 32332
  M 2|T1+T2+T3h|1 : 23880
  M 2|none|-1 : 4304
  M 2|T2+T3h|2 : 1447
  M 2|T3p|2 : 744
table Z: f >= 1 states by f | branch available | its smallest move size : count
  Z 2|T3h|3 : 94535
  Z 2|T3p|2 : 37620
  Z 2|T2|2 : 25327
  Z 2|T1|1 : 23880
table C: f >= 1 states with T4 by f | smallest T4 size | cycle types at that size : count
table Y: f >= 1 states by f | branch | move type available : count
  Y 2|T3p+T3h|T3:xJ.h- : 36876
  Y 2|T3h|T3:xH.hJ : 32332
  Y 2|T3h|T3:xJ.hJ : 25108
  Y 2|T3p+T3h|T3:xJ.hR : 24708
  Y 2|T3p+T3h|T3:xJ.hJ : 24336
  Y 2|T1+T2+T3h|T1:pool : 23880
  Y 2|T1+T2+T3h|T2:k2 : 23880
  Y 2|T1+T2+T3h|T2:k3 : 23880
  Y 2|T1+T2+T3h|T3:xJ.hJ : 23880
  Y 2|T3h|T3:xH.hR : 10388
  Y 2|T1+T2+T3h|T3:xH.hJ : 9276
  Y 2|T3p+T3h|T3:xJ.hZ : 8608
  Y 2|T1+T2+T3h|T1:rel : 8519
  Y 2|T1+T2+T3h|T3:xJ.hR : 8519
  Y 2|T3h|T3:xJ.hR : 8086
  Y 2|T1+T2+T3h|T3:xJ.hZ : 5376
  Y 2|T2+T3h|T2:k2 : 1447
  Y 2|T2+T3h|T2:k3 : 1447
  Y 2|T2+T3h|T3:xJ.hZ : 1447
  Y 2|T3p|T3:xJ.h- : 744
table W: f >= 1 states by f | R_C branch | least improving |W| (-1: no T3+ move) : count
  W 2|T3p+T3h|0 : 36876
  W 2|T3h|0 : 32332
  W 2|T1+T2+T3h|0 : 23880
  W 2|none|-1 : 4304
  W 2|T2+T3h|0 : 1447
  W 2|T3p|0 : 744
