# command: python3 k4/suite/run.py --pred=k4/rc_pred.py:rc_c --pred=k4/rc_pred.py:keyplus_c --pred=k4/rc_pred.py:rc_indep --pred=k4/rc_pred.py:rcy_indep --timeout=300
# instances: 159
## rc_c: DL_RC: at f >= 1 every min-frozen P with def > 0 has a T1, T2, T3+ or T4 move to a min-frozen P' with a smaller deficit (dlrc.c) [k4/rc_pred.py]
  adaptive-cover-multi4        n=2 m=4   custom: n/a (omega <= 0; 0.1s)
  adaptive-p1                  n=3 m=6   custom: n/a (omega <= 0; 0.0s)
  adaptive-p3                  n=3 m=6   custom: n/a (omega <= 0; 0.0s)
  c4-H1                        n=5 m=13  custom: n/a (f = 0 (36 states; Theorem Z); 0.0s)
  c4-H2                        n=9 m=23  custom: n/a (f = 0 (4939 states; Theorem Z); 24.3s)
  c4-H5                        n=21 m=53  custom: n/a (n > 16 or m > 32; 0.0s)
  c4-exposure-deficit2-n2m5    n=2 m=5   custom: n/a (f = 0 (2 states; Theorem Z); 0.0s)
  c4-exposure-earlier-block-n3m6 n=3 m=6   custom: holds (no state with def > 0; 0.0s)
  c4-exposure-nonleader-n3m5   n=3 m=5   custom: n/a (omega <= 0; 0.0s)
  c4-g2-other-runs-n4m7        n=4 m=7   custom: n/a (omega <= 0; 0.0s)
  c4-gadget-stacking-1copy-n3m6 n=3 m=6   custom: n/a (omega <= 0; 0.0s)
  c4-gadget-stacking-2copies-n6m11 n=6 m=11  custom: n/a (omega <= 0; 0.0s)
  c4-lbplus-rotation-n3m6      n=3 m=6   custom: n/a (omega <= 0; 0.0s)
  c4-one-rotation-owner-r-n3m6 n=3 m=6   custom: holds (no state with def > 0; 0.0s)
  c4-one-rotation-two4-n3m6    n=3 m=6   custom: n/a (omega <= 0; 0.0s)
  c4-owner-last-n3m8           n=3 m=8   custom: n/a (f = 0 (8 states; Theorem Z); 0.0s)
  c4-pareto-moves-n3m6         n=3 m=6   custom: n/a (omega <= 0; 0.0s)
  c4min-moves-neither-n3-m9-n3c50 n=3 m=9   custom: holds (f = 1, 6 states with def > 0, DL_RC fails at 0; 0.0s)
  c4min-nounfreeze-n2-m6       n=2 m=6   custom: holds (no state with def > 0; 0.0s)
  c4min-pareto-n3-m7           n=3 m=7   custom: holds (f = 1, 1 states with def > 0, DL_RC fails at 0; 0.0s)
  c4min-phi-n4-m8-n4pc72       n=4 m=8   custom: holds (no state with def > 0; 0.0s)
  c4min-phi-n4-m9-n43c274      n=4 m=9   custom: holds (f = 2, 1 states with def > 0, DL_RC fails at 0; 0.0s)
  c4min-r-alone-n3-m7          n=3 m=7   custom: holds (no state with def > 0; 0.0s)
  c4min-rlam-n3-m8-n3c46       n=3 m=8   custom: holds (f = 1, 1 states with def > 0, DL_RC fails at 0; 0.0s)
  c4min-tlam-n3-m6             n=3 m=6   custom: holds (f = 2, 3 states with def > 0, DL_RC fails at 0; 0.0s)
  c4min-tleximin-n4-m7         n=4 m=7   custom: holds (no state with def > 0; 0.0s)
  c4min-w0-n4-m11-n4pc217      n=4 m=11  custom: holds (f = 2, 4 states with def > 0, DL_RC fails at 0; 0.0s)
  c4one-one-rotation-m8        n=5 m=8   custom: n/a (omega <= 0; 0.0s)
  c4one-one-rotation-m9        n=5 m=9   custom: n/a (omega <= 0; 0.0s)
  c4one-realization-d1         n=5 m=8   custom: n/a (omega <= 0; 0.0s)
  c4x-n2m5-base-needs          n=2 m=5   custom: holds (no state with def > 0; 0.0s)
  c4x-n2m5-frozen              n=2 m=5   custom: n/a (f = 0 (1 states; Theorem Z); 0.0s)
  c4x-n3m5-big-bases           n=3 m=5   custom: n/a (omega <= 0; 0.0s)
  c4x-n3m6-3good-first         n=3 m=6   custom: holds (f = 2, 3 states with def > 0, DL_RC fails at 0; 0.0s)
  c4x-n3m6-ef-bases            n=3 m=6   custom: n/a (omega <= 0; 0.0s)
  c4x-n3m6-onefour-a           n=3 m=6   custom: holds (f = 2, 2 states with def > 0, DL_RC fails at 0; 0.0s)
  c4x-n3m6-onefour-b           n=3 m=6   custom: holds (no state with def > 0; 0.0s)
  c4x-n3m8-leximin             n=3 m=8   custom: holds (f = 1, 3 states with def > 0, DL_RC fails at 0; 0.0s)
  c4x-n3m8-pure-top7           n=3 m=8   custom: holds (f = 1, 3 states with def > 0, DL_RC fails at 0; 0.0s)
  c4x-n4m7-frozen-slots-some   n=4 m=7   custom: holds (f = 3, 4 states with def > 0, DL_RC fails at 0; 0.0s)
  count-n3m8                   n=3 m=8   custom: holds (f = 1, 3 states with def > 0, DL_RC fails at 0; 0.0s)
  dl13-n4m6-fswap              n=4 m=6   custom: holds (f = 3, 6 states with def > 0, DL_RC fails at 0; 0.0s)
  dl13-n4m9-rot                n=4 m=9   custom: holds (f = 1, 1 states with def > 0, DL_RC fails at 0; 0.0s)
  dl2-rot-n3m7                 n=3 m=7   custom: n/a (f = 0 (1 states; Theorem Z); 0.0s)
  f1-bigtop-n3-m8-n3c46        n=3 m=8   custom: holds (f = 1, 3 states with def > 0, DL_RC fails at 0; 0.0s)
  gap-bt5-n5-m10-n53c7265      n=5 m=10  custom: holds (no state with def > 0; 0.0s)
  gap-btcyc-n4-m8-pure122      n=4 m=8   custom: holds (f = 2, 1 states with def > 0, DL_RC fails at 0; 0.0s)
  gap-f2-n4-m7-n42c93          n=4 m=7   custom: holds (no state with def > 0; 0.0s)
  gap-f2-n5-m8-n52c1748        n=5 m=8   custom: holds (no state with def > 0; 0.0s)
  gap-iiinor-n4-m8-n43c170     n=4 m=8   custom: holds (no state with def > 0; 0.0s)
  gap-iit0-n4-m8-n43c145       n=4 m=8   custom: holds (no state with def > 0; 0.0s)
  gap-iit0-n5-m10-n54c6724     n=5 m=10  custom: holds (no state with def > 0; 0.0s)
  gap-ipoollocal-n3-m8-n3c45   n=3 m=8   custom: holds (no state with def > 0; 0.0s)
  gap-ipoollocal-n4-m9-n42c278 n=4 m=9   custom: holds (no state with def > 0; 0.0s)
  gap-ipoollocal-n4-m9-n43c304 n=4 m=9   custom: holds (f = 2, 1 states with def > 0, DL_RC fails at 0; 0.0s)
  gap-ipoollocal-n5-m12-n5pc4202 n=5 m=12  custom: holds (f = 2, 21 states with def > 0, DL_RC fails at 0; 0.0s)
  gap-ipoolopt-n4-m10-n4pc197  n=4 m=10  custom: holds (no state with def > 0; 0.0s)
  gap-ipoolopt-n4-m10-n4pc205  n=4 m=10  custom: holds (f = 2, 4 states with def > 0, DL_RC fails at 0; 0.0s)
  gap-ipoolopt-n4-m9-n43c247   n=4 m=9   custom: holds (no state with def > 0; 0.0s)
  gap-ipoolopt-n4-m9-n43c252   n=4 m=9   custom: holds (no state with def > 0; 0.0s)
  gap-ipoolopt-n5-m11-n5pc3385 n=5 m=11  custom: holds (no state with def > 0; 0.0s)
  gap-ipoolopt-n5-m12-n54c9458 n=5 m=12  custom: holds (no state with def > 0; 0.0s)
  gap-itlocal-n3-m8-n3c46      n=3 m=8   custom: holds (f = 1, 3 states with def > 0, DL_RC fails at 0; 0.0s)
  gap-ivmax-n4-m8-n42c203      n=4 m=8   custom: holds (no state with def > 0; 0.0s)
  gap-ivmax-n4-m8-n43c167      n=4 m=8   custom: holds (no state with def > 0; 0.0s)
  gap-ivmax-n5-m9-n53c5848     n=5 m=9   custom: holds (no state with def > 0; 0.0s)
  gap-ivmax-n5-m9-n54c4018     n=5 m=9   custom: holds (no state with def > 0; 0.0s)
  gap-ivmax-n5-m9-n5pc1347     n=5 m=9   custom: holds (no state with def > 0; 0.0s)
  gap-ivsetting-n3-m6-n3c23    n=3 m=6   custom: holds (f = 1, 1 states with def > 0, DL_RC fails at 0; 0.0s)
  gap-ivsetting-n4-m7-n41c75   n=4 m=7   custom: holds (no state with def > 0; 0.0s)
  gap-ivsetting-n5-m8-n51c875  n=5 m=8   custom: holds (no state with def > 0; 0.0s)
  gap-local-n3-m7-n3c43        n=3 m=7   custom: holds (f = 1, 1 states with def > 0, DL_RC fails at 0; 0.0s)
  gap-npo-n2-m6                n=2 m=6   custom: holds (no state with def > 0; 0.0s)
  gap-phi-n4-m10-pure183       n=4 m=10  custom: holds (f = 2, 4 states with def > 0, DL_RC fails at 0; 0.0s)
  gap-phi-n4-m8-pure104        n=4 m=8   custom: holds (f = 2, 1 states with def > 0, DL_RC fails at 0; 0.0s)
  gap-phi-w-n4-m10-pure178     n=4 m=10  custom: holds (f = 2, 5 states with def > 0, DL_RC fails at 0; 0.0s)
  gap-phifirst-n4-m9-n4pc133   n=4 m=9   custom: holds (no state with def > 0; 0.0s)
  gap-samen-n4-m8-n43c147      n=4 m=8   custom: holds (no state with def > 0; 0.0s)
  gap-t2-n4-m8-n42c204         n=4 m=8   custom: holds (no state with def > 0; 0.0s)
  gap-w-n2-m5                  n=2 m=5   custom: holds (no state with def > 0; 0.0s)
  gap-w-n4-m10-pure179         n=4 m=10  custom: holds (f = 2, 1 states with def > 0, DL_RC fails at 0; 0.0s)
  gap-w-n4-m8-pure117          n=4 m=8   custom: holds (no state with def > 0; 0.0s)
  gap-w-n4-m8-pure120          n=4 m=8   custom: holds (no state with def > 0; 0.0s)
  gm4-A                        n=4 m=7   custom: holds (f = 2, 1 states with def > 0, DL_RC fails at 0; 0.0s)
  gm4-B                        n=4 m=7   custom: holds (f = 2, 1 states with def > 0, DL_RC fails at 0; 0.0s)
  gm4-C                        n=4 m=7   custom: holds (f = 2, 1 states with def > 0, DL_RC fails at 0; 0.0s)
  gm4-D                        n=4 m=7   custom: holds (f = 2, 1 states with def > 0, DL_RC fails at 0; 0.0s)
  gm4-E                        n=4 m=7   custom: holds (f = 2, 1 states with def > 0, DL_RC fails at 0; 0.0s)
  gm4-F                        n=4 m=7   custom: holds (f = 2, 1 states with def > 0, DL_RC fails at 0; 0.0s)
  gm4-G                        n=4 m=7   custom: holds (f = 2, 1 states with def > 0, DL_RC fails at 0; 0.0s)
  gm4-H                        n=4 m=6   custom: n/a (omega <= 0; 0.0s)
  gm4-P                        n=4 m=7   custom: holds (f = 2, 1 states with def > 0, DL_RC fails at 0; 0.0s)
  gm4-S                        n=4 m=6   custom: n/a (omega <= 0; 0.0s)
  hall-bestpair-core44         n=3 m=7   custom: holds (f = 1, 2 states with def > 0, DL_RC fails at 0; 0.0s)
  hall-bt4                     n=4 m=7   custom: holds (f = 2, 1 states with def > 0, DL_RC fails at 0; 0.0s)
  hall-btown-core46            n=3 m=8   custom: holds (f = 1, 3 states with def > 0, DL_RC fails at 0; 0.0s)
  hall-cyc6                    n=6 m=15  custom: n/a (f = 0 (144 states; Theorem Z); 0.0s)
  hall-local3                  n=3 m=7   custom: holds (f = 1, 7 states with def > 0, DL_RC fails at 0; 0.0s)
  induct-b-r0-pot-minvw        n=2 m=4   custom: n/a (omega <= 0; 0.0s)
  induct-b-r1                  n=3 m=5   custom: n/a (omega <= 0; 0.0s)
  induct-b-r2                  n=4 m=7   custom: n/a (omega <= 0; 0.0s)
  induct-g-r0                  n=2 m=4   custom: n/a (omega <= 0; 0.0s)
  induct-g-r1                  n=2 m=5   custom: n/a (f = 0 (4 states; Theorem Z); 0.0s)
  induct-g-r2                  n=3 m=5   custom: n/a (omega <= 0; 0.0s)
  induct-g-r3                  n=5 m=6   custom: n/a (omega <= 0; 0.0s)
  induct-gps-q4-a              n=3 m=5   custom: n/a (omega <= 0; 0.0s)
  induct-gps-q4-b              n=3 m=5   custom: n/a (omega <= 0; 0.0s)
  induct-lbo-every-run         n=4 m=5   custom: n/a (omega <= 0; 0.0s)
  induct-lbo-no-partial        n=4 m=5   custom: n/a (omega <= 0; 0.0s)
  induct-lbo-no-rot            n=4 m=5   custom: n/a (omega <= 0; 0.0s)
  induct-lbo-not-last          n=5 m=9   custom: n/a (omega <= 0; 0.0s)
  induct-lbo-owner-only        n=4 m=6   custom: n/a (omega <= 0; 0.0s)
  induct-pot-env-tiebreaks     n=3 m=5   custom: n/a (omega <= 0; 0.0s)
  induct-pot-env               n=3 m=5   custom: n/a (omega <= 0; 0.0s)
  induct-pot-envy              n=3 m=4   custom: n/a (omega <= 0; 0.0s)
  induct-pot-maxvw             n=3 m=4   custom: n/a (omega <= 0; 0.0s)
  induct-pot-nash              n=3 m=6   custom: holds (no state with def > 0; 0.0s)
  induct-pot-util              n=3 m=6   custom: n/a (omega <= 0; 0.0s)
  induct-q4-rules              n=3 m=5   custom: n/a (omega <= 0; 0.0s)
  induct-v-pot-env-util        n=2 m=5   custom: holds (no state with def > 0; 0.0s)
  induct-v-r0                  n=2 m=5   custom: holds (no state with def > 0; 0.0s)
  induct-v-r1                  n=3 m=5   custom: n/a (omega <= 0; 0.0s)
  induct-v-r3                  n=3 m=6   custom: holds (no state with def > 0; 0.0s)
  lb4-fixed-insertion-n3m6     n=3 m=6   custom: n/a (omega <= 0; 0.0s)
  lb4-last-block-leader-index-n4m8 n=4 m=8   custom: n/a (omega <= 0; 0.0s)
  lb4-last-block-leader-n4m8   n=4 m=8   custom: n/a (omega <= 0; 0.0s)
  lb4-lbplus-ef-n3m6           n=3 m=6   custom: n/a (omega <= 0; 0.0s)
  lb4-n2m5-upgrade             n=2 m=5   custom: n/a (f = 0 (2 states; Theorem Z); 0.0s)
  lb4-no-rotation-n3m5         n=3 m=5   custom: n/a (omega <= 0; 0.0s)
  lb4-owner-needs-from-base-n4m8 n=4 m=8   custom: holds (f = 2, 4 states with def > 0, DL_RC fails at 0; 0.0s)
  lil-noncore-n3               n=3 m=9   custom: holds (f = 1, 20 states with def > 0, DL_RC fails at 0 (not a core: the statement does not apply); 0.0s)
  lil-text-n3                  n=3 m=7   custom: holds (f = 1, 2 states with def > 0, DL_RC fails at 0; 0.0s)
  lil-text-n4                  n=4 m=9   custom: holds (no state with def > 0; 0.0s)
  lmbt-HH3                     n=26 m=65  custom: n/a (n > 16 or m > 32; 0.0s)
  lmbt-Hq3                     n=14 m=34  custom: n/a (n > 16 or m > 32; 0.0s)
  ls-alt-rule-n4m7             n=4 m=7   custom: n/a (omega <= 0; 0.0s)
  ls-clean-placement-n3m5      n=3 m=5   custom: holds (no state with def > 0; 0.0s)
  ls-dead-end-n4m7             n=4 m=7   custom: n/a (omega <= 0; 0.0s)
  ls-exchange-no-keep-n3m6     n=3 m=6   custom: n/a (omega <= 0; 0.0s)
  ls-no-exchange-n2m4          n=2 m=4   custom: n/a (omega <= 0; 0.0s)
  ls-one-pool-agent-n5m8       n=5 m=8   custom: n/a (omega <= 0; 0.0s)
  ls-short-cycles-n3m5         n=3 m=5   custom: n/a (omega <= 0; 0.0s)
  ls-simple-split-n4m6         n=4 m=6   custom: n/a (omega <= 0; 0.0s)
  ls-single-dump-n4m7          n=4 m=7   custom: n/a (omega <= 0; 0.0s)
  lsp-bounded-coalitions-n4m7  n=4 m=7   custom: n/a (omega <= 0; 0.0s)
  lsp-early-stop-n4m7          n=4 m=7   custom: n/a (omega <= 0; 0.0s)
  nsw-local-n3m5               n=3 m=5   custom: n/a (omega <= 0; 0.0s)
  nsw-strict-n4m8              n=4 m=8   custom: holds (no state with def > 0; 0.0s)
  nsw-strict-n4m9              n=4 m=9   custom: holds (no state with def > 0; 0.0s)
  rc-n5m12-f2                  n=5 m=12  custom: FAILS (f = 2, 114 states with def > 0, DL_RC fails at 4; 0.0s)
  rc-n5m13-f1                  n=5 m=13  custom: FAILS (f = 1, 45 states with def > 0, DL_RC fails at 1; 0.0s)
  red-a1-hopeless-key          n=3 m=6   custom: holds (f = 1, 2 states with def > 0, DL_RC fails at 0; 0.0s)
  red-a2-hstar                 n=3 m=8   custom: holds (f = 1, 3 states with def > 0, DL_RC fails at 0; 0.0s)
  red-b1-blocked-improvement   n=4 m=11  custom: holds (f = 1, 39 states with def > 0, DL_RC fails at 0; 0.0s)
  red-key-without-t0           n=3 m=7   custom: holds (f = 1, 3 states with def > 0, DL_RC fails at 0; 0.0s)
  red-lil-nokeep-b             n=3 m=7   custom: holds (f = 1, 3 states with def > 0, DL_RC fails at 0; 0.0s)
  red-pm-offpath-hypothesis    n=3 m=7   custom: holds (f = 1, 5 states with def > 0, DL_RC fails at 0; 0.0s)
  rt4-n5m10-chain              n=5 m=10  custom: holds (f = 3, 12 states with def > 0, DL_RC fails at 0; 0.0s)
  rt4-n5m9-chain               n=5 m=9   custom: holds (f = 3, 14 states with def > 0, DL_RC fails at 0; 0.0s)
## keyplus_c: DL on the key graph with T3+ / T4 edges: at f >= 1 every key with def* > 0 has a T3+ or T4 edge from one of its states to a key with a smaller def* (dlrc.c) [k4/rc_pred.py]
  adaptive-cover-multi4        n=2 m=4   custom: n/a (omega <= 0; 0.0s)
  adaptive-p1                  n=3 m=6   custom: n/a (omega <= 0; 0.0s)
  adaptive-p3                  n=3 m=6   custom: n/a (omega <= 0; 0.0s)
  c4-H1                        n=5 m=13  custom: n/a (f = 0 (36 states; Theorem Z); 0.0s)
  c4-H2                        n=9 m=23  custom: n/a (f = 0 (4939 states; Theorem Z); 24.5s)
  c4-H5                        n=21 m=53  custom: n/a (n > 16 or m > 32; 0.0s)
  c4-exposure-deficit2-n2m5    n=2 m=5   custom: n/a (f = 0 (2 states; Theorem Z); 0.0s)
  c4-exposure-earlier-block-n3m6 n=3 m=6   custom: holds (no state with def > 0; 0.0s)
  c4-exposure-nonleader-n3m5   n=3 m=5   custom: n/a (omega <= 0; 0.0s)
  c4-g2-other-runs-n4m7        n=4 m=7   custom: n/a (omega <= 0; 0.0s)
  c4-gadget-stacking-1copy-n3m6 n=3 m=6   custom: n/a (omega <= 0; 0.0s)
  c4-gadget-stacking-2copies-n6m11 n=6 m=11  custom: n/a (omega <= 0; 0.0s)
  c4-lbplus-rotation-n3m6      n=3 m=6   custom: n/a (omega <= 0; 0.0s)
  c4-one-rotation-owner-r-n3m6 n=3 m=6   custom: holds (no state with def > 0; 0.0s)
  c4-one-rotation-two4-n3m6    n=3 m=6   custom: n/a (omega <= 0; 0.0s)
  c4-owner-last-n3m8           n=3 m=8   custom: n/a (f = 0 (8 states; Theorem Z); 0.0s)
  c4-pareto-moves-n3m6         n=3 m=6   custom: n/a (omega <= 0; 0.0s)
  c4min-moves-neither-n3-m9-n3c50 n=3 m=9   custom: holds (f = 1, no keys with def* > 0; 0.0s)
  c4min-nounfreeze-n2-m6       n=2 m=6   custom: holds (no state with def > 0; 0.0s)
  c4min-pareto-n3-m7           n=3 m=7   custom: holds (f = 1, no keys with def* > 0; 0.0s)
  c4min-phi-n4-m8-n4pc72       n=4 m=8   custom: holds (no state with def > 0; 0.0s)
  c4min-phi-n4-m9-n43c274      n=4 m=9   custom: holds (f = 2, no keys with def* > 0; 0.0s)
  c4min-r-alone-n3-m7          n=3 m=7   custom: holds (no state with def > 0; 0.0s)
  c4min-rlam-n3-m8-n3c46       n=3 m=8   custom: holds (f = 1, no keys with def* > 0; 0.0s)
  c4min-tlam-n3-m6             n=3 m=6   custom: holds (f = 2, 2 keys with def* > 0, key-graph DL (T3+/T4) fails at 0; 0.0s)
  c4min-tleximin-n4-m7         n=4 m=7   custom: holds (no state with def > 0; 0.0s)
  c4min-w0-n4-m11-n4pc217      n=4 m=11  custom: holds (f = 2, 1 keys with def* > 0, key-graph DL (T3+/T4) fails at 0; 0.0s)
  c4one-one-rotation-m8        n=5 m=8   custom: n/a (omega <= 0; 0.0s)
  c4one-one-rotation-m9        n=5 m=9   custom: n/a (omega <= 0; 0.0s)
  c4one-realization-d1         n=5 m=8   custom: n/a (omega <= 0; 0.0s)
  c4x-n2m5-base-needs          n=2 m=5   custom: holds (no state with def > 0; 0.0s)
  c4x-n2m5-frozen              n=2 m=5   custom: n/a (f = 0 (1 states; Theorem Z); 0.0s)
  c4x-n3m5-big-bases           n=3 m=5   custom: n/a (omega <= 0; 0.0s)
  c4x-n3m6-3good-first         n=3 m=6   custom: holds (f = 2, 2 keys with def* > 0, key-graph DL (T3+/T4) fails at 0; 0.0s)
  c4x-n3m6-ef-bases            n=3 m=6   custom: n/a (omega <= 0; 0.0s)
  c4x-n3m6-onefour-a           n=3 m=6   custom: holds (f = 2, 2 keys with def* > 0, key-graph DL (T3+/T4) fails at 0; 0.0s)
  c4x-n3m6-onefour-b           n=3 m=6   custom: holds (no state with def > 0; 0.0s)
  c4x-n3m8-leximin             n=3 m=8   custom: holds (f = 1, no keys with def* > 0; 0.0s)
  c4x-n3m8-pure-top7           n=3 m=8   custom: holds (f = 1, no keys with def* > 0; 0.0s)
  c4x-n4m7-frozen-slots-some   n=4 m=7   custom: holds (f = 3, 4 keys with def* > 0, key-graph DL (T3+/T4) fails at 0; 0.0s)
  count-n3m8                   n=3 m=8   custom: holds (f = 1, no keys with def* > 0; 0.0s)
  dl13-n4m6-fswap              n=4 m=6   custom: holds (f = 3, 6 keys with def* > 0, key-graph DL (T3+/T4) fails at 0; 0.0s)
  dl13-n4m9-rot                n=4 m=9   custom: holds (f = 1, no keys with def* > 0; 0.0s)
  dl2-rot-n3m7                 n=3 m=7   custom: n/a (f = 0 (1 states; Theorem Z); 0.0s)
  f1-bigtop-n3-m8-n3c46        n=3 m=8   custom: holds (f = 1, no keys with def* > 0; 0.0s)
  gap-bt5-n5-m10-n53c7265      n=5 m=10  custom: holds (no state with def > 0; 0.0s)
  gap-btcyc-n4-m8-pure122      n=4 m=8   custom: holds (f = 2, no keys with def* > 0; 0.0s)
  gap-f2-n4-m7-n42c93          n=4 m=7   custom: holds (no state with def > 0; 0.0s)
  gap-f2-n5-m8-n52c1748        n=5 m=8   custom: holds (no state with def > 0; 0.0s)
  gap-iiinor-n4-m8-n43c170     n=4 m=8   custom: holds (no state with def > 0; 0.0s)
  gap-iit0-n4-m8-n43c145       n=4 m=8   custom: holds (no state with def > 0; 0.0s)
  gap-iit0-n5-m10-n54c6724     n=5 m=10  custom: holds (no state with def > 0; 0.0s)
  gap-ipoollocal-n3-m8-n3c45   n=3 m=8   custom: holds (no state with def > 0; 0.0s)
  gap-ipoollocal-n4-m9-n42c278 n=4 m=9   custom: holds (no state with def > 0; 0.0s)
  gap-ipoollocal-n4-m9-n43c304 n=4 m=9   custom: holds (f = 2, no keys with def* > 0; 0.0s)
  gap-ipoollocal-n5-m12-n5pc4202 n=5 m=12  custom: holds (f = 2, no keys with def* > 0; 0.0s)
  gap-ipoolopt-n4-m10-n4pc197  n=4 m=10  custom: holds (no state with def > 0; 0.0s)
  gap-ipoolopt-n4-m10-n4pc205  n=4 m=10  custom: holds (f = 2, 1 keys with def* > 0, key-graph DL (T3+/T4) fails at 0; 0.0s)
  gap-ipoolopt-n4-m9-n43c247   n=4 m=9   custom: holds (no state with def > 0; 0.0s)
  gap-ipoolopt-n4-m9-n43c252   n=4 m=9   custom: holds (no state with def > 0; 0.0s)
  gap-ipoolopt-n5-m11-n5pc3385 n=5 m=11  custom: holds (no state with def > 0; 0.0s)
  gap-ipoolopt-n5-m12-n54c9458 n=5 m=12  custom: holds (no state with def > 0; 0.0s)
  gap-itlocal-n3-m8-n3c46      n=3 m=8   custom: holds (f = 1, no keys with def* > 0; 0.0s)
  gap-ivmax-n4-m8-n42c203      n=4 m=8   custom: holds (no state with def > 0; 0.0s)
  gap-ivmax-n4-m8-n43c167      n=4 m=8   custom: holds (no state with def > 0; 0.0s)
  gap-ivmax-n5-m9-n53c5848     n=5 m=9   custom: holds (no state with def > 0; 0.0s)
  gap-ivmax-n5-m9-n54c4018     n=5 m=9   custom: holds (no state with def > 0; 0.0s)
  gap-ivmax-n5-m9-n5pc1347     n=5 m=9   custom: holds (no state with def > 0; 0.0s)
  gap-ivsetting-n3-m6-n3c23    n=3 m=6   custom: holds (f = 1, no keys with def* > 0; 0.0s)
  gap-ivsetting-n4-m7-n41c75   n=4 m=7   custom: holds (no state with def > 0; 0.0s)
  gap-ivsetting-n5-m8-n51c875  n=5 m=8   custom: holds (no state with def > 0; 0.0s)
  gap-local-n3-m7-n3c43        n=3 m=7   custom: holds (f = 1, no keys with def* > 0; 0.0s)
  gap-npo-n2-m6                n=2 m=6   custom: holds (no state with def > 0; 0.0s)
  gap-phi-n4-m10-pure183       n=4 m=10  custom: holds (f = 2, no keys with def* > 0; 0.0s)
  gap-phi-n4-m8-pure104        n=4 m=8   custom: holds (f = 2, no keys with def* > 0; 0.0s)
  gap-phi-w-n4-m10-pure178     n=4 m=10  custom: holds (f = 2, 1 keys with def* > 0, key-graph DL (T3+/T4) fails at 0; 0.0s)
  gap-phifirst-n4-m9-n4pc133   n=4 m=9   custom: holds (no state with def > 0; 0.0s)
  gap-samen-n4-m8-n43c147      n=4 m=8   custom: holds (no state with def > 0; 0.0s)
  gap-t2-n4-m8-n42c204         n=4 m=8   custom: holds (no state with def > 0; 0.0s)
  gap-w-n2-m5                  n=2 m=5   custom: holds (no state with def > 0; 0.0s)
  gap-w-n4-m10-pure179         n=4 m=10  custom: holds (f = 2, no keys with def* > 0; 0.0s)
  gap-w-n4-m8-pure117          n=4 m=8   custom: holds (no state with def > 0; 0.0s)
  gap-w-n4-m8-pure120          n=4 m=8   custom: holds (no state with def > 0; 0.0s)
  gm4-A                        n=4 m=7   custom: holds (f = 2, no keys with def* > 0; 0.0s)
  gm4-B                        n=4 m=7   custom: holds (f = 2, no keys with def* > 0; 0.0s)
  gm4-C                        n=4 m=7   custom: holds (f = 2, no keys with def* > 0; 0.0s)
  gm4-D                        n=4 m=7   custom: holds (f = 2, no keys with def* > 0; 0.0s)
  gm4-E                        n=4 m=7   custom: holds (f = 2, no keys with def* > 0; 0.0s)
  gm4-F                        n=4 m=7   custom: holds (f = 2, no keys with def* > 0; 0.0s)
  gm4-G                        n=4 m=7   custom: holds (f = 2, no keys with def* > 0; 0.0s)
  gm4-H                        n=4 m=6   custom: n/a (omega <= 0; 0.0s)
  gm4-P                        n=4 m=7   custom: holds (f = 2, no keys with def* > 0; 0.0s)
  gm4-S                        n=4 m=6   custom: n/a (omega <= 0; 0.0s)
  hall-bestpair-core44         n=3 m=7   custom: holds (f = 1, no keys with def* > 0; 0.0s)
  hall-bt4                     n=4 m=7   custom: holds (f = 2, no keys with def* > 0; 0.0s)
  hall-btown-core46            n=3 m=8   custom: holds (f = 1, no keys with def* > 0; 0.0s)
  hall-cyc6                    n=6 m=15  custom: n/a (f = 0 (144 states; Theorem Z); 0.0s)
  hall-local3                  n=3 m=7   custom: holds (f = 1, no keys with def* > 0; 0.0s)
  induct-b-r0-pot-minvw        n=2 m=4   custom: n/a (omega <= 0; 0.0s)
  induct-b-r1                  n=3 m=5   custom: n/a (omega <= 0; 0.0s)
  induct-b-r2                  n=4 m=7   custom: n/a (omega <= 0; 0.0s)
  induct-g-r0                  n=2 m=4   custom: n/a (omega <= 0; 0.0s)
  induct-g-r1                  n=2 m=5   custom: n/a (f = 0 (4 states; Theorem Z); 0.0s)
  induct-g-r2                  n=3 m=5   custom: n/a (omega <= 0; 0.0s)
  induct-g-r3                  n=5 m=6   custom: n/a (omega <= 0; 0.0s)
  induct-gps-q4-a              n=3 m=5   custom: n/a (omega <= 0; 0.0s)
  induct-gps-q4-b              n=3 m=5   custom: n/a (omega <= 0; 0.0s)
  induct-lbo-every-run         n=4 m=5   custom: n/a (omega <= 0; 0.0s)
  induct-lbo-no-partial        n=4 m=5   custom: n/a (omega <= 0; 0.0s)
  induct-lbo-no-rot            n=4 m=5   custom: n/a (omega <= 0; 0.0s)
  induct-lbo-not-last          n=5 m=9   custom: n/a (omega <= 0; 0.0s)
  induct-lbo-owner-only        n=4 m=6   custom: n/a (omega <= 0; 0.0s)
  induct-pot-env-tiebreaks     n=3 m=5   custom: n/a (omega <= 0; 0.0s)
  induct-pot-env               n=3 m=5   custom: n/a (omega <= 0; 0.0s)
  induct-pot-envy              n=3 m=4   custom: n/a (omega <= 0; 0.0s)
  induct-pot-maxvw             n=3 m=4   custom: n/a (omega <= 0; 0.0s)
  induct-pot-nash              n=3 m=6   custom: holds (no state with def > 0; 0.0s)
  induct-pot-util              n=3 m=6   custom: n/a (omega <= 0; 0.0s)
  induct-q4-rules              n=3 m=5   custom: n/a (omega <= 0; 0.0s)
  induct-v-pot-env-util        n=2 m=5   custom: holds (no state with def > 0; 0.0s)
  induct-v-r0                  n=2 m=5   custom: holds (no state with def > 0; 0.0s)
  induct-v-r1                  n=3 m=5   custom: n/a (omega <= 0; 0.0s)
  induct-v-r3                  n=3 m=6   custom: holds (no state with def > 0; 0.0s)
  lb4-fixed-insertion-n3m6     n=3 m=6   custom: n/a (omega <= 0; 0.0s)
  lb4-last-block-leader-index-n4m8 n=4 m=8   custom: n/a (omega <= 0; 0.0s)
  lb4-last-block-leader-n4m8   n=4 m=8   custom: n/a (omega <= 0; 0.0s)
  lb4-lbplus-ef-n3m6           n=3 m=6   custom: n/a (omega <= 0; 0.0s)
  lb4-n2m5-upgrade             n=2 m=5   custom: n/a (f = 0 (2 states; Theorem Z); 0.0s)
  lb4-no-rotation-n3m5         n=3 m=5   custom: n/a (omega <= 0; 0.0s)
  lb4-owner-needs-from-base-n4m8 n=4 m=8   custom: holds (f = 2, 2 keys with def* > 0, key-graph DL (T3+/T4) fails at 0; 0.0s)
  lil-noncore-n3               n=3 m=9   custom: holds (f = 1, 1 keys with def* > 0, key-graph DL (T3+/T4) fails at 0 (not a core: the statement does not apply); 0.0s)
  lil-text-n3                  n=3 m=7   custom: holds (f = 1, no keys with def* > 0; 0.0s)
  lil-text-n4                  n=4 m=9   custom: holds (no state with def > 0; 0.0s)
  lmbt-HH3                     n=26 m=65  custom: n/a (n > 16 or m > 32; 0.0s)
  lmbt-Hq3                     n=14 m=34  custom: n/a (n > 16 or m > 32; 0.0s)
  ls-alt-rule-n4m7             n=4 m=7   custom: n/a (omega <= 0; 0.0s)
  ls-clean-placement-n3m5      n=3 m=5   custom: holds (no state with def > 0; 0.0s)
  ls-dead-end-n4m7             n=4 m=7   custom: n/a (omega <= 0; 0.0s)
  ls-exchange-no-keep-n3m6     n=3 m=6   custom: n/a (omega <= 0; 0.0s)
  ls-no-exchange-n2m4          n=2 m=4   custom: n/a (omega <= 0; 0.0s)
  ls-one-pool-agent-n5m8       n=5 m=8   custom: n/a (omega <= 0; 0.0s)
  ls-short-cycles-n3m5         n=3 m=5   custom: n/a (omega <= 0; 0.0s)
  ls-simple-split-n4m6         n=4 m=6   custom: n/a (omega <= 0; 0.0s)
  ls-single-dump-n4m7          n=4 m=7   custom: n/a (omega <= 0; 0.0s)
  lsp-bounded-coalitions-n4m7  n=4 m=7   custom: n/a (omega <= 0; 0.0s)
  lsp-early-stop-n4m7          n=4 m=7   custom: n/a (omega <= 0; 0.0s)
  nsw-local-n3m5               n=3 m=5   custom: n/a (omega <= 0; 0.0s)
  nsw-strict-n4m8              n=4 m=8   custom: holds (no state with def > 0; 0.0s)
  nsw-strict-n4m9              n=4 m=9   custom: holds (no state with def > 0; 0.0s)
  rc-n5m12-f2                  n=5 m=12  custom: holds (f = 2, 2 keys with def* > 0, key-graph DL (T3+/T4) fails at 0; 0.0s)
  rc-n5m13-f1                  n=5 m=13  custom: holds (f = 1, 1 keys with def* > 0, key-graph DL (T3+/T4) fails at 0; 0.0s)
  red-a1-hopeless-key          n=3 m=6   custom: holds (f = 1, 1 keys with def* > 0, key-graph DL (T3+/T4) fails at 0; 0.0s)
  red-a2-hstar                 n=3 m=8   custom: holds (f = 1, no keys with def* > 0; 0.0s)
  red-b1-blocked-improvement   n=4 m=11  custom: holds (f = 1, 1 keys with def* > 0, key-graph DL (T3+/T4) fails at 0; 0.0s)
  red-key-without-t0           n=3 m=7   custom: holds (f = 1, 1 keys with def* > 0, key-graph DL (T3+/T4) fails at 0; 0.0s)
  red-lil-nokeep-b             n=3 m=7   custom: holds (f = 1, no keys with def* > 0; 0.0s)
  red-pm-offpath-hypothesis    n=3 m=7   custom: holds (f = 1, no keys with def* > 0; 0.0s)
  rt4-n5m10-chain              n=5 m=10  custom: holds (f = 3, 4 keys with def* > 0, key-graph DL (T3+/T4) fails at 0; 0.0s)
  rt4-n5m9-chain               n=5 m=9   custom: holds (f = 3, 8 keys with def* > 0, key-graph DL (T3+/T4) fails at 0; 0.0s)
## rc_indep: DL_RC (T1, T2, T3+, T4) at every def > 0 state (f >= 1), with k4/rt4_n5_indep.py's model and move kinds [k4/rc_pred.py]
  adaptive-cover-multi4        n=2 m=4   custom: n/a (omega <= 0; 0.0s)
  adaptive-p1                  n=3 m=6   custom: n/a (omega <= 0; 0.0s)
  adaptive-p3                  n=3 m=6   custom: n/a (omega <= 0; 0.0s)
  c4-H1                        n=5 m=13  custom: n/a (f = 0 (36 states; Theorem Z); 1.6s)
  c4-H2                        n=9 m=23  custom: n/a (n > 5 or m > 13; 0.0s)
  c4-H5                        n=21 m=53  custom: n/a (n > 5 or m > 13; 0.0s)
  c4-exposure-deficit2-n2m5    n=2 m=5   custom: n/a (f = 0 (2 states; Theorem Z); 0.0s)
  c4-exposure-earlier-block-n3m6 n=3 m=6   custom: holds (f = 1, no states with def > 0; 0.0s)
  c4-exposure-nonleader-n3m5   n=3 m=5   custom: n/a (omega <= 0; 0.0s)
  c4-g2-other-runs-n4m7        n=4 m=7   custom: n/a (omega <= 0; 0.0s)
  c4-gadget-stacking-1copy-n3m6 n=3 m=6   custom: n/a (omega <= 0; 0.0s)
  c4-gadget-stacking-2copies-n6m11 n=6 m=11  custom: n/a (n > 5 or m > 13; 0.0s)
  c4-lbplus-rotation-n3m6      n=3 m=6   custom: n/a (omega <= 0; 0.0s)
  c4-one-rotation-owner-r-n3m6 n=3 m=6   custom: holds (f = 1, no states with def > 0; 0.0s)
  c4-one-rotation-two4-n3m6    n=3 m=6   custom: n/a (omega <= 0; 0.0s)
  c4-owner-last-n3m8           n=3 m=8   custom: n/a (f = 0 (8 states; Theorem Z); 0.0s)
  c4-pareto-moves-n3m6         n=3 m=6   custom: n/a (omega <= 0; 0.0s)
  c4min-moves-neither-n3-m9-n3c50 n=3 m=9   custom: holds (f = 1, 6 states with def > 0, DL_RC fails at 0; 0.0s)
  c4min-nounfreeze-n2-m6       n=2 m=6   custom: holds (f = 1, no states with def > 0; 0.0s)
  c4min-pareto-n3-m7           n=3 m=7   custom: holds (f = 1, 1 states with def > 0, DL_RC fails at 0; 0.0s)
  c4min-phi-n4-m8-n4pc72       n=4 m=8   custom: holds (f = 2, no states with def > 0; 0.0s)
  c4min-phi-n4-m9-n43c274      n=4 m=9   custom: holds (f = 2, 1 states with def > 0, DL_RC fails at 0; 0.0s)
  c4min-r-alone-n3-m7          n=3 m=7   custom: n/a (f = 0 (0 states; Theorem Z); 0.0s)
  c4min-rlam-n3-m8-n3c46       n=3 m=8   custom: holds (f = 1, 1 states with def > 0, DL_RC fails at 0; 0.0s)
  c4min-tlam-n3-m6             n=3 m=6   custom: holds (f = 2, 3 states with def > 0, DL_RC fails at 0; 0.0s)
  c4min-tleximin-n4-m7         n=4 m=7   custom: holds (f = 2, no states with def > 0; 0.0s)
  c4min-w0-n4-m11-n4pc217      n=4 m=11  custom: holds (f = 2, 4 states with def > 0, DL_RC fails at 0; 0.1s)
  c4one-one-rotation-m8        n=5 m=8   custom: n/a (omega <= 0; 0.0s)
  c4one-one-rotation-m9        n=5 m=9   custom: n/a (omega <= 0; 0.0s)
  c4one-realization-d1         n=5 m=8   custom: n/a (omega <= 0; 0.0s)
  c4x-n2m5-base-needs          n=2 m=5   custom: holds (f = 1, no states with def > 0; 0.0s)
  c4x-n2m5-frozen              n=2 m=5   custom: n/a (f = 0 (1 states; Theorem Z); 0.0s)
  c4x-n3m5-big-bases           n=3 m=5   custom: n/a (omega <= 0; 0.0s)
  c4x-n3m6-3good-first         n=3 m=6   custom: holds (f = 2, 3 states with def > 0, DL_RC fails at 0; 0.0s)
  c4x-n3m6-ef-bases            n=3 m=6   custom: n/a (omega <= 0; 0.0s)
  c4x-n3m6-onefour-a           n=3 m=6   custom: holds (f = 2, 2 states with def > 0, DL_RC fails at 0; 0.0s)
  c4x-n3m6-onefour-b           n=3 m=6   custom: holds (f = 1, no states with def > 0; 0.0s)
  c4x-n3m8-leximin             n=3 m=8   custom: holds (f = 1, 3 states with def > 0, DL_RC fails at 0; 0.0s)
  c4x-n3m8-pure-top7           n=3 m=8   custom: holds (f = 1, 3 states with def > 0, DL_RC fails at 0; 0.0s)
  c4x-n4m7-frozen-slots-some   n=4 m=7   custom: holds (f = 3, 4 states with def > 0, DL_RC fails at 0; 0.0s)
  count-n3m8                   n=3 m=8   custom: holds (f = 1, 3 states with def > 0, DL_RC fails at 0; 0.0s)
  dl13-n4m6-fswap              n=4 m=6   custom: holds (f = 3, 6 states with def > 0, DL_RC fails at 0; 0.0s)
  dl13-n4m9-rot                n=4 m=9   custom: holds (f = 1, 1 states with def > 0, DL_RC fails at 0; 0.0s)
  dl2-rot-n3m7                 n=3 m=7   custom: n/a (f = 0 (1 states; Theorem Z); 0.0s)
  f1-bigtop-n3-m8-n3c46        n=3 m=8   custom: holds (f = 1, 3 states with def > 0, DL_RC fails at 0; 0.0s)
  gap-bt5-n5-m10-n53c7265      n=5 m=10  custom: holds (f = 2, no states with def > 0; 0.1s)
  gap-btcyc-n4-m8-pure122      n=4 m=8   custom: holds (f = 2, 1 states with def > 0, DL_RC fails at 0; 0.0s)
  gap-f2-n4-m7-n42c93          n=4 m=7   custom: holds (f = 2, no states with def > 0; 0.0s)
  gap-f2-n5-m8-n52c1748        n=5 m=8   custom: holds (f = 3, no states with def > 0; 0.0s)
  gap-iiinor-n4-m8-n43c170     n=4 m=8   custom: holds (f = 1, no states with def > 0; 0.0s)
  gap-iit0-n4-m8-n43c145       n=4 m=8   custom: holds (f = 1, no states with def > 0; 0.0s)
  gap-iit0-n5-m10-n54c6724     n=5 m=10  custom: holds (f = 1, no states with def > 0; 0.2s)
  gap-ipoollocal-n3-m8-n3c45   n=3 m=8   custom: holds (f = 1, no states with def > 0; 0.0s)
  gap-ipoollocal-n4-m9-n42c278 n=4 m=9   custom: holds (f = 2, no states with def > 0; 0.0s)
  gap-ipoollocal-n4-m9-n43c304 n=4 m=9   custom: holds (f = 2, 1 states with def > 0, DL_RC fails at 0; 0.0s)
  gap-ipoollocal-n5-m12-n5pc4202 n=5 m=12  custom: holds (f = 2, 21 states with def > 0, DL_RC fails at 0; 0.6s)
  gap-ipoolopt-n4-m10-n4pc197  n=4 m=10  custom: holds (f = 1, no states with def > 0; 0.0s)
  gap-ipoolopt-n4-m10-n4pc205  n=4 m=10  custom: holds (f = 2, 4 states with def > 0, DL_RC fails at 0; 0.1s)
  gap-ipoolopt-n4-m9-n43c247   n=4 m=9   custom: holds (f = 2, no states with def > 0; 0.0s)
  gap-ipoolopt-n4-m9-n43c252   n=4 m=9   custom: holds (f = 2, no states with def > 0; 0.0s)
  gap-ipoolopt-n5-m11-n5pc3385 n=5 m=11  custom: holds (f = 2, no states with def > 0; 0.2s)
  gap-ipoolopt-n5-m12-n54c9458 n=5 m=12  custom: holds (f = 2, no states with def > 0; 0.2s)
  gap-itlocal-n3-m8-n3c46      n=3 m=8   custom: holds (f = 1, 3 states with def > 0, DL_RC fails at 0; 0.0s)
  gap-ivmax-n4-m8-n42c203      n=4 m=8   custom: holds (f = 1, no states with def > 0; 0.0s)
  gap-ivmax-n4-m8-n43c167      n=4 m=8   custom: holds (f = 1, no states with def > 0; 0.0s)
  gap-ivmax-n5-m9-n53c5848     n=5 m=9   custom: holds (f = 2, no states with def > 0; 0.1s)
  gap-ivmax-n5-m9-n54c4018     n=5 m=9   custom: holds (f = 2, no states with def > 0; 0.1s)
  gap-ivmax-n5-m9-n5pc1347     n=5 m=9   custom: holds (f = 2, no states with def > 0; 0.1s)
  gap-ivsetting-n3-m6-n3c23    n=3 m=6   custom: holds (f = 1, 1 states with def > 0, DL_RC fails at 0; 0.0s)
  gap-ivsetting-n4-m7-n41c75   n=4 m=7   custom: holds (f = 2, no states with def > 0; 0.0s)
  gap-ivsetting-n5-m8-n51c875  n=5 m=8   custom: holds (f = 3, no states with def > 0; 0.0s)
  gap-local-n3-m7-n3c43        n=3 m=7   custom: holds (f = 1, 1 states with def > 0, DL_RC fails at 0; 0.0s)
  gap-npo-n2-m6                n=2 m=6   custom: holds (f = 1, no states with def > 0; 0.0s)
  gap-phi-n4-m10-pure183       n=4 m=10  custom: holds (f = 2, 4 states with def > 0, DL_RC fails at 0; 0.1s)
  gap-phi-n4-m8-pure104        n=4 m=8   custom: holds (f = 2, 1 states with def > 0, DL_RC fails at 0; 0.0s)
  gap-phi-w-n4-m10-pure178     n=4 m=10  custom: holds (f = 2, 5 states with def > 0, DL_RC fails at 0; 0.1s)
  gap-phifirst-n4-m9-n4pc133   n=4 m=9   custom: holds (f = 2, no states with def > 0; 0.0s)
  gap-samen-n4-m8-n43c147      n=4 m=8   custom: holds (f = 2, no states with def > 0; 0.0s)
  gap-t2-n4-m8-n42c204         n=4 m=8   custom: holds (f = 1, no states with def > 0; 0.0s)
  gap-w-n2-m5                  n=2 m=5   custom: holds (f = 1, no states with def > 0; 0.0s)
  gap-w-n4-m10-pure179         n=4 m=10  custom: holds (f = 2, 1 states with def > 0, DL_RC fails at 0; 0.1s)
  gap-w-n4-m8-pure117          n=4 m=8   custom: holds (f = 2, no states with def > 0; 0.0s)
  gap-w-n4-m8-pure120          n=4 m=8   custom: holds (f = 2, no states with def > 0; 0.0s)
  gm4-A                        n=4 m=7   custom: holds (f = 2, 1 states with def > 0, DL_RC fails at 0; 0.0s)
  gm4-B                        n=4 m=7   custom: holds (f = 2, 1 states with def > 0, DL_RC fails at 0; 0.0s)
  gm4-C                        n=4 m=7   custom: holds (f = 2, 1 states with def > 0, DL_RC fails at 0; 0.0s)
  gm4-D                        n=4 m=7   custom: holds (f = 2, 1 states with def > 0, DL_RC fails at 0; 0.0s)
  gm4-E                        n=4 m=7   custom: holds (f = 2, 1 states with def > 0, DL_RC fails at 0; 0.0s)
  gm4-F                        n=4 m=7   custom: holds (f = 2, 1 states with def > 0, DL_RC fails at 0; 0.0s)
  gm4-G                        n=4 m=7   custom: holds (f = 2, 1 states with def > 0, DL_RC fails at 0; 0.0s)
  gm4-H                        n=4 m=6   custom: n/a (omega <= 0; 0.0s)
  gm4-P                        n=4 m=7   custom: holds (f = 2, 1 states with def > 0, DL_RC fails at 0; 0.0s)
  gm4-S                        n=4 m=6   custom: n/a (omega <= 0; 0.0s)
  hall-bestpair-core44         n=3 m=7   custom: holds (f = 1, 2 states with def > 0, DL_RC fails at 0; 0.0s)
  hall-bt4                     n=4 m=7   custom: holds (f = 2, 1 states with def > 0, DL_RC fails at 0; 0.0s)
  hall-btown-core46            n=3 m=8   custom: holds (f = 1, 3 states with def > 0, DL_RC fails at 0; 0.0s)
  hall-cyc6                    n=6 m=15  custom: n/a (n > 5 or m > 13; 0.0s)
  hall-local3                  n=3 m=7   custom: holds (f = 1, 7 states with def > 0, DL_RC fails at 0; 0.0s)
  induct-b-r0-pot-minvw        n=2 m=4   custom: n/a (omega <= 0; 0.0s)
  induct-b-r1                  n=3 m=5   custom: n/a (omega <= 0; 0.0s)
  induct-b-r2                  n=4 m=7   custom: n/a (omega <= 0; 0.0s)
  induct-g-r0                  n=2 m=4   custom: n/a (omega <= 0; 0.0s)
  induct-g-r1                  n=2 m=5   custom: n/a (f = 0 (4 states; Theorem Z); 0.0s)
  induct-g-r2                  n=3 m=5   custom: n/a (omega <= 0; 0.0s)
  induct-g-r3                  n=5 m=6   custom: n/a (omega <= 0; 0.0s)
  induct-gps-q4-a              n=3 m=5   custom: n/a (omega <= 0; 0.0s)
  induct-gps-q4-b              n=3 m=5   custom: n/a (omega <= 0; 0.0s)
  induct-lbo-every-run         n=4 m=5   custom: n/a (omega <= 0; 0.0s)
  induct-lbo-no-partial        n=4 m=5   custom: n/a (omega <= 0; 0.0s)
  induct-lbo-no-rot            n=4 m=5   custom: n/a (omega <= 0; 0.0s)
  induct-lbo-not-last          n=5 m=9   custom: n/a (omega <= 0; 0.0s)
  induct-lbo-owner-only        n=4 m=6   custom: n/a (omega <= 0; 0.0s)
  induct-pot-env-tiebreaks     n=3 m=5   custom: n/a (omega <= 0; 0.0s)
  induct-pot-env               n=3 m=5   custom: n/a (omega <= 0; 0.0s)
  induct-pot-envy              n=3 m=4   custom: n/a (omega <= 0; 0.0s)
  induct-pot-maxvw             n=3 m=4   custom: n/a (omega <= 0; 0.0s)
  induct-pot-nash              n=3 m=6   custom: holds (f = 1, no states with def > 0; 0.0s)
  induct-pot-util              n=3 m=6   custom: n/a (omega <= 0; 0.0s)
  induct-q4-rules              n=3 m=5   custom: n/a (omega <= 0; 0.0s)
  induct-v-pot-env-util        n=2 m=5   custom: n/a (f = 0 (0 states; Theorem Z); 0.0s)
  induct-v-r0                  n=2 m=5   custom: n/a (f = 0 (0 states; Theorem Z); 0.0s)
  induct-v-r1                  n=3 m=5   custom: n/a (omega <= 0; 0.0s)
  induct-v-r3                  n=3 m=6   custom: holds (f = 1, no states with def > 0; 0.0s)
  lb4-fixed-insertion-n3m6     n=3 m=6   custom: n/a (omega <= 0; 0.0s)
  lb4-last-block-leader-index-n4m8 n=4 m=8   custom: n/a (omega <= 0; 0.0s)
  lb4-last-block-leader-n4m8   n=4 m=8   custom: n/a (omega <= 0; 0.0s)
  lb4-lbplus-ef-n3m6           n=3 m=6   custom: n/a (omega <= 0; 0.0s)
  lb4-n2m5-upgrade             n=2 m=5   custom: n/a (f = 0 (2 states; Theorem Z); 0.0s)
  lb4-no-rotation-n3m5         n=3 m=5   custom: n/a (omega <= 0; 0.0s)
  lb4-owner-needs-from-base-n4m8 n=4 m=8   custom: holds (f = 2, 4 states with def > 0, DL_RC fails at 0; 0.0s)
  lil-noncore-n3               n=3 m=9   custom: holds (f = 1, 20 states with def > 0, DL_RC fails at 0 (not a core: the statement does not apply); 0.0s)
  lil-text-n3                  n=3 m=7   custom: holds (f = 1, 2 states with def > 0, DL_RC fails at 0; 0.0s)
  lil-text-n4                  n=4 m=9   custom: holds (f = 1, no states with def > 0; 0.0s)
  lmbt-HH3                     n=26 m=65  custom: n/a (n > 5 or m > 13; 0.0s)
  lmbt-Hq3                     n=14 m=34  custom: n/a (n > 5 or m > 13; 0.0s)
  ls-alt-rule-n4m7             n=4 m=7   custom: n/a (omega <= 0; 0.0s)
  ls-clean-placement-n3m5      n=3 m=5   custom: holds (f = 2, no states with def > 0; 0.0s)
  ls-dead-end-n4m7             n=4 m=7   custom: n/a (omega <= 0; 0.0s)
  ls-exchange-no-keep-n3m6     n=3 m=6   custom: n/a (omega <= 0; 0.0s)
  ls-no-exchange-n2m4          n=2 m=4   custom: n/a (omega <= 0; 0.0s)
  ls-one-pool-agent-n5m8       n=5 m=8   custom: n/a (omega <= 0; 0.0s)
  ls-short-cycles-n3m5         n=3 m=5   custom: n/a (omega <= 0; 0.0s)
  ls-simple-split-n4m6         n=4 m=6   custom: n/a (omega <= 0; 0.0s)
  ls-single-dump-n4m7          n=4 m=7   custom: n/a (omega <= 0; 0.0s)
  lsp-bounded-coalitions-n4m7  n=4 m=7   custom: n/a (omega <= 0; 0.0s)
  lsp-early-stop-n4m7          n=4 m=7   custom: n/a (omega <= 0; 0.0s)
  nsw-local-n3m5               n=3 m=5   custom: n/a (omega <= 0; 0.0s)
  nsw-strict-n4m8              n=4 m=8   custom: holds (f = 1, no states with def > 0; 0.0s)
  nsw-strict-n4m9              n=4 m=9   custom: n/a (f = 0 (0 states; Theorem Z); 0.0s)
  rc-n5m12-f2                  n=5 m=12  custom: FAILS (f = 2, 114 states with def > 0, DL_RC fails at 4; 1.2s)
  rc-n5m13-f1                  n=5 m=13  custom: FAILS (f = 1, 45 states with def > 0, DL_RC fails at 1; 0.7s)
  red-a1-hopeless-key          n=3 m=6   custom: holds (f = 1, 2 states with def > 0, DL_RC fails at 0; 0.0s)
  red-a2-hstar                 n=3 m=8   custom: holds (f = 1, 3 states with def > 0, DL_RC fails at 0; 0.0s)
  red-b1-blocked-improvement   n=4 m=11  custom: holds (f = 1, 39 states with def > 0, DL_RC fails at 0; 0.3s)
  red-key-without-t0           n=3 m=7   custom: holds (f = 1, 3 states with def > 0, DL_RC fails at 0; 0.0s)
  red-lil-nokeep-b             n=3 m=7   custom: holds (f = 1, 3 states with def > 0, DL_RC fails at 0; 0.0s)
  red-pm-offpath-hypothesis    n=3 m=7   custom: holds (f = 1, 5 states with def > 0, DL_RC fails at 0; 0.0s)
  rt4-n5m10-chain              n=5 m=10  custom: holds (f = 3, 12 states with def > 0, DL_RC fails at 0; 0.3s)
  rt4-n5m9-chain               n=5 m=9   custom: holds (f = 3, 14 states with def > 0, DL_RC fails at 0; 0.1s)
## rcy_indep: DL_RC with T3+'s helper (at most one) unrestricted, at every def > 0 state (f >= 1), with k4/rcy_indep.py [k4/rc_pred.py]
  adaptive-cover-multi4        n=2 m=4   custom: n/a (omega <= 0; 0.0s)
  adaptive-p1                  n=3 m=6   custom: n/a (omega <= 0; 0.0s)
  adaptive-p3                  n=3 m=6   custom: n/a (omega <= 0; 0.0s)
  c4-H1                        n=5 m=13  custom: n/a (f = 0 (36 states; Theorem Z); 1.8s)
  c4-H2                        n=9 m=23  custom: n/a (n > 5 or m > 13; 0.0s)
  c4-H5                        n=21 m=53  custom: n/a (n > 5 or m > 13; 0.0s)
  c4-exposure-deficit2-n2m5    n=2 m=5   custom: n/a (f = 0 (2 states; Theorem Z); 0.0s)
  c4-exposure-earlier-block-n3m6 n=3 m=6   custom: holds (f = 1, no states with def > 0; 0.0s)
  c4-exposure-nonleader-n3m5   n=3 m=5   custom: n/a (omega <= 0; 0.0s)
  c4-g2-other-runs-n4m7        n=4 m=7   custom: n/a (omega <= 0; 0.0s)
  c4-gadget-stacking-1copy-n3m6 n=3 m=6   custom: n/a (omega <= 0; 0.0s)
  c4-gadget-stacking-2copies-n6m11 n=6 m=11  custom: n/a (n > 5 or m > 13; 0.0s)
  c4-lbplus-rotation-n3m6      n=3 m=6   custom: n/a (omega <= 0; 0.0s)
  c4-one-rotation-owner-r-n3m6 n=3 m=6   custom: holds (f = 1, no states with def > 0; 0.0s)
  c4-one-rotation-two4-n3m6    n=3 m=6   custom: n/a (omega <= 0; 0.0s)
  c4-owner-last-n3m8           n=3 m=8   custom: n/a (f = 0 (8 states; Theorem Z); 0.0s)
  c4-pareto-moves-n3m6         n=3 m=6   custom: n/a (omega <= 0; 0.0s)
  c4min-moves-neither-n3-m9-n3c50 n=3 m=9   custom: holds (f = 1, 6 states with def > 0, DL_RC with an unrestricted helper fails at 0; 0.0s)
  c4min-nounfreeze-n2-m6       n=2 m=6   custom: holds (f = 1, no states with def > 0; 0.0s)
  c4min-pareto-n3-m7           n=3 m=7   custom: holds (f = 1, 1 states with def > 0, DL_RC with an unrestricted helper fails at 0; 0.0s)
  c4min-phi-n4-m8-n4pc72       n=4 m=8   custom: holds (f = 2, no states with def > 0; 0.0s)
  c4min-phi-n4-m9-n43c274      n=4 m=9   custom: holds (f = 2, 1 states with def > 0, DL_RC with an unrestricted helper fails at 0; 0.0s)
  c4min-r-alone-n3-m7          n=3 m=7   custom: n/a (f = 0 (0 states; Theorem Z); 0.0s)
  c4min-rlam-n3-m8-n3c46       n=3 m=8   custom: holds (f = 1, 1 states with def > 0, DL_RC with an unrestricted helper fails at 0; 0.0s)
  c4min-tlam-n3-m6             n=3 m=6   custom: holds (f = 2, 3 states with def > 0, DL_RC with an unrestricted helper fails at 0; 0.0s)
  c4min-tleximin-n4-m7         n=4 m=7   custom: holds (f = 2, no states with def > 0; 0.0s)
  c4min-w0-n4-m11-n4pc217      n=4 m=11  custom: holds (f = 2, 4 states with def > 0, DL_RC with an unrestricted helper fails at 0; 0.1s)
  c4one-one-rotation-m8        n=5 m=8   custom: n/a (omega <= 0; 0.0s)
  c4one-one-rotation-m9        n=5 m=9   custom: n/a (omega <= 0; 0.0s)
  c4one-realization-d1         n=5 m=8   custom: n/a (omega <= 0; 0.0s)
  c4x-n2m5-base-needs          n=2 m=5   custom: holds (f = 1, no states with def > 0; 0.0s)
  c4x-n2m5-frozen              n=2 m=5   custom: n/a (f = 0 (1 states; Theorem Z); 0.0s)
  c4x-n3m5-big-bases           n=3 m=5   custom: n/a (omega <= 0; 0.0s)
  c4x-n3m6-3good-first         n=3 m=6   custom: holds (f = 2, 3 states with def > 0, DL_RC with an unrestricted helper fails at 0; 0.0s)
  c4x-n3m6-ef-bases            n=3 m=6   custom: n/a (omega <= 0; 0.0s)
  c4x-n3m6-onefour-a           n=3 m=6   custom: holds (f = 2, 2 states with def > 0, DL_RC with an unrestricted helper fails at 0; 0.0s)
  c4x-n3m6-onefour-b           n=3 m=6   custom: holds (f = 1, no states with def > 0; 0.0s)
  c4x-n3m8-leximin             n=3 m=8   custom: holds (f = 1, 3 states with def > 0, DL_RC with an unrestricted helper fails at 0; 0.0s)
  c4x-n3m8-pure-top7           n=3 m=8   custom: holds (f = 1, 3 states with def > 0, DL_RC with an unrestricted helper fails at 0; 0.0s)
  c4x-n4m7-frozen-slots-some   n=4 m=7   custom: holds (f = 3, 4 states with def > 0, DL_RC with an unrestricted helper fails at 0; 0.0s)
  count-n3m8                   n=3 m=8   custom: holds (f = 1, 3 states with def > 0, DL_RC with an unrestricted helper fails at 0; 0.0s)
  dl13-n4m6-fswap              n=4 m=6   custom: holds (f = 3, 6 states with def > 0, DL_RC with an unrestricted helper fails at 0; 0.0s)
  dl13-n4m9-rot                n=4 m=9   custom: holds (f = 1, 1 states with def > 0, DL_RC with an unrestricted helper fails at 0; 0.0s)
  dl2-rot-n3m7                 n=3 m=7   custom: n/a (f = 0 (1 states; Theorem Z); 0.0s)
  f1-bigtop-n3-m8-n3c46        n=3 m=8   custom: holds (f = 1, 3 states with def > 0, DL_RC with an unrestricted helper fails at 0; 0.0s)
  gap-bt5-n5-m10-n53c7265      n=5 m=10  custom: holds (f = 2, no states with def > 0; 0.1s)
  gap-btcyc-n4-m8-pure122      n=4 m=8   custom: holds (f = 2, 1 states with def > 0, DL_RC with an unrestricted helper fails at 0; 0.0s)
  gap-f2-n4-m7-n42c93          n=4 m=7   custom: holds (f = 2, no states with def > 0; 0.0s)
  gap-f2-n5-m8-n52c1748        n=5 m=8   custom: holds (f = 3, no states with def > 0; 0.0s)
  gap-iiinor-n4-m8-n43c170     n=4 m=8   custom: holds (f = 1, no states with def > 0; 0.0s)
  gap-iit0-n4-m8-n43c145       n=4 m=8   custom: holds (f = 1, no states with def > 0; 0.0s)
  gap-iit0-n5-m10-n54c6724     n=5 m=10  custom: holds (f = 1, no states with def > 0; 0.2s)
  gap-ipoollocal-n3-m8-n3c45   n=3 m=8   custom: holds (f = 1, no states with def > 0; 0.0s)
  gap-ipoollocal-n4-m9-n42c278 n=4 m=9   custom: holds (f = 2, no states with def > 0; 0.0s)
  gap-ipoollocal-n4-m9-n43c304 n=4 m=9   custom: holds (f = 2, 1 states with def > 0, DL_RC with an unrestricted helper fails at 0; 0.0s)
  gap-ipoollocal-n5-m12-n5pc4202 n=5 m=12  custom: holds (f = 2, 21 states with def > 0, DL_RC with an unrestricted helper fails at 0; 0.6s)
  gap-ipoolopt-n4-m10-n4pc197  n=4 m=10  custom: holds (f = 1, no states with def > 0; 0.0s)
  gap-ipoolopt-n4-m10-n4pc205  n=4 m=10  custom: holds (f = 2, 4 states with def > 0, DL_RC with an unrestricted helper fails at 0; 0.1s)
  gap-ipoolopt-n4-m9-n43c247   n=4 m=9   custom: holds (f = 2, no states with def > 0; 0.0s)
  gap-ipoolopt-n4-m9-n43c252   n=4 m=9   custom: holds (f = 2, no states with def > 0; 0.0s)
  gap-ipoolopt-n5-m11-n5pc3385 n=5 m=11  custom: holds (f = 2, no states with def > 0; 0.2s)
  gap-ipoolopt-n5-m12-n54c9458 n=5 m=12  custom: holds (f = 2, no states with def > 0; 0.3s)
  gap-itlocal-n3-m8-n3c46      n=3 m=8   custom: holds (f = 1, 3 states with def > 0, DL_RC with an unrestricted helper fails at 0; 0.0s)
  gap-ivmax-n4-m8-n42c203      n=4 m=8   custom: holds (f = 1, no states with def > 0; 0.0s)
  gap-ivmax-n4-m8-n43c167      n=4 m=8   custom: holds (f = 1, no states with def > 0; 0.0s)
  gap-ivmax-n5-m9-n53c5848     n=5 m=9   custom: holds (f = 2, no states with def > 0; 0.1s)
  gap-ivmax-n5-m9-n54c4018     n=5 m=9   custom: holds (f = 2, no states with def > 0; 0.1s)
  gap-ivmax-n5-m9-n5pc1347     n=5 m=9   custom: holds (f = 2, no states with def > 0; 0.1s)
  gap-ivsetting-n3-m6-n3c23    n=3 m=6   custom: holds (f = 1, 1 states with def > 0, DL_RC with an unrestricted helper fails at 0; 0.0s)
  gap-ivsetting-n4-m7-n41c75   n=4 m=7   custom: holds (f = 2, no states with def > 0; 0.0s)
  gap-ivsetting-n5-m8-n51c875  n=5 m=8   custom: holds (f = 3, no states with def > 0; 0.0s)
  gap-local-n3-m7-n3c43        n=3 m=7   custom: holds (f = 1, 1 states with def > 0, DL_RC with an unrestricted helper fails at 0; 0.0s)
  gap-npo-n2-m6                n=2 m=6   custom: holds (f = 1, no states with def > 0; 0.0s)
  gap-phi-n4-m10-pure183       n=4 m=10  custom: holds (f = 2, 4 states with def > 0, DL_RC with an unrestricted helper fails at 0; 0.1s)
  gap-phi-n4-m8-pure104        n=4 m=8   custom: holds (f = 2, 1 states with def > 0, DL_RC with an unrestricted helper fails at 0; 0.0s)
  gap-phi-w-n4-m10-pure178     n=4 m=10  custom: holds (f = 2, 5 states with def > 0, DL_RC with an unrestricted helper fails at 0; 0.1s)
  gap-phifirst-n4-m9-n4pc133   n=4 m=9   custom: holds (f = 2, no states with def > 0; 0.0s)
  gap-samen-n4-m8-n43c147      n=4 m=8   custom: holds (f = 2, no states with def > 0; 0.0s)
  gap-t2-n4-m8-n42c204         n=4 m=8   custom: holds (f = 1, no states with def > 0; 0.0s)
  gap-w-n2-m5                  n=2 m=5   custom: holds (f = 1, no states with def > 0; 0.0s)
  gap-w-n4-m10-pure179         n=4 m=10  custom: holds (f = 2, 1 states with def > 0, DL_RC with an unrestricted helper fails at 0; 0.1s)
  gap-w-n4-m8-pure117          n=4 m=8   custom: holds (f = 2, no states with def > 0; 0.0s)
  gap-w-n4-m8-pure120          n=4 m=8   custom: holds (f = 2, no states with def > 0; 0.0s)
  gm4-A                        n=4 m=7   custom: holds (f = 2, 1 states with def > 0, DL_RC with an unrestricted helper fails at 0; 0.0s)
  gm4-B                        n=4 m=7   custom: holds (f = 2, 1 states with def > 0, DL_RC with an unrestricted helper fails at 0; 0.0s)
  gm4-C                        n=4 m=7   custom: holds (f = 2, 1 states with def > 0, DL_RC with an unrestricted helper fails at 0; 0.0s)
  gm4-D                        n=4 m=7   custom: holds (f = 2, 1 states with def > 0, DL_RC with an unrestricted helper fails at 0; 0.0s)
  gm4-E                        n=4 m=7   custom: holds (f = 2, 1 states with def > 0, DL_RC with an unrestricted helper fails at 0; 0.0s)
  gm4-F                        n=4 m=7   custom: holds (f = 2, 1 states with def > 0, DL_RC with an unrestricted helper fails at 0; 0.0s)
  gm4-G                        n=4 m=7   custom: holds (f = 2, 1 states with def > 0, DL_RC with an unrestricted helper fails at 0; 0.0s)
  gm4-H                        n=4 m=6   custom: n/a (omega <= 0; 0.0s)
  gm4-P                        n=4 m=7   custom: holds (f = 2, 1 states with def > 0, DL_RC with an unrestricted helper fails at 0; 0.0s)
  gm4-S                        n=4 m=6   custom: n/a (omega <= 0; 0.0s)
  hall-bestpair-core44         n=3 m=7   custom: holds (f = 1, 2 states with def > 0, DL_RC with an unrestricted helper fails at 0; 0.0s)
  hall-bt4                     n=4 m=7   custom: holds (f = 2, 1 states with def > 0, DL_RC with an unrestricted helper fails at 0; 0.0s)
  hall-btown-core46            n=3 m=8   custom: holds (f = 1, 3 states with def > 0, DL_RC with an unrestricted helper fails at 0; 0.0s)
  hall-cyc6                    n=6 m=15  custom: n/a (n > 5 or m > 13; 0.0s)
  hall-local3                  n=3 m=7   custom: holds (f = 1, 7 states with def > 0, DL_RC with an unrestricted helper fails at 0; 0.0s)
  induct-b-r0-pot-minvw        n=2 m=4   custom: n/a (omega <= 0; 0.0s)
  induct-b-r1                  n=3 m=5   custom: n/a (omega <= 0; 0.0s)
  induct-b-r2                  n=4 m=7   custom: n/a (omega <= 0; 0.0s)
  induct-g-r0                  n=2 m=4   custom: n/a (omega <= 0; 0.0s)
  induct-g-r1                  n=2 m=5   custom: n/a (f = 0 (4 states; Theorem Z); 0.0s)
  induct-g-r2                  n=3 m=5   custom: n/a (omega <= 0; 0.0s)
  induct-g-r3                  n=5 m=6   custom: n/a (omega <= 0; 0.0s)
  induct-gps-q4-a              n=3 m=5   custom: n/a (omega <= 0; 0.0s)
  induct-gps-q4-b              n=3 m=5   custom: n/a (omega <= 0; 0.0s)
  induct-lbo-every-run         n=4 m=5   custom: n/a (omega <= 0; 0.0s)
  induct-lbo-no-partial        n=4 m=5   custom: n/a (omega <= 0; 0.0s)
  induct-lbo-no-rot            n=4 m=5   custom: n/a (omega <= 0; 0.0s)
  induct-lbo-not-last          n=5 m=9   custom: n/a (omega <= 0; 0.0s)
  induct-lbo-owner-only        n=4 m=6   custom: n/a (omega <= 0; 0.0s)
  induct-pot-env-tiebreaks     n=3 m=5   custom: n/a (omega <= 0; 0.0s)
  induct-pot-env               n=3 m=5   custom: n/a (omega <= 0; 0.0s)
  induct-pot-envy              n=3 m=4   custom: n/a (omega <= 0; 0.0s)
  induct-pot-maxvw             n=3 m=4   custom: n/a (omega <= 0; 0.0s)
  induct-pot-nash              n=3 m=6   custom: holds (f = 1, no states with def > 0; 0.0s)
  induct-pot-util              n=3 m=6   custom: n/a (omega <= 0; 0.0s)
  induct-q4-rules              n=3 m=5   custom: n/a (omega <= 0; 0.0s)
  induct-v-pot-env-util        n=2 m=5   custom: n/a (f = 0 (0 states; Theorem Z); 0.0s)
  induct-v-r0                  n=2 m=5   custom: n/a (f = 0 (0 states; Theorem Z); 0.0s)
  induct-v-r1                  n=3 m=5   custom: n/a (omega <= 0; 0.0s)
  induct-v-r3                  n=3 m=6   custom: holds (f = 1, no states with def > 0; 0.0s)
  lb4-fixed-insertion-n3m6     n=3 m=6   custom: n/a (omega <= 0; 0.0s)
  lb4-last-block-leader-index-n4m8 n=4 m=8   custom: n/a (omega <= 0; 0.0s)
  lb4-last-block-leader-n4m8   n=4 m=8   custom: n/a (omega <= 0; 0.0s)
  lb4-lbplus-ef-n3m6           n=3 m=6   custom: n/a (omega <= 0; 0.0s)
  lb4-n2m5-upgrade             n=2 m=5   custom: n/a (f = 0 (2 states; Theorem Z); 0.0s)
  lb4-no-rotation-n3m5         n=3 m=5   custom: n/a (omega <= 0; 0.0s)
  lb4-owner-needs-from-base-n4m8 n=4 m=8   custom: holds (f = 2, 4 states with def > 0, DL_RC with an unrestricted helper fails at 0; 0.0s)
  lil-noncore-n3               n=3 m=9   custom: holds (f = 1, 20 states with def > 0, DL_RC with an unrestricted helper fails at 0 (not a core: the statement does not apply); 0.0s)
  lil-text-n3                  n=3 m=7   custom: holds (f = 1, 2 states with def > 0, DL_RC with an unrestricted helper fails at 0; 0.0s)
  lil-text-n4                  n=4 m=9   custom: holds (f = 1, no states with def > 0; 0.0s)
  lmbt-HH3                     n=26 m=65  custom: n/a (n > 5 or m > 13; 0.0s)
  lmbt-Hq3                     n=14 m=34  custom: n/a (n > 5 or m > 13; 0.0s)
  ls-alt-rule-n4m7             n=4 m=7   custom: n/a (omega <= 0; 0.0s)
  ls-clean-placement-n3m5      n=3 m=5   custom: holds (f = 2, no states with def > 0; 0.0s)
  ls-dead-end-n4m7             n=4 m=7   custom: n/a (omega <= 0; 0.0s)
  ls-exchange-no-keep-n3m6     n=3 m=6   custom: n/a (omega <= 0; 0.0s)
  ls-no-exchange-n2m4          n=2 m=4   custom: n/a (omega <= 0; 0.0s)
  ls-one-pool-agent-n5m8       n=5 m=8   custom: n/a (omega <= 0; 0.0s)
  ls-short-cycles-n3m5         n=3 m=5   custom: n/a (omega <= 0; 0.0s)
  ls-simple-split-n4m6         n=4 m=6   custom: n/a (omega <= 0; 0.0s)
  ls-single-dump-n4m7          n=4 m=7   custom: n/a (omega <= 0; 0.0s)
  lsp-bounded-coalitions-n4m7  n=4 m=7   custom: n/a (omega <= 0; 0.0s)
  lsp-early-stop-n4m7          n=4 m=7   custom: n/a (omega <= 0; 0.0s)
  nsw-local-n3m5               n=3 m=5   custom: n/a (omega <= 0; 0.0s)
  nsw-strict-n4m8              n=4 m=8   custom: holds (f = 1, no states with def > 0; 0.0s)
  nsw-strict-n4m9              n=4 m=9   custom: n/a (f = 0 (0 states; Theorem Z); 0.0s)
  rc-n5m12-f2                  n=5 m=12  custom: FAILS (f = 2, 114 states with def > 0, DL_RC with an unrestricted helper fails at 4; 1.2s)
  rc-n5m13-f1                  n=5 m=13  custom: holds (f = 1, 45 states with def > 0, DL_RC with an unrestricted helper fails at 0; 0.7s)
  red-a1-hopeless-key          n=3 m=6   custom: holds (f = 1, 2 states with def > 0, DL_RC with an unrestricted helper fails at 0; 0.0s)
  red-a2-hstar                 n=3 m=8   custom: holds (f = 1, 3 states with def > 0, DL_RC with an unrestricted helper fails at 0; 0.0s)
  red-b1-blocked-improvement   n=4 m=11  custom: holds (f = 1, 39 states with def > 0, DL_RC with an unrestricted helper fails at 0; 0.3s)
  red-key-without-t0           n=3 m=7   custom: holds (f = 1, 3 states with def > 0, DL_RC with an unrestricted helper fails at 0; 0.0s)
  red-lil-nokeep-b             n=3 m=7   custom: holds (f = 1, 3 states with def > 0, DL_RC with an unrestricted helper fails at 0; 0.0s)
  red-pm-offpath-hypothesis    n=3 m=7   custom: holds (f = 1, 5 states with def > 0, DL_RC with an unrestricted helper fails at 0; 0.0s)
  rt4-n5m10-chain              n=5 m=10  custom: holds (f = 3, 12 states with def > 0, DL_RC with an unrestricted helper fails at 0; 0.2s)
  rt4-n5m9-chain               n=5 m=9   custom: holds (f = 3, 14 states with def > 0, DL_RC with an unrestricted helper fails at 0; 0.1s)
# disagreements: 0
# exit 0
