profile {"sets": [[0, 2, 4, 8], [1, 3, 7, 9], [4, 5, 6, 7], [5, 6, 8, 9]], "vals": [[2, 3, 6, 10], [2, 3, 10, 6], [2, 3, 4, 8], [2, 3, 8, 4]], "m": 10}
core violations [] strict True
n=4 m=10 f=2 omega=4; keys 4, with def* > 0: 1

key [8, 7, None, None] def* 1 (rt4_n5_indep: 1) states 7 covered False []
  maximum Q=Config(key=[8, 7, None, None], Q={2: [4, 5], 3: [6, 9]}, L=[0, 1, 2, 3])
    P_Q = [[8], [7], [4, 5], [6, 9]] def 1 (rt4_n5_indep 1)
    free 2: Q=[4, 5] H=[4, 5] robust=True leaf=True X=[0, 1, 2, 3, 4, 5] threatens [0] needs [7]
    free 3: Q=[6, 9] H=[6, 9] robust=True leaf=True X=[0, 1, 2, 3, 6, 9] threatens [1] needs [8]
    frozen 0 on 8: needs []; needers of its good: [3]
    frozen 1 on 7: needs []; needers of its good: [2]
    PR #80 counter: Zmax: Lemma A+ applies=False = 1
    PR #80 counter: Zmax: Lemma A+ or B+ applies=False = 1
    PR #80 counter: Zmax: Lemma B+ applies=False = 1
    PR #80 counter: Zmax: direct T3 move=True, direct T3+ move=True, direct T4 move=False = 1
    PR #80 counter: keys: Lemma A+ or B+ at some Zmax=False = 1
    PR #80 counter: no A+/B+: the free needers are off the path to the leaf = 1
    PR #82 test_max: applied []
    improving (T3)/(T3+) moves from P_Q: 9
      x=0 z=3 W=[] helper=2 -> [[4], [7], [6], [8]] def 0 (indep def 0, kinds ['T3', 'T3+'])
      x=0 z=3 W=[] helper=2 -> [[0, 4], [7], [6], [8]] def 0 (indep def 0, kinds ['T3', 'T3+'])
      x=0 z=3 W=[] helper=2 -> [[2, 4], [7], [6], [8]] def 0 (indep def 0, kinds ['T3', 'T3+'])
      x=0 z=3 W=[] helper=2 -> [[4], [7], [5, 6], [8]] def 0 (indep def 0, kinds ['T3', 'T3+'])
      x=0 z=3 W=[] helper=2 -> [[0, 4], [7], [5, 6], [8]] def 0 (indep def 0, kinds ['T3', 'T3+'])
      x=0 z=3 W=[] helper=2 -> [[2, 4], [7], [5, 6], [8]] def 0 (indep def 0, kinds ['T3', 'T3+'])
      x=1 z=2 W=[] helper=3 -> [[8], [9], [7], [5, 6]] def 0 (indep def 0, kinds ['T3', 'T3+'])
      x=1 z=2 W=[] helper=3 -> [[8], [1, 9], [7], [5, 6]] def 0 (indep def 0, kinds ['T3', 'T3+'])
      x=1 z=2 W=[] helper=3 -> [[8], [3, 9], [7], [5, 6]] def 0 (indep def 0, kinds ['T3', 'T3+'])
  maximum Q=Config(key=[8, 7, None, None], Q={2: [4, 6], 3: [5, 9]}, L=[0, 1, 2, 3])
    P_Q = [[8], [7], [4, 6], [5, 9]] def 1 (rt4_n5_indep 1)
    free 2: Q=[4, 6] H=[4, 6] robust=True leaf=True X=[0, 1, 2, 3, 4, 6] threatens [0] needs [7]
    free 3: Q=[5, 9] H=[5, 9] robust=True leaf=True X=[0, 1, 2, 3, 5, 9] threatens [1] needs [8]
    frozen 0 on 8: needs []; needers of its good: [3]
    frozen 1 on 7: needs []; needers of its good: [2]
    PR #80 counter: Zmax: Lemma A+ applies=False = 1
    PR #80 counter: Zmax: Lemma A+ or B+ applies=False = 1
    PR #80 counter: Zmax: Lemma B+ applies=False = 1
    PR #80 counter: Zmax: direct T3 move=True, direct T3+ move=True, direct T4 move=False = 1
    PR #80 counter: keys: Lemma A+ or B+ at some Zmax=False = 1
    PR #80 counter: no A+/B+: the free needers are off the path to the leaf = 1
    PR #82 test_max: applied []
    improving (T3)/(T3+) moves from P_Q: 9
      x=0 z=3 W=[] helper=2 -> [[4], [7], [6], [8]] def 0 (indep def 0, kinds ['T3', 'T3+'])
      x=0 z=3 W=[] helper=2 -> [[0, 4], [7], [6], [8]] def 0 (indep def 0, kinds ['T3', 'T3+'])
      x=0 z=3 W=[] helper=2 -> [[2, 4], [7], [6], [8]] def 0 (indep def 0, kinds ['T3', 'T3+'])
      x=0 z=3 W=[] helper=2 -> [[4], [7], [5, 6], [8]] def 0 (indep def 0, kinds ['T3', 'T3+'])
      x=0 z=3 W=[] helper=2 -> [[0, 4], [7], [5, 6], [8]] def 0 (indep def 0, kinds ['T3', 'T3+'])
      x=0 z=3 W=[] helper=2 -> [[2, 4], [7], [5, 6], [8]] def 0 (indep def 0, kinds ['T3', 'T3+'])
      x=1 z=2 W=[] helper=3 -> [[8], [9], [7], [5, 6]] def 0 (indep def 0, kinds ['T3', 'T3+'])
      x=1 z=2 W=[] helper=3 -> [[8], [1, 9], [7], [5, 6]] def 0 (indep def 0, kinds ['T3', 'T3+'])
      x=1 z=2 W=[] helper=3 -> [[8], [3, 9], [7], [5, 6]] def 0 (indep def 0, kinds ['T3', 'T3+'])
  DLKey over every state of the key: {'holds': True, 'moves': {'T3': 9, 'T3+helper': 48}, 'example': ('T3', [[8], [7], [6], [9]], [[4], [7], [6], [8]], 0, 0)}
    state [[8], [7], [6], [9]] def 1: 6 key-improving (T3)/(T3+) moves; e.g. x=0 z=3 W=[] helper=None -> [[4], [7], [6], [8]] def 0 (indep 0)
    state [[8], [7], [6], [5, 9]] def 1: 6 key-improving (T3)/(T3+) moves; e.g. x=0 z=3 W=[] helper=None -> [[4], [7], [6], [8]] def 0 (indep 0)
    state [[8], [7], [4, 5], [9]] def 1: 9 key-improving (T3)/(T3+) moves; e.g. x=0 z=3 W=[] helper=2 -> [[4], [7], [6], [8]] def 0 (indep 0)
    state [[8], [7], [4, 5], [6, 9]] def 1: 9 key-improving (T3)/(T3+) moves; e.g. x=0 z=3 W=[] helper=2 -> [[4], [7], [6], [8]] def 0 (indep 0)
    state [[8], [7], [4, 6], [9]] def 1: 9 key-improving (T3)/(T3+) moves; e.g. x=0 z=3 W=[] helper=2 -> [[4], [7], [6], [8]] def 0 (indep 0)
    state [[8], [7], [4, 6], [5, 9]] def 1: 9 key-improving (T3)/(T3+) moves; e.g. x=0 z=3 W=[] helper=2 -> [[4], [7], [6], [8]] def 0 (indep 0)
    state [[8], [7], [5, 6], [9]] def 2: 9 key-improving (T3)/(T3+) moves; e.g. x=0 z=3 W=[] helper=None -> [[4], [7], [5, 6], [8]] def 0 (indep 0)
