# command: python3 k4/cover_screen_run.py results/k4_certs_5_n4_2.json.gz --rand=200 --seed=2026 --f=1:99 --out=results/k4_cover/screen/n5_n4_2_r200.jsonl.gz
# source: k4/cover_screen.c sha1 ab163c8ff873cd9d5be3ce4d803d3714692f0e80
# cores 0:5468 rand=200 seed=2026 f=1:99 bt=None time=39.7s (this invocation)
f1_keys                                  20368
f2_keys                                  35087
f3_keys                                  8408
f4_keys                                  110
profiles                                 1093600
f1_omega>=1                              10822
f2_omega>=1                              8613
f3_omega>=1                              701
f4_omega>=1                              5
configs_visited                          65155
f1_keys_noncompletable                   0
f2_keys_noncompletable                   2
f3_keys_noncompletable                   3
f4_keys_noncompletable                   0
f1_profiles_with_noncompletable          0
f2_profiles_with_noncompletable          2
f3_profiles_with_noncompletable          2
f4_profiles_with_noncompletable          0
profiles written: 4
