# lemmam_xcheck.py --lines=results/k4_m_portfolio/n3.fails.txt results/k4_m_portfolio/n4_1_all.fails.txt results/k4_m_portfolio/n4_s2000.fails.txt results/k4_m_portfolio/n5_s200.fails.txt results/k4_m_portfolio/suite.fails.txt --max=1000 --jobs=1: 982 distinct profiles
DIFF field=Rw agent=3 C=False python=True sets=[[0, 2, 4, 6], [1, 3, 6], [3, 5, 6], [4, 5, 6]] vals=[[2, 3, 4, 8], [2, 3, 4], [3, 2, 4], [2, 3, 4]]
DIFF field=Rwo agent=3 C=False python=True sets=[[0, 2, 4, 6], [1, 3, 6], [3, 5, 6], [4, 5, 6]] vals=[[2, 3, 4, 8], [2, 3, 4], [3, 2, 4], [2, 3, 4]]
DIFF field=Rw agent=2 C=False python=True sets=[[0, 1, 2, 4], [1, 2, 5], [3, 4, 5], [3, 4, 5]] vals=[[3, 5, 7, 6], [2, 4, 3], [2, 3, 4], [2, 3, 4]]
DIFF field=Rwo agent=2 C=False python=True sets=[[0, 1, 2, 4], [1, 2, 5], [3, 4, 5], [3, 4, 5]] vals=[[3, 5, 7, 6], [2, 4, 3], [2, 3, 4], [2, 3, 4]]
DIFF field=Rw agent=3 C=False python=True sets=[[0, 1, 2, 4], [1, 2, 5], [3, 4, 5], [3, 4, 5]] vals=[[3, 5, 7, 6], [2, 4, 3], [2, 3, 4], [2, 3, 4]]
DIFF field=Rwo agent=3 C=False python=True sets=[[0, 1, 2, 4], [1, 2, 5], [3, 4, 5], [3, 4, 5]] vals=[[3, 5, 7, 6], [2, 4, 3], [2, 3, 4], [2, 3, 4]]
DIFF field=Rw agent=2 C=False python=True sets=[[0, 3, 4, 5], [1, 3, 4], [2, 3, 5], [2, 4, 5]] vals=[[3, 5, 6, 7], [2, 3, 4], [3, 2, 4], [2, 4, 3]]
DIFF field=Rwo agent=2 C=False python=True sets=[[0, 3, 4, 5], [1, 3, 4], [2, 3, 5], [2, 4, 5]] vals=[[3, 5, 6, 7], [2, 3, 4], [3, 2, 4], [2, 4, 3]]
DIFF field=Rw agent=2 C=False python=True sets=[[0, 1, 3, 4], [2, 3, 6], [2, 5, 6], [4, 5, 6]] vals=[[6, 2, 10, 7], [3, 4, 2], [2, 3, 4], [4, 3, 2]]
DIFF field=Rwo agent=2 C=False python=True sets=[[0, 1, 3, 4], [2, 3, 6], [2, 5, 6], [4, 5, 6]] vals=[[6, 2, 10, 7], [3, 4, 2], [2, 3, 4], [4, 3, 2]]
DIFF field=Rw agent=2 C=False python=True sets=[[0, 1, 2, 5], [2, 4, 5, 6], [3, 4, 6], [3, 5, 6]] vals=[[5, 3, 7, 6], [8, 5, 2, 4], [2, 3, 4], [3, 4, 2]]
DIFF field=Rwo agent=2 C=False python=True sets=[[0, 1, 2, 5], [2, 4, 5, 6], [3, 4, 6], [3, 5, 6]] vals=[[5, 3, 7, 6], [8, 5, 2, 4], [2, 3, 4], [3, 4, 2]]
DIFF field=Rw agent=2 C=False python=True sets=[[0, 2, 5, 6], [1, 5, 6], [2, 3, 4, 6], [3, 4, 5, 6]] vals=[[4, 5, 8, 6], [3, 4, 2], [8, 3, 6, 10], [5, 6, 3, 7]]
DIFF field=Rwo agent=2 C=False python=True sets=[[0, 2, 5, 6], [1, 5, 6], [2, 3, 4, 6], [3, 4, 5, 6]] vals=[[4, 5, 8, 6], [3, 4, 2], [8, 3, 6, 10], [5, 6, 3, 7]]
DIFF field=Rw agent=0 C=False python=True sets=[[0, 1, 5], [1, 3, 4], [2, 3, 4, 5], [2, 4, 5]] vals=[[2, 4, 3], [4, 2, 3], [3, 5, 7, 6], [2, 3, 4]]
DIFF field=Rwo agent=0 C=False python=True sets=[[0, 1, 5], [1, 3, 4], [2, 3, 4, 5], [2, 4, 5]] vals=[[2, 4, 3], [4, 2, 3], [3, 5, 7, 6], [2, 3, 4]]
DIFF field=Rw agent=3 C=False python=True sets=[[0, 2, 4, 5], [1, 4, 5, 6], [2, 3, 6], [3, 5, 6]] vals=[[2, 8, 5, 4], [2, 8, 5, 4], [4, 3, 2], [2, 3, 4]]
DIFF field=Rwo agent=3 C=False python=True sets=[[0, 2, 4, 5], [1, 4, 5, 6], [2, 3, 6], [3, 5, 6]] vals=[[2, 8, 5, 4], [2, 8, 5, 4], [4, 3, 2], [2, 3, 4]]
DIFF field=Rw agent=0 C=False python=True sets=[[0, 2, 6, 8], [1, 7, 8], [3, 4, 5, 7], [3, 4, 6, 8], [5, 6, 7, 8]] vals=[[4, 3, 8, 2], [3, 4, 2], [6, 5, 8, 4], [3, 6, 4, 8], [4, 5, 8, 2]]
DIFF field=Rwo agent=0 C=False python=True sets=[[0, 2, 6, 8], [1, 7, 8], [3, 4, 5, 7], [3, 4, 6, 8], [5, 6, 7, 8]] vals=[[4, 3, 8, 2], [3, 4, 2], [6, 5, 8, 4], [3, 6, 4, 8], [4, 5, 8, 2]]
DIFF field=Rw agent=1 C=False python=True sets=[[0, 2, 6, 8], [1, 7, 8], [3, 4, 5, 7], [3, 4, 6, 8], [5, 6, 7, 8]] vals=[[4, 3, 8, 2], [3, 4, 2], [6, 5, 8, 4], [3, 6, 4, 8], [4, 5, 8, 2]]
DIFF field=Rwo agent=1 C=False python=True sets=[[0, 2, 6, 8], [1, 7, 8], [3, 4, 5, 7], [3, 4, 6, 8], [5, 6, 7, 8]] vals=[[4, 3, 8, 2], [3, 4, 2], [6, 5, 8, 4], [3, 6, 4, 8], [4, 5, 8, 2]]
DIFF field=Rw agent=3 C=False python=True sets=[[0, 2, 6, 8], [1, 7, 8], [3, 4, 5, 7], [3, 4, 6, 8], [5, 6, 7, 8]] vals=[[4, 3, 8, 2], [3, 4, 2], [6, 5, 8, 4], [3, 6, 4, 8], [4, 5, 8, 2]]
DIFF field=Rwo agent=3 C=False python=True sets=[[0, 2, 6, 8], [1, 7, 8], [3, 4, 5, 7], [3, 4, 6, 8], [5, 6, 7, 8]] vals=[[4, 3, 8, 2], [3, 4, 2], [6, 5, 8, 4], [3, 6, 4, 8], [4, 5, 8, 2]]
DIFF field=Rw agent=0 C=False python=True sets=[[0, 2, 5, 6], [1, 3, 5, 6], [2, 4, 7], [3, 4, 7], [5, 6, 7]] vals=[[3, 4, 8, 2], [4, 3, 8, 2], [3, 4, 2], [2, 3, 4], [3, 2, 4]]
DIFF field=Rwo agent=0 C=False python=True sets=[[0, 2, 5, 6], [1, 3, 5, 6], [2, 4, 7], [3, 4, 7], [5, 6, 7]] vals=[[3, 4, 8, 2], [4, 3, 8, 2], [3, 4, 2], [2, 3, 4], [3, 2, 4]]
DIFF field=Rw agent=1 C=False python=True sets=[[0, 2, 5, 6], [1, 3, 5, 6], [2, 4, 7], [3, 4, 7], [5, 6, 7]] vals=[[3, 4, 8, 2], [4, 3, 8, 2], [3, 4, 2], [2, 3, 4], [3, 2, 4]]
DIFF field=Rwo agent=1 C=False python=True sets=[[0, 2, 5, 6], [1, 3, 5, 6], [2, 4, 7], [3, 4, 7], [5, 6, 7]] vals=[[3, 4, 8, 2], [4, 3, 8, 2], [3, 4, 2], [2, 3, 4], [3, 2, 4]]
DIFF field=Rwo agent=4 C=False python=True sets=[[0, 2, 5, 6], [1, 3, 5, 6], [2, 4, 7], [3, 4, 7], [5, 6, 7]] vals=[[3, 4, 8, 2], [4, 3, 8, 2], [3, 4, 2], [2, 3, 4], [3, 2, 4]]
DIFF field=Rw agent=0 C=False python=True sets=[[0, 4, 6, 7], [1, 2, 3, 6], [1, 3, 5, 7], [2, 5, 6, 7], [4, 5, 7]] vals=[[6, 7, 10, 2], [3, 2, 4, 8], [6, 4, 8, 1], [3, 2, 4, 8], [2, 3, 4]]
