# command: python3 k4/dl134_run.py certs results/k4_certs_4_pure.json.gz --sample=500 --seed=2 --jobs=4 --ckpt=results/k4_dl134/ckpt_pure_s500_seed2.jsonl --dump=results/k4_dl134/dump_pure_s500_seed2.jsonl.gz --tables=results/k4_dl134/tables_pure_s500_seed2.json --progress
# dl134.c sha256 2a24ba5045b25414530928ea81b7a6bbd9aef6d33c7fa52e39fffe9293267cee
# k4_certs_4_pure.json.gz: cores 0..218, 219 units to run, 0 from the checkpoint; 500 random profiles per unit, seed 2
#   unit {'pos': 2, 'blk': None}: om1 0 pos 0 st1 0 fail13 0 fail134 0 t4only 0 (2-swap 0, longer 0) t4 0 [0.8 s]
#   unit {'pos': 4, 'blk': None}: om1 0 pos 0 st1 0 fail13 0 fail134 0 t4only 0 (2-swap 0, longer 0) t4 0 [0.0 s]
#   unit {'pos': 5, 'blk': None}: om1 2 pos 0 st1 0 fail13 0 fail134 0 t4only 0 (2-swap 0, longer 0) t4 0 [0.0 s]
#   unit {'pos': 1, 'blk': None}: om1 0 pos 0 st1 0 fail13 0 fail134 0 t4only 0 (2-swap 0, longer 0) t4 0 [0.8 s]
#   unit {'pos': 6, 'blk': None}: om1 4 pos 0 st1 0 fail13 0 fail134 0 t4only 0 (2-swap 0, longer 0) t4 0 [0.0 s]
#   unit {'pos': 7, 'blk': None}: om1 1 pos 0 st1 0 fail13 0 fail134 0 t4only 0 (2-swap 0, longer 0) t4 0 [0.0 s]
#   unit {'pos': 8, 'blk': None}: om1 0 pos 0 st1 0 fail13 0 fail134 0 t4only 0 (2-swap 0, longer 0) t4 0 [0.0 s]
#   unit {'pos': 9, 'blk': None}: om1 1 pos 0 st1 0 fail13 0 fail134 0 t4only 0 (2-swap 0, longer 0) t4 0 [0.0 s]
#   unit {'pos': 11, 'blk': None}: om1 0 pos 0 st1 0 fail13 0 fail134 0 t4only 0 (2-swap 0, longer 0) t4 0 [0.0 s]
#   unit {'pos': 10, 'blk': None}: om1 2 pos 0 st1 0 fail13 0 fail134 0 t4only 0 (2-swap 0, longer 0) t4 0 [0.0 s]
#   unit {'pos': 12, 'blk': None}: om1 0 pos 0 st1 0 fail13 0 fail134 0 t4only 0 (2-swap 0, longer 0) t4 0 [0.0 s]
#   unit {'pos': 13, 'blk': None}: om1 0 pos 0 st1 0 fail13 0 fail134 0 t4only 0 (2-swap 0, longer 0) t4 0 [0.0 s]
#   unit {'pos': 14, 'blk': None}: om1 0 pos 0 st1 0 fail13 0 fail134 0 t4only 0 (2-swap 0, longer 0) t4 0 [0.0 s]
#   unit {'pos': 16, 'blk': None}: om1 0 pos 0 st1 0 fail13 0 fail134 0 t4only 0 (2-swap 0, longer 0) t4 0 [0.0 s]
#   unit {'pos': 3, 'blk': None}: om1 0 pos 0 st1 0 fail13 0 fail134 0 t4only 0 (2-swap 0, longer 0) t4 0 [0.8 s]
#   unit {'pos': 18, 'blk': None}: om1 0 pos 0 st1 0 fail13 0 fail134 0 t4only 0 (2-swap 0, longer 0) t4 0 [0.0 s]
#   unit {'pos': 19, 'blk': None}: om1 0 pos 0 st1 0 fail13 0 fail134 0 t4only 0 (2-swap 0, longer 0) t4 0 [0.0 s]
#   unit {'pos': 15, 'blk': None}: om1 0 pos 0 st1 0 fail13 0 fail134 0 t4only 0 (2-swap 0, longer 0) t4 0 [0.0 s]
#   unit {'pos': 20, 'blk': None}: om1 0 pos 0 st1 0 fail13 0 fail134 0 t4only 0 (2-swap 0, longer 0) t4 0 [0.0 s]
#   unit {'pos': 17, 'blk': None}: om1 0 pos 0 st1 0 fail13 0 fail134 0 t4only 0 (2-swap 0, longer 0) t4 0 [0.0 s]
#   unit {'pos': 21, 'blk': None}: om1 10 pos 1 st1 1 fail13 0 fail134 0 t4only 0 (2-swap 0, longer 0) t4 0 [0.0 s]
#   unit {'pos': 22, 'blk': None}: om1 5 pos 0 st1 0 fail13 0 fail134 0 t4only 0 (2-swap 0, longer 0) t4 0 [0.0 s]
#   unit {'pos': 23, 'blk': None}: om1 22 pos 6 st1 6 fail13 0 fail134 0 t4only 0 (2-swap 0, longer 0) t4 6 [0.0 s]
#   unit {'pos': 24, 'blk': None}: om1 13 pos 0 st1 0 fail13 0 fail134 0 t4only 0 (2-swap 0, longer 0) t4 0 [0.0 s]
#   unit {'pos': 27, 'blk': None}: om1 19 pos 0 st1 0 fail13 0 fail134 0 t4only 0 (2-swap 0, longer 0) t4 0 [0.0 s]
#   unit {'pos': 25, 'blk': None}: om1 5 pos 0 st1 0 fail13 0 fail134 0 t4only 0 (2-swap 0, longer 0) t4 0 [0.0 s]
#   unit {'pos': 26, 'blk': None}: om1 43 pos 7 st1 7 fail13 2 fail134 0 t4only 2 (2-swap 2, longer 0) t4 7 [0.0 s]
#   unit {'pos': 29, 'blk': None}: om1 17 pos 7 st1 7 fail13 0 fail134 0 t4only 0 (2-swap 0, longer 0) t4 6 [0.0 s]
#   unit {'pos': 30, 'blk': None}: om1 13 pos 0 st1 0 fail13 0 fail134 0 t4only 0 (2-swap 0, longer 0) t4 0 [0.0 s]
#   unit {'pos': 28, 'blk': None}: om1 66 pos 0 st1 0 fail13 0 fail134 0 t4only 0 (2-swap 0, longer 0) t4 0 [0.0 s]
#   unit {'pos': 33, 'blk': None}: om1 6 pos 0 st1 0 fail13 0 fail134 0 t4only 0 (2-swap 0, longer 0) t4 0 [0.0 s]
#   unit {'pos': 32, 'blk': None}: om1 4 pos 2 st1 2 fail13 0 fail134 0 t4only 0 (2-swap 0, longer 0) t4 0 [0.0 s]
#   unit {'pos': 34, 'blk': None}: om1 9 pos 0 st1 0 fail13 0 fail134 0 t4only 0 (2-swap 0, longer 0) t4 0 [0.0 s]
#   unit {'pos': 35, 'blk': None}: om1 5 pos 0 st1 0 fail13 0 fail134 0 t4only 0 (2-swap 0, longer 0) t4 0 [0.0 s]
#   unit {'pos': 36, 'blk': None}: om1 4 pos 0 st1 0 fail13 0 fail134 0 t4only 0 (2-swap 0, longer 0) t4 0 [0.0 s]
#   unit {'pos': 37, 'blk': None}: om1 7 pos 0 st1 0 fail13 0 fail134 0 t4only 0 (2-swap 0, longer 0) t4 0 [0.0 s]
#   unit {'pos': 38, 'blk': None}: om1 11 pos 2 st1 2 fail13 0 fail134 0 t4only 0 (2-swap 0, longer 0) t4 0 [0.0 s]
#   unit {'pos': 39, 'blk': None}: om1 9 pos 1 st1 1 fail13 0 fail134 0 t4only 0 (2-swap 0, longer 0) t4 0 [0.0 s]
#   unit {'pos': 40, 'blk': None}: om1 5 pos 0 st1 0 fail13 0 fail134 0 t4only 0 (2-swap 0, longer 0) t4 0 [0.0 s]
#   unit {'pos': 41, 'blk': None}: om1 3 pos 0 st1 0 fail13 0 fail134 0 t4only 0 (2-swap 0, longer 0) t4 0 [0.0 s]
#   unit {'pos': 42, 'blk': None}: om1 4 pos 0 st1 0 fail13 0 fail134 0 t4only 0 (2-swap 0, longer 0) t4 0 [0.0 s]
#   unit {'pos': 31, 'blk': None}: om1 2 pos 1 st1 1 fail13 0 fail134 0 t4only 0 (2-swap 0, longer 0) t4 1 [0.0 s]
#   unit {'pos': 43, 'blk': None}: om1 0 pos 0 st1 0 fail13 0 fail134 0 t4only 0 (2-swap 0, longer 0) t4 0 [0.0 s]
#   unit {'pos': 45, 'blk': None}: om1 2 pos 0 st1 0 fail13 0 fail134 0 t4only 0 (2-swap 0, longer 0) t4 0 [0.0 s]
#   unit {'pos': 44, 'blk': None}: om1 5 pos 1 st1 1 fail13 0 fail134 0 t4only 0 (2-swap 0, longer 0) t4 0 [0.0 s]
#   unit {'pos': 46, 'blk': None}: om1 1 pos 0 st1 0 fail13 0 fail134 0 t4only 0 (2-swap 0, longer 0) t4 0 [0.0 s]
#   unit {'pos': 47, 'blk': None}: om1 0 pos 0 st1 0 fail13 0 fail134 0 t4only 0 (2-swap 0, longer 0) t4 0 [0.0 s]
#   unit {'pos': 48, 'blk': None}: om1 4 pos 0 st1 0 fail13 0 fail134 0 t4only 0 (2-swap 0, longer 0) t4 0 [0.0 s]
#   unit {'pos': 51, 'blk': None}: om1 1 pos 0 st1 0 fail13 0 fail134 0 t4only 0 (2-swap 0, longer 0) t4 0 [0.0 s]
#   unit {'pos': 49, 'blk': None}: om1 3 pos 0 st1 0 fail13 0 fail134 0 t4only 0 (2-swap 0, longer 0) t4 0 [0.0 s]
#   unit {'pos': 50, 'blk': None}: om1 1 pos 2 st1 2 fail13 0 fail134 0 t4only 0 (2-swap 0, longer 0) t4 0 [0.0 s]
#   unit {'pos': 0, 'blk': None}: om1 0 pos 0 st1 0 fail13 0 fail134 0 t4only 0 (2-swap 0, longer 0) t4 0 [0.9 s]
#   unit {'pos': 52, 'blk': None}: om1 3 pos 0 st1 0 fail13 0 fail134 0 t4only 0 (2-swap 0, longer 0) t4 0 [0.0 s]
#   unit {'pos': 54, 'blk': None}: om1 2 pos 0 st1 0 fail13 0 fail134 0 t4only 0 (2-swap 0, longer 0) t4 0 [0.0 s]
#   unit {'pos': 53, 'blk': None}: om1 1 pos 0 st1 0 fail13 0 fail134 0 t4only 0 (2-swap 0, longer 0) t4 0 [0.0 s]
#   unit {'pos': 55, 'blk': None}: om1 1 pos 0 st1 0 fail13 0 fail134 0 t4only 0 (2-swap 0, longer 0) t4 0 [0.0 s]
#   unit {'pos': 57, 'blk': None}: om1 1 pos 0 st1 0 fail13 0 fail134 0 t4only 0 (2-swap 0, longer 0) t4 0 [0.0 s]
#   unit {'pos': 59, 'blk': None}: om1 0 pos 0 st1 0 fail13 0 fail134 0 t4only 0 (2-swap 0, longer 0) t4 0 [0.0 s]
#   unit {'pos': 56, 'blk': None}: om1 2 pos 0 st1 0 fail13 0 fail134 0 t4only 0 (2-swap 0, longer 0) t4 0 [0.0 s]
#   unit {'pos': 58, 'blk': None}: om1 1 pos 1 st1 1 fail13 0 fail134 0 t4only 0 (2-swap 0, longer 0) t4 0 [0.0 s]
#   unit {'pos': 60, 'blk': None}: om1 0 pos 0 st1 0 fail13 0 fail134 0 t4only 0 (2-swap 0, longer 0) t4 0 [0.0 s]
#   unit {'pos': 61, 'blk': None}: om1 38 pos 0 st1 0 fail13 0 fail134 0 t4only 0 (2-swap 0, longer 0) t4 0 [0.0 s]
#   unit {'pos': 64, 'blk': None}: om1 29 pos 0 st1 0 fail13 0 fail134 0 t4only 0 (2-swap 0, longer 0) t4 0 [0.0 s]
#   unit {'pos': 65, 'blk': None}: om1 30 pos 0 st1 0 fail13 0 fail134 0 t4only 0 (2-swap 0, longer 0) t4 0 [0.0 s]
#   unit {'pos': 63, 'blk': None}: om1 48 pos 0 st1 0 fail13 0 fail134 0 t4only 0 (2-swap 0, longer 0) t4 0 [0.0 s]
#   unit {'pos': 62, 'blk': None}: om1 42 pos 1 st1 1 fail13 0 fail134 0 t4only 0 (2-swap 0, longer 0) t4 0 [0.0 s]
#   unit {'pos': 66, 'blk': None}: om1 49 pos 2 st1 2 fail13 0 fail134 0 t4only 0 (2-swap 0, longer 0) t4 0 [0.0 s]
#   unit {'pos': 67, 'blk': None}: om1 24 pos 0 st1 0 fail13 0 fail134 0 t4only 0 (2-swap 0, longer 0) t4 0 [0.0 s]
#   unit {'pos': 68, 'blk': None}: om1 149 pos 10 st1 10 fail13 0 fail134 0 t4only 0 (2-swap 0, longer 0) t4 6 [0.0 s]
#   unit {'pos': 69, 'blk': None}: om1 146 pos 8 st1 8 fail13 0 fail134 0 t4only 0 (2-swap 0, longer 0) t4 5 [0.0 s]
#   unit {'pos': 70, 'blk': None}: om1 124 pos 9 st1 9 fail13 0 fail134 0 t4only 0 (2-swap 0, longer 0) t4 2 [0.0 s]
#   unit {'pos': 72, 'blk': None}: om1 81 pos 0 st1 0 fail13 0 fail134 0 t4only 0 (2-swap 0, longer 0) t4 0 [0.0 s]
#   unit {'pos': 71, 'blk': None}: om1 149 pos 0 st1 0 fail13 0 fail134 0 t4only 0 (2-swap 0, longer 0) t4 0 [0.0 s]
#   unit {'pos': 74, 'blk': None}: om1 101 pos 3 st1 3 fail13 0 fail134 0 t4only 0 (2-swap 0, longer 0) t4 0 [0.0 s]
#   unit {'pos': 73, 'blk': None}: om1 99 pos 2 st1 2 fail13 0 fail134 0 t4only 0 (2-swap 0, longer 0) t4 1 [0.0 s]
#   unit {'pos': 75, 'blk': None}: om1 63 pos 0 st1 0 fail13 0 fail134 0 t4only 0 (2-swap 0, longer 0) t4 0 [0.0 s]
#   unit {'pos': 77, 'blk': None}: om1 50 pos 0 st1 0 fail13 0 fail134 0 t4only 0 (2-swap 0, longer 0) t4 0 [0.0 s]
#   unit {'pos': 78, 'blk': None}: om1 61 pos 0 st1 0 fail13 0 fail134 0 t4only 0 (2-swap 0, longer 0) t4 0 [0.0 s]
#   unit {'pos': 79, 'blk': None}: om1 56 pos 0 st1 0 fail13 0 fail134 0 t4only 0 (2-swap 0, longer 0) t4 0 [0.0 s]
#   unit {'pos': 81, 'blk': None}: om1 56 pos 4 st1 4 fail13 0 fail134 0 t4only 0 (2-swap 0, longer 0) t4 0 [0.0 s]
#   unit {'pos': 80, 'blk': None}: om1 68 pos 1 st1 1 fail13 0 fail134 0 t4only 0 (2-swap 0, longer 0) t4 1 [0.0 s]
#   unit {'pos': 82, 'blk': None}: om1 58 pos 0 st1 0 fail13 0 fail134 0 t4only 0 (2-swap 0, longer 0) t4 0 [0.0 s]
#   unit {'pos': 76, 'blk': None}: om1 55 pos 2 st1 2 fail13 0 fail134 0 t4only 0 (2-swap 0, longer 0) t4 0 [0.0 s]
#   unit {'pos': 83, 'blk': None}: om1 62 pos 6 st1 6 fail13 0 fail134 0 t4only 0 (2-swap 0, longer 0) t4 5 [0.0 s]
#   unit {'pos': 84, 'blk': None}: om1 74 pos 2 st1 2 fail13 0 fail134 0 t4only 0 (2-swap 0, longer 0) t4 0 [0.0 s]
#   unit {'pos': 87, 'blk': None}: om1 64 pos 0 st1 0 fail13 0 fail134 0 t4only 0 (2-swap 0, longer 0) t4 0 [0.0 s]
#   unit {'pos': 85, 'blk': None}: om1 60 pos 1 st1 1 fail13 0 fail134 0 t4only 0 (2-swap 0, longer 0) t4 0 [0.0 s]
#   unit {'pos': 86, 'blk': None}: om1 57 pos 0 st1 0 fail13 0 fail134 0 t4only 0 (2-swap 0, longer 0) t4 0 [0.0 s]
#   unit {'pos': 89, 'blk': None}: om1 47 pos 0 st1 0 fail13 0 fail134 0 t4only 0 (2-swap 0, longer 0) t4 0 [0.0 s]
#   unit {'pos': 90, 'blk': None}: om1 35 pos 3 st1 3 fail13 0 fail134 0 t4only 0 (2-swap 0, longer 0) t4 0 [0.0 s]
#   unit {'pos': 88, 'blk': None}: om1 58 pos 0 st1 0 fail13 0 fail134 0 t4only 0 (2-swap 0, longer 0) t4 0 [0.0 s]
#   unit {'pos': 91, 'blk': None}: om1 23 pos 0 st1 0 fail13 0 fail134 0 t4only 0 (2-swap 0, longer 0) t4 0 [0.0 s]
#   unit {'pos': 93, 'blk': None}: om1 42 pos 1 st1 1 fail13 0 fail134 0 t4only 0 (2-swap 0, longer 0) t4 0 [0.0 s]
#   unit {'pos': 94, 'blk': None}: om1 41 pos 0 st1 0 fail13 0 fail134 0 t4only 0 (2-swap 0, longer 0) t4 0 [0.0 s]
#   unit {'pos': 92, 'blk': None}: om1 33 pos 1 st1 1 fail13 0 fail134 0 t4only 0 (2-swap 0, longer 0) t4 0 [0.0 s]
#   unit {'pos': 96, 'blk': None}: om1 26 pos 1 st1 1 fail13 0 fail134 0 t4only 0 (2-swap 0, longer 0) t4 0 [0.0 s]
#   unit {'pos': 95, 'blk': None}: om1 42 pos 9 st1 9 fail13 0 fail134 0 t4only 0 (2-swap 0, longer 0) t4 0 [0.0 s]
#   unit {'pos': 97, 'blk': None}: om1 26 pos 0 st1 0 fail13 0 fail134 0 t4only 0 (2-swap 0, longer 0) t4 0 [0.0 s]
#   unit {'pos': 99, 'blk': None}: om1 23 pos 2 st1 2 fail13 0 fail134 0 t4only 0 (2-swap 0, longer 0) t4 0 [0.0 s]
#   unit {'pos': 100, 'blk': None}: om1 26 pos 0 st1 0 fail13 0 fail134 0 t4only 0 (2-swap 0, longer 0) t4 0 [0.0 s]
#   unit {'pos': 98, 'blk': None}: om1 33 pos 1 st1 1 fail13 0 fail134 0 t4only 0 (2-swap 0, longer 0) t4 0 [0.0 s]
#   unit {'pos': 101, 'blk': None}: om1 22 pos 0 st1 0 fail13 0 fail134 0 t4only 0 (2-swap 0, longer 0) t4 0 [0.0 s]
#   unit {'pos': 102, 'blk': None}: om1 22 pos 0 st1 0 fail13 0 fail134 0 t4only 0 (2-swap 0, longer 0) t4 0 [0.0 s]
#   unit {'pos': 103, 'blk': None}: om1 27 pos 1 st1 1 fail13 0 fail134 0 t4only 0 (2-swap 0, longer 0) t4 0 [0.0 s]
#   unit {'pos': 104, 'blk': None}: om1 27 pos 2 st1 2 fail13 0 fail134 0 t4only 0 (2-swap 0, longer 0) t4 0 [0.0 s]
#   unit {'pos': 105, 'blk': None}: om1 11 pos 0 st1 0 fail13 0 fail134 0 t4only 0 (2-swap 0, longer 0) t4 0 [0.0 s]
#   unit {'pos': 106, 'blk': None}: om1 23 pos 2 st1 2 fail13 0 fail134 0 t4only 0 (2-swap 0, longer 0) t4 0 [0.0 s]
#   unit {'pos': 108, 'blk': None}: om1 26 pos 1 st1 1 fail13 0 fail134 0 t4only 0 (2-swap 0, longer 0) t4 0 [0.0 s]
#   unit {'pos': 107, 'blk': None}: om1 24 pos 4 st1 4 fail13 0 fail134 0 t4only 0 (2-swap 0, longer 0) t4 0 [0.0 s]
#   unit {'pos': 109, 'blk': None}: om1 25 pos 0 st1 0 fail13 0 fail134 0 t4only 0 (2-swap 0, longer 0) t4 0 [0.0 s]
#   unit {'pos': 110, 'blk': None}: om1 21 pos 1 st1 1 fail13 0 fail134 0 t4only 0 (2-swap 0, longer 0) t4 0 [0.0 s]
#   unit {'pos': 111, 'blk': None}: om1 23 pos 0 st1 0 fail13 0 fail134 0 t4only 0 (2-swap 0, longer 0) t4 0 [0.0 s]
#   unit {'pos': 112, 'blk': None}: om1 31 pos 0 st1 0 fail13 0 fail134 0 t4only 0 (2-swap 0, longer 0) t4 0 [0.0 s]
#   unit {'pos': 114, 'blk': None}: om1 10 pos 0 st1 0 fail13 0 fail134 0 t4only 0 (2-swap 0, longer 0) t4 0 [0.0 s]
#   unit {'pos': 113, 'blk': None}: om1 17 pos 2 st1 2 fail13 0 fail134 0 t4only 0 (2-swap 0, longer 0) t4 0 [0.0 s]
#   unit {'pos': 115, 'blk': None}: om1 23 pos 0 st1 0 fail13 0 fail134 0 t4only 0 (2-swap 0, longer 0) t4 0 [0.0 s]
#   unit {'pos': 117, 'blk': None}: om1 18 pos 0 st1 0 fail13 0 fail134 0 t4only 0 (2-swap 0, longer 0) t4 0 [0.0 s]
#   unit {'pos': 116, 'blk': None}: om1 20 pos 0 st1 0 fail13 0 fail134 0 t4only 0 (2-swap 0, longer 0) t4 0 [0.0 s]
#   unit {'pos': 119, 'blk': None}: om1 16 pos 0 st1 0 fail13 0 fail134 0 t4only 0 (2-swap 0, longer 0) t4 0 [0.0 s]
#   unit {'pos': 121, 'blk': None}: om1 9 pos 0 st1 0 fail13 0 fail134 0 t4only 0 (2-swap 0, longer 0) t4 0 [0.0 s]
#   unit {'pos': 118, 'blk': None}: om1 10 pos 0 st1 0 fail13 0 fail134 0 t4only 0 (2-swap 0, longer 0) t4 0 [0.0 s]
#   unit {'pos': 120, 'blk': None}: om1 16 pos 2 st1 2 fail13 0 fail134 0 t4only 0 (2-swap 0, longer 0) t4 0 [0.0 s]
#   unit {'pos': 122, 'blk': None}: om1 5 pos 0 st1 0 fail13 0 fail134 0 t4only 0 (2-swap 0, longer 0) t4 0 [0.0 s]
#   unit {'pos': 126, 'blk': None}: om1 500 pos 14 st1 14 fail13 0 fail134 0 t4only 0 (2-swap 0, longer 0) t4 0 [0.1 s]
#   unit {'pos': 125, 'blk': None}: om1 500 pos 3 st1 3 fail13 0 fail134 0 t4only 0 (2-swap 0, longer 0) t4 0 [0.1 s]
#   unit {'pos': 123, 'blk': None}: om1 500 pos 1 st1 1 fail13 0 fail134 0 t4only 0 (2-swap 0, longer 0) t4 0 [0.1 s]
#   unit {'pos': 124, 'blk': None}: om1 500 pos 7 st1 7 fail13 0 fail134 0 t4only 0 (2-swap 0, longer 0) t4 0 [0.1 s]
#   unit {'pos': 127, 'blk': None}: om1 500 pos 1 st1 1 fail13 0 fail134 0 t4only 0 (2-swap 0, longer 0) t4 0 [0.0 s]
#   unit {'pos': 128, 'blk': None}: om1 500 pos 26 st1 26 fail13 0 fail134 0 t4only 0 (2-swap 0, longer 0) t4 0 [0.0 s]
#   unit {'pos': 129, 'blk': None}: om1 500 pos 0 st1 0 fail13 0 fail134 0 t4only 0 (2-swap 0, longer 0) t4 0 [0.0 s]
#   unit {'pos': 130, 'blk': None}: om1 500 pos 4 st1 4 fail13 0 fail134 0 t4only 0 (2-swap 0, longer 0) t4 0 [0.1 s]
#   unit {'pos': 131, 'blk': None}: om1 500 pos 64 st1 64 fail13 0 fail134 0 t4only 0 (2-swap 0, longer 0) t4 1 [0.0 s]
#   unit {'pos': 133, 'blk': None}: om1 500 pos 10 st1 10 fail13 0 fail134 0 t4only 0 (2-swap 0, longer 0) t4 1 [0.0 s]
#   unit {'pos': 132, 'blk': None}: om1 500 pos 17 st1 17 fail13 0 fail134 0 t4only 0 (2-swap 0, longer 0) t4 0 [0.1 s]
#   unit {'pos': 135, 'blk': None}: om1 500 pos 10 st1 10 fail13 0 fail134 0 t4only 0 (2-swap 0, longer 0) t4 0 [0.0 s]
#   unit {'pos': 134, 'blk': None}: om1 500 pos 29 st1 29 fail13 0 fail134 0 t4only 0 (2-swap 0, longer 0) t4 0 [0.0 s]
#   unit {'pos': 136, 'blk': None}: om1 500 pos 26 st1 26 fail13 0 fail134 0 t4only 0 (2-swap 0, longer 0) t4 4 [0.0 s]
#   unit {'pos': 137, 'blk': None}: om1 500 pos 9 st1 9 fail13 0 fail134 0 t4only 0 (2-swap 0, longer 0) t4 0 [0.0 s]
#   unit {'pos': 139, 'blk': None}: om1 500 pos 15 st1 15 fail13 0 fail134 0 t4only 0 (2-swap 0, longer 0) t4 0 [0.1 s]
#   unit {'pos': 138, 'blk': None}: om1 500 pos 5 st1 5 fail13 0 fail134 0 t4only 0 (2-swap 0, longer 0) t4 0 [0.1 s]
#   unit {'pos': 140, 'blk': None}: om1 500 pos 4 st1 4 fail13 0 fail134 0 t4only 0 (2-swap 0, longer 0) t4 0 [0.1 s]
#   unit {'pos': 141, 'blk': None}: om1 500 pos 2 st1 2 fail13 0 fail134 0 t4only 0 (2-swap 0, longer 0) t4 0 [0.1 s]
#   unit {'pos': 142, 'blk': None}: om1 500 pos 4 st1 4 fail13 0 fail134 0 t4only 0 (2-swap 0, longer 0) t4 0 [0.1 s]
#   unit {'pos': 143, 'blk': None}: om1 500 pos 0 st1 0 fail13 0 fail134 0 t4only 0 (2-swap 0, longer 0) t4 0 [0.1 s]
#   unit {'pos': 144, 'blk': None}: om1 500 pos 6 st1 6 fail13 0 fail134 0 t4only 0 (2-swap 0, longer 0) t4 0 [0.1 s]
#   unit {'pos': 145, 'blk': None}: om1 500 pos 5 st1 5 fail13 0 fail134 0 t4only 0 (2-swap 0, longer 0) t4 0 [0.1 s]
#   unit {'pos': 146, 'blk': None}: om1 500 pos 2 st1 2 fail13 0 fail134 0 t4only 0 (2-swap 0, longer 0) t4 0 [0.1 s]
#   unit {'pos': 148, 'blk': None}: om1 500 pos 2 st1 2 fail13 0 fail134 0 t4only 0 (2-swap 0, longer 0) t4 0 [0.1 s]
#   unit {'pos': 147, 'blk': None}: om1 500 pos 9 st1 9 fail13 0 fail134 0 t4only 0 (2-swap 0, longer 0) t4 0 [0.1 s]
#   unit {'pos': 149, 'blk': None}: om1 500 pos 8 st1 8 fail13 0 fail134 0 t4only 0 (2-swap 0, longer 0) t4 0 [0.1 s]
#   unit {'pos': 150, 'blk': None}: om1 500 pos 6 st1 6 fail13 0 fail134 0 t4only 0 (2-swap 0, longer 0) t4 0 [0.1 s]
#   unit {'pos': 151, 'blk': None}: om1 500 pos 5 st1 5 fail13 0 fail134 0 t4only 0 (2-swap 0, longer 0) t4 0 [0.1 s]
#   unit {'pos': 152, 'blk': None}: om1 500 pos 2 st1 2 fail13 0 fail134 0 t4only 0 (2-swap 0, longer 0) t4 0 [0.1 s]
#   unit {'pos': 153, 'blk': None}: om1 500 pos 10 st1 10 fail13 0 fail134 0 t4only 0 (2-swap 0, longer 0) t4 0 [0.1 s]
#   unit {'pos': 154, 'blk': None}: om1 500 pos 7 st1 7 fail13 0 fail134 0 t4only 0 (2-swap 0, longer 0) t4 0 [0.1 s]
#   unit {'pos': 155, 'blk': None}: om1 500 pos 2 st1 2 fail13 0 fail134 0 t4only 0 (2-swap 0, longer 0) t4 0 [0.1 s]
#   unit {'pos': 156, 'blk': None}: om1 500 pos 9 st1 9 fail13 0 fail134 0 t4only 0 (2-swap 0, longer 0) t4 0 [0.1 s]
#   unit {'pos': 157, 'blk': None}: om1 500 pos 4 st1 4 fail13 0 fail134 0 t4only 0 (2-swap 0, longer 0) t4 0 [0.1 s]
#   unit {'pos': 158, 'blk': None}: om1 500 pos 1 st1 1 fail13 0 fail134 0 t4only 0 (2-swap 0, longer 0) t4 0 [0.1 s]
#   unit {'pos': 159, 'blk': None}: om1 500 pos 17 st1 17 fail13 0 fail134 0 t4only 0 (2-swap 0, longer 0) t4 0 [0.1 s]
#   unit {'pos': 160, 'blk': None}: om1 500 pos 3 st1 3 fail13 0 fail134 0 t4only 0 (2-swap 0, longer 0) t4 0 [0.1 s]
#   unit {'pos': 161, 'blk': None}: om1 500 pos 20 st1 20 fail13 0 fail134 0 t4only 0 (2-swap 0, longer 0) t4 0 [0.1 s]
#   unit {'pos': 163, 'blk': None}: om1 500 pos 9 st1 3 fail13 0 fail134 0 t4only 0 (2-swap 0, longer 0) t4 0 [0.1 s]
#   unit {'pos': 162, 'blk': None}: om1 500 pos 6 st1 6 fail13 0 fail134 0 t4only 0 (2-swap 0, longer 0) t4 0 [0.1 s]
#   unit {'pos': 165, 'blk': None}: om1 500 pos 7 st1 5 fail13 0 fail134 0 t4only 0 (2-swap 0, longer 0) t4 0 [0.1 s]
#   unit {'pos': 164, 'blk': None}: om1 500 pos 1 st1 1 fail13 0 fail134 0 t4only 0 (2-swap 0, longer 0) t4 0 [0.1 s]
#   unit {'pos': 166, 'blk': None}: om1 500 pos 3 st1 3 fail13 0 fail134 0 t4only 0 (2-swap 0, longer 0) t4 0 [0.1 s]
#   unit {'pos': 167, 'blk': None}: om1 500 pos 12 st1 8 fail13 0 fail134 0 t4only 0 (2-swap 0, longer 0) t4 0 [0.1 s]
#   unit {'pos': 168, 'blk': None}: om1 500 pos 0 st1 0 fail13 0 fail134 0 t4only 0 (2-swap 0, longer 0) t4 0 [0.1 s]
#   unit {'pos': 169, 'blk': None}: om1 500 pos 10 st1 10 fail13 0 fail134 0 t4only 0 (2-swap 0, longer 0) t4 0 [0.1 s]
#   unit {'pos': 170, 'blk': None}: om1 500 pos 45 st1 29 fail13 0 fail134 0 t4only 0 (2-swap 0, longer 0) t4 0 [0.1 s]
#   unit {'pos': 171, 'blk': None}: om1 500 pos 5 st1 5 fail13 0 fail134 0 t4only 0 (2-swap 0, longer 0) t4 0 [0.1 s]
#   unit {'pos': 173, 'blk': None}: om1 500 pos 46 st1 12 fail13 0 fail134 0 t4only 0 (2-swap 0, longer 0) t4 0 [0.1 s]
#   unit {'pos': 172, 'blk': None}: om1 500 pos 31 st1 15 fail13 0 fail134 0 t4only 0 (2-swap 0, longer 0) t4 0 [0.1 s]
#   unit {'pos': 175, 'blk': None}: om1 500 pos 0 st1 0 fail13 0 fail134 0 t4only 0 (2-swap 0, longer 0) t4 0 [0.1 s]
#   unit {'pos': 174, 'blk': None}: om1 500 pos 3 st1 1 fail13 0 fail134 0 t4only 0 (2-swap 0, longer 0) t4 0 [0.1 s]
#   unit {'pos': 176, 'blk': None}: om1 500 pos 31 st1 31 fail13 0 fail134 0 t4only 0 (2-swap 0, longer 0) t4 0 [0.1 s]
#   unit {'pos': 178, 'blk': None}: om1 500 pos 111 st1 24 fail13 0 fail134 0 t4only 0 (2-swap 0, longer 0) t4 0 [0.1 s]
#   unit {'pos': 177, 'blk': None}: om1 500 pos 359 st1 2 fail13 0 fail134 0 t4only 0 (2-swap 0, longer 0) t4 0 [0.2 s]
#   unit {'pos': 180, 'blk': None}: om1 500 pos 432 st1 70 fail13 0 fail134 0 t4only 0 (2-swap 0, longer 0) t4 6 [0.1 s]
#   unit {'pos': 179, 'blk': None}: om1 500 pos 47 st1 47 fail13 0 fail134 0 t4only 0 (2-swap 0, longer 0) t4 0 [0.2 s]
#   unit {'pos': 181, 'blk': None}: om1 500 pos 288 st1 92 fail13 0 fail134 0 t4only 0 (2-swap 0, longer 0) t4 0 [0.1 s]
#   unit {'pos': 182, 'blk': None}: om1 500 pos 297 st1 42 fail13 0 fail134 0 t4only 0 (2-swap 0, longer 0) t4 0 [0.1 s]
#   unit {'pos': 183, 'blk': None}: om1 500 pos 315 st1 29 fail13 0 fail134 0 t4only 0 (2-swap 0, longer 0) t4 0 [0.1 s]
#   unit {'pos': 184, 'blk': None}: om1 500 pos 463 st1 11 fail13 0 fail134 0 t4only 0 (2-swap 0, longer 0) t4 0 [0.1 s]
#   unit {'pos': 185, 'blk': None}: om1 500 pos 286 st1 37 fail13 0 fail134 0 t4only 0 (2-swap 0, longer 0) t4 0 [0.1 s]
#   unit {'pos': 186, 'blk': None}: om1 500 pos 35 st1 35 fail13 0 fail134 0 t4only 0 (2-swap 0, longer 0) t4 0 [0.1 s]
#   unit {'pos': 189, 'blk': None}: om1 500 pos 471 st1 174 fail13 0 fail134 0 t4only 0 (2-swap 0, longer 0) t4 36 [0.0 s]
#   unit {'pos': 190, 'blk': None}: om1 500 pos 495 st1 82 fail13 0 fail134 0 t4only 0 (2-swap 0, longer 0) t4 7 [0.1 s]
#   unit {'pos': 187, 'blk': None}: om1 500 pos 125 st1 48 fail13 0 fail134 0 t4only 0 (2-swap 0, longer 0) t4 0 [0.1 s]
#   unit {'pos': 188, 'blk': None}: om1 500 pos 1304 st1 116 fail13 0 fail134 0 t4only 0 (2-swap 0, longer 0) t4 0 [0.1 s]
#   unit {'pos': 191, 'blk': None}: om1 500 pos 258 st1 64 fail13 0 fail134 0 t4only 0 (2-swap 0, longer 0) t4 0 [0.1 s]
#   unit {'pos': 193, 'blk': None}: om1 500 pos 406 st1 26 fail13 0 fail134 0 t4only 0 (2-swap 0, longer 0) t4 0 [0.1 s]
#   unit {'pos': 192, 'blk': None}: om1 500 pos 412 st1 5 fail13 0 fail134 0 t4only 0 (2-swap 0, longer 0) t4 0 [0.1 s]
#   unit {'pos': 194, 'blk': None}: om1 500 pos 448 st1 36 fail13 0 fail134 0 t4only 0 (2-swap 0, longer 0) t4 0 [0.1 s]
#   unit {'pos': 195, 'blk': None}: om1 500 pos 314 st1 44 fail13 0 fail134 0 t4only 0 (2-swap 0, longer 0) t4 0 [0.1 s]
#   unit {'pos': 196, 'blk': None}: om1 500 pos 22 st1 22 fail13 0 fail134 0 t4only 0 (2-swap 0, longer 0) t4 0 [0.1 s]
#   unit {'pos': 197, 'blk': None}: om1 500 pos 863 st1 100 fail13 0 fail134 0 t4only 0 (2-swap 0, longer 0) t4 0 [0.1 s]
#   unit {'pos': 198, 'blk': None}: om1 500 pos 855 st1 43 fail13 0 fail134 0 t4only 0 (2-swap 0, longer 0) t4 0 [0.1 s]
#   unit {'pos': 199, 'blk': None}: om1 500 pos 718 st1 37 fail13 0 fail134 0 t4only 0 (2-swap 0, longer 0) t4 0 [0.2 s]
#   unit {'pos': 200, 'blk': None}: om1 500 pos 322 st1 31 fail13 0 fail134 0 t4only 0 (2-swap 0, longer 0) t4 0 [0.2 s]
#   unit {'pos': 201, 'blk': None}: om1 500 pos 166 st1 13 fail13 0 fail134 0 t4only 0 (2-swap 0, longer 0) t4 0 [0.2 s]
#   unit {'pos': 202, 'blk': None}: om1 500 pos 859 st1 9 fail13 0 fail134 0 t4only 0 (2-swap 0, longer 0) t4 0 [0.2 s]
#   unit {'pos': 203, 'blk': None}: om1 500 pos 388 st1 18 fail13 0 fail134 0 t4only 0 (2-swap 0, longer 0) t4 0 [0.2 s]
#   unit {'pos': 204, 'blk': None}: om1 500 pos 1070 st1 15 fail13 0 fail134 0 t4only 0 (2-swap 0, longer 0) t4 0 [0.2 s]
#   unit {'pos': 205, 'blk': None}: om1 500 pos 188 st1 26 fail13 0 fail134 0 t4only 0 (2-swap 0, longer 0) t4 0 [0.2 s]
#   unit {'pos': 206, 'blk': None}: om1 500 pos 804 st1 2 fail13 0 fail134 0 t4only 0 (2-swap 0, longer 0) t4 0 [0.2 s]
#   unit {'pos': 207, 'blk': None}: om1 500 pos 964 st1 38 fail13 0 fail134 0 t4only 0 (2-swap 0, longer 0) t4 0 [0.2 s]
#   unit {'pos': 210, 'blk': None}: om1 500 pos 2693 st1 312 fail13 0 fail134 0 t4only 0 (2-swap 0, longer 0) t4 0 [0.2 s]
#   unit {'pos': 208, 'blk': None}: om1 500 pos 19 st1 10 fail13 0 fail134 0 t4only 0 (2-swap 0, longer 0) t4 0 [0.2 s]
#   unit {'pos': 209, 'blk': None}: om1 500 pos 1658 st1 57 fail13 0 fail134 0 t4only 0 (2-swap 0, longer 0) t4 0 [0.3 s]
#   unit {'pos': 211, 'blk': None}: om1 500 pos 1883 st1 164 fail13 0 fail134 0 t4only 0 (2-swap 0, longer 0) t4 0 [0.2 s]
#   unit {'pos': 212, 'blk': None}: om1 500 pos 2084 st1 115 fail13 0 fail134 0 t4only 0 (2-swap 0, longer 0) t4 0 [0.2 s]
#   unit {'pos': 213, 'blk': None}: om1 500 pos 4352 st1 113 fail13 0 fail134 0 t4only 0 (2-swap 0, longer 0) t4 0 [0.3 s]
#   unit {'pos': 214, 'blk': None}: om1 500 pos 1683 st1 85 fail13 0 fail134 0 t4only 0 (2-swap 0, longer 0) t4 0 [0.2 s]
#   unit {'pos': 215, 'blk': None}: om1 500 pos 4946 st1 54 fail13 0 fail134 0 t4only 0 (2-swap 0, longer 0) t4 0 [0.4 s]
#   unit {'pos': 216, 'blk': None}: om1 500 pos 2083 st1 41 fail13 0 fail134 0 t4only 0 (2-swap 0, longer 0) t4 0 [0.4 s]
#   unit {'pos': 217, 'blk': None}: om1 500 pos 3338 st1 20 fail13 0 fail134 0 t4only 0 (2-swap 0, longer 0) t4 0 [0.4 s]
#   unit {'pos': 218, 'blk': None}: om1 500 pos 7652 st1 189 fail13 0 fail134 0 t4only 0 (2-swap 0, longer 0) t4 0 [0.7 s]
k4_certs_4_pure.json.gz: profiles 109500, omega >= 1: 51094; k* = 0: 43661, 1: 7400, 2: 33, 3: 0, >= 4: 0, inf: 0; P with def > 0: 47169, at distance 1: 47015, 2: 154, 3: 0, >= 4: 0, inf: 0; Pareto-maximal: 123; largest least deficit 0
  DL13 (dl13.c's counters): states (def > 0) with f = 0: 44058 (R_13 fails at 8), with f >= 1: 3111; DL13 fails at 2 of the f >= 1 states; T1 only 15, T3 only 144 (of which T3 with a helper only 2), both 2950; with a plain T3 move 2818, with a helper T3 move 3054; nearest R_13 improvement at distance 1 / 2 / 3: 2965 / 142 / 2; anomalies 0
  DL134: R_134 fails at 8 of the f = 0 states; DL134 FAILS at 0 of the 3111 f >= 1 states; f >= 1 states with an improving T1 move 2965, T3 move 3094, T4 move 95 (a 2-swap 93); repaired by T4 only 2 (= the DL13 failures repaired; with a 2-swap 2, longer cycles only 0); nearest R_134 improvement at distance 1 / 2 / 3 / >= 4 / none: 2965 / 144 / 2 / 0 / 0 [4 s]
table B: f >= 1 states by f | signature | R_134 branch : count
  B 1|G,D2|T1+T3p+T3h : 1101
  B 1|fO,G,D2|T1+T3p+T3h : 693
  B 1|fO,L|T1+T3p+T3h : 297
  B 1|fO,L|T1+T3h : 154
  B 1|fO|T1+T3p+T3h : 93
  B 1|fO|T1+T3h : 88
  B 1|G,D2,PM|T1+T3p+T3h : 87
  B 2|G,D2|T1+T3p+T3h : 83
  B 1|fO,G1|T1+T3p+T3h : 65
  B 2|G,D2|T1+T3p+T3h+T4 : 57
  B 1|G,D2|T3p+T3h : 42
  B 1|fO,G,D2|T3p+T3h : 25
  B 1|e2,fO,G,D2|T1+T3p+T3h : 23
  B 2|fO,L|T1+T3p+T3h : 21
  B 1|fO,L,D2|T1+T3p+T3h : 20
  B 2|G,D2|T3p+T3h : 20
  B 1|e2,G,D2|T1+T3p+T3h : 19
  B 2|G,D2,PM|T1+T3p+T3h : 16
  B 3|G|T3p+T4 : 14
  B 1|e2,G,D2,PM|T1+T3p+T3h : 13
  B 1|fO,L,O,D2|T1+T3p+T3h : 10
  B 2|fO,G,D2|T1+T3p+T3h : 8
  B 1|e2,fO,L|T1+T3p+T3h : 7
  B 1|fO,G,D2|T1+T3h : 7
  B 2|G,D2|T3p : 7
  B 2|G,G1,D2|T1+T3p+T3h : 7
  B 1|e2,fO,G1|T1+T3p+T3h : 6
  B 1|e2,fO,L|T1+T3h : 6
  B 2|G,D2|T3p+T3h+T4 : 6
  B 1|G,D2|T1+T3h : 5
  B 2|G,O,D2|T1+T3p+T3h : 5
  B 1|fO,L,D2|T1 : 4
  B 2|G,D2|T3p+T4 : 4
  B 2|G1,L|T1+T3p+T3h : 4
  B 2|G1|T1+T3p+T3h : 4
  B 2|fO,G,D2|T1+T3p+T3h+T4 : 4
  B 2|fO,L|T1+T3h : 4
  B 1|G,D2|T3p : 3
  B 1|G1|T3p : 3
  B 1|e2,fO|T1+T3h : 3
  B 1|fO,L|T1 : 3
  B 1|fO|T1 : 3
  B 2|G,G1,D2|T3p+T3h : 3
  B 2|G,L,D2|T1+T3p+T3h : 3
  B 2|G1,L,PM|T1+T3p+T3h : 3
  B 2|O,D2|T3p+T3h : 3
  B 2|fO,L|T1+T3h+T4 : 3
  B 1|e1,G,D2|T1+T3p+T3h : 2
  B 1|e2,L,O,D2|T1+T3p+T3h : 2
  B 1|e2,fO,G,D2|T3p+T3h : 2
  B 1|e2,fO,L|T1 : 2
  B 1|e2,fO|T1 : 2
  B 1|e2,fO|T1+T3p+T3h : 2
  B 1|fO,L,D2|T1+T3h : 2
  B 2|G1,PM|T1+T3p+T3h : 2
  B 2|O|T1+T3p+T3h : 2
  B 2|fO,G,D2|T3p+T3h : 2
  B 3|G|T4 : 2
  B 3|O|T3p+T4 : 2
  B 1|G,D2|T1+T3p : 1
  B 1|G1|T1+T3p+T3h : 1
  B 1|e1,e2,L|T1+T3h : 1
  B 1|e1,fO,L|T1 : 1
  B 1|e1,fO,L|T1+T3h : 1
  B 1|e1,fO,L|T1+T3p+T3h : 1
  B 1|e2,G,D2|T3p+T3h : 1
  B 1|e2,G1|T1+T3p+T3h : 1
  B 1|e2,G1|T3p+T3h : 1
  B 1|e2,L,PM|T3h : 1
  B 1|e2,L|T3h : 1
  B 1|e2,fO,G1|T3p+T3h : 1
  B 1|e2,fO,L|T1+T3p : 1
  B 1|e3,L,O,D2|T1+T3p+T3h : 1
  B 1|e3,fO,L|T1+T3p+T3h : 1
  B 1|fO,G,D2|T1+T3p : 1
  B 1|fO,G1|T3p+T3h : 1
  B 1|fO,L,D2|T1+T3p : 1
  B 1|fO,L|T3p+T3h : 1
  B 2|G,L,D2,PM|T1+T3p+T3h : 1
  B 2|G,O,D2|T1+T3p+T3h+T4 : 1
  B 2|O,D2|T1+T3p+T3h : 1
  B 2|O|T1+T3p : 1
  B 2|e1,O|T1+T3p+T3h : 1
  B 2|fO,G,G1,D2|T3p+T3h : 1
  B 2|fO,L|T1+T3p : 1
  B 2|fO,L|T1+T3p+T3h+T4 : 1
  B 2|fO,L|T1+T3p+T4 : 1
table G: f >= 1 states by f | nearest distance k | R_134 branch : count
  G 1|1|T1+T3p+T3h : 2445
  G 1|1|T1+T3h : 267
  G 2|1|T1+T3p+T3h : 161
  G 1|2|T3p+T3h : 74
  G 2|1|T1+T3p+T3h+T4 : 63
  G 2|2|T3p+T3h : 29
  G 3|2|T3p+T4 : 16
  G 1|1|T1 : 15
  G 2|2|T3p : 7
  G 1|2|T3p : 6
  G 2|2|T3p+T3h+T4 : 6
  G 1|1|T1+T3p : 4
  G 2|1|T1+T3h : 4
  G 2|2|T3p+T4 : 4
  G 2|1|T1+T3h+T4 : 3
  G 1|2|T3h : 2
  G 2|1|T1+T3p : 2
  G 3|2|T4 : 2
  G 2|1|T1+T3p+T4 : 1
table Y: f >= 1 states by f | R_134 branch | move type available : count
  Y 1|T1+T3p+T3h|T3:xJ.h- : 2378
  Y 1|T1+T3p+T3h|T1:rel : 2236
  Y 1|T1+T3p+T3h|T3:xJ.hJ : 2158
  Y 1|T1+T3p+T3h|T1:pool : 2080
  Y 1|T1+T3p+T3h|T3:xJ.hR : 2058
  Y 1|T1+T3p+T3h|T3:xJ.hZ : 960
  Y 1|T1+T3p+T3h|T3:xH.hJ : 654
  Y 1|T1+T3p+T3h|T3:xZ.h- : 450
  Y 1|T1+T3p+T3h|T3:xZ.hJ : 353
  Y 1|T1+T3p+T3h|T3:xZ.hR : 351
  Y 1|T1+T3h|T1:pool : 265
  Y 1|T1+T3p+T3h|T3:xH.hR : 260
  Y 1|T1+T3h|T3:xH.hJ : 244
  Y 1|T1+T3h|T1:rel : 235
  Y 2|T1+T3p+T3h|T1:rel : 161
  Y 2|T1+T3p+T3h|T3:xJ.h- : 156
  Y 1|T1+T3p+T3h|T1:grow : 150
  Y 2|T1+T3p+T3h|T3:xJ.hR : 133
  Y 1|T1+T3p+T3h|T3:xH.hZ : 124
  Y 2|T1+T3p+T3h|T3:xJ.hJ : 87
  Y 1|T3p+T3h|T3:xJ.h- : 74
  Y 1|T3p+T3h|T3:xJ.hJ : 68
  Y 2|T1+T3p+T3h+T4|T1:rel : 63
  Y 2|T1+T3p+T3h+T4|T3:xJ.h- : 63
  Y 2|T1+T3p+T3h+T4|T4:2 : 63
  Y 2|T1+T3p+T3h|T3:xZ.h- : 61
  Y 2|T1+T3p+T3h|T1:pool : 58
  Y 1|T1+T3p+T3h|T3:xZ.hZ : 57
  Y 2|T1+T3p+T3h+T4|T3:xJ.hR : 57
  Y 1|T3p+T3h|T3:xJ.hR : 56
  Y 2|T1+T3p+T3h|T3:xZ.hR : 48
  Y 1|T3p+T3h|T3:xJ.hZ : 45
  Y 1|T3p+T3h|T3:xZ.h- : 41
  Y 1|T3p+T3h|T3:xZ.hJ : 39
  Y 1|T1+T3h|T3:xJ.hJ : 34
  Y 2|T1+T3p+T3h|T3:xH.hJ : 34
  Y 1|T3p+T3h|T3:xH.hJ : 33
  Y 1|T1+T3h|T3:xJ.hR : 30
  Y 1|T3p+T3h|T3:xZ.hR : 26
  Y 2|T3p+T3h|T3:xJ.h- : 26
  Y 1|T1+T3h|T3:xH.hR : 25
  Y 2|T3p+T3h|T3:xJ.hR : 21
  Y 2|T1+T3p+T3h|T3:xZ.hJ : 20
  Y 2|T1+T3p+T3h+T4|T3:xJ.hJ : 19
  Y 2|T3p+T3h|T3:xJ.hJ : 18
  Y 1|T1+T3h|T3:xJ.hZ : 16
  Y 3|T3p+T4|T3:xJ.h- : 16
  Y 1|T1+T3h|T1:grow : 15
  Y 1|T1|T1:pool : 15
  Y 1|T1|T1:rel : 15
  Y 2|T3p+T3h|T3:xZ.h- : 14
  Y 3|T3p+T4|T4:2 : 14
  Y 2|T1+T3p+T3h|T3:xH.hR : 12
  Y 2|T3p+T3h|T3:xH.hR : 12
  Y 3|T3p+T4|T4:3 : 12
  Y 1|T3p+T3h|T3:xH.hR : 9
  Y 2|T1+T3p+T3h+T4|T1:pool : 9
  Y 2|T1+T3p+T3h+T4|T3:xZ.h- : 9
  Y 1|T3p+T3h|T3:xH.hZ : 8
  Y 2|T1+T3p+T3h+T4|T3:xH.hJ : 7
  Y 2|T1+T3p+T3h|T3:xJ.hZ : 7
  Y 2|T3p+T3h|T3:xH.hJ : 7
  Y 2|T3p|T3:xJ.h- : 7
  Y 2|T1+T3p+T3h+T4|T3:xZ.hR : 6
  Y 2|T3p+T3h+T4|T3:xJ.h- : 6
  Y 2|T3p+T3h+T4|T3:xJ.hR : 6
  Y 2|T3p+T3h+T4|T4:2 : 6
  Y 2|T3p+T3h|T3:xZ.hR : 6
  Y 1|T3p|T3:xJ.h- : 5
  Y 2|T1+T3p+T3h+T4|T3:xH.hR : 5
  Y 1|T1+T3p|T1:pool : 4
  Y 1|T1+T3p|T3:xJ.h- : 4
  Y 2|T1+T3h|T1:pool : 4
  Y 2|T1+T3h|T1:rel : 4
  Y 2|T1+T3h|T3:xH.hJ : 4
  Y 2|T1+T3p+T3h+T4|T3:xJ.hZ : 4
  Y 2|T3p+T3h|T3:xZ.hJ : 4
  Y 2|T3p+T4|T3:xJ.h- : 4
  Y 2|T3p+T4|T4:2 : 4
  Y 1|T1+T3h|T3:xH.hZ : 3
  Y 1|T3p|T3:xZ.h- : 3
  Y 2|T1+T3h+T4|T1:pool : 3
  Y 2|T1+T3h+T4|T1:rel : 3
  Y 2|T1+T3h+T4|T3:xH.hJ : 3
  Y 2|T1+T3h+T4|T4:2 : 3
  Y 2|T1+T3p+T3h|T3:xH.hZ : 3
  Y 2|T3p+T3h|T3:xJ.hZ : 3
  Y 1|T1+T3p|T1:rel : 2
  Y 1|T3p+T3h|T3:xZ.hZ : 2
  Y 2|T1+T3p+T3h+T4|T3:xZ.hZ : 2
  Y 2|T1+T3p|T1:rel : 2
  Y 2|T1+T3p|T3:xJ.h- : 2
  Y 2|T3p+T3h|T3:xH.hZ : 2
  Y 2|T3p|T3:xZ.h- : 2
  Y 3|T3p+T4|T3:xZ.h- : 2
  Y 3|T4|T4:2 : 2
  Y 3|T4|T4:3 : 2
  Y 1|T1+T3h|T3:xZ.hJ : 1
  Y 1|T1+T3h|T3:xZ.hR : 1
  Y 1|T3h|T3:xH.hJ : 1
  Y 1|T3h|T3:xJ.hZ : 1
  Y 2|T1+T3h+T4|T3:xH.hZ : 1
  Y 2|T1+T3p+T3h+T4|T1:grow : 1
  Y 2|T1+T3p+T4|T1:pool : 1
  Y 2|T1+T3p+T4|T1:rel : 1
  Y 2|T1+T3p+T4|T3:xJ.h- : 1
  Y 2|T1+T3p+T4|T4:2 : 1
  Y 2|T1+T3p|T1:pool : 1
  Y 2|T1+T3p|T3:xZ.h- : 1
  Y 2|T3p+T3h|T3:xZ.hZ : 1
table Q: f >= 1 states repaired by T4 only, by f | k | T4 cycle types available : count
  Q 3|2|2,3 : 2
