# command: python3 k4/dl134_run.py certs results/k4_certs_4_pure.json.gz --sample=500 --seed=3 --jobs=4 --ckpt=results/k4_dl134/ckpt_pure_s500_seed3.jsonl --dump=results/k4_dl134/dump_pure_s500_seed3.jsonl.gz --tables=results/k4_dl134/tables_pure_s500_seed3.json --progress
# dl134.c sha256 2a24ba5045b25414530928ea81b7a6bbd9aef6d33c7fa52e39fffe9293267cee
# k4_certs_4_pure.json.gz: cores 0..218, 219 units to run, 0 from the checkpoint; 500 random profiles per unit, seed 3
#   unit {'pos': 0, 'blk': None}: om1 0 pos 0 st1 0 fail13 0 fail134 0 t4only 0 (2-swap 0, longer 0) t4 0 [0.6 s]
#   unit {'pos': 4, 'blk': None}: om1 0 pos 0 st1 0 fail13 0 fail134 0 t4only 0 (2-swap 0, longer 0) t4 0 [0.0 s]
#   unit {'pos': 2, 'blk': None}: om1 0 pos 0 st1 0 fail13 0 fail134 0 t4only 0 (2-swap 0, longer 0) t4 0 [0.6 s]
#   unit {'pos': 5, 'blk': None}: om1 3 pos 6 st1 6 fail13 0 fail134 0 t4only 0 (2-swap 0, longer 0) t4 6 [0.0 s]
#   unit {'pos': 6, 'blk': None}: om1 4 pos 0 st1 0 fail13 0 fail134 0 t4only 0 (2-swap 0, longer 0) t4 0 [0.0 s]
#   unit {'pos': 7, 'blk': None}: om1 2 pos 0 st1 0 fail13 0 fail134 0 t4only 0 (2-swap 0, longer 0) t4 0 [0.0 s]
#   unit {'pos': 8, 'blk': None}: om1 0 pos 0 st1 0 fail13 0 fail134 0 t4only 0 (2-swap 0, longer 0) t4 0 [0.0 s]
#   unit {'pos': 10, 'blk': None}: om1 2 pos 6 st1 6 fail13 0 fail134 0 t4only 0 (2-swap 0, longer 0) t4 6 [0.0 s]
#   unit {'pos': 9, 'blk': None}: om1 0 pos 0 st1 0 fail13 0 fail134 0 t4only 0 (2-swap 0, longer 0) t4 0 [0.0 s]
#   unit {'pos': 11, 'blk': None}: om1 0 pos 0 st1 0 fail13 0 fail134 0 t4only 0 (2-swap 0, longer 0) t4 0 [0.0 s]
#   unit {'pos': 12, 'blk': None}: om1 0 pos 0 st1 0 fail13 0 fail134 0 t4only 0 (2-swap 0, longer 0) t4 0 [0.0 s]
#   unit {'pos': 13, 'blk': None}: om1 0 pos 0 st1 0 fail13 0 fail134 0 t4only 0 (2-swap 0, longer 0) t4 0 [0.0 s]
#   unit {'pos': 14, 'blk': None}: om1 0 pos 0 st1 0 fail13 0 fail134 0 t4only 0 (2-swap 0, longer 0) t4 0 [0.0 s]
#   unit {'pos': 15, 'blk': None}: om1 0 pos 0 st1 0 fail13 0 fail134 0 t4only 0 (2-swap 0, longer 0) t4 0 [0.0 s]
#   unit {'pos': 16, 'blk': None}: om1 0 pos 0 st1 0 fail13 0 fail134 0 t4only 0 (2-swap 0, longer 0) t4 0 [0.0 s]
#   unit {'pos': 17, 'blk': None}: om1 0 pos 0 st1 0 fail13 0 fail134 0 t4only 0 (2-swap 0, longer 0) t4 0 [0.0 s]
#   unit {'pos': 18, 'blk': None}: om1 1 pos 6 st1 6 fail13 0 fail134 0 t4only 0 (2-swap 0, longer 0) t4 6 [0.0 s]
#   unit {'pos': 19, 'blk': None}: om1 1 pos 0 st1 0 fail13 0 fail134 0 t4only 0 (2-swap 0, longer 0) t4 0 [0.0 s]
#   unit {'pos': 20, 'blk': None}: om1 0 pos 0 st1 0 fail13 0 fail134 0 t4only 0 (2-swap 0, longer 0) t4 0 [0.0 s]
#   unit {'pos': 21, 'blk': None}: om1 9 pos 0 st1 0 fail13 0 fail134 0 t4only 0 (2-swap 0, longer 0) t4 0 [0.0 s]
#   unit {'pos': 22, 'blk': None}: om1 5 pos 0 st1 0 fail13 0 fail134 0 t4only 0 (2-swap 0, longer 0) t4 0 [0.0 s]
#   unit {'pos': 23, 'blk': None}: om1 22 pos 2 st1 2 fail13 0 fail134 0 t4only 0 (2-swap 0, longer 0) t4 0 [0.0 s]
#   unit {'pos': 25, 'blk': None}: om1 1 pos 0 st1 0 fail13 0 fail134 0 t4only 0 (2-swap 0, longer 0) t4 0 [0.0 s]
#   unit {'pos': 24, 'blk': None}: om1 11 pos 4 st1 4 fail13 0 fail134 0 t4only 0 (2-swap 0, longer 0) t4 4 [0.0 s]
#   unit {'pos': 26, 'blk': None}: om1 38 pos 1 st1 1 fail13 0 fail134 0 t4only 0 (2-swap 0, longer 0) t4 0 [0.0 s]
#   unit {'pos': 27, 'blk': None}: om1 15 pos 0 st1 0 fail13 0 fail134 0 t4only 0 (2-swap 0, longer 0) t4 0 [0.0 s]
#   unit {'pos': 29, 'blk': None}: om1 20 pos 0 st1 0 fail13 0 fail134 0 t4only 0 (2-swap 0, longer 0) t4 0 [0.0 s]
#   unit {'pos': 28, 'blk': None}: om1 57 pos 0 st1 0 fail13 0 fail134 0 t4only 0 (2-swap 0, longer 0) t4 0 [0.0 s]
#   unit {'pos': 31, 'blk': None}: om1 2 pos 0 st1 0 fail13 0 fail134 0 t4only 0 (2-swap 0, longer 0) t4 0 [0.0 s]
#   unit {'pos': 30, 'blk': None}: om1 13 pos 0 st1 0 fail13 0 fail134 0 t4only 0 (2-swap 0, longer 0) t4 0 [0.0 s]
#   unit {'pos': 33, 'blk': None}: om1 13 pos 0 st1 0 fail13 0 fail134 0 t4only 0 (2-swap 0, longer 0) t4 0 [0.0 s]
#   unit {'pos': 32, 'blk': None}: om1 10 pos 0 st1 0 fail13 0 fail134 0 t4only 0 (2-swap 0, longer 0) t4 0 [0.0 s]
#   unit {'pos': 35, 'blk': None}: om1 6 pos 0 st1 0 fail13 0 fail134 0 t4only 0 (2-swap 0, longer 0) t4 0 [0.0 s]
#   unit {'pos': 3, 'blk': None}: om1 0 pos 0 st1 0 fail13 0 fail134 0 t4only 0 (2-swap 0, longer 0) t4 0 [0.8 s]
#   unit {'pos': 1, 'blk': None}: om1 0 pos 0 st1 0 fail13 0 fail134 0 t4only 0 (2-swap 0, longer 0) t4 0 [0.8 s]
#   unit {'pos': 34, 'blk': None}: om1 10 pos 0 st1 0 fail13 0 fail134 0 t4only 0 (2-swap 0, longer 0) t4 0 [0.0 s]
#   unit {'pos': 38, 'blk': None}: om1 8 pos 0 st1 0 fail13 0 fail134 0 t4only 0 (2-swap 0, longer 0) t4 0 [0.0 s]
#   unit {'pos': 39, 'blk': None}: om1 11 pos 0 st1 0 fail13 0 fail134 0 t4only 0 (2-swap 0, longer 0) t4 0 [0.0 s]
#   unit {'pos': 36, 'blk': None}: om1 3 pos 0 st1 0 fail13 0 fail134 0 t4only 0 (2-swap 0, longer 0) t4 0 [0.0 s]
#   unit {'pos': 37, 'blk': None}: om1 7 pos 0 st1 0 fail13 0 fail134 0 t4only 0 (2-swap 0, longer 0) t4 0 [0.0 s]
#   unit {'pos': 40, 'blk': None}: om1 7 pos 0 st1 0 fail13 0 fail134 0 t4only 0 (2-swap 0, longer 0) t4 0 [0.0 s]
#   unit {'pos': 41, 'blk': None}: om1 1 pos 0 st1 0 fail13 0 fail134 0 t4only 0 (2-swap 0, longer 0) t4 0 [0.0 s]
#   unit {'pos': 42, 'blk': None}: om1 1 pos 0 st1 0 fail13 0 fail134 0 t4only 0 (2-swap 0, longer 0) t4 0 [0.0 s]
#   unit {'pos': 44, 'blk': None}: om1 0 pos 0 st1 0 fail13 0 fail134 0 t4only 0 (2-swap 0, longer 0) t4 0 [0.0 s]
#   unit {'pos': 43, 'blk': None}: om1 2 pos 0 st1 0 fail13 0 fail134 0 t4only 0 (2-swap 0, longer 0) t4 0 [0.0 s]
#   unit {'pos': 45, 'blk': None}: om1 0 pos 0 st1 0 fail13 0 fail134 0 t4only 0 (2-swap 0, longer 0) t4 0 [0.0 s]
#   unit {'pos': 47, 'blk': None}: om1 2 pos 3 st1 3 fail13 0 fail134 0 t4only 0 (2-swap 0, longer 0) t4 3 [0.0 s]
#   unit {'pos': 46, 'blk': None}: om1 4 pos 3 st1 3 fail13 0 fail134 0 t4only 0 (2-swap 0, longer 0) t4 0 [0.0 s]
#   unit {'pos': 48, 'blk': None}: om1 3 pos 1 st1 1 fail13 0 fail134 0 t4only 0 (2-swap 0, longer 0) t4 0 [0.0 s]
#   unit {'pos': 49, 'blk': None}: om1 2 pos 0 st1 0 fail13 0 fail134 0 t4only 0 (2-swap 0, longer 0) t4 0 [0.0 s]
#   unit {'pos': 51, 'blk': None}: om1 0 pos 0 st1 0 fail13 0 fail134 0 t4only 0 (2-swap 0, longer 0) t4 0 [0.0 s]
#   unit {'pos': 50, 'blk': None}: om1 1 pos 0 st1 0 fail13 0 fail134 0 t4only 0 (2-swap 0, longer 0) t4 0 [0.0 s]
#   unit {'pos': 53, 'blk': None}: om1 1 pos 0 st1 0 fail13 0 fail134 0 t4only 0 (2-swap 0, longer 0) t4 0 [0.0 s]
#   unit {'pos': 52, 'blk': None}: om1 3 pos 0 st1 0 fail13 0 fail134 0 t4only 0 (2-swap 0, longer 0) t4 0 [0.0 s]
#   unit {'pos': 54, 'blk': None}: om1 0 pos 0 st1 0 fail13 0 fail134 0 t4only 0 (2-swap 0, longer 0) t4 0 [0.0 s]
#   unit {'pos': 55, 'blk': None}: om1 0 pos 0 st1 0 fail13 0 fail134 0 t4only 0 (2-swap 0, longer 0) t4 0 [0.0 s]
#   unit {'pos': 56, 'blk': None}: om1 2 pos 0 st1 0 fail13 0 fail134 0 t4only 0 (2-swap 0, longer 0) t4 0 [0.0 s]
#   unit {'pos': 57, 'blk': None}: om1 0 pos 0 st1 0 fail13 0 fail134 0 t4only 0 (2-swap 0, longer 0) t4 0 [0.0 s]
#   unit {'pos': 58, 'blk': None}: om1 0 pos 0 st1 0 fail13 0 fail134 0 t4only 0 (2-swap 0, longer 0) t4 0 [0.0 s]
#   unit {'pos': 60, 'blk': None}: om1 1 pos 0 st1 0 fail13 0 fail134 0 t4only 0 (2-swap 0, longer 0) t4 0 [0.0 s]
#   unit {'pos': 61, 'blk': None}: om1 35 pos 6 st1 6 fail13 0 fail134 0 t4only 0 (2-swap 0, longer 0) t4 6 [0.0 s]
#   unit {'pos': 62, 'blk': None}: om1 37 pos 0 st1 0 fail13 0 fail134 0 t4only 0 (2-swap 0, longer 0) t4 0 [0.0 s]
#   unit {'pos': 63, 'blk': None}: om1 50 pos 0 st1 0 fail13 0 fail134 0 t4only 0 (2-swap 0, longer 0) t4 0 [0.0 s]
#   unit {'pos': 65, 'blk': None}: om1 43 pos 0 st1 0 fail13 0 fail134 0 t4only 0 (2-swap 0, longer 0) t4 0 [0.0 s]
#   unit {'pos': 66, 'blk': None}: om1 37 pos 2 st1 2 fail13 0 fail134 0 t4only 0 (2-swap 0, longer 0) t4 2 [0.0 s]
#   unit {'pos': 67, 'blk': None}: om1 38 pos 0 st1 0 fail13 0 fail134 0 t4only 0 (2-swap 0, longer 0) t4 0 [0.0 s]
#   unit {'pos': 59, 'blk': None}: om1 1 pos 0 st1 0 fail13 0 fail134 0 t4only 0 (2-swap 0, longer 0) t4 0 [0.0 s]
#   unit {'pos': 68, 'blk': None}: om1 153 pos 19 st1 19 fail13 0 fail134 0 t4only 0 (2-swap 0, longer 0) t4 11 [0.0 s]
#   unit {'pos': 69, 'blk': None}: om1 128 pos 11 st1 11 fail13 0 fail134 0 t4only 0 (2-swap 0, longer 0) t4 3 [0.0 s]
#   unit {'pos': 70, 'blk': None}: om1 123 pos 5 st1 5 fail13 0 fail134 0 t4only 0 (2-swap 0, longer 0) t4 0 [0.0 s]
#   unit {'pos': 64, 'blk': None}: om1 35 pos 0 st1 0 fail13 0 fail134 0 t4only 0 (2-swap 0, longer 0) t4 0 [0.0 s]
#   unit {'pos': 71, 'blk': None}: om1 156 pos 0 st1 0 fail13 0 fail134 0 t4only 0 (2-swap 0, longer 0) t4 0 [0.0 s]
#   unit {'pos': 73, 'blk': None}: om1 113 pos 2 st1 2 fail13 0 fail134 0 t4only 0 (2-swap 0, longer 0) t4 1 [0.0 s]
#   unit {'pos': 72, 'blk': None}: om1 87 pos 0 st1 0 fail13 0 fail134 0 t4only 0 (2-swap 0, longer 0) t4 0 [0.0 s]
#   unit {'pos': 74, 'blk': None}: om1 70 pos 3 st1 3 fail13 0 fail134 0 t4only 0 (2-swap 0, longer 0) t4 1 [0.0 s]
#   unit {'pos': 75, 'blk': None}: om1 76 pos 0 st1 0 fail13 0 fail134 0 t4only 0 (2-swap 0, longer 0) t4 0 [0.0 s]
#   unit {'pos': 76, 'blk': None}: om1 67 pos 2 st1 2 fail13 0 fail134 0 t4only 0 (2-swap 0, longer 0) t4 0 [0.0 s]
#   unit {'pos': 79, 'blk': None}: om1 55 pos 0 st1 0 fail13 0 fail134 0 t4only 0 (2-swap 0, longer 0) t4 0 [0.0 s]
#   unit {'pos': 77, 'blk': None}: om1 44 pos 0 st1 0 fail13 0 fail134 0 t4only 0 (2-swap 0, longer 0) t4 0 [0.0 s]
#   unit {'pos': 78, 'blk': None}: om1 60 pos 0 st1 0 fail13 0 fail134 0 t4only 0 (2-swap 0, longer 0) t4 0 [0.0 s]
#   unit {'pos': 80, 'blk': None}: om1 55 pos 2 st1 2 fail13 0 fail134 0 t4only 0 (2-swap 0, longer 0) t4 0 [0.0 s]
#   unit {'pos': 81, 'blk': None}: om1 43 pos 5 st1 5 fail13 0 fail134 0 t4only 0 (2-swap 0, longer 0) t4 2 [0.0 s]
#   unit {'pos': 83, 'blk': None}: om1 61 pos 0 st1 0 fail13 0 fail134 0 t4only 0 (2-swap 0, longer 0) t4 0 [0.0 s]
#   unit {'pos': 84, 'blk': None}: om1 89 pos 1 st1 1 fail13 0 fail134 0 t4only 0 (2-swap 0, longer 0) t4 0 [0.0 s]
#   unit {'pos': 82, 'blk': None}: om1 55 pos 1 st1 1 fail13 0 fail134 0 t4only 0 (2-swap 0, longer 0) t4 0 [0.0 s]
#   unit {'pos': 86, 'blk': None}: om1 42 pos 0 st1 0 fail13 0 fail134 0 t4only 0 (2-swap 0, longer 0) t4 0 [0.0 s]
#   unit {'pos': 85, 'blk': None}: om1 49 pos 1 st1 1 fail13 0 fail134 0 t4only 0 (2-swap 0, longer 0) t4 0 [0.0 s]
#   unit {'pos': 87, 'blk': None}: om1 63 pos 0 st1 0 fail13 0 fail134 0 t4only 0 (2-swap 0, longer 0) t4 0 [0.0 s]
#   unit {'pos': 89, 'blk': None}: om1 44 pos 0 st1 0 fail13 0 fail134 0 t4only 0 (2-swap 0, longer 0) t4 0 [0.0 s]
#   unit {'pos': 88, 'blk': None}: om1 58 pos 7 st1 7 fail13 0 fail134 0 t4only 0 (2-swap 0, longer 0) t4 0 [0.0 s]
#   unit {'pos': 92, 'blk': None}: om1 31 pos 0 st1 0 fail13 0 fail134 0 t4only 0 (2-swap 0, longer 0) t4 0 [0.0 s]
#   unit {'pos': 91, 'blk': None}: om1 30 pos 0 st1 0 fail13 0 fail134 0 t4only 0 (2-swap 0, longer 0) t4 0 [0.0 s]
#   unit {'pos': 90, 'blk': None}: om1 40 pos 1 st1 1 fail13 0 fail134 0 t4only 0 (2-swap 0, longer 0) t4 1 [0.0 s]
#   unit {'pos': 93, 'blk': None}: om1 42 pos 0 st1 0 fail13 0 fail134 0 t4only 0 (2-swap 0, longer 0) t4 0 [0.0 s]
#   unit {'pos': 94, 'blk': None}: om1 42 pos 1 st1 1 fail13 0 fail134 0 t4only 0 (2-swap 0, longer 0) t4 0 [0.0 s]
#   unit {'pos': 95, 'blk': None}: om1 44 pos 0 st1 0 fail13 0 fail134 0 t4only 0 (2-swap 0, longer 0) t4 0 [0.0 s]
#   unit {'pos': 96, 'blk': None}: om1 29 pos 1 st1 1 fail13 0 fail134 0 t4only 0 (2-swap 0, longer 0) t4 0 [0.0 s]
#   unit {'pos': 97, 'blk': None}: om1 22 pos 0 st1 0 fail13 0 fail134 0 t4only 0 (2-swap 0, longer 0) t4 0 [0.0 s]
#   unit {'pos': 98, 'blk': None}: om1 21 pos 2 st1 2 fail13 0 fail134 0 t4only 0 (2-swap 0, longer 0) t4 0 [0.0 s]
#   unit {'pos': 100, 'blk': None}: om1 19 pos 0 st1 0 fail13 0 fail134 0 t4only 0 (2-swap 0, longer 0) t4 0 [0.0 s]
#   unit {'pos': 101, 'blk': None}: om1 22 pos 0 st1 0 fail13 0 fail134 0 t4only 0 (2-swap 0, longer 0) t4 0 [0.0 s]
#   unit {'pos': 99, 'blk': None}: om1 19 pos 0 st1 0 fail13 0 fail134 0 t4only 0 (2-swap 0, longer 0) t4 0 [0.0 s]
#   unit {'pos': 102, 'blk': None}: om1 23 pos 4 st1 4 fail13 0 fail134 0 t4only 0 (2-swap 0, longer 0) t4 0 [0.0 s]
#   unit {'pos': 105, 'blk': None}: om1 18 pos 1 st1 1 fail13 0 fail134 0 t4only 0 (2-swap 0, longer 0) t4 0 [0.0 s]
#   unit {'pos': 106, 'blk': None}: om1 18 pos 0 st1 0 fail13 0 fail134 0 t4only 0 (2-swap 0, longer 0) t4 0 [0.0 s]
#   unit {'pos': 103, 'blk': None}: om1 23 pos 1 st1 1 fail13 0 fail134 0 t4only 0 (2-swap 0, longer 0) t4 0 [0.0 s]
#   unit {'pos': 104, 'blk': None}: om1 25 pos 0 st1 0 fail13 0 fail134 0 t4only 0 (2-swap 0, longer 0) t4 0 [0.0 s]
#   unit {'pos': 108, 'blk': None}: om1 27 pos 0 st1 0 fail13 0 fail134 0 t4only 0 (2-swap 0, longer 0) t4 0 [0.0 s]
#   unit {'pos': 109, 'blk': None}: om1 28 pos 2 st1 2 fail13 0 fail134 0 t4only 0 (2-swap 0, longer 0) t4 0 [0.0 s]
#   unit {'pos': 107, 'blk': None}: om1 22 pos 1 st1 1 fail13 0 fail134 0 t4only 0 (2-swap 0, longer 0) t4 0 [0.0 s]
#   unit {'pos': 110, 'blk': None}: om1 28 pos 0 st1 0 fail13 0 fail134 0 t4only 0 (2-swap 0, longer 0) t4 0 [0.0 s]
#   unit {'pos': 113, 'blk': None}: om1 20 pos 3 st1 3 fail13 0 fail134 0 t4only 0 (2-swap 0, longer 0) t4 0 [0.0 s]
#   unit {'pos': 114, 'blk': None}: om1 21 pos 0 st1 0 fail13 0 fail134 0 t4only 0 (2-swap 0, longer 0) t4 0 [0.0 s]
#   unit {'pos': 112, 'blk': None}: om1 18 pos 0 st1 0 fail13 0 fail134 0 t4only 0 (2-swap 0, longer 0) t4 0 [0.0 s]
#   unit {'pos': 111, 'blk': None}: om1 34 pos 0 st1 0 fail13 0 fail134 0 t4only 0 (2-swap 0, longer 0) t4 0 [0.0 s]
#   unit {'pos': 115, 'blk': None}: om1 14 pos 0 st1 0 fail13 0 fail134 0 t4only 0 (2-swap 0, longer 0) t4 0 [0.0 s]
#   unit {'pos': 117, 'blk': None}: om1 17 pos 0 st1 0 fail13 0 fail134 0 t4only 0 (2-swap 0, longer 0) t4 0 [0.0 s]
#   unit {'pos': 116, 'blk': None}: om1 16 pos 0 st1 0 fail13 0 fail134 0 t4only 0 (2-swap 0, longer 0) t4 0 [0.0 s]
#   unit {'pos': 118, 'blk': None}: om1 17 pos 1 st1 1 fail13 0 fail134 0 t4only 0 (2-swap 0, longer 0) t4 0 [0.0 s]
#   unit {'pos': 119, 'blk': None}: om1 16 pos 0 st1 0 fail13 0 fail134 0 t4only 0 (2-swap 0, longer 0) t4 0 [0.0 s]
#   unit {'pos': 120, 'blk': None}: om1 11 pos 0 st1 0 fail13 0 fail134 0 t4only 0 (2-swap 0, longer 0) t4 0 [0.0 s]
#   unit {'pos': 122, 'blk': None}: om1 12 pos 0 st1 0 fail13 0 fail134 0 t4only 0 (2-swap 0, longer 0) t4 0 [0.0 s]
#   unit {'pos': 121, 'blk': None}: om1 12 pos 0 st1 0 fail13 0 fail134 0 t4only 0 (2-swap 0, longer 0) t4 0 [0.0 s]
#   unit {'pos': 126, 'blk': None}: om1 500 pos 18 st1 18 fail13 0 fail134 0 t4only 0 (2-swap 0, longer 0) t4 0 [0.1 s]
#   unit {'pos': 125, 'blk': None}: om1 500 pos 5 st1 5 fail13 0 fail134 0 t4only 0 (2-swap 0, longer 0) t4 0 [0.1 s]
#   unit {'pos': 123, 'blk': None}: om1 500 pos 10 st1 10 fail13 0 fail134 0 t4only 0 (2-swap 0, longer 0) t4 0 [0.1 s]
#   unit {'pos': 124, 'blk': None}: om1 500 pos 11 st1 11 fail13 0 fail134 0 t4only 0 (2-swap 0, longer 0) t4 0 [0.1 s]
#   unit {'pos': 130, 'blk': None}: om1 500 pos 2 st1 2 fail13 0 fail134 0 t4only 0 (2-swap 0, longer 0) t4 0 [0.0 s]
#   unit {'pos': 128, 'blk': None}: om1 500 pos 9 st1 9 fail13 0 fail134 0 t4only 0 (2-swap 0, longer 0) t4 0 [0.1 s]
#   unit {'pos': 127, 'blk': None}: om1 500 pos 22 st1 22 fail13 0 fail134 0 t4only 0 (2-swap 0, longer 0) t4 0 [0.1 s]
#   unit {'pos': 129, 'blk': None}: om1 500 pos 6 st1 6 fail13 0 fail134 0 t4only 0 (2-swap 0, longer 0) t4 0 [0.1 s]
#   unit {'pos': 133, 'blk': None}: om1 500 pos 20 st1 20 fail13 0 fail134 0 t4only 0 (2-swap 0, longer 0) t4 2 [0.0 s]
#   unit {'pos': 132, 'blk': None}: om1 500 pos 14 st1 14 fail13 0 fail134 0 t4only 0 (2-swap 0, longer 0) t4 5 [0.1 s]
#   unit {'pos': 134, 'blk': None}: om1 500 pos 39 st1 39 fail13 0 fail134 0 t4only 0 (2-swap 0, longer 0) t4 1 [0.0 s]
#   unit {'pos': 131, 'blk': None}: om1 500 pos 17 st1 17 fail13 0 fail134 0 t4only 0 (2-swap 0, longer 0) t4 0 [0.1 s]
#   unit {'pos': 136, 'blk': None}: om1 500 pos 34 st1 34 fail13 0 fail134 0 t4only 0 (2-swap 0, longer 0) t4 5 [0.0 s]
#   unit {'pos': 137, 'blk': None}: om1 500 pos 17 st1 17 fail13 0 fail134 0 t4only 0 (2-swap 0, longer 0) t4 0 [0.0 s]
#   unit {'pos': 135, 'blk': None}: om1 500 pos 22 st1 22 fail13 0 fail134 0 t4only 0 (2-swap 0, longer 0) t4 0 [0.1 s]
#   unit {'pos': 138, 'blk': None}: om1 500 pos 21 st1 21 fail13 0 fail134 0 t4only 0 (2-swap 0, longer 0) t4 0 [0.1 s]
#   unit {'pos': 139, 'blk': None}: om1 500 pos 13 st1 13 fail13 0 fail134 0 t4only 0 (2-swap 0, longer 0) t4 4 [0.1 s]
#   unit {'pos': 140, 'blk': None}: om1 500 pos 9 st1 9 fail13 0 fail134 0 t4only 0 (2-swap 0, longer 0) t4 0 [0.1 s]
#   unit {'pos': 141, 'blk': None}: om1 500 pos 0 st1 0 fail13 0 fail134 0 t4only 0 (2-swap 0, longer 0) t4 0 [0.1 s]
#   unit {'pos': 142, 'blk': None}: om1 500 pos 6 st1 6 fail13 0 fail134 0 t4only 0 (2-swap 0, longer 0) t4 0 [0.1 s]
#   unit {'pos': 143, 'blk': None}: om1 500 pos 10 st1 10 fail13 0 fail134 0 t4only 0 (2-swap 0, longer 0) t4 0 [0.1 s]
#   unit {'pos': 145, 'blk': None}: om1 500 pos 2 st1 2 fail13 0 fail134 0 t4only 0 (2-swap 0, longer 0) t4 0 [0.1 s]
#   unit {'pos': 146, 'blk': None}: om1 500 pos 4 st1 4 fail13 0 fail134 0 t4only 0 (2-swap 0, longer 0) t4 0 [0.1 s]
#   unit {'pos': 144, 'blk': None}: om1 500 pos 9 st1 9 fail13 0 fail134 0 t4only 0 (2-swap 0, longer 0) t4 0 [0.1 s]
#   unit {'pos': 147, 'blk': None}: om1 500 pos 2 st1 2 fail13 0 fail134 0 t4only 0 (2-swap 0, longer 0) t4 0 [0.1 s]
#   unit {'pos': 148, 'blk': None}: om1 500 pos 1 st1 1 fail13 0 fail134 0 t4only 0 (2-swap 0, longer 0) t4 0 [0.1 s]
#   unit {'pos': 149, 'blk': None}: om1 500 pos 9 st1 9 fail13 0 fail134 0 t4only 0 (2-swap 0, longer 0) t4 0 [0.1 s]
#   unit {'pos': 150, 'blk': None}: om1 500 pos 0 st1 0 fail13 0 fail134 0 t4only 0 (2-swap 0, longer 0) t4 0 [0.1 s]
#   unit {'pos': 151, 'blk': None}: om1 500 pos 5 st1 5 fail13 0 fail134 0 t4only 0 (2-swap 0, longer 0) t4 0 [0.1 s]
#   unit {'pos': 153, 'blk': None}: om1 500 pos 16 st1 16 fail13 0 fail134 0 t4only 0 (2-swap 0, longer 0) t4 0 [0.1 s]
#   unit {'pos': 155, 'blk': None}: om1 500 pos 0 st1 0 fail13 0 fail134 0 t4only 0 (2-swap 0, longer 0) t4 0 [0.1 s]
#   unit {'pos': 154, 'blk': None}: om1 500 pos 7 st1 7 fail13 0 fail134 0 t4only 0 (2-swap 0, longer 0) t4 0 [0.1 s]
#   unit {'pos': 152, 'blk': None}: om1 500 pos 12 st1 12 fail13 0 fail134 0 t4only 0 (2-swap 0, longer 0) t4 0 [0.1 s]
#   unit {'pos': 156, 'blk': None}: om1 500 pos 3 st1 3 fail13 0 fail134 0 t4only 0 (2-swap 0, longer 0) t4 0 [0.1 s]
#   unit {'pos': 158, 'blk': None}: om1 500 pos 3 st1 3 fail13 0 fail134 0 t4only 0 (2-swap 0, longer 0) t4 0 [0.1 s]
#   unit {'pos': 157, 'blk': None}: om1 500 pos 9 st1 9 fail13 0 fail134 0 t4only 0 (2-swap 0, longer 0) t4 0 [0.1 s]
#   unit {'pos': 159, 'blk': None}: om1 500 pos 9 st1 9 fail13 0 fail134 0 t4only 0 (2-swap 0, longer 0) t4 0 [0.1 s]
#   unit {'pos': 161, 'blk': None}: om1 500 pos 18 st1 18 fail13 0 fail134 0 t4only 0 (2-swap 0, longer 0) t4 0 [0.1 s]
#   unit {'pos': 160, 'blk': None}: om1 500 pos 14 st1 14 fail13 0 fail134 0 t4only 0 (2-swap 0, longer 0) t4 0 [0.1 s]
#   unit {'pos': 162, 'blk': None}: om1 500 pos 2 st1 2 fail13 0 fail134 0 t4only 0 (2-swap 0, longer 0) t4 0 [0.1 s]
#   unit {'pos': 163, 'blk': None}: om1 500 pos 6 st1 1 fail13 0 fail134 0 t4only 0 (2-swap 0, longer 0) t4 0 [0.1 s]
#   unit {'pos': 164, 'blk': None}: om1 500 pos 10 st1 10 fail13 0 fail134 0 t4only 0 (2-swap 0, longer 0) t4 0 [0.1 s]
#   unit {'pos': 165, 'blk': None}: om1 500 pos 14 st1 12 fail13 0 fail134 0 t4only 0 (2-swap 0, longer 0) t4 0 [0.1 s]
#   unit {'pos': 166, 'blk': None}: om1 500 pos 0 st1 0 fail13 0 fail134 0 t4only 0 (2-swap 0, longer 0) t4 0 [0.1 s]
#   unit {'pos': 167, 'blk': None}: om1 500 pos 4 st1 3 fail13 0 fail134 0 t4only 0 (2-swap 0, longer 0) t4 0 [0.1 s]
#   unit {'pos': 168, 'blk': None}: om1 500 pos 1 st1 1 fail13 0 fail134 0 t4only 0 (2-swap 0, longer 0) t4 0 [0.1 s]
#   unit {'pos': 171, 'blk': None}: om1 500 pos 4 st1 4 fail13 0 fail134 0 t4only 0 (2-swap 0, longer 0) t4 0 [0.1 s]
#   unit {'pos': 170, 'blk': None}: om1 500 pos 38 st1 22 fail13 0 fail134 0 t4only 0 (2-swap 0, longer 0) t4 0 [0.1 s]
#   unit {'pos': 169, 'blk': None}: om1 500 pos 4 st1 4 fail13 0 fail134 0 t4only 0 (2-swap 0, longer 0) t4 0 [0.1 s]
#   unit {'pos': 173, 'blk': None}: om1 500 pos 23 st1 10 fail13 0 fail134 0 t4only 0 (2-swap 0, longer 0) t4 0 [0.1 s]
#   unit {'pos': 175, 'blk': None}: om1 500 pos 0 st1 0 fail13 0 fail134 0 t4only 0 (2-swap 0, longer 0) t4 0 [0.1 s]
#   unit {'pos': 174, 'blk': None}: om1 500 pos 2 st1 0 fail13 0 fail134 0 t4only 0 (2-swap 0, longer 0) t4 0 [0.1 s]
#   unit {'pos': 172, 'blk': None}: om1 500 pos 34 st1 15 fail13 0 fail134 0 t4only 0 (2-swap 0, longer 0) t4 0 [0.1 s]
#   unit {'pos': 176, 'blk': None}: om1 500 pos 15 st1 15 fail13 0 fail134 0 t4only 0 (2-swap 0, longer 0) t4 0 [0.1 s]
#   unit {'pos': 177, 'blk': None}: om1 500 pos 376 st1 8 fail13 0 fail134 0 t4only 0 (2-swap 0, longer 0) t4 0 [0.1 s]
#   unit {'pos': 178, 'blk': None}: om1 500 pos 132 st1 25 fail13 0 fail134 0 t4only 0 (2-swap 0, longer 0) t4 0 [0.1 s]
#   unit {'pos': 179, 'blk': None}: om1 500 pos 69 st1 69 fail13 0 fail134 0 t4only 0 (2-swap 0, longer 0) t4 0 [0.2 s]
#   unit {'pos': 180, 'blk': None}: om1 500 pos 526 st1 108 fail13 0 fail134 0 t4only 0 (2-swap 0, longer 0) t4 8 [0.1 s]
#   unit {'pos': 181, 'blk': None}: om1 500 pos 320 st1 81 fail13 0 fail134 0 t4only 0 (2-swap 0, longer 0) t4 0 [0.1 s]
#   unit {'pos': 182, 'blk': None}: om1 500 pos 270 st1 45 fail13 0 fail134 0 t4only 0 (2-swap 0, longer 0) t4 0 [0.1 s]
#   unit {'pos': 183, 'blk': None}: om1 500 pos 296 st1 25 fail13 0 fail134 0 t4only 0 (2-swap 0, longer 0) t4 0 [0.1 s]
#   unit {'pos': 184, 'blk': None}: om1 500 pos 408 st1 20 fail13 0 fail134 0 t4only 0 (2-swap 0, longer 0) t4 0 [0.1 s]
#   unit {'pos': 185, 'blk': None}: om1 500 pos 360 st1 93 fail13 0 fail134 0 t4only 0 (2-swap 0, longer 0) t4 0 [0.1 s]
#   unit {'pos': 186, 'blk': None}: om1 500 pos 64 st1 64 fail13 0 fail134 0 t4only 0 (2-swap 0, longer 0) t4 0 [0.1 s]
#   unit {'pos': 189, 'blk': None}: om1 500 pos 506 st1 224 fail13 0 fail134 0 t4only 0 (2-swap 0, longer 0) t4 41 [0.0 s]
#   unit {'pos': 187, 'blk': None}: om1 500 pos 145 st1 38 fail13 0 fail134 0 t4only 0 (2-swap 0, longer 0) t4 0 [0.1 s]
#   unit {'pos': 190, 'blk': None}: om1 500 pos 519 st1 135 fail13 0 fail134 0 t4only 0 (2-swap 0, longer 0) t4 4 [0.1 s]
#   unit {'pos': 188, 'blk': None}: om1 500 pos 1293 st1 104 fail13 0 fail134 0 t4only 0 (2-swap 0, longer 0) t4 0 [0.1 s]
#   unit {'pos': 191, 'blk': None}: om1 500 pos 294 st1 54 fail13 0 fail134 0 t4only 0 (2-swap 0, longer 0) t4 0 [0.1 s]
#   unit {'pos': 192, 'blk': None}: om1 500 pos 448 st1 43 fail13 0 fail134 0 t4only 0 (2-swap 0, longer 0) t4 0 [0.1 s]
#   unit {'pos': 193, 'blk': None}: om1 500 pos 470 st1 3 fail13 0 fail134 0 t4only 0 (2-swap 0, longer 0) t4 0 [0.1 s]
#   unit {'pos': 194, 'blk': None}: om1 500 pos 445 st1 32 fail13 0 fail134 0 t4only 0 (2-swap 0, longer 0) t4 0 [0.1 s]
#   unit {'pos': 195, 'blk': None}: om1 500 pos 280 st1 30 fail13 0 fail134 0 t4only 0 (2-swap 0, longer 0) t4 0 [0.1 s]
#   unit {'pos': 196, 'blk': None}: om1 500 pos 16 st1 16 fail13 0 fail134 0 t4only 0 (2-swap 0, longer 0) t4 0 [0.1 s]
#   unit {'pos': 197, 'blk': None}: om1 500 pos 872 st1 116 fail13 0 fail134 0 t4only 0 (2-swap 0, longer 0) t4 7 [0.1 s]
#   unit {'pos': 198, 'blk': None}: om1 500 pos 848 st1 33 fail13 0 fail134 0 t4only 0 (2-swap 0, longer 0) t4 0 [0.1 s]
#   unit {'pos': 199, 'blk': None}: om1 500 pos 665 st1 0 fail13 0 fail134 0 t4only 0 (2-swap 0, longer 0) t4 0 [0.2 s]
#   unit {'pos': 200, 'blk': None}: om1 500 pos 304 st1 40 fail13 0 fail134 0 t4only 0 (2-swap 0, longer 0) t4 0 [0.2 s]
#   unit {'pos': 201, 'blk': None}: om1 500 pos 174 st1 32 fail13 0 fail134 0 t4only 0 (2-swap 0, longer 0) t4 0 [0.1 s]
#   unit {'pos': 202, 'blk': None}: om1 500 pos 827 st1 11 fail13 0 fail134 0 t4only 0 (2-swap 0, longer 0) t4 0 [0.2 s]
#   unit {'pos': 203, 'blk': None}: om1 500 pos 299 st1 8 fail13 0 fail134 0 t4only 0 (2-swap 0, longer 0) t4 0 [0.2 s]
#   unit {'pos': 204, 'blk': None}: om1 500 pos 1043 st1 0 fail13 0 fail134 0 t4only 0 (2-swap 0, longer 0) t4 0 [0.2 s]
#   unit {'pos': 205, 'blk': None}: om1 500 pos 192 st1 8 fail13 0 fail134 0 t4only 0 (2-swap 0, longer 0) t4 0 [0.2 s]
#   unit {'pos': 206, 'blk': None}: om1 500 pos 791 st1 15 fail13 0 fail134 0 t4only 0 (2-swap 0, longer 0) t4 0 [0.2 s]
#   unit {'pos': 207, 'blk': None}: om1 500 pos 889 st1 4 fail13 0 fail134 0 t4only 0 (2-swap 0, longer 0) t4 0 [0.2 s]
#   unit {'pos': 210, 'blk': None}: om1 500 pos 2654 st1 182 fail13 0 fail134 0 t4only 0 (2-swap 0, longer 0) t4 0 [0.1 s]
#   unit {'pos': 208, 'blk': None}: om1 500 pos 24 st1 13 fail13 0 fail134 0 t4only 0 (2-swap 0, longer 0) t4 0 [0.2 s]
#   unit {'pos': 209, 'blk': None}: om1 500 pos 1727 st1 69 fail13 0 fail134 0 t4only 0 (2-swap 0, longer 0) t4 0 [0.3 s]
#   unit {'pos': 211, 'blk': None}: om1 500 pos 1909 st1 252 fail13 0 fail134 0 t4only 0 (2-swap 0, longer 0) t4 0 [0.2 s]
#   unit {'pos': 212, 'blk': None}: om1 500 pos 2390 st1 189 fail13 0 fail134 0 t4only 0 (2-swap 0, longer 0) t4 0 [0.2 s]
#   unit {'pos': 213, 'blk': None}: om1 500 pos 3417 st1 37 fail13 0 fail134 0 t4only 0 (2-swap 0, longer 0) t4 0 [0.2 s]
#   unit {'pos': 214, 'blk': None}: om1 500 pos 2171 st1 146 fail13 0 fail134 0 t4only 0 (2-swap 0, longer 0) t4 0 [0.3 s]
#   unit {'pos': 217, 'blk': None}: om1 500 pos 2804 st1 106 fail13 0 fail134 0 t4only 0 (2-swap 0, longer 0) t4 0 [0.3 s]
#   unit {'pos': 216, 'blk': None}: om1 500 pos 1911 st1 47 fail13 0 fail134 0 t4only 0 (2-swap 0, longer 0) t4 0 [0.3 s]
#   unit {'pos': 215, 'blk': None}: om1 500 pos 4126 st1 32 fail13 0 fail134 0 t4only 0 (2-swap 0, longer 0) t4 0 [0.5 s]
#   unit {'pos': 218, 'blk': None}: om1 500 pos 7937 st1 328 fail13 0 fail134 0 t4only 0 (2-swap 0, longer 0) t4 0 [0.6 s]
k4_certs_4_pure.json.gz: profiles 109500, omega >= 1: 51052; k* = 0: 43662, 1: 7348, 2: 42, 3: 0, >= 4: 0, inf: 0; P with def > 0: 45913, at distance 1: 45689, 2: 224, 3: 0, >= 4: 0, inf: 0; Pareto-maximal: 150; largest least deficit 0
  DL13 (dl13.c's counters): states (def > 0) with f = 0: 42384 (R_13 fails at 5), with f >= 1: 3529; DL13 fails at 0 of the f >= 1 states; T1 only 8, T3 only 219 (of which T3 with a helper only 1), both 3302; with a plain T3 move 3249, with a helper T3 move 3468; nearest R_13 improvement at distance 1 / 2 / 3: 3310 / 218 / 1; anomalies 0
  DL134: R_134 fails at 5 of the f = 0 states; DL134 FAILS at 0 of the 3529 f >= 1 states; f >= 1 states with an improving T1 move 3310, T3 move 3521, T4 move 129 (a 2-swap 129); repaired by T4 only 0 (= the DL13 failures repaired; with a 2-swap 0, longer cycles only 0); nearest R_134 improvement at distance 1 / 2 / 3 / >= 4 / none: 3310 / 218 / 1 / 0 / 0 [4 s]
table B: f >= 1 states by f | signature | R_134 branch : count
  B 1|G,D2|T1+T3p+T3h : 1129
  B 1|fO,G,D2|T1+T3p+T3h : 957
  B 1|fO,L|T1+T3p+T3h : 283
  B 1|fO,L|T1+T3h : 141
  B 1|G,D2,PM|T1+T3p+T3h : 115
  B 2|G,D2|T1+T3p+T3h : 95
  B 1|fO|T1+T3p+T3h : 84
  B 1|G,D2|T3p+T3h : 70
  B 2|G,D2|T1+T3p+T3h+T4 : 59
  B 1|fO|T1+T3h : 58
  B 1|fO,G,D2|T3p+T3h : 52
  B 1|fO,G1|T1+T3p+T3h : 48
  B 1|fO,G,D2|T1+T3h : 41
  B 1|fO,L,O,D2|T1+T3p+T3h : 39
  B 1|e2,fO,G,D2|T1+T3p+T3h : 34
  B 1|e2,G,D2|T1+T3p+T3h : 29
  B 2|G,D2|T3p+T3h : 23
  B 1|fO,L,D2|T1+T3p+T3h : 19
  B 3|G|T3p+T4 : 15
  B 1|e2,G,D2,PM|T1+T3p+T3h : 14
  B 1|e2,fO,G1|T1+T3p+T3h : 14
  B 2|G,D2|T3p+T3h+T4 : 13
  B 2|fO,L|T1+T3p+T3h : 13
  B 1|fO,L,D2|T1+T3h : 10
  B 2|G,D2,PM|T1+T3p+T3h : 9
  B 2|G,D2|T3p : 9
  B 3|O|T3p+T4 : 9
  B 2|O,D2|T1+T3p+T3h : 8
  B 1|e2,fO,L|T1+T3h : 5
  B 1|e2,fO|T1+T3p+T3h : 5
  B 2|G,D2|T3p+T4 : 5
  B 2|G,L,D2|T1+T3p+T3h : 5
  B 2|fO,G,D2|T1+T3p+T3h : 5
  B 2|fO,G,D2|T1+T3p+T3h+T4 : 5
  B 1|G,D2|T1+T3p : 4
  B 1|L|T1+T3p+T3h : 4
  B 1|e2,fO,G,D2|T1+T3h : 4
  B 2|G1|T1+T3p+T3h : 4
  B 2|fO,G,D2|T3p+T3h+T4 : 4
  B 2|fO,L|T1+T3h : 4
  B 2|fO,L|T1+T3h+T4 : 4
  B 2|fO,L|T1+T3p+T3h+T4 : 4
  B 1|e2,fO,L|T1+T3p+T3h : 3
  B 1|fO|T1 : 3
  B 2|G,L,D2,PM|T1+T3p+T3h : 3
  B 2|G,O,D2|T1+T3p+T3h : 3
  B 2|G1,PM|T1+T3p+T3h : 3
  B 1|L,PM|T1+T3p+T3h : 2
  B 1|e1,G,D2|T1+T3p+T3h : 2
  B 1|e1,fO,L|T1+T3h : 2
  B 1|e2,fO|T1 : 2
  B 1|e2,fO|T1+T3h : 2
  B 1|fO,L|T1+T3p : 2
  B 1|fO,O|T1+T3p+T3h : 2
  B 2|G,L,D2|T3p+T3h : 2
  B 2|G,L,D2|T3p+T3h+T4 : 2
  B 2|G,O,D2|T3p+T3h : 2
  B 2|L,O|T1+T3p+T3h+T4 : 2
  B 2|L|T1+T3p+T3h+T4 : 2
  B 2|e2|T1+T3p+T3h : 2
  B 2|fO,G,L,D2|T3p+T3h+T4 : 2
  B 1|G1|T1+T3p+T3h : 1
  B 1|G1|T3p : 1
  B 1|L|T3h : 1
  B 1|e1,e3,fO|T1+T3p+T3h : 1
  B 1|e1,fO,L|T1+T3p+T3h : 1
  B 1|e2,G,D2|T3p+T3h : 1
  B 1|e2,G1|T3p+T3h : 1
  B 1|e2,fO,L|T1 : 1
  B 1|e2,fO,L|T1+T3p : 1
  B 1|e3,fO,L|T1 : 1
  B 1|e3,fO,L|T1+T3p+T3h : 1
  B 1|fO,G,D2|T1+T3p : 1
  B 1|fO,G1|T1+T3p : 1
  B 1|fO,L|T1 : 1
  B 2|G,D2,PM|T3p+T3h : 1
  B 2|G,G1,D2|T1+T3p+T3h : 1
  B 2|G,L,D2|T1+T3p+T3h+T4 : 1
  B 2|G1,L,PM|T1+T3p+T3h : 1
  B 2|G1,L|T1+T3p+T3h : 1
  B 2|G1,O|T1+T3p+T3h : 1
  B 2|G1,PM|T3p+T3h : 1
  B 2|G1|T3p+T3h : 1
  B 2|L,PM|T1+T3p+T3h : 1
  B 2|L|T1+T3p+T3h : 1
  B 2|L|T1+T3p+T4 : 1
  B 2|O|T1+T3p+T3h+T4 : 1
  B 2|e1,G,D2|T1+T3p+T3h : 1
  B 2|fO,G,D2|T3p : 1
  B 2|fO,G,D2|T3p+T3h : 1
  B 2|fO,G,L,D2|T1+T3p : 1
  B 2|fO,G,L,D2|T1+T3p+T3h : 1
  B 2|fO,G,L,D2|T3p : 1
  B 2|fO,G,O,D2|T3p+T3h : 1
  B 2|fO,G1|T1+T3p : 1
table G: f >= 1 states by f | nearest distance k | R_134 branch : count
  G 1|1|T1+T3p+T3h : 2787
  G 1|1|T1+T3h : 263
  G 2|1|T1+T3p+T3h : 158
  G 1|2|T3p+T3h : 124
  G 2|1|T1+T3p+T3h+T4 : 74
  G 2|2|T3p+T3h : 32
  G 3|2|T3p+T4 : 24
  G 2|2|T3p+T3h+T4 : 21
  G 2|2|T3p : 11
  G 1|1|T1+T3p : 9
  G 1|1|T1 : 8
  G 2|2|T3p+T4 : 5
  G 2|1|T1+T3h : 4
  G 2|1|T1+T3h+T4 : 4
  G 2|1|T1+T3p : 2
  G 1|2|T3h : 1
  G 1|2|T3p : 1
  G 2|1|T1+T3p+T4 : 1
table Y: f >= 1 states by f | R_134 branch | move type available : count
  Y 1|T1+T3p+T3h|T3:xJ.h- : 2686
  Y 1|T1+T3p+T3h|T1:rel : 2522
  Y 1|T1+T3p+T3h|T3:xJ.hJ : 2432
  Y 1|T1+T3p+T3h|T1:pool : 2345
  Y 1|T1+T3p+T3h|T3:xJ.hR : 2328
  Y 1|T1+T3p+T3h|T3:xJ.hZ : 1084
  Y 1|T1+T3p+T3h|T3:xH.hJ : 750
  Y 1|T1+T3p+T3h|T3:xZ.h- : 564
  Y 1|T1+T3p+T3h|T3:xZ.hR : 450
  Y 1|T1+T3p+T3h|T3:xZ.hJ : 438
  Y 1|T1+T3h|T1:pool : 263
  Y 1|T1+T3p+T3h|T3:xH.hR : 223
  Y 1|T1+T3h|T1:rel : 214
  Y 1|T1+T3h|T3:xH.hJ : 207
  Y 1|T1+T3p+T3h|T1:grow : 166
  Y 1|T1+T3p+T3h|T3:xH.hZ : 166
  Y 2|T1+T3p+T3h|T1:rel : 156
  Y 2|T1+T3p+T3h|T3:xJ.h- : 150
  Y 2|T1+T3p+T3h|T3:xJ.hR : 135
  Y 1|T1+T3p+T3h|T3:xZ.hZ : 134
  Y 1|T3p+T3h|T3:xJ.h- : 124
  Y 1|T3p+T3h|T3:xJ.hJ : 121
  Y 1|T3p+T3h|T3:xJ.hR : 102
  Y 1|T1+T3h|T3:xJ.hJ : 78
  Y 1|T3p+T3h|T3:xJ.hZ : 77
  Y 2|T1+T3p+T3h+T4|T1:rel : 74
  Y 2|T1+T3p+T3h+T4|T4:2 : 74
  Y 2|T1+T3p+T3h+T4|T3:xJ.h- : 72
  Y 2|T1+T3p+T3h|T3:xJ.hJ : 67
  Y 2|T1+T3p+T3h|T3:xZ.h- : 64
  Y 2|T1+T3p+T3h|T1:pool : 62
  Y 2|T1+T3p+T3h+T4|T3:xJ.hR : 59
  Y 1|T3p+T3h|T3:xZ.h- : 53
  Y 1|T3p+T3h|T3:xH.hJ : 51
  Y 2|T1+T3p+T3h|T3:xZ.hR : 47
  Y 1|T1+T3h|T3:xJ.hZ : 36
  Y 1|T3p+T3h|T3:xZ.hJ : 35
  Y 1|T1+T3h|T3:xJ.hR : 33
  Y 1|T1+T3h|T3:xH.hR : 32
  Y 1|T3p+T3h|T3:xH.hR : 32
  Y 1|T3p+T3h|T3:xZ.hR : 32
  Y 2|T3p+T3h|T3:xJ.h- : 32
  Y 2|T1+T3p+T3h|T3:xZ.hJ : 31
  Y 2|T3p+T3h|T3:xJ.hR : 29
  Y 2|T1+T3p+T3h|T3:xH.hR : 24
  Y 3|T3p+T4|T4:2 : 24
  Y 2|T1+T3p+T3h|T3:xJ.hZ : 23
  Y 2|T1+T3p+T3h+T4|T3:xJ.hJ : 22
  Y 2|T1+T3p+T3h|T3:xH.hJ : 22
  Y 2|T3p+T3h+T4|T3:xJ.h- : 21
  Y 2|T3p+T3h+T4|T4:2 : 21
  Y 3|T3p+T4|T3:xJ.h- : 21
  Y 3|T3p+T4|T4:3 : 20
  Y 2|T1+T3p+T3h+T4|T3:xZ.h- : 17
  Y 2|T3p+T3h+T4|T3:xJ.hR : 17
  Y 2|T1+T3p+T3h+T4|T3:xJ.hZ : 15
  Y 2|T3p+T3h|T3:xJ.hJ : 14
  Y 2|T1+T3p+T3h+T4|T3:xZ.hJ : 12
  Y 2|T1+T3p+T3h+T4|T3:xZ.hR : 12
  Y 2|T1+T3p+T3h+T4|T1:pool : 11
  Y 2|T3p+T3h+T4|T3:xJ.hZ : 11
  Y 2|T3p|T3:xJ.h- : 11
  Y 1|T3p+T3h|T3:xH.hZ : 10
  Y 1|T1+T3p|T3:xJ.h- : 9
  Y 2|T3p+T3h|T3:xZ.h- : 9
  Y 3|T3p+T4|T3:xZ.h- : 9
  Y 1|T1+T3h|T3:xZ.hJ : 8
  Y 1|T1+T3p|T1:pool : 8
  Y 1|T1|T1:pool : 8
  Y 1|T1|T1:rel : 8
  Y 2|T1+T3p+T3h+T4|T3:xH.hJ : 8
  Y 2|T1+T3p+T3h|T3:xH.hZ : 8
  Y 2|T3p+T3h|T3:xH.hR : 8
  Y 1|T1+T3h|T1:grow : 7
  Y 2|T3p+T3h|T3:xJ.hZ : 7
  Y 2|T3p+T3h|T3:xH.hJ : 6
  Y 2|T1+T3p+T3h+T4|T3:xH.hR : 5
  Y 2|T3p+T4|T3:xJ.h- : 5
  Y 2|T3p+T4|T4:2 : 5
  Y 1|T1+T3p|T1:rel : 4
  Y 2|T1+T3h+T4|T1:pool : 4
  Y 2|T1+T3h+T4|T3:xH.hJ : 4
  Y 2|T1+T3h+T4|T4:2 : 4
  Y 2|T1+T3h|T1:pool : 4
  Y 2|T1+T3h|T1:rel : 4
  Y 2|T1+T3h|T3:xH.hJ : 4
  Y 2|T1+T3p+T3h+T4|T3:xH.hZ : 4
  Y 2|T1+T3p+T3h|T1:grow : 4
  Y 2|T3p+T3h+T4|T3:xJ.hJ : 4
  Y 2|T3p+T3h|T3:xZ.hR : 4
  Y 1|T1+T3h|T3:xH.hZ : 3
  Y 2|T1+T3p+T3h|T3:xZ.hZ : 3
  Y 1|T3p+T3h|T3:xZ.hZ : 2
  Y 2|T1+T3h+T4|T3:xH.hZ : 2
  Y 2|T1+T3h+T4|T3:xJ.hJ : 2
  Y 2|T1+T3h+T4|T3:xZ.hJ : 2
  Y 2|T1+T3p+T3h+T4|T1:grow : 2
  Y 2|T1+T3p|T1:rel : 2
  Y 2|T1+T3p|T3:xJ.h- : 2
  Y 2|T3p+T3h|T3:xZ.hJ : 2
  Y 1|T1+T3h|T3:xZ.hR : 1
  Y 1|T1+T3p|T3:xZ.h- : 1
  Y 1|T3h|T3:xJ.hR : 1
  Y 1|T3h|T3:xJ.hZ : 1
  Y 1|T3p|T3:xJ.h- : 1
  Y 1|T3p|T3:xZ.h- : 1
  Y 2|T1+T3h+T4|T1:rel : 1
  Y 2|T1+T3h+T4|T3:xJ.hZ : 1
  Y 2|T1+T3h+T4|T3:xZ.hZ : 1
  Y 2|T1+T3p+T3h+T4|T3:xZ.hZ : 1
  Y 2|T1+T3p+T4|T1:rel : 1
  Y 2|T1+T3p+T4|T3:xJ.h- : 1
  Y 2|T1+T3p+T4|T3:xZ.h- : 1
  Y 2|T1+T3p+T4|T4:2 : 1
  Y 2|T1+T3p|T3:xZ.h- : 1
  Y 2|T3p+T3h|T3:xH.hZ : 1
table Q: f >= 1 states repaired by T4 only, by f | k | T4 cycle types available : count
