# command: python3 results/k4_dl134/t4only_xcheck.py results/k4_dl134/dump_n4_1.jsonl.gz results/k4_dl134/dump_n4_2.jsonl.gz results/k4_dl134/dump_n4_3_s500_seed1.jsonl.gz results/k4_dl134/dump_n4_3_s500_seed2.jsonl.gz results/k4_dl134/dump_n4_3_s500_seed3.jsonl.gz results/k4_dl134/dump_pure_s500_seed1.jsonl.gz results/k4_dl134/dump_pure_s500_seed2.jsonl.gz results/k4_dl134/dump_pure_s500_seed3.jsonl.gz
  dump_n4_1.jsonl.gz: k4_certs_4_n4_1.json.gz pos 25 (idx 5, m 6) prof [6, 1, 3, 3] B [[4], [1], [3], [5]] f 3 def 1 k 2 sig G branch T4 T4 types ['2', '3']: agree
  dump_n4_1.jsonl.gz: k4_certs_4_n4_1.json.gz pos 25 (idx 5, m 6) prof [6, 1, 3, 3] B [[4], [1], [5], [3]] f 3 def 1 k 2 sig G branch T4 T4 types ['2', '3']: agree
  dump_n4_1.jsonl.gz: k4_certs_4_n4_1.json.gz pos 25 (idx 5, m 6) prof [11, 1, 3, 3] B [[4], [1], [3], [5]] f 3 def 1 k 2 sig G branch T4 T4 types ['2', '3']: agree
  dump_n4_1.jsonl.gz: k4_certs_4_n4_1.json.gz pos 25 (idx 5, m 6) prof [11, 1, 3, 3] B [[4], [1], [5], [3]] f 3 def 1 k 2 sig G branch T4 T4 types ['2', '3']: agree
  dump_n4_1.jsonl.gz: k4_certs_4_n4_1.json.gz pos 25 (idx 5, m 6) prof [21, 1, 3, 3] B [[4], [1], [3], [5]] f 3 def 1 k 2 sig G branch T4 T4 types ['2', '3']: agree
dump_n4_1.jsonl.gz: a 2-swap repairs 20, agree 20, branch T4 20, states 20; cores (pos) [25]
  dump_n4_2.jsonl.gz: k4_certs_4_n4_2.json.gz pos 20 (idx 2, m 6) prof [6, 5, 1, 5] B [[3], [4], [2], [5]] f 3 def 1 k 2 sig G branch T4 T4 types ['2', '3']: agree
  dump_n4_2.jsonl.gz: k4_certs_4_n4_2.json.gz pos 20 (idx 2, m 6) prof [6, 5, 1, 5] B [[3], [5], [2], [4]] f 3 def 1 k 2 sig G branch T4 T4 types ['2', '3']: agree
  dump_n4_2.jsonl.gz: k4_certs_4_n4_2.json.gz pos 20 (idx 2, m 6) prof [6, 31, 1, 5] B [[3], [4], [2], [5]] f 3 def 1 k 2 sig G branch T4 T4 types ['2', '3']: agree
  dump_n4_2.jsonl.gz: k4_certs_4_n4_2.json.gz pos 20 (idx 2, m 6) prof [6, 31, 1, 5] B [[3], [5], [2], [4]] f 3 def 1 k 2 sig G branch T4 T4 types ['2', '3']: agree
  dump_n4_2.jsonl.gz: k4_certs_4_n4_2.json.gz pos 20 (idx 2, m 6) prof [6, 34, 1, 5] B [[3], [4], [2], [5]] f 3 def 1 k 2 sig G branch T4 T4 types ['2', '3']: agree
  dump_n4_2.jsonl.gz: k4_certs_4_n4_2.json.gz pos 22 (idx 4, m 6) prof [6, 64, 3, 3] B [[4], [1], [3], [5]] f 3 def 1 k 2 sig G branch T4 T4 types ['2', '3']: agree
  dump_n4_2.jsonl.gz: k4_certs_4_n4_2.json.gz pos 24 (idx 6, m 6) prof [1, 6, 3, 3] B [[2], [4], [3], [5]] f 3 def 1 k 2 sig O branch T4 T4 types ['2', '3']: agree
  dump_n4_2.jsonl.gz: k4_certs_4_n4_2.json.gz pos 27 (idx 9, m 6) prof [6, 5, 1, 5] B [[3], [4], [2], [5]] f 3 def 1 k 2 sig O branch T4 T4 types ['2', '3']: agree
  dump_n4_2.jsonl.gz: k4_certs_4_n4_2.json.gz pos 28 (idx 10, m 6) prof [6, 1, 5, 5] B [[3], [1], [4], [5]] f 3 def 1 k 2 sig G branch T4 T4 types ['2', '3']: agree
  dump_n4_2.jsonl.gz: k4_certs_4_n4_2.json.gz pos 92 (idx 12, m 7) prof [1, 6, 3, 3] B [[2], [5], [4], [6]] f 3 def 1 k 2 sig G branch T4 T4 types ['2', '3']: agree
  dump_n4_2.jsonl.gz: k4_certs_4_n4_2.json.gz pos 94 (idx 14, m 7) prof [6, 3, 1, 3] B [[5], [4], [3], [6]] f 3 def 1 k 2 sig G branch T4 T4 types ['2', '3']: agree
dump_n4_2.jsonl.gz: a 2-swap repairs 3040, agree 3040, branch T4 3040, states 3040; cores (pos) [20, 22, 24, 27, 28, 92, 94]
dump_n4_3_s500_seed1.jsonl.gz: ; cores (pos) []
  dump_n4_3_s500_seed2.jsonl.gz: k4_certs_4_n4_3.json.gz pos 64 (idx 17, m 7) prof [6, 1, 19, 27] B [[5], [1], [4], [6]] f 3 def 1 k 2 sig G branch T4 T4 types ['2', '3']: agree
  dump_n4_3_s500_seed2.jsonl.gz: k4_certs_4_n4_3.json.gz pos 64 (idx 17, m 7) prof [6, 1, 19, 27] B [[5], [1], [6], [4]] f 3 def 1 k 2 sig G branch T4 T4 types ['2', '3']: agree
dump_n4_3_s500_seed2.jsonl.gz: a 2-swap repairs 2, agree 2, branch T4 2, states 2; cores (pos) [64]
  dump_n4_3_s500_seed3.jsonl.gz: k4_certs_4_n4_3.json.gz pos 153 (idx 16, m 8) prof [65, 35, 40, 1] B [[5], [6], [7], [4]] f 3 def 1 k 2 sig G branch T4 T4 types ['2', '3']: agree
  dump_n4_3_s500_seed3.jsonl.gz: k4_certs_4_n4_3.json.gz pos 153 (idx 16, m 8) prof [65, 35, 40, 1] B [[5], [7], [6], [4]] f 3 def 1 k 2 sig G branch T4 T4 types ['2', '3']: agree
dump_n4_3_s500_seed3.jsonl.gz: a 2-swap repairs 2, agree 2, branch T4 2, states 2; cores (pos) [153]
dump_pure_s500_seed1.jsonl.gz: ; cores (pos) []
  dump_pure_s500_seed2.jsonl.gz: k4_certs_4_pure.json.gz pos 26 (idx 5, m 7) prof [6, 183, 103, 3] B [[5], [1], [4], [6]] f 3 def 1 k 2 sig G branch T4 T4 types ['2', '3']: agree
  dump_pure_s500_seed2.jsonl.gz: k4_certs_4_pure.json.gz pos 26 (idx 5, m 7) prof [6, 183, 103, 3] B [[5], [1], [6], [4]] f 3 def 1 k 2 sig G branch T4 T4 types ['2', '3']: agree
dump_pure_s500_seed2.jsonl.gz: a 2-swap repairs 2, agree 2, branch T4 2, states 2; cores (pos) [26]
dump_pure_s500_seed3.jsonl.gz: ; cores (pos) []
total: a 2-swap repairs 3066, agree 3066, branch T4 3066, states 3066
