# command: python3 k4/dlrt4_run.py certs results/k4_certs_4_n4_1.json.gz --jobs=4 --ckpt=results/k4_rt4/ckpt_n4_1.jsonl --dump=results/k4_rt4/dump_b_n4_1.jsonl.gz --tables=results/k4_rt4/tables_b_n4_1.json --progress
# dlrt4.c sha256 fcde494a3161279d47a7b80e614f69c58894ebc7b40d00e461f677b8810d7cae
# k4_certs_4_n4_1.json.gz: cores 0..134, 135 units to run, 0 from the checkpoint; every profile
#   unit {'pos': 3, 'blk': None}: om1 0 pos 0 st1 0 fail1 0 t4 0 t4only 0 t2only 0 rtfail 0 [0.6 s]
#   unit {'pos': 1, 'blk': None}: om1 0 pos 0 st1 0 fail1 0 t4 0 t4only 0 t2only 0 rtfail 0 [0.6 s]
#   unit {'pos': 4, 'blk': None}: om1 0 pos 0 st1 0 fail1 0 t4 0 t4only 0 t2only 0 rtfail 0 [0.1 s]
#   unit {'pos': 2, 'blk': None}: om1 0 pos 0 st1 0 fail1 0 t4 0 t4only 0 t2only 0 rtfail 0 [0.6 s]
#   unit {'pos': 0, 'blk': None}: om1 0 pos 0 st1 0 fail1 0 t4 0 t4only 0 t2only 0 rtfail 0 [0.7 s]
#   unit {'pos': 5, 'blk': None}: om1 0 pos 0 st1 0 fail1 0 t4 0 t4only 0 t2only 0 rtfail 0 [0.1 s]
#   unit {'pos': 6, 'blk': None}: om1 0 pos 0 st1 0 fail1 0 t4 0 t4only 0 t2only 0 rtfail 0 [0.1 s]
#   unit {'pos': 7, 'blk': None}: om1 0 pos 0 st1 0 fail1 0 t4 0 t4only 0 t2only 0 rtfail 0 [0.1 s]
#   unit {'pos': 8, 'blk': None}: om1 0 pos 0 st1 0 fail1 0 t4 0 t4only 0 t2only 0 rtfail 0 [0.1 s]
#   unit {'pos': 9, 'blk': None}: om1 0 pos 0 st1 0 fail1 0 t4 0 t4only 0 t2only 0 rtfail 0 [0.1 s]
#   unit {'pos': 10, 'blk': None}: om1 0 pos 0 st1 0 fail1 0 t4 0 t4only 0 t2only 0 rtfail 0 [0.1 s]
#   unit {'pos': 11, 'blk': None}: om1 0 pos 0 st1 0 fail1 0 t4 0 t4only 0 t2only 0 rtfail 0 [0.1 s]
#   unit {'pos': 12, 'blk': None}: om1 0 pos 0 st1 0 fail1 0 t4 0 t4only 0 t2only 0 rtfail 0 [0.1 s]
#   unit {'pos': 14, 'blk': None}: om1 0 pos 0 st1 0 fail1 0 t4 0 t4only 0 t2only 0 rtfail 0 [0.1 s]
#   unit {'pos': 13, 'blk': None}: om1 0 pos 0 st1 0 fail1 0 t4 0 t4only 0 t2only 0 rtfail 0 [0.1 s]
#   unit {'pos': 15, 'blk': None}: om1 0 pos 0 st1 0 fail1 0 t4 0 t4only 0 t2only 0 rtfail 0 [0.1 s]
#   unit {'pos': 18, 'blk': None}: om1 0 pos 0 st1 0 fail1 0 t4 0 t4only 0 t2only 0 rtfail 0 [0.1 s]
#   unit {'pos': 17, 'blk': None}: om1 0 pos 0 st1 0 fail1 0 t4 0 t4only 0 t2only 0 rtfail 0 [0.1 s]
#   unit {'pos': 16, 'blk': None}: om1 0 pos 0 st1 0 fail1 0 t4 0 t4only 0 t2only 0 rtfail 0 [0.1 s]
#   unit {'pos': 19, 'blk': None}: om1 0 pos 0 st1 0 fail1 0 t4 0 t4only 0 t2only 0 rtfail 0 [0.1 s]
#   unit {'pos': 20, 'blk': None}: om1 42 pos 0 st1 0 fail1 0 t4 0 t4only 0 t2only 0 rtfail 0 [0.0 s]
#   unit {'pos': 21, 'blk': None}: om1 0 pos 0 st1 0 fail1 0 t4 0 t4only 0 t2only 0 rtfail 0 [0.0 s]
#   unit {'pos': 22, 'blk': None}: om1 40 pos 0 st1 0 fail1 0 t4 0 t4only 0 t2only 0 rtfail 0 [0.0 s]
#   unit {'pos': 23, 'blk': None}: om1 0 pos 0 st1 0 fail1 0 t4 0 t4only 0 t2only 0 rtfail 0 [0.0 s]
#   unit {'pos': 24, 'blk': None}: om1 232 pos 80 st1 80 fail1 0 t4 80 t4only 0 t2only 0 rtfail 0 [0.0 s]
#   unit {'pos': 25, 'blk': None}: om1 156 pos 60 st1 60 fail1 0 t4 60 t4only 20 t2only 0 rtfail 20 [0.0 s]
#   unit {'pos': 26, 'blk': None}: om1 288 pos 0 st1 0 fail1 0 t4 0 t4only 0 t2only 0 rtfail 0 [0.1 s]
#   unit {'pos': 27, 'blk': None}: om1 216 pos 0 st1 0 fail1 0 t4 0 t4only 0 t2only 0 rtfail 0 [0.1 s]
#   unit {'pos': 28, 'blk': None}: om1 0 pos 0 st1 0 fail1 0 t4 0 t4only 0 t2only 0 rtfail 0 [0.1 s]
#   unit {'pos': 29, 'blk': None}: om1 40 pos 0 st1 0 fail1 0 t4 0 t4only 0 t2only 0 rtfail 0 [0.1 s]
#   unit {'pos': 30, 'blk': None}: om1 30 pos 0 st1 0 fail1 0 t4 0 t4only 0 t2only 0 rtfail 0 [0.1 s]
#   unit {'pos': 31, 'blk': None}: om1 56 pos 0 st1 0 fail1 0 t4 0 t4only 0 t2only 0 rtfail 0 [0.1 s]
#   unit {'pos': 32, 'blk': None}: om1 36 pos 0 st1 0 fail1 0 t4 0 t4only 0 t2only 0 rtfail 0 [0.1 s]
#   unit {'pos': 33, 'blk': None}: om1 0 pos 0 st1 0 fail1 0 t4 0 t4only 0 t2only 0 rtfail 0 [0.1 s]
#   unit {'pos': 34, 'blk': None}: om1 0 pos 0 st1 0 fail1 0 t4 0 t4only 0 t2only 0 rtfail 0 [0.1 s]
#   unit {'pos': 36, 'blk': None}: om1 46 pos 0 st1 0 fail1 0 t4 0 t4only 0 t2only 0 rtfail 0 [0.1 s]
#   unit {'pos': 35, 'blk': None}: om1 0 pos 0 st1 0 fail1 0 t4 0 t4only 0 t2only 0 rtfail 0 [0.1 s]
#   unit {'pos': 37, 'blk': None}: om1 72 pos 0 st1 0 fail1 0 t4 0 t4only 0 t2only 0 rtfail 0 [0.1 s]
#   unit {'pos': 39, 'blk': None}: om1 0 pos 0 st1 0 fail1 0 t4 0 t4only 0 t2only 0 rtfail 0 [0.1 s]
#   unit {'pos': 38, 'blk': None}: om1 0 pos 0 st1 0 fail1 0 t4 0 t4only 0 t2only 0 rtfail 0 [0.1 s]
#   unit {'pos': 40, 'blk': None}: om1 40 pos 0 st1 0 fail1 0 t4 0 t4only 0 t2only 0 rtfail 0 [0.1 s]
#   unit {'pos': 41, 'blk': None}: om1 0 pos 0 st1 0 fail1 0 t4 0 t4only 0 t2only 0 rtfail 0 [0.1 s]
#   unit {'pos': 42, 'blk': None}: om1 0 pos 0 st1 0 fail1 0 t4 0 t4only 0 t2only 0 rtfail 0 [0.1 s]
#   unit {'pos': 43, 'blk': None}: om1 0 pos 0 st1 0 fail1 0 t4 0 t4only 0 t2only 0 rtfail 0 [0.1 s]
#   unit {'pos': 44, 'blk': None}: om1 0 pos 0 st1 0 fail1 0 t4 0 t4only 0 t2only 0 rtfail 0 [0.1 s]
#   unit {'pos': 45, 'blk': None}: om1 0 pos 0 st1 0 fail1 0 t4 0 t4only 0 t2only 0 rtfail 0 [0.1 s]
#   unit {'pos': 46, 'blk': None}: om1 0 pos 0 st1 0 fail1 0 t4 0 t4only 0 t2only 0 rtfail 0 [0.1 s]
#   unit {'pos': 47, 'blk': None}: om1 0 pos 0 st1 0 fail1 0 t4 0 t4only 0 t2only 0 rtfail 0 [0.1 s]
#   unit {'pos': 48, 'blk': None}: om1 0 pos 0 st1 0 fail1 0 t4 0 t4only 0 t2only 0 rtfail 0 [0.1 s]
#   unit {'pos': 49, 'blk': None}: om1 20 pos 0 st1 0 fail1 0 t4 0 t4only 0 t2only 0 rtfail 0 [0.1 s]
#   unit {'pos': 50, 'blk': None}: om1 0 pos 0 st1 0 fail1 0 t4 0 t4only 0 t2only 0 rtfail 0 [0.1 s]
#   unit {'pos': 51, 'blk': None}: om1 0 pos 0 st1 0 fail1 0 t4 0 t4only 0 t2only 0 rtfail 0 [0.1 s]
#   unit {'pos': 53, 'blk': None}: om1 0 pos 0 st1 0 fail1 0 t4 0 t4only 0 t2only 0 rtfail 0 [0.1 s]
#   unit {'pos': 52, 'blk': None}: om1 10 pos 0 st1 0 fail1 0 t4 0 t4only 0 t2only 0 rtfail 0 [0.1 s]
#   unit {'pos': 54, 'blk': None}: om1 0 pos 0 st1 0 fail1 0 t4 0 t4only 0 t2only 0 rtfail 0 [0.1 s]
#   unit {'pos': 55, 'blk': None}: om1 20 pos 0 st1 0 fail1 0 t4 0 t4only 0 t2only 0 rtfail 0 [0.1 s]
#   unit {'pos': 56, 'blk': None}: om1 0 pos 0 st1 0 fail1 0 t4 0 t4only 0 t2only 0 rtfail 0 [0.1 s]
#   unit {'pos': 57, 'blk': None}: om1 0 pos 0 st1 0 fail1 0 t4 0 t4only 0 t2only 0 rtfail 0 [0.1 s]
#   unit {'pos': 58, 'blk': None}: om1 0 pos 0 st1 0 fail1 0 t4 0 t4only 0 t2only 0 rtfail 0 [0.1 s]
#   unit {'pos': 59, 'blk': None}: om1 0 pos 0 st1 0 fail1 0 t4 0 t4only 0 t2only 0 rtfail 0 [0.1 s]
#   unit {'pos': 60, 'blk': None}: om1 0 pos 0 st1 0 fail1 0 t4 0 t4only 0 t2only 0 rtfail 0 [0.1 s]
#   unit {'pos': 61, 'blk': None}: om1 0 pos 0 st1 0 fail1 0 t4 0 t4only 0 t2only 0 rtfail 0 [0.1 s]
#   unit {'pos': 62, 'blk': None}: om1 0 pos 0 st1 0 fail1 0 t4 0 t4only 0 t2only 0 rtfail 0 [0.1 s]
#   unit {'pos': 64, 'blk': None}: om1 528 pos 0 st1 0 fail1 0 t4 0 t4only 0 t2only 0 rtfail 0 [0.0 s]
#   unit {'pos': 65, 'blk': None}: om1 168 pos 0 st1 0 fail1 0 t4 0 t4only 0 t2only 0 rtfail 0 [0.0 s]
#   unit {'pos': 66, 'blk': None}: om1 128 pos 0 st1 0 fail1 0 t4 0 t4only 0 t2only 0 rtfail 0 [0.0 s]
#   unit {'pos': 63, 'blk': None}: om1 0 pos 0 st1 0 fail1 0 t4 0 t4only 0 t2only 0 rtfail 0 [0.1 s]
#   unit {'pos': 67, 'blk': None}: om1 176 pos 0 st1 0 fail1 0 t4 0 t4only 0 t2only 0 rtfail 0 [0.0 s]
#   unit {'pos': 68, 'blk': None}: om1 4860 pos 0 st1 0 fail1 0 t4 0 t4only 0 t2only 0 rtfail 0 [0.1 s]
#   unit {'pos': 70, 'blk': None}: om1 2142 pos 0 st1 0 fail1 0 t4 0 t4only 0 t2only 0 rtfail 0 [0.1 s]
#   unit {'pos': 69, 'blk': None}: om1 3290 pos 130 st1 130 fail1 0 t4 0 t4only 0 t2only 0 rtfail 0 [0.1 s]
#   unit {'pos': 71, 'blk': None}: om1 1568 pos 0 st1 0 fail1 0 t4 0 t4only 0 t2only 0 rtfail 0 [0.0 s]
#   unit {'pos': 75, 'blk': None}: om1 792 pos 0 st1 0 fail1 0 t4 0 t4only 0 t2only 0 rtfail 0 [0.0 s]
#   unit {'pos': 73, 'blk': None}: om1 812 pos 0 st1 0 fail1 0 t4 0 t4only 0 t2only 0 rtfail 0 [0.0 s]
#   unit {'pos': 72, 'blk': None}: om1 1360 pos 0 st1 0 fail1 0 t4 0 t4only 0 t2only 0 rtfail 0 [0.0 s]
#   unit {'pos': 74, 'blk': None}: om1 2256 pos 0 st1 0 fail1 0 t4 0 t4only 0 t2only 0 rtfail 0 [0.1 s]
#   unit {'pos': 76, 'blk': None}: om1 870 pos 0 st1 0 fail1 0 t4 0 t4only 0 t2only 0 rtfail 0 [0.0 s]
#   unit {'pos': 77, 'blk': None}: om1 440 pos 0 st1 0 fail1 0 t4 0 t4only 0 t2only 0 rtfail 0 [0.0 s]
#   unit {'pos': 78, 'blk': None}: om1 1128 pos 0 st1 0 fail1 0 t4 0 t4only 0 t2only 0 rtfail 0 [0.1 s]
#   unit {'pos': 79, 'blk': None}: om1 716 pos 0 st1 0 fail1 0 t4 0 t4only 0 t2only 0 rtfail 0 [0.0 s]
#   unit {'pos': 80, 'blk': None}: om1 1176 pos 0 st1 0 fail1 0 t4 0 t4only 0 t2only 0 rtfail 0 [0.0 s]
#   unit {'pos': 82, 'blk': None}: om1 2880 pos 0 st1 0 fail1 0 t4 0 t4only 0 t2only 0 rtfail 0 [0.1 s]
#   unit {'pos': 81, 'blk': None}: om1 3562 pos 0 st1 0 fail1 0 t4 0 t4only 0 t2only 0 rtfail 0 [0.1 s]
#   unit {'pos': 84, 'blk': None}: om1 658 pos 0 st1 0 fail1 0 t4 0 t4only 0 t2only 0 rtfail 0 [0.1 s]
#   unit {'pos': 83, 'blk': None}: om1 700 pos 0 st1 0 fail1 0 t4 0 t4only 0 t2only 0 rtfail 0 [0.1 s]
#   unit {'pos': 85, 'blk': None}: om1 1032 pos 0 st1 0 fail1 0 t4 0 t4only 0 t2only 0 rtfail 0 [0.1 s]
#   unit {'pos': 86, 'blk': None}: om1 568 pos 0 st1 0 fail1 0 t4 0 t4only 0 t2only 0 rtfail 0 [0.1 s]
#   unit {'pos': 87, 'blk': None}: om1 184 pos 0 st1 0 fail1 0 t4 0 t4only 0 t2only 0 rtfail 0 [0.1 s]
#   unit {'pos': 88, 'blk': None}: om1 1496 pos 0 st1 0 fail1 0 t4 0 t4only 0 t2only 0 rtfail 0 [0.1 s]
#   unit {'pos': 89, 'blk': None}: om1 1516 pos 16 st1 16 fail1 0 t4 0 t4only 0 t2only 0 rtfail 0 [0.1 s]
#   unit {'pos': 91, 'blk': None}: om1 0 pos 0 st1 0 fail1 0 t4 0 t4only 0 t2only 0 rtfail 0 [0.1 s]
#   unit {'pos': 90, 'blk': None}: om1 1880 pos 0 st1 0 fail1 0 t4 0 t4only 0 t2only 0 rtfail 0 [0.1 s]
#   unit {'pos': 92, 'blk': None}: om1 604 pos 0 st1 0 fail1 0 t4 0 t4only 0 t2only 0 rtfail 0 [0.1 s]
#   unit {'pos': 93, 'blk': None}: om1 0 pos 0 st1 0 fail1 0 t4 0 t4only 0 t2only 0 rtfail 0 [0.1 s]
#   unit {'pos': 94, 'blk': None}: om1 84 pos 0 st1 0 fail1 0 t4 0 t4only 0 t2only 0 rtfail 0 [0.1 s]
#   unit {'pos': 95, 'blk': None}: om1 264 pos 0 st1 0 fail1 0 t4 0 t4only 0 t2only 0 rtfail 0 [0.1 s]
#   unit {'pos': 96, 'blk': None}: om1 160 pos 0 st1 0 fail1 0 t4 0 t4only 0 t2only 0 rtfail 0 [0.1 s]
#   unit {'pos': 97, 'blk': None}: om1 104 pos 0 st1 0 fail1 0 t4 0 t4only 0 t2only 0 rtfail 0 [0.1 s]
#   unit {'pos': 99, 'blk': None}: om1 48 pos 0 st1 0 fail1 0 t4 0 t4only 0 t2only 0 rtfail 0 [0.1 s]
#   unit {'pos': 98, 'blk': None}: om1 104 pos 0 st1 0 fail1 0 t4 0 t4only 0 t2only 0 rtfail 0 [0.1 s]
#   unit {'pos': 100, 'blk': None}: om1 52 pos 0 st1 0 fail1 0 t4 0 t4only 0 t2only 0 rtfail 0 [0.1 s]
#   unit {'pos': 101, 'blk': None}: om1 0 pos 0 st1 0 fail1 0 t4 0 t4only 0 t2only 0 rtfail 0 [0.1 s]
#   unit {'pos': 102, 'blk': None}: om1 72 pos 0 st1 0 fail1 0 t4 0 t4only 0 t2only 0 rtfail 0 [0.1 s]
#   unit {'pos': 103, 'blk': None}: om1 80 pos 0 st1 0 fail1 0 t4 0 t4only 0 t2only 0 rtfail 0 [0.1 s]
#   unit {'pos': 104, 'blk': None}: om1 0 pos 0 st1 0 fail1 0 t4 0 t4only 0 t2only 0 rtfail 0 [0.1 s]
#   unit {'pos': 105, 'blk': None}: om1 0 pos 0 st1 0 fail1 0 t4 0 t4only 0 t2only 0 rtfail 0 [0.1 s]
#   unit {'pos': 106, 'blk': None}: om1 0 pos 0 st1 0 fail1 0 t4 0 t4only 0 t2only 0 rtfail 0 [0.1 s]
#   unit {'pos': 107, 'blk': None}: om1 208 pos 0 st1 0 fail1 0 t4 0 t4only 0 t2only 0 rtfail 0 [0.1 s]
#   unit {'pos': 108, 'blk': None}: om1 216 pos 0 st1 0 fail1 0 t4 0 t4only 0 t2only 0 rtfail 0 [0.1 s]
#   unit {'pos': 109, 'blk': None}: om1 0 pos 0 st1 0 fail1 0 t4 0 t4only 0 t2only 0 rtfail 0 [0.1 s]
#   unit {'pos': 111, 'blk': None}: om1 0 pos 0 st1 0 fail1 0 t4 0 t4only 0 t2only 0 rtfail 0 [0.1 s]
#   unit {'pos': 112, 'blk': None}: om1 0 pos 0 st1 0 fail1 0 t4 0 t4only 0 t2only 0 rtfail 0 [0.1 s]
#   unit {'pos': 110, 'blk': None}: om1 0 pos 0 st1 0 fail1 0 t4 0 t4only 0 t2only 0 rtfail 0 [0.1 s]
#   unit {'pos': 113, 'blk': None}: om1 0 pos 0 st1 0 fail1 0 t4 0 t4only 0 t2only 0 rtfail 0 [0.1 s]
#   unit {'pos': 114, 'blk': None}: om1 0 pos 0 st1 0 fail1 0 t4 0 t4only 0 t2only 0 rtfail 0 [0.1 s]
#   unit {'pos': 115, 'blk': None}: om1 4992 pos 0 st1 0 fail1 0 t4 0 t4only 0 t2only 0 rtfail 0 [0.1 s]
#   unit {'pos': 116, 'blk': None}: om1 4992 pos 0 st1 0 fail1 0 t4 0 t4only 0 t2only 0 rtfail 0 [0.1 s]
#   unit {'pos': 118, 'blk': None}: om1 1344 pos 0 st1 0 fail1 0 t4 0 t4only 0 t2only 0 rtfail 0 [0.0 s]
#   unit {'pos': 117, 'blk': None}: om1 4608 pos 0 st1 0 fail1 0 t4 0 t4only 0 t2only 0 rtfail 0 [0.1 s]
#   unit {'pos': 119, 'blk': None}: om1 1536 pos 0 st1 0 fail1 0 t4 0 t4only 0 t2only 0 rtfail 0 [0.1 s]
#   unit {'pos': 120, 'blk': None}: om1 2496 pos 0 st1 0 fail1 0 t4 0 t4only 0 t2only 0 rtfail 0 [0.1 s]
#   unit {'pos': 121, 'blk': None}: om1 1152 pos 0 st1 0 fail1 0 t4 0 t4only 0 t2only 0 rtfail 0 [0.0 s]
#   unit {'pos': 123, 'blk': None}: om1 1152 pos 0 st1 0 fail1 0 t4 0 t4only 0 t2only 0 rtfail 0 [0.0 s]
#   unit {'pos': 122, 'blk': None}: om1 3072 pos 0 st1 0 fail1 0 t4 0 t4only 0 t2only 0 rtfail 0 [0.1 s]
#   unit {'pos': 125, 'blk': None}: om1 960 pos 0 st1 0 fail1 0 t4 0 t4only 0 t2only 0 rtfail 0 [0.0 s]
#   unit {'pos': 124, 'blk': None}: om1 1536 pos 0 st1 0 fail1 0 t4 0 t4only 0 t2only 0 rtfail 0 [0.1 s]
#   unit {'pos': 126, 'blk': None}: om1 768 pos 0 st1 0 fail1 0 t4 0 t4only 0 t2only 0 rtfail 0 [0.0 s]
#   unit {'pos': 127, 'blk': None}: om1 0 pos 0 st1 0 fail1 0 t4 0 t4only 0 t2only 0 rtfail 0 [0.1 s]
#   unit {'pos': 129, 'blk': None}: om1 0 pos 0 st1 0 fail1 0 t4 0 t4only 0 t2only 0 rtfail 0 [0.1 s]
#   unit {'pos': 130, 'blk': None}: om1 0 pos 0 st1 0 fail1 0 t4 0 t4only 0 t2only 0 rtfail 0 [0.1 s]
#   unit {'pos': 128, 'blk': None}: om1 1664 pos 0 st1 0 fail1 0 t4 0 t4only 0 t2only 0 rtfail 0 [0.1 s]
#   unit {'pos': 131, 'blk': None}: om1 0 pos 0 st1 0 fail1 0 t4 0 t4only 0 t2only 0 rtfail 0 [0.1 s]
#   unit {'pos': 132, 'blk': None}: om1 832 pos 0 st1 0 fail1 0 t4 0 t4only 0 t2only 0 rtfail 0 [0.1 s]
#   unit {'pos': 133, 'blk': None}: om1 0 pos 0 st1 0 fail1 0 t4 0 t4only 0 t2only 0 rtfail 0 [0.1 s]
#   unit {'pos': 134, 'blk': None}: om1 31104 pos 0 st1 0 fail1 0 t4 0 t4only 0 t2only 0 rtfail 0 [1.7 s]
k4_certs_4_n4_1.json.gz: profiles 7247232, omega >= 1: 102434; k* = 0: 102258, 1: 0, 2: 176, 3: 0, >= 4: 0, inf: 0; P with def > 0: 286, at distance 1: 0, 2: 286, 3: 0, >= 4: 0, inf: 0; Pareto-maximal: 0; largest least deficit 0
  DL_RT4: states (def > 0) with f = 0: 0 (RT4 fails at 0), with f >= 1: 286; DL_RT4 FAILS at 0 of the f >= 1 states; with an improving move T1 0, T2 0, T3p 266, T3h 0, T4 140; only T1 0, only T2 0, only T3 146, only T4 20; R_T fails at 20, R_13 at 20, R_13 + T4 at 0; smallest RT4 move size 1 / 2 / 3 / >= 4 / none: 0 / 286 / 0 / 0 / 0; anomalies 0 + 0 [4 s]
table B: f >= 1 states by f | signature | branch : count
  B 2|G,D2|T3p : 146
  B 3|G|T3p+T4 : 120
  B 3|G|T4 : 20
table G: f >= 1 states by f | nearest distance k | branch : count
  G 2|2|T3p : 146
  G 3|2|T3p+T4 : 120
  G 3|2|T4 : 20
table M: f >= 1 states by f | branch | smallest RT4 move size : count
  M 2|T3p|2 : 146
  M 3|T3p+T4|2 : 120
  M 3|T4|2 : 20
table Z: f >= 1 states by f | branch available | its smallest move size : count
  Z 2|T3p|2 : 146
  Z 3|T3p|2 : 120
  Z 3|T4|2 : 120
  Z 3|T4|3 : 20
table C: f >= 1 states with T4 by f | smallest T4 size | cycle types at that size : count
  C 3|2|2 : 120
  C 3|3|3 : 20
table Y: f >= 1 states by f | branch | move type available : count
  Y 2|T3p|T3:xJ.h- : 146
  Y 3|T3p+T4|T3:xJ.h- : 120
  Y 3|T3p+T4|T4:2 : 100
  Y 3|T3p+T4|T4:3 : 60
  Y 3|T4|T4:2 : 20
  Y 3|T4|T4:3 : 20
