# command: python3 k4/dlrt4_run.py catalog results/k4_gap/gap_n4_pure_s4000.json.gz --chunk=1000 --jobs=4 --rt=5 --ro=200 --ckpt=results/k4_rt4/ckpt_d_cat.jsonl --dump=results/k4_rt4/dump_d_cat_gap_n4_pure_s4000.jsonl.gz --tables=results/k4_rt4/tables_d_cat_gap_n4_pure_s4000.json
# dlrt4.c sha256 fcde494a3161279d47a7b80e614f69c58894ebc7b40d00e461f677b8810d7cae
# catalog results/k4_gap/gap_n4_pure_s4000.json.gz: 45101 instances, 46 units to run, 0 from the checkpoint
catalog results/k4_gap/gap_n4_pure_s4000.json.gz: profiles 45101, omega >= 1: 45101; k* = 0: 39045, 1: 5897, 2: 157, 3: 2, >= 4: 0, inf: 0; P with def > 0: 25018, at distance 1: 23876, 2: 1140, 3: 2, >= 4: 0, inf: 0; Pareto-maximal: 984; largest least deficit 0
  DL_RT4: states (def > 0) with f = 0: 0 (RT4 fails at 0), with f >= 1: 25018; DL_RT4 FAILS at 0 of the f >= 1 states; with an improving move T1 23876, T2 24163, T3p 22720, T3h 24835, T4 22; only T1 0, only T2 1, only T3 611, only T4 0; R_T fails at 0, R_13 at 1, R_13 + T4 at 1; smallest RT4 move size 1 / 2 / 3 / >= 4 / none: 23876 / 1140 / 2 / 0 / 0; anomalies 0 + 0 [4 s]
table B: f >= 1 states by f | signature | branch : count
  B 1|G,D2|T1+T2+T3p+T3h : 9102
  B 1|fO,G,D2|T1+T2+T3p+T3h : 6533
  B 1|fO,L|T1+T2+T3p+T3h : 2541
  B 1|fO,L|T1+T2+T3h : 1286
  B 1|G,D2,PM|T1+T2+T3p+T3h : 769
  B 1|fO|T1+T2+T3h : 572
  B 1|fO|T1+T2+T3p+T3h : 559
  B 1|fO,G1|T1+T2+T3p+T3h : 431
  B 1|G,D2|T2+T3p+T3h : 321
  B 1|fO,G,D2|T3p+T3h : 297
  B 1|G,D2|T3p+T3h : 272
  B 1|e2,fO,G,D2|T1+T2+T3p+T3h : 199
  B 1|e2,G,D2|T1+T2+T3p+T3h : 169
  B 1|fO,L,O,D2|T1+T2+T3p+T3h : 165
  B 1|G,D2|T1+T3p+T3h : 161
  B 1|fO,L,D2|T1+T2+T3p+T3h : 146
  B 1|fO,G,D2|T1+T2+T3h : 132
  B 1|fO,G,D2|T2+T3p+T3h : 130
  B 1|e2,G,D2,PM|T1+T2+T3p+T3h : 102
  B 1|e2,fO,L|T1+T2+T3p+T3h : 73
  B 1|e2,fO,G1|T1+T2+T3p+T3h : 71
  B 2|G,D2|T1+T2+T3p+T3h : 58
  B 1|e1,fO,L|T1+T2+T3h : 41
  B 1|e2,fO,L|T1+T2+T3h : 39
  B 1|e1,G,D2|T1+T2+T3p+T3h : 36
  B 1|fO,L,D2|T1+T2+T3h : 36
  B 1|fO,L,D2|T1+T2 : 32
  B 2|G,L,D2|T1+T2+T3p+T3h : 32
  B 1|fO,L|T1+T2 : 30
  B 2|G1|T1+T2+T3p+T3h : 30
  B 1|e2,fO|T1+T2+T3p+T3h : 29
  B 1|e2,fO|T1+T2+T3h : 26
  B 2|G1,PM|T1+T2+T3p+T3h : 25
  B 1|G,D2|T1+T2+T3h : 21
  B 1|fO,G,D2|T1+T3p+T3h : 21
  B 2|G1,L,PM|T1+T2+T3p+T3h : 21
  B 1|fO|T1+T2 : 20
  B 2|G,G1,D2|T1+T2+T3p+T3h : 18
  B 2|G,D2,PM|T1+T2+T3p+T3h : 16
  B 2|G1,L|T1+T2+T3p+T3h : 16
  B 1|e1,fO,G,D2|T1+T2+T3p+T3h : 14
  B 1|G1|T1+T2+T3p+T3h : 13
  B 1|e2,fO,G,D2|T1+T2+T3h : 13
  B 1|e3,fO,L|T1+T2+T3p+T3h : 13
  B 1|e2,G,D2|T2+T3p+T3h : 12
  B 1|G,D2|T1+T2+T3p : 10
  B 1|G1|T2+T3p : 10
  B 1|e2,fO,L|T1+T2 : 9
  B 2|fO,G,G1,D2|T1+T2+T3p+T3h : 9
  B 1|G,D2,PM|T1+T3p+T3h : 8
  B 1|fO,G,D2|T1+T2+T3p : 8
  B 2|G,D2|T1+T3p+T3h : 8
  B 2|G,D2|T3p+T3h : 8
  B 2|G,O,D2|T1+T2+T3p+T3h : 8
  B 2|fO,G,D2|T1+T2+T3p+T3h : 8
  B 1|e1,e2,L|T1+T2+T3h : 7
  B 1|e2,G,D2,PM|T1+T3p+T3h : 7
  B 1|e2,G1|T1+T2+T3p+T3h : 7
  B 1|e2,L,O,D2|T1+T2+T3p+T3h : 7
  B 1|e2,fO,G,D2|T2+T3p+T3h : 7
  B 1|e3,L,O,D2|T1+T2+T3p+T3h : 7
  B 1|fO,L|T1+T2+T3p : 7
  B 2|G,D2|T1+T2+T3p+T3h+T4 : 7
  B 2|G1,O|T2+T3p+T3h : 7
  B 2|fO,G,D2|T3p+T3h : 7
  B 1|G,D2|T1+T3p : 6
  B 1|e1,fO,L|T1+T2+T3p+T3h : 6
  B 2|G,L,D2,PM|T1+T2+T3p+T3h : 6
  B 1|L,O,D2|T1+T2+T3p+T3h : 5
  B 1|e1,fO,L|T1+T2 : 5
  B 1|e1,fO,O|T1+T2+T3p+T3h : 5
  B 1|e2,G,D2|T1+T3p+T3h : 5
  B 1|e2,L,PM|T1+T2+T3h : 5
  B 1|e2,fO|T1+T2 : 5
  B 1|fO,L,D2|T1+T2+T3p : 5
  B 2|G,L,D2,PM|T1+T3p+T3h : 5
  B 1|e1,e3,O|T1+T2+T3p+T3h : 4
  B 1|fO,G,D2|T3p : 4
  B 1|fO,L|T2+T3p+T3h : 4
  B 2|L,O|T1+T2+T3p+T3h+T4 : 4
  B 2|e1,G,D2|T3p+T3h : 4
  B 1|G,D2|T2+T3p : 3
  B 1|e2,G1|T2+T3p : 3
  B 1|e2,L|T1+T2+T3h : 3
  B 1|e2,fO,L|T1+T2+T3p : 3
  B 1|e3,fO,L|T1+T2+T3h : 3
  B 2|G1,L|T3p+T3h : 3
  B 2|G1,O|T1+T2+T3p+T3h : 3
  B 2|O|T1+T2+T3p+T3h : 3
  B 2|fO,G,O,D2|T2+T3p+T3h : 3
  B 2|fO,G1,O|T1+T2+T3p+T3h : 3
  B 2|fO,G1,O|T2+T3p+T3h : 3
  B 1|G,D2,PM|T2+T3p+T3h : 2
  B 1|L,PM|T1+T2+T3p+T3h : 2
  B 1|e2,G,D2,PM|T2+T3p+T3h : 2
  B 1|e2,G,D2|T2+T3p : 2
  B 1|e2,L|T1+T2+T3p+T3h : 2
  B 1|e2,fO,L|T2+T3p+T3h : 2
  B 1|e2|T1+T2+T3h : 2
  B 1|fO,G1|T2+T3p+T3h : 2
  B 1|fO,O|T1+T2+T3p+T3h : 2
  B 2|G,D2|T3p+T3h+T4 : 2
  B 2|G,G1,D2,PM|T1+T2+T3p+T3h : 2
  B 2|G,G1,D2|T1+T3p+T3h : 2
  B 2|G,G1,D2|T3p+T3h : 2
  B 2|G,L,D2|T1+T3p+T3h : 2
  B 2|G,L,D2|T3p+T3h : 2
  B 2|G1,L,PM|T1+T3p+T3h : 2
  B 2|G1,L|T1+T3p+T3h : 2
  B 2|G1,O|T3p+T3h : 2
  B 2|G1|T1+T3p+T3h : 2
  B 2|e1,G,D2|T1+T2+T3p+T3h : 2
  B 2|fO,G,D2|T1+T3p+T3h : 2
  B 2|fO,G,D2|T3p+T3h+T4 : 2
  B 2|fO,G1,L|T3p : 2
  B 2|fO,G1|T1+T2+T3p+T3h : 2
  B 2|fO,L|T1+T2+T3p+T3h : 2
  B 1|G,D2|T3p : 1
  B 1|L,O,D2|T2+T3p+T3h : 1
  B 1|L,PM|T1+T2+T3h : 1
  B 1|L,PM|T2+T3h : 1
  B 1|L|T1+T2+T3p+T3h : 1
  B 1|L|T2 : 1
  B 1|O|T1+T2+T3p+T3h : 1
  B 1|e1,e2,L|T1+T2 : 1
  B 1|e1,e2,L|T2+T3h : 1
  B 1|e1,e2,O,D2|T1+T2+T3p+T3h : 1
  B 1|e1,e3,G,D2|T1+T2+T3p+T3h : 1
  B 1|e1,e3,G,D2|T2+T3p+T3h : 1
  B 1|e1,e3,O|T2+T3p+T3h : 1
  B 1|e1,e3,fO|T1+T2+T3p+T3h : 1
  B 1|e2,G,D2|T1+T2+T3p : 1
  B 1|e2,G1|T1+T2+T3p : 1
  B 1|e2,G1|T2+T3p+T3h : 1
  B 1|e2,L,PM|T1+T2 : 1
  B 1|e2,L,PM|T1+T2+T3p+T3h : 1
  B 1|e2,L|T1+T2 : 1
  B 1|e2,fO,G,D2|T1+T2+T3p : 1
  B 1|e2,fO,G,D2|T2+T3p : 1
  B 1|e2,fO,L,D2|T1+T2+T3h : 1
  B 1|e2,fO,L,D2|T1+T2+T3p+T3h : 1
  B 1|e2|T1+T2 : 1
  B 1|e3,fO,L,D2|T1+T2+T3p : 1
  B 1|e3,fO,L|T1+T2 : 1
  B 1|fO,G1|T1+T2+T3p : 1
  B 1|fO,L,O,D2|T2+T3p+T3h : 1
  B 1|fO,L|T1+T3h : 1
  B 1|fO|T1+T2+T3p : 1
  B 2|G,D2,PM|T1+T3p+T3h : 1
  B 2|G,L,D2|T1+T2+T3p+T3h+T4 : 1
  B 2|G,L,D2|T1+T3p+T3h+T4 : 1
  B 2|G,O,D2|T1+T2+T3p+T3h+T4 : 1
  B 2|G,O,D2|T1+T3p+T3h : 1
  B 2|G,O,D2|T1+T3p+T3h+T4 : 1
  B 2|G1,L,PM|T3p+T3h : 1
  B 2|G1,PM|T1+T3p+T3h : 1
  B 2|G1,PM|T3p+T3h : 1
  B 2|G1|T1+T2+T3p : 1
  B 2|G1|T2+T3p+T3h : 1
  B 2|G1|T3p+T3h : 1
  B 2|L,O|T1+T2+T3p+T4 : 1
  B 2|L,O|T1+T3p+T3h+T4 : 1
  B 2|L,O|T2+T3p+T3h+T4 : 1
  B 2|L,PM|T1+T2+T3p+T3h : 1
  B 2|L,PM|T2+T3p+T3h : 1
  B 2|fO,G,G1,D2|T2+T3p+T3h : 1
  B 2|fO,G,G1,D2|T3p+T3h : 1
  B 2|fO,G,L,D2|T1+T2+T3p : 1
  B 2|fO,G,L,D2|T1+T2+T3p+T3h : 1
  B 2|fO,G,L,D2|T2+T3p+T3h : 1
  B 2|fO,G,L,D2|T3p : 1
  B 2|fO,G,O,D2|T1+T2+T3p+T3h : 1
  B 2|fO,G1,L|T1+T2+T3p+T3h : 1
  B 2|fO,G1,O|T3p+T3h : 1
  B 2|fO,G1|T3p : 1
table G: f >= 1 states by f | nearest distance k | branch : count
  G 1|1|T1+T2+T3p+T3h : 21019
  G 1|1|T1+T2+T3h : 2188
  G 1|2|T3p+T3h : 569
  G 1|2|T2+T3p+T3h : 487
  G 2|1|T1+T2+T3p+T3h : 268
  G 1|1|T1+T3p+T3h : 202
  G 1|1|T1+T2 : 106
  G 1|1|T1+T2+T3p : 39
  G 2|2|T3p+T3h : 33
  G 2|1|T1+T3p+T3h : 28
  G 1|2|T2+T3p : 19
  G 2|2|T2+T3p+T3h : 17
  G 2|1|T1+T2+T3p+T3h+T4 : 13
  G 1|1|T1+T3p : 6
  G 1|2|T3p : 5
  G 2|2|T3p : 4
  G 2|2|T3p+T3h+T4 : 4
  G 2|1|T1+T3p+T3h+T4 : 3
  G 2|1|T1+T2+T3p : 2
  G 1|1|T1+T3h : 1
  G 1|2|T2+T3h : 1
  G 1|3|T2 : 1
  G 1|3|T2+T3h : 1
  G 2|1|T1+T2+T3p+T4 : 1
  G 2|2|T2+T3p+T3h+T4 : 1
table M: f >= 1 states by f | branch | smallest RT4 move size : count
  M 1|T1+T2+T3p+T3h|1 : 21019
  M 1|T1+T2+T3h|1 : 2188
  M 1|T3p+T3h|2 : 569
  M 1|T2+T3p+T3h|2 : 487
  M 2|T1+T2+T3p+T3h|1 : 268
  M 1|T1+T3p+T3h|1 : 202
  M 1|T1+T2|1 : 106
  M 1|T1+T2+T3p|1 : 39
  M 2|T3p+T3h|2 : 33
  M 2|T1+T3p+T3h|1 : 28
  M 1|T2+T3p|2 : 19
  M 2|T2+T3p+T3h|2 : 17
  M 2|T1+T2+T3p+T3h+T4|1 : 13
  M 1|T1+T3p|1 : 6
  M 1|T3p|2 : 5
  M 2|T3p+T3h+T4|2 : 4
  M 2|T3p|2 : 4
  M 2|T1+T3p+T3h+T4|1 : 3
  M 2|T1+T2+T3p|1 : 2
  M 1|T1+T3h|1 : 1
  M 1|T2+T3h|2 : 1
  M 1|T2+T3h|3 : 1
  M 1|T2|3 : 1
  M 2|T1+T2+T3p+T4|1 : 1
  M 2|T2+T3p+T3h+T4|2 : 1
table Z: f >= 1 states by f | branch available | its smallest move size : count
  Z 1|T3h|3 : 24468
  Z 1|T2|2 : 23804
  Z 1|T1|1 : 23561
  Z 1|T3p|2 : 22346
  Z 2|T3p|2 : 374
  Z 2|T3h|3 : 367
  Z 2|T1|1 : 315
  Z 2|T2|2 : 302
  Z 1|T2|3 : 57
  Z 2|T4|2 : 22
table C: f >= 1 states with T4 by f | smallest T4 size | cycle types at that size : count
  C 2|2|2 : 22
table Y: f >= 1 states by f | branch | move type available : count
  Y 1|T1+T2+T3p+T3h|T2:k2 : 20995
  Y 1|T1+T2+T3p+T3h|T3:xJ.h- : 20442
  Y 1|T1+T2+T3p+T3h|T1:rel : 18846
  Y 1|T1+T2+T3p+T3h|T3:xJ.hJ : 18615
  Y 1|T1+T2+T3p+T3h|T2:k3 : 18602
  Y 1|T1+T2+T3p+T3h|T3:xJ.hR : 17608
  Y 1|T1+T2+T3p+T3h|T1:pool : 17356
  Y 1|T1+T2+T3p+T3h|T3:xJ.hZ : 8794
  Y 1|T1+T2+T3p+T3h|T3:xH.hJ : 5692
  Y 1|T1+T2+T3p+T3h|T3:xZ.h- : 4127
  Y 1|T1+T2+T3p+T3h|T3:xZ.hR : 3340
  Y 1|T1+T2+T3p+T3h|T3:xZ.hJ : 3191
  Y 1|T1+T2+T3h|T2:k2 : 2186
  Y 1|T1+T2+T3h|T1:pool : 2152
  Y 1|T1+T2+T3h|T2:k3 : 2014
  Y 1|T1+T2+T3h|T3:xH.hJ : 1958
  Y 1|T1+T2+T3p+T3h|T3:xH.hR : 1949
  Y 1|T1+T2+T3h|T1:rel : 1871
  Y 1|T1+T2+T3p+T3h|T1:grow : 1173
  Y 1|T1+T2+T3p+T3h|T3:xH.hZ : 1131
  Y 1|T1+T2+T3p+T3h|T3:xZ.hZ : 662
  Y 1|T3p+T3h|T3:xJ.h- : 568
  Y 1|T3p+T3h|T3:xJ.hJ : 539
  Y 1|T2+T3p+T3h|T3:xJ.h- : 484
  Y 1|T2+T3p+T3h|T3:xJ.hJ : 466
  Y 1|T2+T3p+T3h|T2:k2 : 458
  Y 1|T3p+T3h|T3:xJ.hR : 457
  Y 1|T1+T2+T3h|T3:xJ.hJ : 427
  Y 1|T2+T3p+T3h|T2:k3 : 413
  Y 1|T2+T3p+T3h|T3:xJ.hR : 397
  Y 1|T2+T3p+T3h|T3:xJ.hZ : 341
  Y 1|T3p+T3h|T3:xJ.hZ : 332
  Y 1|T3p+T3h|T3:xH.hJ : 322
  Y 1|T3p+T3h|T3:xZ.h- : 293
  Y 2|T1+T2+T3p+T3h|T2:k2 : 268
  Y 1|T1+T2+T3h|T3:xH.hR : 267
  Y 2|T1+T2+T3p+T3h|T1:rel : 252
  Y 2|T1+T2+T3p+T3h|T3:xJ.h- : 247
  Y 1|T1+T2+T3h|T3:xJ.hR : 234
  Y 2|T1+T2+T3p+T3h|T3:xJ.hR : 233
  Y 1|T3p+T3h|T3:xZ.hJ : 219
  Y 1|T2+T3p+T3h|T3:xH.hJ : 217
  Y 1|T1+T3p+T3h|T3:xJ.h- : 202
  Y 1|T1+T3p+T3h|T3:xJ.hJ : 187
  Y 1|T1+T2+T3h|T3:xJ.hZ : 175
  Y 1|T3p+T3h|T3:xZ.hR : 167
  Y 2|T1+T2+T3p+T3h|T3:xJ.hJ : 160
  Y 1|T1+T2+T3h|T1:grow : 154
  Y 2|T1+T2+T3p+T3h|T3:xZ.h- : 149
  Y 1|T1+T3p+T3h|T3:xJ.hR : 145
  Y 1|T2+T3p+T3h|T3:xZ.h- : 144
  Y 1|T1+T3p+T3h|T1:rel : 141
  Y 1|T2+T3p+T3h|T3:xH.hZ : 132
  Y 2|T1+T2+T3p+T3h|T3:xZ.hR : 120
  Y 1|T2+T3p+T3h|T3:xZ.hJ : 109
  Y 1|T1+T2|T2:k2 : 106
  Y 1|T1+T3p+T3h|T1:pool : 106
  Y 1|T2+T3p+T3h|T3:xH.hR : 106
  Y 1|T3p+T3h|T3:xH.hR : 104
  Y 1|T1+T2|T1:pool : 101
  Y 1|T1+T2|T1:rel : 101
  Y 1|T1+T2|T2:k3 : 92
  Y 2|T1+T2+T3p+T3h|T1:pool : 92
  Y 2|T1+T2+T3p+T3h|T3:xJ.hZ : 86
  Y 1|T2+T3p+T3h|T3:xZ.hR : 73
  Y 1|T1+T3p+T3h|T3:xJ.hZ : 71
  Y 2|T1+T2+T3p+T3h|T3:xZ.hJ : 70
  Y 1|T1+T2+T3h|T3:xZ.hJ : 46
  Y 1|T2+T3p+T3h|T3:xZ.hZ : 40
  Y 1|T3p+T3h|T3:xH.hZ : 40
  Y 1|T1+T2+T3p|T2:k2 : 39
  Y 1|T1+T2+T3h|T3:xH.hZ : 38
  Y 1|T1+T2+T3p|T3:xJ.h- : 38
  Y 1|T1+T3p+T3h|T3:xZ.h- : 37
  Y 1|T1+T2+T3p|T1:pool : 36
  Y 2|T3p+T3h|T3:xJ.h- : 31
  Y 2|T1+T2+T3p+T3h|T3:xZ.hZ : 30
  Y 1|T1+T2+T3h|T3:xZ.hR : 29
  Y 2|T1+T3p+T3h|T3:xJ.h- : 26
  Y 1|T1+T2+T3p|T1:rel : 25
  Y 1|T1+T2+T3p|T2:k3 : 25
  Y 2|T1+T2+T3p+T3h|T3:xH.hJ : 25
  Y 2|T1+T2+T3p+T3h|T3:xH.hR : 25
  Y 2|T3p+T3h|T3:xJ.hJ : 25
  Y 1|T1+T3p+T3h|T3:xZ.hR : 24
  Y 2|T1+T3p+T3h|T3:xJ.hJ : 24
  Y 2|T3p+T3h|T3:xJ.hR : 24
  Y 2|T3p+T3h|T3:xJ.hZ : 24
  Y 1|T1+T3p+T3h|T3:xZ.hJ : 23
  Y 2|T1+T3p+T3h|T1:rel : 20
  Y 2|T1+T3p+T3h|T3:xJ.hR : 20
  Y 1|T2+T3p|T2:k2 : 19
  Y 2|T1+T3p+T3h|T1:pool : 18
  Y 1|T2+T3p|T3:xJ.h- : 17
  Y 2|T2+T3p+T3h|T2:k2 : 17
  Y 2|T2+T3p+T3h|T3:xJ.h- : 17
  Y 2|T2+T3p+T3h|T3:xJ.hZ : 16
  Y 1|T2+T3p|T2:k3 : 15
  Y 2|T2+T3p+T3h|T3:xJ.hJ : 15
  Y 2|T2+T3p+T3h|T3:xJ.hR : 14
  Y 1|T2+T3p|T3:xZ.h- : 13
  Y 2|T1+T2+T3p+T3h+T4|T1:rel : 13
  Y 2|T1+T2+T3p+T3h+T4|T2:k2 : 13
  Y 2|T1+T2+T3p+T3h+T4|T4:2 : 13
  Y 1|T1+T3p+T3h|T3:xH.hZ : 12
  Y 1|T1+T3p+T3h|T3:xZ.hZ : 11
  Y 2|T1+T3p+T3h|T3:xZ.h- : 11
  Y 1|T1+T3p+T3h|T3:xH.hJ : 10
  Y 2|T1+T2+T3p+T3h+T4|T3:xJ.h- : 10
  Y 2|T1+T2+T3p+T3h+T4|T3:xJ.hR : 10
  Y 2|T3p+T3h|T3:xZ.h- : 10
  Y 2|T3p+T3h|T3:xZ.hJ : 10
  Y 1|T1+T3p+T3h|T3:xH.hR : 8
  Y 2|T1+T3p+T3h|T3:xZ.hJ : 8
  Y 2|T2+T3p+T3h|T3:xZ.h- : 8
  Y 2|T3p+T3h|T3:xZ.hR : 8
  Y 2|T1+T3p+T3h|T3:xZ.hR : 7
  Y 2|T2+T3p+T3h|T3:xZ.hR : 7
  Y 1|T1+T3p|T1:pool : 6
  Y 1|T1+T3p|T3:xJ.h- : 6
  Y 2|T1+T2+T3p+T3h+T4|T1:pool : 6
  Y 2|T1+T2+T3p+T3h|T1:grow : 6
  Y 2|T1+T3p+T3h|T3:xJ.hZ : 6
  Y 1|T3p|T3:xJ.h- : 5
  Y 2|T1+T2+T3p+T3h|T3:xH.hZ : 5
  Y 2|T2+T3p+T3h|T3:xH.hZ : 5
  Y 2|T2+T3p+T3h|T3:xZ.hJ : 5
  Y 2|T1+T2+T3p+T3h+T4|T3:xZ.h- : 4
  Y 2|T1+T2+T3p+T3h+T4|T3:xZ.hR : 4
  Y 2|T2+T3p+T3h|T3:xH.hJ : 4
  Y 2|T2+T3p+T3h|T3:xH.hR : 4
  Y 2|T3p+T3h+T4|T3:xJ.h- : 4
  Y 2|T3p+T3h+T4|T3:xJ.hZ : 4
  Y 2|T3p+T3h+T4|T4:2 : 4
  Y 2|T3p+T3h|T3:xH.hR : 4
  Y 1|T1+T2|T1:grow : 3
  Y 1|T1+T3p+T3h|T1:grow : 3
  Y 2|T1+T2+T3p+T3h+T4|T3:xJ.hJ : 3
  Y 2|T1+T3p+T3h+T4|T1:rel : 3
  Y 2|T1+T3p+T3h+T4|T3:xJ.h- : 3
  Y 2|T1+T3p+T3h+T4|T3:xJ.hR : 3
  Y 2|T1+T3p+T3h+T4|T4:2 : 3
  Y 2|T1+T3p+T3h|T3:xH.hJ : 3
  Y 2|T3p+T3h|T3:xH.hZ : 3
  Y 2|T3p|T3:xJ.h- : 3
  Y 2|T3p|T3:xZ.h- : 3
  Y 1|T1+T2+T3p|T3:xZ.h- : 2
  Y 1|T2+T3h|T2:k3 : 2
  Y 2|T1+T2+T3p+T3h+T4|T3:xJ.hZ : 2
  Y 2|T1+T2+T3p|T1:rel : 2
  Y 2|T1+T2+T3p|T2:k2 : 2
  Y 2|T1+T3p+T3h|T3:xH.hR : 2
  Y 2|T3p+T3h+T4|T3:xJ.hR : 2
  Y 2|T3p+T3h|T3:xZ.hZ : 2
  Y 1|T1+T3h|T1:pool : 1
  Y 1|T1+T3h|T3:xH.hJ : 1
  Y 1|T2+T3h|T2:k2 : 1
  Y 1|T2+T3h|T3:xH.hR : 1
  Y 1|T2+T3h|T3:xH.hZ : 1
  Y 1|T2+T3h|T3:xJ.hR : 1
  Y 1|T2+T3h|T3:xJ.hZ : 1
  Y 1|T2|T2:k3 : 1
  Y 2|T1+T2+T3p+T3h+T4|T3:xZ.hJ : 1
  Y 2|T1+T2+T3p+T3h+T4|T3:xZ.hZ : 1
  Y 2|T1+T2+T3p+T4|T1:rel : 1
  Y 2|T1+T2+T3p+T4|T2:k2 : 1
  Y 2|T1+T2+T3p+T4|T3:xZ.h- : 1
  Y 2|T1+T2+T3p+T4|T4:2 : 1
  Y 2|T1+T2+T3p|T1:pool : 1
  Y 2|T1+T2+T3p|T3:xJ.h- : 1
  Y 2|T1+T2+T3p|T3:xZ.h- : 1
  Y 2|T1+T3p+T3h+T4|T1:pool : 1
  Y 2|T1+T3p+T3h+T4|T3:xJ.hJ : 1
  Y 2|T1+T3p+T3h+T4|T3:xJ.hZ : 1
  Y 2|T1+T3p+T3h+T4|T3:xZ.h- : 1
  Y 2|T1+T3p+T3h+T4|T3:xZ.hJ : 1
  Y 2|T1+T3p+T3h+T4|T3:xZ.hR : 1
  Y 2|T1+T3p+T3h|T3:xZ.hZ : 1
  Y 2|T2+T3p+T3h+T4|T2:k2 : 1
  Y 2|T2+T3p+T3h+T4|T3:xZ.h- : 1
  Y 2|T2+T3p+T3h+T4|T3:xZ.hJ : 1
  Y 2|T2+T3p+T3h+T4|T3:xZ.hR : 1
  Y 2|T2+T3p+T3h+T4|T4:2 : 1
  Y 2|T3p+T3h|T3:xH.hJ : 1
