# command: python3 k4/dlrt4_run.py certs results/k4_certs_4_pure.json.gz --sample=500 --seed=1 --jobs=4 --ckpt=results/k4_rt4/ckpt_d_pure_s500_1.jsonl --dump=results/k4_rt4/dump_d_pure_s500_1.jsonl.gz --tables=results/k4_rt4/tables_d_pure_s500_1.json --progress
# dlrt4.c sha256 fcde494a3161279d47a7b80e614f69c58894ebc7b40d00e461f677b8810d7cae
# k4_certs_4_pure.json.gz: cores 0..218, 219 units to run, 0 from the checkpoint; 500 random profiles per unit, seed 1
#   unit {'pos': 2, 'blk': None}: om1 0 pos 0 st1 0 fail1 0 t4 0 t4only 0 t2only 0 rtfail 0 [0.6 s]
#   unit {'pos': 4, 'blk': None}: om1 0 pos 0 st1 0 fail1 0 t4 0 t4only 0 t2only 0 rtfail 0 [0.0 s]
#   unit {'pos': 3, 'blk': None}: om1 0 pos 0 st1 0 fail1 0 t4 0 t4only 0 t2only 0 rtfail 0 [0.6 s]
#   unit {'pos': 5, 'blk': None}: om1 2 pos 0 st1 0 fail1 0 t4 0 t4only 0 t2only 0 rtfail 0 [0.0 s]
#   unit {'pos': 7, 'blk': None}: om1 1 pos 0 st1 0 fail1 0 t4 0 t4only 0 t2only 0 rtfail 0 [0.0 s]
#   unit {'pos': 6, 'blk': None}: om1 5 pos 0 st1 0 fail1 0 t4 0 t4only 0 t2only 0 rtfail 0 [0.0 s]
#   unit {'pos': 0, 'blk': None}: om1 0 pos 0 st1 0 fail1 0 t4 0 t4only 0 t2only 0 rtfail 0 [0.6 s]
#   unit {'pos': 1, 'blk': None}: om1 0 pos 0 st1 0 fail1 0 t4 0 t4only 0 t2only 0 rtfail 0 [0.6 s]
#   unit {'pos': 8, 'blk': None}: om1 0 pos 0 st1 0 fail1 0 t4 0 t4only 0 t2only 0 rtfail 0 [0.0 s]
#   unit {'pos': 9, 'blk': None}: om1 0 pos 0 st1 0 fail1 0 t4 0 t4only 0 t2only 0 rtfail 0 [0.0 s]
#   unit {'pos': 10, 'blk': None}: om1 0 pos 0 st1 0 fail1 0 t4 0 t4only 0 t2only 0 rtfail 0 [0.0 s]
#   unit {'pos': 11, 'blk': None}: om1 0 pos 0 st1 0 fail1 0 t4 0 t4only 0 t2only 0 rtfail 0 [0.0 s]
#   unit {'pos': 13, 'blk': None}: om1 0 pos 0 st1 0 fail1 0 t4 0 t4only 0 t2only 0 rtfail 0 [0.0 s]
#   unit {'pos': 14, 'blk': None}: om1 0 pos 0 st1 0 fail1 0 t4 0 t4only 0 t2only 0 rtfail 0 [0.0 s]
#   unit {'pos': 12, 'blk': None}: om1 0 pos 0 st1 0 fail1 0 t4 0 t4only 0 t2only 0 rtfail 0 [0.0 s]
#   unit {'pos': 15, 'blk': None}: om1 0 pos 0 st1 0 fail1 0 t4 0 t4only 0 t2only 0 rtfail 0 [0.0 s]
#   unit {'pos': 16, 'blk': None}: om1 0 pos 0 st1 0 fail1 0 t4 0 t4only 0 t2only 0 rtfail 0 [0.0 s]
#   unit {'pos': 17, 'blk': None}: om1 0 pos 0 st1 0 fail1 0 t4 0 t4only 0 t2only 0 rtfail 0 [0.0 s]
#   unit {'pos': 19, 'blk': None}: om1 0 pos 0 st1 0 fail1 0 t4 0 t4only 0 t2only 0 rtfail 0 [0.0 s]
#   unit {'pos': 18, 'blk': None}: om1 0 pos 0 st1 0 fail1 0 t4 0 t4only 0 t2only 0 rtfail 0 [0.0 s]
#   unit {'pos': 20, 'blk': None}: om1 0 pos 0 st1 0 fail1 0 t4 0 t4only 0 t2only 0 rtfail 0 [0.0 s]
#   unit {'pos': 22, 'blk': None}: om1 3 pos 0 st1 0 fail1 0 t4 0 t4only 0 t2only 0 rtfail 0 [0.0 s]
#   unit {'pos': 24, 'blk': None}: om1 11 pos 0 st1 0 fail1 0 t4 0 t4only 0 t2only 0 rtfail 0 [0.0 s]
#   unit {'pos': 23, 'blk': None}: om1 16 pos 0 st1 0 fail1 0 t4 0 t4only 0 t2only 0 rtfail 0 [0.0 s]
#   unit {'pos': 25, 'blk': None}: om1 7 pos 0 st1 0 fail1 0 t4 0 t4only 0 t2only 0 rtfail 0 [0.0 s]
#   unit {'pos': 26, 'blk': None}: om1 29 pos 1 st1 1 fail1 0 t4 1 t4only 0 t2only 0 rtfail 0 [0.0 s]
#   unit {'pos': 27, 'blk': None}: om1 27 pos 0 st1 0 fail1 0 t4 0 t4only 0 t2only 0 rtfail 0 [0.0 s]
#   unit {'pos': 28, 'blk': None}: om1 56 pos 0 st1 0 fail1 0 t4 0 t4only 0 t2only 0 rtfail 0 [0.0 s]
#   unit {'pos': 29, 'blk': None}: om1 20 pos 0 st1 0 fail1 0 t4 0 t4only 0 t2only 0 rtfail 0 [0.0 s]
#   unit {'pos': 21, 'blk': None}: om1 6 pos 0 st1 0 fail1 0 t4 0 t4only 0 t2only 0 rtfail 0 [0.0 s]
#   unit {'pos': 30, 'blk': None}: om1 7 pos 0 st1 0 fail1 0 t4 0 t4only 0 t2only 0 rtfail 0 [0.0 s]
#   unit {'pos': 31, 'blk': None}: om1 3 pos 0 st1 0 fail1 0 t4 0 t4only 0 t2only 0 rtfail 0 [0.0 s]
#   unit {'pos': 32, 'blk': None}: om1 8 pos 1 st1 1 fail1 0 t4 0 t4only 0 t2only 0 rtfail 0 [0.0 s]
#   unit {'pos': 34, 'blk': None}: om1 10 pos 2 st1 2 fail1 0 t4 0 t4only 0 t2only 0 rtfail 0 [0.0 s]
#   unit {'pos': 33, 'blk': None}: om1 5 pos 0 st1 0 fail1 0 t4 0 t4only 0 t2only 0 rtfail 0 [0.0 s]
#   unit {'pos': 36, 'blk': None}: om1 2 pos 0 st1 0 fail1 0 t4 0 t4only 0 t2only 0 rtfail 0 [0.0 s]
#   unit {'pos': 35, 'blk': None}: om1 4 pos 0 st1 0 fail1 0 t4 0 t4only 0 t2only 0 rtfail 0 [0.0 s]
#   unit {'pos': 37, 'blk': None}: om1 11 pos 0 st1 0 fail1 0 t4 0 t4only 0 t2only 0 rtfail 0 [0.0 s]
#   unit {'pos': 38, 'blk': None}: om1 3 pos 0 st1 0 fail1 0 t4 0 t4only 0 t2only 0 rtfail 0 [0.0 s]
#   unit {'pos': 40, 'blk': None}: om1 1 pos 0 st1 0 fail1 0 t4 0 t4only 0 t2only 0 rtfail 0 [0.0 s]
#   unit {'pos': 39, 'blk': None}: om1 4 pos 3 st1 3 fail1 0 t4 3 t4only 0 t2only 0 rtfail 0 [0.0 s]
#   unit {'pos': 41, 'blk': None}: om1 3 pos 0 st1 0 fail1 0 t4 0 t4only 0 t2only 0 rtfail 0 [0.0 s]
#   unit {'pos': 42, 'blk': None}: om1 2 pos 0 st1 0 fail1 0 t4 0 t4only 0 t2only 0 rtfail 0 [0.0 s]
#   unit {'pos': 44, 'blk': None}: om1 2 pos 0 st1 0 fail1 0 t4 0 t4only 0 t2only 0 rtfail 0 [0.0 s]
#   unit {'pos': 43, 'blk': None}: om1 3 pos 0 st1 0 fail1 0 t4 0 t4only 0 t2only 0 rtfail 0 [0.0 s]
#   unit {'pos': 45, 'blk': None}: om1 1 pos 0 st1 0 fail1 0 t4 0 t4only 0 t2only 0 rtfail 0 [0.0 s]
#   unit {'pos': 48, 'blk': None}: om1 5 pos 0 st1 0 fail1 0 t4 0 t4only 0 t2only 0 rtfail 0 [0.0 s]
#   unit {'pos': 47, 'blk': None}: om1 2 pos 0 st1 0 fail1 0 t4 0 t4only 0 t2only 0 rtfail 0 [0.0 s]
#   unit {'pos': 46, 'blk': None}: om1 1 pos 0 st1 0 fail1 0 t4 0 t4only 0 t2only 0 rtfail 0 [0.0 s]
#   unit {'pos': 49, 'blk': None}: om1 4 pos 1 st1 1 fail1 0 t4 1 t4only 0 t2only 0 rtfail 0 [0.0 s]
#   unit {'pos': 51, 'blk': None}: om1 1 pos 0 st1 0 fail1 0 t4 0 t4only 0 t2only 0 rtfail 0 [0.0 s]
#   unit {'pos': 50, 'blk': None}: om1 4 pos 0 st1 0 fail1 0 t4 0 t4only 0 t2only 0 rtfail 0 [0.0 s]
#   unit {'pos': 52, 'blk': None}: om1 1 pos 1 st1 1 fail1 0 t4 0 t4only 0 t2only 0 rtfail 0 [0.0 s]
#   unit {'pos': 53, 'blk': None}: om1 2 pos 0 st1 0 fail1 0 t4 0 t4only 0 t2only 0 rtfail 0 [0.0 s]
#   unit {'pos': 54, 'blk': None}: om1 3 pos 0 st1 0 fail1 0 t4 0 t4only 0 t2only 0 rtfail 0 [0.0 s]
#   unit {'pos': 56, 'blk': None}: om1 0 pos 0 st1 0 fail1 0 t4 0 t4only 0 t2only 0 rtfail 0 [0.0 s]
#   unit {'pos': 55, 'blk': None}: om1 1 pos 0 st1 0 fail1 0 t4 0 t4only 0 t2only 0 rtfail 0 [0.0 s]
#   unit {'pos': 57, 'blk': None}: om1 0 pos 0 st1 0 fail1 0 t4 0 t4only 0 t2only 0 rtfail 0 [0.0 s]
#   unit {'pos': 58, 'blk': None}: om1 1 pos 0 st1 0 fail1 0 t4 0 t4only 0 t2only 0 rtfail 0 [0.0 s]
#   unit {'pos': 60, 'blk': None}: om1 0 pos 0 st1 0 fail1 0 t4 0 t4only 0 t2only 0 rtfail 0 [0.0 s]
#   unit {'pos': 62, 'blk': None}: om1 29 pos 2 st1 2 fail1 0 t4 0 t4only 0 t2only 0 rtfail 0 [0.0 s]
#   unit {'pos': 61, 'blk': None}: om1 43 pos 0 st1 0 fail1 0 t4 0 t4only 0 t2only 0 rtfail 0 [0.0 s]
#   unit {'pos': 59, 'blk': None}: om1 0 pos 0 st1 0 fail1 0 t4 0 t4only 0 t2only 0 rtfail 0 [0.0 s]
#   unit {'pos': 63, 'blk': None}: om1 47 pos 0 st1 0 fail1 0 t4 0 t4only 0 t2only 0 rtfail 0 [0.0 s]
#   unit {'pos': 64, 'blk': None}: om1 30 pos 2 st1 2 fail1 0 t4 0 t4only 0 t2only 0 rtfail 0 [0.0 s]
#   unit {'pos': 65, 'blk': None}: om1 25 pos 2 st1 2 fail1 0 t4 0 t4only 0 t2only 0 rtfail 0 [0.0 s]
#   unit {'pos': 66, 'blk': None}: om1 38 pos 3 st1 3 fail1 0 t4 2 t4only 0 t2only 0 rtfail 0 [0.0 s]
#   unit {'pos': 67, 'blk': None}: om1 37 pos 0 st1 0 fail1 0 t4 0 t4only 0 t2only 0 rtfail 0 [0.0 s]
#   unit {'pos': 68, 'blk': None}: om1 161 pos 8 st1 8 fail1 0 t4 6 t4only 0 t2only 0 rtfail 0 [0.0 s]
#   unit {'pos': 69, 'blk': None}: om1 130 pos 2 st1 2 fail1 0 t4 1 t4only 0 t2only 0 rtfail 0 [0.0 s]
#   unit {'pos': 70, 'blk': None}: om1 118 pos 6 st1 6 fail1 0 t4 0 t4only 0 t2only 0 rtfail 0 [0.0 s]
#   unit {'pos': 71, 'blk': None}: om1 150 pos 0 st1 0 fail1 0 t4 0 t4only 0 t2only 0 rtfail 0 [0.0 s]
#   unit {'pos': 72, 'blk': None}: om1 73 pos 0 st1 0 fail1 0 t4 0 t4only 0 t2only 0 rtfail 0 [0.0 s]
#   unit {'pos': 76, 'blk': None}: om1 52 pos 0 st1 0 fail1 0 t4 0 t4only 0 t2only 0 rtfail 0 [0.0 s]
#   unit {'pos': 74, 'blk': None}: om1 91 pos 3 st1 3 fail1 0 t4 0 t4only 0 t2only 0 rtfail 0 [0.0 s]
#   unit {'pos': 73, 'blk': None}: om1 95 pos 7 st1 7 fail1 0 t4 3 t4only 0 t2only 0 rtfail 0 [0.0 s]
#   unit {'pos': 75, 'blk': None}: om1 72 pos 1 st1 1 fail1 0 t4 0 t4only 0 t2only 0 rtfail 0 [0.0 s]
#   unit {'pos': 77, 'blk': None}: om1 55 pos 0 st1 0 fail1 0 t4 0 t4only 0 t2only 0 rtfail 0 [0.0 s]
#   unit {'pos': 78, 'blk': None}: om1 55 pos 0 st1 0 fail1 0 t4 0 t4only 0 t2only 0 rtfail 0 [0.0 s]
#   unit {'pos': 79, 'blk': None}: om1 44 pos 0 st1 0 fail1 0 t4 0 t4only 0 t2only 0 rtfail 0 [0.0 s]
#   unit {'pos': 82, 'blk': None}: om1 54 pos 3 st1 3 fail1 0 t4 2 t4only 0 t2only 0 rtfail 0 [0.0 s]
#   unit {'pos': 81, 'blk': None}: om1 55 pos 0 st1 0 fail1 0 t4 0 t4only 0 t2only 0 rtfail 0 [0.0 s]
#   unit {'pos': 80, 'blk': None}: om1 73 pos 2 st1 2 fail1 0 t4 0 t4only 0 t2only 0 rtfail 0 [0.0 s]
#   unit {'pos': 83, 'blk': None}: om1 69 pos 3 st1 3 fail1 0 t4 3 t4only 0 t2only 0 rtfail 0 [0.0 s]
#   unit {'pos': 86, 'blk': None}: om1 65 pos 0 st1 0 fail1 0 t4 0 t4only 0 t2only 0 rtfail 0 [0.0 s]
#   unit {'pos': 84, 'blk': None}: om1 55 pos 4 st1 4 fail1 0 t4 4 t4only 0 t2only 0 rtfail 0 [0.0 s]
#   unit {'pos': 85, 'blk': None}: om1 63 pos 1 st1 1 fail1 0 t4 0 t4only 0 t2only 0 rtfail 0 [0.0 s]
#   unit {'pos': 87, 'blk': None}: om1 65 pos 0 st1 0 fail1 0 t4 0 t4only 0 t2only 0 rtfail 0 [0.0 s]
#   unit {'pos': 89, 'blk': None}: om1 32 pos 0 st1 0 fail1 0 t4 0 t4only 0 t2only 0 rtfail 0 [0.0 s]
#   unit {'pos': 88, 'blk': None}: om1 68 pos 0 st1 0 fail1 0 t4 0 t4only 0 t2only 0 rtfail 0 [0.0 s]
#   unit {'pos': 90, 'blk': None}: om1 41 pos 0 st1 0 fail1 0 t4 0 t4only 0 t2only 0 rtfail 0 [0.0 s]
#   unit {'pos': 92, 'blk': None}: om1 44 pos 1 st1 1 fail1 0 t4 0 t4only 0 t2only 0 rtfail 0 [0.0 s]
#   unit {'pos': 94, 'blk': None}: om1 31 pos 0 st1 0 fail1 0 t4 0 t4only 0 t2only 0 rtfail 0 [0.0 s]
#   unit {'pos': 91, 'blk': None}: om1 31 pos 0 st1 0 fail1 0 t4 0 t4only 0 t2only 0 rtfail 0 [0.0 s]
#   unit {'pos': 93, 'blk': None}: om1 39 pos 0 st1 0 fail1 0 t4 0 t4only 0 t2only 0 rtfail 0 [0.0 s]
#   unit {'pos': 95, 'blk': None}: om1 30 pos 0 st1 0 fail1 0 t4 0 t4only 0 t2only 0 rtfail 0 [0.0 s]
#   unit {'pos': 96, 'blk': None}: om1 30 pos 0 st1 0 fail1 0 t4 0 t4only 0 t2only 0 rtfail 0 [0.0 s]
#   unit {'pos': 97, 'blk': None}: om1 25 pos 1 st1 1 fail1 0 t4 0 t4only 0 t2only 0 rtfail 0 [0.0 s]
#   unit {'pos': 98, 'blk': None}: om1 25 pos 0 st1 0 fail1 0 t4 0 t4only 0 t2only 0 rtfail 0 [0.0 s]
#   unit {'pos': 99, 'blk': None}: om1 15 pos 2 st1 2 fail1 0 t4 0 t4only 0 t2only 0 rtfail 0 [0.0 s]
#   unit {'pos': 101, 'blk': None}: om1 23 pos 2 st1 2 fail1 0 t4 0 t4only 0 t2only 0 rtfail 0 [0.0 s]
#   unit {'pos': 100, 'blk': None}: om1 24 pos 0 st1 0 fail1 0 t4 0 t4only 0 t2only 0 rtfail 0 [0.0 s]
#   unit {'pos': 103, 'blk': None}: om1 29 pos 2 st1 2 fail1 0 t4 0 t4only 0 t2only 0 rtfail 0 [0.0 s]
#   unit {'pos': 102, 'blk': None}: om1 19 pos 2 st1 2 fail1 0 t4 0 t4only 0 t2only 0 rtfail 0 [0.0 s]
#   unit {'pos': 104, 'blk': None}: om1 18 pos 0 st1 0 fail1 0 t4 0 t4only 0 t2only 0 rtfail 0 [0.0 s]
#   unit {'pos': 105, 'blk': None}: om1 18 pos 0 st1 0 fail1 0 t4 0 t4only 0 t2only 0 rtfail 0 [0.0 s]
#   unit {'pos': 106, 'blk': None}: om1 16 pos 0 st1 0 fail1 0 t4 0 t4only 0 t2only 0 rtfail 0 [0.0 s]
#   unit {'pos': 107, 'blk': None}: om1 23 pos 1 st1 1 fail1 0 t4 0 t4only 0 t2only 0 rtfail 0 [0.0 s]
#   unit {'pos': 109, 'blk': None}: om1 24 pos 1 st1 1 fail1 0 t4 0 t4only 0 t2only 0 rtfail 0 [0.0 s]
#   unit {'pos': 108, 'blk': None}: om1 23 pos 0 st1 0 fail1 0 t4 0 t4only 0 t2only 0 rtfail 0 [0.0 s]
#   unit {'pos': 110, 'blk': None}: om1 25 pos 4 st1 4 fail1 0 t4 0 t4only 0 t2only 0 rtfail 0 [0.0 s]
#   unit {'pos': 112, 'blk': None}: om1 21 pos 1 st1 1 fail1 0 t4 0 t4only 0 t2only 0 rtfail 0 [0.0 s]
#   unit {'pos': 111, 'blk': None}: om1 25 pos 0 st1 0 fail1 0 t4 0 t4only 0 t2only 0 rtfail 0 [0.0 s]
#   unit {'pos': 113, 'blk': None}: om1 11 pos 0 st1 0 fail1 0 t4 0 t4only 0 t2only 0 rtfail 0 [0.0 s]
#   unit {'pos': 114, 'blk': None}: om1 12 pos 3 st1 3 fail1 0 t4 0 t4only 0 t2only 0 rtfail 0 [0.0 s]
#   unit {'pos': 115, 'blk': None}: om1 19 pos 0 st1 0 fail1 0 t4 0 t4only 0 t2only 0 rtfail 0 [0.0 s]
#   unit {'pos': 117, 'blk': None}: om1 18 pos 0 st1 0 fail1 0 t4 0 t4only 0 t2only 0 rtfail 0 [0.0 s]
#   unit {'pos': 116, 'blk': None}: om1 29 pos 0 st1 0 fail1 0 t4 0 t4only 0 t2only 0 rtfail 0 [0.0 s]
#   unit {'pos': 118, 'blk': None}: om1 13 pos 6 st1 6 fail1 0 t4 0 t4only 0 t2only 0 rtfail 0 [0.0 s]
#   unit {'pos': 121, 'blk': None}: om1 9 pos 0 st1 0 fail1 0 t4 0 t4only 0 t2only 0 rtfail 0 [0.0 s]
#   unit {'pos': 119, 'blk': None}: om1 14 pos 0 st1 0 fail1 0 t4 0 t4only 0 t2only 0 rtfail 0 [0.0 s]
#   unit {'pos': 122, 'blk': None}: om1 8 pos 0 st1 0 fail1 0 t4 0 t4only 0 t2only 0 rtfail 0 [0.0 s]
#   unit {'pos': 120, 'blk': None}: om1 12 pos 0 st1 0 fail1 0 t4 0 t4only 0 t2only 0 rtfail 0 [0.0 s]
#   unit {'pos': 125, 'blk': None}: om1 500 pos 7 st1 7 fail1 0 t4 0 t4only 0 t2only 0 rtfail 0 [0.0 s]
#   unit {'pos': 126, 'blk': None}: om1 500 pos 3 st1 3 fail1 0 t4 0 t4only 0 t2only 0 rtfail 0 [0.0 s]
#   unit {'pos': 123, 'blk': None}: om1 500 pos 10 st1 10 fail1 0 t4 0 t4only 0 t2only 0 rtfail 0 [0.1 s]
#   unit {'pos': 124, 'blk': None}: om1 500 pos 5 st1 5 fail1 0 t4 0 t4only 0 t2only 0 rtfail 0 [0.1 s]
#   unit {'pos': 127, 'blk': None}: om1 500 pos 18 st1 18 fail1 0 t4 2 t4only 0 t2only 0 rtfail 0 [0.0 s]
#   unit {'pos': 128, 'blk': None}: om1 500 pos 20 st1 20 fail1 0 t4 0 t4only 0 t2only 0 rtfail 0 [0.1 s]
#   unit {'pos': 130, 'blk': None}: om1 500 pos 1 st1 1 fail1 0 t4 0 t4only 0 t2only 0 rtfail 0 [0.0 s]
#   unit {'pos': 129, 'blk': None}: om1 500 pos 0 st1 0 fail1 0 t4 0 t4only 0 t2only 0 rtfail 0 [0.1 s]
#   unit {'pos': 131, 'blk': None}: om1 500 pos 38 st1 38 fail1 0 t4 0 t4only 0 t2only 0 rtfail 0 [0.0 s]
#   unit {'pos': 133, 'blk': None}: om1 500 pos 17 st1 17 fail1 0 t4 2 t4only 0 t2only 0 rtfail 0 [0.0 s]
#   unit {'pos': 132, 'blk': None}: om1 500 pos 13 st1 13 fail1 0 t4 0 t4only 0 t2only 0 rtfail 0 [0.1 s]
#   unit {'pos': 134, 'blk': None}: om1 500 pos 21 st1 21 fail1 0 t4 0 t4only 0 t2only 0 rtfail 0 [0.0 s]
#   unit {'pos': 135, 'blk': None}: om1 500 pos 18 st1 18 fail1 0 t4 0 t4only 0 t2only 0 rtfail 0 [0.0 s]
#   unit {'pos': 136, 'blk': None}: om1 500 pos 39 st1 39 fail1 0 t4 7 t4only 0 t2only 0 rtfail 0 [0.0 s]
#   unit {'pos': 137, 'blk': None}: om1 500 pos 12 st1 12 fail1 0 t4 0 t4only 0 t2only 0 rtfail 0 [0.0 s]
#   unit {'pos': 139, 'blk': None}: om1 500 pos 0 st1 0 fail1 0 t4 0 t4only 0 t2only 0 rtfail 0 [0.0 s]
#   unit {'pos': 138, 'blk': None}: om1 500 pos 14 st1 14 fail1 0 t4 0 t4only 0 t2only 0 rtfail 0 [0.0 s]
#   unit {'pos': 140, 'blk': None}: om1 500 pos 6 st1 6 fail1 0 t4 0 t4only 0 t2only 0 rtfail 0 [0.0 s]
#   unit {'pos': 141, 'blk': None}: om1 500 pos 3 st1 3 fail1 0 t4 0 t4only 0 t2only 0 rtfail 0 [0.0 s]
#   unit {'pos': 144, 'blk': None}: om1 500 pos 22 st1 22 fail1 0 t4 0 t4only 0 t2only 0 rtfail 0 [0.1 s]
#   unit {'pos': 143, 'blk': None}: om1 500 pos 5 st1 5 fail1 0 t4 0 t4only 0 t2only 0 rtfail 0 [0.1 s]
#   unit {'pos': 142, 'blk': None}: om1 500 pos 7 st1 7 fail1 0 t4 0 t4only 0 t2only 0 rtfail 0 [0.1 s]
#   unit {'pos': 145, 'blk': None}: om1 500 pos 9 st1 9 fail1 0 t4 0 t4only 0 t2only 0 rtfail 0 [0.1 s]
#   unit {'pos': 148, 'blk': None}: om1 500 pos 11 st1 11 fail1 0 t4 0 t4only 0 t2only 0 rtfail 0 [0.1 s]
#   unit {'pos': 147, 'blk': None}: om1 500 pos 9 st1 9 fail1 0 t4 0 t4only 0 t2only 0 rtfail 0 [0.1 s]
#   unit {'pos': 146, 'blk': None}: om1 500 pos 8 st1 8 fail1 0 t4 0 t4only 0 t2only 0 rtfail 0 [0.1 s]
#   unit {'pos': 151, 'blk': None}: om1 500 pos 0 st1 0 fail1 0 t4 0 t4only 0 t2only 0 rtfail 0 [0.1 s]
#   unit {'pos': 149, 'blk': None}: om1 500 pos 2 st1 2 fail1 0 t4 0 t4only 0 t2only 0 rtfail 0 [0.1 s]
#   unit {'pos': 150, 'blk': None}: om1 500 pos 4 st1 4 fail1 0 t4 0 t4only 0 t2only 0 rtfail 0 [0.1 s]
#   unit {'pos': 152, 'blk': None}: om1 500 pos 6 st1 6 fail1 0 t4 0 t4only 0 t2only 0 rtfail 0 [0.1 s]
#   unit {'pos': 153, 'blk': None}: om1 500 pos 9 st1 9 fail1 0 t4 0 t4only 0 t2only 0 rtfail 0 [0.0 s]
#   unit {'pos': 154, 'blk': None}: om1 500 pos 15 st1 15 fail1 0 t4 0 t4only 0 t2only 0 rtfail 0 [0.1 s]
#   unit {'pos': 155, 'blk': None}: om1 500 pos 2 st1 2 fail1 0 t4 0 t4only 0 t2only 0 rtfail 0 [0.1 s]
#   unit {'pos': 156, 'blk': None}: om1 500 pos 3 st1 3 fail1 0 t4 0 t4only 0 t2only 0 rtfail 0 [0.1 s]
#   unit {'pos': 158, 'blk': None}: om1 500 pos 1 st1 1 fail1 0 t4 0 t4only 0 t2only 0 rtfail 0 [0.1 s]
#   unit {'pos': 157, 'blk': None}: om1 500 pos 2 st1 2 fail1 0 t4 0 t4only 0 t2only 0 rtfail 0 [0.1 s]
#   unit {'pos': 159, 'blk': None}: om1 500 pos 8 st1 8 fail1 0 t4 0 t4only 0 t2only 0 rtfail 0 [0.1 s]
#   unit {'pos': 160, 'blk': None}: om1 500 pos 6 st1 6 fail1 0 t4 0 t4only 0 t2only 0 rtfail 0 [0.1 s]
#   unit {'pos': 161, 'blk': None}: om1 500 pos 3 st1 3 fail1 0 t4 0 t4only 0 t2only 0 rtfail 0 [0.1 s]
#   unit {'pos': 163, 'blk': None}: om1 500 pos 11 st1 4 fail1 0 t4 0 t4only 0 t2only 0 rtfail 0 [0.1 s]
#   unit {'pos': 162, 'blk': None}: om1 500 pos 0 st1 0 fail1 0 t4 0 t4only 0 t2only 0 rtfail 0 [0.1 s]
#   unit {'pos': 164, 'blk': None}: om1 500 pos 0 st1 0 fail1 0 t4 0 t4only 0 t2only 0 rtfail 0 [0.1 s]
#   unit {'pos': 165, 'blk': None}: om1 500 pos 3 st1 1 fail1 0 t4 0 t4only 0 t2only 0 rtfail 0 [0.1 s]
#   unit {'pos': 166, 'blk': None}: om1 500 pos 1 st1 1 fail1 0 t4 0 t4only 0 t2only 0 rtfail 0 [0.1 s]
#   unit {'pos': 167, 'blk': None}: om1 500 pos 5 st1 2 fail1 0 t4 0 t4only 0 t2only 0 rtfail 0 [0.1 s]
#   unit {'pos': 168, 'blk': None}: om1 500 pos 1 st1 1 fail1 0 t4 0 t4only 0 t2only 0 rtfail 0 [0.1 s]
#   unit {'pos': 169, 'blk': None}: om1 500 pos 12 st1 12 fail1 0 t4 0 t4only 0 t2only 0 rtfail 0 [0.1 s]
#   unit {'pos': 170, 'blk': None}: om1 500 pos 26 st1 12 fail1 0 t4 0 t4only 0 t2only 0 rtfail 0 [0.1 s]
#   unit {'pos': 171, 'blk': None}: om1 500 pos 3 st1 3 fail1 0 t4 0 t4only 0 t2only 0 rtfail 0 [0.1 s]
#   unit {'pos': 172, 'blk': None}: om1 500 pos 51 st1 38 fail1 0 t4 0 t4only 0 t2only 0 rtfail 0 [0.1 s]
#   unit {'pos': 173, 'blk': None}: om1 500 pos 16 st1 7 fail1 0 t4 0 t4only 0 t2only 0 rtfail 0 [0.1 s]
#   unit {'pos': 174, 'blk': None}: om1 500 pos 8 st1 6 fail1 0 t4 0 t4only 0 t2only 0 rtfail 0 [0.1 s]
#   unit {'pos': 175, 'blk': None}: om1 500 pos 0 st1 0 fail1 0 t4 0 t4only 0 t2only 0 rtfail 0 [0.1 s]
#   unit {'pos': 176, 'blk': None}: om1 500 pos 6 st1 6 fail1 0 t4 0 t4only 0 t2only 0 rtfail 0 [0.1 s]
#   unit {'pos': 177, 'blk': None}: om1 500 pos 439 st1 0 fail1 0 t4 0 t4only 0 t2only 0 rtfail 0 [0.1 s]
#   unit {'pos': 180, 'blk': None}: om1 500 pos 393 st1 46 fail1 0 t4 0 t4only 0 t2only 0 rtfail 0 [0.1 s]
#   unit {'pos': 179, 'blk': None}: om1 500 pos 72 st1 72 fail1 0 t4 0 t4only 0 t2only 0 rtfail 0 [0.1 s]
#   unit {'pos': 178, 'blk': None}: om1 500 pos 103 st1 8 fail1 0 t4 0 t4only 0 t2only 0 rtfail 0 [0.1 s]
#   unit {'pos': 181, 'blk': None}: om1 500 pos 318 st1 92 fail1 0 t4 0 t4only 0 t2only 0 rtfail 0 [0.1 s]
#   unit {'pos': 182, 'blk': None}: om1 500 pos 225 st1 44 fail1 0 t4 0 t4only 0 t2only 0 rtfail 0 [0.1 s]
#   unit {'pos': 184, 'blk': None}: om1 500 pos 451 st1 18 fail1 0 t4 0 t4only 0 t2only 0 rtfail 0 [0.1 s]
#   unit {'pos': 183, 'blk': None}: om1 500 pos 309 st1 29 fail1 0 t4 0 t4only 0 t2only 0 rtfail 0 [0.1 s]
#   unit {'pos': 185, 'blk': None}: om1 500 pos 287 st1 25 fail1 0 t4 0 t4only 0 t2only 0 rtfail 0 [0.1 s]
#   unit {'pos': 186, 'blk': None}: om1 500 pos 31 st1 31 fail1 0 t4 0 t4only 0 t2only 0 rtfail 0 [0.1 s]
#   unit {'pos': 189, 'blk': None}: om1 500 pos 529 st1 270 fail1 0 t4 44 t4only 0 t2only 0 rtfail 0 [0.0 s]
#   unit {'pos': 187, 'blk': None}: om1 500 pos 129 st1 46 fail1 0 t4 0 t4only 0 t2only 0 rtfail 0 [0.1 s]
#   unit {'pos': 188, 'blk': None}: om1 500 pos 1246 st1 98 fail1 0 t4 0 t4only 0 t2only 0 rtfail 0 [0.1 s]
#   unit {'pos': 190, 'blk': None}: om1 500 pos 478 st1 40 fail1 0 t4 6 t4only 0 t2only 0 rtfail 0 [0.1 s]
#   unit {'pos': 191, 'blk': None}: om1 500 pos 308 st1 94 fail1 0 t4 10 t4only 0 t2only 0 rtfail 0 [0.1 s]
#   unit {'pos': 192, 'blk': None}: om1 500 pos 499 st1 12 fail1 0 t4 0 t4only 0 t2only 0 rtfail 0 [0.1 s]
#   unit {'pos': 194, 'blk': None}: om1 500 pos 477 st1 99 fail1 0 t4 0 t4only 0 t2only 0 rtfail 0 [0.1 s]
#   unit {'pos': 193, 'blk': None}: om1 500 pos 467 st1 30 fail1 0 t4 0 t4only 0 t2only 0 rtfail 0 [0.1 s]
#   unit {'pos': 195, 'blk': None}: om1 500 pos 269 st1 18 fail1 0 t4 0 t4only 0 t2only 0 rtfail 0 [0.1 s]
#   unit {'pos': 196, 'blk': None}: om1 500 pos 18 st1 18 fail1 0 t4 0 t4only 0 t2only 0 rtfail 0 [0.1 s]
#   unit {'pos': 197, 'blk': None}: om1 500 pos 899 st1 85 fail1 0 t4 0 t4only 0 t2only 0 rtfail 0 [0.1 s]
#   unit {'pos': 198, 'blk': None}: om1 500 pos 910 st1 74 fail1 0 t4 0 t4only 0 t2only 0 rtfail 0 [0.1 s]
#   unit {'pos': 199, 'blk': None}: om1 500 pos 774 st1 9 fail1 0 t4 0 t4only 0 t2only 0 rtfail 0 [0.1 s]
#   unit {'pos': 200, 'blk': None}: om1 500 pos 255 st1 21 fail1 0 t4 0 t4only 0 t2only 0 rtfail 0 [0.1 s]
#   unit {'pos': 201, 'blk': None}: om1 500 pos 137 st1 11 fail1 0 t4 0 t4only 0 t2only 0 rtfail 0 [0.1 s]
#   unit {'pos': 202, 'blk': None}: om1 500 pos 773 st1 11 fail1 0 t4 0 t4only 0 t2only 0 rtfail 0 [0.1 s]
#   unit {'pos': 203, 'blk': None}: om1 500 pos 331 st1 9 fail1 0 t4 0 t4only 0 t2only 0 rtfail 0 [0.1 s]
#   unit {'pos': 205, 'blk': None}: om1 500 pos 185 st1 17 fail1 0 t4 0 t4only 0 t2only 0 rtfail 0 [0.1 s]
#   unit {'pos': 204, 'blk': None}: om1 500 pos 1019 st1 9 fail1 0 t4 0 t4only 0 t2only 0 rtfail 0 [0.2 s]
#   unit {'pos': 206, 'blk': None}: om1 500 pos 756 st1 8 fail1 0 t4 0 t4only 0 t2only 0 rtfail 0 [0.1 s]
#   unit {'pos': 208, 'blk': None}: om1 500 pos 30 st1 17 fail1 0 t4 0 t4only 0 t2only 0 rtfail 0 [0.1 s]
#   unit {'pos': 210, 'blk': None}: om1 500 pos 2753 st1 459 fail1 0 t4 0 t4only 0 t2only 0 rtfail 0 [0.1 s]
#   unit {'pos': 207, 'blk': None}: om1 500 pos 1044 st1 22 fail1 0 t4 0 t4only 0 t2only 0 rtfail 0 [0.2 s]
#   unit {'pos': 211, 'blk': None}: om1 500 pos 2103 st1 141 fail1 0 t4 0 t4only 0 t2only 0 rtfail 0 [0.1 s]
#   unit {'pos': 209, 'blk': None}: om1 500 pos 1553 st1 59 fail1 0 t4 0 t4only 0 t2only 0 rtfail 0 [0.2 s]
#   unit {'pos': 212, 'blk': None}: om1 500 pos 1894 st1 92 fail1 0 t4 0 t4only 0 t2only 0 rtfail 0 [0.2 s]
#   unit {'pos': 213, 'blk': None}: om1 500 pos 4213 st1 17 fail1 0 t4 0 t4only 0 t2only 0 rtfail 0 [0.3 s]
#   unit {'pos': 214, 'blk': None}: om1 500 pos 1933 st1 162 fail1 0 t4 0 t4only 0 t2only 0 rtfail 0 [0.2 s]
#   unit {'pos': 215, 'blk': None}: om1 500 pos 4198 st1 8 fail1 0 t4 0 t4only 0 t2only 0 rtfail 0 [0.3 s]
#   unit {'pos': 216, 'blk': None}: om1 500 pos 1824 st1 54 fail1 0 t4 0 t4only 0 t2only 0 rtfail 0 [0.3 s]
#   unit {'pos': 217, 'blk': None}: om1 500 pos 3202 st1 71 fail1 0 t4 0 t4only 0 t2only 0 rtfail 0 [0.3 s]
#   unit {'pos': 218, 'blk': None}: om1 500 pos 7656 st1 141 fail1 0 t4 0 t4only 0 t2only 0 rtfail 0 [0.5 s]
k4_certs_4_pure.json.gz: profiles 109500, omega >= 1: 50965; k* = 0: 43544, 1: 7392, 2: 29, 3: 0, >= 4: 0, inf: 0; P with def > 0: 46094, at distance 1: 45929, 2: 165, 3: 0, >= 4: 0, inf: 0; Pareto-maximal: 137; largest least deficit 0
  DL_RT4: states (def > 0) with f = 0: 42953 (RT4 fails at 0), with f >= 1: 3141; DL_RT4 FAILS at 0 of the f >= 1 states; with an improving move T1 2976, T2 3017, T3p 2890, T3h 3095, T4 97; only T1 0, only T2 0, only T3 70, only T4 0; R_T fails at 0, R_13 at 0, R_13 + T4 at 0; smallest RT4 move size 1 / 2 / 3 / >= 4 / none: 2976 / 165 / 0 / 0 / 0; anomalies 0 + 0 [3 s]
table B: f >= 1 states by f | signature | branch : count
  B 1|G,D2|T1+T2+T3p+T3h : 1095
  B 1|fO,G,D2|T1+T2+T3p+T3h : 752
  B 1|fO,L|T1+T2+T3p+T3h : 250
  B 1|fO,L|T1+T2+T3h : 138
  B 2|G,D2|T1+T2+T3p+T3h : 120
  B 1|G,D2,PM|T1+T2+T3p+T3h : 90
  B 1|fO|T1+T2+T3p+T3h : 78
  B 1|fO|T1+T2+T3h : 76
  B 1|fO,G1|T1+T2+T3p+T3h : 65
  B 2|G,D2|T1+T2+T3p+T3h+T4 : 49
  B 1|G,D2|T2+T3p+T3h : 41
  B 1|fO,L,D2|T1+T2+T3p+T3h : 35
  B 1|G,D2|T3p+T3h : 28
  B 1|fO,G,D2|T3p+T3h : 19
  B 2|G,D2|T3p+T3h+T4 : 19
  B 1|fO,L,O,D2|T1+T2+T3p+T3h : 17
  B 1|e2,G,D2|T1+T2+T3p+T3h : 16
  B 1|e2,G,D2,PM|T1+T2+T3p+T3h : 15
  B 1|fO,G,D2|T2+T3p+T3h : 15
  B 2|G,D2,PM|T1+T2+T3p+T3h : 15
  B 1|e2,fO,G,D2|T1+T2+T3p+T3h : 14
  B 2|G,D2|T3p+T3h : 14
  B 2|fO,L|T1+T2+T3p+T3h : 13
  B 1|G,D2|T1+T3p+T3h : 9
  B 1|e2,fO,G1|T1+T2+T3p+T3h : 8
  B 1|fO,L,D2|T1+T2 : 8
  B 2|G,D2|T3p : 7
  B 2|G,D2|T3p+T4 : 6
  B 2|G1,L,PM|T1+T2+T3p+T3h : 6
  B 2|fO,G,D2|T1+T2+T3p+T3h : 6
  B 2|G,L,D2|T1+T2+T3p+T3h+T4 : 5
  B 1|G,D2|T1+T2+T3h : 4
  B 1|G1|T2+T3p : 4
  B 1|e1,G,D2|T1+T2+T3p+T3h : 4
  B 1|e2,fO,L|T1+T2+T3h : 4
  B 1|e2,fO|T1+T2+T3h : 4
  B 1|fO,G,D2|T1+T2+T3p : 4
  B 2|G,G1,D2|T1+T2+T3p+T3h : 4
  B 1|G,D2|T1+T3p : 3
  B 1|G1|T1+T2+T3p+T3h : 3
  B 1|e2,fO,L|T1+T2+T3p+T3h : 3
  B 1|e2,fO|T1+T2+T3p+T3h : 3
  B 1|fO,L,D2|T1+T2+T3h : 3
  B 2|G1,L|T1+T2+T3p+T3h : 3
  B 2|fO,G,D2|T3p+T3h+T4 : 3
  B 1|L,PM|T1+T2+T3h : 2
  B 1|e1,fO,G,D2|T1+T2+T3p+T3h : 2
  B 1|e2,L|T1+T2+T3p+T3h : 2
  B 1|fO,L|T1+T2 : 2
  B 2|G,D2|T1+T3p+T3h : 2
  B 2|G,G1,D2|T3p+T3h : 2
  B 2|G,L,D2,PM|T1+T2+T3p+T3h : 2
  B 2|G,O,D2|T1+T2+T3p+T3h+T4 : 2
  B 2|G,O,D2|T3p+T3h+T4 : 2
  B 2|L,PM|T1+T2+T3p+T3h : 2
  B 2|fO,G,D2|T1+T2+T3p+T3h+T4 : 2
  B 2|fO,L|T1+T2+T3p+T3h+T4 : 2
  B 2|fO|T1+T2+T3h+T4 : 2
  B 1|G,D2,PM|T1+T3p+T3h : 1
  B 1|G,D2|T1+T2+T3p : 1
  B 1|G,D2|T2+T3p : 1
  B 1|L,PM|T1+T2 : 1
  B 1|L|T1+T2+T3p+T3h : 1
  B 1|e1,e3,G,D2|T1+T2+T3p+T3h : 1
  B 1|e1,e3,O|T1+T2+T3p+T3h : 1
  B 1|e1,fO,L|T1+T2 : 1
  B 1|e1,fO,L|T1+T2+T3h : 1
  B 1|e1,fO,L|T1+T2+T3p+T3h : 1
  B 1|e2,G,D2|T1+T2+T3p : 1
  B 1|e2,G1|T1+T2+T3p : 1
  B 1|e2,G1|T2+T3p : 1
  B 1|e2,G1|T2+T3p+T3h : 1
  B 1|e2,fO,L|T1+T2 : 1
  B 1|e2,fO|T1+T2 : 1
  B 1|e3,fO,L,D2|T1+T2 : 1
  B 1|fO,G,D2|T1+T3p+T3h : 1
  B 1|fO,O|T1+T2+T3p+T3h : 1
  B 1|fO|T1+T2 : 1
  B 2|G,D2,PM|T1+T3p+T3h : 1
  B 2|G,D2|T1+T3p+T3h+T4 : 1
  B 2|G,L,D2|T1+T2+T3p+T3h : 1
  B 2|G,O,D2|T1+T2+T3p+T3h : 1
  B 2|G1,L,PM|T1+T3p+T3h : 1
  B 2|G1,L|T1+T3p+T3h : 1
  B 2|G1,O|T1+T2+T3p+T3h : 1
  B 2|G1,PM|T1+T2+T3p+T3h : 1
  B 2|G1|T1+T2+T3p+T3h : 1
  B 2|L,O|T1+T3p+T3h+T4 : 1
  B 2|L,O|T2+T3p+T3h+T4 : 1
  B 2|O,D2|T1+T2+T3p+T3h : 1
  B 2|O,D2|T1+T3p+T3h : 1
  B 2|O|T1+T2+T3p+T3h : 1
  B 2|fO,G,L,D2|T3p+T3h+T4 : 1
  B 2|fO,L|T1+T2+T3h : 1
  B 2|fO,O|T1+T3p+T4 : 1
table G: f >= 1 states by f | nearest distance k | branch : count
  G 1|1|T1+T2+T3p+T3h : 2457
  G 1|1|T1+T2+T3h : 232
  G 2|1|T1+T2+T3p+T3h : 178
  G 2|1|T1+T2+T3p+T3h+T4 : 60
  G 1|2|T2+T3p+T3h : 57
  G 1|2|T3p+T3h : 47
  G 2|2|T3p+T3h+T4 : 25
  G 1|1|T1+T2 : 16
  G 2|2|T3p+T3h : 16
  G 1|1|T1+T3p+T3h : 11
  G 1|1|T1+T2+T3p : 7
  G 2|2|T3p : 7
  G 1|2|T2+T3p : 6
  G 2|1|T1+T3p+T3h : 6
  G 2|2|T3p+T4 : 6
  G 1|1|T1+T3p : 3
  G 2|1|T1+T2+T3h+T4 : 2
  G 2|1|T1+T3p+T3h+T4 : 2
  G 2|1|T1+T2+T3h : 1
  G 2|1|T1+T3p+T4 : 1
  G 2|2|T2+T3p+T3h+T4 : 1
table M: f >= 1 states by f | branch | smallest RT4 move size : count
  M 1|T1+T2+T3p+T3h|1 : 2457
  M 1|T1+T2+T3h|1 : 232
  M 2|T1+T2+T3p+T3h|1 : 178
  M 2|T1+T2+T3p+T3h+T4|1 : 60
  M 1|T2+T3p+T3h|2 : 57
  M 1|T3p+T3h|2 : 47
  M 2|T3p+T3h+T4|2 : 25
  M 1|T1+T2|1 : 16
  M 2|T3p+T3h|2 : 16
  M 1|T1+T3p+T3h|1 : 11
  M 1|T1+T2+T3p|1 : 7
  M 2|T3p|2 : 7
  M 1|T2+T3p|2 : 6
  M 2|T1+T3p+T3h|1 : 6
  M 2|T3p+T4|2 : 6
  M 1|T1+T3p|1 : 3
  M 2|T1+T2+T3h+T4|1 : 2
  M 2|T1+T3p+T3h+T4|1 : 2
  M 2|T1+T2+T3h|1 : 1
  M 2|T1+T3p+T4|1 : 1
  M 2|T2+T3p+T3h+T4|2 : 1
table Z: f >= 1 states by f | branch available | its smallest move size : count
  Z 1|T3h|3 : 2804
  Z 1|T2|2 : 2775
  Z 1|T1|1 : 2726
  Z 1|T3p|2 : 2588
  Z 2|T3p|2 : 302
  Z 2|T3h|3 : 291
  Z 2|T1|1 : 250
  Z 2|T2|2 : 242
  Z 2|T4|2 : 97
table C: f >= 1 states with T4 by f | smallest T4 size | cycle types at that size : count
  C 2|2|2 : 97
table Y: f >= 1 states by f | branch | move type available : count
  Y 1|T1+T2+T3p+T3h|T2:k2 : 2457
  Y 1|T1+T2+T3p+T3h|T3:xJ.h- : 2392
  Y 1|T1+T2+T3p+T3h|T1:rel : 2201
  Y 1|T1+T2+T3p+T3h|T3:xJ.hJ : 2179
  Y 1|T1+T2+T3p+T3h|T2:k3 : 2134
  Y 1|T1+T2+T3p+T3h|T3:xJ.hR : 2092
  Y 1|T1+T2+T3p+T3h|T1:pool : 1975
  Y 1|T1+T2+T3p+T3h|T3:xJ.hZ : 1009
  Y 1|T1+T2+T3p+T3h|T3:xH.hJ : 674
  Y 1|T1+T2+T3p+T3h|T3:xZ.h- : 483
  Y 1|T1+T2+T3p+T3h|T3:xZ.hR : 408
  Y 1|T1+T2+T3p+T3h|T3:xZ.hJ : 371
  Y 1|T1+T2+T3h|T2:k2 : 232
  Y 1|T1+T2+T3h|T1:pool : 230
  Y 1|T1+T2+T3h|T3:xH.hJ : 223
  Y 1|T1+T2+T3p+T3h|T3:xH.hR : 213
  Y 1|T1+T2+T3h|T1:rel : 210
  Y 1|T1+T2+T3h|T2:k3 : 209
  Y 2|T1+T2+T3p+T3h|T1:rel : 178
  Y 2|T1+T2+T3p+T3h|T2:k2 : 178
  Y 2|T1+T2+T3p+T3h|T3:xJ.h- : 166
  Y 2|T1+T2+T3p+T3h|T3:xJ.hR : 158
  Y 1|T1+T2+T3p+T3h|T3:xH.hZ : 135
  Y 1|T1+T2+T3p+T3h|T1:grow : 110
  Y 1|T1+T2+T3p+T3h|T3:xZ.hZ : 73
  Y 2|T1+T2+T3p+T3h|T3:xJ.hJ : 71
  Y 2|T1+T2+T3p+T3h+T4|T1:rel : 60
  Y 2|T1+T2+T3p+T3h+T4|T2:k2 : 60
  Y 2|T1+T2+T3p+T3h+T4|T3:xJ.h- : 60
  Y 2|T1+T2+T3p+T3h+T4|T4:2 : 60
  Y 1|T2+T3p+T3h|T2:k2 : 57
  Y 1|T2+T3p+T3h|T3:xJ.h- : 56
  Y 2|T1+T2+T3p+T3h+T4|T3:xJ.hR : 55
  Y 1|T2+T3p+T3h|T2:k3 : 52
  Y 1|T2+T3p+T3h|T3:xJ.hJ : 52
  Y 2|T1+T2+T3p+T3h|T3:xZ.h- : 52
  Y 1|T2+T3p+T3h|T3:xJ.hR : 51
  Y 2|T1+T2+T3p+T3h|T3:xZ.hR : 49
  Y 1|T3p+T3h|T3:xJ.h- : 47
  Y 1|T3p+T3h|T3:xJ.hJ : 47
  Y 1|T2+T3p+T3h|T3:xJ.hZ : 42
  Y 2|T1+T2+T3p+T3h|T1:pool : 42
  Y 1|T3p+T3h|T3:xJ.hR : 34
  Y 1|T1+T2+T3h|T3:xJ.hJ : 31
  Y 1|T3p+T3h|T3:xH.hJ : 28
  Y 2|T1+T2+T3p+T3h|T3:xH.hJ : 27
  Y 1|T3p+T3h|T3:xJ.hZ : 25
  Y 2|T3p+T3h+T4|T3:xJ.h- : 25
  Y 2|T3p+T3h+T4|T4:2 : 25
  Y 1|T2+T3p+T3h|T3:xH.hJ : 24
  Y 1|T1+T2+T3h|T3:xH.hR : 23
  Y 1|T3p+T3h|T3:xZ.h- : 23
  Y 2|T1+T2+T3p+T3h|T3:xH.hR : 22
  Y 1|T2+T3p+T3h|T3:xH.hZ : 20
  Y 1|T1+T2+T3h|T3:xJ.hR : 18
  Y 2|T1+T2+T3p+T3h|T3:xZ.hJ : 18
  Y 2|T3p+T3h+T4|T3:xJ.hR : 18
  Y 1|T1+T2|T2:k2 : 16
  Y 2|T3p+T3h|T3:xJ.h- : 16
  Y 2|T3p+T3h|T3:xJ.hR : 16
  Y 2|T1+T2+T3p+T3h+T4|T3:xJ.hJ : 15
  Y 1|T1+T2+T3h|T1:grow : 14
  Y 1|T1+T2|T1:pool : 14
  Y 1|T1+T2|T1:rel : 14
  Y 1|T1+T2|T2:k3 : 14
  Y 1|T3p+T3h|T3:xZ.hJ : 14
  Y 1|T1+T2+T3h|T3:xJ.hZ : 13
  Y 1|T2+T3p+T3h|T3:xZ.h- : 13
  Y 1|T1+T3p+T3h|T3:xJ.h- : 11
  Y 1|T2+T3p+T3h|T3:xH.hR : 11
  Y 1|T1+T3p+T3h|T3:xJ.hJ : 10
  Y 1|T1+T3p+T3h|T1:pool : 9
  Y 1|T2+T3p+T3h|T3:xZ.hJ : 9
  Y 2|T1+T2+T3p+T3h+T4|T1:pool : 9
  Y 1|T3p+T3h|T3:xZ.hR : 8
  Y 2|T1+T2+T3p+T3h|T3:xZ.hZ : 8
  Y 1|T1+T2+T3p|T2:k2 : 7
  Y 1|T1+T2+T3p|T3:xJ.h- : 7
  Y 1|T1+T3p+T3h|T1:rel : 7
  Y 1|T3p+T3h|T3:xH.hR : 7
  Y 2|T1+T2+T3p+T3h+T4|T3:xZ.h- : 7
  Y 2|T1+T2+T3p+T3h|T3:xH.hZ : 7
  Y 2|T3p+T3h+T4|T3:xJ.hJ : 7
  Y 2|T3p|T3:xJ.h- : 7
  Y 1|T1+T2+T3p|T1:pool : 6
  Y 1|T1+T3p+T3h|T3:xJ.hR : 6
  Y 1|T2+T3p|T2:k2 : 6
  Y 1|T2+T3p|T2:k3 : 6
  Y 1|T2+T3p|T3:xJ.h- : 6
  Y 2|T1+T2+T3p+T3h+T4|T3:xH.hR : 6
  Y 2|T1+T2+T3p+T3h|T3:xJ.hZ : 6
  Y 2|T1+T3p+T3h|T1:rel : 6
  Y 2|T1+T3p+T3h|T3:xJ.h- : 6
  Y 2|T1+T3p+T3h|T3:xJ.hR : 6
  Y 2|T3p+T3h+T4|T3:xJ.hZ : 6
  Y 2|T3p+T3h|T3:xZ.h- : 6
  Y 2|T3p+T4|T3:xJ.h- : 6
  Y 2|T3p+T4|T4:2 : 6
  Y 1|T1+T2+T3h|T3:xZ.hJ : 5
  Y 1|T1+T2+T3p|T2:k3 : 5
  Y 1|T2+T3p+T3h|T3:xZ.hZ : 5
  Y 1|T2+T3p|T3:xZ.h- : 5
  Y 2|T1+T2+T3p+T3h+T4|T3:xH.hJ : 5
  Y 2|T1+T2+T3p+T3h+T4|T3:xZ.hR : 5
  Y 2|T3p+T3h|T3:xH.hR : 5
  Y 1|T1+T2+T3h|T3:xH.hZ : 4
  Y 1|T1+T2+T3p|T1:rel : 4
  Y 2|T1+T3p+T3h|T3:xZ.h- : 4
  Y 1|T1+T3p+T3h|T3:xJ.hZ : 3
  Y 1|T1+T3p|T1:pool : 3
  Y 1|T1+T3p|T3:xJ.h- : 3
  Y 1|T2+T3p+T3h|T3:xZ.hR : 3
  Y 2|T1+T2+T3p+T3h+T4|T3:xJ.hZ : 3
  Y 2|T1+T3p+T3h|T3:xZ.hR : 3
  Y 2|T3p+T3h|T3:xZ.hR : 3
  Y 1|T1+T2+T3h|T3:xZ.hR : 2
  Y 2|T1+T2+T3h+T4|T1:pool : 2
  Y 2|T1+T2+T3h+T4|T2:k2 : 2
  Y 2|T1+T2+T3h+T4|T3:xH.hJ : 2
  Y 2|T1+T2+T3h+T4|T4:2 : 2
  Y 2|T1+T2+T3p+T3h|T1:grow : 2
  Y 2|T1+T3p+T3h+T4|T1:rel : 2
  Y 2|T1+T3p+T3h+T4|T3:xH.hR : 2
  Y 2|T1+T3p+T3h+T4|T4:2 : 2
  Y 2|T1+T3p+T3h|T3:xJ.hJ : 2
  Y 2|T1+T3p+T3h|T3:xJ.hZ : 2
  Y 2|T1+T3p+T3h|T3:xZ.hJ : 2
  Y 2|T3p+T3h+T4|T3:xH.hR : 2
  Y 2|T3p+T3h+T4|T3:xH.hZ : 2
  Y 2|T3p+T3h|T3:xJ.hJ : 2
  Y 1|T1+T2+T3p|T3:xZ.h- : 1
  Y 1|T1+T2|T1:grow : 1
  Y 2|T1+T2+T3h|T1:pool : 1
  Y 2|T1+T2+T3h|T1:rel : 1
  Y 2|T1+T2+T3h|T2:k2 : 1
  Y 2|T1+T2+T3h|T3:xH.hJ : 1
  Y 2|T1+T3p+T3h+T4|T3:xH.hZ : 1
  Y 2|T1+T3p+T3h+T4|T3:xJ.h- : 1
  Y 2|T1+T3p+T3h+T4|T3:xJ.hZ : 1
  Y 2|T1+T3p+T3h+T4|T3:xZ.h- : 1
  Y 2|T1+T3p+T3h+T4|T3:xZ.hR : 1
  Y 2|T1+T3p+T3h|T1:pool : 1
  Y 2|T1+T3p+T3h|T3:xH.hR : 1
  Y 2|T1+T3p+T4|T1:rel : 1
  Y 2|T1+T3p+T4|T3:xJ.h- : 1
  Y 2|T1+T3p+T4|T3:xZ.h- : 1
  Y 2|T1+T3p+T4|T4:2 : 1
  Y 2|T2+T3p+T3h+T4|T2:k2 : 1
  Y 2|T2+T3p+T3h+T4|T3:xH.hR : 1
  Y 2|T2+T3p+T3h+T4|T3:xH.hZ : 1
  Y 2|T2+T3p+T3h+T4|T3:xZ.h- : 1
  Y 2|T2+T3p+T3h+T4|T3:xZ.hR : 1
  Y 2|T2+T3p+T3h+T4|T4:2 : 1
  Y 2|T3p+T3h|T3:xJ.hZ : 1
  Y 2|T3p|T3:xZ.h- : 1
