# command: python3 k4/rt4_n5_indep.py
valid P: 64 ; f = 3 ; omega = 2 ; min-frozen: 58 ; with def > 0: 14
P ({7}, {8}, {3}, {5}, {6}) valid True min-frozen True frozen [0, 1, 4] NA [6, 7, 8] J [0, 1, 2, 4] def 1
P' ({0}, {8}, {3}, {6}, {7}) valid True min-frozen True frozen [1, 3, 4] NA [6, 7, 8] J [1, 2, 4, 5] def -1
better states: 44 by distance: {3: 16, 4: 8, 5: 20}
better states reached by move kind: {'T3+': 24} ; with T2 generous (free in P only): {'T3+': 24}
RT4 move to a better state exists: False
distance-3 better states: 16 shapes (U,W,Z,Y,chain,T3+): {(1, 1, 1, 0, True, True): 16}
P -> P' kinds: {'T3+'} ch,U,W,Z,Y = ([0, 3, 4], [0], [4], [3], [])
def > 0 states: 14 ; DL_RT4 fails at ['({7}, {8}, {3}, {5}, {6})'] ; DL_RC fails at 0
keys: 18 with def* > 0: 8 ; key-graph DL (T3/T4 edges) fails at [([6, 7, 8], {0: [7], 1: [8], 4: [6]}, 1)] ; with T3+/T4 edges fails at 0
key of P: [6, 7, 8] {0: [7], 1: [8], 4: [6]} def* 1
# command: python3 k4/rt4_n5_indep.py --one k4/suite/instances/rt4-n5m10-chain.json '[[8],[9],[3],[5],[6,7]]' '[[2],[8],[3],[9],[6,7]]'
valid P: 72 ; f = 3 ; omega = 3 ; min-frozen: 68 ; with def > 0: 12
P ({8}, {9}, {3}, {5}, {6,7}) valid True min-frozen True frozen [0, 1, 2] NA [3, 8, 9] J [0, 1, 2, 4] def 1
P' ({2}, {8}, {3}, {9}, {6,7}) valid True min-frozen True frozen [1, 2, 3] NA [3, 8, 9] J [0, 1, 4, 5] def -1
better states: 56 by distance: {3: 8, 4: 30, 5: 18}
better states reached by move kind: {'T3+': 42} ; with T2 generous (free in P only): {'T3+': 42}
RT4 move to a better state exists: False
distance-3 better states: 8 shapes (U,W,Z,Y,chain,T3+): {(1, 1, 1, 0, True, True): 8}
P -> P' kinds: {'T3+'} ch,U,W,Z,Y = ([0, 1, 3], [0], [1], [3], [])
def > 0 states: 12 ; DL_RT4 fails at ['({8}, {9}, {3}, {5}, {6,7})', '({8}, {9}, {3}, {6,7}, {5})'] ; DL_RC fails at 0
keys: 10 with def* > 0: 4 ; key-graph DL (T3/T4 edges) fails at [([3, 8, 9], {0: [8], 1: [9], 2: [3]}, 1)] ; with T3+/T4 edges fails at 0
key of P: [3, 8, 9] {0: [8], 1: [9], 2: [3]} def* 1
# command: python3 k4/rt4_n5_indep.py results/k4_rt4/n5b_failures_inst.json results/k4_rt4/n5c_fail_inst.json
k4_certs_5_n4_4.json.gz#3206[m=9,idx=364]:108,86,1,108,27 f=3 min-frozen=58 states=14 RT4fail=1 RCfail=0 keys=18 pos=8 keyfail=1 keyplusfail=0
k4_certs_5_n4_4.json.gz#3521[m=9,idx=679]:98,1,16,17,15 f=3 min-frozen=68 states=12 RT4fail=2 RCfail=0 keys=17 pos=7 keyfail=1 keyplusfail=0
k4_certs_5_pure.json.gz#2614[m=10,idx=568]:6,9,43,24,24 f=3 min-frozen=68 states=12 RT4fail=2 RCfail=0 keys=10 pos=4 keyfail=1 keyplusfail=0
k4_certs_5_pure.json.gz#2614[m=10,idx=568]:6,11,45,0,4 f=3 min-frozen=67 states=11 RT4fail=3 RCfail=0 keys=9 pos=3 keyfail=1 keyplusfail=0
k4_certs_5_pure.json.gz#2614[m=10,idx=568]:1,11,39,16,0 f=3 min-frozen=67 states=11 RT4fail=3 RCfail=0 keys=9 pos=3 keyfail=1 keyplusfail=0
k4_certs_5_pure.json.gz#4170[m=12,idx=25]:1,12,8,3,11 f=3 min-frozen=82 states=18 RT4fail=10 RCfail=0 keys=9 pos=3 keyfail=1 keyplusfail=0
k4_certs_5_pure.json.gz#4170[m=12,idx=25]:4,8,16,22,43 f=3 min-frozen=98 states=18 RT4fail=10 RCfail=0 keys=9 pos=3 keyfail=1 keyplusfail=0
k4_certs_5_pure.json.gz#4170[m=12,idx=25]:22,18,4,10,37 f=3 min-frozen=84 states=20 RT4fail=12 RCfail=0 keys=9 pos=3 keyfail=1 keyplusfail=0
k4_certs_5_pure.json.gz#4214[m=12,idx=69]:0,12,4,11,39 f=3 min-frozen=92 states=20 RT4fail=12 RCfail=0 keys=9 pos=3 keyfail=1 keyplusfail=0
k4_certs_5_pure.json.gz#4214[m=12,idx=69]:12,12,18,11,43 f=3 min-frozen=104 states=32 RT4fail=12 RCfail=0 keys=10 pos=4 keyfail=1 keyplusfail=0
TOTAL {'profiles': 10, 'states': 168, 'rt4': 67, 'rc': 0, 'keys': 109, 'pos': 41, 'kf': 10, 'kfp': 0, 'near': 692}
nearest shapes (def, dist, |U|, |W|, |Z|, |Y|, chain, T3+): {(1, 3, 1, 1, 1, 0, True, True): 692}
# exit status 0
