# command: python3 k4/dlrt4_run.py certs results/k4_certs_4_n4_3.json.gz --cores=285:339 --jobs=4 --ckpt=results/k4_rt4/ckpt_n4_3_x6.jsonl --dump=results/k4_rt4/dump_n4_3_x6.jsonl.gz --tables=results/k4_rt4/tables_n4_3_x6.json
# dlrt4.c sha256 fcde494a3161279d47a7b80e614f69c58894ebc7b40d00e461f677b8810d7cae
# k4_certs_4_n4_3.json.gz: cores 285..338, 54 units to run, 0 from the checkpoint; every profile
# command: python3 k4/dlrt4_run.py certs results/k4_certs_4_n4_3.json.gz --cores=318:321 --jobs=4 --ckpt=results/k4_rt4/ckpt_n4_3_x6.jsonl --dump=results/k4_rt4/dump_n4_3_x6.jsonl.gz --tables=results/k4_rt4/tables_n4_3_x6.json
# dlrt4.c sha256 fcde494a3161279d47a7b80e614f69c58894ebc7b40d00e461f677b8810d7cae
# k4_certs_4_n4_3.json.gz: cores 318..320, 3 units to run, 0 from the checkpoint; every profile
k4_certs_4_n4_3.json.gz cores 318..320: profiles 53747712, omega >= 1: 53747712; k* = 0: 47166336, 1: 6570576, 2: 10800, 3: 0, >= 4: 0, inf: 0; P with def > 0: 16944448, at distance 1: 16904320, 2: 40128, 3: 0, >= 4: 0, inf: 0; Pareto-maximal: 242784; largest least deficit 0
  DL_RT4: states (def > 0) with f = 0: 12690432 (RT4 fails at 0), with f >= 1: 4254016; DL_RT4 FAILS at 0 of the f >= 1 states; with an improving move T1 4213888, T2 4204992, T3p 3051208, T3h 4160944, T4 0; only T1 0, only T2 0, only T3 16608, only T4 0; R_T fails at 0, R_13 at 0, R_13 + T4 at 0; smallest RT4 move size 1 / 2 / 3 / >= 4 / none: 4213888 / 40128 / 0 / 0 / 0; anomalies 0 + 0 [1856 s]
table B: f >= 1 states by f | signature | branch : count
  B 1|fO,L|T1+T2+T3p+T3h : 1063288
  B 1|fO,L|T1+T2+T3h : 1020408
  B 1|G,D2|T1+T2+T3p+T3h : 926112
  B 1|fO,G,D2|T1+T2+T3p+T3h : 550784
  B 1|G,D2,PM|T1+T2+T3p+T3h : 169632
  B 1|fO|T1+T2+T3h : 107392
  B 1|fO,L|T1+T2 : 44800
  B 2|G,L,D2|T1+T2+T3p+T3h : 36000
  B 2|fO,L|T1+T2+T3p+T3h : 35440
  B 2|G,L,D2,PM|T1+T2+T3p+T3h : 33600
  B 1|e2,fO,L|T1+T2 : 26880
  B 1|fO|T1+T2+T3p+T3h : 25600
  B 2|fO,G,D2|T1+T2+T3p+T3h : 25120
  B 1|e2,fO,L|T1+T2+T3p+T3h : 24704
  B 2|G,D2|T1+T2+T3p+T3h : 23296
  B 1|G,D2|T2+T3p+T3h : 19872
  B 1|e2,G,D2,PM|T1+T2+T3p+T3h : 17280
  B 1|e2,G,D2|T1+T2+T3p+T3h : 14800
  B 1|G,D2|T1+T2+T3p : 11440
  B 2|G1,L,PM|T1+T3p+T3h : 10176
  B 2|G,D2,PM|T1+T2+T3p+T3h : 10080
  B 2|G1,L|T1+T3p+T3h : 9408
  B 1|G,D2|T1+T3p+T3h : 9376
  B 2|fO,G,D2|T3p+T3h : 4800
  B 1|e2,fO,L|T1+T2+T3p : 4736
  B 1|fO,G,D2|T2+T3p+T3h : 3648
  B 2|G,D2|T3p+T3h : 3072
  B 1|G,D2|T3p+T3h : 2880
  B 1|fO,G,D2|T3p+T3h : 2880
  B 1|e2,fO,L|T1+T2+T3h : 2560
  B 1|fO,L|T1+T2+T3p : 1920
  B 2|G,O,D2|T1+T2+T3p+T3h : 1760
  B 1|fO,G,D2|T1+T2+T3p : 1680
  B 2|G1,O|T1+T3p+T3h : 1536
  B 2|G,D2,PM|T3p+T3h : 1248
  B 1|e2,fO,G,D2|T1+T2+T3p+T3h : 1040
  B 1|fO,G,D2|T1+T3p+T3h : 768
  B 1|fO|T1+T3h : 768
  B 1|fO|T1+T2+T3p : 640
  B 2|G1,L,PM|T3p+T3h : 576
  B 2|G1,L|T3p+T3h : 576
  B 2|fO,G1,L|T3p : 576
  B 1|e2,G,D2|T1+T2+T3p : 400
  B 2|G,D2,PM|T1+T3p+T3h : 192
  B 2|G,D2|T1+T3p+T3h : 192
  B 2|fO,G,O,D2|T1+T2+T3p+T3h : 80
table G: f >= 1 states by f | nearest distance k | branch : count
  G 1|1|T1+T2+T3p+T3h : 2793240
  G 1|1|T1+T2+T3h : 1130360
  G 2|1|T1+T2+T3p+T3h : 165376
  G 1|1|T1+T2 : 71680
  G 1|2|T2+T3p+T3h : 23520
  G 2|1|T1+T3p+T3h : 21504
  G 1|1|T1+T2+T3p : 20816
  G 2|2|T3p+T3h : 10272
  G 1|1|T1+T3p+T3h : 10144
  G 1|2|T3p+T3h : 5760
  G 1|1|T1+T3h : 768
  G 2|2|T3p : 576
table M: f >= 1 states by f | branch | smallest RT4 move size : count
  M 1|T1+T2+T3p+T3h|1 : 2793240
  M 1|T1+T2+T3h|1 : 1130360
  M 2|T1+T2+T3p+T3h|1 : 165376
  M 1|T1+T2|1 : 71680
  M 1|T2+T3p+T3h|2 : 23520
  M 2|T1+T3p+T3h|1 : 21504
  M 1|T1+T2+T3p|1 : 20816
  M 2|T3p+T3h|2 : 10272
  M 1|T1+T3p+T3h|1 : 10144
  M 1|T3p+T3h|2 : 5760
  M 1|T1+T3h|1 : 768
  M 2|T3p|2 : 576
table Z: f >= 1 states by f | branch available | its smallest move size : count
  Z 1|T2|2 : 4037312
  Z 1|T1|1 : 4027008
  Z 1|T3h|3 : 3963792
  Z 1|T3p|2 : 2853480
  Z 2|T3p|2 : 197728
  Z 2|T3h|3 : 197152
  Z 2|T1|1 : 186880
  Z 2|T2|2 : 165376
  Z 1|T2|3 : 2304
table C: f >= 1 states with T4 by f | smallest T4 size | cycle types at that size : count
table Y: f >= 1 states by f | branch | move type available : count
  Y 1|T1+T2+T3p+T3h|T2:k2 : 2793240
  Y 1|T1+T2+T3p+T3h|T3:xJ.h- : 2793240
  Y 1|T1+T2+T3p+T3h|T3:xJ.hJ : 2648440
  Y 1|T1+T2+T3p+T3h|T1:rel : 2591104
  Y 1|T1+T2+T3p+T3h|T3:xJ.hR : 2566672
  Y 1|T1+T2+T3p+T3h|T2:k3 : 2478584
  Y 1|T1+T2+T3p+T3h|T1:pool : 2445864
  Y 1|T1+T2+T3h|T2:k2 : 1130360
  Y 1|T1+T2+T3h|T3:xH.hJ : 1130360
  Y 1|T1+T2+T3h|T1:pool : 1123880
  Y 1|T1+T2+T3h|T1:rel : 1011712
  Y 1|T1+T2+T3h|T2:k3 : 975752
  Y 1|T1+T2+T3p+T3h|T3:xJ.hZ : 602704
  Y 1|T1+T2+T3p+T3h|T3:xH.hJ : 223848
  Y 1|T1+T2+T3p+T3h|T3:xH.hZ : 191328
  Y 2|T1+T2+T3p+T3h|T2:k2 : 165376
  Y 2|T1+T2+T3p+T3h|T1:rel : 164416
  Y 2|T1+T2+T3p+T3h|T3:xJ.h- : 162032
  Y 2|T1+T2+T3p+T3h|T3:xJ.hJ : 161552
  Y 2|T1+T2+T3p+T3h|T3:xJ.hR : 119272
  Y 1|T1+T2+T3p+T3h|T3:xH.hR : 105216
  Y 2|T1+T2+T3p+T3h|T1:pool : 81952
  Y 1|T1+T2|T1:pool : 71680
  Y 1|T1+T2|T2:k2 : 71680
  Y 1|T1+T2|T2:k3 : 68608
  Y 1|T1+T2|T1:rel : 66080
  Y 1|T1+T2+T3p+T3h|T1:grow : 65160
  Y 2|T1+T2+T3p+T3h|T3:xH.hJ : 52256
  Y 1|T1+T2+T3h|T1:grow : 42520
  Y 1|T2+T3p+T3h|T3:xJ.h- : 23520
  Y 1|T2+T3p+T3h|T3:xJ.hJ : 23520
  Y 2|T1+T3p+T3h|T1:rel : 21504
  Y 1|T2+T3p+T3h|T2:k2 : 21216
  Y 1|T2+T3p+T3h|T2:k3 : 21216
  Y 2|T1+T3p+T3h|T3:xZ.h- : 21120
  Y 2|T1+T3p+T3h|T3:xZ.hJ : 21120
  Y 2|T1+T3p+T3h|T3:xZ.hR : 21120
  Y 1|T1+T2+T3p|T1:pool : 20816
  Y 1|T1+T2+T3p|T2:k2 : 20816
  Y 1|T1+T2+T3p|T3:xJ.h- : 20816
  Y 1|T1+T2+T3p|T2:k3 : 18576
  Y 1|T2+T3p+T3h|T3:xJ.hR : 18144
  Y 2|T1+T3p+T3h|T3:xJ.h- : 17984
  Y 2|T1+T3p+T3h|T3:xJ.hJ : 17984
  Y 2|T1+T3p+T3h|T3:xJ.hR : 17984
  Y 1|T1+T2+T3p|T1:rel : 14464
  Y 1|T2+T3p+T3h|T3:xJ.hZ : 11136
  Y 1|T2+T3p+T3h|T3:xH.hJ : 10272
  Y 1|T1+T3p+T3h|T3:xJ.h- : 10144
  Y 1|T1+T3p+T3h|T3:xJ.hJ : 10144
  Y 2|T3p+T3h|T3:xJ.h- : 10080
  Y 2|T3p+T3h|T3:xJ.hJ : 10080
  Y 1|T1+T3p+T3h|T3:xJ.hZ : 9376
  Y 1|T2+T3p+T3h|T3:xH.hZ : 9216
  Y 1|T1+T3p+T3h|T1:rel : 8096
  Y 1|T1+T3p+T3h|T3:xJ.hR : 8096
  Y 2|T1+T2+T3p+T3h|T3:xJ.hZ : 7680
  Y 2|T3p+T3h|T3:xJ.hZ : 7680
  Y 1|T1+T3p+T3h|T1:pool : 7648
  Y 2|T3p+T3h|T3:xJ.hR : 7488
  Y 1|T3p+T3h|T3:xJ.h- : 5760
  Y 1|T3p+T3h|T3:xJ.hJ : 5760
  Y 2|T1+T2+T3p+T3h|T1:grow : 5280
  Y 1|T2+T3p+T3h|T3:xH.hR : 5184
  Y 2|T1+T2+T3p+T3h|T3:xZ.h- : 5184
  Y 1|T3p+T3h|T3:xJ.hZ : 4320
  Y 2|T1+T2+T3p+T3h|T3:xZ.hR : 4304
  Y 2|T1+T2+T3p+T3h|T3:xH.hR : 3936
  Y 1|T3p+T3h|T3:xJ.hR : 3840
  Y 2|T1+T2+T3p+T3h|T3:xZ.hJ : 3344
  Y 1|T3p+T3h|T3:xH.hZ : 2880
  Y 1|T1+T3p+T3h|T3:xH.hZ : 2496
  Y 1|T3p+T3h|T3:xH.hR : 1920
  Y 2|T3p+T3h|T3:xZ.h- : 1152
  Y 2|T3p+T3h|T3:xZ.hJ : 1152
  Y 2|T3p+T3h|T3:xZ.hR : 1152
  Y 1|T3p+T3h|T3:xH.hJ : 960
  Y 1|T1+T3h|T1:pool : 768
  Y 1|T1+T3h|T3:xH.hJ : 768
  Y 2|T3p|T3:xZ.h- : 576
  Y 2|T3p|T3:xJ.h- : 480
  Y 2|T1+T3p+T3h|T3:xJ.hZ : 384
# command: python3 k4/dlrt4_run.py certs results/k4_certs_4_n4_3.json.gz --cores=326:329 --jobs=4 --ckpt=results/k4_rt4/ckpt_n4_3_x6.jsonl --dump=results/k4_rt4/dump_n4_3_x6.jsonl.gz --tables=results/k4_rt4/tables_n4_3_x6.json
# dlrt4.c sha256 fcde494a3161279d47a7b80e614f69c58894ebc7b40d00e461f677b8810d7cae
# k4_certs_4_n4_3.json.gz: cores 326..328, 3 units to run, 3 from the checkpoint; every profile
k4_certs_4_n4_3.json.gz cores 326..328: profiles 53747712, omega >= 1: 53747712; k* = 0: 41812032, 1: 11904664, 2: 31016, 3: 0, >= 4: 0, inf: 0; P with def > 0: 30139736, at distance 1: 29982664, 2: 157072, 3: 0, >= 4: 0, inf: 0; Pareto-maximal: 154080; largest least deficit 0
  DL_RT4: states (def > 0) with f = 0: 25380864 (RT4 fails at 0), with f >= 1: 4758872; DL_RT4 FAILS at 0 of the f >= 1 states; with an improving move T1 4601800, T2 4615256, T3p 4662976, T3h 4726952, T4 25960; only T1 0, only T2 0, only T3 98760, only T4 0; R_T fails at 0, R_13 at 0, R_13 + T4 at 0; smallest RT4 move size 1 / 2 / 3 / >= 4 / none: 4601800 / 157072 / 0 / 0 / 0; anomalies 0 + 0 [1604 s]
table B: f >= 1 states by f | signature | branch : count
  B 1|G,D2|T1+T2+T3p+T3h : 2789944
  B 1|fO,G,D2|T1+T2+T3p+T3h : 1218160
  B 2|G,D2|T1+T2+T3p+T3h : 139248
  B 1|G,D2,PM|T1+T2+T3p+T3h : 105312
  B 1|fO,L|T1+T2+T3h : 95064
  B 1|fO,L|T1+T2+T3p+T3h : 95064
  B 2|G,D2|T3p+T3h : 40840
  B 1|e2,G,D2|T1+T2+T3p+T3h : 37088
  B 1|e2,G,D2,PM|T1+T2+T3p+T3h : 31680
  B 1|G,D2|T2+T3p+T3h : 31392
  B 1|G,D2|T1+T3p+T3h : 19120
  B 1|fO,G,D2|T2+T3p+T3h : 15072
  B 2|G,D2,PM|T1+T2+T3p+T3h : 14208
  B 1|fO,G,D2|T3p+T3h : 13344
  B 1|G,D2|T1+T2+T3p : 13200
  B 1|G,D2|T3p+T3h : 12656
  B 2|G,D2|T3p : 12160
  B 2|fO,G,D2|T3p+T3h : 11120
  B 2|G,D2|T1+T2+T3p+T3h+T4 : 9760
  B 2|G,G1,D2|T3p+T3h : 7680
  B 2|fO,G,D2|T3p+T3h+T4 : 6000
  B 1|fO,G,D2|T1+T2+T3p : 5760
  B 2|G,D2|T3p+T3h+T4 : 5400
  B 2|fO,G,D2|T1+T2+T3p+T3h : 4960
  B 2|fO,G,D2|T1+T2+T3p+T3h+T4 : 3680
  B 1|e2,G,D2,PM|T1+T3p+T3h : 2880
  B 1|e2,fO,G,D2|T1+T2+T3p+T3h : 2816
  B 1|fO,G,D2|T1+T3p+T3h : 2704
  B 2|G,D2|T1+T3p+T3h : 2640
  B 2|G,G1,D2|T1+T3p+T3h : 1920
  B 2|G,O,D2|T1+T2+T3p+T3h : 1600
  B 2|G,O,D2|T1+T3p+T3h : 1280
  B 2|G,D2|T1+T3p+T3h+T4 : 1120
  B 2|fO,G,G1,D2|T3p+T3h : 960
  B 1|fO,L|T1+T3h : 832
  B 1|fO,L|T1+T3p+T3h : 832
  B 1|e2,G,D2|T1+T2+T3p : 800
  B 1|e2,G,D2|T2+T3p+T3h : 384
  B 1|e2,G,D2|T1+T3p+T3h : 128
  B 1|e2,fO,G,D2|T2+T3p+T3h : 64
table G: f >= 1 states by f | nearest distance k | branch : count
  G 1|1|T1+T2+T3p+T3h : 4280064
  G 2|1|T1+T2+T3p+T3h : 160016
  G 1|1|T1+T2+T3h : 95064
  G 2|2|T3p+T3h : 60600
  G 1|2|T2+T3p+T3h : 46912
  G 1|2|T3p+T3h : 26000
  G 1|1|T1+T3p+T3h : 25664
  G 1|1|T1+T2+T3p : 19760
  G 2|1|T1+T2+T3p+T3h+T4 : 13440
  G 2|2|T3p : 12160
  G 2|2|T3p+T3h+T4 : 11400
  G 2|1|T1+T3p+T3h : 5840
  G 2|1|T1+T3p+T3h+T4 : 1120
  G 1|1|T1+T3h : 832
table M: f >= 1 states by f | branch | smallest RT4 move size : count
  M 1|T1+T2+T3p+T3h|1 : 4280064
  M 2|T1+T2+T3p+T3h|1 : 160016
  M 1|T1+T2+T3h|1 : 95064
  M 2|T3p+T3h|2 : 60600
  M 1|T2+T3p+T3h|2 : 46912
  M 1|T3p+T3h|2 : 26000
  M 1|T1+T3p+T3h|1 : 25664
  M 1|T1+T2+T3p|1 : 19760
  M 2|T1+T2+T3p+T3h+T4|1 : 13440
  M 2|T3p|2 : 12160
  M 2|T3p+T3h+T4|2 : 11400
  M 2|T1+T3p+T3h|1 : 5840
  M 2|T1+T3p+T3h+T4|1 : 1120
  M 1|T1+T3h|1 : 832
table Z: f >= 1 states by f | branch available | its smallest move size : count
  Z 1|T3h|3 : 4474536
  Z 1|T2|2 : 4435464
  Z 1|T1|1 : 4421384
  Z 1|T3p|2 : 4398400
  Z 2|T3p|2 : 264576
  Z 2|T3h|3 : 252416
  Z 2|T1|1 : 180416
  Z 2|T2|2 : 173456
  Z 2|T4|2 : 25960
  Z 1|T2|3 : 6336
table C: f >= 1 states with T4 by f | smallest T4 size | cycle types at that size : count
  C 2|2|2 : 25960
table Y: f >= 1 states by f | branch | move type available : count
  Y 1|T1+T2+T3p+T3h|T2:k2 : 4280064
  Y 1|T1+T2+T3p+T3h|T3:xJ.h- : 4280064
  Y 1|T1+T2+T3p+T3h|T3:xJ.hR : 4117096
  Y 1|T1+T2+T3p+T3h|T1:rel : 4054328
  Y 1|T1+T2+T3p+T3h|T3:xJ.hJ : 3961088
  Y 1|T1+T2+T3p+T3h|T2:k3 : 3604864
  Y 1|T1+T2+T3p+T3h|T1:pool : 3596680
  Y 1|T1+T2+T3p+T3h|T3:xJ.hZ : 879376
  Y 1|T1+T2+T3p+T3h|T3:xH.hJ : 403128
  Y 1|T1+T2+T3p+T3h|T3:xZ.h- : 228832
  Y 1|T1+T2+T3p+T3h|T3:xZ.hR : 227680
  Y 1|T1+T2+T3p+T3h|T3:xH.hR : 204128
  Y 2|T1+T2+T3p+T3h|T1:rel : 160016
  Y 2|T1+T2+T3p+T3h|T2:k2 : 160016
  Y 2|T1+T2+T3p+T3h|T3:xJ.h- : 160016
  Y 2|T1+T2+T3p+T3h|T3:xJ.hJ : 147696
  Y 2|T1+T2+T3p+T3h|T3:xJ.hR : 141776
  Y 1|T1+T2+T3p+T3h|T3:xH.hZ : 129152
  Y 2|T1+T2+T3p+T3h|T1:pool : 115136
  Y 1|T1+T2+T3h|T1:pool : 95064
  Y 1|T1+T2+T3h|T2:k2 : 95064
  Y 1|T1+T2+T3h|T3:xH.hJ : 95064
  Y 1|T1+T2+T3h|T1:rel : 87872
  Y 1|T1+T2+T3h|T2:k3 : 80976
  Y 2|T3p+T3h|T3:xJ.h- : 60600
  Y 2|T3p+T3h|T3:xJ.hJ : 53560
  Y 1|T1+T2+T3p+T3h|T1:grow : 48328
  Y 1|T2+T3p+T3h|T3:xJ.h- : 46912
  Y 1|T2+T3p+T3h|T3:xJ.hJ : 46912
  Y 2|T3p+T3h|T3:xJ.hR : 42160
  Y 1|T2+T3p+T3h|T2:k2 : 40576
  Y 1|T2+T3p+T3h|T3:xJ.hR : 38848
  Y 1|T2+T3p+T3h|T2:k3 : 35744
  Y 1|T2+T3p+T3h|T3:xJ.hZ : 29856
  Y 1|T3p+T3h|T3:xJ.h- : 26000
  Y 1|T3p+T3h|T3:xJ.hJ : 26000
  Y 1|T1+T3p+T3h|T3:xJ.h- : 25664
  Y 1|T1+T3p+T3h|T3:xJ.hJ : 22784
  Y 2|T3p+T3h|T3:xH.hJ : 22320
  Y 1|T3p+T3h|T3:xJ.hR : 21608
  Y 1|T1+T3p+T3h|T3:xJ.hR : 21248
  Y 1|T1+T3p+T3h|T1:rel : 20544
  Y 1|T1+T3p+T3h|T1:pool : 19808
  Y 1|T1+T2+T3p|T1:pool : 19760
  Y 1|T1+T2+T3p|T2:k2 : 19760
  Y 1|T1+T2+T3p|T3:xJ.h- : 19760
  Y 1|T2+T3p+T3h|T3:xH.hJ : 19648
  Y 1|T3p+T3h|T3:xJ.hZ : 19008
  Y 1|T2+T3p+T3h|T3:xH.hZ : 15296
  Y 2|T1+T2+T3p+T3h+T4|T1:rel : 13440
  Y 2|T1+T2+T3p+T3h+T4|T2:k2 : 13440
  Y 2|T1+T2+T3p+T3h+T4|T3:xJ.h- : 13440
  Y 2|T1+T2+T3p+T3h+T4|T4:2 : 13440
  Y 1|T2+T3p+T3h|T3:xH.hR : 13408
  Y 1|T3p+T3h|T3:xH.hR : 12168
  Y 2|T3p|T3:xJ.h- : 12160
  Y 2|T1+T2+T3p+T3h+T4|T3:xJ.hR : 12000
  Y 2|T1+T2+T3p+T3h|T3:xH.hJ : 11520
  Y 2|T3p+T3h+T4|T3:xJ.h- : 11400
  Y 2|T3p+T3h+T4|T4:2 : 11400
  Y 2|T3p+T3h|T3:xZ.h- : 10800
  Y 2|T3p+T3h|T3:xH.hR : 10720
  Y 2|T1+T2+T3p+T3h+T4|T3:xJ.hJ : 9280
  Y 1|T2+T3p+T3h|T3:xZ.h- : 8992
  Y 2|T1+T2+T3p+T3h|T3:xZ.h- : 8640
  Y 2|T3p+T3h+T4|T3:xJ.hJ : 8600
  Y 2|T1+T2+T3p+T3h|T3:xZ.hR : 7840
  Y 2|T1+T2+T3p+T3h+T4|T3:xJ.hZ : 7360
  Y 1|T1+T2+T3p|T1:rel : 7168
  Y 2|T3p+T3h+T4|T3:xJ.hR : 6240
  Y 1|T1+T2+T3h|T1:grow : 6200
  Y 2|T1+T3p+T3h|T3:xJ.h- : 5840
  Y 2|T1+T3p+T3h|T3:xJ.hJ : 5840
  Y 2|T1+T3p+T3h|T1:rel : 5600
  Y 2|T1+T3p+T3h|T3:xJ.hR : 5600
  Y 2|T3p+T3h+T4|T3:xJ.hZ : 5600
  Y 2|T1+T2+T3p+T3h|T3:xH.hR : 5120
  Y 1|T1+T2+T3p|T2:k3 : 4992
  Y 1|T1+T3p+T3h|T3:xJ.hZ : 4624
  Y 2|T3p+T3h|T3:xZ.hR : 3600
  Y 2|T1+T2+T3p+T3h|T3:xJ.hZ : 3200
  Y 1|T1+T3p+T3h|T3:xH.hJ : 2928
  Y 1|T2+T3p+T3h|T3:xZ.hR : 2880
  Y 2|T3p+T3h|T3:xJ.hZ : 2800
  Y 1|T3p+T3h|T3:xH.hZ : 1728
  Y 1|T1+T3p+T3h|T3:xH.hZ : 1664
  Y 2|T1+T3p+T3h+T4|T1:rel : 1120
  Y 2|T1+T3p+T3h+T4|T3:xJ.h- : 1120
  Y 2|T1+T3p+T3h+T4|T3:xJ.hR : 1120
  Y 2|T1+T3p+T3h+T4|T4:2 : 1120
  Y 2|T1+T3p+T3h+T4|T3:xJ.hZ : 960
  Y 1|T1+T3h|T1:pool : 832
  Y 1|T1+T3h|T3:xH.hJ : 832
  Y 1|T1+T3p+T3h|T3:xZ.h- : 832
  Y 2|T1+T3p+T3h|T3:xZ.h- : 800
  Y 1|T3p+T3h|T3:xH.hJ : 576
  Y 1|T1+T3p+T3h|T3:xH.hR : 320
  Y 2|T1+T3p+T3h+T4|T3:xJ.hJ : 320
  Y 2|T1+T3p+T3h|T1:pool : 240
  Y 2|T1+T3p+T3h|T3:xJ.hZ : 160
  Y 1|T1+T3p+T3h|T1:grow : 32
# command: python3 k4/dlrt4_run.py certs results/k4_certs_4_n4_3.json.gz --cores=321:335 --jobs=4 --ckpt=results/k4_rt4/ckpt_n4_3_x6.jsonl --dump=results/k4_rt4/dump_n4_3_x6.jsonl.gz --tables=results/k4_rt4/tables_n4_3_x6.json
# dlrt4.c sha256 fcde494a3161279d47a7b80e614f69c58894ebc7b40d00e461f677b8810d7cae
# k4_certs_4_n4_3.json.gz: cores 321..334, 11 units to run, 6 from the checkpoint; every profile
k4_certs_4_n4_3.json.gz cores 321..334: profiles 447897600, omega >= 1: 447897600; k* = 0: 367847248, 1: 79970496, 2: 79856, 3: 0, >= 4: 0, inf: 0; P with def > 0: 217996112, at distance 1: 217522736, 2: 473376, 3: 0, >= 4: 0, inf: 0; Pareto-maximal: 1475144; largest least deficit 0
  DL_RT4: states (def > 0) with f = 0: 202300416 (RT4 fails at 0), with f >= 1: 15695696; DL_RT4 FAILS at 0 of the f >= 1 states; with an improving move T1 15222320, T2 15226384, T3p 14553856, T3h 15548372, T4 25960; only T1 0, only T2 0, only T3 328840, only T4 0; R_T fails at 0, R_13 at 0, R_13 + T4 at 0; smallest RT4 move size 1 / 2 / 3 / >= 4 / none: 15222320 / 473376 / 0 / 0 / 0; anomalies 0 + 0 [16330 s]
table B: f >= 1 states by f | signature | branch : count
  B 1|G,D2|T1+T2+T3p+T3h : 6791896
  B 1|fO,G,D2|T1+T2+T3p+T3h : 3716704
  B 1|fO,L|T1+T2+T3p+T3h : 1433104
  B 1|G,D2,PM|T1+T2+T3p+T3h : 1163568
  B 1|fO,L|T1+T2+T3h : 1034000
  B 1|e2,G,D2,PM|T1+T2+T3p+T3h : 182112
  B 2|G,D2|T1+T2+T3p+T3h : 165384
  B 1|e2,G,D2|T1+T2+T3p+T3h : 119168
  B 1|fO,G,D2|T3p+T3h : 110864
  B 1|G,D2|T3p+T3h : 90736
  B 1|G,D2|T2+T3p+T3h : 82736
  B 1|fO|T1+T2+T3h : 72960
  B 1|fO|T1+T2+T3p+T3h : 62336
  B 2|G,L,D2|T1+T2+T3p+T3h : 46040
  B 2|G,D2|T3p+T3h : 44872
  B 1|G,D2|T1+T3p+T3h : 37376
  B 1|fO,G,D2|T2+T3p+T3h : 35360
  B 1|G,D2|T1+T2+T3p : 34160
  B 2|fO,L|T1+T2+T3p+T3h : 33200
  B 2|G,D2,PM|T1+T2+T3p+T3h : 30936
  B 2|G1,L,PM|T1+T2+T3p+T3h : 25080
  B 2|G,L,D2|T1+T3p+T3h : 23664
  B 1|fO,G,D2|T1+T2+T3p : 23648
  B 2|fO,G,D2|T1+T2+T3p+T3h : 23568
  B 2|G1,L|T1+T2+T3p+T3h : 21840
  B 2|G,L,D2,PM|T1+T3p+T3h : 17568
  B 1|G,D2,PM|T1+T3p+T3h : 14160
  B 1|fO,L|T1+T2 : 13312
  B 2|G,L,D2|T3p+T3h : 12936
  B 2|G,D2|T3p : 12616
  B 1|e2,G,D2|T1+T2+T3p : 12096
  B 1|e2,fO,G,D2|T1+T2+T3p+T3h : 11360
  B 2|fO,G,D2|T3p+T3h : 11120
  B 1|fO|T1+T2 : 10496
  B 2|G,D2|T1+T2+T3p+T3h+T4 : 9760
  B 2|G,L,D2,PM|T1+T2+T3p+T3h : 9200
  B 1|e2,G,D2,PM|T1+T3p+T3h : 8736
  B 1|e2,fO,L|T1+T2+T3p+T3h : 8704
  B 2|G1,L|T3p+T3h : 8352
  B 2|G,G1,D2|T3p+T3h : 7992
  B 2|fO,G,L,D2|T3p : 7776
  B 1|e2,fO,L|T1+T2 : 7680
  B 2|fO,G1,L|T3p : 6624
  B 2|fO,G,D2|T3p+T3h+T4 : 6000
  B 2|fO,G1,L|T1+T2+T3p : 5760
  B 2|G,D2|T3p+T3h+T4 : 5400
  B 2|G,D2|T1+T3p+T3h : 5304
  B 2|G1,L,PM|T3p+T3h : 5016
  B 1|e2,G,D2|T2+T3p+T3h : 4416
  B 2|G1,PM|T1+T2+T3p+T3h : 3840
  B 1|fO,G,D2|T1+T3p+T3h : 3696
  B 2|fO,G,D2|T1+T2+T3p+T3h+T4 : 3680
  B 2|G1|T1+T3p+T3h : 3648
  B 2|G1|T3p+T3h : 3456
  B 1|G,D2|T2+T3p : 3072
  B 1|e2,G,D2|T2+T3p : 3072
  B 2|G,L,D2,PM|T3p+T3h : 3072
  B 2|G,G1,D2|T1+T3p+T3h : 3048
  B 2|G,O,D2|T1+T2+T3p+T3h : 3040
  B 2|fO,G,L,D2|T1+T2+T3p : 2880
  B 1|e2,fO,L|T1+T2+T3h : 2560
  B 2|G,D2,PM|T1+T3p+T3h : 2520
  B 2|G,O,D2|T1+T3p+T3h : 2048
  B 1|fO,L|T1+T2+T3p : 1920
  B 2|G1,O|T1+T2+T3p+T3h : 1920
  B 2|G1|T2+T3p+T3h : 1920
  B 2|e2,L,PM|T1+T2+T3p+T3h : 1920
  B 2|G1,PM|T3p+T3h : 1728
  B 1|e2,fO,L|T1+T2+T3p : 1536
  B 2|G1,L|T1+T3p+T3h : 1536
  B 2|G,D2|T1+T3p+T3h+T4 : 1120
  B 2|G1,PM|T2+T3p+T3h : 960
  B 2|e2,G,D2,PM|T1+T2+T3p+T3h : 960
  B 2|fO,G,G1,D2|T3p+T3h : 960
  B 1|fO,L|T1+T3h : 832
  B 1|fO,L|T1+T3p+T3h : 832
  B 2|G1,L,PM|T1+T3p+T3h : 768
  B 2|G1,L,PM|T2+T3p+T3h : 720
  B 2|G1,L|T2+T3p+T3h : 720
  B 1|fO|T1+T2+T3p : 640
  B 2|G,D2,PM|T3p+T3h : 576
  B 2|e2,L,PM|T1+T3p+T3h : 480
  B 2|G,G1,D2,PM|T1+T3p+T3h : 456
  B 2|G1,PM|T1+T3p+T3h : 384
  B 1|e2,G,D2|T1+T3p+T3h : 320
  B 2|fO,G,D2|T1+T3p+T3h : 320
  B 2|e2,G,D2,PM|T1+T3p+T3h : 240
  B 1|e2,fO,G,D2|T2+T3p+T3h : 160
  B 2|fO,G,L,D2|T1+T2+T3p+T3h : 160
  B 2|G,G1,D2,PM|T3p+T3h : 144
  B 2|G,G1,D2|T1+T2+T3p+T3h : 100
  B 2|G,G1,D2|T1+T2+T3p : 20
  B 2|fO,G,D2|T1+T3p : 16
table G: f >= 1 states by f | nearest distance k | branch : count
  G 1|1|T1+T2+T3p+T3h : 13488952
  G 1|1|T1+T2+T3h : 1109520
  G 2|1|T1+T2+T3p+T3h : 367188
  G 1|2|T3p+T3h : 201600
  G 1|2|T2+T3p+T3h : 122672
  G 2|2|T3p+T3h : 100224
  G 1|1|T1+T2+T3p : 74000
  G 1|1|T1+T3p+T3h : 65120
  G 2|1|T1+T3p+T3h : 61984
  G 1|1|T1+T2 : 31488
  G 2|2|T3p : 27016
  G 2|1|T1+T2+T3p+T3h+T4 : 13440
  G 2|2|T3p+T3h+T4 : 11400
  G 2|1|T1+T2+T3p : 8660
  G 1|2|T2+T3p : 6144
  G 2|2|T2+T3p+T3h : 4320
  G 2|1|T1+T3p+T3h+T4 : 1120
  G 1|1|T1+T3h : 832
  G 2|1|T1+T3p : 16
table M: f >= 1 states by f | branch | smallest RT4 move size : count
  M 1|T1+T2+T3p+T3h|1 : 13488952
  M 1|T1+T2+T3h|1 : 1109520
  M 2|T1+T2+T3p+T3h|1 : 367188
  M 1|T3p+T3h|2 : 201600
  M 1|T2+T3p+T3h|2 : 122672
  M 2|T3p+T3h|2 : 100224
  M 1|T1+T2+T3p|1 : 74000
  M 1|T1+T3p+T3h|1 : 65120
  M 2|T1+T3p+T3h|1 : 61984
  M 1|T1+T2|1 : 31488
  M 2|T3p|2 : 27016
  M 2|T1+T2+T3p+T3h+T4|1 : 13440
  M 2|T3p+T3h+T4|2 : 11400
  M 2|T1+T2+T3p|1 : 8660
  M 1|T2+T3p|2 : 6144
  M 2|T2+T3p+T3h|2 : 4320
  M 2|T1+T3p+T3h+T4|1 : 1120
  M 1|T1+T3h|1 : 832
  M 2|T1+T3p|1 : 16
table Z: f >= 1 states by f | branch available | its smallest move size : count
  Z 1|T3h|3 : 14988696
  Z 1|T2|2 : 14821160
  Z 1|T1|1 : 14769912
  Z 1|T3p|2 : 13958488
  Z 2|T3p|2 : 595368
  Z 2|T3h|3 : 559676
  Z 2|T1|1 : 452408
  Z 2|T2|2 : 393608
  Z 2|T4|2 : 25960
  Z 1|T2|3 : 11616
table C: f >= 1 states with T4 by f | smallest T4 size | cycle types at that size : count
  C 2|2|2 : 25960
table Y: f >= 1 states by f | branch | move type available : count
  Y 1|T1+T2+T3p+T3h|T3:xJ.h- : 13488952
  Y 1|T1+T2+T3p+T3h|T2:k2 : 13488856
  Y 1|T1+T2+T3p+T3h|T1:rel : 12693864
  Y 1|T1+T2+T3p+T3h|T3:xJ.hR : 12366840
  Y 1|T1+T2+T3p+T3h|T3:xJ.hJ : 12206184
  Y 1|T1+T2+T3p+T3h|T1:pool : 12138672
  Y 1|T1+T2+T3p+T3h|T2:k3 : 11948240
  Y 1|T1+T2+T3p+T3h|T3:xJ.hZ : 5385704
  Y 1|T1+T2+T3p+T3h|T3:xH.hJ : 1530032
  Y 1|T1+T2+T3h|T2:k2 : 1109520
  Y 1|T1+T2+T3h|T3:xH.hJ : 1109520
  Y 1|T1+T2+T3h|T1:pool : 1105824
  Y 1|T1+T2+T3h|T2:k3 : 1018944
  Y 1|T1+T2+T3h|T1:rel : 951776
  Y 1|T1+T2+T3p+T3h|T3:xZ.h- : 611872
  Y 1|T1+T2+T3p+T3h|T3:xZ.hR : 576496
  Y 1|T1+T2+T3p+T3h|T3:xH.hR : 533464
  Y 2|T1+T2+T3p+T3h|T2:k2 : 367188
  Y 2|T1+T2+T3p+T3h|T1:rel : 366676
  Y 2|T1+T2+T3p+T3h|T3:xJ.h- : 358408
  Y 2|T1+T2+T3p+T3h|T3:xJ.hJ : 309736
  Y 2|T1+T2+T3p+T3h|T3:xJ.hR : 297340
  Y 1|T1+T2+T3p+T3h|T3:xH.hZ : 277808
  Y 2|T1+T2+T3p+T3h|T1:pool : 215128
  Y 1|T3p+T3h|T3:xJ.h- : 201600
  Y 1|T3p+T3h|T3:xJ.hJ : 191600
  Y 1|T1+T2+T3p+T3h|T3:xZ.hJ : 174800
  Y 1|T3p+T3h|T3:xJ.hR : 166648
  Y 1|T1+T2+T3p+T3h|T1:grow : 152800
  Y 1|T3p+T3h|T3:xJ.hZ : 145088
  Y 1|T2+T3p+T3h|T3:xJ.h- : 122672
  Y 1|T2+T3p+T3h|T3:xJ.hJ : 117040
  Y 1|T2+T3p+T3h|T2:k2 : 111152
  Y 1|T2+T3p+T3h|T2:k3 : 107344
  Y 2|T3p+T3h|T3:xJ.h- : 97132
  Y 1|T2+T3p+T3h|T3:xJ.hR : 94560
  Y 1|T2+T3p+T3h|T3:xJ.hZ : 92112
  Y 1|T3p+T3h|T3:xZ.h- : 90560
  Y 2|T3p+T3h|T3:xJ.hJ : 89672
  Y 1|T3p+T3h|T3:xH.hJ : 83056
  Y 2|T3p+T3h|T3:xJ.hR : 78672
  Y 1|T1+T2+T3p|T2:k2 : 74000
  Y 1|T1+T2+T3p|T3:xJ.h- : 74000
  Y 1|T1+T3p+T3h|T3:xJ.h- : 65120
  Y 2|T1+T2+T3p+T3h|T3:xZ.h- : 63340
  Y 2|T1+T2+T3p+T3h|T3:xZ.hR : 61000
  Y 2|T1+T3p+T3h|T3:xJ.h- : 60928
  Y 1|T3p+T3h|T3:xH.hR : 60328
  Y 2|T1+T3p+T3h|T1:rel : 59936
  Y 1|T3p+T3h|T3:xZ.hR : 58880
  Y 2|T1+T3p+T3h|T3:xJ.hR : 58832
  Y 1|T1+T2+T3p|T1:pool : 58640
  Y 1|T1+T3p+T3h|T1:rel : 58208
  Y 2|T1+T3p+T3h|T3:xJ.hJ : 57848
  Y 1|T1+T3p+T3h|T3:xJ.hR : 57696
  Y 1|T1+T2+T3p|T2:k3 : 56480
  Y 1|T1+T2+T3p|T1:rel : 51136
  Y 1|T1+T3p+T3h|T3:xJ.hJ : 49488
  Y 1|T1+T3p+T3h|T1:pool : 48960
  Y 2|T1+T2+T3p+T3h|T3:xH.hJ : 48400
  Y 1|T2+T3p+T3h|T3:xH.hJ : 47808
  Y 1|T3p+T3h|T3:xZ.hJ : 46160
  Y 2|T1+T2+T3p+T3h|T3:xZ.hJ : 40800
  Y 1|T2+T3p+T3h|T3:xZ.h- : 40288
  Y 2|T1+T3p+T3h|T1:pool : 38632
  Y 2|T1+T2+T3p+T3h|T3:xJ.hZ : 34832
  Y 1|T1+T2+T3h|T1:grow : 32112
  Y 1|T1+T2|T1:pool : 31488
  Y 1|T1+T2|T2:k2 : 31488
  Y 1|T1+T2|T1:rel : 29888
  Y 2|T3p+T3h|T3:xZ.h- : 29808
  Y 1|T1+T2|T2:k3 : 28928
  Y 1|T2+T3p+T3h|T3:xH.hR : 28640
  Y 2|T3p|T3:xJ.h- : 25912
  Y 1|T2+T3p+T3h|T3:xH.hZ : 23168
  Y 2|T3p+T3h|T3:xH.hJ : 22992
  Y 2|T3p+T3h|T3:xZ.hR : 22152
  Y 2|T3p+T3h|T3:xZ.hJ : 18432
  Y 1|T2+T3p+T3h|T3:xZ.hR : 17920
  Y 1|T1+T3p+T3h|T3:xJ.hZ : 16224
  Y 1|T1+T2+T3p+T3h|T3:xZ.hZ : 15808
  Y 2|T1+T2+T3p+T3h+T4|T1:rel : 13440
  Y 2|T1+T2+T3p+T3h+T4|T2:k2 : 13440
  Y 2|T1+T2+T3p+T3h+T4|T3:xJ.h- : 13440
  Y 2|T1+T2+T3p+T3h+T4|T4:2 : 13440
  Y 2|T1+T2+T3p+T3h+T4|T3:xJ.hR : 12000
  Y 1|T2+T3p+T3h|T3:xZ.hJ : 11824
  Y 2|T3p+T3h|T3:xH.hR : 11752
  Y 2|T3p+T3h|T3:xJ.hZ : 11536
  Y 2|T3p+T3h+T4|T3:xJ.h- : 11400
  Y 2|T3p+T3h+T4|T4:2 : 11400
  Y 2|T1+T2+T3p+T3h|T3:xH.hZ : 10320
  Y 2|T1+T3p+T3h|T3:xZ.h- : 9680
  Y 2|T1+T2+T3p+T3h+T4|T3:xJ.hJ : 9280
  Y 2|T1+T2+T3p+T3h|T3:xH.hR : 8760
  Y 2|T1+T2+T3p|T1:rel : 8660
  Y 2|T1+T2+T3p|T2:k2 : 8660
  Y 2|T3p+T3h+T4|T3:xJ.hJ : 8600
  Y 2|T1+T2+T3p|T3:xJ.h- : 7700
  Y 2|T1+T2+T3p+T3h+T4|T3:xJ.hZ : 7360
  Y 2|T3p|T3:xZ.h- : 6624
  Y 1|T3p+T3h|T3:xH.hZ : 6368
  Y 2|T1+T3p+T3h|T3:xZ.hJ : 6336
  Y 2|T1+T3p+T3h|T3:xZ.hR : 6336
  Y 2|T3p+T3h+T4|T3:xJ.hR : 6240
  Y 1|T2+T3p|T2:k2 : 6144
  Y 1|T2+T3p|T3:xJ.h- : 6144
  Y 2|T1+T2+T3p+T3h|T1:grow : 6000
  Y 2|T1+T2+T3p|T3:xZ.h- : 5780
  Y 2|T3p+T3h+T4|T3:xJ.hZ : 5600
  Y 1|T1+T2+T3h|T3:xH.hR : 5560
  Y 2|T2+T3p+T3h|T2:k2 : 4320
  Y 2|T2+T3p+T3h|T3:xZ.h- : 4320
  Y 2|T2+T3p+T3h|T3:xZ.hJ : 4320
  Y 2|T2+T3p+T3h|T3:xZ.hR : 4320
  Y 2|T1+T3p+T3h|T3:xJ.hZ : 3856
  Y 1|T1+T3p+T3h|T3:xH.hJ : 3792
  Y 2|T2+T3p+T3h|T3:xJ.h- : 3600
  Y 2|T2+T3p+T3h|T3:xJ.hJ : 3600
  Y 2|T2+T3p+T3h|T3:xJ.hR : 3600
  Y 2|T1+T2+T3p+T3h|T3:xZ.hZ : 2880
  Y 2|T3p+T3h|T3:xZ.hZ : 2880
  Y 1|T2+T3p|T2:k3 : 2304
  Y 2|T1+T3p+T3h|T3:xH.hJ : 2304
  Y 1|T1+T3p+T3h|T3:xH.hZ : 2208
  Y 1|T1+T3p+T3h|T3:xZ.h- : 1872
  Y 1|T3p+T3h|T3:xZ.hZ : 1200
  Y 2|T2+T3p+T3h|T3:xJ.hZ : 1200
  Y 2|T1+T3p+T3h+T4|T1:rel : 1120
  Y 2|T1+T3p+T3h+T4|T3:xJ.h- : 1120
  Y 2|T1+T3p+T3h+T4|T3:xJ.hR : 1120
  Y 2|T1+T3p+T3h+T4|T4:2 : 1120
  Y 2|T1+T3p+T3h+T4|T3:xJ.hZ : 960
  Y 1|T1+T3h|T1:pool : 832
  Y 1|T1+T3h|T3:xH.hJ : 832
  Y 1|T1+T3p+T3h|T3:xZ.hJ : 832
  Y 1|T2+T3p+T3h|T3:xZ.hZ : 784
  Y 2|T1+T3p+T3h|T3:xH.hR : 672
  Y 1|T1+T3p+T3h|T3:xH.hR : 608
  Y 1|T1+T3p+T3h|T3:xZ.hR : 496
  Y 2|T1+T3p+T3h|T3:xH.hZ : 480
  Y 2|T1+T3p+T3h+T4|T3:xJ.hJ : 320
  Y 1|T1+T3p+T3h|T3:xZ.hZ : 208
  Y 1|T1+T3p+T3h|T1:grow : 32
  Y 2|T1+T3p|T1:pool : 16
  Y 2|T1+T3p|T3:xJ.h- : 16
# command: python3 k4/dlrt4_run.py certs results/k4_certs_4_n4_3.json.gz --cores=285:308 --jobs=4 --ckpt=results/k4_rt4/ckpt_n4_3_x6.jsonl --dump=results/k4_rt4/dump_n4_3_x6.jsonl.gz --tables=results/k4_rt4/tables_n4_3_x6.json
# dlrt4.c sha256 fcde494a3161279d47a7b80e614f69c58894ebc7b40d00e461f677b8810d7cae
# k4_certs_4_n4_3.json.gz: cores 285..307, 23 units to run, 17 from the checkpoint; every profile
