# command: python3 k4/dlrt4_run.py certs results/k4_certs_4_n4_3.json.gz --cores=171:228 --jobs=4 --ckpt=results/k4_rt4/ckpt_n4_3_x4.jsonl --dump=results/k4_rt4/dump_n4_3_x4.jsonl.gz --tables=results/k4_rt4/tables_n4_3_x4.json
# dlrt4.c sha256 fcde494a3161279d47a7b80e614f69c58894ebc7b40d00e461f677b8810d7cae
# k4_certs_4_n4_3.json.gz: cores 171..227, 57 units to run, 0 from the checkpoint; every profile
k4_certs_4_n4_3.json.gz cores 171..227: profiles 6449725440, omega >= 1: 375679744; k* = 0: 371600432, 1: 3887492, 2: 191820, 3: 0, >= 4: 0, inf: 0; P with def > 0: 6446728, at distance 1: 5724812, 2: 721916, 3: 0, >= 4: 0, inf: 0; Pareto-maximal: 678140; largest least deficit 0
  DL_RT4: states (def > 0) with f = 0: 0 (RT4 fails at 0), with f >= 1: 6446728; DL_RT4 FAILS at 0 of the f >= 1 states; with an improving move T1 5724812, T2 5006036, T3p 5255280, T3h 6027304, T4 1559160; only T1 0, only T2 0, only T3 410020, only T4 0; R_T fails at 0, R_13 at 0, R_13 + T4 at 0; smallest RT4 move size 1 / 2 / 3 / >= 4 / none: 5724812 / 721916 / 0 / 0 / 0; anomalies 0 + 0 [4668 s]
table B: f >= 1 states by f | signature | branch : count
  B 2|fO,L|T1+T2+T3p+T3h : 690680
  B 2|G,D2|T1+T2+T3p+T3h : 437212
  B 2|G,D2|T1+T2+T3p+T3h+T4 : 327600
  B 2|fO,L|T1+T2+T3p+T3h+T4 : 317360
  B 1|e1,fO,L|T1+T2+T3h : 286192
  B 1|fO,L,D2|T1+T2+T3p+T3h : 242304
  B 2|G1,L,PM|T1+T2+T3p+T3h : 226000
  B 2|G,D2|T3p+T3h : 198500
  B 2|fO,G,D2|T1+T2+T3p+T3h+T4 : 178060
  B 2|G,D2|T1+T3p+T3h : 159080
  B 1|e1,G,D2|T1+T2+T3p+T3h : 154432
  B 2|G1,PM|T1+T3p+T3h : 118464
  B 1|fO,L,D2|T1+T2+T3h : 115168
  B 2|fO,L|T1+T2+T3h : 107312
  B 2|G1|T1+T2+T3p+T3h : 106252
  B 2|G1|T1+T3p+T3h : 101080
  B 1|e1,e2,L|T1+T2+T3h : 96560
  B 2|fO,L|T1+T2+T3h+T4 : 95720
  B 2|G1,PM|T1+T2+T3p+T3h : 92948
  B 1|fO,L|T1+T2+T3p+T3h : 89776
  B 1|fO,L|T1+T2+T3h : 87360
  B 2|O,D2|T1+T2+T3p+T3h : 86180
  B 2|G,D2|T3p : 85872
  B 1|e1,fO,L|T1+T2 : 80448
  B 2|G,L,D2|T3p+T3h+T4 : 70840
  B 2|G,D2|T3p+T3h+T4 : 69440
  B 1|e3,fO,L|T1+T2+T3p+T3h : 66880
  B 2|G,D2,PM|T1+T3p+T3h : 66240
  B 2|fO|T1+T2+T3p+T3h : 62088
  B 2|fO,G,D2|T1+T2+T3p+T3h : 60880
  B 2|L,PM|T1+T2+T3p+T3h : 59992
  B 1|fO,L,D2|T1+T2 : 55072
  B 2|G1,L|T1+T2+T3p+T3h : 53800
  B 2|fO|T1+T2+T3h+T4 : 50400
  B 2|G,L,D2|T1+T3p+T3h+T4 : 48160
  B 2|G,O,D2|T1+T2+T3p+T3h : 46140
  B 1|e3,fO,L|T1+T2+T3h : 39552
  B 2|L,O|T1+T2+T3p+T3h+T4 : 39400
  B 2|fO,G,L,D2|T3p+T3h+T4 : 39200
  B 2|G1,L,PM|T1+T3p+T3h : 34656
  B 2|fO,G,D2|T3p+T3h : 33372
  B 2|G,D2,PM|T1+T2+T3p+T3h : 32528
  B 1|e3,fO,L|T1+T2 : 32320
  B 2|G,D2|T1+T3p+T3h+T4 : 31840
  B 2|O|T1+T2+T3p+T3h : 31840
  B 2|O|T1+T3p+T3h+T4 : 31360
  B 2|G,G1,D2|T1+T2+T3p+T3h : 30920
  B 1|fO,L|T1+T2 : 29520
  B 2|fO|T1+T3h+T4 : 29400
  B 1|e1,e2,L|T1+T2 : 28800
  B 1|e1,fO,G,D2|T1+T2+T3p+T3h : 28640
  B 2|G,L,D2|T1+T2+T3p+T3h : 26280
  B 1|e1,fO,O|T1+T2+T3p+T3h : 25584
  B 2|G1,O|T1+T2+T3p+T3h : 25560
  B 2|L|T1+T2+T3p+T3h+T4 : 24800
  B 2|L,O|T3p+T3h+T4 : 23400
  B 2|L|T1+T2+T3p+T3h : 22736
  B 2|fO,G,D2|T3p+T3h+T4 : 22440
  B 2|G,G1,D2|T1+T3p+T3h : 20480
  B 1|e2,fO,L|T1+T2+T3p+T3h : 19152
  B 2|G,G1,D2|T3p+T3h : 18960
  B 2|G,O,D2|T1+T3p+T3h : 18568
  B 2|G,O,D2|T3p+T3h : 17040
  B 2|O,D2|T3p+T3h : 16380
  B 2|G,L,D2,PM|T1+T3p+T3h : 15648
  B 2|fO,L|T1+T2+T3p+T4 : 14760
  B 2|fO,G,L,D2|T1+T3p+T3h+T4 : 14560
  B 1|e1,e3,O|T1+T2+T3p+T3h : 14080
  B 1|e1,fO,L|T1+T2+T3p+T3h : 14080
  B 2|e2,L|T1+T2+T3p+T3h+T4 : 14000
  B 2|e2,L,PM|T1+T2+T3p+T3h : 13120
  B 1|fO,L,D2|T1+T2+T3p : 13056
  B 1|e2,fO,L|T1+T2+T3h : 12432
  B 2|G1,L|T1+T3p+T3h : 12096
  B 2|G,G1,D2|T3p : 12024
  B 2|G,O,D2|T1+T3p+T3h+T4 : 11640
  B 2|O|T2+T3p+T3h+T4 : 11200
  B 2|O|T3p+T3h+T4 : 11200
  B 2|fO,L,O|T1+T2+T3p+T3h+T4 : 11200
  B 2|fO,L,O|T3p+T3h+T4 : 11200
  B 1|fO,L|T1+T2+T3p : 10016
  B 2|fO|T1+T2+T3h : 9352
  B 2|L,O|T1+T2+T3p+T3h : 9280
  B 1|e2,fO,L|T1+T2 : 9120
  B 2|fO,L|T1+T2+T3p : 8848
  B 1|e1,e2,O|T1+T2+T3p+T3h : 8400
  B 2|G,L,D2|T1+T2+T3p+T3h+T4 : 8000
  B 2|e2|T2+T3p+T3h : 7800
  B 1|e1,e3,G,D2|T1+T2+T3p+T3h : 7360
  B 2|fO,G1,L|T1+T2+T3p : 7280
  B 2|fO,G,L,D2|T3p+T4 : 6720
  B 2|e2,G,D2|T1+T2+T3p+T3h+T4 : 6400
  B 2|fO,O,D2|T1+T2+T3p+T3h : 6240
  B 2|G1,PM|T2+T3p+T3h : 5760
  B 2|fO,L|T1+T3p+T3h : 5232
  B 1|e3,fO,L|T1+T2+T3p : 4992
  B 2|fO,G,D2|T1+T2+T3p+T4 : 4820
  B 2|fO,G,O,D2|T3p+T3h : 4480
  B 2|O|T3p+T3h : 4400
  B 2|e2|T1+T2+T3p+T3h : 4200
  B 2|e2,L|T1+T3p+T3h+T4 : 4000
  B 2|O|T1+T3p+T3h : 3920
  B 2|G1|T2+T3p+T3h : 3840
  B 2|fO,G,G1,D2|T3p+T3h : 3840
  B 2|fO,L|T1+T3p+T3h+T4 : 3760
  B 2|G1,O|T1+T3p+T3h : 3672
  B 2|fO,G,D2|T1+T3p+T3h : 3520
  B 2|fO,L|T3p+T3h+T4 : 3360
  B 2|e2,L,PM|T1+T3p+T3h : 3280
  B 2|fO,G,O,D2|T1+T2+T3p+T3h : 3200
  B 2|fO,L|T1+T3h : 3200
  B 2|G,L,D2|T1+T3p+T3h : 3072
  B 2|G1|T3p+T3h : 2976
  B 1|e1,e2,G,D2|T2+T3p+T3h : 2880
  B 1|e1,e3,fO,L|T1+T2+T3p+T3h : 2880
  B 2|fO,G1,L|T1+T2+T3p+T3h : 2800
  B 1|e1,G,D2|T2+T3p+T3h : 2576
  B 2|G,O,D2|T3p+T3h+T4 : 2500
  B 1|e2,fO,L|T1+T2+T3p : 2400
  B 1|e1,G,D2|T3p+T3h : 2336
  B 1|e1,e3,fO,L|T1+T2+T3h : 2304
  B 2|L,PM|T1+T3p+T3h : 2288
  B 2|O,D2|T2+T3p+T3h : 2240
  B 2|G,D2|T3p+T4 : 2200
  B 1|e1,e2,L|T2+T3h : 1920
  B 2|G1,O,D2|T3p+T3h : 1920
  B 2|e2|T1+T3h+T4 : 1800
  B 2|O,D2|T1+T3p+T3h : 1680
  B 2|L,PM|T1+T2+T3h : 1616
  B 2|e2,G,D2|T1+T3p+T3h+T4 : 1600
  B 2|e2,L|T1+T2+T3h+T4 : 1600
  B 2|e2|T2+T3h+T4 : 1600
  B 2|e2|T3h+T4 : 1600
  B 2|fO|T2+T3h+T4 : 1600
  B 2|O|T1+T2+T3p+T3h+T4 : 1560
  B 1|e1,e2,G,D2|T1+T2+T3p+T3h : 1520
  B 2|fO,G,G1,D2|T1+T2+T3p+T3h : 1520
  B 2|G1,PM|T3p+T3h : 1440
  B 2|fO,O,D2|T3p+T3h : 1440
  B 1|e1,e3,fO,L|T1+T2 : 1408
  B 1|e1,G,D2|T1+T3p+T3h : 1392
  B 2|fO,O|T1+T2+T3p+T3h : 1360
  B 2|e1,O|T1+T2+T3p+T3h : 1280
  B 2|e2,L,PM|T1+T2+T3h : 1280
  B 2|G,L,D2,PM|T1+T2+T3p+T3h : 1200
  B 2|G,O,D2|T3p : 1200
  B 2|e2|T2+T3h : 1200
  B 2|fO,L|T1+T3h+T4 : 1160
  B 2|fO,G1,L|T3p : 1152
  B 2|fO,L|T3h+T4 : 1120
  B 2|G,O,D2|T1+T2+T3p+T3h+T4 : 1000
  B 1|e1,e2,L|T2+T3p+T3h : 960
  B 1|e1,e2,O|T1+T2+T3p : 960
  B 2|fO,G1,L|T1+T3p+T3h : 880
  B 1|e1,e3,fO,L|T1+T2+T3p : 832
  B 2|fO|T1+T2+T3p : 816
  B 1|e1,e2,fO,L|T1+T2+T3h : 800
  B 2|L|T1+T3p+T3h+T4 : 800
  B 2|O|T2+T3p+T3h : 800
  B 2|e1,G,D2|T1+T2+T3p+T3h : 800
  B 2|fO,G,D2|T1+T3p+T3h+T4 : 800
  B 2|fO,O|T3p+T3h : 800
  B 2|L|T1+T2+T3h : 792
  B 1|e1,e2,fO,L|T1+T2+T3p+T3h : 736
  B 1|e1,fO,G,D2|T2+T3p+T3h : 720
  B 2|fO,G,L,D2|T1+T3p+T3h : 672
  B 2|fO,G,L,D2|T1+T2+T3p+T3h : 640
  B 2|G,O,D2|T1+T3p+T4 : 600
  B 2|e2|T1+T2+T3h : 600
  B 2|e2|T2+T3p : 600
  B 2|G1,L,PM|T3p+T3h : 576
  B 2|G1,L|T3p+T3h : 576
  B 2|G,D2|T1+T2+T3p : 520
  B 2|G,O,D2|T3p+T4 : 500
  B 1|e1,e2,L|T1+T2+T3p+T3h : 480
  B 2|G1,O,D2|T1+T3p+T3h : 480
  B 2|L,PM|T3p+T3h : 480
  B 2|fO,G,D2|T2+T3p+T3h : 480
  B 2|fO,L,O|T1+T2+T3p+T3h : 480
  B 2|e2,L|T1+T3h+T4 : 400
  B 2|fO,G,D2|T1+T3p+T4 : 400
  B 1|fO,L,D2|T1+T3p : 384
  B 1|e1,e3,O|T1+T3p+T3h : 320
  B 2|L,O,D2|T1+T2+T3p+T3h : 320
  B 2|e2,L,PM|T1+T3h : 320
  B 2|fO,G,D2|T1+T3p : 320
  B 2|G,D2|T1+T3p : 280
  B 2|G1|T1+T3p : 280
  B 1|fO,L,D2|T1+T3h : 256
  B 2|fO,G1,O|T1+T2+T3p+T3h : 240
  B 1|e1,e2,G,D2|T3p+T3h : 160
  B 2|G,G1,D2|T1+T3p : 160
  B 2|L,O|T1+T3p+T3h : 160
  B 1|e1,e3,G,D2|T1+T3p+T3h : 128
  B 2|G1|T1+T2+T3p : 120
  B 2|G,L,D2,PM|T3p+T3h : 96
  B 2|fO,G,L,D2|T1+T3p : 96
  B 2|G1,L|T1+T2+T3p : 80
  B 2|G1,PM|T1+T2+T3p : 80
  B 2|L,PM|T1+T3h : 80
  B 2|fO,G1,L|T1+T3p : 80
  B 1|e1,e2,fO,L|T1+T2+T3p : 64
  B 1|fO,L|T1+T3h : 64
  B 1|fO,L|T1+T3p : 64
  B 2|G,D2,PM|T1+T2+T3p : 48
  B 2|G,D2|T1+T2+T3p+T4 : 40
  B 2|fO,L|T1+T3p+T4 : 40
  B 2|L|T1+T3p : 16
  B 2|fO,L|T1+T3p : 16
  B 2|L|T1+T3p+T3h : 8
table G: f >= 1 states by f | nearest distance k | branch : count
  G 2|1|T1+T2+T3p+T3h : 2138716
  G 2|1|T1+T2+T3p+T3h+T4 : 929380
  G 1|1|T1+T2+T3p+T3h : 676304
  G 1|1|T1+T2+T3h : 640368
  G 2|1|T1+T3p+T3h : 575176
  G 2|2|T3p+T3h : 307276
  G 2|2|T3p+T3h+T4 : 253580
  G 1|1|T1+T2 : 236688
  G 2|1|T1+T3p+T3h+T4 : 148520
  G 2|1|T1+T2+T3h+T4 : 147720
  G 2|1|T1+T2+T3h : 120952
  G 2|2|T3p : 100248
  G 2|1|T1+T3h+T4 : 32760
  G 1|1|T1+T2+T3p : 32320
  G 2|2|T2+T3p+T3h : 20920
  G 2|1|T1+T2+T3p+T4 : 19620
  G 2|1|T1+T2+T3p : 17792
  G 2|2|T2+T3p+T3h+T4 : 11200
  G 2|2|T3p+T4 : 9420
  G 1|2|T2+T3p+T3h : 7136
  G 2|1|T1+T3h : 3600
  G 2|2|T2+T3h+T4 : 3200
  G 2|2|T3h+T4 : 2720
  G 1|2|T3p+T3h : 2496
  G 1|2|T2+T3h : 1920
  G 1|1|T1+T3p+T3h : 1840
  G 2|1|T1+T3p : 1248
  G 2|2|T2+T3h : 1200
  G 2|1|T1+T3p+T4 : 1040
  G 2|2|T2+T3p : 600
  G 1|1|T1+T3p : 448
  G 1|1|T1+T3h : 320
table M: f >= 1 states by f | branch | smallest RT4 move size : count
  M 2|T1+T2+T3p+T3h|1 : 2138716
  M 2|T1+T2+T3p+T3h+T4|1 : 929380
  M 1|T1+T2+T3p+T3h|1 : 676304
  M 1|T1+T2+T3h|1 : 640368
  M 2|T1+T3p+T3h|1 : 575176
  M 2|T3p+T3h|2 : 307276
  M 2|T3p+T3h+T4|2 : 253580
  M 1|T1+T2|1 : 236688
  M 2|T1+T3p+T3h+T4|1 : 148520
  M 2|T1+T2+T3h+T4|1 : 147720
  M 2|T1+T2+T3h|1 : 120952
  M 2|T3p|2 : 100248
  M 2|T1+T3h+T4|1 : 32760
  M 1|T1+T2+T3p|1 : 32320
  M 2|T2+T3p+T3h|2 : 20920
  M 2|T1+T2+T3p+T4|1 : 19620
  M 2|T1+T2+T3p|1 : 17792
  M 2|T2+T3p+T3h+T4|2 : 11200
  M 2|T3p+T4|2 : 9420
  M 1|T2+T3p+T3h|2 : 7136
  M 2|T1+T3h|1 : 3600
  M 2|T2+T3h+T4|2 : 3200
  M 2|T3h+T4|2 : 2720
  M 1|T3p+T3h|2 : 2496
  M 1|T2+T3h|2 : 1920
  M 1|T1+T3p+T3h|1 : 1840
  M 2|T1+T3p|1 : 1248
  M 2|T2+T3h|2 : 1200
  M 2|T1+T3p+T4|1 : 1040
  M 2|T2+T3p|2 : 600
  M 1|T1+T3p|1 : 448
  M 1|T1+T3h|1 : 320
table Z: f >= 1 states by f | branch available | its smallest move size : count
  Z 2|T3h|3 : 4696920
  Z 2|T3p|2 : 4534736
  Z 2|T1|1 : 4136524
  Z 2|T2|2 : 3411300
  Z 1|T2|2 : 1590512
  Z 1|T1|1 : 1588288
  Z 2|T4|2 : 1559160
  Z 1|T3h|3 : 1330384
  Z 1|T3p|2 : 720544
  Z 1|T2|3 : 4224
table C: f >= 1 states with T4 by f | smallest T4 size | cycle types at that size : count
  C 2|2|2 : 1559160
table Y: f >= 1 states by f | branch | move type available : count
  Y 2|T1+T2+T3p+T3h|T2:k2 : 2138716
  Y 2|T1+T2+T3p+T3h|T1:rel : 2050552
  Y 2|T1+T2+T3p+T3h|T3:xJ.h- : 1749816
  Y 2|T1+T2+T3p+T3h|T3:xZ.h- : 1454488
  Y 2|T1+T2+T3p+T3h|T3:xJ.hR : 1229028
  Y 2|T1+T2+T3p+T3h|T1:pool : 1183812
  Y 2|T1+T2+T3p+T3h|T3:xZ.hR : 1058688
  Y 2|T1+T2+T3p+T3h+T4|T2:k2 : 929380
  Y 2|T1+T2+T3p+T3h+T4|T4:2 : 929380
  Y 2|T1+T2+T3p+T3h+T4|T1:rel : 917640
  Y 2|T1+T2+T3p+T3h+T4|T3:xJ.h- : 872030
  Y 2|T1+T2+T3p+T3h|T3:xJ.hJ : 839068
  Y 2|T1+T2+T3p+T3h|T3:xZ.hJ : 811340
  Y 2|T1+T2+T3p+T3h|T3:xH.hJ : 688656
  Y 1|T1+T2+T3p+T3h|T2:k2 : 674544
  Y 1|T1+T2+T3p+T3h|T1:pool : 644440
  Y 1|T1+T2+T3h|T2:k2 : 639952
  Y 1|T1+T2+T3p+T3h|T3:xJ.h- : 635280
  Y 2|T1+T2+T3p+T3h|T3:xJ.hZ : 630932
  Y 1|T1+T2+T3h|T1:pool : 628048
  Y 1|T1+T2+T3p+T3h|T2:k3 : 615816
  Y 1|T1+T2+T3p+T3h|T1:rel : 610872
  Y 1|T1+T2+T3h|T2:k3 : 607176
  Y 1|T1+T2+T3h|T1:rel : 606056
  Y 2|T1+T3p+T3h|T1:rel : 544048
  Y 2|T1+T2+T3p+T3h+T4|T3:xJ.hZ : 529440
  Y 2|T1+T2+T3p+T3h+T4|T1:pool : 525140
  Y 2|T1+T3p+T3h|T3:xJ.h- : 524968
  Y 1|T1+T2+T3h|T3:xH.hJ : 519376
  Y 1|T1+T2+T3p+T3h|T3:xJ.hR : 516680
  Y 1|T1+T2+T3p+T3h|T3:xJ.hZ : 515840
  Y 2|T1+T3p+T3h|T3:xJ.hR : 497272
  Y 2|T1+T2+T3p+T3h+T4|T3:xJ.hJ : 452900
  Y 2|T1+T2+T3p+T3h+T4|T3:xH.hJ : 398120
  Y 2|T1+T2+T3p+T3h+T4|T3:xJ.hR : 387230
  Y 2|T1+T3p+T3h|T3:xZ.h- : 372724
  Y 2|T1+T3p+T3h|T1:pool : 345864
  Y 2|T1+T2+T3p+T3h+T4|T3:xH.hZ : 339440
  Y 2|T1+T2+T3p+T3h|T3:xH.hR : 338912
  Y 2|T1+T2+T3p+T3h|T3:xH.hZ : 331576
  Y 2|T1+T3p+T3h|T3:xJ.hJ : 307188
  Y 2|T3p+T3h|T3:xJ.h- : 294408
  Y 2|T1+T3p+T3h|T3:xZ.hR : 293448
  Y 1|T1+T2+T3h|T3:xH.hR : 291136
  Y 2|T3p+T3h+T4|T4:2 : 253580
  Y 2|T3p+T3h+T4|T3:xJ.h- : 239330
  Y 1|T1+T2|T2:k2 : 235600
  Y 1|T1+T2|T1:pool : 231728
  Y 1|T1+T2|T1:rel : 229776
  Y 1|T1+T2|T2:k3 : 221776
  Y 2|T3p+T3h|T3:xJ.hR : 221502
  Y 2|T1+T3p+T3h|T3:xZ.hJ : 213872
  Y 2|T1+T2+T3p+T3h+T4|T3:xZ.h- : 201720
  Y 1|T1+T2+T3p+T3h|T3:xZ.h- : 175200
  Y 2|T3p+T3h+T4|T3:xJ.hJ : 171800
  Y 2|T1+T2+T3p+T3h+T4|T3:xZ.hJ : 159240
  Y 2|T1+T3p+T3h+T4|T4:2 : 148520
  Y 2|T1+T2+T3h+T4|T2:k2 : 147720
  Y 2|T1+T2+T3h+T4|T4:2 : 147720
  Y 2|T1+T2+T3h+T4|T3:xH.hJ : 141280
  Y 2|T3p+T3h|T3:xZ.h- : 141188
  Y 2|T1+T2+T3h+T4|T1:pool : 140920
  Y 2|T3p+T3h|T3:xJ.hJ : 139144
  Y 2|T3p+T3h|T3:xH.hR : 135616
  Y 2|T1+T3p+T3h+T4|T3:xJ.h- : 132440
  Y 2|T3p+T3h+T4|T3:xJ.hR : 129770
  Y 1|T1+T2+T3h|T3:xH.hZ : 128448
  Y 2|T1+T2+T3p+T3h+T4|T3:xH.hR : 125920
  Y 1|T1+T2+T3p+T3h|T3:xZ.hR : 125544
  Y 2|T1+T3p+T3h+T4|T1:pool : 123320
  Y 1|T1+T2+T3p+T3h|T3:xH.hJ : 122304
  Y 2|T1+T2+T3h|T2:k2 : 120952
  Y 2|T1+T2+T3p+T3h|T3:xZ.hZ : 116800
  Y 2|T1+T3p+T3h+T4|T1:rel : 116160
  Y 2|T1+T2+T3h|T1:pool : 115632
  Y 2|T3p+T3h+T4|T3:xJ.hZ : 114440
  Y 2|T3p+T3h+T4|T3:xH.hJ : 111760
  Y 2|T1+T2+T3h|T3:xH.hJ : 108536
  Y 2|T1+T2+T3h|T1:rel : 108012
  Y 1|T1+T2+T3p+T3h|T3:xJ.hJ : 105464
  Y 2|T1+T2+T3h+T4|T1:rel : 103360
  Y 2|T3p|T3:xJ.h- : 100056
  Y 2|T1+T3p+T3h+T4|T3:xJ.hJ : 99700
  Y 2|T1+T3p+T3h+T4|T3:xJ.hR : 94480
  Y 1|T1+T2+T3p+T3h|T3:xZ.hJ : 92944
  Y 2|T1+T3p+T3h|T3:xH.hJ : 89448
  Y 1|T1+T2+T3p+T3h|T3:xH.hR : 88752
  Y 2|T3p+T3h|T3:xH.hJ : 88316
  Y 2|T1+T2+T3p+T3h+T4|T3:xZ.hR : 80120
  Y 2|T1+T2+T3p+T3h+T4|T1:grow : 79200
  Y 2|T1+T2+T3p+T3h|T1:grow : 77080
  Y 2|T1+T3p+T3h|T3:xH.hR : 73988
  Y 2|T1+T3p+T3h+T4|T3:xH.hJ : 64040
  Y 2|T3p+T3h|T3:xJ.hZ : 61768
  Y 2|T1+T3p+T3h|T3:xJ.hZ : 60192
  Y 2|T1+T2+T3p+T3h+T4|T3:xZ.hZ : 53760
  Y 2|T3p+T3h+T4|T3:xH.hZ : 53200
  Y 2|T1+T2+T3h+T4|T3:xJ.hJ : 48800
  Y 2|T3p+T3h+T4|T3:xZ.h- : 48780
  Y 2|T3p+T3h+T4|T3:xZ.hJ : 45280
  Y 2|T1+T2+T3h+T4|T3:xH.hZ : 44240
  Y 2|T3p+T3h|T3:xZ.hR : 43248
  Y 2|T3p+T3h+T4|T3:xH.hR : 40680
  Y 2|T1+T3p+T3h+T4|T3:xZ.h- : 39120
  Y 2|T1+T3h+T4|T4:2 : 32760
  Y 2|T1+T3h+T4|T1:pool : 32360
  Y 1|T1+T2+T3p|T1:pool : 32320
  Y 1|T1+T2+T3p|T2:k2 : 32320
  Y 2|T1+T3p+T3h+T4|T3:xZ.hR : 31960
  Y 2|T1+T3p+T3h+T4|T3:xZ.hJ : 31560
  Y 1|T1+T2+T3p|T3:xJ.h- : 31360
  Y 2|T1+T3h+T4|T3:xJ.hJ : 30800
  Y 2|T1+T3h+T4|T3:xH.hJ : 29560
  Y 2|T3p+T3h|T3:xH.hZ : 28620
  Y 2|T1+T3p+T3h+T4|T3:xJ.hZ : 28080
  Y 2|T1+T2+T3h|T3:xH.hZ : 27224
  Y 2|T1+T3p+T3h+T4|T3:xH.hR : 26680
  Y 1|T1+T2+T3p|T1:rel : 24192
  Y 2|T3p+T3h+T4|T3:xZ.hR : 24120
  Y 2|T1+T2+T3h|T3:xH.hR : 23352
  Y 1|T1+T2+T3p|T2:k3 : 22896
  Y 2|T3p+T3h|T3:xZ.hJ : 21024
  Y 2|T2+T3p+T3h|T2:k2 : 20920
  Y 2|T1+T2+T3p+T4|T2:k2 : 19620
  Y 2|T1+T2+T3p+T4|T3:xJ.h- : 19620
  Y 2|T1+T2+T3p+T4|T4:2 : 19620
  Y 2|T1+T2+T3h+T4|T3:xH.hR : 19600
  Y 2|T1+T2+T3p|T2:k2 : 17792
  Y 2|T1+T2+T3p+T4|T1:rel : 16600
  Y 2|T1+T2+T3h+T4|T3:xJ.hZ : 16200
  Y 2|T1+T2+T3h+T4|T3:xJ.hR : 16000
  Y 2|T1+T3p+T3h|T3:xH.hZ : 15984
  Y 2|T1+T2+T3p|T1:rel : 15600
  Y 2|T1+T3h+T4|T3:xH.hZ : 15440
  Y 2|T1+T3h+T4|T3:xJ.hZ : 15000
  Y 1|T1+T2+T3p+T3h|T3:xZ.hZ : 14864
  Y 2|T1+T2+T3p+T4|T1:pool : 14820
  Y 2|T1+T3p+T3h+T4|T3:xH.hZ : 14440
  Y 2|T2+T3p+T3h|T3:xJ.hZ : 14040
  Y 2|T2+T3p+T3h|T3:xJ.h- : 13480
  Y 2|T2+T3p+T3h|T3:xZ.h- : 13320
  Y 1|T1+T2+T3p+T3h|T3:xH.hZ : 13136
  Y 2|T1+T2+T3p|T3:xJ.h- : 12680
  Y 2|T2+T3p+T3h|T3:xZ.hR : 12240
  Y 2|T2+T3p+T3h+T4|T2:k2 : 11200
  Y 2|T2+T3p+T3h+T4|T3:xH.hJ : 11200
  Y 2|T2+T3p+T3h+T4|T3:xZ.h- : 11200
  Y 2|T2+T3p+T3h+T4|T3:xZ.hJ : 11200
  Y 2|T2+T3p+T3h+T4|T3:xZ.hR : 11200
  Y 2|T2+T3p+T3h+T4|T4:2 : 11200
  Y 2|T3p|T3:xZ.h- : 10736
  Y 2|T1+T2+T3h|T3:xJ.hJ : 10176
  Y 2|T1+T2+T3p|T1:pool : 10072
  Y 2|T3p+T4|T3:xJ.h- : 9420
  Y 2|T3p+T4|T4:2 : 9420
  Y 2|T1+T2+T3p|T3:xZ.h- : 9128
  Y 2|T2+T3p+T3h|T3:xZ.hJ : 8480
  Y 2|T1+T3h+T4|T1:rel : 8400
  Y 2|T1+T3h+T4|T3:xJ.hR : 8000
  Y 1|T2+T3p+T3h|T2:k3 : 7136
  Y 1|T2+T3p+T3h|T3:xJ.h- : 7136
  Y 1|T2+T3p+T3h|T3:xJ.hZ : 7136
  Y 1|T2+T3p+T3h|T2:k2 : 6176
  Y 2|T2+T3p+T3h|T3:xJ.hR : 6000
  Y 2|T3p+T3h|T3:xZ.hZ : 5960
  Y 2|T1+T2+T3h|T3:xJ.hZ : 5688
  Y 2|T1+T3p+T3h+T4|T1:grow : 5600
  Y 2|T2+T3p+T3h+T4|T3:xH.hR : 5600
  Y 2|T2+T3p+T3h+T4|T3:xJ.h- : 5600
  Y 2|T2+T3p+T3h+T4|T3:xJ.hJ : 5600
  Y 2|T2+T3p+T3h+T4|T3:xJ.hR : 5600
  Y 1|T2+T3p+T3h|T3:xZ.h- : 5136
  Y 2|T2+T3p+T3h|T3:xZ.hZ : 4800
  Y 2|T2+T3p+T3h|T3:xH.hZ : 4560
  Y 2|T1+T2+T3h|T3:xJ.hR : 4464
  Y 2|T1+T3h+T4|T3:xH.hR : 4000
  Y 2|T2+T3p+T3h|T3:xH.hR : 4000
  Y 2|T1+T3p+T3h|T3:xZ.hZ : 3760
  Y 2|T1+T3p+T3h+T4|T3:xZ.hZ : 3480
  Y 2|T1+T3h|T1:pool : 3200
  Y 2|T2+T3h+T4|T2:k2 : 3200
  Y 2|T2+T3h+T4|T3:xH.hZ : 3200
  Y 2|T2+T3h+T4|T3:xJ.hZ : 3200
  Y 2|T2+T3h+T4|T4:2 : 3200
  Y 2|T1+T3h|T3:xH.hJ : 3136
  Y 2|T2+T3p+T3h|T3:xJ.hJ : 2960
  Y 1|T2+T3p+T3h|T3:xJ.hR : 2816
  Y 2|T2+T3h+T4|T3:xJ.hJ : 2800
  Y 2|T2+T3p+T3h|T3:xH.hJ : 2720
  Y 2|T3h+T4|T4:2 : 2720
  Y 1|T2+T3p+T3h|T3:xH.hR : 2496
  Y 1|T3p+T3h|T3:xJ.h- : 2496
  Y 1|T3p+T3h|T3:xJ.hZ : 2496
  Y 2|T1+T3h|T1:rel : 2296
  Y 2|T2+T3h+T4|T3:xH.hJ : 2000
  Y 2|T1+T3h|T3:xJ.hJ : 1968
  Y 1|T2+T3h|T2:k2 : 1920
  Y 1|T2+T3h|T2:k3 : 1920
  Y 1|T2+T3h|T3:xH.hR : 1920
  Y 1|T1+T3p+T3h|T1:rel : 1840
  Y 1|T1+T3p+T3h|T3:xZ.h- : 1712
  Y 1|T1+T3p+T3h|T3:xJ.h- : 1680
  Y 1|T1+T3p+T3h|T3:xJ.hR : 1680
  Y 1|T1+T3p+T3h|T3:xJ.hZ : 1680
  Y 1|T1+T3p+T3h|T1:pool : 1600
  Y 2|T3h+T4|T3:xH.hZ : 1600
  Y 2|T3h+T4|T3:xJ.hZ : 1600
  Y 2|T1+T2+T3h|T3:xZ.hJ : 1440
  Y 2|T1+T2+T3h|T3:xZ.hR : 1440
  Y 1|T3p+T3h|T3:xH.hR : 1224
  Y 1|T3p+T3h|T3:xJ.hR : 1224
  Y 2|T1+T3h|T3:xJ.hR : 1208
  Y 1|T2+T3p+T3h|T3:xH.hZ : 1200
  Y 2|T2+T3h|T2:k2 : 1200
  Y 2|T2+T3h|T3:xH.hZ : 1200
  Y 2|T3p+T3h+T4|T3:xZ.hZ : 1200
  Y 2|T1+T2+T3h|T1:grow : 1160
  Y 2|T3h+T4|T3:xH.hJ : 1120
  Y 2|T1+T3p|T1:pool : 1072
  Y 2|T1+T3p+T4|T1:pool : 1040
  Y 2|T1+T3p+T4|T3:xJ.h- : 1040
  Y 2|T1+T3p+T4|T4:2 : 1040
  Y 1|T1+T2+T3p|T3:xZ.h- : 960
  Y 2|T1+T3h|T3:xZ.hJ : 960
  Y 2|T1+T3h|T3:xZ.hR : 960
  Y 2|T3h+T4|T3:xH.hR : 840
  Y 1|T3p+T3h|T3:xZ.h- : 704
  Y 2|T1+T3p|T3:xJ.h- : 688
  Y 2|T1+T3h|T3:xH.hZ : 672
  Y 2|T1+T3p+T3h|T1:grow : 672
  Y 2|T1+T3p|T1:rel : 640
  Y 2|T1+T3p|T3:xZ.h- : 640
  Y 1|T3p+T3h|T3:xZ.hZ : 624
  Y 1|T1+T3p+T3h|T3:xJ.hJ : 608
  Y 2|T2+T3p|T2:k2 : 600
  Y 2|T2+T3p|T3:xZ.h- : 600
  Y 1|T2+T3p+T3h|T3:xH.hJ : 576
  Y 2|T3p+T4|T3:xZ.h- : 500
  Y 1|T2+T3p+T3h|T3:xZ.hZ : 480
  Y 2|T1+T3h|T3:xH.hR : 480
  Y 1|T1+T3p|T1:pool : 448
  Y 1|T1+T3p|T3:xJ.h- : 448
  Y 2|T1+T3p+T4|T1:rel : 400
  Y 1|T3p+T3h|T3:xH.hJ : 384
  Y 1|T1+T3h|T1:pool : 320
  Y 1|T1+T3h|T3:xH.hJ : 320
  Y 1|T1+T3p+T3h|T3:xZ.hJ : 320
  Y 1|T1+T3p+T3h|T3:xZ.hR : 320
  Y 2|T1+T3h|T3:xJ.hZ : 232
  Y 2|T1+T3p+T4|T3:xZ.h- : 200
  Y 1|T2+T3p+T3h|T3:xJ.hJ : 192
  Y 1|T1+T3h|T3:xH.hZ : 128
  Y 1|T3p+T3h|T3:xJ.hJ : 128
  Y 2|T1+T3p|T1:grow : 96
  Y 1|T3p+T3h|T3:xH.hZ : 80
