# command: python3 k4/dlrt4_split.py results/k4_certs_4_n4_3.json.gz --cores=260:285 --split=8 --jobs=4 --ckpt=results/k4_rt4/ckpt_n4_3_x5_split.jsonl --dump=results/k4_rt4/dump_n4_3_x5_split.jsonl.gz --tables=results/k4_rt4/tables_n4_3_x5_split.json
# dlrt4.c sha256 fcde494a3161279d47a7b80e614f69c58894ebc7b40d00e461f677b8810d7cae
# k4_certs_4_n4_3.json.gz: cores 260..284, split 8, 200 sub-units to run, 0 from the checkpoint; every profile
#   core 260 complete
#   core 261 complete
#   core 262 complete
#   core 263 complete
#   core 264 complete
#   core 265 complete
#   core 266 complete
#   core 267 complete
#   core 268 complete
#   core 269 complete
#   core 270 complete
#   core 271 complete
#   core 272 complete
#   core 273 complete
#   core 274 complete
#   core 275 complete
#   core 276 complete
#   core 277 complete
#   core 278 complete
#   core 279 complete
#   core 280 complete
#   core 281 complete
#   core 282 complete
#   core 283 complete
#   core 284 complete
# cores complete: 25 of 25 (260..284)
k4_certs_4_n4_3.json.gz cores 260..284 (split 8): profiles 1379524608, omega >= 1: 1379524608; k* = 0: 1368521504, 1: 10730244, 2: 272860, 3: 0, >= 4: 0, inf: 0; P with def > 0: 16563464, at distance 1: 15613364, 2: 950100, 3: 0, >= 4: 0, inf: 0; Pareto-maximal: 320384; largest least deficit 0
  DL_RT4: states (def > 0) with f = 0: 0 (RT4 fails at 0), with f >= 1: 16563464; DL_RT4 FAILS at 0 of the f >= 1 states; with an improving move T1 15613364, T2 15219472, T3p 15422184, T3h 16169916, T4 1326800; only T1 0, only T2 0, only T3 435316, only T4 0; R_T fails at 0, R_13 at 0, R_13 + T4 at 0; smallest RT4 move size 1 / 2 / 3 / >= 4 / none: 15613364 / 950100 / 0 / 0 / 0; anomalies 0 + 0 [20874 s]
table B: f >= 1 states by f | signature | branch : count
  B 1|G,D2|T1+T2+T3p+T3h : 9115008
  B 1|fO,G,D2|T1+T2+T3p+T3h : 1264432
  B 2|G,D2|T1+T2+T3p+T3h : 1082748
  B 1|fO,L|T1+T2+T3h : 846000
  B 1|fO,L|T1+T2+T3p+T3h : 805040
  B 2|G,D2|T1+T2+T3p+T3h+T4 : 676680
  B 2|G,D2|T3p+T3h+T4 : 216820
  B 2|G,D2|T3p+T3h : 215420
  B 1|G,D2|T1+T3p+T3h : 179360
  B 1|fO|T1+T2+T3h : 167424
  B 2|G,D2|T3p : 119404
  B 2|fO,L|T1+T2+T3p+T3h : 117512
  B 2|G,D2|T3p+T4 : 113100
  B 2|fO,G,D2|T1+T2+T3p+T3h : 105024
  B 1|e2,G,D2|T1+T2+T3p+T3h : 92704
  B 2|fO,G,D2|T1+T2+T3p+T3h+T4 : 88160
  B 2|G,D2,PM|T1+T2+T3p+T3h : 87200
  B 2|G1,L,PM|T1+T2+T3p+T3h : 69000
  B 2|G,L,D2|T1+T2+T3p+T3h : 68136
  B 2|G,L,D2,PM|T1+T3p+T3h : 60744
  B 1|fO,L,D2|T1+T2+T3p+T3h : 55680
  B 2|G,L,D2,PM|T1+T2+T3p+T3h : 51840
  B 1|G,D2|T2+T3p+T3h : 49688
  B 2|G,L,D2|T3p+T3h+T4 : 48800
  B 1|fO|T1+T2+T3p+T3h : 47584
  B 2|G,D2|T1+T3p+T3h : 41960
  B 2|G,O,D2|T1+T2+T3p+T3h : 41260
  B 2|fO,G,D2|T3p+T3h+T4 : 36720
  B 2|G,L,D2|T1+T3p+T3h+T4 : 36480
  B 2|G,L,D2|T1+T3p+T3h : 35616
  B 2|fO,L|T1+T2+T3p+T3h+T4 : 29680
  B 2|G1|T1+T2+T3p+T3h : 28320
  B 2|fO,G,D2|T3p+T3h : 27840
  B 1|fO,L,D2|T1+T2+T3h : 26880
  B 1|G,D2|T1+T2+T3p : 25072
  B 2|fO,G,L,D2|T3p+T3h+T4 : 22400
  B 2|G,G1,D2|T3p+T3h : 22260
  B 2|G1,PM|T1+T2+T3p+T3h : 22080
  B 1|e2,fO,L|T1+T2+T3p+T3h : 21840
  B 1|fO,L|T1+T2 : 21840
  B 1|fO,L|T1+T2+T3p : 21840
  B 1|G,D2|T1+T3p : 21200
  B 1|fO|T1+T2 : 20512
  B 1|fO,G,D2|T2+T3p+T3h : 18064
  B 2|G,O,D2|T1+T3p+T3h : 17204
  B 2|G,L,D2|T1+T2+T3p+T3h+T4 : 16000
  B 1|e2,fO,L|T1+T2+T3h : 15360
  B 1|fO,G,D2|T3p+T3h : 15360
  B 2|G,G1,D2|T1+T3p+T3h : 14900
  B 1|fO,L,D2|T1+T2 : 14080
  B 2|G,D2|T1+T3p+T3h+T4 : 13580
  B 2|G,O,D2|T3p+T3h : 12780
  B 1|G,D2|T3p+T3h : 12320
  B 2|G,G1,D2|T1+T2+T3p+T3h : 10180
  B 2|G1,L|T1+T2+T3p+T3h : 9600
  B 2|e2,L,PM|T1+T2+T3p+T3h : 9440
  B 2|G1,L,PM|T1+T3p+T3h : 9216
  B 1|e2,fO,L|T1+T2 : 9184
  B 2|G1,L|T1+T3p+T3h : 8640
  B 2|G,O,D2|T3p+T3h+T4 : 7200
  B 2|e2,L|T1+T2+T3p+T3h+T4 : 6400
  B 2|O,D2|T1+T2+T3p+T3h : 6080
  B 2|G1,O|T1+T2+T3p+T3h : 6060
  B 1|fO,L,D2|T1+T2+T3p : 5760
  B 1|e2,fO|T1+T2+T3h : 5600
  B 2|fO,L|T1+T2+T3h : 5528
  B 1|fO|T1+T2+T3p : 5152
  B 1|fO,G,D2|T1+T2+T3p : 4800
  B 2|e2,G,D2,PM|T1+T2+T3p+T3h : 4800
  B 1|e2,fO|T1+T2 : 4320
  B 2|G,O,D2|T1+T3p+T3h+T4 : 3480
  B 2|e2,G,D2|T1+T2+T3p+T3h+T4 : 3200
  B 1|e2,fO,L|T1+T2+T3p : 2704
  B 2|e2,L,PM|T1+T3p+T3h : 2360
  B 1|fO,G,D2|T1+T3p+T3h : 2320
  B 2|fO,G,O,D2|T3p+T3h : 2240
  B 2|fO,L|T1+T2+T3h+T4 : 2240
  B 2|O,D2|T3p+T3h : 1920
  B 2|fO,G,G1,D2|T3p+T3h : 1920
  B 2|O|T1+T2+T3p+T3h : 1600
  B 2|e2,L|T1+T3p+T3h+T4 : 1600
  B 2|fO,G,O,D2|T3p+T3h+T4 : 1600
  B 2|G,D2,PM|T1+T3p+T3h : 1464
  B 2|fO,G,D2|T1+T3p+T3h : 1300
  B 2|e2,G,D2,PM|T1+T3p+T3h : 1200
  B 2|G1,O|T1+T3p+T3h : 1152
  B 2|fO,L|T1+T3p+T3h : 1024
  B 2|G1,O|T3p+T3h : 900
  B 2|L,O|T1+T2+T3p+T3h : 880
  B 1|fO,L|T1+T3h : 800
  B 1|fO,L|T1+T3p+T3h : 800
  B 1|fO|T1+T3h : 800
  B 2|e2,G,D2|T1+T3p+T3h+T4 : 800
  B 2|fO,G,O,D2|T1+T2+T3p+T3h : 800
  B 1|e2,G,D2|T1+T3p+T3h : 704
  B 2|G1,L,PM|T3p+T3h : 696
  B 2|O|T1+T3p+T3h : 640
  B 2|G,G1,D2|T3p : 600
  B 2|G,O,D2|T1+T3p+T4 : 600
  B 2|G1,L|T3p+T3h : 576
  B 2|fO,G1,L|T3p : 576
  B 2|fO,L|T1+T2+T3p+T4 : 560
  B 2|fO,O,D2|T1+T2+T3p+T3h : 560
  B 2|fO,L|T1+T3h : 512
  B 2|G,D2|T1+T3p+T4 : 500
  B 1|fO,G,D2|T1+T3p : 400
  B 2|G,D2|T1+T2+T3p : 400
  B 2|fO,O,D2|T3p+T3h : 240
  B 2|fO,L|T1+T2+T3p : 224
  B 2|fO,G,D2|T3p+T4 : 200
  B 1|e2,G,D2|T2+T3p+T3h : 192
  B 2|e2,L,PM|T1+T2+T3h : 160
  B 2|fO,G,G1,D2|T1+T2+T3p+T3h : 160
  B 2|G,L,D2,PM|T3p+T3h : 144
  B 2|G,G1,D2|T1+T3p : 140
  B 2|G,O,D2|T1+T3p : 140
  B 2|fO,G,D2|T1+T3p : 140
  B 2|G,L,D2|T3p+T3h : 120
  B 2|G,L,D2|T1+T2+T3p : 80
  B 2|fO,L,O|T1+T2+T3p+T3h : 80
  B 2|e2,L,PM|T1+T3h : 40
  B 2|fO,G,L,D2|T1+T2+T3p+T3h : 40
  B 2|G,D2|T1+T3p : 20
table G: f >= 1 states by f | nearest distance k | branch : count
  G 1|1|T1+T2+T3p+T3h : 11402288
  G 2|1|T1+T2+T3p+T3h : 1723400
  G 1|1|T1+T2+T3h : 1061264
  G 2|1|T1+T2+T3p+T3h+T4 : 820120
  G 2|2|T3p+T3h+T4 : 333540
  G 2|2|T3p+T3h : 287056
  G 2|1|T1+T3p+T3h : 197420
  G 1|1|T1+T3p+T3h : 183184
  G 2|2|T3p : 120580
  G 2|2|T3p+T4 : 113300
  G 1|1|T1+T2 : 69936
  G 1|2|T2+T3p+T3h : 67944
  G 1|1|T1+T2+T3p : 65328
  G 2|1|T1+T3p+T3h+T4 : 55940
  G 1|2|T3p+T3h : 27680
  G 1|1|T1+T3p : 21600
  G 2|1|T1+T2+T3h : 5688
  G 2|1|T1+T2+T3h+T4 : 2240
  G 1|1|T1+T3h : 1600
  G 2|1|T1+T3p+T4 : 1100
  G 2|1|T1+T2+T3p : 704
  G 2|1|T1+T2+T3p+T4 : 560
  G 2|1|T1+T3h : 552
  G 2|1|T1+T3p : 440
table M: f >= 1 states by f | branch | smallest RT4 move size : count
  M 1|T1+T2+T3p+T3h|1 : 11402288
  M 2|T1+T2+T3p+T3h|1 : 1723400
  M 1|T1+T2+T3h|1 : 1061264
  M 2|T1+T2+T3p+T3h+T4|1 : 820120
  M 2|T3p+T3h+T4|2 : 333540
  M 2|T3p+T3h|2 : 287056
  M 2|T1+T3p+T3h|1 : 197420
  M 1|T1+T3p+T3h|1 : 183184
  M 2|T3p|2 : 120580
  M 2|T3p+T4|2 : 113300
  M 1|T1+T2|1 : 69936
  M 1|T2+T3p+T3h|2 : 67944
  M 1|T1+T2+T3p|1 : 65328
  M 2|T1+T3p+T3h+T4|1 : 55940
  M 1|T3p+T3h|2 : 27680
  M 1|T1+T3p|1 : 21600
  M 2|T1+T2+T3h|1 : 5688
  M 2|T1+T2+T3h+T4|1 : 2240
  M 1|T1+T3h|1 : 1600
  M 2|T1+T3p+T4|1 : 1100
  M 2|T1+T2+T3p|1 : 704
  M 2|T1+T2+T3p+T4|1 : 560
  M 2|T1+T3h|1 : 552
  M 2|T1+T3p|1 : 440
table Z: f >= 1 states by f | branch available | its smallest move size : count
  Z 1|T1|1 : 12805200
  Z 1|T3h|3 : 12743960
  Z 1|T2|2 : 12655720
  Z 1|T3p|2 : 11768024
  Z 2|T3p|2 : 3654160
  Z 2|T3h|3 : 3425956
  Z 2|T1|1 : 2808164
  Z 2|T2|2 : 2552712
  Z 2|T4|2 : 1326800
  Z 1|T2|3 : 11040
table C: f >= 1 states with T4 by f | smallest T4 size | cycle types at that size : count
  C 2|2|2 : 1326800
table Y: f >= 1 states by f | branch | move type available : count
  Y 1|T1+T2+T3p+T3h|T2:k2 : 11396720
  Y 1|T1+T2+T3p+T3h|T3:xJ.h- : 11388976
  Y 1|T1+T2+T3p+T3h|T1:rel : 10988552
  Y 1|T1+T2+T3p+T3h|T3:xJ.hR : 10933344
  Y 1|T1+T2+T3p+T3h|T1:pool : 9745112
  Y 1|T1+T2+T3p+T3h|T2:k3 : 9361520
  Y 1|T1+T2+T3p+T3h|T3:xJ.hJ : 5921216
  Y 1|T1+T2+T3p+T3h|T3:xJ.hZ : 5914040
  Y 1|T1+T2+T3p+T3h|T3:xH.hJ : 1855696
  Y 1|T1+T2+T3p+T3h|T3:xZ.h- : 1796816
  Y 1|T1+T2+T3p+T3h|T3:xZ.hR : 1724096
  Y 2|T1+T2+T3p+T3h|T2:k2 : 1723400
  Y 2|T1+T2+T3p+T3h|T1:rel : 1708808
  Y 2|T1+T2+T3p+T3h|T3:xJ.h- : 1672576
  Y 1|T1+T2+T3p+T3h|T3:xH.hR : 1531888
  Y 2|T1+T2+T3p+T3h|T3:xJ.hR : 1478358
  Y 1|T1+T2+T3h|T1:pool : 1061264
  Y 1|T1+T2+T3h|T2:k2 : 1061264
  Y 1|T1+T2+T3h|T3:xH.hJ : 1059984
  Y 1|T1+T2+T3h|T1:rel : 979896
  Y 1|T1+T2+T3h|T2:k3 : 959424
  Y 2|T1+T2+T3p+T3h+T4|T2:k2 : 820120
  Y 2|T1+T2+T3p+T3h+T4|T3:xJ.h- : 820120
  Y 2|T1+T2+T3p+T3h+T4|T4:2 : 820120
  Y 1|T1+T2+T3p+T3h|T3:xH.hZ : 820024
  Y 2|T1+T2+T3p+T3h+T4|T1:rel : 817760
  Y 2|T1+T2+T3p+T3h|T3:xJ.hJ : 688640
  Y 2|T1+T2+T3p+T3h+T4|T3:xJ.hR : 669180
  Y 2|T1+T2+T3p+T3h|T3:xZ.h- : 604184
  Y 2|T1+T2+T3p+T3h|T1:pool : 563712
  Y 1|T1+T2+T3p+T3h|T3:xZ.hJ : 444000
  Y 2|T1+T2+T3p+T3h|T3:xZ.hR : 438060
  Y 2|T1+T2+T3p+T3h|T3:xZ.hJ : 377784
  Y 2|T3p+T3h+T4|T3:xJ.h- : 333540
  Y 2|T3p+T3h+T4|T4:2 : 333540
  Y 1|T1+T2+T3p+T3h|T3:xZ.hZ : 294272
  Y 2|T3p+T3h|T3:xJ.h- : 285184
  Y 2|T1+T2+T3p+T3h+T4|T3:xJ.hJ : 240100
  Y 2|T3p+T3h|T3:xJ.hR : 235224
  Y 2|T3p+T3h+T4|T3:xJ.hR : 227760
  Y 2|T1+T2+T3p+T3h|T3:xJ.hZ : 226820
  Y 2|T1+T2+T3p+T3h|T3:xH.hJ : 226208
  Y 2|T3p+T3h+T4|T3:xJ.hJ : 213080
  Y 2|T1+T3p+T3h|T3:xJ.h- : 193076
  Y 2|T1+T3p+T3h|T1:rel : 187360
  Y 1|T1+T3p+T3h|T3:xJ.h- : 183184
  Y 2|T1+T3p+T3h|T3:xJ.hR : 182760
  Y 2|T1+T2+T3p+T3h+T4|T3:xJ.hZ : 174800
  Y 2|T3p+T3h|T3:xJ.hJ : 141220
  Y 1|T1+T3p+T3h|T3:xJ.hR : 140000
  Y 2|T1+T2+T3p+T3h|T3:xH.hR : 139464
  Y 1|T1+T3p+T3h|T1:rel : 139360
  Y 2|T3p|T3:xJ.h- : 120484
  Y 2|T1+T2+T3p+T3h+T4|T1:pool : 119440
  Y 2|T1+T3p+T3h|T3:xJ.hJ : 117948
  Y 2|T3p+T3h+T4|T3:xH.hJ : 116500
  Y 2|T3p+T4|T3:xJ.h- : 113300
  Y 2|T3p+T4|T4:2 : 113300
  Y 2|T1+T3p+T3h|T1:pool : 106992
  Y 1|T1+T3p+T3h|T1:pool : 104952
  Y 2|T1+T2+T3p+T3h+T4|T3:xH.hJ : 100000
  Y 2|T1+T2+T3p+T3h|T3:xH.hZ : 94344
  Y 1|T1+T3p+T3h|T3:xJ.hJ : 92968
  Y 2|T3p+T3h|T3:xH.hR : 92604
  Y 2|T3p+T3h|T3:xZ.h- : 91772
  Y 1|T1+T2+T3p+T3h|T1:grow : 77184
  Y 2|T3p+T3h|T3:xH.hJ : 73800
  Y 1|T1+T2|T1:pool : 69936
  Y 1|T1+T2|T2:k2 : 69552
  Y 1|T1+T3p+T3h|T3:xJ.hZ : 68784
  Y 1|T2+T3p+T3h|T3:xJ.h- : 67944
  Y 1|T1+T2|T1:rel : 66776
  Y 1|T1+T2+T3p|T1:pool : 65328
  Y 1|T1+T2+T3p|T2:k2 : 65328
  Y 1|T1+T2+T3p|T3:xJ.h- : 65328
  Y 1|T2+T3p+T3h|T2:k2 : 62856
  Y 1|T1+T2|T2:k3 : 62192
  Y 2|T1+T3p+T3h|T3:xZ.h- : 59808
  Y 1|T2+T3p+T3h|T3:xJ.hZ : 59464
  Y 2|T1+T3p+T3h+T4|T3:xJ.h- : 55940
  Y 2|T1+T3p+T3h+T4|T4:2 : 55940
  Y 2|T1+T3p+T3h+T4|T1:rel : 55360
  Y 1|T1+T2+T3h|T3:xH.hR : 54720
  Y 2|T1+T2+T3p+T3h+T4|T3:xH.hZ : 48400
  Y 2|T1+T3p+T3h+T4|T3:xJ.hR : 45960
  Y 1|T2+T3p+T3h|T3:xJ.hR : 44760
  Y 1|T2+T3p+T3h|T2:k3 : 43464
  Y 2|T1+T3p+T3h+T4|T3:xJ.hJ : 41360
  Y 2|T1+T2+T3p+T3h+T4|T3:xH.hR : 40000
  Y 1|T2+T3p+T3h|T3:xZ.h- : 33648
  Y 1|T2+T3p+T3h|T3:xH.hR : 30680
  Y 1|T1+T2+T3h|T1:grow : 30544
  Y 1|T1+T2+T3p|T2:k3 : 29232
  Y 2|T3p+T3h+T4|T3:xH.hR : 28800
  Y 1|T3p+T3h|T3:xJ.h- : 27680
  Y 2|T3p+T3h|T3:xZ.hR : 26892
  Y 2|T1+T2+T3p+T3h|T1:grow : 26880
  Y 1|T1+T2+T3p|T1:rel : 26112
  Y 1|T3p+T3h|T3:xJ.hZ : 25520
  Y 1|T1+T3p+T3h|T3:xZ.h- : 24496
  Y 2|T1+T3p+T3h|T3:xZ.hR : 22304
  Y 1|T3p+T3h|T3:xJ.hR : 21800
  Y 1|T1+T3p|T1:pool : 21600
  Y 1|T1+T3p|T3:xJ.h- : 21600
  Y 1|T2+T3p+T3h|T3:xH.hZ : 21280
  Y 2|T1+T3p+T3h|T3:xZ.hJ : 18824
  Y 1|T1+T3p+T3h|T3:xZ.hR : 18432
  Y 2|T1+T3p+T3h|T3:xJ.hZ : 18364
  Y 2|T3p+T3h+T4|T3:xJ.hZ : 18240
  Y 2|T3p+T3h|T3:xJ.hZ : 17920
  Y 2|T1+T3p+T3h+T4|T3:xJ.hZ : 15400
  Y 2|T1+T3p+T3h+T4|T1:pool : 14340
  Y 2|T1+T3p+T3h|T3:xH.hJ : 12944
  Y 1|T3p+T3h|T3:xH.hR : 12520
  Y 1|T2+T3p+T3h|T3:xJ.hJ : 12160
  Y 2|T1+T2+T3p+T3h+T4|T1:grow : 10400
  Y 1|T1+T3p+T3h|T3:xH.hZ : 10120
  Y 1|T3p+T3h|T3:xJ.hJ : 9920
  Y 1|T2+T3p+T3h|T3:xZ.hR : 9824
  Y 1|T2+T3p+T3h|T3:xZ.hZ : 8896
  Y 1|T3p+T3h|T3:xZ.h- : 7760
  Y 1|T1+T3p+T3h|T3:xH.hJ : 7440
  Y 2|T1+T2+T3h|T2:k2 : 5688
  Y 1|T2+T3p+T3h|T3:xH.hJ : 5680
  Y 2|T1+T2+T3p+T3h|T3:xZ.hZ : 5560
  Y 2|T1+T3p+T3h|T3:xH.hR : 5440
  Y 2|T1+T2+T3h|T1:pool : 5008
  Y 2|T3p+T3h|T3:xZ.hJ : 4992
  Y 1|T1+T2+T3p|T3:xZ.h- : 4800
  Y 2|T1+T2+T3h|T1:rel : 4488
  Y 1|T3p+T3h|T3:xH.hZ : 4320
  Y 1|T3p+T3h|T3:xZ.hR : 4320
  Y 1|T1+T3p+T3h|T3:xZ.hZ : 3952
  Y 2|T1+T2+T3h|T3:xH.hJ : 3856
  Y 2|T3p|T3:xZ.h- : 3816
  Y 2|T1+T3p+T3h+T4|T3:xH.hZ : 3600
  Y 2|T1+T3p+T3h|T3:xH.hZ : 3256
  Y 2|T3p+T3h|T3:xH.hZ : 3000
  Y 2|T3p+T3h+T4|T3:xZ.h- : 2600
  Y 1|T2+T3p+T3h|T3:xZ.hJ : 2240
  Y 2|T1+T2+T3h+T4|T1:pool : 2240
  Y 2|T1+T2+T3h+T4|T2:k2 : 2240
  Y 2|T1+T2+T3h+T4|T3:xH.hJ : 2240
  Y 2|T1+T2+T3h+T4|T4:2 : 2240
  Y 1|T3p+T3h|T3:xZ.hJ : 1840
  Y 2|T1+T2+T3h|T3:xJ.hJ : 1792
  Y 1|T1+T3h|T1:pool : 1600
  Y 1|T1+T3h|T3:xH.hJ : 1600
  Y 2|T1+T2+T3h|T3:xH.hZ : 1400
  Y 2|T3p+T3h|T3:xZ.hZ : 1400
  Y 2|T1+T2+T3h+T4|T1:rel : 1240
  Y 1|T1+T2|T1:grow : 1200
  Y 2|T1+T3p+T4|T3:xJ.h- : 1100
  Y 2|T1+T3p+T4|T4:2 : 1100
  Y 2|T1+T2+T3h|T3:xH.hR : 1000
  Y 1|T3p+T3h|T3:xZ.hZ : 960
  Y 1|T1+T3p+T3h|T3:xH.hR : 832
  Y 1|T3p+T3h|T3:xH.hJ : 720
  Y 2|T1+T2+T3p|T1:pool : 704
  Y 2|T1+T2+T3p|T2:k2 : 704
  Y 2|T1+T2+T3p|T3:xJ.h- : 704
  Y 2|T1+T2+T3h|T3:xJ.hR : 672
  Y 2|T1+T3p+T3h+T4|T3:xZ.h- : 600
  Y 2|T1+T3p+T4|T1:rel : 600
  Y 2|T1+T2+T3p+T4|T1:pool : 560
  Y 2|T1+T2+T3p+T4|T2:k2 : 560
  Y 2|T1+T2+T3p+T4|T3:xJ.h- : 560
  Y 2|T1+T2+T3p+T4|T4:2 : 560
  Y 2|T1+T2+T3p|T1:rel : 544
  Y 2|T1+T3h|T1:pool : 512
  Y 2|T1+T3h|T3:xH.hJ : 512
  Y 2|T1+T3p+T4|T1:pool : 500
  Y 2|T1+T3p|T1:pool : 440
  Y 2|T1+T3h|T3:xJ.hJ : 384
  Y 1|T1+T3p+T3h|T3:xZ.hJ : 320
  Y 2|T1+T3p+T3h|T3:xZ.hZ : 320
  Y 2|T1+T3p|T3:xJ.h- : 300
  Y 2|T1+T3h|T1:rel : 232
  Y 2|T1+T2+T3p+T4|T1:rel : 160
  Y 2|T1+T3h|T3:xJ.hR : 144
  Y 2|T1+T3p|T1:rel : 140
  Y 2|T1+T3p|T3:xZ.h- : 140
  Y 2|T1+T3h|T3:xH.hZ : 40
