# command: python3 k4/dlrt4_run.py catalog k4/suite/.cache/gapbench/results/k4_gap/gap_n5_2_s100.json.gz --every=1 --jobs=4 --ckpt=results/k4_rt4/ckpt_n5c_cat_gap_n5_2_s100.jsonl --dump=results/k4_rt4/dump_n5c_cat_gap_n5_2_s100.jsonl.gz --tables=results/k4_rt4/tables_n5c_cat_gap_n5_2_s100.json
# dlrt4.c sha256 fcde494a3161279d47a7b80e614f69c58894ebc7b40d00e461f677b8810d7cae
# catalog k4/suite/.cache/gapbench/results/k4_gap/gap_n5_2_s100.json.gz: 7713 instances, 4 units to run, 0 from the checkpoint
catalog k4/suite/.cache/gapbench/results/k4_gap/gap_n5_2_s100.json.gz: profiles 7713, omega >= 1: 7713; k* = 0: 7696, 1: 17, 2: 0, 3: 0, >= 4: 0, inf: 0; P with def > 0: 25, at distance 1: 25, 2: 0, 3: 0, >= 4: 0, inf: 0; Pareto-maximal: 0; largest least deficit -1
  DL_RT4: states (def > 0) with f = 0: 0 (RT4 fails at 0), with f >= 1: 25; DL_RT4 FAILS at 0 of the f >= 1 states; with an improving move T1 25, T2 25, T3p 19, T3h 25, T4 0; only T1 0, only T2 0, only T3 0, only T4 0; R_T fails at 0, R_13 at 0, R_13 + T4 at 0; smallest RT4 move size 1 / 2 / 3 / >= 4 / none: 25 / 0 / 0 / 0 / 0; anomalies 0 + 0 [1 s]
table B: f >= 1 states by f | signature | branch : count
  B 1|G,D2|T1+T2+T3p+T3h : 9
  B 1|fO,L|T1+T2+T3h : 6
  B 1|fO,L|T1+T2+T3p+T3h : 5
  B 2|G,L,D2|T1+T2+T3p+T3h : 4
  B 2|fO,L|T1+T2+T3p+T3h : 1
table G: f >= 1 states by f | nearest distance k | branch : count
  G 1|1|T1+T2+T3p+T3h : 14
  G 1|1|T1+T2+T3h : 6
  G 2|1|T1+T2+T3p+T3h : 5
table M: f >= 1 states by f | branch | smallest RT4 move size : count
  M 1|T1+T2+T3p+T3h|1 : 14
  M 1|T1+T2+T3h|1 : 6
  M 2|T1+T2+T3p+T3h|1 : 5
table Z: f >= 1 states by f | branch available | its smallest move size : count
  Z 1|T1|1 : 20
  Z 1|T2|2 : 20
  Z 1|T3h|3 : 20
  Z 1|T3p|2 : 14
  Z 2|T1|1 : 5
  Z 2|T2|2 : 5
  Z 2|T3h|3 : 5
  Z 2|T3p|2 : 5
table C: f >= 1 states with T4 by f | smallest T4 size | cycle types at that size : count
table Y: f >= 1 states by f | branch | move type available : count
  Y 1|T1+T2+T3p+T3h|T1:pool : 14
  Y 1|T1+T2+T3p+T3h|T1:rel : 14
  Y 1|T1+T2+T3p+T3h|T2:k2 : 14
  Y 1|T1+T2+T3p+T3h|T2:k3 : 14
  Y 1|T1+T2+T3p+T3h|T3:xJ.h- : 14
  Y 1|T1+T2+T3p+T3h|T3:xJ.hR : 14
  Y 1|T1+T2+T3h|T1:pool : 6
  Y 1|T1+T2+T3h|T1:rel : 6
  Y 1|T1+T2+T3h|T2:k2 : 6
  Y 1|T1+T2+T3h|T2:k3 : 6
  Y 1|T1+T2+T3h|T3:xH.hJ : 6
  Y 1|T1+T2+T3p+T3h|T2:k4 : 6
  Y 1|T1+T2+T3p+T3h|T3:xJ.hJ : 6
  Y 2|T1+T2+T3p+T3h|T1:rel : 5
  Y 2|T1+T2+T3p+T3h|T2:k2 : 5
  Y 2|T1+T2+T3p+T3h|T2:k3 : 5
  Y 2|T1+T2+T3p+T3h|T3:xJ.h- : 5
  Y 2|T1+T2+T3p+T3h|T3:xJ.hR : 5
  Y 1|T1+T2+T3h|T2:k4 : 4
  Y 2|T1+T2+T3p+T3h|T1:pool : 2
  Y 1|T1+T2+T3p+T3h|T3:xJ.hZ : 1
  Y 2|T1+T2+T3p+T3h|T3:xH.hR : 1
  Y 2|T1+T2+T3p+T3h|T3:xJ.hJ : 1
