# command: python3 k4/dlrt4_run.py catalog k4/suite/.cache/gapbench/results/k4_gap/gap_n5_pure_s100.json.gz --every=1 --jobs=4 --ckpt=results/k4_rt4/ckpt_n5c_cat_gap_n5_pure_s100.jsonl --dump=results/k4_rt4/dump_n5c_cat_gap_n5_pure_s100.jsonl.gz --tables=results/k4_rt4/tables_n5c_cat_gap_n5_pure_s100.json
# dlrt4.c sha256 fcde494a3161279d47a7b80e614f69c58894ebc7b40d00e461f677b8810d7cae
# catalog k4/suite/.cache/gapbench/results/k4_gap/gap_n5_pure_s100.json.gz: 29086 instances, 15 units to run, 0 from the checkpoint
catalog k4/suite/.cache/gapbench/results/k4_gap/gap_n5_pure_s100.json.gz: profiles 29086, omega >= 1: 29086; k* = 0: 26576, 1: 2486, 2: 24, 3: 0, >= 4: 0, inf: 0; P with def > 0: 14262, at distance 1: 14189, 2: 73, 3: 0, >= 4: 0, inf: 0; Pareto-maximal: 391; largest least deficit 0
  DL_RT4: states (def > 0) with f = 0: 0 (RT4 fails at 0), with f >= 1: 14262; DL_RT4 FAILS at 0 of the f >= 1 states; with an improving move T1 14189, T2 14244, T3p 12210, T3h 14025, T4 20; only T1 0, only T2 0, only T3 0, only T4 0; R_T fails at 0, R_13 at 0, R_13 + T4 at 0; smallest RT4 move size 1 / 2 / 3 / >= 4 / none: 14189 / 73 / 0 / 0 / 0; anomalies 0 + 0 [6 s]
table B: f >= 1 states by f | signature | branch : count
  B 1|G,D2|T1+T2+T3p+T3h : 4722
  B 1|fO,G,D2|T1+T2+T3p+T3h : 3897
  B 1|fO,L|T1+T2+T3p+T3h : 1153
  B 1|fO|T1+T2+T3h : 869
  B 1|fO|T1+T2+T3p+T3h : 811
  B 1|fO,L|T1+T2+T3h : 670
  B 1|G,D2,PM|T1+T2+T3p+T3h : 290
  B 1|e2,G,D2|T1+T2+T3p+T3h : 182
  B 2|G,D2|T1+T2+T3p+T3h : 170
  B 1|fO|T1+T2 : 155
  B 1|e2,fO,G,D2|T1+T2+T3p+T3h : 145
  B 1|fO,L,D2|T1+T2+T3p+T3h : 108
  B 1|fO,G1|T1+T2+T3p+T3h : 107
  B 1|e2,fO|T1+T2+T3h : 93
  B 1|e2,fO|T1+T2+T3p+T3h : 81
  B 1|e2,fO,L|T1+T2+T3p+T3h : 75
  B 1|fO,G,D2|T1+T2+T3h : 75
  B 2|fO,G,D2|T1+T2+T3p+T3h : 54
  B 1|G,D2|T2+T3p+T3h : 52
  B 1|e2,G,D2,PM|T1+T2+T3p+T3h : 52
  B 2|G,L,D2|T1+T2+T3p+T3h : 40
  B 1|fO,L|T1+T2 : 39
  B 1|fO,L,D2|T1+T2+T3h : 38
  B 2|fO,L|T1+T2+T3p+T3h : 29
  B 1|e2,fO,L|T1+T2+T3h : 24
  B 2|G,D2,PM|T1+T2+T3p+T3h : 21
  B 1|fO,L,O,D2|T1+T2+T3p+T3h : 20
  B 1|e2,fO|T1+T2 : 19
  B 2|fO,G,L,D2|T1+T2+T3p+T3h : 18
  B 1|e2,fO,G,D2|T1+T2+T3h : 16
  B 1|fO,D2|T1+T2+T3p+T3h : 16
  B 2|G,L,D2,PM|T1+T2+T3p+T3h : 16
  B 2|fO,L|T1+T2+T3h : 14
  B 2|G,D2|T1+T2+T3p+T3h+T4 : 13
  B 1|e2,fO,G1|T1+T2+T3p+T3h : 12
  B 1|fO,L,D2|T1+T2 : 10
  B 1|G,D2|T1+T3p+T3h : 9
  B 1|fO,G,D2|T2+T3p+T3h : 9
  B 1|fO,O|T1+T2+T3p+T3h : 9
  B 2|G,G1,D2|T1+T2+T3p+T3h : 8
  B 1|fO,O,D2|T1+T2+T3p+T3h : 7
  B 1|G,D2|T1+T2+T3h : 6
  B 1|e2,fO,L,O,D2|T1+T2+T3p+T3h : 6
  B 1|e2,fO,L|T1+T2 : 5
  B 1|e2,fO,O|T1+T2+T3p+T3h : 5
  B 2|G,D2|T1+T3p+T3h : 5
  B 2|G,G1,D2,PM|T1+T2+T3p+T3h : 5
  B 2|fO,G,D2|T1+T2+T3p+T3h+T4 : 5
  B 1|e2,G,D2|T1+T2+T3h : 4
  B 1|e2,fO,G,D2|T2+T3h : 4
  B 2|fO,G,G1,D2|T1+T2+T3p+T3h : 4
  B 2|fO,G,O,D2|T1+T2+T3p+T3h : 4
  B 3|G,D2,PM|T1+T2+T3p+T3h : 4
  B 2|G,O,D2|T1+T2+T3p+T3h : 3
  B 2|L,O,D2|T1+T2+T3p+T3h : 3
  B 2|fO,L,O|T1+T2+T3p+T3h : 3
  B 2|fO|T1+T2+T3p+T3h : 3
  B 1|G,D2|T1+T2+T3p : 2
  B 1|e2,G,D2|T2+T3h : 2
  B 1|e2,G,D2|T2+T3p+T3h : 2
  B 1|e2,fO,L,D2|T1+T2+T3h : 2
  B 1|e2,fO,L,D2|T1+T2+T3p+T3h : 2
  B 2|G1,L,D2|T1+T2+T3p+T3h : 2
  B 2|O,D2|T1+T2+T3p+T3h : 2
  B 2|e1,G,L,D2|T1+T2+T3p+T3h : 2
  B 2|e1,fO,L|T1+T2+T3h : 2
  B 2|fO,L,D2|T1+T2+T3p+T3h : 2
  B 2|fO,L|T1+T2+T3p+T3h+T4 : 2
  B 2|fO|T1+T2 : 2
  B 1|G,D2,PM|T1+T3p+T3h : 1
  B 1|G,D2|T2+T3h : 1
  B 1|e1,G,D2|T1+T2+T3p+T3h : 1
  B 1|e2,G,D2|T1+T3p+T3h : 1
  B 1|e2,L|T2+T3p+T3h : 1
  B 1|e2,fO,L|T1+T2+T3p : 1
  B 1|e3,fO,L|T1+T2+T3p+T3h : 1
  B 1|fO,G,D2|T1+T2+T3p : 1
  B 1|fO,G1|T1+T2+T3h : 1
  B 1|fO,L,D2|T1+T2+T3p : 1
  B 1|fO,L|T1+T2+T3p : 1
  B 2|G,D2,PM|T1+T3p+T3h : 1
  B 2|G,D2|T1+T2+T3h : 1
  B 2|G,D2|T2+T3p+T3h : 1
  B 2|G,L,D2|T1+T2+T3p : 1
  B 2|G,L,D2|T2+T3p+T3h : 1
  B 2|e1,fO,G,L,D2|T1+T2+T3p+T3h : 1
  B 2|e2,G,L,D2,PM|T1+T2+T3p+T3h : 1
  B 2|fO,G1,L|T1+T2+T3p+T3h : 1
  B 2|fO,L,O,D2|T1+T2+T3p+T3h : 1
  B 3|G,O,D2|T1+T3p+T3h : 1
table G: f >= 1 states by f | nearest distance k | branch : count
  G 1|1|T1+T2+T3p+T3h : 11702
  G 1|1|T1+T2+T3h : 1798
  G 2|1|T1+T2+T3p+T3h : 393
  G 1|1|T1+T2 : 228
  G 1|2|T2+T3p+T3h : 64
  G 2|1|T1+T2+T3p+T3h+T4 : 20
  G 2|1|T1+T2+T3h : 17
  G 1|1|T1+T3p+T3h : 11
  G 1|2|T2+T3h : 7
  G 1|1|T1+T2+T3p : 6
  G 2|1|T1+T3p+T3h : 6
  G 3|1|T1+T2+T3p+T3h : 4
  G 2|1|T1+T2 : 2
  G 2|2|T2+T3p+T3h : 2
  G 2|1|T1+T2+T3p : 1
  G 3|1|T1+T3p+T3h : 1
table M: f >= 1 states by f | branch | smallest RT4 move size : count
  M 1|T1+T2+T3p+T3h|1 : 11702
  M 1|T1+T2+T3h|1 : 1798
  M 2|T1+T2+T3p+T3h|1 : 393
  M 1|T1+T2|1 : 228
  M 1|T2+T3p+T3h|2 : 64
  M 2|T1+T2+T3p+T3h+T4|1 : 20
  M 2|T1+T2+T3h|1 : 17
  M 1|T1+T3p+T3h|1 : 11
  M 1|T2+T3h|2 : 7
  M 1|T1+T2+T3p|1 : 6
  M 2|T1+T3p+T3h|1 : 6
  M 3|T1+T2+T3p+T3h|1 : 4
  M 2|T1+T2|1 : 2
  M 2|T2+T3p+T3h|2 : 2
  M 2|T1+T2+T3p|1 : 1
  M 3|T1+T3p+T3h|1 : 1
table Z: f >= 1 states by f | branch available | its smallest move size : count
  Z 1|T2|2 : 13798
  Z 1|T1|1 : 13745
  Z 1|T3h|3 : 13582
  Z 1|T3p|2 : 11783
  Z 2|T1|1 : 439
  Z 2|T3h|3 : 438
  Z 2|T2|2 : 435
  Z 2|T3p|2 : 422
  Z 2|T4|2 : 20
  Z 1|T2|3 : 7
  Z 3|T1|1 : 5
  Z 3|T3h|3 : 5
  Z 3|T3p|2 : 5
  Z 3|T2|2 : 4
table C: f >= 1 states with T4 by f | smallest T4 size | cycle types at that size : count
  C 2|2|2 : 20
table Y: f >= 1 states by f | branch | move type available : count
  Y 1|T1+T2+T3p+T3h|T2:k2 : 11701
  Y 1|T1+T2+T3p+T3h|T2:k3 : 11507
  Y 1|T1+T2+T3p+T3h|T3:xJ.h- : 11304
  Y 1|T1+T2+T3p+T3h|T1:rel : 11145
  Y 1|T1+T2+T3p+T3h|T3:xJ.hR : 10719
  Y 1|T1+T2+T3p+T3h|T3:xJ.hJ : 10505
  Y 1|T1+T2+T3p+T3h|T2:k4 : 9924
  Y 1|T1+T2+T3p+T3h|T1:pool : 9650
  Y 1|T1+T2+T3p+T3h|T3:xJ.hZ : 5634
  Y 1|T1+T2+T3p+T3h|T3:xH.hJ : 3362
  Y 1|T1+T2+T3p+T3h|T3:xZ.h- : 2061
  Y 1|T1+T2+T3p+T3h|T3:xZ.hR : 1930
  Y 1|T1+T2+T3p+T3h|T3:xZ.hJ : 1898
  Y 1|T1+T2+T3h|T2:k2 : 1798
  Y 1|T1+T2+T3h|T2:k3 : 1790
  Y 1|T1+T2+T3h|T1:pool : 1779
  Y 1|T1+T2+T3h|T2:k4 : 1612
  Y 1|T1+T2+T3h|T1:rel : 1593
  Y 1|T1+T2+T3h|T3:xH.hJ : 1580
  Y 1|T1+T2+T3p+T3h|T3:xH.hR : 1504
  Y 1|T1+T2+T3p+T3h|T3:xH.hZ : 835
  Y 1|T1+T2+T3p+T3h|T1:grow : 624
  Y 1|T1+T2+T3p+T3h|T3:xZ.hZ : 559
  Y 2|T1+T2+T3p+T3h|T2:k2 : 393
  Y 2|T1+T2+T3p+T3h|T3:xJ.h- : 379
  Y 2|T1+T2+T3p+T3h|T1:rel : 375
  Y 2|T1+T2+T3p+T3h|T3:xJ.hR : 371
  Y 2|T1+T2+T3p+T3h|T2:k3 : 354
  Y 1|T1+T2+T3h|T3:xH.hR : 336
  Y 2|T1+T2+T3p+T3h|T3:xJ.hJ : 318
  Y 2|T1+T2+T3p+T3h|T1:pool : 244
  Y 1|T1+T2|T1:pool : 228
  Y 1|T1+T2|T2:k2 : 228
  Y 1|T1+T2|T2:k3 : 225
  Y 1|T1+T2+T3h|T3:xJ.hJ : 214
  Y 1|T1+T2|T1:rel : 207
  Y 1|T1+T2+T3h|T1:grow : 192
  Y 2|T1+T2+T3p+T3h|T3:xJ.hZ : 188
  Y 1|T1+T2|T2:k4 : 187
  Y 1|T1+T2+T3h|T3:xH.hZ : 130
  Y 1|T1+T2+T3h|T3:xJ.hZ : 130
  Y 2|T1+T2+T3p+T3h|T3:xH.hJ : 109
  Y 1|T1+T2+T3h|T3:xJ.hR : 97
  Y 2|T1+T2+T3p+T3h|T3:xZ.h- : 91
  Y 2|T1+T2+T3p+T3h|T3:xZ.hR : 90
  Y 1|T2+T3p+T3h|T3:xJ.h- : 64
  Y 2|T1+T2+T3p+T3h|T3:xH.hR : 64
  Y 1|T2+T3p+T3h|T3:xJ.hJ : 63
  Y 1|T2+T3p+T3h|T2:k3 : 62
  Y 1|T2+T3p+T3h|T2:k2 : 58
  Y 2|T1+T2+T3p+T3h|T3:xZ.hJ : 57
  Y 1|T2+T3p+T3h|T3:xJ.hR : 48
  Y 1|T2+T3p+T3h|T3:xJ.hZ : 46
  Y 1|T2+T3p+T3h|T2:k4 : 43
  Y 1|T1+T2+T3h|T3:xZ.hJ : 40
  Y 1|T1+T2+T3h|T3:xZ.hR : 35
  Y 1|T2+T3p+T3h|T3:xZ.h- : 33
  Y 2|T1+T2+T3p+T3h|T3:xH.hZ : 31
  Y 2|T1+T2+T3p+T3h|T3:xZ.hZ : 31
  Y 1|T2+T3p+T3h|T3:xH.hJ : 30
  Y 1|T2+T3p+T3h|T3:xZ.hJ : 28
  Y 2|T1+T2+T3p+T3h+T4|T2:k2 : 20
  Y 2|T1+T2+T3p+T3h+T4|T4:2 : 20
  Y 1|T1+T2|T1:grow : 19
  Y 2|T1+T2+T3p+T3h+T4|T2:k3 : 19
  Y 1|T2+T3p+T3h|T3:xZ.hR : 18
  Y 2|T1+T2+T3p+T3h+T4|T3:xJ.h- : 18
  Y 2|T1+T2+T3h|T1:pool : 17
  Y 2|T1+T2+T3h|T2:k2 : 17
  Y 2|T1+T2+T3h|T3:xH.hJ : 17
  Y 2|T1+T2+T3p+T3h+T4|T1:rel : 16
  Y 2|T1+T2+T3p+T3h+T4|T3:xJ.hJ : 16
  Y 2|T1+T2+T3p+T3h+T4|T3:xJ.hR : 16
  Y 1|T2+T3p+T3h|T3:xH.hR : 15
  Y 2|T1+T2+T3h|T1:rel : 15
  Y 2|T1+T2+T3h|T2:k3 : 15
  Y 1|T1+T2+T3h|T3:xZ.hZ : 12
  Y 2|T1+T2+T3p+T3h+T4|T1:pool : 12
  Y 1|T1+T3p+T3h|T1:rel : 11
  Y 1|T1+T3p+T3h|T3:xJ.h- : 11
  Y 2|T1+T2+T3p+T3h+T4|T3:xJ.hZ : 11
  Y 1|T1+T3p+T3h|T3:xJ.hR : 10
  Y 1|T1+T3p+T3h|T3:xJ.hJ : 7
  Y 1|T2+T3h|T2:k2 : 7
  Y 1|T2+T3h|T2:k3 : 7
  Y 1|T1+T2+T3p|T1:pool : 6
  Y 1|T1+T2+T3p|T2:k2 : 6
  Y 1|T1+T2+T3p|T2:k3 : 6
  Y 1|T1+T2+T3p|T3:xJ.h- : 6
  Y 1|T1+T3p+T3h|T1:pool : 6
  Y 1|T2+T3h|T2:k4 : 6
  Y 1|T2+T3h|T3:xJ.hZ : 6
  Y 2|T1+T2+T3p+T3h|T1:grow : 6
  Y 2|T1+T3p+T3h|T1:rel : 6
  Y 2|T1+T3p+T3h|T3:xJ.h- : 6
  Y 2|T1+T3p+T3h|T3:xJ.hR : 6
  Y 1|T1+T2+T3p|T2:k4 : 5
  Y 1|T1+T2+T3p|T1:rel : 4
  Y 1|T1+T3p+T3h|T3:xJ.hZ : 4
  Y 1|T2+T3h|T3:xJ.hJ : 4
  Y 2|T1+T3p+T3h|T3:xJ.hZ : 4
  Y 3|T1+T2+T3p+T3h|T1:rel : 4
  Y 3|T1+T2+T3p+T3h|T2:k2 : 4
  Y 3|T1+T2+T3p+T3h|T3:xJ.h- : 4
  Y 3|T1+T2+T3p+T3h|T3:xJ.hR : 4
  Y 2|T1+T2+T3h|T3:xH.hR : 3
  Y 2|T1+T3p+T3h|T3:xJ.hJ : 3
  Y 3|T1+T2+T3p+T3h|T3:xJ.hZ : 3
  Y 1|T2+T3p+T3h|T3:xZ.hZ : 2
  Y 2|T1+T2+T3p+T3h+T4|T3:xH.hJ : 2
  Y 2|T1+T2+T3p+T3h+T4|T3:xZ.h- : 2
  Y 2|T1+T2+T3p+T3h+T4|T3:xZ.hJ : 2
  Y 2|T1+T2+T3p+T3h+T4|T3:xZ.hR : 2
  Y 2|T1+T2|T1:pool : 2
  Y 2|T1+T2|T1:rel : 2
  Y 2|T1+T2|T2:k2 : 2
  Y 2|T1+T2|T2:k3 : 2
  Y 2|T2+T3p+T3h|T2:k2 : 2
  Y 2|T2+T3p+T3h|T2:k3 : 2
  Y 2|T2+T3p+T3h|T3:xH.hJ : 2
  Y 2|T2+T3p+T3h|T3:xH.hR : 2
  Y 2|T2+T3p+T3h|T3:xH.hZ : 2
  Y 2|T2+T3p+T3h|T3:xJ.h- : 2
  Y 2|T2+T3p+T3h|T3:xJ.hJ : 2
  Y 2|T2+T3p+T3h|T3:xJ.hR : 2
  Y 2|T2+T3p+T3h|T3:xJ.hZ : 2
  Y 2|T2+T3p+T3h|T3:xZ.h- : 2
  Y 2|T2+T3p+T3h|T3:xZ.hJ : 2
  Y 2|T2+T3p+T3h|T3:xZ.hR : 2
  Y 2|T2+T3p+T3h|T3:xZ.hZ : 2
  Y 3|T1+T2+T3p+T3h|T3:xZ.h- : 2
  Y 3|T1+T2+T3p+T3h|T3:xZ.hR : 2
  Y 3|T1+T2+T3p+T3h|T3:xZ.hZ : 2
  Y 1|T1+T3p+T3h|T3:xH.hZ : 1
  Y 1|T1+T3p+T3h|T3:xZ.h- : 1
  Y 1|T1+T3p+T3h|T3:xZ.hJ : 1
  Y 1|T1+T3p+T3h|T3:xZ.hR : 1
  Y 1|T2+T3h|T3:xJ.hR : 1
  Y 1|T2+T3p+T3h|T3:xH.hZ : 1
  Y 2|T1+T2+T3h|T3:xH.hZ : 1
  Y 2|T1+T2+T3p+T3h+T4|T3:xZ.hZ : 1
  Y 2|T1+T2+T3p|T1:rel : 1
  Y 2|T1+T2+T3p|T2:k2 : 1
  Y 2|T1+T2+T3p|T2:k3 : 1
  Y 2|T1+T2+T3p|T3:xJ.h- : 1
  Y 2|T1+T3p+T3h|T1:pool : 1
  Y 2|T1+T3p+T3h|T3:xZ.hJ : 1
  Y 2|T1+T3p+T3h|T3:xZ.hR : 1
  Y 3|T1+T3p+T3h|T1:pool : 1
  Y 3|T1+T3p+T3h|T1:rel : 1
  Y 3|T1+T3p+T3h|T3:xJ.h- : 1
  Y 3|T1+T3p+T3h|T3:xJ.hR : 1
  Y 3|T1+T3p+T3h|T3:xZ.h- : 1
