# command: python3 k4/dlrt4_run.py catalog k4/suite/.cache/gapbench/results/k4_gap/gap_n5_3_s100.json.gz --every=1 --jobs=4 --ckpt=results/k4_rt4/ckpt_n5c_cat_gap_n5_3_s100.jsonl --dump=results/k4_rt4/dump_n5c_cat_gap_n5_3_s100.jsonl.gz --tables=results/k4_rt4/tables_n5c_cat_gap_n5_3_s100.json
# dlrt4.c sha256 fcde494a3161279d47a7b80e614f69c58894ebc7b40d00e461f677b8810d7cae
# catalog k4/suite/.cache/gapbench/results/k4_gap/gap_n5_3_s100.json.gz: 31190 instances, 16 units to run, 0 from the checkpoint
catalog k4/suite/.cache/gapbench/results/k4_gap/gap_n5_3_s100.json.gz: profiles 31190, omega >= 1: 31190; k* = 0: 30753, 1: 436, 2: 1, 3: 0, >= 4: 0, inf: 0; P with def > 0: 897, at distance 1: 896, 2: 1, 3: 0, >= 4: 0, inf: 0; Pareto-maximal: 32; largest least deficit -1
  DL_RT4: states (def > 0) with f = 0: 0 (RT4 fails at 0), with f >= 1: 897; DL_RT4 FAILS at 0 of the f >= 1 states; with an improving move T1 896, T2 891, T3p 731, T3h 865, T4 2; only T1 0, only T2 0, only T3 0, only T4 0; R_T fails at 0, R_13 at 0, R_13 + T4 at 0; smallest RT4 move size 1 / 2 / 3 / >= 4 / none: 896 / 1 / 0 / 0 / 0; anomalies 0 + 0 [4 s]
table B: f >= 1 states by f | signature | branch : count
  B 1|G,D2|T1+T2+T3p+T3h : 330
  B 1|fO,G,D2|T1+T2+T3p+T3h : 149
  B 1|fO,L|T1+T2+T3p+T3h : 117
  B 1|fO,L|T1+T2+T3h : 86
  B 1|fO|T1+T2+T3h : 35
  B 2|G,D2|T1+T2+T3p+T3h : 31
  B 1|G,D2,PM|T1+T2+T3p+T3h : 25
  B 2|G,L,D2|T1+T2+T3p+T3h : 17
  B 1|fO|T1+T2 : 15
  B 1|e2,G,D2|T1+T2+T3p+T3h : 14
  B 2|fO,L|T1+T2+T3p+T3h : 13
  B 2|fO,L|T1+T2+T3h : 11
  B 1|fO,L|T1+T2 : 9
  B 1|fO|T1+T2+T3p+T3h : 8
  B 1|e2,fO|T1+T2 : 4
  B 1|G,D2|T1+T3p+T3h : 3
  B 1|e2,fO,L|T1+T2+T3p+T3h : 3
  B 2|G,D2,PM|T1+T2+T3p+T3h : 3
  B 1|e2,G,D2,PM|T1+T2+T3p+T3h : 2
  B 1|e2,fO,G,D2|T1+T2+T3p+T3h : 2
  B 1|e2,fO,L|T1+T2+T3h : 2
  B 2|G,L,D2,PM|T1+T2+T3p+T3h : 2
  B 2|fO,L,D2|T1+T2+T3h : 2
  B 3|G,L,D2|T1+T3p+T3h+T4 : 2
  B 1|G,D2|T1+T2+T3p : 1
  B 1|G,D2|T2+T3p : 1
  B 1|e2,fO,L|T1+T2 : 1
  B 1|e2,fO|T1+T2+T3h : 1
  B 1|fO,L|T1+T2+T3p : 1
  B 2|G,L,D2|T1+T3p+T3h : 1
  B 2|G,O,D2|T1+T2+T3p+T3h : 1
  B 2|L,O,D2|T1+T2+T3p+T3h : 1
  B 2|fO,G,D2|T1+T2+T3p+T3h : 1
  B 2|fO,G,L,D2|T1+T2+T3p+T3h : 1
  B 2|fO,L,O|T1+T2+T3p+T3h : 1
  B 2|fO|T1+T2+T3p+T3h : 1
table G: f >= 1 states by f | nearest distance k | branch : count
  G 1|1|T1+T2+T3p+T3h : 650
  G 1|1|T1+T2+T3h : 124
  G 2|1|T1+T2+T3p+T3h : 72
  G 1|1|T1+T2 : 29
  G 2|1|T1+T2+T3h : 13
  G 1|1|T1+T3p+T3h : 3
  G 1|1|T1+T2+T3p : 2
  G 3|1|T1+T3p+T3h+T4 : 2
  G 1|2|T2+T3p : 1
  G 2|1|T1+T3p+T3h : 1
table M: f >= 1 states by f | branch | smallest RT4 move size : count
  M 1|T1+T2+T3p+T3h|1 : 650
  M 1|T1+T2+T3h|1 : 124
  M 2|T1+T2+T3p+T3h|1 : 72
  M 1|T1+T2|1 : 29
  M 2|T1+T2+T3h|1 : 13
  M 1|T1+T3p+T3h|1 : 3
  M 1|T1+T2+T3p|1 : 2
  M 3|T1+T3p+T3h+T4|1 : 2
  M 1|T2+T3p|2 : 1
  M 2|T1+T3p+T3h|1 : 1
table Z: f >= 1 states by f | branch available | its smallest move size : count
  Z 1|T1|1 : 808
  Z 1|T2|2 : 806
  Z 1|T3h|3 : 777
  Z 1|T3p|2 : 656
  Z 2|T1|1 : 86
  Z 2|T3h|3 : 86
  Z 2|T2|2 : 85
  Z 2|T3p|2 : 73
  Z 3|T1|1 : 2
  Z 3|T3h|3 : 2
  Z 3|T3p|2 : 2
  Z 3|T4|2 : 2
table C: f >= 1 states with T4 by f | smallest T4 size | cycle types at that size : count
  C 3|2|2 : 2
table Y: f >= 1 states by f | branch | move type available : count
  Y 1|T1+T2+T3p+T3h|T2:k2 : 650
  Y 1|T1+T2+T3p+T3h|T3:xJ.h- : 649
  Y 1|T1+T2+T3p+T3h|T1:rel : 636
  Y 1|T1+T2+T3p+T3h|T2:k3 : 635
  Y 1|T1+T2+T3p+T3h|T3:xJ.hR : 632
  Y 1|T1+T2+T3p+T3h|T1:pool : 563
  Y 1|T1+T2+T3p+T3h|T2:k4 : 544
  Y 1|T1+T2+T3p+T3h|T3:xJ.hJ : 493
  Y 1|T1+T2+T3p+T3h|T3:xJ.hZ : 177
  Y 1|T1+T2+T3h|T1:pool : 124
  Y 1|T1+T2+T3h|T1:rel : 124
  Y 1|T1+T2+T3h|T2:k2 : 124
  Y 1|T1+T2+T3h|T2:k3 : 124
  Y 1|T1+T2+T3h|T3:xH.hJ : 111
  Y 1|T1+T2+T3h|T2:k4 : 104
  Y 2|T1+T2+T3p+T3h|T1:rel : 72
  Y 2|T1+T2+T3p+T3h|T2:k2 : 72
  Y 2|T1+T2+T3p+T3h|T2:k3 : 65
  Y 2|T1+T2+T3p+T3h|T3:xJ.h- : 64
  Y 2|T1+T2+T3p+T3h|T3:xJ.hR : 64
  Y 1|T1+T2+T3p+T3h|T3:xH.hR : 57
  Y 2|T1+T2+T3p+T3h|T1:pool : 48
  Y 1|T1+T2+T3p+T3h|T3:xH.hJ : 44
  Y 2|T1+T2+T3p+T3h|T3:xJ.hJ : 31
  Y 1|T1+T2|T1:pool : 29
  Y 1|T1+T2|T2:k2 : 29
  Y 1|T1+T2|T2:k3 : 29
  Y 1|T1+T2|T1:rel : 28
  Y 1|T1+T2|T2:k4 : 27
  Y 1|T1+T2+T3p+T3h|T3:xZ.hR : 25
  Y 1|T1+T2+T3p+T3h|T3:xZ.h- : 23
  Y 1|T1+T2+T3p+T3h|T1:grow : 16
  Y 1|T1+T2+T3h|T3:xH.hR : 15
  Y 2|T1+T2+T3h|T1:pool : 13
  Y 2|T1+T2+T3h|T1:rel : 13
  Y 2|T1+T2+T3h|T2:k2 : 13
  Y 2|T1+T2+T3h|T2:k3 : 13
  Y 2|T1+T2+T3p+T3h|T3:xJ.hZ : 13
  Y 1|T1+T2+T3p+T3h|T3:xH.hZ : 12
  Y 2|T1+T2+T3p+T3h|T3:xZ.h- : 12
  Y 2|T1+T2+T3p+T3h|T3:xZ.hR : 12
  Y 2|T1+T2+T3h|T3:xH.hJ : 11
  Y 2|T1+T2+T3p+T3h|T3:xH.hJ : 11
  Y 2|T1+T2+T3p+T3h|T3:xZ.hJ : 9
  Y 1|T1+T2+T3h|T1:grow : 7
  Y 1|T1+T2+T3p+T3h|T3:xZ.hJ : 6
  Y 2|T1+T2+T3p+T3h|T3:xH.hR : 6
  Y 1|T1+T2+T3p+T3h|T3:xZ.hZ : 5
  Y 1|T1+T2|T1:grow : 3
  Y 1|T1+T3p+T3h|T1:pool : 3
  Y 1|T1+T3p+T3h|T1:rel : 3
  Y 1|T1+T3p+T3h|T3:xJ.h- : 3
  Y 1|T1+T3p+T3h|T3:xJ.hJ : 3
  Y 1|T1+T3p+T3h|T3:xJ.hR : 3
  Y 1|T1+T2+T3p|T1:pool : 2
  Y 1|T1+T2+T3p|T2:k2 : 2
  Y 1|T1+T2+T3p|T2:k3 : 2
  Y 1|T1+T2+T3p|T3:xJ.h- : 2
  Y 2|T1+T2+T3h|T3:xH.hR : 2
  Y 3|T1+T3p+T3h+T4|T1:rel : 2
  Y 3|T1+T3p+T3h+T4|T3:xJ.h- : 2
  Y 3|T1+T3p+T3h+T4|T3:xJ.hR : 2
  Y 3|T1+T3p+T3h+T4|T4:2 : 2
  Y 1|T1+T3p+T3h|T3:xJ.hZ : 1
  Y 1|T2+T3p|T2:k2 : 1
  Y 1|T2+T3p|T2:k3 : 1
  Y 1|T2+T3p|T3:xJ.h- : 1
  Y 2|T1+T2+T3h|T1:grow : 1
  Y 2|T1+T2+T3h|T3:xH.hZ : 1
  Y 2|T1+T2+T3p+T3h|T3:xH.hZ : 1
  Y 2|T1+T2+T3p+T3h|T3:xZ.hZ : 1
  Y 2|T1+T3p+T3h|T1:pool : 1
  Y 2|T1+T3p+T3h|T1:rel : 1
  Y 2|T1+T3p+T3h|T3:xJ.h- : 1
  Y 2|T1+T3p+T3h|T3:xJ.hJ : 1
  Y 2|T1+T3p+T3h|T3:xJ.hR : 1
