# command: python3 k4/dlrt4_run.py catalog k4/suite/.cache/gapbench/results/k4_gap/gap_n5_4_s100.json.gz --every=1 --jobs=4 --ckpt=results/k4_rt4/ckpt_n5c_cat_gap_n5_4_s100.jsonl --dump=results/k4_rt4/dump_n5c_cat_gap_n5_4_s100.jsonl.gz --tables=results/k4_rt4/tables_n5c_cat_gap_n5_4_s100.json
# dlrt4.c sha256 fcde494a3161279d47a7b80e614f69c58894ebc7b40d00e461f677b8810d7cae
# catalog k4/suite/.cache/gapbench/results/k4_gap/gap_n5_4_s100.json.gz: 47274 instances, 24 units to run, 0 from the checkpoint
catalog k4/suite/.cache/gapbench/results/k4_gap/gap_n5_4_s100.json.gz: profiles 47274, omega >= 1: 47274; k* = 0: 45376, 1: 1886, 2: 12, 3: 0, >= 4: 0, inf: 0; P with def > 0: 5794, at distance 1: 5768, 2: 26, 3: 0, >= 4: 0, inf: 0; Pareto-maximal: 210; largest least deficit 0
  DL_RT4: states (def > 0) with f = 0: 0 (RT4 fails at 0), with f >= 1: 5794; DL_RT4 FAILS at 0 of the f >= 1 states; with an improving move T1 5768, T2 5782, T3p 4725, T3h 5512, T4 21; only T1 0, only T2 0, only T3 1, only T4 0; R_T fails at 0, R_13 at 0, R_13 + T4 at 0; smallest RT4 move size 1 / 2 / 3 / >= 4 / none: 5768 / 26 / 0 / 0 / 0; anomalies 0 + 0 [9 s]
table B: f >= 1 states by f | signature | branch : count
  B 1|G,D2|T1+T2+T3p+T3h : 1940
  B 1|fO,G,D2|T1+T2+T3p+T3h : 1252
  B 1|fO,L|T1+T2+T3p+T3h : 605
  B 1|fO,L|T1+T2+T3h : 417
  B 1|fO|T1+T2+T3h : 315
  B 1|fO|T1+T2+T3p+T3h : 199
  B 1|fO|T1+T2 : 172
  B 1|G,D2,PM|T1+T2+T3p+T3h : 163
  B 2|G,D2|T1+T2+T3p+T3h : 121
  B 1|e2,G,D2|T1+T2+T3p+T3h : 62
  B 1|fO,L|T1+T2 : 61
  B 1|fO,L,D2|T1+T2+T3p+T3h : 57
  B 1|fO,O|T1+T2+T3p+T3h : 42
  B 2|G,L,D2|T1+T2+T3p+T3h : 37
  B 1|e2,fO,L|T1+T2+T3p+T3h : 25
  B 1|e2,fO,G,D2|T1+T2+T3p+T3h : 23
  B 1|fO,L,D2|T1+T2+T3h : 22
  B 1|e2,G,D2,PM|T1+T2+T3p+T3h : 19
  B 1|e2,fO|T1+T2 : 19
  B 2|fO,G,D2|T1+T2+T3p+T3h : 19
  B 1|e2,fO|T1+T2+T3h : 18
  B 1|G,D2|T2+T3p+T3h : 17
  B 1|e2,fO|T1+T2+T3p+T3h : 15
  B 2|G,D2,PM|T1+T2+T3p+T3h : 14
  B 2|G,O,D2|T1+T2+T3p+T3h : 13
  B 2|fO,L|T1+T2+T3p+T3h : 13
  B 1|fO,G1|T1+T2+T3p+T3h : 12
  B 1|e2,fO,L|T1+T2 : 10
  B 1|fO,L,D2|T1+T2 : 10
  B 2|G,D2|T1+T2+T3p+T3h+T4 : 9
  B 2|G,L,D2,PM|T1+T2+T3p+T3h : 9
  B 1|e2,fO,L|T1+T2+T3h : 8
  B 2|fO,L|T1+T2+T3h : 8
  B 2|fO,L|T1+T2+T3p+T3h+T4 : 8
  B 1|G,D2|T1+T3p+T3h : 7
  B 2|fO,G,L,D2|T1+T2+T3p+T3h : 7
  B 1|G,D2|T1+T2+T3p : 4
  B 1|fO,G,D2|T2+T3p+T3h : 4
  B 1|G,D2,PM|T1+T3p+T3h : 3
  B 1|e2,G,D2|T1+T2+T3p : 2
  B 1|fO,L,O,D2|T1+T2+T3p+T3h : 2
  B 1|fO,L|T1+T2+T3p : 2
  B 2|G,G1,D2|T1+T2+T3p+T3h : 2
  B 2|fO,G1,L|T1+T2+T3p+T3h : 2
  B 2|fO,L,D2|T1+T2+T3h : 2
  B 2|fO,L,D2|T1+T2+T3p+T3h : 2
  B 2|fO,L|T1+T2+T3h+T4 : 2
  B 2|fO|T1+T2+T3h : 2
  B 2|fO|T1+T2+T3p+T3h : 2
  B 1|G,D2|T1+T2+T3h : 1
  B 1|G,D2|T2+T3p : 1
  B 1|G,D2|T3p+T3h : 1
  B 1|e2,G,D2|T2+T3p+T3h : 1
  B 1|e2,fO,G1|T1+T2+T3p+T3h : 1
  B 1|e2,fO,L,D2|T1+T2+T3h : 1
  B 1|e2,fO,O|T1+T2+T3p+T3h : 1
  B 2|G,D2,PM|T1+T2+T3h : 1
  B 2|G,D2|T2+T3p+T3h : 1
  B 2|G,G1,D2,PM|T1+T2+T3p+T3h : 1
  B 2|G,L,D2|T1+T2+T3p+T3h+T4 : 1
  B 2|G1,L|T2+T3p : 1
  B 2|e2,G,L,D2|T1+T2+T3p+T3h : 1
  B 2|fO,G1|T1+T2+T3p+T3h : 1
  B 3|G,L,D2|T1+T3p+T3h+T4 : 1
table G: f >= 1 states by f | nearest distance k | branch : count
  G 1|1|T1+T2+T3p+T3h : 4418
  G 1|1|T1+T2+T3h : 782
  G 1|1|T1+T2 : 272
  G 2|1|T1+T2+T3p+T3h : 244
  G 1|2|T2+T3p+T3h : 22
  G 2|1|T1+T2+T3p+T3h+T4 : 18
  G 2|1|T1+T2+T3h : 13
  G 1|1|T1+T3p+T3h : 10
  G 1|1|T1+T2+T3p : 8
  G 2|1|T1+T2+T3h+T4 : 2
  G 1|2|T2+T3p : 1
  G 1|2|T3p+T3h : 1
  G 2|2|T2+T3p : 1
  G 2|2|T2+T3p+T3h : 1
  G 3|1|T1+T3p+T3h+T4 : 1
table M: f >= 1 states by f | branch | smallest RT4 move size : count
  M 1|T1+T2+T3p+T3h|1 : 4418
  M 1|T1+T2+T3h|1 : 782
  M 1|T1+T2|1 : 272
  M 2|T1+T2+T3p+T3h|1 : 244
  M 1|T2+T3p+T3h|2 : 22
  M 2|T1+T2+T3p+T3h+T4|1 : 18
  M 2|T1+T2+T3h|1 : 13
  M 1|T1+T3p+T3h|1 : 10
  M 1|T1+T2+T3p|1 : 8
  M 2|T1+T2+T3h+T4|1 : 2
  M 1|T2+T3p|2 : 1
  M 1|T3p+T3h|2 : 1
  M 2|T2+T3p+T3h|2 : 1
  M 2|T2+T3p|2 : 1
  M 3|T1+T3p+T3h+T4|1 : 1
table Z: f >= 1 states by f | branch available | its smallest move size : count
  Z 1|T2|2 : 5501
  Z 1|T1|1 : 5490
  Z 1|T3h|3 : 5233
  Z 1|T3p|2 : 4460
  Z 2|T2|2 : 279
  Z 2|T3h|3 : 278
  Z 2|T1|1 : 277
  Z 2|T3p|2 : 264
  Z 2|T4|2 : 20
  Z 1|T2|3 : 2
  Z 3|T1|1 : 1
  Z 3|T3h|3 : 1
  Z 3|T3p|2 : 1
  Z 3|T4|3 : 1
table C: f >= 1 states with T4 by f | smallest T4 size | cycle types at that size : count
  C 2|2|2 : 20
  C 3|3|3 : 1
table Y: f >= 1 states by f | branch | move type available : count
  Y 1|T1+T2+T3p+T3h|T2:k2 : 4416
  Y 1|T1+T2+T3p+T3h|T2:k3 : 4321
  Y 1|T1+T2+T3p+T3h|T3:xJ.h- : 4299
  Y 1|T1+T2+T3p+T3h|T1:rel : 4274
  Y 1|T1+T2+T3p+T3h|T3:xJ.hR : 4162
  Y 1|T1+T2+T3p+T3h|T1:pool : 3882
  Y 1|T1+T2+T3p+T3h|T3:xJ.hJ : 3792
  Y 1|T1+T2+T3p+T3h|T2:k4 : 3693
  Y 1|T1+T2+T3p+T3h|T3:xJ.hZ : 1736
  Y 1|T1+T2+T3h|T2:k2 : 782
  Y 1|T1+T2+T3h|T1:pool : 779
  Y 1|T1+T2+T3p+T3h|T3:xH.hJ : 776
  Y 1|T1+T2+T3h|T2:k3 : 773
  Y 1|T1+T2+T3h|T1:rel : 760
  Y 1|T1+T2+T3h|T3:xH.hJ : 751
  Y 1|T1+T2+T3h|T2:k4 : 684
  Y 1|T1+T2+T3p+T3h|T3:xZ.h- : 453
  Y 1|T1+T2+T3p+T3h|T3:xZ.hR : 438
  Y 1|T1+T2+T3p+T3h|T3:xH.hR : 412
  Y 1|T1+T2+T3p+T3h|T3:xZ.hJ : 339
  Y 1|T1+T2|T1:pool : 272
  Y 1|T1+T2|T1:rel : 272
  Y 1|T1+T2|T2:k2 : 272
  Y 1|T1+T2|T2:k3 : 272
  Y 2|T1+T2+T3p+T3h|T1:rel : 244
  Y 2|T1+T2+T3p+T3h|T2:k2 : 244
  Y 1|T1+T2|T2:k4 : 243
  Y 2|T1+T2+T3p+T3h|T3:xJ.h- : 240
  Y 2|T1+T2+T3p+T3h|T3:xJ.hR : 238
  Y 1|T1+T2+T3p+T3h|T3:xH.hZ : 215
  Y 2|T1+T2+T3p+T3h|T2:k3 : 207
  Y 2|T1+T2+T3p+T3h|T3:xJ.hJ : 172
  Y 1|T1+T2+T3p+T3h|T1:grow : 154
  Y 2|T1+T2+T3p+T3h|T1:pool : 127
  Y 1|T1+T2+T3h|T3:xH.hR : 113
  Y 2|T1+T2+T3p+T3h|T3:xJ.hZ : 71
  Y 1|T1+T2+T3p+T3h|T3:xZ.hZ : 66
  Y 2|T1+T2+T3p+T3h|T3:xZ.hR : 55
  Y 2|T1+T2+T3p+T3h|T3:xZ.h- : 45
  Y 1|T1+T2+T3h|T1:grow : 44
  Y 2|T1+T2+T3p+T3h|T3:xZ.hJ : 35
  Y 1|T1+T2|T1:grow : 32
  Y 2|T1+T2+T3p+T3h|T3:xH.hJ : 29
  Y 1|T1+T2+T3h|T3:xH.hZ : 27
  Y 2|T1+T2+T3p+T3h|T3:xH.hR : 25
  Y 1|T2+T3p+T3h|T2:k2 : 22
  Y 1|T2+T3p+T3h|T2:k3 : 22
  Y 1|T2+T3p+T3h|T3:xJ.h- : 22
  Y 1|T2+T3p+T3h|T3:xJ.hJ : 21
  Y 2|T1+T2+T3p+T3h+T4|T2:k2 : 18
  Y 2|T1+T2+T3p+T3h+T4|T3:xJ.h- : 18
  Y 2|T1+T2+T3p+T3h+T4|T4:2 : 18
  Y 1|T2+T3p+T3h|T3:xJ.hR : 17
  Y 2|T1+T2+T3p+T3h+T4|T1:rel : 17
  Y 1|T2+T3p+T3h|T2:k4 : 16
  Y 2|T1+T2+T3p+T3h+T4|T2:k3 : 16
  Y 2|T1+T2+T3p+T3h+T4|T3:xJ.hR : 15
  Y 2|T1+T2+T3h|T1:rel : 13
  Y 2|T1+T2+T3h|T2:k2 : 13
  Y 2|T1+T2+T3h|T1:pool : 12
  Y 1|T2+T3p+T3h|T3:xJ.hZ : 11
  Y 2|T1+T2+T3p+T3h+T4|T1:pool : 11
  Y 2|T1+T2+T3p+T3h+T4|T3:xJ.hJ : 11
  Y 2|T1+T2+T3p+T3h|T3:xZ.hZ : 11
  Y 1|T1+T3p+T3h|T1:rel : 10
  Y 1|T1+T3p+T3h|T3:xJ.h- : 10
  Y 1|T1+T3p+T3h|T3:xJ.hR : 10
  Y 2|T1+T2+T3h|T3:xH.hJ : 10
  Y 2|T1+T2+T3h|T2:k3 : 9
  Y 1|T1+T2+T3p|T1:pool : 8
  Y 1|T1+T2+T3p|T2:k2 : 8
  Y 1|T1+T2+T3p|T3:xJ.h- : 8
  Y 1|T1+T3p+T3h|T1:pool : 8
  Y 1|T1+T2+T3h|T3:xJ.hJ : 7
  Y 1|T1+T3p+T3h|T3:xJ.hJ : 7
  Y 1|T1+T3p+T3h|T3:xJ.hZ : 7
  Y 1|T1+T2+T3h|T3:xJ.hR : 6
  Y 1|T1+T2+T3p|T2:k3 : 6
  Y 1|T2+T3p+T3h|T3:xH.hJ : 6
  Y 1|T2+T3p+T3h|T3:xH.hZ : 6
  Y 2|T1+T2+T3p+T3h|T3:xH.hZ : 6
  Y 1|T1+T2+T3p|T1:rel : 5
  Y 1|T1+T2+T3p|T2:k4 : 4
  Y 1|T2+T3p+T3h|T3:xH.hR : 3
  Y 2|T1+T2+T3h|T3:xH.hR : 3
  Y 2|T1+T2+T3h|T3:xH.hZ : 3
  Y 2|T1+T2+T3p+T3h+T4|T3:xH.hJ : 3
  Y 2|T1+T2+T3p+T3h+T4|T3:xJ.hZ : 3
  Y 1|T1+T2+T3h|T3:xZ.hJ : 2
  Y 1|T1+T2+T3h|T3:xZ.hR : 2
  Y 1|T1+T3p+T3h|T3:xZ.h- : 2
  Y 1|T1+T3p+T3h|T3:xZ.hZ : 2
  Y 2|T1+T2+T3h+T4|T1:pool : 2
  Y 2|T1+T2+T3h+T4|T1:rel : 2
  Y 2|T1+T2+T3h+T4|T2:k2 : 2
  Y 2|T1+T2+T3h+T4|T2:k3 : 2
  Y 2|T1+T2+T3h+T4|T3:xH.hJ : 2
  Y 2|T1+T2+T3h+T4|T3:xJ.hJ : 2
  Y 2|T1+T2+T3h+T4|T3:xJ.hR : 2
  Y 2|T1+T2+T3h+T4|T4:2 : 2
  Y 1|T1+T2+T3h|T3:xJ.hZ : 1
  Y 1|T1+T3p+T3h|T3:xH.hJ : 1
  Y 1|T1+T3p+T3h|T3:xH.hR : 1
  Y 1|T1+T3p+T3h|T3:xZ.hR : 1
  Y 1|T2+T3p|T2:k2 : 1
  Y 1|T2+T3p|T3:xJ.h- : 1
  Y 1|T3p+T3h|T3:xJ.h- : 1
  Y 1|T3p+T3h|T3:xJ.hZ : 1
  Y 2|T1+T2+T3h+T4|T3:xJ.hZ : 1
  Y 2|T1+T2+T3p+T3h+T4|T3:xH.hR : 1
  Y 2|T1+T2+T3p+T3h|T1:grow : 1
  Y 2|T2+T3p+T3h|T2:k2 : 1
  Y 2|T2+T3p+T3h|T2:k3 : 1
  Y 2|T2+T3p+T3h|T3:xJ.h- : 1
  Y 2|T2+T3p+T3h|T3:xJ.hJ : 1
  Y 2|T2+T3p+T3h|T3:xJ.hR : 1
  Y 2|T2+T3p+T3h|T3:xZ.hJ : 1
  Y 2|T2+T3p+T3h|T3:xZ.hR : 1
  Y 2|T2+T3p|T2:k2 : 1
  Y 2|T2+T3p|T3:xJ.h- : 1
  Y 2|T2+T3p|T3:xZ.h- : 1
  Y 3|T1+T3p+T3h+T4|T1:rel : 1
  Y 3|T1+T3p+T3h+T4|T3:xJ.h- : 1
  Y 3|T1+T3p+T3h+T4|T3:xJ.hR : 1
  Y 3|T1+T3p+T3h+T4|T4:3 : 1
