# command: python3 k4/rulef_hunt.py n6hi --file=results/k4_certs_6_n4_1.json.gz --mmin=10 --evals=10000 --key=M --relabel
# k4/rulef.c sha256 5721abf3bc9e25b101412aeb6b602db24d80e1991beee9a367a01cf9ccfc424e
# k4/rulef_hunt_eval.c sha256 5d7c62157e4daf0cfad93985eecee273bb9fd7408ffdf6636304cb285254944b; evaluator options -Y1 -r2 -T1; B=48 R0=96 STAG=25; key M; samep 0.0; kick None; relabel True
# units 5382, done before 0, to do 5382, evals per unit 10000, jobs 4
[      1s] units 1/5382 evals 10752 (8340/s) est. total 115.6 min; best nwork per unit {6: 1}; tight profiles 0; best key [6, 3, 5, 10] at k4_certs_6_n4_1.json.gz:21486
[      1s] units 2/5382 evals 21264 (16377/s) est. total 58.2 min; best nwork per unit {6: 2}; tight profiles 0; best key [6, 3, 5, 10] at k4_certs_6_n4_1.json.gz:21486
[      1s] units 4/5382 evals 42768 (32599/s) est. total 29.4 min; best nwork per unit {6: 4}; tight profiles 0; best key [6, 2, 6, 6] at k4_certs_6_n4_1.json.gz:21485
[      2s] units 8/5382 evals 85728 (51057/s) est. total 18.8 min; best nwork per unit {6: 8}; tight profiles 0; best key [6, 2, 6, 6] at k4_certs_6_n4_1.json.gz:21485
[     18s] units 200/5382 evals 2128128 (119614/s) est. total 8.0 min; best nwork per unit {6: 200}; tight profiles 0; best key [6, -1, 0, -6] at k4_certs_6_n4_1.json.gz:21660
[     33s] units 400/5382 evals 4259856 (128730/s) est. total 7.4 min; best nwork per unit {6: 400}; tight profiles 0; best key [6, -1, 0, -6] at k4_certs_6_n4_1.json.gz:21660
[     48s] units 600/5382 evals 6389376 (134420/s) est. total 7.1 min; best nwork per unit {6: 600}; tight profiles 0; best key [6, -1, 0, -6] at k4_certs_6_n4_1.json.gz:21660
[     63s] units 800/5382 evals 8520096 (135228/s) est. total 7.1 min; best nwork per unit {6: 800}; tight profiles 0; best key [6, -1, 0, -6] at k4_certs_6_n4_1.json.gz:21660
[     78s] units 1000/5382 evals 10655328 (137418/s) est. total 7.0 min; best nwork per unit {6: 1000}; tight profiles 0; best key [6, -1, 0, -6] at k4_certs_6_n4_1.json.gz:21660
[     92s] units 1200/5382 evals 12781872 (138414/s) est. total 6.9 min; best nwork per unit {6: 1200}; tight profiles 0; best key [6, -1, 0, -6] at k4_certs_6_n4_1.json.gz:21660
[    108s] units 1400/5382 evals 14913696 (138284/s) est. total 6.9 min; best nwork per unit {6: 1400}; tight profiles 0; best key [6, -1, 0, -6] at k4_certs_6_n4_1.json.gz:21660
[    122s] units 1600/5382 evals 17029440 (139319/s) est. total 6.9 min; best nwork per unit {6: 1600}; tight profiles 0; best key [6, -1, 0, -6] at k4_certs_6_n4_1.json.gz:21660
[    136s] units 1800/5382 evals 19167072 (140922/s) est. total 6.8 min; best nwork per unit {6: 1800}; tight profiles 0; best key [6, -1, 0, -6] at k4_certs_6_n4_1.json.gz:21660
[    150s] units 2000/5382 evals 21298032 (141819/s) est. total 6.7 min; best nwork per unit {6: 2000}; tight profiles 0; best key [6, -1, 0, -6] at k4_certs_6_n4_1.json.gz:21660
[    164s] units 2200/5382 evals 23422752 (142816/s) est. total 6.7 min; best nwork per unit {6: 2200}; tight profiles 0; best key [6, -1, 0, -6] at k4_certs_6_n4_1.json.gz:21660
[    179s] units 2400/5382 evals 25554000 (142903/s) est. total 6.7 min; best nwork per unit {6: 2400}; tight profiles 0; best key [6, -1, 0, -6] at k4_certs_6_n4_1.json.gz:21660
[    192s] units 2600/5382 evals 27686736 (144005/s) est. total 6.6 min; best nwork per unit {6: 2600}; tight profiles 0; best key [6, -1, 0, -6] at k4_certs_6_n4_1.json.gz:21660
[    206s] units 2800/5382 evals 29817264 (144436/s) est. total 6.6 min; best nwork per unit {6: 2800}; tight profiles 0; best key [6, -1, 0, -6] at k4_certs_6_n4_1.json.gz:21660
[    220s] units 3000/5382 evals 31948800 (144944/s) est. total 6.6 min; best nwork per unit {6: 3000}; tight profiles 0; best key [6, -1, 0, -6] at k4_certs_6_n4_1.json.gz:21660
[    235s] units 3200/5382 evals 34076496 (144782/s) est. total 6.6 min; best nwork per unit {6: 3200}; tight profiles 0; best key [6, -1, 0, -6] at k4_certs_6_n4_1.json.gz:21660
[    250s] units 3400/5382 evals 36205968 (144997/s) est. total 6.6 min; best nwork per unit {6: 3400}; tight profiles 0; best key [6, -1, 0, -6] at k4_certs_6_n4_1.json.gz:21660
[    264s] units 3600/5382 evals 38338992 (145305/s) est. total 6.6 min; best nwork per unit {6: 3600}; tight profiles 0; best key [6, -1, 0, -6] at k4_certs_6_n4_1.json.gz:21660
[    278s] units 3800/5382 evals 40468224 (145442/s) est. total 6.6 min; best nwork per unit {6: 3800}; tight profiles 0; best key [6, -1, 0, -6] at k4_certs_6_n4_1.json.gz:21660
[    293s] units 4000/5382 evals 42602160 (145515/s) est. total 6.6 min; best nwork per unit {6: 4000}; tight profiles 0; best key [6, -1, 0, -6] at k4_certs_6_n4_1.json.gz:21660
[    308s] units 4200/5382 evals 44734944 (145391/s) est. total 6.6 min; best nwork per unit {6: 4200}; tight profiles 0; best key [6, -1, 0, -6] at k4_certs_6_n4_1.json.gz:21660
[    324s] units 4400/5382 evals 46867488 (144757/s) est. total 6.6 min; best nwork per unit {6: 4400}; tight profiles 0; best key [6, -1, 0, -6] at k4_certs_6_n4_1.json.gz:21660
[    341s] units 4600/5382 evals 48999648 (143531/s) est. total 6.7 min; best nwork per unit {6: 4600}; tight profiles 0; best key [6, -1, 0, -6] at k4_certs_6_n4_1.json.gz:21660
[    359s] units 4800/5382 evals 51130704 (142492/s) est. total 6.7 min; best nwork per unit {6: 4800}; tight profiles 0; best key [6, -1, 0, -6] at k4_certs_6_n4_1.json.gz:21660
[    375s] units 5000/5382 evals 53263920 (142072/s) est. total 6.7 min; best nwork per unit {6: 5000}; tight profiles 0; best key [6, -1, 0, -6] at k4_certs_6_n4_1.json.gz:21660
[    392s] units 5200/5382 evals 55395888 (141485/s) est. total 6.8 min; best nwork per unit {6: 5200}; tight profiles 0; best key [6, -1, 0, -6] at k4_certs_6_n4_1.json.gz:21660
[    410s] units 5382/5382 evals 57334752 (139736/s) est. total 6.8 min; best nwork per unit {6: 5382}; tight profiles 0; best key [6, -1, 0, -6] at k4_certs_6_n4_1.json.gz:21660
# finished: units 5382 this session, evals 57334752, tight profiles dumped 0, time 410s
