# command: python3 k4/rulef_hunt.py n6lo --file=results/k4_certs_6_n4_1.json.gz --mmax=9 --evals=2000 --key=M
# k4/rulef.c sha256 5721abf3bc9e25b101412aeb6b602db24d80e1991beee9a367a01cf9ccfc424e
# k4/rulef_hunt_eval.c sha256 5d7c62157e4daf0cfad93985eecee273bb9fd7408ffdf6636304cb285254944b; evaluator options -Y1 -r2 -T1; B=48 R0=96 STAG=25; key M; samep 0.0; kick None; relabel False
# units 21484, done before 0, to do 21484, evals per unit 2000, jobs 4
[      1s] units 1/21484 evals 2016 (2007/s) est. total 359.6 min; best nwork per unit {6: 1}; tight profiles 0; best key [6, 3, 6, 18] at k4_certs_6_n4_1.json.gz:3
[      1s] units 2/21484 evals 4032 (3982/s) est. total 181.3 min; best nwork per unit {6: 2}; tight profiles 0; best key [6, 3, 6, 18] at k4_certs_6_n4_1.json.gz:3
[      1s] units 4/21484 evals 8064 (7679/s) est. total 94.0 min; best nwork per unit {6: 4}; tight profiles 0; best key [6, 3, 6, 18] at k4_certs_6_n4_1.json.gz:3
[      1s] units 8/21484 evals 16128 (14644/s) est. total 49.3 min; best nwork per unit {6: 8}; tight profiles 0; best key [6, 3, 6, 18] at k4_certs_6_n4_1.json.gz:3
[      3s] units 200/21484 evals 403200 (117890/s) est. total 6.1 min; best nwork per unit {6: 200}; tight profiles 0; best key [6, 3, 6, 18] at k4_certs_6_n4_1.json.gz:3
[      6s] units 400/21484 evals 806400 (134440/s) est. total 5.4 min; best nwork per unit {6: 400}; tight profiles 0; best key [6, 3, 6, 18] at k4_certs_6_n4_1.json.gz:3
[      8s] units 600/21484 evals 1209600 (150979/s) est. total 4.8 min; best nwork per unit {6: 600}; tight profiles 0; best key [6, 3, 6, 18] at k4_certs_6_n4_1.json.gz:3
[     10s] units 800/21484 evals 1612800 (161704/s) est. total 4.5 min; best nwork per unit {6: 800}; tight profiles 0; best key [6, 3, 6, 18] at k4_certs_6_n4_1.json.gz:3
[     12s] units 1000/21484 evals 2016000 (171747/s) est. total 4.2 min; best nwork per unit {6: 1000}; tight profiles 0; best key [6, 3, 6, 18] at k4_certs_6_n4_1.json.gz:3
[     13s] units 1200/21484 evals 2419200 (179575/s) est. total 4.0 min; best nwork per unit {6: 1200}; tight profiles 0; best key [6, 3, 6, 18] at k4_certs_6_n4_1.json.gz:3
[     15s] units 1400/21484 evals 2822400 (184680/s) est. total 3.9 min; best nwork per unit {6: 1400}; tight profiles 0; best key [6, 3, 6, 18] at k4_certs_6_n4_1.json.gz:3
[     17s] units 1600/21484 evals 3225600 (186904/s) est. total 3.9 min; best nwork per unit {6: 1600}; tight profiles 0; best key [6, 3, 6, 18] at k4_certs_6_n4_1.json.gz:3
[     19s] units 1800/21484 evals 3628800 (189245/s) est. total 3.8 min; best nwork per unit {6: 1800}; tight profiles 0; best key [6, 3, 6, 18] at k4_certs_6_n4_1.json.gz:3
[     21s] units 2000/21484 evals 4032000 (191286/s) est. total 3.8 min; best nwork per unit {6: 2000}; tight profiles 0; best key [6, 3, 6, 18] at k4_certs_6_n4_1.json.gz:3
[     23s] units 2200/21484 evals 4435200 (192193/s) est. total 3.8 min; best nwork per unit {6: 2200}; tight profiles 0; best key [6, 3, 6, 18] at k4_certs_6_n4_1.json.gz:3
[     25s] units 2400/21484 evals 4838400 (193458/s) est. total 3.7 min; best nwork per unit {6: 2400}; tight profiles 0; best key [6, 3, 6, 18] at k4_certs_6_n4_1.json.gz:3
[     27s] units 2600/21484 evals 5241600 (194509/s) est. total 3.7 min; best nwork per unit {6: 2600}; tight profiles 0; best key [6, 3, 6, 18] at k4_certs_6_n4_1.json.gz:3
[     29s] units 2800/21484 evals 5644800 (194898/s) est. total 3.7 min; best nwork per unit {6: 2800}; tight profiles 0; best key [6, 3, 6, 18] at k4_certs_6_n4_1.json.gz:3
[     31s] units 3000/21484 evals 6048000 (195842/s) est. total 3.7 min; best nwork per unit {6: 3000}; tight profiles 0; best key [6, 3, 6, 18] at k4_certs_6_n4_1.json.gz:3
[     33s] units 3200/21484 evals 6451200 (197194/s) est. total 3.7 min; best nwork per unit {6: 3200}; tight profiles 0; best key [6, 3, 6, 18] at k4_certs_6_n4_1.json.gz:3
[     35s] units 3400/21484 evals 6854400 (197925/s) est. total 3.6 min; best nwork per unit {6: 3400}; tight profiles 0; best key [6, 3, 6, 18] at k4_certs_6_n4_1.json.gz:3
[     37s] units 3600/21484 evals 7257600 (198821/s) est. total 3.6 min; best nwork per unit {6: 3600}; tight profiles 0; best key [6, 3, 6, 18] at k4_certs_6_n4_1.json.gz:3
[     38s] units 3800/21484 evals 7660800 (199496/s) est. total 3.6 min; best nwork per unit {6: 3800}; tight profiles 0; best key [6, 3, 6, 18] at k4_certs_6_n4_1.json.gz:3
[     40s] units 4000/21484 evals 8064000 (200223/s) est. total 3.6 min; best nwork per unit {6: 4000}; tight profiles 0; best key [6, 3, 6, 18] at k4_certs_6_n4_1.json.gz:3
[     42s] units 4200/21484 evals 8467200 (200585/s) est. total 3.6 min; best nwork per unit {6: 4200}; tight profiles 0; best key [6, 3, 6, 18] at k4_certs_6_n4_1.json.gz:3
[     44s] units 4400/21484 evals 8870400 (201245/s) est. total 3.6 min; best nwork per unit {6: 4400}; tight profiles 0; best key [6, 3, 6, 18] at k4_certs_6_n4_1.json.gz:3
[     46s] units 4600/21484 evals 9273600 (201876/s) est. total 3.6 min; best nwork per unit {6: 4600}; tight profiles 0; best key [6, 3, 6, 18] at k4_certs_6_n4_1.json.gz:3
[     48s] units 4800/21484 evals 9676800 (202595/s) est. total 3.6 min; best nwork per unit {6: 4800}; tight profiles 0; best key [6, 3, 6, 18] at k4_certs_6_n4_1.json.gz:3
[     50s] units 5000/21484 evals 10080000 (203457/s) est. total 3.5 min; best nwork per unit {6: 5000}; tight profiles 0; best key [6, 3, 6, 18] at k4_certs_6_n4_1.json.gz:3
[     51s] units 5200/21484 evals 10483200 (204050/s) est. total 3.5 min; best nwork per unit {6: 5200}; tight profiles 0; best key [6, 3, 6, 18] at k4_certs_6_n4_1.json.gz:3
[     53s] units 5400/21484 evals 10886400 (204834/s) est. total 3.5 min; best nwork per unit {6: 5400}; tight profiles 0; best key [6, 3, 5, 14] at k4_certs_6_n4_1.json.gz:5396
[     55s] units 5600/21484 evals 11289696 (204626/s) est. total 3.5 min; best nwork per unit {6: 5600}; tight profiles 0; best key [6, -1, 0, -6] at k4_certs_6_n4_1.json.gz:5527
[     57s] units 5800/21484 evals 11693088 (204155/s) est. total 3.5 min; best nwork per unit {6: 5800}; tight profiles 0; best key [6, -1, 0, -6] at k4_certs_6_n4_1.json.gz:5527
[     59s] units 6000/21484 evals 12096336 (203999/s) est. total 3.5 min; best nwork per unit {6: 6000}; tight profiles 0; best key [6, -1, 0, -6] at k4_certs_6_n4_1.json.gz:5527
[     61s] units 6200/21484 evals 12499632 (203825/s) est. total 3.5 min; best nwork per unit {6: 6200}; tight profiles 0; best key [6, -1, 0, -6] at k4_certs_6_n4_1.json.gz:5527
[     63s] units 6400/21484 evals 12902976 (204146/s) est. total 3.5 min; best nwork per unit {6: 6400}; tight profiles 0; best key [6, -1, 0, -6] at k4_certs_6_n4_1.json.gz:5527
[     65s] units 6600/21484 evals 13306320 (203991/s) est. total 3.5 min; best nwork per unit {6: 6600}; tight profiles 0; best key [6, -1, 0, -6] at k4_certs_6_n4_1.json.gz:5527
[     67s] units 6800/21484 evals 13709712 (204126/s) est. total 3.5 min; best nwork per unit {6: 6800}; tight profiles 0; best key [6, -1, 0, -6] at k4_certs_6_n4_1.json.gz:5527
[     69s] units 7000/21484 evals 14113008 (204176/s) est. total 3.5 min; best nwork per unit {6: 7000}; tight profiles 0; best key [6, -1, 0, -6] at k4_certs_6_n4_1.json.gz:5527
[     71s] units 7200/21484 evals 14516304 (204579/s) est. total 3.5 min; best nwork per unit {6: 7200}; tight profiles 0; best key [6, -1, 0, -6] at k4_certs_6_n4_1.json.gz:5527
[     73s] units 7400/21484 evals 14919696 (204703/s) est. total 3.5 min; best nwork per unit {6: 7400}; tight profiles 0; best key [6, -1, 0, -6] at k4_certs_6_n4_1.json.gz:5527
[     75s] units 7600/21484 evals 15323040 (205014/s) est. total 3.5 min; best nwork per unit {6: 7600}; tight profiles 0; best key [6, -1, 0, -6] at k4_certs_6_n4_1.json.gz:5527
[     77s] units 7800/21484 evals 15726432 (204746/s) est. total 3.5 min; best nwork per unit {6: 7800}; tight profiles 0; best key [6, -1, 0, -6] at k4_certs_6_n4_1.json.gz:5527
[     79s] units 8000/21484 evals 16129824 (204687/s) est. total 3.5 min; best nwork per unit {6: 8000}; tight profiles 0; best key [6, -1, 0, -6] at k4_certs_6_n4_1.json.gz:5527
[     81s] units 8200/21484 evals 16533120 (204547/s) est. total 3.5 min; best nwork per unit {6: 8200}; tight profiles 0; best key [6, -1, 0, -6] at k4_certs_6_n4_1.json.gz:5527
[     83s] units 8400/21484 evals 16936512 (204406/s) est. total 3.5 min; best nwork per unit {6: 8400}; tight profiles 0; best key [6, -1, 0, -6] at k4_certs_6_n4_1.json.gz:5527
[     85s] units 8600/21484 evals 17339904 (204367/s) est. total 3.5 min; best nwork per unit {6: 8600}; tight profiles 0; best key [6, -1, 0, -6] at k4_certs_6_n4_1.json.gz:5527
[     87s] units 8800/21484 evals 17743248 (204246/s) est. total 3.5 min; best nwork per unit {6: 8800}; tight profiles 0; best key [6, -1, 0, -6] at k4_certs_6_n4_1.json.gz:5527
[     89s] units 9000/21484 evals 18146640 (204313/s) est. total 3.5 min; best nwork per unit {6: 9000}; tight profiles 0; best key [6, -1, 0, -6] at k4_certs_6_n4_1.json.gz:5527
[     91s] units 9200/21484 evals 18550032 (204513/s) est. total 3.5 min; best nwork per unit {6: 9200}; tight profiles 0; best key [6, -1, 0, -6] at k4_certs_6_n4_1.json.gz:5527
[     93s] units 9400/21484 evals 18953376 (204511/s) est. total 3.5 min; best nwork per unit {6: 9400}; tight profiles 0; best key [6, -1, 0, -6] at k4_certs_6_n4_1.json.gz:5527
[     95s] units 9600/21484 evals 19356624 (204688/s) est. total 3.5 min; best nwork per unit {6: 9600}; tight profiles 0; best key [6, -1, 0, -6] at k4_certs_6_n4_1.json.gz:5527
[     96s] units 9800/21484 evals 19759968 (204881/s) est. total 3.5 min; best nwork per unit {6: 9800}; tight profiles 0; best key [6, -1, 0, -6] at k4_certs_6_n4_1.json.gz:5527
[     98s] units 10000/21484 evals 20163264 (205007/s) est. total 3.5 min; best nwork per unit {6: 10000}; tight profiles 0; best key [6, -1, 0, -6] at k4_certs_6_n4_1.json.gz:5527
[    100s] units 10200/21484 evals 20566608 (205259/s) est. total 3.5 min; best nwork per unit {6: 10200}; tight profiles 0; best key [6, -1, 0, -6] at k4_certs_6_n4_1.json.gz:5527
[    102s] units 10400/21484 evals 20969952 (205358/s) est. total 3.5 min; best nwork per unit {6: 10400}; tight profiles 0; best key [6, -1, 0, -6] at k4_certs_6_n4_1.json.gz:5527
[    104s] units 10600/21484 evals 21373392 (205567/s) est. total 3.5 min; best nwork per unit {6: 10600}; tight profiles 0; best key [6, -1, 0, -6] at k4_certs_6_n4_1.json.gz:5527
[    106s] units 10800/21484 evals 21776832 (205761/s) est. total 3.5 min; best nwork per unit {6: 10800}; tight profiles 0; best key [6, -1, 0, -6] at k4_certs_6_n4_1.json.gz:5527
[    108s] units 11000/21484 evals 22180224 (205967/s) est. total 3.5 min; best nwork per unit {6: 11000}; tight profiles 0; best key [6, -1, 0, -6] at k4_certs_6_n4_1.json.gz:5527
[    110s] units 11200/21484 evals 22583424 (206164/s) est. total 3.5 min; best nwork per unit {6: 11200}; tight profiles 0; best key [6, -1, 0, -6] at k4_certs_6_n4_1.json.gz:5527
[    112s] units 11400/21484 evals 22986864 (206078/s) est. total 3.5 min; best nwork per unit {6: 11400}; tight profiles 0; best key [6, -1, 0, -6] at k4_certs_6_n4_1.json.gz:5527
[    114s] units 11600/21484 evals 23390208 (206035/s) est. total 3.5 min; best nwork per unit {6: 11600}; tight profiles 0; best key [6, -1, 0, -6] at k4_certs_6_n4_1.json.gz:5527
[    115s] units 11800/21484 evals 23793504 (206093/s) est. total 3.5 min; best nwork per unit {6: 11800}; tight profiles 0; best key [6, -1, 0, -6] at k4_certs_6_n4_1.json.gz:5527
[    117s] units 12000/21484 evals 24196896 (206072/s) est. total 3.5 min; best nwork per unit {6: 12000}; tight profiles 0; best key [6, -1, 0, -6] at k4_certs_6_n4_1.json.gz:5527
[    119s] units 12200/21484 evals 24600384 (206106/s) est. total 3.5 min; best nwork per unit {6: 12200}; tight profiles 0; best key [6, -1, 0, -6] at k4_certs_6_n4_1.json.gz:5527
[    121s] units 12400/21484 evals 25003824 (205893/s) est. total 3.5 min; best nwork per unit {6: 12400}; tight profiles 0; best key [6, -1, 0, -6] at k4_certs_6_n4_1.json.gz:5527
[    123s] units 12600/21484 evals 25407024 (205751/s) est. total 3.5 min; best nwork per unit {6: 12600}; tight profiles 0; best key [6, -1, 0, -6] at k4_certs_6_n4_1.json.gz:5527
[    126s] units 12800/21484 evals 25810320 (205559/s) est. total 3.5 min; best nwork per unit {6: 12800}; tight profiles 0; best key [6, -1, 0, -6] at k4_certs_6_n4_1.json.gz:5527
[    128s] units 13000/21484 evals 26213664 (205548/s) est. total 3.5 min; best nwork per unit {6: 13000}; tight profiles 0; best key [6, -1, 0, -6] at k4_certs_6_n4_1.json.gz:5527
[    130s] units 13200/21484 evals 26616912 (205531/s) est. total 3.5 min; best nwork per unit {6: 13200}; tight profiles 0; best key [6, -1, 0, -6] at k4_certs_6_n4_1.json.gz:5527
[    131s] units 13400/21484 evals 27020208 (205693/s) est. total 3.5 min; best nwork per unit {6: 13400}; tight profiles 0; best key [6, -1, 0, -6] at k4_certs_6_n4_1.json.gz:5527
[    133s] units 13600/21484 evals 27423648 (205489/s) est. total 3.5 min; best nwork per unit {6: 13600}; tight profiles 0; best key [6, -1, 0, -6] at k4_certs_6_n4_1.json.gz:5527
[    135s] units 13800/21484 evals 27827088 (205504/s) est. total 3.5 min; best nwork per unit {6: 13800}; tight profiles 0; best key [6, -1, 0, -6] at k4_certs_6_n4_1.json.gz:5527
[    137s] units 14000/21484 evals 28230432 (205329/s) est. total 3.5 min; best nwork per unit {6: 14000}; tight profiles 0; best key [6, -1, 0, -6] at k4_certs_6_n4_1.json.gz:5527
[    140s] units 14200/21484 evals 28633824 (205095/s) est. total 3.5 min; best nwork per unit {6: 14200}; tight profiles 0; best key [6, -1, 0, -6] at k4_certs_6_n4_1.json.gz:5527
[    142s] units 14400/21484 evals 29037120 (204848/s) est. total 3.5 min; best nwork per unit {6: 14400}; tight profiles 0; best key [6, -1, 0, -6] at k4_certs_6_n4_1.json.gz:5527
[    144s] units 14600/21484 evals 29440464 (204437/s) est. total 3.5 min; best nwork per unit {6: 14600}; tight profiles 0; best key [6, -1, 0, -6] at k4_certs_6_n4_1.json.gz:5527
[    146s] units 14800/21484 evals 29843808 (204220/s) est. total 3.5 min; best nwork per unit {6: 14800}; tight profiles 0; best key [6, -1, 0, -6] at k4_certs_6_n4_1.json.gz:5527
[    148s] units 15000/21484 evals 30247248 (204035/s) est. total 3.5 min; best nwork per unit {6: 15000}; tight profiles 0; best key [6, -1, 0, -6] at k4_certs_6_n4_1.json.gz:5527
[    150s] units 15200/21484 evals 30650640 (203895/s) est. total 3.5 min; best nwork per unit {6: 15200}; tight profiles 0; best key [6, -1, 0, -6] at k4_certs_6_n4_1.json.gz:5527
[    152s] units 15400/21484 evals 31054080 (203977/s) est. total 3.5 min; best nwork per unit {6: 15400}; tight profiles 0; best key [6, -1, 0, -6] at k4_certs_6_n4_1.json.gz:5527
[    154s] units 15600/21484 evals 31457472 (203960/s) est. total 3.5 min; best nwork per unit {6: 15600}; tight profiles 0; best key [6, -1, 0, -6] at k4_certs_6_n4_1.json.gz:5527
[    156s] units 15800/21484 evals 31861008 (203990/s) est. total 3.5 min; best nwork per unit {6: 15800}; tight profiles 0; best key [6, -1, 0, -6] at k4_certs_6_n4_1.json.gz:5527
[    158s] units 16000/21484 evals 32264448 (203782/s) est. total 3.5 min; best nwork per unit {6: 16000}; tight profiles 0; best key [6, -1, 0, -6] at k4_certs_6_n4_1.json.gz:5527
[    160s] units 16200/21484 evals 32667792 (203702/s) est. total 3.5 min; best nwork per unit {6: 16200}; tight profiles 0; best key [6, -1, 0, -6] at k4_certs_6_n4_1.json.gz:5527
[    162s] units 16400/21484 evals 33071424 (203526/s) est. total 3.5 min; best nwork per unit {6: 16400}; tight profiles 0; best key [6, -1, 0, -6] at k4_certs_6_n4_1.json.gz:5527
[    165s] units 16600/21484 evals 33474864 (203459/s) est. total 3.5 min; best nwork per unit {6: 16600}; tight profiles 0; best key [6, -1, 0, -6] at k4_certs_6_n4_1.json.gz:5527
[    167s] units 16800/21484 evals 33878208 (203314/s) est. total 3.6 min; best nwork per unit {6: 16800}; tight profiles 0; best key [6, -1, 0, -6] at k4_certs_6_n4_1.json.gz:5527
[    169s] units 17000/21484 evals 34281600 (203283/s) est. total 3.6 min; best nwork per unit {6: 17000}; tight profiles 0; best key [6, -1, 0, -6] at k4_certs_6_n4_1.json.gz:5527
[    171s] units 17200/21484 evals 34685184 (203276/s) est. total 3.6 min; best nwork per unit {6: 17200}; tight profiles 0; best key [6, -1, 0, -6] at k4_certs_6_n4_1.json.gz:5527
[    173s] units 17400/21484 evals 35088768 (203229/s) est. total 3.6 min; best nwork per unit {6: 17400}; tight profiles 0; best key [6, -1, 0, -6] at k4_certs_6_n4_1.json.gz:5527
[    175s] units 17600/21484 evals 35492112 (203197/s) est. total 3.6 min; best nwork per unit {6: 17600}; tight profiles 0; best key [6, -1, 0, -6] at k4_certs_6_n4_1.json.gz:5527
[    177s] units 17800/21484 evals 35895504 (203117/s) est. total 3.6 min; best nwork per unit {6: 17800}; tight profiles 0; best key [6, -1, 0, -6] at k4_certs_6_n4_1.json.gz:5527
[    179s] units 18000/21484 evals 36298944 (202904/s) est. total 3.6 min; best nwork per unit {6: 18000}; tight profiles 0; best key [6, -1, 0, -6] at k4_certs_6_n4_1.json.gz:5527
[    181s] units 18200/21484 evals 36702240 (202926/s) est. total 3.6 min; best nwork per unit {6: 18200}; tight profiles 0; best key [6, -1, 0, -6] at k4_certs_6_n4_1.json.gz:5527
[    183s] units 18400/21484 evals 37105584 (202799/s) est. total 3.6 min; best nwork per unit {6: 18400}; tight profiles 0; best key [6, -1, 0, -6] at k4_certs_6_n4_1.json.gz:5527
[    185s] units 18600/21484 evals 37509024 (202720/s) est. total 3.6 min; best nwork per unit {6: 18600}; tight profiles 0; best key [6, -1, 0, -6] at k4_certs_6_n4_1.json.gz:5527
[    187s] units 18800/21484 evals 37912416 (202650/s) est. total 3.6 min; best nwork per unit {6: 18800}; tight profiles 0; best key [6, -1, 0, -6] at k4_certs_6_n4_1.json.gz:5527
[    189s] units 19000/21484 evals 38315808 (202386/s) est. total 3.6 min; best nwork per unit {6: 19000}; tight profiles 0; best key [6, -1, 0, -6] at k4_certs_6_n4_1.json.gz:5527
[    191s] units 19200/21484 evals 38719392 (202348/s) est. total 3.6 min; best nwork per unit {6: 19200}; tight profiles 0; best key [6, -1, 0, -6] at k4_certs_6_n4_1.json.gz:5527
[    193s] units 19400/21484 evals 39122688 (202396/s) est. total 3.6 min; best nwork per unit {6: 19400}; tight profiles 0; best key [6, -1, 0, -6] at k4_certs_6_n4_1.json.gz:5527
[    195s] units 19600/21484 evals 39526080 (202339/s) est. total 3.6 min; best nwork per unit {6: 19600}; tight profiles 0; best key [6, -1, 0, -6] at k4_certs_6_n4_1.json.gz:5527
[    198s] units 19800/21484 evals 39929328 (202097/s) est. total 3.6 min; best nwork per unit {6: 19800}; tight profiles 0; best key [6, -1, 0, -6] at k4_certs_6_n4_1.json.gz:5527
[    200s] units 20000/21484 evals 40332720 (202096/s) est. total 3.6 min; best nwork per unit {6: 20000}; tight profiles 0; best key [6, -1, 0, -6] at k4_certs_6_n4_1.json.gz:5527
[    202s] units 20200/21484 evals 40736160 (201995/s) est. total 3.6 min; best nwork per unit {6: 20200}; tight profiles 0; best key [6, -1, 0, -6] at k4_certs_6_n4_1.json.gz:5527
[    204s] units 20400/21484 evals 41139552 (201793/s) est. total 3.6 min; best nwork per unit {6: 20400}; tight profiles 0; best key [6, -1, 0, -6] at k4_certs_6_n4_1.json.gz:5527
[    206s] units 20600/21484 evals 41542944 (201787/s) est. total 3.6 min; best nwork per unit {6: 20600}; tight profiles 0; best key [6, -1, 0, -6] at k4_certs_6_n4_1.json.gz:5527
[    208s] units 20800/21484 evals 41946336 (201822/s) est. total 3.6 min; best nwork per unit {6: 20800}; tight profiles 0; best key [6, -1, 0, -6] at k4_certs_6_n4_1.json.gz:5527
[    210s] units 21000/21484 evals 42349632 (201749/s) est. total 3.6 min; best nwork per unit {6: 21000}; tight profiles 0; best key [6, -1, 0, -6] at k4_certs_6_n4_1.json.gz:5527
[    212s] units 21200/21484 evals 42752880 (201676/s) est. total 3.6 min; best nwork per unit {6: 21200}; tight profiles 0; best key [6, -1, 0, -6] at k4_certs_6_n4_1.json.gz:5527
[    214s] units 21400/21484 evals 43156176 (201669/s) est. total 3.6 min; best nwork per unit {6: 21400}; tight profiles 0; best key [6, -1, 0, -6] at k4_certs_6_n4_1.json.gz:5527
[    215s] units 21484/21484 evals 43325616 (201678/s) est. total 3.6 min; best nwork per unit {6: 21484}; tight profiles 0; best key [6, -1, 0, -6] at k4_certs_6_n4_1.json.gz:5527
# finished: units 21484 this session, evals 43325616, tight profiles dumped 0, time 215s
