# command: python3 k4/sx_f2.py results/k4_sx/chunks/gap_n4_3_s4000@f2e1_c000.jsonl.gz results/k4_sx/chunks/gap_n4_pure_s4000@f2e1_c000.jsonl.gz results/k4_sx/chunks/hard_hunt@f2e1_c000.jsonl.gz results/k4_sx/chunks/hunt_n4_3_s400k@f2e1_c000.jsonl.gz results/k4_sx/chunks/hunt_n4_pure_s400k@f2e1_c000.jsonl.gz results/k4_sx/chunks/gap_n4_1_c000.jsonl.gz results/k4_sx/chunks/gap_n4_1_c001.jsonl.gz results/k4_sx/chunks/gap_n4_1_c002.jsonl.gz results/k4_sx/chunks/gap_n4_1_c003.jsonl.gz results/k4_sx/chunks/gap_n4_1_c004.jsonl.gz results/k4_sx/chunks/gap_n4_1_c005.jsonl.gz results/k4_sx/chunks/gap_n4_1_c006.jsonl.gz results/k4_sx/chunks/gap_n4_1_c007.jsonl.gz results/k4_sx/chunks/gap_n4_1_c008.jsonl.gz results/k4_sx/chunks/gap_n4_1_c009.jsonl.gz results/k4_sx/chunks/gap_n4_1_c010.jsonl.gz results/k4_sx/chunks/gap_n4_1_c011.jsonl.gz
A+ applies, chain length j=0                                                               31
A+ applies, chain length j=1                                                               2
A+ chain found but theta fails                                                             37
B+ applies, chain j=0, path k=1                                                            8
Zmax                                                                                       110
Zmax: Lemma A+ applies=False                                                               77
Zmax: Lemma A+ applies=True                                                                33
Zmax: Lemma A+ or B+ applies=False                                                         77
Zmax: Lemma A+ or B+ applies=True                                                          33
Zmax: Lemma B+ applies=False                                                               102
Zmax: Lemma B+ applies=True                                                                8
Zmax: direct T3 move=True, direct T3+ move=True, direct T4 move=False                      108
Zmax: direct T3 move=True, direct T3+ move=True, direct T4 move=True                       2
Zmax: free-valid owner exists=True                                                         110
free-valid owner: frozen agents threatened=1                                               131
free-valid owner: frozen agents threatened=2                                               61
keys f=2                                                                                   67
keys: Lemma A+ or B+ at some Zmax=False                                                    49
keys: Lemma A+ or B+ at some Zmax=True                                                     18
no A+/B+: a needer on the path, but theta fails or an (R) leaf with s in L                 18
no A+/B+: leaf threatens 2 frozen agents                                                   45
no A+/B+: the free needers are off the path to the leaf                                    25
profiles f=2                                                                               65
EX noAplus ({'sets': [[0, 2, 4, 8], [1, 3, 6, 7], [2, 3, 4, 5], [5, 6, 7, 8]], 'vals': [[2, 4, 3, 8], [3, 8, 4, 2], [4, 8, 3, 2], [2, 3, 6, 10]], 'm': 9}, (None, 3, None, 8), 'Config(key=[None, 3, None, 8], Q={0: [0, 2], 2: [4, 5]}, L=[1, 6, 7])', 'V', [0, 2])
EX noAplus ({'sets': [[0, 2, 4, 8], [1, 3, 6, 7], [2, 3, 4, 5], [5, 6, 7, 8]], 'vals': [[2, 4, 3, 8], [3, 8, 4, 2], [4, 8, 3, 2], [2, 3, 6, 10]], 'm': 9}, (None, 3, None, 8), 'Config(key=[None, 3, None, 8], Q={0: [0, 4], 2: [2, 5]}, L=[1, 6, 7])', 'V', [0, 2])
EX noAplus ({'sets': [[0, 2, 4, 8], [1, 3, 7, 9], [4, 5, 6, 7], [5, 6, 8, 9]], 'vals': [[2, 6, 10, 3], [3, 2, 6, 10], [8, 4, 2, 3], [4, 3, 2, 8]], 'm': 10}, (4, 9, None, None), 'Config(key=[4, 9, None, None], Q={2: [5, 7], 3: [6, 8]}, L=[0, 1, 2, 3])', 'V', [2, 3])
# time 3.3 s
