# command: python3 k4/sx_f2_classify.py results/k4_sx/chunks/gap_n4_3_s4000@f2e1_c000.jsonl.gz results/k4_sx/chunks/gap_n4_pure_s4000@f2e1_c000.jsonl.gz results/k4_sx/chunks/hard_hunt@f2e1_c000.jsonl.gz results/k4_sx/chunks/hunt_n4_3_s400k@f2e1_c000.jsonl.gz results/k4_sx/chunks/hunt_n4_pure_s400k@f2e1_c000.jsonl.gz results/k4_sx/chunks/gap_n4_1_c000.jsonl.gz results/k4_sx/chunks/gap_n4_1_c001.jsonl.gz results/k4_sx/chunks/gap_n4_1_c002.jsonl.gz results/k4_sx/chunks/gap_n4_1_c003.jsonl.gz results/k4_sx/chunks/gap_n4_1_c004.jsonl.gz results/k4_sx/chunks/gap_n4_1_c005.jsonl.gz results/k4_sx/chunks/gap_n4_1_c006.jsonl.gz results/k4_sx/chunks/gap_n4_1_c007.jsonl.gz results/k4_sx/chunks/gap_n4_1_c008.jsonl.gz results/k4_sx/chunks/gap_n4_1_c009.jsonl.gz results/k4_sx/chunks/gap_n4_1_c010.jsonl.gz results/k4_sx/chunks/gap_n4_1_c011.jsonl.gz
    W=0, no helper: owner leaf|X|=w+1,u=1                                                            71
    W=0, no helper: owner leaf|X|=w+1,u=1,x|X|=w+1,u=1                                               98
    W=0, no helper: owner leaf|X|=w+2,u=0                                                            49
    W=0, no helper: owner leaf|X|=w+2,u=1                                                            17
    W=0, no helper: owner x|X|=w+1,u=1                                                               168
  repair shape |W|=0 helper=False z leaf owners=('leaf|X|=w+1,u=1', 'x|X|=w+1,u=1') def<=0=True      19
  repair shape |W|=0 helper=False z leaf owners=('leaf|X|=w+1,u=1',) def<=0=True                     32
  repair shape |W|=0 helper=False z leaf owners=('leaf|X|=w+2,u=0',) def<=0=True                     22
  repair shape |W|=0 helper=False z leaf owners=('leaf|X|=w+2,u=1',) def<=0=True                     15
  repair shape |W|=0 helper=False z leaf owners=('x|X|=w+1,u=1',) def<=0=True                        24
  repair shape |W|=0 helper=False z root owners=('x|X|=w+1,u=1',) def<=0=True                        20
  repair shape |W|=0 helper=True z leaf owners=('helper|X|=w+1,u=1', 'x|X|=w+1,u=1') def<=0=True     35
  repair shape |W|=0 helper=True z leaf owners=('helper|X|=w+1,u=1', 'x|X|=w+2,u=0') def<=0=True     10
  repair shape |W|=0 helper=True z leaf owners=('helper|X|=w+1,u=1',) def<=0=True                    20
  repair shape |W|=0 helper=True z leaf owners=('helper|X|=w+2,u=0', 'x|X|=w+1,u=1') def<=0=True     4
  repair shape |W|=0 helper=True z leaf owners=('helper|X|=w+2,u=0', 'x|X|=w+2,u=0') def<=0=True     12
  repair shape |W|=0 helper=True z leaf owners=('helper|X|=w+2,u=0',) def<=0=True                    10
  repair shape |W|=0 helper=True z leaf owners=('helper|X|=w+2,u=1', 'x|X|=w+2,u=1') def<=0=True     2
  repair shape |W|=0 helper=True z leaf owners=('helper|X|=w+2,u=1',) def<=0=True                    15
  repair shape |W|=0 helper=True z leaf owners=('x|X|=w+1,u=1',) def<=0=True                         48
  repair shape |W|=0 helper=True z leaf owners=('x|X|=w+2,u=0',) def<=0=True                         2
  repair shape |W|=0 helper=True z leaf owners=('x|X|=w+2,u=1',) def<=0=True                         7
  repair shape |W|=0 helper=True z root owners=('x|X|=w+1,u=1',) def<=0=True                         20
  repair shape |W|=1 helper=False z leaf owners=('leaf|X|=w+1,u=1', 'x|X|=w+1,u=1') def<=0=True      12
  repair shape |W|=1 helper=False z leaf owners=('leaf|X|=w+1,u=1',) def<=0=True                     12
  repair shape |W|=1 helper=False z leaf owners=('leaf|X|=w+2,u=0', 'x|X|=w+1,u=1') def<=0=True      2
  repair shape |W|=1 helper=False z leaf owners=('leaf|X|=w+2,u=0',) def<=0=True                     2
  repair shape |W|=1 helper=False z leaf owners=('leaf|X|=w+2,u=1',) def<=0=True                     16
  repair shape |W|=1 helper=False z leaf owners=('x|X|=w+1,u=1',) def<=0=True                        2
  repair shape |W|=1 helper=True z leaf owners=('helper|X|=w+1,u=1', 'x|X|=w+1,u=1') def<=0=True     4
  repair shape |W|=1 helper=True z leaf owners=('helper|X|=w+1,u=1', 'x|X|=w+2,u=0') def<=0=True     12
  repair shape |W|=1 helper=True z leaf owners=('helper|X|=w+1,u=1',) def<=0=True                    4
  repair shape |W|=1 helper=True z leaf owners=('helper|X|=w+2,u=0', 'x|X|=w+1,u=1') def<=0=True     2
  repair shape |W|=1 helper=True z leaf owners=('helper|X|=w+2,u=0', 'x|X|=w+2,u=0') def<=0=True     3
  repair shape |W|=1 helper=True z leaf owners=('helper|X|=w+2,u=1', 'x|X|=w+2,u=1') def<=0=True     5
  repair shape |W|=1 helper=True z leaf owners=('helper|X|=w+2,u=1',) def<=0=True                    13
  repair shape |W|=1 helper=True z leaf owners=('x|X|=w+1,u=1',) def<=0=True                         3
  repair shape |W|=1 helper=True z leaf owners=('x|X|=w+2,u=1',) def<=0=True                         9
keys                                                                                                 67
uncovered keys                                                                                       49
uncovered keys: widened A+ at some max=False                                                         49
uncovered maxima                                                                                     77
uncovered maxima: C shape or iota shape                                                              69
uncovered maxima: C shape or iota shape (owner x or a leaf, |X|=w+1, u>=1)                           77
uncovered maxima: some W=0 no-helper repair, owner a leaf with |X|=w+2 (Lemma C shape)               34
uncovered maxima: some W=0 no-helper repair, owner x with |X|=w+1 and u>=1 (Lemma 9 iota shape)      39
uncovered maxima: some repair with def<=0                                                            77
uncovered maxima: some repair with |W|=0                                                             77
uncovered maxima: some repair, no helper, owner a leaf != x                                          57
uncovered maxima: some repair, owner x                                                               77
uncovered maxima: widened A+ applies=False                                                           77
SMALL (4, 9, 2, '-,3,-,8', {'sets': [[0, 2, 4, 8], [1, 3, 6, 7], [2, 3, 4, 5], [5, 6, 7, 8]], 'vals': [[2, 4, 3, 8], [3, 8, 4, 2], [4, 8, 3, 2], [2, 3, 6, 10]], 'm': 9})
SMALL (4, 9, 2, '-,3,-,8', {'sets': [[0, 2, 4, 8], [1, 3, 6, 7], [2, 3, 4, 5], [5, 6, 7, 8]], 'vals': [[2, 4, 3, 8], [3, 8, 4, 2], [4, 8, 3, 2], [2, 3, 6, 10]], 'm': 9})
SMALL (4, 10, 2, '4,9,-,-', {'sets': [[0, 2, 4, 8], [1, 3, 7, 9], [4, 5, 6, 7], [5, 6, 8, 9]], 'vals': [[2, 6, 10, 3], [3, 2, 6, 10], [8, 4, 2, 3], [4, 3, 2, 8]], 'm': 10})
# time 3.0 s
