# command: python3 k4/sx_f2_classify.py results/k4_sx/t3stage/keys.jsonl.gz
    W=0, no helper: owner leaf|X|=w+1,u=1                                                            47
    W=0, no helper: owner leaf|X|=w+1,u=1,x|X|=w+1,u=1                                               111
    W=0, no helper: owner leaf|X|=w+2,u=0                                                            53
    W=0, no helper: owner leaf|X|=w+2,u=1                                                            10
    W=0, no helper: owner nonleaf|X|=w+1,u=1,x|X|=w+1,u=1                                            48
    W=0, no helper: owner x|X|=w+1,u=1                                                               88
  repair shape |W|=0 helper=False z leaf owners=('leaf|X|=w+1,u=1', 'x|X|=w+1,u=1') def<=0=True      12
  repair shape |W|=0 helper=False z leaf owners=('leaf|X|=w+1,u=1',) def<=0=True                     22
  repair shape |W|=0 helper=False z leaf owners=('leaf|X|=w+2,u=0',) def<=0=True                     23
  repair shape |W|=0 helper=False z leaf owners=('leaf|X|=w+2,u=1',) def<=0=True                     9
  repair shape |W|=0 helper=False z leaf owners=('nonleaf|X|=w+1,u=1', 'x|X|=w+1,u=1') def<=0=True   12
  repair shape |W|=0 helper=False z leaf owners=('x|X|=w+1,u=1',) def<=0=True                        14
  repair shape |W|=0 helper=False z root owners=('leaf|X|=w+1,u=1', 'x|X|=w+1,u=1') def<=0=True      12
  repair shape |W|=0 helper=False z root owners=('x|X|=w+1,u=1',) def<=0=True                        10
  repair shape |W|=0 helper=True z leaf owners=('helper|X|=w+1,u=1', 'x|X|=w+1,u=1') def<=0=True     32
  repair shape |W|=0 helper=True z leaf owners=('helper|X|=w+1,u=1', 'x|X|=w+2,u=0') def<=0=True     10
  repair shape |W|=0 helper=True z leaf owners=('helper|X|=w+1,u=1',) def<=0=True                    11
  repair shape |W|=0 helper=True z leaf owners=('helper|X|=w+2,u=0', 'x|X|=w+1,u=1') def<=0=True     2
  repair shape |W|=0 helper=True z leaf owners=('helper|X|=w+2,u=0', 'x|X|=w+2,u=0') def<=0=True     13
  repair shape |W|=0 helper=True z leaf owners=('helper|X|=w+2,u=0',) def<=0=True                    10
  repair shape |W|=0 helper=True z leaf owners=('helper|X|=w+2,u=1', 'x|X|=w+2,u=1') def<=0=True     1
  repair shape |W|=0 helper=True z leaf owners=('helper|X|=w+2,u=1',) def<=0=True                    9
  repair shape |W|=0 helper=True z leaf owners=('x|X|=w+1,u=1',) def<=0=True                         26
  repair shape |W|=0 helper=True z leaf owners=('x|X|=w+2,u=0',) def<=0=True                         3
  repair shape |W|=0 helper=True z leaf owners=('x|X|=w+2,u=1',) def<=0=True                         4
  repair shape |W|=0 helper=True z root owners=('helper|X|=w+1,u=1', 'x|X|=w+1,u=1') def<=0=True     12
  repair shape |W|=0 helper=True z root owners=('x|X|=w+1,u=1',) def<=0=True                         10
  repair shape |W|=1 helper=False z leaf owners=('leaf|X|=w+1,u=1', 'x|X|=w+1,u=1') def<=0=True      12
  repair shape |W|=1 helper=False z leaf owners=('leaf|X|=w+1,u=1',) def<=0=True                     12
  repair shape |W|=1 helper=False z leaf owners=('leaf|X|=w+2,u=0', 'x|X|=w+1,u=1') def<=0=True      2
  repair shape |W|=1 helper=False z leaf owners=('leaf|X|=w+2,u=0', 'x|X|=w+2,u=0') def<=0=True      1
  repair shape |W|=1 helper=False z leaf owners=('leaf|X|=w+2,u=0',) def<=0=True                     2
  repair shape |W|=1 helper=False z leaf owners=('leaf|X|=w+2,u=1',) def<=0=True                     16
  repair shape |W|=1 helper=False z leaf owners=('leaf|X|=w+3,u=0',) def<=0=True                     1
  repair shape |W|=1 helper=False z leaf owners=('x|X|=w+1,u=1',) def<=0=True                        2
  repair shape |W|=1 helper=True z leaf owners=('helper|X|=w+1,u=1', 'x|X|=w+1,u=1') def<=0=True     4
  repair shape |W|=1 helper=True z leaf owners=('helper|X|=w+1,u=1', 'x|X|=w+2,u=0') def<=0=True     12
  repair shape |W|=1 helper=True z leaf owners=('helper|X|=w+1,u=1',) def<=0=True                    4
  repair shape |W|=1 helper=True z leaf owners=('helper|X|=w+2,u=0', 'x|X|=w+1,u=1') def<=0=True     2
  repair shape |W|=1 helper=True z leaf owners=('helper|X|=w+2,u=0', 'x|X|=w+2,u=0') def<=0=True     3
  repair shape |W|=1 helper=True z leaf owners=('helper|X|=w+2,u=1', 'x|X|=w+2,u=1') def<=0=True     5
  repair shape |W|=1 helper=True z leaf owners=('helper|X|=w+2,u=1',) def<=0=True                    13
  repair shape |W|=1 helper=True z leaf owners=('helper|X|=w+3,u=0', 'x|X|=w+3,u=0') def<=0=True     1
  repair shape |W|=1 helper=True z leaf owners=('x|X|=w+1,u=1',) def<=0=True                         3
  repair shape |W|=1 helper=True z leaf owners=('x|X|=w+2,u=1',) def<=0=True                         9
  repair shape |W|=1 helper=True z leaf owners=('x|X|=w+3,u=0',) def<=0=True                         1
keys                                                                                                 196
uncovered keys                                                                                       40
uncovered keys: widened A+ at some max=False                                                         39
uncovered keys: widened A+ at some max=True                                                          1
uncovered maxima                                                                                     65
uncovered maxima: C shape or iota shape                                                              61
uncovered maxima: C shape or iota shape (owner x or a leaf, |X|=w+1, u>=1)                           65
uncovered maxima: some W=0 no-helper repair, owner a leaf with |X|=w+2 (Lemma C shape)               29
uncovered maxima: some W=0 no-helper repair, owner x with |X|=w+1 and u>=1 (Lemma 9 iota shape)      34
uncovered maxima: some repair with def<=0                                                            65
uncovered maxima: some repair with |W|=0                                                             65
uncovered maxima: some repair, no helper, owner a leaf != x                                          55
uncovered maxima: some repair, owner x                                                               65
uncovered maxima: widened A+ applies=False                                                           64
uncovered maxima: widened A+ applies=True                                                            1
widened A+ candidate, verified def<=0=True, j=1                                                      2
SMALL (4, 8, 2, '4,5,-,-', {'sets': [[0, 2, 4, 6], [0, 2, 5, 6], [1, 3, 4, 7], [1, 3, 5, 7]], 'vals': [[2, 3, 8, 4], [2, 3, 8, 4], [2, 3, 8, 4], [2, 3, 8, 4]], 'm': 8})
SMALL (4, 8, 2, '-,-,4,5', {'sets': [[0, 2, 4, 6], [0, 2, 5, 6], [1, 3, 4, 7], [1, 3, 5, 7]], 'vals': [[2, 3, 8, 4], [2, 3, 8, 4], [2, 3, 8, 4], [2, 3, 8, 4]], 'm': 8})
SMALL (4, 9, 2, '-,3,-,8', {'sets': [[0, 2, 4, 8], [1, 3, 6, 7], [2, 3, 4, 5], [5, 6, 7, 8]], 'vals': [[2, 4, 3, 8], [3, 8, 4, 2], [4, 8, 3, 2], [2, 3, 6, 10]], 'm': 9})
# time 2.6 s
