# command: python3 k4/dl13_run.py catalog results/k4_gap/gap_n4_pure_s4000.json.gz --jobs=1 --rt=5 --ro=200 --ckpt=results/k4_dl13/ckpt_cat.jsonl --dump=results/k4_dl13/states_cat.jsonl.gz --tables=results/k4_dl13/tables_cat_gap_n4_pure_s4000.json
# dl13.c sha256 f891de3a228a63fcd05008c0e4d9202068fc0d2b41be5876775affd4b2131d65
# catalog results/k4_gap/gap_n4_pure_s4000.json.gz: 45101 instances, 23 units to run, 0 from the checkpoint
#   DL13 FAILS: {'chunk': 11} block 121: 1 states
catalog results/k4_gap/gap_n4_pure_s4000.json.gz: profiles 45101, omega >= 1: 45101; k* = 0: 39045, 1: 5897, 2: 157, 3: 2, >= 4: 0, inf: 0; P with def > 0: 25018, at distance 1: 23876, 2: 1140, 3: 2, >= 4: 0, inf: 0; Pareto-maximal: 984; largest least deficit 0
  DL13: states (def > 0) with f = 0: 0 (R_13 fails at 0), with f >= 1: 25018; DL13 FAILS at 1 of the f >= 1 states; T1 only 106, T3 only 1141 (of which T3 with a helper only 2), both 23770; with a plain T3 move 22720, with a helper T3 move 24835; nearest R_13 improvement at distance 1 / 2 / 3: 23876 / 1139 / 2; anomalies 0 [15 s]
table B: f >= 1 states by f | signature | branch : count
  B 1|G,D2|T1+T3p+T3h : 9263
  B 1|fO,G,D2|T1+T3p+T3h : 6554
  B 1|fO,L|T1+T3p+T3h : 2541
  B 1|fO,L|T1+T3h : 1287
  B 1|G,D2,PM|T1+T3p+T3h : 777
  B 1|G,D2|T3p+T3h : 593
  B 1|fO|T1+T3h : 572
  B 1|fO|T1+T3p+T3h : 559
  B 1|fO,G1|T1+T3p+T3h : 431
  B 1|fO,G,D2|T3p+T3h : 427
  B 1|e2,fO,G,D2|T1+T3p+T3h : 199
  B 1|e2,G,D2|T1+T3p+T3h : 174
  B 1|fO,L,O,D2|T1+T3p+T3h : 165
  B 1|fO,L,D2|T1+T3p+T3h : 146
  B 1|fO,G,D2|T1+T3h : 132
  B 1|e2,G,D2,PM|T1+T3p+T3h : 109
  B 1|e2,fO,L|T1+T3p+T3h : 73
  B 2|G,D2|T1+T3p+T3h : 73
  B 1|e2,fO,G1|T1+T3p+T3h : 71
  B 1|e1,fO,L|T1+T3h : 41
  B 1|e2,fO,L|T1+T3h : 39
  B 1|e1,G,D2|T1+T3p+T3h : 36
  B 1|fO,L,D2|T1+T3h : 36
  B 2|G,L,D2|T1+T3p+T3h : 36
  B 1|fO,L,D2|T1 : 32
  B 2|G1|T1+T3p+T3h : 32
  B 1|fO,L|T1 : 30
  B 1|e2,fO|T1+T3p+T3h : 29
  B 1|e2,fO|T1+T3h : 26
  B 2|G1,PM|T1+T3p+T3h : 26
  B 2|G1,L,PM|T1+T3p+T3h : 23
  B 1|G,D2|T1+T3h : 21
  B 1|fO|T1 : 20
  B 2|G,G1,D2|T1+T3p+T3h : 20
  B 2|G1,L|T1+T3p+T3h : 18
  B 2|G,D2,PM|T1+T3p+T3h : 17
  B 1|G,D2|T1+T3p : 16
  B 1|e1,fO,G,D2|T1+T3p+T3h : 14
  B 1|G1|T1+T3p+T3h : 13
  B 1|e2,fO,G,D2|T1+T3h : 13
  B 1|e3,fO,L|T1+T3p+T3h : 13
  B 1|e2,G,D2|T3p+T3h : 12
  B 2|G,L,D2,PM|T1+T3p+T3h : 11
  B 2|G,O,D2|T1+T3p+T3h : 11
  B 1|G1|T3p : 10
  B 2|G,D2|T3p+T3h : 10
  B 2|fO,G,D2|T1+T3p+T3h : 10
  B 1|e2,fO,L|T1 : 9
  B 2|G1,O|T3p+T3h : 9
  B 2|fO,G,D2|T3p+T3h : 9
  B 2|fO,G,G1,D2|T1+T3p+T3h : 9
  B 1|fO,G,D2|T1+T3p : 8
  B 1|e1,e2,L|T1+T3h : 7
  B 1|e2,G1|T1+T3p+T3h : 7
  B 1|e2,L,O,D2|T1+T3p+T3h : 7
  B 1|e2,fO,G,D2|T3p+T3h : 7
  B 1|e3,L,O,D2|T1+T3p+T3h : 7
  B 1|fO,L|T1+T3p : 7
  B 1|e1,fO,L|T1+T3p+T3h : 6
  B 1|L,O,D2|T1+T3p+T3h : 5
  B 1|e1,fO,L|T1 : 5
  B 1|e1,fO,O|T1+T3p+T3h : 5
  B 1|e2,L,PM|T1+T3h : 5
  B 1|e2,fO|T1 : 5
  B 1|fO,L,D2|T1+T3p : 5
  B 2|L,O|T1+T3p+T3h : 5
  B 1|G,D2|T3p : 4
  B 1|e1,e3,O|T1+T3p+T3h : 4
  B 1|fO,G,D2|T3p : 4
  B 1|fO,L|T3p+T3h : 4
  B 2|e1,G,D2|T3p+T3h : 4
  B 2|fO,G1,O|T3p+T3h : 4
  B 1|e2,G1|T3p : 3
  B 1|e2,L|T1+T3h : 3
  B 1|e2,fO,L|T1+T3p : 3
  B 1|e3,fO,L|T1+T3h : 3
  B 2|G1,L|T3p+T3h : 3
  B 2|G1,O|T1+T3p+T3h : 3
  B 2|O|T1+T3p+T3h : 3
  B 2|fO,G,O,D2|T3p+T3h : 3
  B 2|fO,G1,O|T1+T3p+T3h : 3
  B 1|G,D2,PM|T3p+T3h : 2
  B 1|L,PM|T1+T3p+T3h : 2
  B 1|e2,G,D2,PM|T3p+T3h : 2
  B 1|e2,G,D2|T3p : 2
  B 1|e2,L|T1+T3p+T3h : 2
  B 1|e2,fO,L|T3p+T3h : 2
  B 1|e2|T1+T3h : 2
  B 1|fO,G1|T3p+T3h : 2
  B 1|fO,O|T1+T3p+T3h : 2
  B 2|G,G1,D2,PM|T1+T3p+T3h : 2
  B 2|G,G1,D2|T3p+T3h : 2
  B 2|G,L,D2|T3p+T3h : 2
  B 2|G1|T3p+T3h : 2
  B 2|e1,G,D2|T1+T3p+T3h : 2
  B 2|fO,G,G1,D2|T3p+T3h : 2
  B 2|fO,G1,L|T3p : 2
  B 2|fO,G1|T1+T3p+T3h : 2
  B 2|fO,L|T1+T3p+T3h : 2
  B 1|L,O,D2|T3p+T3h : 1
  B 1|L,PM|T1+T3h : 1
  B 1|L,PM|T3h : 1
  B 1|L|T1+T3p+T3h : 1
  B 1|L|none : 1
  B 1|O|T1+T3p+T3h : 1
  B 1|e1,e2,L|T1 : 1
  B 1|e1,e2,L|T3h : 1
  B 1|e1,e2,O,D2|T1+T3p+T3h : 1
  B 1|e1,e3,G,D2|T1+T3p+T3h : 1
  B 1|e1,e3,G,D2|T3p+T3h : 1
  B 1|e1,e3,O|T3p+T3h : 1
  B 1|e1,e3,fO|T1+T3p+T3h : 1
  B 1|e2,G,D2|T1+T3p : 1
  B 1|e2,G1|T1+T3p : 1
  B 1|e2,G1|T3p+T3h : 1
  B 1|e2,L,PM|T1 : 1
  B 1|e2,L,PM|T1+T3p+T3h : 1
  B 1|e2,L|T1 : 1
  B 1|e2,fO,G,D2|T1+T3p : 1
  B 1|e2,fO,G,D2|T3p : 1
  B 1|e2,fO,L,D2|T1+T3h : 1
  B 1|e2,fO,L,D2|T1+T3p+T3h : 1
  B 1|e2|T1 : 1
  B 1|e3,fO,L,D2|T1+T3p : 1
  B 1|e3,fO,L|T1 : 1
  B 1|fO,G1|T1+T3p : 1
  B 1|fO,L,O,D2|T3p+T3h : 1
  B 1|fO|T1+T3p : 1
  B 2|G1,L,PM|T3p+T3h : 1
  B 2|G1,PM|T3p+T3h : 1
  B 2|G1|T1+T3p : 1
  B 2|L,O|T1+T3p : 1
  B 2|L,O|T3p+T3h : 1
  B 2|L,PM|T1+T3p+T3h : 1
  B 2|L,PM|T3p+T3h : 1
  B 2|fO,G,L,D2|T1+T3p : 1
  B 2|fO,G,L,D2|T1+T3p+T3h : 1
  B 2|fO,G,L,D2|T3p : 1
  B 2|fO,G,L,D2|T3p+T3h : 1
  B 2|fO,G,O,D2|T1+T3p+T3h : 1
  B 2|fO,G1,L|T1+T3p+T3h : 1
  B 2|fO,G1|T3p : 1
table G: f >= 1 states by f | nearest distance k | branch : count
  G 1|1|T1+T3p+T3h : 21221
  G 1|1|T1+T3h : 2189
  G 1|2|T3p+T3h : 1056
  G 2|1|T1+T3p+T3h : 312
  G 1|1|T1 : 106
  G 2|2|T3p+T3h : 55
  G 1|1|T1+T3p : 45
  G 1|2|T3p : 24
  G 2|2|T3p : 4
  G 2|1|T1+T3p : 3
  G 1|2|T3h : 1
  G 1|3|T3h : 1
  G 1|3|none : 1
table Y: f >= 1 states by f | branch | move type available : count
  Y 1|T1+T3p+T3h|T3:xJ.h- : 20644
  Y 1|T1+T3p+T3h|T1:rel : 18987
  Y 1|T1+T3p+T3h|T3:xJ.hJ : 18802
  Y 1|T1+T3p+T3h|T3:xJ.hR : 17753
  Y 1|T1+T3p+T3h|T1:pool : 17462
  Y 1|T1+T3p+T3h|T3:xJ.hZ : 8865
  Y 1|T1+T3p+T3h|T3:xH.hJ : 5702
  Y 1|T1+T3p+T3h|T3:xZ.h- : 4164
  Y 1|T1+T3p+T3h|T3:xZ.hR : 3364
  Y 1|T1+T3p+T3h|T3:xZ.hJ : 3214
  Y 1|T1+T3h|T1:pool : 2153
  Y 1|T1+T3h|T3:xH.hJ : 1959
  Y 1|T1+T3p+T3h|T3:xH.hR : 1957
  Y 1|T1+T3h|T1:rel : 1871
  Y 1|T1+T3p+T3h|T1:grow : 1176
  Y 1|T1+T3p+T3h|T3:xH.hZ : 1143
  Y 1|T3p+T3h|T3:xJ.h- : 1052
  Y 1|T3p+T3h|T3:xJ.hJ : 1005
  Y 1|T3p+T3h|T3:xJ.hR : 854
  Y 1|T1+T3p+T3h|T3:xZ.hZ : 673
  Y 1|T3p+T3h|T3:xJ.hZ : 673
  Y 1|T3p+T3h|T3:xH.hJ : 539
  Y 1|T3p+T3h|T3:xZ.h- : 437
  Y 1|T1+T3h|T3:xJ.hJ : 427
  Y 1|T3p+T3h|T3:xZ.hJ : 328
  Y 2|T1+T3p+T3h|T1:rel : 288
  Y 2|T1+T3p+T3h|T3:xJ.h- : 286
  Y 1|T1+T3h|T3:xH.hR : 267
  Y 2|T1+T3p+T3h|T3:xJ.hR : 266
  Y 1|T3p+T3h|T3:xZ.hR : 240
  Y 1|T1+T3h|T3:xJ.hR : 234
  Y 1|T3p+T3h|T3:xH.hR : 210
  Y 2|T1+T3p+T3h|T3:xJ.hJ : 188
  Y 1|T1+T3h|T3:xJ.hZ : 175
  Y 1|T3p+T3h|T3:xH.hZ : 172
  Y 2|T1+T3p+T3h|T3:xZ.h- : 165
  Y 1|T1+T3h|T1:grow : 154
  Y 2|T1+T3p+T3h|T3:xZ.hR : 132
  Y 2|T1+T3p+T3h|T1:pool : 117
  Y 1|T1|T1:pool : 101
  Y 1|T1|T1:rel : 101
  Y 2|T1+T3p+T3h|T3:xJ.hZ : 95
  Y 2|T1+T3p+T3h|T3:xZ.hJ : 80
  Y 2|T3p+T3h|T3:xJ.h- : 52
  Y 1|T1+T3h|T3:xZ.hJ : 46
  Y 1|T1+T3p|T3:xJ.h- : 44
  Y 2|T3p+T3h|T3:xJ.hZ : 44
  Y 1|T1+T3p|T1:pool : 42
  Y 1|T3p+T3h|T3:xZ.hZ : 40
  Y 2|T3p+T3h|T3:xJ.hJ : 40
  Y 2|T3p+T3h|T3:xJ.hR : 40
  Y 1|T1+T3h|T3:xH.hZ : 38
  Y 2|T1+T3p+T3h|T3:xZ.hZ : 32
  Y 1|T1+T3h|T3:xZ.hR : 29
  Y 2|T1+T3p+T3h|T3:xH.hJ : 28
  Y 2|T1+T3p+T3h|T3:xH.hR : 27
  Y 1|T1+T3p|T1:rel : 25
  Y 1|T3p|T3:xJ.h- : 22
  Y 2|T3p+T3h|T3:xZ.h- : 19
  Y 2|T3p+T3h|T3:xZ.hJ : 16
  Y 2|T3p+T3h|T3:xZ.hR : 16
  Y 1|T3p|T3:xZ.h- : 13
  Y 2|T3p+T3h|T3:xH.hR : 8
  Y 2|T3p+T3h|T3:xH.hZ : 8
  Y 2|T1+T3p+T3h|T1:grow : 6
  Y 2|T1+T3p+T3h|T3:xH.hZ : 5
  Y 2|T3p+T3h|T3:xH.hJ : 5
  Y 1|T1|T1:grow : 3
  Y 2|T1+T3p|T1:rel : 3
  Y 2|T3p|T3:xJ.h- : 3
  Y 2|T3p|T3:xZ.h- : 3
  Y 1|T1+T3p|T3:xZ.h- : 2
  Y 2|T1+T3p|T3:xZ.h- : 2
  Y 2|T3p+T3h|T3:xZ.hZ : 2
  Y 1|T3h|T3:xH.hR : 1
  Y 1|T3h|T3:xH.hZ : 1
  Y 1|T3h|T3:xJ.hR : 1
  Y 1|T3h|T3:xJ.hZ : 1
  Y 2|T1+T3p|T1:pool : 1
  Y 2|T1+T3p|T3:xJ.h- : 1
