# command: python3 k4/dl13_run.py catalog results/k4_gap/hunt_n5_pure_s2000.json.gz --jobs=1 --rt=5 --ro=200 --ckpt=results/k4_dl13/ckpt_cat.jsonl --dump=results/k4_dl13/states_cat.jsonl.gz --tables=results/k4_dl13/tables_cat_hunt_n5_pure_s2000.json
# dl13.c sha256 f891de3a228a63fcd05008c0e4d9202068fc0d2b41be5876775affd4b2131d65
# catalog results/k4_gap/hunt_n5_pure_s2000.json.gz: 8207 instances, 5 units to run, 0 from the checkpoint
catalog results/k4_gap/hunt_n5_pure_s2000.json.gz: profiles 8207, omega >= 1: 8207; k* = 0: 7528, 1: 673, 2: 6, 3: 0, >= 4: 0, inf: 0; P with def > 0: 4538, at distance 1: 4492, 2: 46, 3: 0, >= 4: 0, inf: 0; Pareto-maximal: 61; largest least deficit -1
  DL13: states (def > 0) with f = 0: 0 (R_13 fails at 0), with f >= 1: 4538; DL13 FAILS at 0 of the f >= 1 states; T1 only 95, T3 only 46 (of which T3 with a helper only 0), both 4397; with a plain T3 move 4008, with a helper T3 move 4440; nearest R_13 improvement at distance 1 / 2 / 3: 4492 / 46 / 0; anomalies 0 [8 s]
table B: f >= 1 states by f | signature | branch : count
  B 1|G,D2|T1+T3p+T3h : 1855
  B 1|fO,G,D2|T1+T3p+T3h : 1454
  B 1|fO,L,D2|T1+T3p+T3h : 204
  B 1|fO,L,D2|T1+T3h : 174
  B 1|fO|T1+T3h : 102
  B 1|fO,L,D2|T1 : 72
  B 1|fO|T1+T3p+T3h : 65
  B 1|fO,L|T1+T3h : 63
  B 2|G,D2|T1+T3p+T3h : 62
  B 1|fO,G,D2|T1+T3h : 58
  B 1|e2,G,D2|T1+T3p+T3h : 47
  B 1|e2,fO,G,D2|T1+T3p+T3h : 46
  B 1|fO,L,O,D2|T1+T3p+T3h : 43
  B 1|G,D2,PM|T1+T3p+T3h : 38
  B 1|fO,L|T1+T3p+T3h : 33
  B 1|G,D2|T3p+T3h : 27
  B 2|fO,G,D2|T1+T3p+T3h : 23
  B 2|G,L,D2|T1+T3p+T3h : 15
  B 1|fO,G1|T1+T3h : 14
  B 1|fO,G,D2|T3p+T3h : 13
  B 1|e2,G,D2,PM|T1+T3p+T3h : 10
  B 1|e2,fO,G1|T1+T3h : 9
  B 1|fO|T1 : 9
  B 1|e2,fO,G,D2|T1+T3h : 8
  B 1|e2,fO,L,D2|T1+T3p+T3h : 7
  B 2|fO,G,L,D2|T1+T3p+T3h : 7
  B 1|e2,fO|T1+T3p+T3h : 6
  B 1|fO,D2|T1+T3p+T3h : 6
  B 2|G1,L,D2|T1+T3p+T3h : 6
  B 1|e2,fO,L,D2|T1 : 4
  B 1|e2,fO|T1 : 4
  B 2|G,D2,PM|T1+T3p+T3h : 4
  B 2|G,L,D2,PM|T1+T3p+T3h : 4
  B 2|G1,L,D2,PM|T1+T3p+T3h : 4
  B 2|fO,L|T1+T3p+T3h : 4
  B 1|fO,O,D2|T1+T3p+T3h : 3
  B 2|G,D2|T3p+T3h : 3
  B 2|G,G1,D2|T1+T3p+T3h : 3
  B 2|fO,L,D2|T1+T3h : 3
  B 1|e2,fO,G1|T1+T3p+T3h : 2
  B 1|e2,fO,L|T1+T3p+T3h : 2
  B 1|e2,fO|T1+T3h : 2
  B 1|fO,D2|T1 : 2
  B 1|fO,L|T1 : 2
  B 2|fO,G1,L|T1+T3p+T3h : 2
  B 1|G,D2|T1+T3p : 1
  B 1|e1,e3,fO,L|T1 : 1
  B 1|e2,e3,fO,L,D2|T1+T3p : 1
  B 1|e2,fO,L,D2|T1+T3h : 1
  B 1|e2,fO,L|T1 : 1
  B 1|fO,D2|T1+T3h : 1
  B 1|fO,L,D2|T1+T3p : 1
  B 2|G,O,D2|T1+T3p+T3h : 1
  B 2|e2,G,D2,PM|T1+T3p+T3h : 1
  B 2|e2,G,L,D2|T3p+T3h : 1
  B 2|e2,fO,G,L,D2|T3p+T3h : 1
  B 2|fO,G,G1,D2|T1+T3p+T3h : 1
  B 2|fO,G,L,D2|T3p+T3h : 1
  B 2|fO,L,O|T1+T3p+T3h : 1
table G: f >= 1 states by f | nearest distance k | branch : count
  G 1|1|T1+T3p+T3h : 3821
  G 1|1|T1+T3h : 432
  G 2|1|T1+T3p+T3h : 138
  G 1|1|T1 : 95
  G 1|2|T3p+T3h : 40
  G 2|2|T3p+T3h : 6
  G 1|1|T1+T3p : 3
  G 2|1|T1+T3h : 3
table Y: f >= 1 states by f | branch | move type available : count
  Y 1|T1+T3p+T3h|T3:xJ.h- : 3782
  Y 1|T1+T3p+T3h|T1:rel : 3614
  Y 1|T1+T3p+T3h|T3:xJ.hJ : 3596
  Y 1|T1+T3p+T3h|T3:xJ.hR : 3591
  Y 1|T1+T3p+T3h|T1:pool : 3237
  Y 1|T1+T3p+T3h|T3:xJ.hZ : 1464
  Y 1|T1+T3p+T3h|T3:xH.hJ : 1330
  Y 1|T1+T3p+T3h|T3:xZ.h- : 430
  Y 1|T1+T3h|T1:pool : 427
  Y 1|T1+T3p+T3h|T3:xZ.hJ : 419
  Y 1|T1+T3p+T3h|T3:xZ.hR : 414
  Y 1|T1+T3h|T1:rel : 389
  Y 1|T1+T3p+T3h|T3:xH.hR : 366
  Y 1|T1+T3h|T3:xH.hJ : 318
  Y 1|T1+T3p+T3h|T1:grow : 199
  Y 1|T1+T3p+T3h|T3:xH.hZ : 156
  Y 2|T1+T3p+T3h|T3:xJ.h- : 126
  Y 2|T1+T3p+T3h|T3:xJ.hR : 125
  Y 2|T1+T3p+T3h|T1:rel : 123
  Y 2|T1+T3p+T3h|T3:xJ.hJ : 119
  Y 2|T1+T3p+T3h|T1:pool : 104
  Y 1|T1+T3h|T3:xJ.hJ : 101
  Y 1|T1|T1:rel : 95
  Y 1|T1|T1:pool : 94
  Y 1|T1+T3h|T3:xJ.hR : 73
  Y 1|T1+T3h|T3:xH.hR : 72
  Y 2|T1+T3p+T3h|T3:xJ.hZ : 61
  Y 2|T1+T3p+T3h|T3:xZ.h- : 52
  Y 2|T1+T3p+T3h|T3:xZ.hR : 51
  Y 2|T1+T3p+T3h|T3:xH.hJ : 47
  Y 2|T1+T3p+T3h|T3:xZ.hJ : 46
  Y 1|T1+T3p+T3h|T3:xZ.hZ : 44
  Y 1|T3p+T3h|T3:xJ.h- : 40
  Y 1|T3p+T3h|T3:xJ.hJ : 40
  Y 1|T3p+T3h|T3:xJ.hR : 37
  Y 1|T1+T3h|T1:grow : 33
  Y 1|T3p+T3h|T3:xZ.h- : 28
  Y 1|T3p+T3h|T3:xZ.hJ : 28
  Y 1|T1+T3h|T3:xZ.hJ : 25
  Y 1|T1+T3h|T3:xZ.hR : 25
  Y 2|T1+T3p+T3h|T3:xZ.hZ : 25
  Y 1|T1+T3h|T3:xJ.hZ : 24
  Y 1|T3p+T3h|T3:xZ.hR : 22
  Y 2|T1+T3p+T3h|T3:xH.hR : 21
  Y 1|T3p+T3h|T3:xH.hJ : 20
  Y 1|T1+T3h|T3:xH.hZ : 17
  Y 1|T3p+T3h|T3:xJ.hZ : 11
  Y 1|T3p+T3h|T3:xH.hR : 9
  Y 2|T3p+T3h|T3:xJ.h- : 6
  Y 2|T3p+T3h|T3:xJ.hJ : 6
  Y 1|T1+T3p|T1:pool : 3
  Y 1|T1+T3p|T3:xJ.h- : 3
  Y 2|T1+T3h|T1:rel : 3
  Y 2|T1+T3h|T3:xH.hJ : 3
  Y 2|T1+T3h|T3:xH.hR : 3
  Y 2|T1+T3p+T3h|T1:grow : 3
  Y 1|T1+T3p|T1:rel : 1
  Y 1|T1|T1:grow : 1
  Y 2|T1+T3h|T1:pool : 1
  Y 2|T1+T3p+T3h|T3:xH.hZ : 1
