# command: python3 k4/dl13_run.py catalog results/k4_gap/gap_n5_pure_s100.json.gz --jobs=1 --rt=5 --ro=200 --ckpt=results/k4_dl13/ckpt_cat.jsonl --dump=results/k4_dl13/states_cat.jsonl.gz --tables=results/k4_dl13/tables_cat_gap_n5_pure_s100.json
# dl13.c sha256 f891de3a228a63fcd05008c0e4d9202068fc0d2b41be5876775affd4b2131d65
# catalog results/k4_gap/gap_n5_pure_s100.json.gz: 29086 instances, 15 units to run, 0 from the checkpoint
catalog results/k4_gap/gap_n5_pure_s100.json.gz: profiles 29086, omega >= 1: 29086; k* = 0: 26576, 1: 2486, 2: 24, 3: 0, >= 4: 0, inf: 0; P with def > 0: 14262, at distance 1: 14189, 2: 73, 3: 0, >= 4: 0, inf: 0; Pareto-maximal: 391; largest least deficit 0
  DL13: states (def > 0) with f = 0: 0 (R_13 fails at 0), with f >= 1: 14262; DL13 FAILS at 0 of the f >= 1 states; T1 only 230, T3 only 73 (of which T3 with a helper only 7), both 13959; with a plain T3 move 12210, with a helper T3 move 14025; nearest R_13 improvement at distance 1 / 2 / 3: 14189 / 66 / 7; anomalies 0 [18 s]
table B: f >= 1 states by f | signature | branch : count
  B 1|G,D2|T1+T3p+T3h : 4731
  B 1|fO,G,D2|T1+T3p+T3h : 3897
  B 1|fO,L|T1+T3p+T3h : 1153
  B 1|fO|T1+T3h : 869
  B 1|fO|T1+T3p+T3h : 811
  B 1|fO,L|T1+T3h : 670
  B 1|G,D2,PM|T1+T3p+T3h : 291
  B 2|G,D2|T1+T3p+T3h : 188
  B 1|e2,G,D2|T1+T3p+T3h : 183
  B 1|fO|T1 : 155
  B 1|e2,fO,G,D2|T1+T3p+T3h : 145
  B 1|fO,L,D2|T1+T3p+T3h : 108
  B 1|fO,G1|T1+T3p+T3h : 107
  B 1|e2,fO|T1+T3h : 93
  B 1|e2,fO|T1+T3p+T3h : 81
  B 1|e2,fO,L|T1+T3p+T3h : 75
  B 1|fO,G,D2|T1+T3h : 75
  B 2|fO,G,D2|T1+T3p+T3h : 59
  B 1|G,D2|T3p+T3h : 52
  B 1|e2,G,D2,PM|T1+T3p+T3h : 52
  B 2|G,L,D2|T1+T3p+T3h : 40
  B 1|fO,L|T1 : 39
  B 1|fO,L,D2|T1+T3h : 38
  B 2|fO,L|T1+T3p+T3h : 31
  B 1|e2,fO,L|T1+T3h : 24
  B 2|G,D2,PM|T1+T3p+T3h : 22
  B 1|fO,L,O,D2|T1+T3p+T3h : 20
  B 1|e2,fO|T1 : 19
  B 2|fO,G,L,D2|T1+T3p+T3h : 18
  B 1|e2,fO,G,D2|T1+T3h : 16
  B 1|fO,D2|T1+T3p+T3h : 16
  B 2|G,L,D2,PM|T1+T3p+T3h : 16
  B 2|fO,L|T1+T3h : 14
  B 1|e2,fO,G1|T1+T3p+T3h : 12
  B 1|fO,L,D2|T1 : 10
  B 1|fO,G,D2|T3p+T3h : 9
  B 1|fO,O|T1+T3p+T3h : 9
  B 2|G,G1,D2|T1+T3p+T3h : 8
  B 1|fO,O,D2|T1+T3p+T3h : 7
  B 1|G,D2|T1+T3h : 6
  B 1|e2,fO,L,O,D2|T1+T3p+T3h : 6
  B 1|e2,fO,L|T1 : 5
  B 1|e2,fO,O|T1+T3p+T3h : 5
  B 2|G,G1,D2,PM|T1+T3p+T3h : 5
  B 1|e2,G,D2|T1+T3h : 4
  B 1|e2,fO,G,D2|T3h : 4
  B 2|fO,G,G1,D2|T1+T3p+T3h : 4
  B 2|fO,G,O,D2|T1+T3p+T3h : 4
  B 3|G,D2,PM|T1+T3p+T3h : 4
  B 2|G,O,D2|T1+T3p+T3h : 3
  B 2|L,O,D2|T1+T3p+T3h : 3
  B 2|fO,L,O|T1+T3p+T3h : 3
  B 2|fO|T1+T3p+T3h : 3
  B 1|G,D2|T1+T3p : 2
  B 1|e2,G,D2|T3h : 2
  B 1|e2,G,D2|T3p+T3h : 2
  B 1|e2,fO,L,D2|T1+T3h : 2
  B 1|e2,fO,L,D2|T1+T3p+T3h : 2
  B 2|G1,L,D2|T1+T3p+T3h : 2
  B 2|O,D2|T1+T3p+T3h : 2
  B 2|e1,G,L,D2|T1+T3p+T3h : 2
  B 2|e1,fO,L|T1+T3h : 2
  B 2|fO,L,D2|T1+T3p+T3h : 2
  B 2|fO|T1 : 2
  B 1|G,D2|T3h : 1
  B 1|e1,G,D2|T1+T3p+T3h : 1
  B 1|e2,L|T3p+T3h : 1
  B 1|e2,fO,L|T1+T3p : 1
  B 1|e3,fO,L|T1+T3p+T3h : 1
  B 1|fO,G,D2|T1+T3p : 1
  B 1|fO,G1|T1+T3h : 1
  B 1|fO,L,D2|T1+T3p : 1
  B 1|fO,L|T1+T3p : 1
  B 2|G,D2|T1+T3h : 1
  B 2|G,D2|T3p+T3h : 1
  B 2|G,L,D2|T1+T3p : 1
  B 2|G,L,D2|T3p+T3h : 1
  B 2|e1,fO,G,L,D2|T1+T3p+T3h : 1
  B 2|e2,G,L,D2,PM|T1+T3p+T3h : 1
  B 2|fO,G1,L|T1+T3p+T3h : 1
  B 2|fO,L,O,D2|T1+T3p+T3h : 1
  B 3|G,O,D2|T1+T3p+T3h : 1
table G: f >= 1 states by f | nearest distance k | branch : count
  G 1|1|T1+T3p+T3h : 11713
  G 1|1|T1+T3h : 1798
  G 2|1|T1+T3p+T3h : 419
  G 1|1|T1 : 228
  G 1|2|T3p+T3h : 64
  G 2|1|T1+T3h : 17
  G 1|2|T3h : 7
  G 1|1|T1+T3p : 6
  G 3|1|T1+T3p+T3h : 5
  G 2|1|T1 : 2
  G 2|2|T3p+T3h : 2
  G 2|1|T1+T3p : 1
table Y: f >= 1 states by f | branch | move type available : count
  Y 1|T1+T3p+T3h|T3:xJ.h- : 11315
  Y 1|T1+T3p+T3h|T1:rel : 11156
  Y 1|T1+T3p+T3h|T3:xJ.hR : 10729
  Y 1|T1+T3p+T3h|T3:xJ.hJ : 10512
  Y 1|T1+T3p+T3h|T1:pool : 9656
  Y 1|T1+T3p+T3h|T3:xJ.hZ : 5638
  Y 1|T1+T3p+T3h|T3:xH.hJ : 3362
  Y 1|T1+T3p+T3h|T3:xZ.h- : 2062
  Y 1|T1+T3p+T3h|T3:xZ.hR : 1931
  Y 1|T1+T3p+T3h|T3:xZ.hJ : 1899
  Y 1|T1+T3h|T1:pool : 1779
  Y 1|T1+T3h|T1:rel : 1593
  Y 1|T1+T3h|T3:xH.hJ : 1580
  Y 1|T1+T3p+T3h|T3:xH.hR : 1504
  Y 1|T1+T3p+T3h|T3:xH.hZ : 836
  Y 1|T1+T3p+T3h|T1:grow : 624
  Y 1|T1+T3p+T3h|T3:xZ.hZ : 559
  Y 2|T1+T3p+T3h|T3:xJ.h- : 403
  Y 2|T1+T3p+T3h|T1:rel : 397
  Y 2|T1+T3p+T3h|T3:xJ.hR : 393
  Y 2|T1+T3p+T3h|T3:xJ.hJ : 337
  Y 1|T1+T3h|T3:xH.hR : 336
  Y 2|T1+T3p+T3h|T1:pool : 257
  Y 1|T1|T1:pool : 228
  Y 1|T1+T3h|T3:xJ.hJ : 214
  Y 1|T1|T1:rel : 207
  Y 2|T1+T3p+T3h|T3:xJ.hZ : 203
  Y 1|T1+T3h|T1:grow : 192
  Y 1|T1+T3h|T3:xH.hZ : 130
  Y 1|T1+T3h|T3:xJ.hZ : 130
  Y 2|T1+T3p+T3h|T3:xH.hJ : 111
  Y 1|T1+T3h|T3:xJ.hR : 97
  Y 2|T1+T3p+T3h|T3:xZ.h- : 93
  Y 2|T1+T3p+T3h|T3:xZ.hR : 93
  Y 1|T3p+T3h|T3:xJ.h- : 64
  Y 2|T1+T3p+T3h|T3:xH.hR : 64
  Y 1|T3p+T3h|T3:xJ.hJ : 63
  Y 2|T1+T3p+T3h|T3:xZ.hJ : 60
  Y 1|T3p+T3h|T3:xJ.hR : 48
  Y 1|T3p+T3h|T3:xJ.hZ : 46
  Y 1|T1+T3h|T3:xZ.hJ : 40
  Y 1|T1+T3h|T3:xZ.hR : 35
  Y 1|T3p+T3h|T3:xZ.h- : 33
  Y 2|T1+T3p+T3h|T3:xZ.hZ : 32
  Y 2|T1+T3p+T3h|T3:xH.hZ : 31
  Y 1|T3p+T3h|T3:xH.hJ : 30
  Y 1|T3p+T3h|T3:xZ.hJ : 28
  Y 1|T1|T1:grow : 19
  Y 1|T3p+T3h|T3:xZ.hR : 18
  Y 2|T1+T3h|T1:pool : 17
  Y 2|T1+T3h|T3:xH.hJ : 17
  Y 1|T3p+T3h|T3:xH.hR : 15
  Y 2|T1+T3h|T1:rel : 15
  Y 1|T1+T3h|T3:xZ.hZ : 12
  Y 1|T1+T3p|T1:pool : 6
  Y 1|T1+T3p|T3:xJ.h- : 6
  Y 1|T3h|T3:xJ.hZ : 6
  Y 2|T1+T3p+T3h|T1:grow : 6
  Y 3|T1+T3p+T3h|T1:rel : 5
  Y 3|T1+T3p+T3h|T3:xJ.h- : 5
  Y 3|T1+T3p+T3h|T3:xJ.hR : 5
  Y 1|T1+T3p|T1:rel : 4
  Y 1|T3h|T3:xJ.hJ : 4
  Y 2|T1+T3h|T3:xH.hR : 3
  Y 3|T1+T3p+T3h|T3:xJ.hZ : 3
  Y 3|T1+T3p+T3h|T3:xZ.h- : 3
  Y 1|T3p+T3h|T3:xZ.hZ : 2
  Y 2|T1|T1:pool : 2
  Y 2|T1|T1:rel : 2
  Y 2|T3p+T3h|T3:xH.hJ : 2
  Y 2|T3p+T3h|T3:xH.hR : 2
  Y 2|T3p+T3h|T3:xH.hZ : 2
  Y 2|T3p+T3h|T3:xJ.h- : 2
  Y 2|T3p+T3h|T3:xJ.hJ : 2
  Y 2|T3p+T3h|T3:xJ.hR : 2
  Y 2|T3p+T3h|T3:xJ.hZ : 2
  Y 2|T3p+T3h|T3:xZ.h- : 2
  Y 2|T3p+T3h|T3:xZ.hJ : 2
  Y 2|T3p+T3h|T3:xZ.hR : 2
  Y 2|T3p+T3h|T3:xZ.hZ : 2
  Y 3|T1+T3p+T3h|T3:xZ.hR : 2
  Y 3|T1+T3p+T3h|T3:xZ.hZ : 2
  Y 1|T3h|T3:xJ.hR : 1
  Y 1|T3p+T3h|T3:xH.hZ : 1
  Y 2|T1+T3h|T3:xH.hZ : 1
  Y 2|T1+T3p|T1:rel : 1
  Y 2|T1+T3p|T3:xJ.h- : 1
  Y 3|T1+T3p+T3h|T1:pool : 1
