# command: python3 k4/dl13_run.py catalog results/k4_gap/gap_n4_2_s4000.json.gz --jobs=1 --rt=5 --ro=200 --ckpt=results/k4_dl13/ckpt_cat.jsonl --dump=results/k4_dl13/states_cat.jsonl.gz --tables=results/k4_dl13/tables_cat_gap_n4_2_s4000.json
# dl13.c sha256 f891de3a228a63fcd05008c0e4d9202068fc0d2b41be5876775affd4b2131d65
# catalog results/k4_gap/gap_n4_2_s4000.json.gz: 36164 instances, 19 units to run, 0 from the checkpoint
catalog results/k4_gap/gap_n4_2_s4000.json.gz: profiles 36164, omega >= 1: 36164; k* = 0: 35686, 1: 478, 2: 0, 3: 0, >= 4: 0, inf: 0; P with def > 0: 629, at distance 1: 629, 2: 0, 3: 0, >= 4: 0, inf: 0; Pareto-maximal: 84; largest least deficit 0
  DL13: states (def > 0) with f = 0: 0 (R_13 fails at 0), with f >= 1: 629; DL13 FAILS at 0 of the f >= 1 states; T1 only 0, T3 only 0 (of which T3 with a helper only 0), both 629; with a plain T3 move 509, with a helper T3 move 623; nearest R_13 improvement at distance 1 / 2 / 3: 629 / 0 / 0; anomalies 0 [7 s]
table B: f >= 1 states by f | signature | branch : count
  B 1|G,D2|T1+T3p+T3h : 274
  B 1|fO,L|T1+T3h : 106
  B 1|fO,L|T1+T3p+T3h : 100
  B 2|G1,PM|T1+T3p+T3h : 28
  B 2|G1|T1+T3p+T3h : 24
  B 1|G,D2,PM|T1+T3p+T3h : 20
  B 2|G,L,D2,PM|T1+T3p+T3h : 15
  B 2|G1,L,PM|T1+T3p+T3h : 13
  B 1|e1,fO,L|T1+T3h : 12
  B 2|G,D2|T1+T3p+T3h : 12
  B 2|G,D2,PM|T1+T3p+T3h : 8
  B 1|G,D2|T1+T3p : 4
  B 2|G,L,D2|T1+T3p+T3h : 4
  B 1|e1,e2,L|T1+T3h : 2
  B 1|fO,L|T1+T3p : 2
  B 2|G,O,D2|T1+T3p+T3h : 2
  B 2|O|T1+T3p+T3h : 2
  B 2|L,O|T1+T3p+T3h : 1
table G: f >= 1 states by f | nearest distance k | branch : count
  G 1|1|T1+T3p+T3h : 394
  G 1|1|T1+T3h : 120
  G 2|1|T1+T3p+T3h : 109
  G 1|1|T1+T3p : 6
table Y: f >= 1 states by f | branch | move type available : count
  Y 1|T1+T3p+T3h|T1:pool : 394
  Y 1|T1+T3p+T3h|T3:xJ.h- : 394
  Y 1|T1+T3p+T3h|T1:rel : 383
  Y 1|T1+T3p+T3h|T3:xJ.hR : 372
  Y 1|T1+T3p+T3h|T3:xJ.hJ : 263
  Y 1|T1+T3h|T1:pool : 120
  Y 1|T1+T3h|T3:xH.hJ : 120
  Y 1|T1+T3h|T1:rel : 115
  Y 2|T1+T3p+T3h|T1:rel : 109
  Y 2|T1+T3p+T3h|T3:xJ.h- : 96
  Y 2|T1+T3p+T3h|T3:xJ.hR : 96
  Y 2|T1+T3p+T3h|T3:xZ.h- : 70
  Y 2|T1+T3p+T3h|T3:xZ.hR : 70
  Y 1|T1+T3p+T3h|T3:xJ.hZ : 68
  Y 2|T1+T3p+T3h|T1:pool : 49
  Y 2|T1+T3p+T3h|T3:xJ.hJ : 41
  Y 2|T1+T3p+T3h|T3:xZ.hJ : 38
  Y 1|T1+T3h|T3:xH.hR : 6
  Y 1|T1+T3p|T1:pool : 6
  Y 1|T1+T3p|T3:xJ.h- : 6
  Y 2|T1+T3p+T3h|T3:xH.hR : 3
  Y 1|T1+T3p|T1:rel : 2
  Y 2|T1+T3p+T3h|T3:xJ.hZ : 2
  Y 2|T1+T3p+T3h|T3:xH.hJ : 1
