# command: python3 k4/dl13_run.py catalog results/k4_gap/gap_n5_3_s100.json.gz --jobs=1 --rt=5 --ro=200 --ckpt=results/k4_dl13/ckpt_cat.jsonl --dump=results/k4_dl13/states_cat.jsonl.gz --tables=results/k4_dl13/tables_cat_gap_n5_3_s100.json
# dl13.c sha256 f891de3a228a63fcd05008c0e4d9202068fc0d2b41be5876775affd4b2131d65
# catalog results/k4_gap/gap_n5_3_s100.json.gz: 31190 instances, 16 units to run, 0 from the checkpoint
catalog results/k4_gap/gap_n5_3_s100.json.gz: profiles 31190, omega >= 1: 31190; k* = 0: 30753, 1: 436, 2: 1, 3: 0, >= 4: 0, inf: 0; P with def > 0: 897, at distance 1: 896, 2: 1, 3: 0, >= 4: 0, inf: 0; Pareto-maximal: 32; largest least deficit -1
  DL13: states (def > 0) with f = 0: 0 (R_13 fails at 0), with f >= 1: 897; DL13 FAILS at 0 of the f >= 1 states; T1 only 29, T3 only 1 (of which T3 with a helper only 0), both 867; with a plain T3 move 731, with a helper T3 move 865; nearest R_13 improvement at distance 1 / 2 / 3: 896 / 1 / 0; anomalies 0 [14 s]
table B: f >= 1 states by f | signature | branch : count
  B 1|G,D2|T1+T3p+T3h : 333
  B 1|fO,G,D2|T1+T3p+T3h : 149
  B 1|fO,L|T1+T3p+T3h : 117
  B 1|fO,L|T1+T3h : 86
  B 1|fO|T1+T3h : 35
  B 2|G,D2|T1+T3p+T3h : 31
  B 1|G,D2,PM|T1+T3p+T3h : 25
  B 2|G,L,D2|T1+T3p+T3h : 18
  B 1|fO|T1 : 15
  B 1|e2,G,D2|T1+T3p+T3h : 14
  B 2|fO,L|T1+T3p+T3h : 13
  B 2|fO,L|T1+T3h : 11
  B 1|fO,L|T1 : 9
  B 1|fO|T1+T3p+T3h : 8
  B 1|e2,fO|T1 : 4
  B 1|e2,fO,L|T1+T3p+T3h : 3
  B 2|G,D2,PM|T1+T3p+T3h : 3
  B 1|e2,G,D2,PM|T1+T3p+T3h : 2
  B 1|e2,fO,G,D2|T1+T3p+T3h : 2
  B 1|e2,fO,L|T1+T3h : 2
  B 2|G,L,D2,PM|T1+T3p+T3h : 2
  B 2|fO,L,D2|T1+T3h : 2
  B 3|G,L,D2|T1+T3p+T3h : 2
  B 1|G,D2|T1+T3p : 1
  B 1|G,D2|T3p : 1
  B 1|e2,fO,L|T1 : 1
  B 1|e2,fO|T1+T3h : 1
  B 1|fO,L|T1+T3p : 1
  B 2|G,O,D2|T1+T3p+T3h : 1
  B 2|L,O,D2|T1+T3p+T3h : 1
  B 2|fO,G,D2|T1+T3p+T3h : 1
  B 2|fO,G,L,D2|T1+T3p+T3h : 1
  B 2|fO,L,O|T1+T3p+T3h : 1
  B 2|fO|T1+T3p+T3h : 1
table G: f >= 1 states by f | nearest distance k | branch : count
  G 1|1|T1+T3p+T3h : 653
  G 1|1|T1+T3h : 124
  G 2|1|T1+T3p+T3h : 73
  G 1|1|T1 : 29
  G 2|1|T1+T3h : 13
  G 1|1|T1+T3p : 2
  G 3|1|T1+T3p+T3h : 2
  G 1|2|T3p : 1
table Y: f >= 1 states by f | branch | move type available : count
  Y 1|T1+T3p+T3h|T3:xJ.h- : 652
  Y 1|T1+T3p+T3h|T1:rel : 639
  Y 1|T1+T3p+T3h|T3:xJ.hR : 635
  Y 1|T1+T3p+T3h|T1:pool : 566
  Y 1|T1+T3p+T3h|T3:xJ.hJ : 496
  Y 1|T1+T3p+T3h|T3:xJ.hZ : 178
  Y 1|T1+T3h|T1:pool : 124
  Y 1|T1+T3h|T1:rel : 124
  Y 1|T1+T3h|T3:xH.hJ : 111
  Y 2|T1+T3p+T3h|T1:rel : 73
  Y 2|T1+T3p+T3h|T3:xJ.h- : 65
  Y 2|T1+T3p+T3h|T3:xJ.hR : 65
  Y 1|T1+T3p+T3h|T3:xH.hR : 57
  Y 2|T1+T3p+T3h|T1:pool : 49
  Y 1|T1+T3p+T3h|T3:xH.hJ : 44
  Y 2|T1+T3p+T3h|T3:xJ.hJ : 32
  Y 1|T1|T1:pool : 29
  Y 1|T1|T1:rel : 28
  Y 1|T1+T3p+T3h|T3:xZ.hR : 25
  Y 1|T1+T3p+T3h|T3:xZ.h- : 23
  Y 1|T1+T3p+T3h|T1:grow : 16
  Y 1|T1+T3h|T3:xH.hR : 15
  Y 2|T1+T3h|T1:pool : 13
  Y 2|T1+T3h|T1:rel : 13
  Y 2|T1+T3p+T3h|T3:xJ.hZ : 13
  Y 1|T1+T3p+T3h|T3:xH.hZ : 12
  Y 2|T1+T3p+T3h|T3:xZ.h- : 12
  Y 2|T1+T3p+T3h|T3:xZ.hR : 12
  Y 2|T1+T3h|T3:xH.hJ : 11
  Y 2|T1+T3p+T3h|T3:xH.hJ : 11
  Y 2|T1+T3p+T3h|T3:xZ.hJ : 9
  Y 1|T1+T3h|T1:grow : 7
  Y 1|T1+T3p+T3h|T3:xZ.hJ : 6
  Y 2|T1+T3p+T3h|T3:xH.hR : 6
  Y 1|T1+T3p+T3h|T3:xZ.hZ : 5
  Y 1|T1|T1:grow : 3
  Y 1|T1+T3p|T1:pool : 2
  Y 1|T1+T3p|T3:xJ.h- : 2
  Y 2|T1+T3h|T3:xH.hR : 2
  Y 3|T1+T3p+T3h|T1:rel : 2
  Y 3|T1+T3p+T3h|T3:xJ.h- : 2
  Y 3|T1+T3p+T3h|T3:xJ.hR : 2
  Y 1|T3p|T3:xJ.h- : 1
  Y 2|T1+T3h|T1:grow : 1
  Y 2|T1+T3h|T3:xH.hZ : 1
  Y 2|T1+T3p+T3h|T3:xH.hZ : 1
  Y 2|T1+T3p+T3h|T3:xZ.hZ : 1
