# command: python3 k4/dl13_run.py catalog results/k4_gap/gap_n4_3_s4000.json.gz --jobs=1 --rt=5 --ro=200 --ckpt=results/k4_dl13/ckpt_cat.jsonl --dump=results/k4_dl13/states_cat.jsonl.gz --tables=results/k4_dl13/tables_cat_gap_n4_3_s4000.json
# dl13.c sha256 f891de3a228a63fcd05008c0e4d9202068fc0d2b41be5876775affd4b2131d65
# catalog results/k4_gap/gap_n4_3_s4000.json.gz: 58361 instances, 30 units to run, 0 from the checkpoint
catalog results/k4_gap/gap_n4_3_s4000.json.gz: profiles 58361, omega >= 1: 58361; k* = 0: 55020, 1: 3309, 2: 32, 3: 0, >= 4: 0, inf: 0; P with def > 0: 6740, at distance 1: 6616, 2: 124, 3: 0, >= 4: 0, inf: 0; Pareto-maximal: 342; largest least deficit 0
  DL13: states (def > 0) with f = 0: 0 (R_13 fails at 0), with f >= 1: 6740; DL13 FAILS at 0 of the f >= 1 states; T1 only 76, T3 only 124 (of which T3 with a helper only 0), both 6540; with a plain T3 move 5636, with a helper T3 move 6596; nearest R_13 improvement at distance 1 / 2 / 3: 6616 / 124 / 0; anomalies 0 [12 s]
table B: f >= 1 states by f | signature | branch : count
  B 1|G,D2|T1+T3p+T3h : 2697
  B 1|fO,G,D2|T1+T3p+T3h : 1059
  B 1|fO,L|T1+T3p+T3h : 1010
  B 1|fO,L|T1+T3h : 869
  B 1|G,D2,PM|T1+T3p+T3h : 229
  B 1|fO|T1+T3h : 97
  B 2|G,D2|T1+T3p+T3h : 68
  B 1|G,D2|T3p+T3h : 65
  B 1|fO,L,D2|T1+T3p+T3h : 50
  B 1|e2,G,D2|T1+T3p+T3h : 45
  B 2|G,L,D2|T1+T3p+T3h : 37
  B 1|fO|T1+T3p+T3h : 33
  B 1|fO,G,D2|T3p+T3h : 30
  B 2|G1|T1+T3p+T3h : 29
  B 2|G1,PM|T1+T3p+T3h : 28
  B 2|G1,L,PM|T1+T3p+T3h : 27
  B 1|G,D2|T1+T3p : 22
  B 1|fO,L|T1+T3p : 22
  B 1|fO,L,D2|T1+T3h : 21
  B 1|e1,fO,L|T1+T3h : 20
  B 1|e2,G,D2,PM|T1+T3p+T3h : 20
  B 1|fO,L|T1 : 19
  B 1|fO|T1 : 18
  B 2|G,L,D2,PM|T1+T3p+T3h : 18
  B 2|G,D2,PM|T1+T3p+T3h : 14
  B 2|G1,L|T1+T3p+T3h : 13
  B 1|e1,G,D2|T1+T3p+T3h : 12
  B 1|fO,L,D2|T1 : 12
  B 2|fO,G,D2|T3p+T3h : 12
  B 1|e3,fO,L|T1+T3p+T3h : 9
  B 1|fO,G,D2|T1+T3p : 9
  B 1|e2,fO,L|T1 : 8
  B 1|e2,fO,L|T1+T3p+T3h : 8
  B 1|e3,fO,L|T1 : 8
  B 2|G,O,D2|T1+T3p+T3h : 8
  B 1|e1,e2,L|T1+T3h : 7
  B 1|e1,fO,L|T1 : 7
  B 2|G,D2|T3p+T3h : 7
  B 1|e2,fO,G,D2|T1+T3p+T3h : 5
  B 2|fO,G,D2|T1+T3p+T3h : 5
  B 1|e1,fO,G,D2|T1+T3p+T3h : 4
  B 1|e2,fO,L|T1+T3h : 4
  B 1|e3,fO,L|T1+T3h : 4
  B 2|fO,G1,L|T1+T3p : 4
  B 2|fO,L|T1+T3p+T3h : 4
  B 1|fO,L,D2|T1+T3p : 3
  B 2|G1,O|T1+T3p+T3h : 3
  B 2|fO,L|T1+T3h : 3
  B 1|G,D2|T3p : 2
  B 1|e1,G,D2|T3p+T3h : 2
  B 1|e1,fO,L|T1+T3p+T3h : 2
  B 1|e2,G,D2|T1+T3p : 2
  B 1|e2,fO|T1 : 2
  B 2|G,D2,PM|T3p+T3h : 2
  B 2|G,G1,D2|T1+T3p+T3h : 2
  B 2|L,O|T1+T3p+T3h : 2
  B 2|L,PM|T1+T3p+T3h : 2
  B 1|e1,e2,L|T1 : 1
  B 1|e1,e2,fO,L|T1+T3h : 1
  B 1|e1,e3,O|T1+T3p+T3h : 1
  B 1|e1,fO,O|T1+T3p+T3h : 1
  B 1|e2,fO,L|T1+T3p : 1
  B 1|e2,fO|T1+T3h : 1
  B 1|e2|T1 : 1
  B 1|e2|T1+T3h : 1
  B 2|G,L,D2,PM|T3p+T3h : 1
  B 2|G,L,D2|T3p+T3h : 1
  B 2|G1,PM|T3p+T3h : 1
  B 2|L|T1+T3p : 1
  B 2|L|T1+T3p+T3h : 1
  B 2|fO,G,G1,D2|T1+T3p+T3h : 1
  B 2|fO,G,L,D2|T1+T3p : 1
  B 2|fO,G,L,D2|T3p : 1
table G: f >= 1 states by f | nearest distance k | branch : count
  G 1|1|T1+T3p+T3h : 5185
  G 1|1|T1+T3h : 1025
  G 2|1|T1+T3p+T3h : 262
  G 1|2|T3p+T3h : 97
  G 1|1|T1 : 76
  G 1|1|T1+T3p : 59
  G 2|2|T3p+T3h : 24
  G 2|1|T1+T3p : 6
  G 2|1|T1+T3h : 3
  G 1|2|T3p : 2
  G 2|2|T3p : 1
table Y: f >= 1 states by f | branch | move type available : count
  Y 1|T1+T3p+T3h|T3:xJ.h- : 5183
  Y 1|T1+T3p+T3h|T1:rel : 4894
  Y 1|T1+T3p+T3h|T3:xJ.hR : 4747
  Y 1|T1+T3p+T3h|T1:pool : 4639
  Y 1|T1+T3p+T3h|T3:xJ.hJ : 4103
  Y 1|T1+T3p+T3h|T3:xJ.hZ : 1870
  Y 1|T1+T3h|T1:pool : 1022
  Y 1|T1+T3h|T3:xH.hJ : 1010
  Y 1|T1+T3h|T1:rel : 930
  Y 1|T1+T3p+T3h|T3:xH.hJ : 600
  Y 1|T1+T3p+T3h|T3:xH.hR : 343
  Y 1|T1+T3p+T3h|T3:xZ.h- : 289
  Y 1|T1+T3p+T3h|T3:xZ.hR : 270
  Y 2|T1+T3p+T3h|T1:rel : 262
  Y 2|T1+T3p+T3h|T3:xJ.h- : 231
  Y 2|T1+T3p+T3h|T3:xJ.hR : 228
  Y 1|T1+T3p+T3h|T3:xH.hZ : 174
  Y 2|T1+T3p+T3h|T3:xJ.hJ : 140
  Y 2|T1+T3p+T3h|T3:xZ.h- : 113
  Y 2|T1+T3p+T3h|T3:xZ.hR : 111
  Y 2|T1+T3p+T3h|T1:pool : 105
  Y 1|T3p+T3h|T3:xJ.h- : 97
  Y 1|T1+T3p+T3h|T1:grow : 90
  Y 1|T1|T1:pool : 76
  Y 1|T1+T3p+T3h|T3:xZ.hJ : 74
  Y 1|T1|T1:rel : 73
  Y 1|T3p+T3h|T3:xJ.hJ : 72
  Y 1|T3p+T3h|T3:xJ.hR : 72
  Y 1|T3p+T3h|T3:xJ.hZ : 65
  Y 2|T1+T3p+T3h|T3:xZ.hJ : 65
  Y 1|T1+T3h|T3:xH.hR : 62
  Y 1|T1+T3p|T3:xJ.h- : 59
  Y 1|T1+T3p|T1:pool : 57
  Y 1|T1+T3p+T3h|T3:xZ.hZ : 53
  Y 2|T1+T3p+T3h|T3:xJ.hZ : 48
  Y 1|T3p+T3h|T3:xZ.h- : 40
  Y 1|T1+T3h|T1:grow : 31
  Y 1|T1+T3p|T1:rel : 30
  Y 1|T3p+T3h|T3:xH.hR : 30
  Y 1|T3p+T3h|T3:xH.hJ : 28
  Y 2|T3p+T3h|T3:xJ.h- : 23
  Y 2|T3p+T3h|T3:xJ.hJ : 21
  Y 1|T3p+T3h|T3:xZ.hR : 20
  Y 1|T3p+T3h|T3:xZ.hJ : 19
  Y 2|T3p+T3h|T3:xJ.hZ : 18
  Y 2|T3p+T3h|T3:xJ.hR : 17
  Y 1|T3p+T3h|T3:xH.hZ : 10
  Y 2|T1+T3p+T3h|T3:xZ.hZ : 10
  Y 1|T1+T3h|T3:xH.hZ : 9
  Y 2|T1+T3p+T3h|T3:xH.hJ : 8
  Y 2|T1+T3p+T3h|T3:xH.hR : 7
  Y 1|T3p+T3h|T3:xZ.hZ : 6
  Y 2|T1+T3p|T1:rel : 5
  Y 2|T1+T3p|T3:xJ.h- : 4
  Y 2|T1+T3p|T3:xZ.h- : 4
  Y 2|T1+T3h|T1:pool : 3
  Y 2|T1+T3h|T1:rel : 3
  Y 2|T1+T3h|T3:xH.hJ : 3
  Y 1|T3p|T3:xJ.h- : 2
  Y 2|T1+T3h|T3:xH.hZ : 2
  Y 2|T1+T3p+T3h|T3:xH.hZ : 2
  Y 1|T1+T3h|T3:xJ.hJ : 1
  Y 1|T1+T3p|T3:xZ.h- : 1
  Y 1|T1|T1:grow : 1
  Y 2|T1+T3p|T1:pool : 1
  Y 2|T3p+T3h|T3:xZ.h- : 1
  Y 2|T3p+T3h|T3:xZ.hJ : 1
  Y 2|T3p+T3h|T3:xZ.hR : 1
  Y 2|T3p|T3:xJ.h- : 1
