# command: python3 k4/dl134_xcheck.py results/k4_dl13/hunt_n5.jsonl.gz --out=results/k4_dl13/dl134_xcheck_n5.jsonl.gz
# 3 profiles in the dumps, 24 DL13-failing states; evaluating 3 profiles
X ?#{'climb': 39, 'pos': 39, 'start': 'k4_certs_5_pure.json.gz#3868:77,28,254,99,71'} 7,15,108,55,237 [[10], [4, 6], [7], [5], [9]] def 1 k 2 | t1=0 t2=1 t3p=0 t3h=0 t4=0 t4s2=0 | R13=0 R134=0 R134s2=0 RT=1 RT4=1 RT4s2=1 | t4min 0
X ?#{'climb': 39, 'pos': 39, 'start': 'k4_certs_5_pure.json.gz#3868:77,28,254,99,71'} 7,15,108,55,237 [[8, 10], [4, 6], [7], [5], [9]] def 1 k 2 | t1=0 t2=1 t3p=0 t3h=0 t4=0 t4s2=0 | R13=0 R134=0 R134s2=0 RT=1 RT4=1 RT4s2=1 | t4min 0
X ?#{'climb': 39, 'pos': 39, 'start': 'k4_certs_5_pure.json.gz#3868:77,28,254,99,71'} 7,15,108,55,237 [[2, 10], [4, 6], [7], [5], [9]] def 1 k 2 | t1=0 t2=1 t3p=0 t3h=0 t4=0 t4s2=0 | R13=0 R134=0 R134s2=0 RT=1 RT4=1 RT4s2=1 | t4min 0
X ?#{'climb': 39, 'pos': 39, 'start': 'k4_certs_5_pure.json.gz#3868:77,28,254,99,71'} 7,15,108,55,237 [[0, 10], [4, 6], [7], [5], [9]] def 1 k 2 | t1=0 t2=1 t3p=0 t3h=0 t4=0 t4s2=0 | R13=0 R134=0 R134s2=0 RT=1 RT4=1 RT4s2=1 | t4min 0
X ?#{'climb': 169, 'pos': 169, 'start': 'k4_certs_5_pure.json.gz#3389:133,13,7,161,37'} 34,34,6,14,22 [[6], [9], [7], [8], [10]] def 1 k 2 | t1=0 t2=0 t3p=0 t3h=0 t4=1 t4s2=1 | R13=0 R134=1 R134s2=1 RT=0 RT4=1 RT4s2=1 | t4min 2
X ?#{'climb': 169, 'pos': 169, 'start': 'k4_certs_5_pure.json.gz#3389:133,13,7,161,37'} 34,34,6,14,22 [[6], [9], [3, 7], [8], [10]] def 1 k 2 | t1=0 t2=0 t3p=0 t3h=0 t4=1 t4s2=1 | R13=0 R134=1 R134s2=1 RT=0 RT4=1 RT4s2=1 | t4min 2
X ?#{'climb': 169, 'pos': 169, 'start': 'k4_certs_5_pure.json.gz#3389:133,13,7,161,37'} 34,34,6,14,22 [[2, 6], [9], [7], [8], [10]] def 1 k 2 | t1=0 t2=0 t3p=0 t3h=0 t4=1 t4s2=1 | R13=0 R134=1 R134s2=1 RT=0 RT4=1 RT4s2=1 | t4min 2
X ?#{'climb': 169, 'pos': 169, 'start': 'k4_certs_5_pure.json.gz#3389:133,13,7,161,37'} 34,34,6,14,22 [[2, 6], [9], [3, 7], [8], [10]] def 1 k 2 | t1=0 t2=0 t3p=0 t3h=0 t4=1 t4s2=1 | R13=0 R134=1 R134s2=1 RT=0 RT4=1 RT4s2=1 | t4min 2
X ?#{'climb': 169, 'pos': 169, 'start': 'k4_certs_5_pure.json.gz#3389:133,13,7,161,37'} 34,34,6,14,22 [[0, 6], [9], [7], [8], [10]] def 1 k 2 | t1=0 t2=0 t3p=0 t3h=0 t4=1 t4s2=1 | R13=0 R134=1 R134s2=1 RT=0 RT4=1 RT4s2=1 | t4min 2
X ?#{'climb': 169, 'pos': 169, 'start': 'k4_certs_5_pure.json.gz#3389:133,13,7,161,37'} 34,34,6,14,22 [[0, 6], [9], [3, 7], [8], [10]] def 1 k 2 | t1=0 t2=0 t3p=0 t3h=0 t4=1 t4s2=1 | R13=0 R134=1 R134s2=1 RT=0 RT4=1 RT4s2=1 | t4min 2
X ?#{'climb': 169, 'pos': 169, 'start': 'k4_certs_5_pure.json.gz#3389:133,13,7,161,37'} 34,34,6,14,22 [[0, 2], [9], [7], [8], [10]] def 1 k 2 | t1=0 t2=0 t3p=0 t3h=0 t4=1 t4s2=1 | R13=0 R134=1 R134s2=1 RT=0 RT4=1 RT4s2=1 | t4min 2
X ?#{'climb': 169, 'pos': 169, 'start': 'k4_certs_5_pure.json.gz#3389:133,13,7,161,37'} 34,34,6,14,22 [[0, 2], [9], [6, 7], [8], [10]] def 1 k 2 | t1=0 t2=0 t3p=0 t3h=0 t4=1 t4s2=1 | R13=0 R134=1 R134s2=1 RT=0 RT4=1 RT4s2=1 | t4min 2
X ?#{'climb': 169, 'pos': 169, 'start': 'k4_certs_5_pure.json.gz#3389:133,13,7,161,37'} 34,34,6,14,22 [[0, 2], [9], [3, 7], [8], [10]] def 1 k 2 | t1=0 t2=0 t3p=0 t3h=0 t4=1 t4s2=1 | R13=0 R134=1 R134s2=1 RT=0 RT4=1 RT4s2=1 | t4min 2
X ?#{'climb': 169, 'pos': 169, 'start': 'k4_certs_5_pure.json.gz#3389:133,13,7,161,37'} 34,34,6,14,22 [[0, 2], [9], [3, 6], [8], [10]] def 1 k 2 | t1=0 t2=0 t3p=0 t3h=0 t4=1 t4s2=1 | R13=0 R134=1 R134s2=1 RT=0 RT4=1 RT4s2=1 | t4min 2
X ?#{'climb': 169, 'pos': 169, 'start': 'k4_certs_5_pure.json.gz#3389:133,13,7,161,37'} 34,34,88,14,22 [[6], [9], [3], [8], [10]] def 1 k 2 | t1=0 t2=0 t3p=0 t3h=0 t4=1 t4s2=1 | R13=0 R134=1 R134s2=1 RT=0 RT4=1 RT4s2=1 | t4min 2
X ?#{'climb': 169, 'pos': 169, 'start': 'k4_certs_5_pure.json.gz#3389:133,13,7,161,37'} 34,34,88,14,22 [[6], [9], [3, 7], [8], [10]] def 1 k 2 | t1=0 t2=0 t3p=0 t3h=0 t4=1 t4s2=1 | R13=0 R134=1 R134s2=1 RT=0 RT4=1 RT4s2=1 | t4min 2
X ?#{'climb': 169, 'pos': 169, 'start': 'k4_certs_5_pure.json.gz#3389:133,13,7,161,37'} 34,34,88,14,22 [[2, 6], [9], [3], [8], [10]] def 1 k 2 | t1=0 t2=0 t3p=0 t3h=0 t4=1 t4s2=1 | R13=0 R134=1 R134s2=1 RT=0 RT4=1 RT4s2=1 | t4min 2
X ?#{'climb': 169, 'pos': 169, 'start': 'k4_certs_5_pure.json.gz#3389:133,13,7,161,37'} 34,34,88,14,22 [[2, 6], [9], [3, 7], [8], [10]] def 1 k 2 | t1=0 t2=0 t3p=0 t3h=0 t4=1 t4s2=1 | R13=0 R134=1 R134s2=1 RT=0 RT4=1 RT4s2=1 | t4min 2
X ?#{'climb': 169, 'pos': 169, 'start': 'k4_certs_5_pure.json.gz#3389:133,13,7,161,37'} 34,34,88,14,22 [[0, 6], [9], [3], [8], [10]] def 1 k 2 | t1=0 t2=0 t3p=0 t3h=0 t4=1 t4s2=1 | R13=0 R134=1 R134s2=1 RT=0 RT4=1 RT4s2=1 | t4min 2
X ?#{'climb': 169, 'pos': 169, 'start': 'k4_certs_5_pure.json.gz#3389:133,13,7,161,37'} 34,34,88,14,22 [[0, 6], [9], [3, 7], [8], [10]] def 1 k 2 | t1=0 t2=0 t3p=0 t3h=0 t4=1 t4s2=1 | R13=0 R134=1 R134s2=1 RT=0 RT4=1 RT4s2=1 | t4min 2
X ?#{'climb': 169, 'pos': 169, 'start': 'k4_certs_5_pure.json.gz#3389:133,13,7,161,37'} 34,34,88,14,22 [[0, 2], [9], [6, 7], [8], [10]] def 1 k 2 | t1=0 t2=0 t3p=0 t3h=0 t4=1 t4s2=1 | R13=0 R134=1 R134s2=1 RT=0 RT4=1 RT4s2=1 | t4min 2
X ?#{'climb': 169, 'pos': 169, 'start': 'k4_certs_5_pure.json.gz#3389:133,13,7,161,37'} 34,34,88,14,22 [[0, 2], [9], [3], [8], [10]] def 1 k 2 | t1=0 t2=0 t3p=0 t3h=0 t4=1 t4s2=1 | R13=0 R134=1 R134s2=1 RT=0 RT4=1 RT4s2=1 | t4min 2
X ?#{'climb': 169, 'pos': 169, 'start': 'k4_certs_5_pure.json.gz#3389:133,13,7,161,37'} 34,34,88,14,22 [[0, 2], [9], [3, 7], [8], [10]] def 1 k 2 | t1=0 t2=0 t3p=0 t3h=0 t4=1 t4s2=1 | R13=0 R134=1 R134s2=1 RT=0 RT4=1 RT4s2=1 | t4min 2
X ?#{'climb': 169, 'pos': 169, 'start': 'k4_certs_5_pure.json.gz#3389:133,13,7,161,37'} 34,34,88,14,22 [[0, 2], [9], [3, 6], [8], [10]] def 1 k 2 | t1=0 t2=0 t3p=0 t3h=0 t4=1 t4s2=1 | R13=0 R134=1 R134s2=1 RT=0 RT4=1 RT4s2=1 | t4min 2
states 24; R13 holds 0 / fails 24, R134 holds 20 / fails 4, R134s2 holds 20 / fails 4, RT holds 4 / fails 20, RT4 holds 24 / fails 0, RT4s2 holds 24 / fails 0
improving move kinds available (states): t4+t4s2: 20, t2: 4
least |ch| of an improving T4 move (states with one): {2: 20}
R13 and RT against rel_B: 0 mismatches; profiles whose dumped failing states are not all found: 0
