# command: python3 k4/dl13_run.py ht 2 --sample=200 --seed=1 --jobs=1 --rt=1 --ro=50 --ckpt=results/k4_dl13/ckpt_ht.jsonl --dump=results/k4_dl13/states_ht.jsonl.gz --tables=results/k4_dl13/tables_h2_s200.json
# dl13.c sha256 f891de3a228a63fcd05008c0e4d9202068fc0d2b41be5876775affd4b2131d65
# ht 2: 1 instances, 1 units to run, 0 from the checkpoint; 200 random profiles each, seed 1
ht 2: profiles 200, omega >= 1: 200; k* = 0: 97, 1: 103, 2: 0, 3: 0, >= 4: 0, inf: 0; P with def > 0: 37647, at distance 1: 37647, 2: 0, 3: 0, >= 4: 0, inf: 0; Pareto-maximal: 37; largest least deficit -1
  DL13: states (def > 0) with f = 0: 27692 (R_13 fails at 0), with f >= 1: 9955; DL13 FAILS at 0 of the f >= 1 states; T1 only 442, T3 only 0 (of which T3 with a helper only 0), both 9513; with a plain T3 move 7269, with a helper T3 move 9513; nearest R_13 improvement at distance 1 / 2 / 3: 9955 / 0 / 0; anomalies 0 [228 s]
table B: f >= 1 states by f | signature | branch : count
  B 1|fO,G,D2|T1+T3p+T3h : 2743
  B 1|G,D2|T1+T3p+T3h : 1987
  B 1|fO|T1+T3h : 1475
  B 1|fO|T1+T3p+T3h : 1123
  B 1|fO,L|T1+T3p+T3h : 505
  B 1|fO|T1 : 339
  B 1|fO,L|T1+T3h : 335
  B 1|fO,L,D2|T1+T3p+T3h : 226
  B 1|fO,G,D2|T1+T3h : 183
  B 1|e2,fO,G,D2|T1+T3p+T3h : 180
  B 1|e2,fO|T1+T3h : 158
  B 1|e2,fO,L,D2|T1+T3p+T3h : 150
  B 1|e2,G,D2|T1+T3p+T3h : 117
  B 1|e2,fO|T1+T3p+T3h : 91
  B 1|e2,fO|T1 : 74
  B 1|e2,fO,L|T1+T3p+T3h : 62
  B 1|e2,fO,L|T1+T3h : 52
  B 1|fO,D2|T1+T3p+T3h : 44
  B 1|e2,fO,G,D2|T1+T3h : 39
  B 1|G,D2,PM|T1+T3p+T3h : 35
  B 1|fO,L|T1 : 24
  B 1|e2,fO,L|T1 : 5
  B 2|G,D2|T1+T3p+T3h : 4
  B 1|G,D2|T1+T3h : 2
  B 1|e2,G,D2,PM|T1+T3p+T3h : 2
table G: f >= 1 states by f | nearest distance k | branch : count
  G 1|1|T1+T3p+T3h : 7265
  G 1|1|T1+T3h : 2244
  G 1|1|T1 : 442
  G 2|1|T1+T3p+T3h : 4
table Y: f >= 1 states by f | branch | move type available : count
  Y 1|T1+T3p+T3h|T3:xJ.h- : 7265
  Y 1|T1+T3p+T3h|T3:xJ.hJ : 7265
  Y 1|T1+T3p+T3h|T3:xJ.hR : 7213
  Y 1|T1+T3p+T3h|T1:rel : 7107
  Y 1|T1+T3p+T3h|T1:pool : 6040
  Y 1|T1+T3h|T1:pool : 2232
  Y 1|T1+T3h|T1:rel : 1999
  Y 1|T1+T3h|T3:xH.hJ : 1707
  Y 1|T1+T3p+T3h|T3:xJ.hZ : 1481
  Y 1|T1+T3p+T3h|T3:xH.hJ : 1215
  Y 1|T1+T3h|T3:xH.hR : 780
  Y 1|T1+T3p+T3h|T1:grow : 672
  Y 1|T1+T3h|T3:xJ.hJ : 522
  Y 1|T1+T3h|T3:xJ.hR : 506
  Y 1|T1|T1:pool : 442
  Y 1|T1|T1:rel : 441
  Y 1|T1+T3p+T3h|T3:xH.hR : 402
  Y 1|T1+T3h|T1:grow : 352
  Y 1|T1+T3p+T3h|T3:xH.hZ : 287
  Y 1|T1+T3h|T3:xJ.hZ : 278
  Y 1|T1+T3h|T3:xH.hZ : 155
  Y 1|T1|T1:grow : 118
  Y 2|T1+T3p+T3h|T1:pool : 4
  Y 2|T1+T3p+T3h|T1:rel : 4
  Y 2|T1+T3p+T3h|T3:xJ.h- : 4
  Y 2|T1+T3p+T3h|T3:xJ.hJ : 4
  Y 2|T1+T3p+T3h|T3:xJ.hR : 4
