# command: python3 k4/dl13_hunt.py certs results/k4_certs_4_n4_3.json.gz --mmax=6 --climbs=400 --init=2000 --steps=60 --nb=48 --patience=15 --bt --seed=2 --jobs=1 --out=results/k4_dl13/hunt_n4_3_m6.jsonl.gz --ckpt=results/k4_dl13/ckpt_hunt.jsonl --tables=results/k4_dl13/tables_hunt_n4_3_m6.json
# dl13u.c sha256 e5ab32ae961795db80db8cd6222a99f5f4ad5396fead9f8d319369b8725e5615
# 400 climbs to run, 0 from the checkpoint; steps <= 60, 48 neighbours per step, patience 15, big-top bias True
#   climb {'climb': 0, 'pos': 3, 'file': 'k4_certs_4_n4_3.json.gz'}: best score [1000000000, 0, 0] after 0 steps, 2000 profiles, 0 f >= 1 states, DL13 failures 0 [0.8 s]
#   climb {'climb': 1, 'pos': 5, 'file': 'k4_certs_4_n4_3.json.gz'}: best score [1000000000, 0, 0] after 0 steps, 2000 profiles, 0 f >= 1 states, DL13 failures 0 [0.0 s]
#   climb {'climb': 2, 'pos': 10, 'file': 'k4_certs_4_n4_3.json.gz'}: best score [1000000000, 0, 0] after 0 steps, 2000 profiles, 0 f >= 1 states, DL13 failures 0 [0.0 s]
#   climb {'climb': 3, 'pos': 16, 'file': 'k4_certs_4_n4_3.json.gz'}: best score [1000000000, 0, 0] after 0 steps, 2000 profiles, 0 f >= 1 states, DL13 failures 0 [0.0 s]
#   climb {'climb': 4, 'pos': 38, 'file': 'k4_certs_4_n4_3.json.gz'}: best score [1000000000, 0, 0] after 0 steps, 2000 profiles, 0 f >= 1 states, DL13 failures 0 [0.0 s]
#   climb {'climb': 5, 'pos': 37, 'file': 'k4_certs_4_n4_3.json.gz'}: best score [1000000000, 0, 0] after 0 steps, 2000 profiles, 0 f >= 1 states, DL13 failures 0 [0.0 s]
#   climb {'climb': 6, 'pos': 27, 'file': 'k4_certs_4_n4_3.json.gz'}: best score [1000000000, 0, 0] after 0 steps, 2000 profiles, 0 f >= 1 states, DL13 failures 0 [0.0 s]
#   climb {'climb': 7, 'pos': 46, 'file': 'k4_certs_4_n4_3.json.gz'}: best score [1000000000, 0, 0] after 0 steps, 2000 profiles, 0 f >= 1 states, DL13 failures 0 [0.0 s]
#   climb {'climb': 8, 'pos': 34, 'file': 'k4_certs_4_n4_3.json.gz'}: best score [1000000000, 0, 0] after 0 steps, 2000 profiles, 0 f >= 1 states, DL13 failures 0 [0.0 s]
#   climb {'climb': 9, 'pos': 32, 'file': 'k4_certs_4_n4_3.json.gz'}: best score [1000000000, 0, 0] after 0 steps, 2000 profiles, 0 f >= 1 states, DL13 failures 0 [0.0 s]
#   climb {'climb': 10, 'pos': 2, 'file': 'k4_certs_4_n4_3.json.gz'}: best score [1000000000, 0, 0] after 0 steps, 2000 profiles, 0 f >= 1 states, DL13 failures 0 [0.0 s]
#   climb {'climb': 11, 'pos': 23, 'file': 'k4_certs_4_n4_3.json.gz'}: best score [1000000000, 0, 0] after 0 steps, 2000 profiles, 0 f >= 1 states, DL13 failures 0 [0.0 s]
#   climb {'climb': 12, 'pos': 20, 'file': 'k4_certs_4_n4_3.json.gz'}: best score [1000000000, 0, 0] after 0 steps, 2000 profiles, 0 f >= 1 states, DL13 failures 0 [0.0 s]
#   climb {'climb': 13, 'pos': 27, 'file': 'k4_certs_4_n4_3.json.gz'}: best score [1000000000, 0, 0] after 0 steps, 2000 profiles, 0 f >= 1 states, DL13 failures 0 [0.0 s]
#   climb {'climb': 14, 'pos': 35, 'file': 'k4_certs_4_n4_3.json.gz'}: best score [1000000000, 0, 0] after 0 steps, 2000 profiles, 0 f >= 1 states, DL13 failures 0 [0.0 s]
#   climb {'climb': 15, 'pos': 15, 'file': 'k4_certs_4_n4_3.json.gz'}: best score [1000000000, 0, 0] after 0 steps, 2000 profiles, 0 f >= 1 states, DL13 failures 0 [0.0 s]
#   climb {'climb': 16, 'pos': 1, 'file': 'k4_certs_4_n4_3.json.gz'}: best score [1000000000, 0, 0] after 0 steps, 2000 profiles, 0 f >= 1 states, DL13 failures 0 [0.0 s]
#   climb {'climb': 17, 'pos': 20, 'file': 'k4_certs_4_n4_3.json.gz'}: best score [1000000000, 0, 0] after 0 steps, 2000 profiles, 0 f >= 1 states, DL13 failures 0 [0.0 s]
#   climb {'climb': 18, 'pos': 8, 'file': 'k4_certs_4_n4_3.json.gz'}: best score [1000000000, 0, 0] after 0 steps, 2000 profiles, 0 f >= 1 states, DL13 failures 0 [0.0 s]
#   climb {'climb': 19, 'pos': 32, 'file': 'k4_certs_4_n4_3.json.gz'}: best score [1000000000, 0, 0] after 0 steps, 2000 profiles, 0 f >= 1 states, DL13 failures 0 [0.0 s]
#   climb {'climb': 20, 'pos': 28, 'file': 'k4_certs_4_n4_3.json.gz'}: best score [1000000000, 0, 0] after 0 steps, 2000 profiles, 0 f >= 1 states, DL13 failures 0 [0.0 s]
#   climb {'climb': 21, 'pos': 33, 'file': 'k4_certs_4_n4_3.json.gz'}: best score [1000000000, 0, 0] after 0 steps, 2000 profiles, 0 f >= 1 states, DL13 failures 0 [0.0 s]
#   climb {'climb': 22, 'pos': 37, 'file': 'k4_certs_4_n4_3.json.gz'}: best score [1000000000, 0, 0] after 0 steps, 2000 profiles, 0 f >= 1 states, DL13 failures 0 [0.0 s]
#   climb {'climb': 23, 'pos': 23, 'file': 'k4_certs_4_n4_3.json.gz'}: best score [1000000000, 0, 0] after 0 steps, 2000 profiles, 0 f >= 1 states, DL13 failures 0 [0.0 s]
#   climb {'climb': 24, 'pos': 10, 'file': 'k4_certs_4_n4_3.json.gz'}: best score [1000000000, 0, 0] after 0 steps, 2000 profiles, 0 f >= 1 states, DL13 failures 0 [0.0 s]
#   climb {'climb': 25, 'pos': 45, 'file': 'k4_certs_4_n4_3.json.gz'}: best score [1000000000, 0, 0] after 0 steps, 2000 profiles, 0 f >= 1 states, DL13 failures 0 [0.0 s]
#   climb {'climb': 26, 'pos': 41, 'file': 'k4_certs_4_n4_3.json.gz'}: best score [1000000000, 0, 0] after 0 steps, 1999 profiles, 0 f >= 1 states, DL13 failures 0 [0.0 s]
#   climb {'climb': 27, 'pos': 31, 'file': 'k4_certs_4_n4_3.json.gz'}: best score [1000000000, 0, 0] after 0 steps, 2000 profiles, 0 f >= 1 states, DL13 failures 0 [0.0 s]
#   climb {'climb': 28, 'pos': 31, 'file': 'k4_certs_4_n4_3.json.gz'}: best score [1000000000, 0, 0] after 0 steps, 2000 profiles, 0 f >= 1 states, DL13 failures 0 [0.0 s]
#   climb {'climb': 29, 'pos': 42, 'file': 'k4_certs_4_n4_3.json.gz'}: best score [1000000000, 0, 0] after 0 steps, 1999 profiles, 0 f >= 1 states, DL13 failures 0 [0.0 s]
#   climb {'climb': 30, 'pos': 29, 'file': 'k4_certs_4_n4_3.json.gz'}: best score [1000000000, 0, 0] after 0 steps, 2000 profiles, 0 f >= 1 states, DL13 failures 0 [0.0 s]
#   climb {'climb': 31, 'pos': 36, 'file': 'k4_certs_4_n4_3.json.gz'}: best score [1000000000, 0, 0] after 0 steps, 1999 profiles, 0 f >= 1 states, DL13 failures 0 [0.0 s]
#   climb {'climb': 32, 'pos': 31, 'file': 'k4_certs_4_n4_3.json.gz'}: best score [1000000000, 0, 0] after 0 steps, 2000 profiles, 0 f >= 1 states, DL13 failures 0 [0.0 s]
#   climb {'climb': 33, 'pos': 20, 'file': 'k4_certs_4_n4_3.json.gz'}: best score [1000000000, 0, 0] after 0 steps, 2000 profiles, 0 f >= 1 states, DL13 failures 0 [0.0 s]
#   climb {'climb': 34, 'pos': 39, 'file': 'k4_certs_4_n4_3.json.gz'}: best score [1000000000, 0, 0] after 0 steps, 2000 profiles, 0 f >= 1 states, DL13 failures 0 [0.0 s]
#   climb {'climb': 35, 'pos': 30, 'file': 'k4_certs_4_n4_3.json.gz'}: best score [1000000000, 0, 0] after 0 steps, 1999 profiles, 0 f >= 1 states, DL13 failures 0 [0.0 s]
#   climb {'climb': 36, 'pos': 19, 'file': 'k4_certs_4_n4_3.json.gz'}: best score [1000000000, 0, 0] after 0 steps, 2000 profiles, 0 f >= 1 states, DL13 failures 0 [0.0 s]
#   climb {'climb': 37, 'pos': 19, 'file': 'k4_certs_4_n4_3.json.gz'}: best score [1000000000, 0, 0] after 0 steps, 2000 profiles, 0 f >= 1 states, DL13 failures 0 [0.0 s]
#   climb {'climb': 38, 'pos': 31, 'file': 'k4_certs_4_n4_3.json.gz'}: best score [1000000000, 0, 0] after 0 steps, 2000 profiles, 0 f >= 1 states, DL13 failures 0 [0.0 s]
#   climb {'climb': 39, 'pos': 43, 'file': 'k4_certs_4_n4_3.json.gz'}: best score [1000000000, 0, 0] after 0 steps, 2000 profiles, 0 f >= 1 states, DL13 failures 0 [0.0 s]
#   climb {'climb': 40, 'pos': 21, 'file': 'k4_certs_4_n4_3.json.gz'}: best score [1000000000, 0, 0] after 0 steps, 1999 profiles, 0 f >= 1 states, DL13 failures 0 [0.0 s]
#   climb {'climb': 41, 'pos': 12, 'file': 'k4_certs_4_n4_3.json.gz'}: best score [1000000000, 0, 0] after 0 steps, 2000 profiles, 0 f >= 1 states, DL13 failures 0 [0.0 s]
#   climb {'climb': 42, 'pos': 3, 'file': 'k4_certs_4_n4_3.json.gz'}: best score [1000000000, 0, 0] after 0 steps, 2000 profiles, 0 f >= 1 states, DL13 failures 0 [0.0 s]
#   climb {'climb': 43, 'pos': 17, 'file': 'k4_certs_4_n4_3.json.gz'}: best score [1000000000, 0, 0] after 0 steps, 2000 profiles, 0 f >= 1 states, DL13 failures 0 [0.0 s]
#   climb {'climb': 44, 'pos': 43, 'file': 'k4_certs_4_n4_3.json.gz'}: best score [1000000000, 0, 0] after 0 steps, 2000 profiles, 0 f >= 1 states, DL13 failures 0 [0.0 s]
#   climb {'climb': 45, 'pos': 33, 'file': 'k4_certs_4_n4_3.json.gz'}: best score [1000000000, 0, 0] after 0 steps, 2000 profiles, 0 f >= 1 states, DL13 failures 0 [0.0 s]
#   climb {'climb': 46, 'pos': 17, 'file': 'k4_certs_4_n4_3.json.gz'}: best score [1000000000, 0, 0] after 0 steps, 2000 profiles, 0 f >= 1 states, DL13 failures 0 [0.0 s]
#   climb {'climb': 47, 'pos': 13, 'file': 'k4_certs_4_n4_3.json.gz'}: best score [1000000000, 0, 0] after 0 steps, 2000 profiles, 0 f >= 1 states, DL13 failures 0 [0.0 s]
#   climb {'climb': 48, 'pos': 27, 'file': 'k4_certs_4_n4_3.json.gz'}: best score [1000000000, 0, 0] after 0 steps, 1999 profiles, 0 f >= 1 states, DL13 failures 0 [0.0 s]
#   climb {'climb': 49, 'pos': 3, 'file': 'k4_certs_4_n4_3.json.gz'}: best score [1000000000, 0, 0] after 0 steps, 2000 profiles, 0 f >= 1 states, DL13 failures 0 [0.0 s]
#   climb {'climb': 50, 'pos': 23, 'file': 'k4_certs_4_n4_3.json.gz'}: best score [1000000000, 0, 0] after 0 steps, 2000 profiles, 0 f >= 1 states, DL13 failures 0 [0.0 s]
#   climb {'climb': 51, 'pos': 15, 'file': 'k4_certs_4_n4_3.json.gz'}: best score [1000000000, 0, 0] after 0 steps, 2000 profiles, 0 f >= 1 states, DL13 failures 0 [0.0 s]
#   climb {'climb': 52, 'pos': 5, 'file': 'k4_certs_4_n4_3.json.gz'}: best score [1000000000, 0, 0] after 0 steps, 1999 profiles, 0 f >= 1 states, DL13 failures 0 [0.0 s]
#   climb {'climb': 53, 'pos': 4, 'file': 'k4_certs_4_n4_3.json.gz'}: best score [1000000000, 0, 0] after 0 steps, 2000 profiles, 0 f >= 1 states, DL13 failures 0 [0.0 s]
#   climb {'climb': 54, 'pos': 2, 'file': 'k4_certs_4_n4_3.json.gz'}: best score [1000000000, 0, 0] after 0 steps, 2000 profiles, 0 f >= 1 states, DL13 failures 0 [0.0 s]
#   climb {'climb': 55, 'pos': 23, 'file': 'k4_certs_4_n4_3.json.gz'}: best score [1000000000, 0, 0] after 0 steps, 2000 profiles, 0 f >= 1 states, DL13 failures 0 [0.0 s]
#   climb {'climb': 56, 'pos': 8, 'file': 'k4_certs_4_n4_3.json.gz'}: best score [1000000000, 0, 0] after 0 steps, 2000 profiles, 0 f >= 1 states, DL13 failures 0 [0.0 s]
#   climb {'climb': 57, 'pos': 11, 'file': 'k4_certs_4_n4_3.json.gz'}: best score [1000000000, 0, 0] after 0 steps, 2000 profiles, 0 f >= 1 states, DL13 failures 0 [0.0 s]
#   climb {'climb': 58, 'pos': 24, 'file': 'k4_certs_4_n4_3.json.gz'}: best score [1000000000, 0, 0] after 0 steps, 2000 profiles, 0 f >= 1 states, DL13 failures 0 [0.0 s]
#   climb {'climb': 59, 'pos': 15, 'file': 'k4_certs_4_n4_3.json.gz'}: best score [0, 0, -4] after 0 steps, 2000 profiles, 6 f >= 1 states, DL13 failures 2 [0.0 s]
#   DL13 FAILS in climb {'climb': 59, 'pos': 15, 'file': 'k4_certs_4_n4_3.json.gz'}: {'tag': 15, 'prof': [71, 6, 84, 4], 'f': 3, 'omega': 1, 'nmin': 18, 'B': [[2], [4], [5], [3]], 'def': 1, 'k': 2, 'nn': 2, 'pm': 0, 'sig': 'O', 'br': 'none', 'r13d': -1, 'dT1': -1, 'dT3': -1, 't1types': [], 't3types': [], 'frozen': [0, 1, 2], 'J': [0, 1], 'own': [[3, 1]], 'exp': [[3, 1, 'O']], 'better': [{'B': [[0], [5], [4], [2]], 'def': 0}, {'B': [[2], [3], [4], [5]], 'def': 0}, {'B': [[2], [1, 3], [4], [5]], 'def': 0}, {'B': [[2], [5], [4], [3]], 'def': 0}, {'B': [[4], [3], [2], [5]], 'def': 0}, {'B': [[4], [3], [5], [2]], 'def': 0}, {'B': [[4], [1, 3], [2], [5]], 'def': 0}, {'B': [[4], [1, 3], [5], [2]], 'def': 0}, {'B': [[4], [5], [2], [3]], 'def': 0}, {'B': [[4], [5], [3], [2]], 'def': 0}, {'B': [[5], [3], [4], [2]], 'def': 0}, {'B': [[5], [1, 3], [4], [2]], 'def': 0}], 'vals': [[3, 8, 10, 6], [2, 3, 4, 8], [4, 2, 8, 3], [4, 2, 3]], 'core': {'key': {'climb': 59, 'pos': 15, 'file': 'k4_certs_4_n4_3.json.gz'}, 'm': 6, 'sets': [[0, 2, 4, 5], [1, 3, 4, 5], [2, 3, 4, 5], [2, 3, 5]]}}
#   climb {'climb': 60, 'pos': 2, 'file': 'k4_certs_4_n4_3.json.gz'}: best score [1000000000, 0, 0] after 0 steps, 2000 profiles, 0 f >= 1 states, DL13 failures 0 [0.0 s]
#   climb {'climb': 61, 'pos': 22, 'file': 'k4_certs_4_n4_3.json.gz'}: best score [1000000000, 0, 0] after 0 steps, 2000 profiles, 0 f >= 1 states, DL13 failures 0 [0.0 s]
#   climb {'climb': 62, 'pos': 18, 'file': 'k4_certs_4_n4_3.json.gz'}: best score [1000000000, 0, 0] after 0 steps, 2000 profiles, 0 f >= 1 states, DL13 failures 0 [0.0 s]
#   climb {'climb': 63, 'pos': 31, 'file': 'k4_certs_4_n4_3.json.gz'}: best score [1000000000, 0, 0] after 0 steps, 2000 profiles, 0 f >= 1 states, DL13 failures 0 [0.0 s]
#   climb {'climb': 64, 'pos': 19, 'file': 'k4_certs_4_n4_3.json.gz'}: best score [1000000000, 0, 0] after 0 steps, 2000 profiles, 0 f >= 1 states, DL13 failures 0 [0.0 s]
#   climb {'climb': 65, 'pos': 35, 'file': 'k4_certs_4_n4_3.json.gz'}: best score [1000000000, 0, 0] after 0 steps, 2000 profiles, 0 f >= 1 states, DL13 failures 0 [0.0 s]
#   climb {'climb': 66, 'pos': 16, 'file': 'k4_certs_4_n4_3.json.gz'}: best score [1000000000, 0, 0] after 0 steps, 2000 profiles, 0 f >= 1 states, DL13 failures 0 [0.0 s]
#   climb {'climb': 67, 'pos': 39, 'file': 'k4_certs_4_n4_3.json.gz'}: best score [1000000000, 0, 0] after 0 steps, 2000 profiles, 0 f >= 1 states, DL13 failures 0 [0.0 s]
#   climb {'climb': 68, 'pos': 30, 'file': 'k4_certs_4_n4_3.json.gz'}: best score [1000000000, 0, 0] after 0 steps, 2000 profiles, 0 f >= 1 states, DL13 failures 0 [0.0 s]
#   climb {'climb': 69, 'pos': 5, 'file': 'k4_certs_4_n4_3.json.gz'}: best score [1000000000, 0, 0] after 0 steps, 2000 profiles, 0 f >= 1 states, DL13 failures 0 [0.0 s]
#   climb {'climb': 70, 'pos': 6, 'file': 'k4_certs_4_n4_3.json.gz'}: best score [1000000000, 0, 0] after 0 steps, 2000 profiles, 0 f >= 1 states, DL13 failures 0 [0.0 s]
#   climb {'climb': 71, 'pos': 28, 'file': 'k4_certs_4_n4_3.json.gz'}: best score [1000000000, 0, 0] after 0 steps, 2000 profiles, 0 f >= 1 states, DL13 failures 0 [0.0 s]
#   climb {'climb': 72, 'pos': 33, 'file': 'k4_certs_4_n4_3.json.gz'}: best score [1000000000, 0, 0] after 0 steps, 2000 profiles, 0 f >= 1 states, DL13 failures 0 [0.0 s]
#   climb {'climb': 73, 'pos': 31, 'file': 'k4_certs_4_n4_3.json.gz'}: best score [1000000000, 0, 0] after 0 steps, 2000 profiles, 0 f >= 1 states, DL13 failures 0 [0.0 s]
#   climb {'climb': 74, 'pos': 9, 'file': 'k4_certs_4_n4_3.json.gz'}: best score [0, 0, -4] after 7 steps, 2250 profiles, 178 f >= 1 states, DL13 failures 2 [0.0 s]
#   DL13 FAILS in climb {'climb': 74, 'pos': 9, 'file': 'k4_certs_4_n4_3.json.gz'}: {'tag': 9, 'prof': [34, 64, 58, 3], 'f': 3, 'omega': 1, 'nmin': 18, 'B': [[4], [2], [3], [5]], 'def': 1, 'k': 2, 'nn': 2, 'pm': 0, 'sig': 'G', 'br': 'none', 'r13d': -1, 'dT1': -1, 'dT3': -1, 't1types': [], 't3types': [], 'frozen': [0, 2, 3], 'J': [0, 1], 'own': [[1, 1]], 'exp': [[1, 0, 'G']], 'better': [{'B': [[0], [3], [4], [5]], 'def': 0}, {'B': [[0], [3], [5], [4]], 'def': 0}, {'B': [[0], [5], [3], [4]], 'def': 0}, {'B': [[0], [5], [4], [3]], 'def': 0}, {'B': [[0, 1], [3], [4], [5]], 'def': 0}, {'B': [[0, 1], [3], [5], [4]], 'def': 0}, {'B': [[0, 1], [5], [3], [4]], 'def': 0}, {'B': [[0, 1], [5], [4], [3]], 'def': 0}, {'B': [[5], [2], [3], [4]], 'def': 0}, {'B': [[5], [2], [4], [3]], 'def': 0}, {'B': [[5], [3], [2], [4]], 'def': 0}, {'B': [[5], [3], [4], []], 'def': 0}], 'vals': [[3, 2, 4, 8], [3, 8, 2, 4], [3, 6, 8, 4], [3, 4, 2]], 'core': {'key': {'climb': 74, 'pos': 9, 'file': 'k4_certs_4_n4_3.json.gz'}, 'm': 6, 'sets': [[0, 1, 4, 5], [2, 3, 4, 5], [2, 3, 4, 5], [3, 4, 5]]}}
#   climb {'climb': 75, 'pos': 16, 'file': 'k4_certs_4_n4_3.json.gz'}: best score [1000000000, 0, 0] after 0 steps, 2000 profiles, 0 f >= 1 states, DL13 failures 0 [0.0 s]
#   climb {'climb': 76, 'pos': 38, 'file': 'k4_certs_4_n4_3.json.gz'}: best score [1000000000, 0, 0] after 0 steps, 2000 profiles, 0 f >= 1 states, DL13 failures 0 [0.0 s]
#   climb {'climb': 77, 'pos': 41, 'file': 'k4_certs_4_n4_3.json.gz'}: best score [1000000000, 0, 0] after 0 steps, 2000 profiles, 0 f >= 1 states, DL13 failures 0 [0.0 s]
#   climb {'climb': 78, 'pos': 44, 'file': 'k4_certs_4_n4_3.json.gz'}: best score [1000000000, 0, 0] after 0 steps, 2000 profiles, 0 f >= 1 states, DL13 failures 0 [0.0 s]
#   climb {'climb': 79, 'pos': 42, 'file': 'k4_certs_4_n4_3.json.gz'}: best score [1000000000, 0, 0] after 0 steps, 1999 profiles, 0 f >= 1 states, DL13 failures 0 [0.0 s]
#   climb {'climb': 80, 'pos': 16, 'file': 'k4_certs_4_n4_3.json.gz'}: best score [1000000000, 0, 0] after 0 steps, 2000 profiles, 0 f >= 1 states, DL13 failures 0 [0.0 s]
#   climb {'climb': 81, 'pos': 8, 'file': 'k4_certs_4_n4_3.json.gz'}: best score [1000000000, 0, 0] after 0 steps, 2000 profiles, 0 f >= 1 states, DL13 failures 0 [0.0 s]
#   climb {'climb': 82, 'pos': 10, 'file': 'k4_certs_4_n4_3.json.gz'}: best score [1000000000, 0, 0] after 0 steps, 2000 profiles, 0 f >= 1 states, DL13 failures 0 [0.0 s]
#   climb {'climb': 83, 'pos': 29, 'file': 'k4_certs_4_n4_3.json.gz'}: best score [1000000000, 0, 0] after 0 steps, 2000 profiles, 0 f >= 1 states, DL13 failures 0 [0.0 s]
#   climb {'climb': 84, 'pos': 32, 'file': 'k4_certs_4_n4_3.json.gz'}: best score [1000000000, 0, 0] after 0 steps, 2000 profiles, 0 f >= 1 states, DL13 failures 0 [0.0 s]
#   climb {'climb': 85, 'pos': 15, 'file': 'k4_certs_4_n4_3.json.gz'}: best score [1000000000, 0, 0] after 0 steps, 2000 profiles, 0 f >= 1 states, DL13 failures 0 [0.0 s]
#   climb {'climb': 86, 'pos': 45, 'file': 'k4_certs_4_n4_3.json.gz'}: best score [1000000000, 0, 0] after 0 steps, 2000 profiles, 0 f >= 1 states, DL13 failures 0 [0.0 s]
#   climb {'climb': 87, 'pos': 4, 'file': 'k4_certs_4_n4_3.json.gz'}: best score [1000000000, 0, 0] after 0 steps, 2000 profiles, 0 f >= 1 states, DL13 failures 0 [0.0 s]
#   climb {'climb': 88, 'pos': 5, 'file': 'k4_certs_4_n4_3.json.gz'}: best score [1000000000, 0, 0] after 0 steps, 2000 profiles, 0 f >= 1 states, DL13 failures 0 [0.0 s]
#   climb {'climb': 89, 'pos': 39, 'file': 'k4_certs_4_n4_3.json.gz'}: best score [1000000000, 0, 0] after 0 steps, 2000 profiles, 0 f >= 1 states, DL13 failures 0 [0.1 s]
#   climb {'climb': 90, 'pos': 16, 'file': 'k4_certs_4_n4_3.json.gz'}: best score [1000000000, 0, 0] after 0 steps, 2000 profiles, 0 f >= 1 states, DL13 failures 0 [0.0 s]
#   climb {'climb': 91, 'pos': 17, 'file': 'k4_certs_4_n4_3.json.gz'}: best score [1000000000, 0, 0] after 0 steps, 2000 profiles, 0 f >= 1 states, DL13 failures 0 [0.0 s]
#   climb {'climb': 92, 'pos': 9, 'file': 'k4_certs_4_n4_3.json.gz'}: best score [0, 0, -4] after 9 steps, 2308 profiles, 144 f >= 1 states, DL13 failures 2 [0.1 s]
#   DL13 FAILS in climb {'climb': 92, 'pos': 9, 'file': 'k4_certs_4_n4_3.json.gz'}: {'tag': 9, 'prof': [6, 142, 19, 3], 'f': 3, 'omega': 1, 'nmin': 18, 'B': [[4], [2], [3], [5]], 'def': 1, 'k': 2, 'nn': 2, 'pm': 0, 'sig': 'G', 'br': 'none', 'r13d': -1, 'dT1': -1, 'dT3': -1, 't1types': [], 't3types': [], 'frozen': [0, 2, 3], 'J': [0, 1], 'own': [[1, 1]], 'exp': [[1, 0, 'G']], 'better': [{'B': [[1], [3], [4], [5]], 'def': 0}, {'B': [[1], [3], [5], [4]], 'def': 0}, {'B': [[1], [5], [3], [4]], 'def': 0}, {'B': [[1], [5], [4], [3]], 'def': 0}, {'B': [[0, 1], [3], [4], [5]], 'def': 0}, {'B': [[0, 1], [3], [5], [4]], 'def': 0}, {'B': [[0, 1], [5], [3], [4]], 'def': 0}, {'B': [[0, 1], [5], [4], [3]], 'def': 0}, {'B': [[5], [2], [3], [4]], 'def': 0}, {'B': [[5], [2], [4], [3]], 'def': 0}, {'B': [[5], [3], [2], [4]], 'def': 0}, {'B': [[5], [3], [4], []], 'def': 0}], 'vals': [[2, 3, 4, 8], [5, 8, 4, 6], [2, 5, 8, 4], [3, 4, 2]], 'core': {'key': {'climb': 92, 'pos': 9, 'file': 'k4_certs_4_n4_3.json.gz'}, 'm': 6, 'sets': [[0, 1, 4, 5], [2, 3, 4, 5], [2, 3, 4, 5], [3, 4, 5]]}}
#   climb {'climb': 93, 'pos': 24, 'file': 'k4_certs_4_n4_3.json.gz'}: best score [1000000000, 0, 0] after 0 steps, 1999 profiles, 0 f >= 1 states, DL13 failures 0 [0.0 s]
#   climb {'climb': 94, 'pos': 10, 'file': 'k4_certs_4_n4_3.json.gz'}: best score [1000000000, 0, 0] after 0 steps, 2000 profiles, 0 f >= 1 states, DL13 failures 0 [0.0 s]
#   climb {'climb': 95, 'pos': 32, 'file': 'k4_certs_4_n4_3.json.gz'}: best score [1000000000, 0, 0] after 0 steps, 2000 profiles, 0 f >= 1 states, DL13 failures 0 [0.0 s]
#   climb {'climb': 96, 'pos': 15, 'file': 'k4_certs_4_n4_3.json.gz'}: best score [1000000000, 0, 0] after 0 steps, 2000 profiles, 0 f >= 1 states, DL13 failures 0 [0.0 s]
#   climb {'climb': 97, 'pos': 6, 'file': 'k4_certs_4_n4_3.json.gz'}: best score [1000000000, 0, 0] after 0 steps, 2000 profiles, 0 f >= 1 states, DL13 failures 0 [0.0 s]
#   climb {'climb': 98, 'pos': 11, 'file': 'k4_certs_4_n4_3.json.gz'}: best score [1000000000, 0, 0] after 0 steps, 2000 profiles, 0 f >= 1 states, DL13 failures 0 [0.0 s]
#   climb {'climb': 99, 'pos': 6, 'file': 'k4_certs_4_n4_3.json.gz'}: best score [1000000000, 0, 0] after 0 steps, 2000 profiles, 0 f >= 1 states, DL13 failures 0 [0.0 s]
#   climb {'climb': 100, 'pos': 1, 'file': 'k4_certs_4_n4_3.json.gz'}: best score [1000000000, 0, 0] after 0 steps, 1999 profiles, 0 f >= 1 states, DL13 failures 0 [0.0 s]
#   climb {'climb': 101, 'pos': 29, 'file': 'k4_certs_4_n4_3.json.gz'}: best score [1000000000, 0, 0] after 0 steps, 2000 profiles, 0 f >= 1 states, DL13 failures 0 [0.0 s]
#   climb {'climb': 102, 'pos': 34, 'file': 'k4_certs_4_n4_3.json.gz'}: best score [1000000000, 0, 0] after 0 steps, 1999 profiles, 0 f >= 1 states, DL13 failures 0 [0.0 s]
#   climb {'climb': 103, 'pos': 13, 'file': 'k4_certs_4_n4_3.json.gz'}: best score [1000000000, 0, 0] after 0 steps, 2000 profiles, 0 f >= 1 states, DL13 failures 0 [0.0 s]
#   climb {'climb': 104, 'pos': 46, 'file': 'k4_certs_4_n4_3.json.gz'}: best score [1000000000, 0, 0] after 0 steps, 2000 profiles, 0 f >= 1 states, DL13 failures 0 [0.0 s]
#   climb {'climb': 105, 'pos': 27, 'file': 'k4_certs_4_n4_3.json.gz'}: best score [1000000000, 0, 0] after 0 steps, 2000 profiles, 0 f >= 1 states, DL13 failures 0 [0.0 s]
#   climb {'climb': 106, 'pos': 37, 'file': 'k4_certs_4_n4_3.json.gz'}: best score [1000000000, 0, 0] after 0 steps, 1999 profiles, 0 f >= 1 states, DL13 failures 0 [0.0 s]
#   climb {'climb': 107, 'pos': 26, 'file': 'k4_certs_4_n4_3.json.gz'}: best score [1000000000, 0, 0] after 0 steps, 2000 profiles, 0 f >= 1 states, DL13 failures 0 [0.0 s]
#   climb {'climb': 108, 'pos': 6, 'file': 'k4_certs_4_n4_3.json.gz'}: best score [1000000000, 0, 0] after 0 steps, 2000 profiles, 0 f >= 1 states, DL13 failures 0 [0.0 s]
#   climb {'climb': 109, 'pos': 23, 'file': 'k4_certs_4_n4_3.json.gz'}: best score [1000000000, 0, 0] after 0 steps, 1999 profiles, 0 f >= 1 states, DL13 failures 0 [0.0 s]
#   climb {'climb': 110, 'pos': 33, 'file': 'k4_certs_4_n4_3.json.gz'}: best score [1000000000, 0, 0] after 0 steps, 2000 profiles, 0 f >= 1 states, DL13 failures 0 [0.0 s]
#   climb {'climb': 111, 'pos': 39, 'file': 'k4_certs_4_n4_3.json.gz'}: best score [1000000000, 0, 0] after 0 steps, 2000 profiles, 0 f >= 1 states, DL13 failures 0 [0.0 s]
#   climb {'climb': 112, 'pos': 18, 'file': 'k4_certs_4_n4_3.json.gz'}: best score [1000000000, 0, 0] after 0 steps, 2000 profiles, 0 f >= 1 states, DL13 failures 0 [0.0 s]
#   climb {'climb': 113, 'pos': 19, 'file': 'k4_certs_4_n4_3.json.gz'}: best score [1000000000, 0, 0] after 0 steps, 2000 profiles, 0 f >= 1 states, DL13 failures 0 [0.0 s]
#   climb {'climb': 114, 'pos': 43, 'file': 'k4_certs_4_n4_3.json.gz'}: best score [1000000000, 0, 0] after 0 steps, 2000 profiles, 0 f >= 1 states, DL13 failures 0 [0.0 s]
#   climb {'climb': 115, 'pos': 6, 'file': 'k4_certs_4_n4_3.json.gz'}: best score [1000000000, 0, 0] after 0 steps, 2000 profiles, 0 f >= 1 states, DL13 failures 0 [0.0 s]
#   climb {'climb': 116, 'pos': 19, 'file': 'k4_certs_4_n4_3.json.gz'}: best score [2, 0, -6] after 15 steps, 2536 profiles, 132 f >= 1 states, DL13 failures 0 [0.1 s]
#   climb {'climb': 117, 'pos': 43, 'file': 'k4_certs_4_n4_3.json.gz'}: best score [1000000000, 0, 0] after 0 steps, 1999 profiles, 0 f >= 1 states, DL13 failures 0 [0.0 s]
#   climb {'climb': 118, 'pos': 28, 'file': 'k4_certs_4_n4_3.json.gz'}: best score [1000000000, 0, 0] after 0 steps, 2000 profiles, 0 f >= 1 states, DL13 failures 0 [0.0 s]
#   climb {'climb': 119, 'pos': 26, 'file': 'k4_certs_4_n4_3.json.gz'}: best score [1000000000, 0, 0] after 0 steps, 2000 profiles, 0 f >= 1 states, DL13 failures 0 [0.0 s]
#   climb {'climb': 120, 'pos': 29, 'file': 'k4_certs_4_n4_3.json.gz'}: best score [1000000000, 0, 0] after 0 steps, 2000 profiles, 0 f >= 1 states, DL13 failures 0 [0.0 s]
#   climb {'climb': 121, 'pos': 37, 'file': 'k4_certs_4_n4_3.json.gz'}: best score [1000000000, 0, 0] after 0 steps, 2000 profiles, 0 f >= 1 states, DL13 failures 0 [0.0 s]
#   climb {'climb': 122, 'pos': 0, 'file': 'k4_certs_4_n4_3.json.gz'}: best score [1000000000, 0, 0] after 0 steps, 2000 profiles, 0 f >= 1 states, DL13 failures 0 [0.0 s]
#   climb {'climb': 123, 'pos': 1, 'file': 'k4_certs_4_n4_3.json.gz'}: best score [1000000000, 0, 0] after 0 steps, 2000 profiles, 0 f >= 1 states, DL13 failures 0 [0.0 s]
#   climb {'climb': 124, 'pos': 19, 'file': 'k4_certs_4_n4_3.json.gz'}: best score [1000000000, 0, 0] after 0 steps, 2000 profiles, 0 f >= 1 states, DL13 failures 0 [0.0 s]
#   climb {'climb': 125, 'pos': 14, 'file': 'k4_certs_4_n4_3.json.gz'}: best score [1000000000, 0, 0] after 0 steps, 2000 profiles, 0 f >= 1 states, DL13 failures 0 [0.0 s]
#   climb {'climb': 126, 'pos': 12, 'file': 'k4_certs_4_n4_3.json.gz'}: best score [0, 0, -4] after 12 steps, 2454 profiles, 178 f >= 1 states, DL13 failures 2 [0.1 s]
#   DL13 FAILS in climb {'climb': 126, 'pos': 12, 'file': 'k4_certs_4_n4_3.json.gz'}: {'tag': 12, 'prof': [8, 74, 20, 2], 'f': 3, 'omega': 1, 'nmin': 18, 'B': [[5], [1], [3], [4]], 'def': 1, 'k': 2, 'nn': 2, 'pm': 0, 'sig': 'G', 'br': 'none', 'r13d': -1, 'dT1': -1, 'dT3': -1, 't1types': [], 't3types': [], 'frozen': [0, 2, 3], 'J': [0, 2], 'own': [[1, 1]], 'exp': [[1, 0, 'G']], 'better': [{'B': [[2], [3], [4], [5]], 'def': 0}, {'B': [[2], [3], [5], [4]], 'def': 0}, {'B': [[2], [4], [3], [5]], 'def': 0}, {'B': [[2], [4], [5], [3]], 'def': 0}, {'B': [[0, 2], [3], [4], [5]], 'def': 0}, {'B': [[0, 2], [3], [5], [4]], 'def': 0}, {'B': [[0, 2], [4], [3], [5]], 'def': 0}, {'B': [[0, 2], [4], [5], [3]], 'def': 0}, {'B': [[4], [1], [3], [5]], 'def': 0}, {'B': [[4], [1], [5], [3]], 'def': 0}, {'B': [[4], [3], [2], [5]], 'def': 0}, {'B': [[4], [3], [5], []], 'def': 0}], 'vals': [[2, 3, 8, 4], [3, 10, 6, 2], [2, 6, 3, 10], [3, 2, 4]], 'core': {'key': {'climb': 126, 'pos': 12, 'file': 'k4_certs_4_n4_3.json.gz'}, 'm': 6, 'sets': [[0, 2, 4, 5], [1, 3, 4, 5], [2, 3, 4, 5], [3, 4, 5]]}}
#   climb {'climb': 127, 'pos': 36, 'file': 'k4_certs_4_n4_3.json.gz'}: best score [1000000000, 0, 0] after 0 steps, 2000 profiles, 0 f >= 1 states, DL13 failures 0 [0.0 s]
#   climb {'climb': 128, 'pos': 25, 'file': 'k4_certs_4_n4_3.json.gz'}: best score [1000000000, 0, 0] after 0 steps, 2000 profiles, 0 f >= 1 states, DL13 failures 0 [0.0 s]
#   climb {'climb': 129, 'pos': 8, 'file': 'k4_certs_4_n4_3.json.gz'}: best score [1000000000, 0, 0] after 0 steps, 1999 profiles, 0 f >= 1 states, DL13 failures 0 [0.0 s]
#   climb {'climb': 130, 'pos': 25, 'file': 'k4_certs_4_n4_3.json.gz'}: best score [1000000000, 0, 0] after 0 steps, 2000 profiles, 0 f >= 1 states, DL13 failures 0 [0.0 s]
#   climb {'climb': 131, 'pos': 16, 'file': 'k4_certs_4_n4_3.json.gz'}: best score [0, 0, -4] after 0 steps, 2000 profiles, 6 f >= 1 states, DL13 failures 2 [0.0 s]
#   DL13 FAILS in climb {'climb': 131, 'pos': 16, 'file': 'k4_certs_4_n4_3.json.gz'}: {'tag': 16, 'prof': [42, 1, 70, 22], 'f': 3, 'omega': 1, 'nmin': 18, 'B': [[4], [1], [3], [5]], 'def': 1, 'k': 2, 'nn': 2, 'pm': 0, 'sig': 'G', 'br': 'none', 'r13d': -1, 'dT1': -1, 'dT3': -1, 't1types': [], 't3types': [], 'frozen': [0, 2, 3], 'J': [0, 2], 'own': [[1, 1]], 'exp': [[1, 0, 'G']], 'better': [{'B': [[0], [3], [4], [5]], 'def': 0}, {'B': [[0], [3], [5], [4]], 'def': 0}, {'B': [[0], [5], [3], [4]], 'def': 0}, {'B': [[0], [5], [4], [3]], 'def': 0}, {'B': [[0, 2], [3], [4], [5]], 'def': 0}, {'B': [[0, 2], [3], [5], [4]], 'def': 0}, {'B': [[0, 2], [5], [3], [4]], 'def': 0}, {'B': [[0, 2], [5], [4], [3]], 'def': 0}, {'B': [[5], [1], [3], [4]], 'def': 0}, {'B': [[5], [1], [4], [3]], 'def': 0}, {'B': [[5], [3], [2], [4]], 'def': 0}, {'B': [[5], [3], [4], [2]], 'def': 0}], 'vals': [[3, 2, 4, 8], [2, 4, 3], [3, 8, 10, 4], [2, 6, 10, 3]], 'core': {'key': {'climb': 131, 'pos': 16, 'file': 'k4_certs_4_n4_3.json.gz'}, 'm': 6, 'sets': [[0, 2, 4, 5], [1, 3, 5], [2, 3, 4, 5], [2, 3, 4, 5]]}}
#   climb {'climb': 132, 'pos': 7, 'file': 'k4_certs_4_n4_3.json.gz'}: best score [1000000000, 0, 0] after 0 steps, 2000 profiles, 0 f >= 1 states, DL13 failures 0 [0.0 s]
#   climb {'climb': 133, 'pos': 39, 'file': 'k4_certs_4_n4_3.json.gz'}: best score [1000000000, 0, 0] after 0 steps, 2000 profiles, 0 f >= 1 states, DL13 failures 0 [0.0 s]
#   climb {'climb': 134, 'pos': 41, 'file': 'k4_certs_4_n4_3.json.gz'}: best score [1000000000, 0, 0] after 0 steps, 2000 profiles, 0 f >= 1 states, DL13 failures 0 [0.0 s]
#   climb {'climb': 135, 'pos': 13, 'file': 'k4_certs_4_n4_3.json.gz'}: best score [1000000000, 0, 0] after 0 steps, 2000 profiles, 0 f >= 1 states, DL13 failures 0 [0.0 s]
#   climb {'climb': 136, 'pos': 1, 'file': 'k4_certs_4_n4_3.json.gz'}: best score [1000000000, 0, 0] after 0 steps, 2000 profiles, 0 f >= 1 states, DL13 failures 0 [0.0 s]
#   climb {'climb': 137, 'pos': 2, 'file': 'k4_certs_4_n4_3.json.gz'}: best score [1000000000, 0, 0] after 0 steps, 2000 profiles, 0 f >= 1 states, DL13 failures 0 [0.0 s]
#   climb {'climb': 138, 'pos': 18, 'file': 'k4_certs_4_n4_3.json.gz'}: best score [1000000000, 0, 0] after 0 steps, 2000 profiles, 0 f >= 1 states, DL13 failures 0 [0.0 s]
#   climb {'climb': 139, 'pos': 29, 'file': 'k4_certs_4_n4_3.json.gz'}: best score [1000000000, 0, 0] after 0 steps, 2000 profiles, 0 f >= 1 states, DL13 failures 0 [0.0 s]
#   climb {'climb': 140, 'pos': 23, 'file': 'k4_certs_4_n4_3.json.gz'}: best score [1000000000, 0, 0] after 0 steps, 2000 profiles, 0 f >= 1 states, DL13 failures 0 [0.0 s]
#   climb {'climb': 141, 'pos': 30, 'file': 'k4_certs_4_n4_3.json.gz'}: best score [1000000000, 0, 0] after 0 steps, 1999 profiles, 0 f >= 1 states, DL13 failures 0 [0.0 s]
#   climb {'climb': 142, 'pos': 46, 'file': 'k4_certs_4_n4_3.json.gz'}: best score [1000000000, 0, 0] after 0 steps, 1999 profiles, 0 f >= 1 states, DL13 failures 0 [0.0 s]
#   climb {'climb': 143, 'pos': 31, 'file': 'k4_certs_4_n4_3.json.gz'}: best score [1000000000, 0, 0] after 0 steps, 1999 profiles, 0 f >= 1 states, DL13 failures 0 [0.0 s]
#   climb {'climb': 144, 'pos': 25, 'file': 'k4_certs_4_n4_3.json.gz'}: best score [1000000000, 0, 0] after 0 steps, 2000 profiles, 0 f >= 1 states, DL13 failures 0 [0.0 s]
#   climb {'climb': 145, 'pos': 10, 'file': 'k4_certs_4_n4_3.json.gz'}: best score [1000000000, 0, 0] after 0 steps, 1999 profiles, 0 f >= 1 states, DL13 failures 0 [0.0 s]
#   climb {'climb': 146, 'pos': 38, 'file': 'k4_certs_4_n4_3.json.gz'}: best score [1000000000, 0, 0] after 0 steps, 2000 profiles, 0 f >= 1 states, DL13 failures 0 [0.0 s]
#   climb {'climb': 147, 'pos': 35, 'file': 'k4_certs_4_n4_3.json.gz'}: best score [1000000000, 0, 0] after 0 steps, 2000 profiles, 0 f >= 1 states, DL13 failures 0 [0.0 s]
#   climb {'climb': 148, 'pos': 44, 'file': 'k4_certs_4_n4_3.json.gz'}: best score [1000000000, 0, 0] after 0 steps, 2000 profiles, 0 f >= 1 states, DL13 failures 0 [0.0 s]
#   climb {'climb': 149, 'pos': 37, 'file': 'k4_certs_4_n4_3.json.gz'}: best score [1000000000, 0, 0] after 0 steps, 2000 profiles, 0 f >= 1 states, DL13 failures 0 [0.0 s]
#   climb {'climb': 150, 'pos': 4, 'file': 'k4_certs_4_n4_3.json.gz'}: best score [1000000000, 0, 0] after 0 steps, 2000 profiles, 0 f >= 1 states, DL13 failures 0 [0.0 s]
#   climb {'climb': 151, 'pos': 11, 'file': 'k4_certs_4_n4_3.json.gz'}: best score [1000000000, 0, 0] after 0 steps, 2000 profiles, 0 f >= 1 states, DL13 failures 0 [0.0 s]
#   climb {'climb': 152, 'pos': 26, 'file': 'k4_certs_4_n4_3.json.gz'}: best score [1000000000, 0, 0] after 0 steps, 2000 profiles, 0 f >= 1 states, DL13 failures 0 [0.0 s]
#   climb {'climb': 153, 'pos': 5, 'file': 'k4_certs_4_n4_3.json.gz'}: best score [1000000000, 0, 0] after 0 steps, 2000 profiles, 0 f >= 1 states, DL13 failures 0 [0.0 s]
#   climb {'climb': 154, 'pos': 8, 'file': 'k4_certs_4_n4_3.json.gz'}: best score [1000000000, 0, 0] after 0 steps, 2000 profiles, 0 f >= 1 states, DL13 failures 0 [0.0 s]
#   climb {'climb': 155, 'pos': 24, 'file': 'k4_certs_4_n4_3.json.gz'}: best score [1000000000, 0, 0] after 0 steps, 2000 profiles, 0 f >= 1 states, DL13 failures 0 [0.0 s]
#   climb {'climb': 156, 'pos': 45, 'file': 'k4_certs_4_n4_3.json.gz'}: best score [1000000000, 0, 0] after 0 steps, 2000 profiles, 0 f >= 1 states, DL13 failures 0 [0.0 s]
#   climb {'climb': 157, 'pos': 28, 'file': 'k4_certs_4_n4_3.json.gz'}: best score [2, 0, -4] after 15 steps, 2522 profiles, 64 f >= 1 states, DL13 failures 0 [0.1 s]
#   climb {'climb': 158, 'pos': 33, 'file': 'k4_certs_4_n4_3.json.gz'}: best score [1000000000, 0, 0] after 0 steps, 2000 profiles, 0 f >= 1 states, DL13 failures 0 [0.0 s]
#   climb {'climb': 159, 'pos': 7, 'file': 'k4_certs_4_n4_3.json.gz'}: best score [1000000000, 0, 0] after 0 steps, 2000 profiles, 0 f >= 1 states, DL13 failures 0 [0.0 s]
#   climb {'climb': 160, 'pos': 34, 'file': 'k4_certs_4_n4_3.json.gz'}: best score [1000000000, 0, 0] after 0 steps, 2000 profiles, 0 f >= 1 states, DL13 failures 0 [0.0 s]
#   climb {'climb': 161, 'pos': 6, 'file': 'k4_certs_4_n4_3.json.gz'}: best score [1000000000, 0, 0] after 0 steps, 2000 profiles, 0 f >= 1 states, DL13 failures 0 [0.0 s]
#   climb {'climb': 162, 'pos': 33, 'file': 'k4_certs_4_n4_3.json.gz'}: best score [1000000000, 0, 0] after 0 steps, 1998 profiles, 0 f >= 1 states, DL13 failures 0 [0.0 s]
#   climb {'climb': 163, 'pos': 45, 'file': 'k4_certs_4_n4_3.json.gz'}: best score [1000000000, 0, 0] after 0 steps, 2000 profiles, 0 f >= 1 states, DL13 failures 0 [0.0 s]
#   climb {'climb': 164, 'pos': 10, 'file': 'k4_certs_4_n4_3.json.gz'}: best score [1000000000, 0, 0] after 0 steps, 1999 profiles, 0 f >= 1 states, DL13 failures 0 [0.0 s]
#   climb {'climb': 165, 'pos': 29, 'file': 'k4_certs_4_n4_3.json.gz'}: best score [1000000000, 0, 0] after 0 steps, 2000 profiles, 0 f >= 1 states, DL13 failures 0 [0.0 s]
#   climb {'climb': 166, 'pos': 25, 'file': 'k4_certs_4_n4_3.json.gz'}: best score [1000000000, 0, 0] after 0 steps, 2000 profiles, 0 f >= 1 states, DL13 failures 0 [0.0 s]
#   climb {'climb': 167, 'pos': 36, 'file': 'k4_certs_4_n4_3.json.gz'}: best score [1000000000, 0, 0] after 0 steps, 2000 profiles, 0 f >= 1 states, DL13 failures 0 [0.0 s]
#   climb {'climb': 168, 'pos': 29, 'file': 'k4_certs_4_n4_3.json.gz'}: best score [1000000000, 0, 0] after 0 steps, 1999 profiles, 0 f >= 1 states, DL13 failures 0 [0.1 s]
#   climb {'climb': 169, 'pos': 46, 'file': 'k4_certs_4_n4_3.json.gz'}: best score [1000000000, 0, 0] after 0 steps, 2000 profiles, 0 f >= 1 states, DL13 failures 0 [0.0 s]
#   climb {'climb': 170, 'pos': 38, 'file': 'k4_certs_4_n4_3.json.gz'}: best score [1000000000, 0, 0] after 0 steps, 2000 profiles, 0 f >= 1 states, DL13 failures 0 [0.0 s]
#   climb {'climb': 171, 'pos': 11, 'file': 'k4_certs_4_n4_3.json.gz'}: best score [1000000000, 0, 0] after 0 steps, 2000 profiles, 0 f >= 1 states, DL13 failures 0 [0.0 s]
#   climb {'climb': 172, 'pos': 32, 'file': 'k4_certs_4_n4_3.json.gz'}: best score [1000000000, 0, 0] after 0 steps, 2000 profiles, 0 f >= 1 states, DL13 failures 0 [0.0 s]
#   climb {'climb': 173, 'pos': 30, 'file': 'k4_certs_4_n4_3.json.gz'}: best score [1000000000, 0, 0] after 0 steps, 2000 profiles, 0 f >= 1 states, DL13 failures 0 [0.0 s]
#   climb {'climb': 174, 'pos': 25, 'file': 'k4_certs_4_n4_3.json.gz'}: best score [1000000000, 0, 0] after 0 steps, 2000 profiles, 0 f >= 1 states, DL13 failures 0 [0.0 s]
#   climb {'climb': 175, 'pos': 45, 'file': 'k4_certs_4_n4_3.json.gz'}: best score [1000000000, 0, 0] after 0 steps, 2000 profiles, 0 f >= 1 states, DL13 failures 0 [0.0 s]
#   climb {'climb': 176, 'pos': 45, 'file': 'k4_certs_4_n4_3.json.gz'}: best score [1000000000, 0, 0] after 0 steps, 2000 profiles, 0 f >= 1 states, DL13 failures 0 [0.0 s]
#   climb {'climb': 177, 'pos': 23, 'file': 'k4_certs_4_n4_3.json.gz'}: best score [1000000000, 0, 0] after 0 steps, 2000 profiles, 0 f >= 1 states, DL13 failures 0 [0.0 s]
#   climb {'climb': 178, 'pos': 45, 'file': 'k4_certs_4_n4_3.json.gz'}: best score [1000000000, 0, 0] after 0 steps, 1999 profiles, 0 f >= 1 states, DL13 failures 0 [0.0 s]
#   climb {'climb': 179, 'pos': 46, 'file': 'k4_certs_4_n4_3.json.gz'}: best score [1000000000, 0, 0] after 0 steps, 2000 profiles, 0 f >= 1 states, DL13 failures 0 [0.0 s]
#   climb {'climb': 180, 'pos': 34, 'file': 'k4_certs_4_n4_3.json.gz'}: best score [1000000000, 0, 0] after 0 steps, 1999 profiles, 0 f >= 1 states, DL13 failures 0 [0.0 s]
#   climb {'climb': 181, 'pos': 25, 'file': 'k4_certs_4_n4_3.json.gz'}: best score [1000000000, 0, 0] after 0 steps, 1999 profiles, 0 f >= 1 states, DL13 failures 0 [0.0 s]
#   climb {'climb': 182, 'pos': 40, 'file': 'k4_certs_4_n4_3.json.gz'}: best score [1000000000, 0, 0] after 0 steps, 2000 profiles, 0 f >= 1 states, DL13 failures 0 [0.0 s]
#   climb {'climb': 183, 'pos': 20, 'file': 'k4_certs_4_n4_3.json.gz'}: best score [1000000000, 0, 0] after 0 steps, 2000 profiles, 0 f >= 1 states, DL13 failures 0 [0.0 s]
#   climb {'climb': 184, 'pos': 33, 'file': 'k4_certs_4_n4_3.json.gz'}: best score [1000000000, 0, 0] after 0 steps, 2000 profiles, 0 f >= 1 states, DL13 failures 0 [0.0 s]
#   climb {'climb': 185, 'pos': 41, 'file': 'k4_certs_4_n4_3.json.gz'}: best score [1000000000, 0, 0] after 0 steps, 2000 profiles, 0 f >= 1 states, DL13 failures 0 [0.0 s]
#   climb {'climb': 186, 'pos': 6, 'file': 'k4_certs_4_n4_3.json.gz'}: best score [1000000000, 0, 0] after 0 steps, 2000 profiles, 0 f >= 1 states, DL13 failures 0 [0.0 s]
#   climb {'climb': 187, 'pos': 25, 'file': 'k4_certs_4_n4_3.json.gz'}: best score [1000000000, 0, 0] after 0 steps, 2000 profiles, 0 f >= 1 states, DL13 failures 0 [0.0 s]
#   climb {'climb': 188, 'pos': 46, 'file': 'k4_certs_4_n4_3.json.gz'}: best score [1000000000, 0, 0] after 0 steps, 1999 profiles, 0 f >= 1 states, DL13 failures 0 [0.0 s]
#   climb {'climb': 189, 'pos': 13, 'file': 'k4_certs_4_n4_3.json.gz'}: best score [1000000000, 0, 0] after 0 steps, 1999 profiles, 0 f >= 1 states, DL13 failures 0 [0.0 s]
#   climb {'climb': 190, 'pos': 24, 'file': 'k4_certs_4_n4_3.json.gz'}: best score [1000000000, 0, 0] after 0 steps, 2000 profiles, 0 f >= 1 states, DL13 failures 0 [0.0 s]
#   climb {'climb': 191, 'pos': 17, 'file': 'k4_certs_4_n4_3.json.gz'}: best score [1000000000, 0, 0] after 0 steps, 2000 profiles, 0 f >= 1 states, DL13 failures 0 [0.0 s]
#   climb {'climb': 192, 'pos': 31, 'file': 'k4_certs_4_n4_3.json.gz'}: best score [1000000000, 0, 0] after 0 steps, 2000 profiles, 0 f >= 1 states, DL13 failures 0 [0.0 s]
#   climb {'climb': 193, 'pos': 0, 'file': 'k4_certs_4_n4_3.json.gz'}: best score [1000000000, 0, 0] after 0 steps, 2000 profiles, 0 f >= 1 states, DL13 failures 0 [0.0 s]
#   climb {'climb': 194, 'pos': 30, 'file': 'k4_certs_4_n4_3.json.gz'}: best score [1000000000, 0, 0] after 0 steps, 2000 profiles, 0 f >= 1 states, DL13 failures 0 [0.0 s]
#   climb {'climb': 195, 'pos': 32, 'file': 'k4_certs_4_n4_3.json.gz'}: best score [1000000000, 0, 0] after 0 steps, 2000 profiles, 0 f >= 1 states, DL13 failures 0 [0.0 s]
#   climb {'climb': 196, 'pos': 29, 'file': 'k4_certs_4_n4_3.json.gz'}: best score [1000000000, 0, 0] after 0 steps, 2000 profiles, 0 f >= 1 states, DL13 failures 0 [0.0 s]
#   climb {'climb': 197, 'pos': 4, 'file': 'k4_certs_4_n4_3.json.gz'}: best score [1000000000, 0, 0] after 0 steps, 2000 profiles, 0 f >= 1 states, DL13 failures 0 [0.0 s]
#   climb {'climb': 198, 'pos': 0, 'file': 'k4_certs_4_n4_3.json.gz'}: best score [1000000000, 0, 0] after 0 steps, 2000 profiles, 0 f >= 1 states, DL13 failures 0 [0.0 s]
#   climb {'climb': 199, 'pos': 34, 'file': 'k4_certs_4_n4_3.json.gz'}: best score [1000000000, 0, 0] after 0 steps, 1999 profiles, 0 f >= 1 states, DL13 failures 0 [0.0 s]
#   climb {'climb': 200, 'pos': 37, 'file': 'k4_certs_4_n4_3.json.gz'}: best score [1000000000, 0, 0] after 0 steps, 2000 profiles, 0 f >= 1 states, DL13 failures 0 [0.0 s]
#   climb {'climb': 201, 'pos': 43, 'file': 'k4_certs_4_n4_3.json.gz'}: best score [1000000000, 0, 0] after 0 steps, 1999 profiles, 0 f >= 1 states, DL13 failures 0 [0.0 s]
#   climb {'climb': 202, 'pos': 29, 'file': 'k4_certs_4_n4_3.json.gz'}: best score [1000000000, 0, 0] after 0 steps, 1999 profiles, 0 f >= 1 states, DL13 failures 0 [0.0 s]
#   climb {'climb': 203, 'pos': 32, 'file': 'k4_certs_4_n4_3.json.gz'}: best score [1000000000, 0, 0] after 0 steps, 2000 profiles, 0 f >= 1 states, DL13 failures 0 [0.0 s]
#   climb {'climb': 204, 'pos': 1, 'file': 'k4_certs_4_n4_3.json.gz'}: best score [1000000000, 0, 0] after 0 steps, 2000 profiles, 0 f >= 1 states, DL13 failures 0 [0.0 s]
#   climb {'climb': 205, 'pos': 39, 'file': 'k4_certs_4_n4_3.json.gz'}: best score [1000000000, 0, 0] after 0 steps, 2000 profiles, 0 f >= 1 states, DL13 failures 0 [0.0 s]
#   climb {'climb': 206, 'pos': 11, 'file': 'k4_certs_4_n4_3.json.gz'}: best score [1000000000, 0, 0] after 0 steps, 2000 profiles, 0 f >= 1 states, DL13 failures 0 [0.0 s]
#   climb {'climb': 207, 'pos': 16, 'file': 'k4_certs_4_n4_3.json.gz'}: best score [1000000000, 0, 0] after 0 steps, 2000 profiles, 0 f >= 1 states, DL13 failures 0 [0.0 s]
#   climb {'climb': 208, 'pos': 3, 'file': 'k4_certs_4_n4_3.json.gz'}: best score [1000000000, 0, 0] after 0 steps, 2000 profiles, 0 f >= 1 states, DL13 failures 0 [0.0 s]
#   climb {'climb': 209, 'pos': 31, 'file': 'k4_certs_4_n4_3.json.gz'}: best score [1000000000, 0, 0] after 0 steps, 2000 profiles, 0 f >= 1 states, DL13 failures 0 [0.0 s]
#   climb {'climb': 210, 'pos': 29, 'file': 'k4_certs_4_n4_3.json.gz'}: best score [1000000000, 0, 0] after 0 steps, 2000 profiles, 0 f >= 1 states, DL13 failures 0 [0.0 s]
#   climb {'climb': 211, 'pos': 9, 'file': 'k4_certs_4_n4_3.json.gz'}: best score [0, 0, -4] after 0 steps, 2000 profiles, 6 f >= 1 states, DL13 failures 2 [0.0 s]
#   DL13 FAILS in climb {'climb': 211, 'pos': 9, 'file': 'k4_certs_4_n4_3.json.gz'}: {'tag': 9, 'prof': [6, 183, 19, 3], 'f': 3, 'omega': 1, 'nmin': 18, 'B': [[4], [2], [3], [5]], 'def': 1, 'k': 2, 'nn': 2, 'pm': 0, 'sig': 'G', 'br': 'none', 'r13d': -1, 'dT1': -1, 'dT3': -1, 't1types': [], 't3types': [], 'frozen': [0, 2, 3], 'J': [0, 1], 'own': [[1, 1]], 'exp': [[1, 0, 'G']], 'better': [{'B': [[1], [3], [4], [5]], 'def': 0}, {'B': [[1], [3], [5], [4]], 'def': 0}, {'B': [[1], [5], [3], [4]], 'def': 0}, {'B': [[1], [5], [4], [3]], 'def': 0}, {'B': [[0, 1], [3], [4], [5]], 'def': 0}, {'B': [[0, 1], [3], [5], [4]], 'def': 0}, {'B': [[0, 1], [5], [3], [4]], 'def': 0}, {'B': [[0, 1], [5], [4], [3]], 'def': 0}, {'B': [[5], [2], [3], [4]], 'def': 0}, {'B': [[5], [2], [4], [3]], 'def': 0}, {'B': [[5], [3], [2], [4]], 'def': 0}, {'B': [[5], [3], [4], []], 'def': 0}], 'vals': [[2, 3, 4, 8], [6, 10, 3, 8], [2, 5, 8, 4], [3, 4, 2]], 'core': {'key': {'climb': 211, 'pos': 9, 'file': 'k4_certs_4_n4_3.json.gz'}, 'm': 6, 'sets': [[0, 1, 4, 5], [2, 3, 4, 5], [2, 3, 4, 5], [3, 4, 5]]}}
#   climb {'climb': 212, 'pos': 18, 'file': 'k4_certs_4_n4_3.json.gz'}: best score [1000000000, 0, 0] after 0 steps, 2000 profiles, 0 f >= 1 states, DL13 failures 0 [0.0 s]
#   climb {'climb': 213, 'pos': 0, 'file': 'k4_certs_4_n4_3.json.gz'}: best score [1000000000, 0, 0] after 0 steps, 2000 profiles, 0 f >= 1 states, DL13 failures 0 [0.0 s]
#   climb {'climb': 214, 'pos': 2, 'file': 'k4_certs_4_n4_3.json.gz'}: best score [1000000000, 0, 0] after 0 steps, 2000 profiles, 0 f >= 1 states, DL13 failures 0 [0.0 s]
#   climb {'climb': 215, 'pos': 36, 'file': 'k4_certs_4_n4_3.json.gz'}: best score [1000000000, 0, 0] after 0 steps, 2000 profiles, 0 f >= 1 states, DL13 failures 0 [0.0 s]
#   climb {'climb': 216, 'pos': 13, 'file': 'k4_certs_4_n4_3.json.gz'}: best score [1000000000, 0, 0] after 0 steps, 2000 profiles, 0 f >= 1 states, DL13 failures 0 [0.0 s]
#   climb {'climb': 217, 'pos': 31, 'file': 'k4_certs_4_n4_3.json.gz'}: best score [1000000000, 0, 0] after 0 steps, 2000 profiles, 0 f >= 1 states, DL13 failures 0 [0.0 s]
#   climb {'climb': 218, 'pos': 30, 'file': 'k4_certs_4_n4_3.json.gz'}: best score [1000000000, 0, 0] after 0 steps, 2000 profiles, 0 f >= 1 states, DL13 failures 0 [0.0 s]
#   climb {'climb': 219, 'pos': 4, 'file': 'k4_certs_4_n4_3.json.gz'}: best score [1000000000, 0, 0] after 0 steps, 2000 profiles, 0 f >= 1 states, DL13 failures 0 [0.0 s]
#   climb {'climb': 220, 'pos': 20, 'file': 'k4_certs_4_n4_3.json.gz'}: best score [1000000000, 0, 0] after 0 steps, 2000 profiles, 0 f >= 1 states, DL13 failures 0 [0.0 s]
#   climb {'climb': 221, 'pos': 21, 'file': 'k4_certs_4_n4_3.json.gz'}: best score [1000000000, 0, 0] after 0 steps, 2000 profiles, 0 f >= 1 states, DL13 failures 0 [0.0 s]
#   climb {'climb': 222, 'pos': 41, 'file': 'k4_certs_4_n4_3.json.gz'}: best score [1000000000, 0, 0] after 0 steps, 2000 profiles, 0 f >= 1 states, DL13 failures 0 [0.0 s]
#   climb {'climb': 223, 'pos': 33, 'file': 'k4_certs_4_n4_3.json.gz'}: best score [1000000000, 0, 0] after 0 steps, 2000 profiles, 0 f >= 1 states, DL13 failures 0 [0.0 s]
#   climb {'climb': 224, 'pos': 32, 'file': 'k4_certs_4_n4_3.json.gz'}: best score [1000000000, 0, 0] after 0 steps, 1999 profiles, 0 f >= 1 states, DL13 failures 0 [0.0 s]
#   climb {'climb': 225, 'pos': 25, 'file': 'k4_certs_4_n4_3.json.gz'}: best score [1000000000, 0, 0] after 0 steps, 2000 profiles, 0 f >= 1 states, DL13 failures 0 [0.0 s]
#   climb {'climb': 226, 'pos': 32, 'file': 'k4_certs_4_n4_3.json.gz'}: best score [1000000000, 0, 0] after 0 steps, 2000 profiles, 0 f >= 1 states, DL13 failures 0 [0.0 s]
#   climb {'climb': 227, 'pos': 19, 'file': 'k4_certs_4_n4_3.json.gz'}: best score [1000000000, 0, 0] after 0 steps, 1999 profiles, 0 f >= 1 states, DL13 failures 0 [0.0 s]
#   climb {'climb': 228, 'pos': 14, 'file': 'k4_certs_4_n4_3.json.gz'}: best score [1000000000, 0, 0] after 0 steps, 2000 profiles, 0 f >= 1 states, DL13 failures 0 [0.0 s]
#   climb {'climb': 229, 'pos': 35, 'file': 'k4_certs_4_n4_3.json.gz'}: best score [1000000000, 0, 0] after 0 steps, 2000 profiles, 0 f >= 1 states, DL13 failures 0 [0.0 s]
#   climb {'climb': 230, 'pos': 33, 'file': 'k4_certs_4_n4_3.json.gz'}: best score [1000000000, 0, 0] after 0 steps, 1999 profiles, 0 f >= 1 states, DL13 failures 0 [0.1 s]
#   climb {'climb': 231, 'pos': 3, 'file': 'k4_certs_4_n4_3.json.gz'}: best score [1000000000, 0, 0] after 0 steps, 2000 profiles, 0 f >= 1 states, DL13 failures 0 [0.0 s]
#   climb {'climb': 232, 'pos': 7, 'file': 'k4_certs_4_n4_3.json.gz'}: best score [1000000000, 0, 0] after 0 steps, 2000 profiles, 0 f >= 1 states, DL13 failures 0 [0.0 s]
#   climb {'climb': 233, 'pos': 23, 'file': 'k4_certs_4_n4_3.json.gz'}: best score [1000000000, 0, 0] after 0 steps, 2000 profiles, 0 f >= 1 states, DL13 failures 0 [0.0 s]
#   climb {'climb': 234, 'pos': 20, 'file': 'k4_certs_4_n4_3.json.gz'}: best score [1000000000, 0, 0] after 0 steps, 2000 profiles, 0 f >= 1 states, DL13 failures 0 [0.0 s]
#   climb {'climb': 235, 'pos': 4, 'file': 'k4_certs_4_n4_3.json.gz'}: best score [1000000000, 0, 0] after 0 steps, 2000 profiles, 0 f >= 1 states, DL13 failures 0 [0.0 s]
#   climb {'climb': 236, 'pos': 29, 'file': 'k4_certs_4_n4_3.json.gz'}: best score [1000000000, 0, 0] after 0 steps, 2000 profiles, 0 f >= 1 states, DL13 failures 0 [0.0 s]
#   climb {'climb': 237, 'pos': 10, 'file': 'k4_certs_4_n4_3.json.gz'}: best score [1000000000, 0, 0] after 0 steps, 2000 profiles, 0 f >= 1 states, DL13 failures 0 [0.0 s]
#   climb {'climb': 238, 'pos': 28, 'file': 'k4_certs_4_n4_3.json.gz'}: best score [1000000000, 0, 0] after 0 steps, 1999 profiles, 0 f >= 1 states, DL13 failures 0 [0.0 s]
#   climb {'climb': 239, 'pos': 29, 'file': 'k4_certs_4_n4_3.json.gz'}: best score [1000000000, 0, 0] after 0 steps, 2000 profiles, 0 f >= 1 states, DL13 failures 0 [0.0 s]
#   climb {'climb': 240, 'pos': 45, 'file': 'k4_certs_4_n4_3.json.gz'}: best score [1000000000, 0, 0] after 0 steps, 2000 profiles, 0 f >= 1 states, DL13 failures 0 [0.0 s]
#   climb {'climb': 241, 'pos': 40, 'file': 'k4_certs_4_n4_3.json.gz'}: best score [1000000000, 0, 0] after 0 steps, 1999 profiles, 0 f >= 1 states, DL13 failures 0 [0.0 s]
#   climb {'climb': 242, 'pos': 17, 'file': 'k4_certs_4_n4_3.json.gz'}: best score [1000000000, 0, 0] after 0 steps, 2000 profiles, 0 f >= 1 states, DL13 failures 0 [0.0 s]
#   climb {'climb': 243, 'pos': 10, 'file': 'k4_certs_4_n4_3.json.gz'}: best score [1000000000, 0, 0] after 0 steps, 2000 profiles, 0 f >= 1 states, DL13 failures 0 [0.0 s]
#   climb {'climb': 244, 'pos': 15, 'file': 'k4_certs_4_n4_3.json.gz'}: best score [1000000000, 0, 0] after 0 steps, 2000 profiles, 0 f >= 1 states, DL13 failures 0 [0.0 s]
#   climb {'climb': 245, 'pos': 12, 'file': 'k4_certs_4_n4_3.json.gz'}: best score [1000000000, 0, 0] after 0 steps, 1999 profiles, 0 f >= 1 states, DL13 failures 0 [0.0 s]
#   climb {'climb': 246, 'pos': 11, 'file': 'k4_certs_4_n4_3.json.gz'}: best score [1000000000, 0, 0] after 0 steps, 2000 profiles, 0 f >= 1 states, DL13 failures 0 [0.0 s]
#   climb {'climb': 247, 'pos': 8, 'file': 'k4_certs_4_n4_3.json.gz'}: best score [1000000000, 0, 0] after 0 steps, 2000 profiles, 0 f >= 1 states, DL13 failures 0 [0.0 s]
#   climb {'climb': 248, 'pos': 14, 'file': 'k4_certs_4_n4_3.json.gz'}: best score [1000000000, 0, 0] after 0 steps, 2000 profiles, 0 f >= 1 states, DL13 failures 0 [0.0 s]
#   climb {'climb': 249, 'pos': 35, 'file': 'k4_certs_4_n4_3.json.gz'}: best score [1000000000, 0, 0] after 0 steps, 2000 profiles, 0 f >= 1 states, DL13 failures 0 [0.0 s]
#   climb {'climb': 250, 'pos': 25, 'file': 'k4_certs_4_n4_3.json.gz'}: best score [1000000000, 0, 0] after 0 steps, 1999 profiles, 0 f >= 1 states, DL13 failures 0 [0.0 s]
#   climb {'climb': 251, 'pos': 17, 'file': 'k4_certs_4_n4_3.json.gz'}: best score [1000000000, 0, 0] after 0 steps, 2000 profiles, 0 f >= 1 states, DL13 failures 0 [0.0 s]
#   climb {'climb': 252, 'pos': 25, 'file': 'k4_certs_4_n4_3.json.gz'}: best score [1000000000, 0, 0] after 0 steps, 2000 profiles, 0 f >= 1 states, DL13 failures 0 [0.0 s]
#   climb {'climb': 253, 'pos': 34, 'file': 'k4_certs_4_n4_3.json.gz'}: best score [1000000000, 0, 0] after 0 steps, 2000 profiles, 0 f >= 1 states, DL13 failures 0 [0.0 s]
#   climb {'climb': 254, 'pos': 23, 'file': 'k4_certs_4_n4_3.json.gz'}: best score [1000000000, 0, 0] after 0 steps, 2000 profiles, 0 f >= 1 states, DL13 failures 0 [0.0 s]
#   climb {'climb': 255, 'pos': 25, 'file': 'k4_certs_4_n4_3.json.gz'}: best score [1000000000, 0, 0] after 0 steps, 1999 profiles, 0 f >= 1 states, DL13 failures 0 [0.0 s]
#   climb {'climb': 256, 'pos': 11, 'file': 'k4_certs_4_n4_3.json.gz'}: best score [1000000000, 0, 0] after 0 steps, 2000 profiles, 0 f >= 1 states, DL13 failures 0 [0.0 s]
#   climb {'climb': 257, 'pos': 22, 'file': 'k4_certs_4_n4_3.json.gz'}: best score [1000000000, 0, 0] after 0 steps, 2000 profiles, 0 f >= 1 states, DL13 failures 0 [0.0 s]
#   climb {'climb': 258, 'pos': 30, 'file': 'k4_certs_4_n4_3.json.gz'}: best score [1000000000, 0, 0] after 0 steps, 2000 profiles, 0 f >= 1 states, DL13 failures 0 [0.0 s]
#   climb {'climb': 259, 'pos': 11, 'file': 'k4_certs_4_n4_3.json.gz'}: best score [1000000000, 0, 0] after 0 steps, 2000 profiles, 0 f >= 1 states, DL13 failures 0 [0.0 s]
#   climb {'climb': 260, 'pos': 24, 'file': 'k4_certs_4_n4_3.json.gz'}: best score [1000000000, 0, 0] after 0 steps, 2000 profiles, 0 f >= 1 states, DL13 failures 0 [0.0 s]
#   climb {'climb': 261, 'pos': 1, 'file': 'k4_certs_4_n4_3.json.gz'}: best score [1000000000, 0, 0] after 0 steps, 2000 profiles, 0 f >= 1 states, DL13 failures 0 [0.0 s]
#   climb {'climb': 262, 'pos': 22, 'file': 'k4_certs_4_n4_3.json.gz'}: best score [1000000000, 0, 0] after 0 steps, 2000 profiles, 0 f >= 1 states, DL13 failures 0 [0.0 s]
#   climb {'climb': 263, 'pos': 22, 'file': 'k4_certs_4_n4_3.json.gz'}: best score [1000000000, 0, 0] after 0 steps, 2000 profiles, 0 f >= 1 states, DL13 failures 0 [0.0 s]
#   climb {'climb': 264, 'pos': 46, 'file': 'k4_certs_4_n4_3.json.gz'}: best score [1000000000, 0, 0] after 0 steps, 2000 profiles, 0 f >= 1 states, DL13 failures 0 [0.0 s]
#   climb {'climb': 265, 'pos': 0, 'file': 'k4_certs_4_n4_3.json.gz'}: best score [1000000000, 0, 0] after 0 steps, 2000 profiles, 0 f >= 1 states, DL13 failures 0 [0.0 s]
#   climb {'climb': 266, 'pos': 15, 'file': 'k4_certs_4_n4_3.json.gz'}: best score [1000000000, 0, 0] after 0 steps, 2000 profiles, 0 f >= 1 states, DL13 failures 0 [0.0 s]
#   climb {'climb': 267, 'pos': 34, 'file': 'k4_certs_4_n4_3.json.gz'}: best score [1000000000, 0, 0] after 0 steps, 2000 profiles, 0 f >= 1 states, DL13 failures 0 [0.0 s]
#   climb {'climb': 268, 'pos': 30, 'file': 'k4_certs_4_n4_3.json.gz'}: best score [1000000000, 0, 0] after 0 steps, 2000 profiles, 0 f >= 1 states, DL13 failures 0 [0.0 s]
#   climb {'climb': 269, 'pos': 23, 'file': 'k4_certs_4_n4_3.json.gz'}: best score [1000000000, 0, 0] after 0 steps, 2000 profiles, 0 f >= 1 states, DL13 failures 0 [0.0 s]
#   climb {'climb': 270, 'pos': 12, 'file': 'k4_certs_4_n4_3.json.gz'}: best score [1000000000, 0, 0] after 0 steps, 1998 profiles, 0 f >= 1 states, DL13 failures 0 [0.0 s]
#   climb {'climb': 271, 'pos': 6, 'file': 'k4_certs_4_n4_3.json.gz'}: best score [1000000000, 0, 0] after 0 steps, 2000 profiles, 0 f >= 1 states, DL13 failures 0 [0.0 s]
#   climb {'climb': 272, 'pos': 13, 'file': 'k4_certs_4_n4_3.json.gz'}: best score [2, 0, -6] after 15 steps, 2507 profiles, 108 f >= 1 states, DL13 failures 0 [0.1 s]
#   climb {'climb': 273, 'pos': 16, 'file': 'k4_certs_4_n4_3.json.gz'}: best score [1000000000, 0, 0] after 0 steps, 2000 profiles, 0 f >= 1 states, DL13 failures 0 [0.0 s]
#   climb {'climb': 274, 'pos': 26, 'file': 'k4_certs_4_n4_3.json.gz'}: best score [1000000000, 0, 0] after 0 steps, 2000 profiles, 0 f >= 1 states, DL13 failures 0 [0.0 s]
#   climb {'climb': 275, 'pos': 16, 'file': 'k4_certs_4_n4_3.json.gz'}: best score [1000000000, 0, 0] after 0 steps, 2000 profiles, 0 f >= 1 states, DL13 failures 0 [0.0 s]
#   climb {'climb': 276, 'pos': 21, 'file': 'k4_certs_4_n4_3.json.gz'}: best score [1000000000, 0, 0] after 0 steps, 1999 profiles, 0 f >= 1 states, DL13 failures 0 [0.0 s]
#   climb {'climb': 277, 'pos': 15, 'file': 'k4_certs_4_n4_3.json.gz'}: best score [1000000000, 0, 0] after 0 steps, 2000 profiles, 0 f >= 1 states, DL13 failures 0 [0.0 s]
#   climb {'climb': 278, 'pos': 46, 'file': 'k4_certs_4_n4_3.json.gz'}: best score [1000000000, 0, 0] after 0 steps, 2000 profiles, 0 f >= 1 states, DL13 failures 0 [0.0 s]
#   climb {'climb': 279, 'pos': 21, 'file': 'k4_certs_4_n4_3.json.gz'}: best score [1000000000, 0, 0] after 0 steps, 1999 profiles, 0 f >= 1 states, DL13 failures 0 [0.0 s]
#   climb {'climb': 280, 'pos': 41, 'file': 'k4_certs_4_n4_3.json.gz'}: best score [1000000000, 0, 0] after 0 steps, 2000 profiles, 0 f >= 1 states, DL13 failures 0 [0.0 s]
#   climb {'climb': 281, 'pos': 9, 'file': 'k4_certs_4_n4_3.json.gz'}: best score [1000000000, 0, 0] after 0 steps, 2000 profiles, 0 f >= 1 states, DL13 failures 0 [0.0 s]
#   climb {'climb': 282, 'pos': 4, 'file': 'k4_certs_4_n4_3.json.gz'}: best score [1000000000, 0, 0] after 0 steps, 2000 profiles, 0 f >= 1 states, DL13 failures 0 [0.0 s]
#   climb {'climb': 283, 'pos': 28, 'file': 'k4_certs_4_n4_3.json.gz'}: best score [1000000000, 0, 0] after 0 steps, 2000 profiles, 0 f >= 1 states, DL13 failures 0 [0.0 s]
#   climb {'climb': 284, 'pos': 8, 'file': 'k4_certs_4_n4_3.json.gz'}: best score [1000000000, 0, 0] after 0 steps, 2000 profiles, 0 f >= 1 states, DL13 failures 0 [0.0 s]
#   climb {'climb': 285, 'pos': 33, 'file': 'k4_certs_4_n4_3.json.gz'}: best score [1000000000, 0, 0] after 0 steps, 2000 profiles, 0 f >= 1 states, DL13 failures 0 [0.0 s]
#   climb {'climb': 286, 'pos': 21, 'file': 'k4_certs_4_n4_3.json.gz'}: best score [1000000000, 0, 0] after 0 steps, 2000 profiles, 0 f >= 1 states, DL13 failures 0 [0.0 s]
#   climb {'climb': 287, 'pos': 14, 'file': 'k4_certs_4_n4_3.json.gz'}: best score [1000000000, 0, 0] after 0 steps, 2000 profiles, 0 f >= 1 states, DL13 failures 0 [0.0 s]
#   climb {'climb': 288, 'pos': 25, 'file': 'k4_certs_4_n4_3.json.gz'}: best score [1000000000, 0, 0] after 0 steps, 2000 profiles, 0 f >= 1 states, DL13 failures 0 [0.0 s]
#   climb {'climb': 289, 'pos': 31, 'file': 'k4_certs_4_n4_3.json.gz'}: best score [1000000000, 0, 0] after 0 steps, 2000 profiles, 0 f >= 1 states, DL13 failures 0 [0.0 s]
#   climb {'climb': 290, 'pos': 34, 'file': 'k4_certs_4_n4_3.json.gz'}: best score [1000000000, 0, 0] after 0 steps, 2000 profiles, 0 f >= 1 states, DL13 failures 0 [0.0 s]
#   climb {'climb': 291, 'pos': 37, 'file': 'k4_certs_4_n4_3.json.gz'}: best score [1000000000, 0, 0] after 0 steps, 2000 profiles, 0 f >= 1 states, DL13 failures 0 [0.0 s]
#   climb {'climb': 292, 'pos': 25, 'file': 'k4_certs_4_n4_3.json.gz'}: best score [1000000000, 0, 0] after 0 steps, 1999 profiles, 0 f >= 1 states, DL13 failures 0 [0.0 s]
#   climb {'climb': 293, 'pos': 10, 'file': 'k4_certs_4_n4_3.json.gz'}: best score [1000000000, 0, 0] after 0 steps, 1999 profiles, 0 f >= 1 states, DL13 failures 0 [0.0 s]
#   climb {'climb': 294, 'pos': 24, 'file': 'k4_certs_4_n4_3.json.gz'}: best score [1000000000, 0, 0] after 0 steps, 1999 profiles, 0 f >= 1 states, DL13 failures 0 [0.0 s]
#   climb {'climb': 295, 'pos': 2, 'file': 'k4_certs_4_n4_3.json.gz'}: best score [1000000000, 0, 0] after 0 steps, 1999 profiles, 0 f >= 1 states, DL13 failures 0 [0.0 s]
#   climb {'climb': 296, 'pos': 28, 'file': 'k4_certs_4_n4_3.json.gz'}: best score [1000000000, 0, 0] after 0 steps, 2000 profiles, 0 f >= 1 states, DL13 failures 0 [0.0 s]
#   climb {'climb': 297, 'pos': 7, 'file': 'k4_certs_4_n4_3.json.gz'}: best score [1000000000, 0, 0] after 0 steps, 2000 profiles, 0 f >= 1 states, DL13 failures 0 [0.0 s]
#   climb {'climb': 298, 'pos': 4, 'file': 'k4_certs_4_n4_3.json.gz'}: best score [1000000000, 0, 0] after 0 steps, 2000 profiles, 0 f >= 1 states, DL13 failures 0 [0.0 s]
#   climb {'climb': 299, 'pos': 19, 'file': 'k4_certs_4_n4_3.json.gz'}: best score [1000000000, 0, 0] after 0 steps, 2000 profiles, 0 f >= 1 states, DL13 failures 0 [0.0 s]
#   climb {'climb': 300, 'pos': 45, 'file': 'k4_certs_4_n4_3.json.gz'}: best score [1000000000, 0, 0] after 0 steps, 2000 profiles, 0 f >= 1 states, DL13 failures 0 [0.0 s]
#   climb {'climb': 301, 'pos': 16, 'file': 'k4_certs_4_n4_3.json.gz'}: best score [1000000000, 0, 0] after 0 steps, 2000 profiles, 0 f >= 1 states, DL13 failures 0 [0.0 s]
#   climb {'climb': 302, 'pos': 42, 'file': 'k4_certs_4_n4_3.json.gz'}: best score [1000000000, 0, 0] after 0 steps, 2000 profiles, 0 f >= 1 states, DL13 failures 0 [0.0 s]
#   climb {'climb': 303, 'pos': 14, 'file': 'k4_certs_4_n4_3.json.gz'}: best score [1000000000, 0, 0] after 0 steps, 2000 profiles, 0 f >= 1 states, DL13 failures 0 [0.0 s]
#   climb {'climb': 304, 'pos': 1, 'file': 'k4_certs_4_n4_3.json.gz'}: best score [1000000000, 0, 0] after 0 steps, 1999 profiles, 0 f >= 1 states, DL13 failures 0 [0.0 s]
#   climb {'climb': 305, 'pos': 27, 'file': 'k4_certs_4_n4_3.json.gz'}: best score [1000000000, 0, 0] after 0 steps, 2000 profiles, 0 f >= 1 states, DL13 failures 0 [0.0 s]
#   climb {'climb': 306, 'pos': 21, 'file': 'k4_certs_4_n4_3.json.gz'}: best score [1000000000, 0, 0] after 0 steps, 2000 profiles, 0 f >= 1 states, DL13 failures 0 [0.0 s]
#   climb {'climb': 307, 'pos': 3, 'file': 'k4_certs_4_n4_3.json.gz'}: best score [1000000000, 0, 0] after 0 steps, 2000 profiles, 0 f >= 1 states, DL13 failures 0 [0.0 s]
#   climb {'climb': 308, 'pos': 15, 'file': 'k4_certs_4_n4_3.json.gz'}: best score [1000000000, 0, 0] after 0 steps, 2000 profiles, 0 f >= 1 states, DL13 failures 0 [0.0 s]
#   climb {'climb': 309, 'pos': 30, 'file': 'k4_certs_4_n4_3.json.gz'}: best score [1000000000, 0, 0] after 0 steps, 2000 profiles, 0 f >= 1 states, DL13 failures 0 [0.0 s]
#   climb {'climb': 310, 'pos': 35, 'file': 'k4_certs_4_n4_3.json.gz'}: best score [1000000000, 0, 0] after 0 steps, 2000 profiles, 0 f >= 1 states, DL13 failures 0 [0.0 s]
#   climb {'climb': 311, 'pos': 8, 'file': 'k4_certs_4_n4_3.json.gz'}: best score [1000000000, 0, 0] after 0 steps, 2000 profiles, 0 f >= 1 states, DL13 failures 0 [0.0 s]
#   climb {'climb': 312, 'pos': 3, 'file': 'k4_certs_4_n4_3.json.gz'}: best score [1000000000, 0, 0] after 0 steps, 1999 profiles, 0 f >= 1 states, DL13 failures 0 [0.0 s]
#   climb {'climb': 313, 'pos': 34, 'file': 'k4_certs_4_n4_3.json.gz'}: best score [1000000000, 0, 0] after 0 steps, 2000 profiles, 0 f >= 1 states, DL13 failures 0 [0.0 s]
#   climb {'climb': 314, 'pos': 33, 'file': 'k4_certs_4_n4_3.json.gz'}: best score [1000000000, 0, 0] after 0 steps, 2000 profiles, 0 f >= 1 states, DL13 failures 0 [0.0 s]
#   climb {'climb': 315, 'pos': 43, 'file': 'k4_certs_4_n4_3.json.gz'}: best score [1000000000, 0, 0] after 0 steps, 2000 profiles, 0 f >= 1 states, DL13 failures 0 [0.0 s]
#   climb {'climb': 316, 'pos': 8, 'file': 'k4_certs_4_n4_3.json.gz'}: best score [1000000000, 0, 0] after 0 steps, 2000 profiles, 0 f >= 1 states, DL13 failures 0 [0.0 s]
#   climb {'climb': 317, 'pos': 31, 'file': 'k4_certs_4_n4_3.json.gz'}: best score [1000000000, 0, 0] after 0 steps, 2000 profiles, 0 f >= 1 states, DL13 failures 0 [0.0 s]
#   climb {'climb': 318, 'pos': 8, 'file': 'k4_certs_4_n4_3.json.gz'}: best score [1000000000, 0, 0] after 0 steps, 2000 profiles, 0 f >= 1 states, DL13 failures 0 [0.0 s]
#   climb {'climb': 319, 'pos': 15, 'file': 'k4_certs_4_n4_3.json.gz'}: best score [1000000000, 0, 0] after 0 steps, 2000 profiles, 0 f >= 1 states, DL13 failures 0 [0.0 s]
#   climb {'climb': 320, 'pos': 29, 'file': 'k4_certs_4_n4_3.json.gz'}: best score [1000000000, 0, 0] after 0 steps, 2000 profiles, 0 f >= 1 states, DL13 failures 0 [0.0 s]
#   climb {'climb': 321, 'pos': 3, 'file': 'k4_certs_4_n4_3.json.gz'}: best score [1000000000, 0, 0] after 0 steps, 2000 profiles, 0 f >= 1 states, DL13 failures 0 [0.0 s]
#   climb {'climb': 322, 'pos': 40, 'file': 'k4_certs_4_n4_3.json.gz'}: best score [1000000000, 0, 0] after 0 steps, 2000 profiles, 0 f >= 1 states, DL13 failures 0 [0.0 s]
#   climb {'climb': 323, 'pos': 21, 'file': 'k4_certs_4_n4_3.json.gz'}: best score [1000000000, 0, 0] after 0 steps, 2000 profiles, 0 f >= 1 states, DL13 failures 0 [0.0 s]
#   climb {'climb': 324, 'pos': 45, 'file': 'k4_certs_4_n4_3.json.gz'}: best score [1000000000, 0, 0] after 0 steps, 1999 profiles, 0 f >= 1 states, DL13 failures 0 [0.0 s]
#   climb {'climb': 325, 'pos': 32, 'file': 'k4_certs_4_n4_3.json.gz'}: best score [1000000000, 0, 0] after 0 steps, 2000 profiles, 0 f >= 1 states, DL13 failures 0 [0.0 s]
#   climb {'climb': 326, 'pos': 9, 'file': 'k4_certs_4_n4_3.json.gz'}: best score [0, 0, -4] after 1 steps, 2038 profiles, 40 f >= 1 states, DL13 failures 2 [0.0 s]
#   DL13 FAILS in climb {'climb': 326, 'pos': 9, 'file': 'k4_certs_4_n4_3.json.gz'}: {'tag': 9, 'prof': [8, 20, 74, 2], 'f': 3, 'omega': 1, 'nmin': 18, 'B': [[5], [3], [2], [4]], 'def': 1, 'k': 2, 'nn': 2, 'pm': 0, 'sig': 'G', 'br': 'none', 'r13d': -1, 'dT1': -1, 'dT3': -1, 't1types': [], 't3types': [], 'frozen': [0, 1, 3], 'J': [0, 1], 'own': [[2, 1]], 'exp': [[2, 0, 'G']], 'better': [{'B': [[1], [3], [4], [5]], 'def': 0}, {'B': [[1], [4], [3], [5]], 'def': 0}, {'B': [[1], [5], [3], [4]], 'def': 0}, {'B': [[1], [5], [4], [3]], 'def': 0}, {'B': [[0, 1], [3], [4], [5]], 'def': 0}, {'B': [[0, 1], [4], [3], [5]], 'def': 0}, {'B': [[0, 1], [5], [3], [4]], 'def': 0}, {'B': [[0, 1], [5], [4], [3]], 'def': 0}, {'B': [[4], [2], [3], [5]], 'def': 0}, {'B': [[4], [3], [2], [5]], 'def': 0}, {'B': [[4], [5], [2], [3]], 'def': 0}, {'B': [[4], [5], [3], []], 'def': 0}], 'vals': [[2, 3, 8, 4], [2, 6, 3, 10], [3, 10, 6, 2], [3, 2, 4]], 'core': {'key': {'climb': 326, 'pos': 9, 'file': 'k4_certs_4_n4_3.json.gz'}, 'm': 6, 'sets': [[0, 1, 4, 5], [2, 3, 4, 5], [2, 3, 4, 5], [3, 4, 5]]}}
#   climb {'climb': 327, 'pos': 11, 'file': 'k4_certs_4_n4_3.json.gz'}: best score [1000000000, 0, 0] after 0 steps, 2000 profiles, 0 f >= 1 states, DL13 failures 0 [0.0 s]
#   climb {'climb': 328, 'pos': 12, 'file': 'k4_certs_4_n4_3.json.gz'}: best score [0, 0, -4] after 8 steps, 2279 profiles, 158 f >= 1 states, DL13 failures 2 [0.1 s]
#   DL13 FAILS in climb {'climb': 328, 'pos': 12, 'file': 'k4_certs_4_n4_3.json.gz'}: {'tag': 12, 'prof': [8, 10, 65, 2], 'f': 3, 'omega': 1, 'nmin': 18, 'B': [[5], [3], [2], [4]], 'def': 1, 'k': 2, 'nn': 2, 'pm': 0, 'sig': 'O', 'br': 'none', 'r13d': -1, 'dT1': -1, 'dT3': -1, 't1types': [], 't3types': [], 'frozen': [0, 1, 3], 'J': [0, 1], 'own': [[2, 1]], 'exp': [[2, 0, 'O']], 'better': [{'B': [[2], [3], [4], [5]], 'def': 0}, {'B': [[2], [4], [3], [5]], 'def': 0}, {'B': [[2], [5], [3], [4]], 'def': 0}, {'B': [[2], [5], [4], [3]], 'def': 0}, {'B': [[0, 2], [3], [4], [5]], 'def': 0}, {'B': [[0, 2], [4], [3], [5]], 'def': 0}, {'B': [[0, 2], [5], [3], [4]], 'def': 0}, {'B': [[0, 2], [5], [4], [3]], 'def': 0}, {'B': [[4], [1], [3], [5]], 'def': 0}, {'B': [[4], [3], [2], [5]], 'def': 0}, {'B': [[4], [5], [2], [3]], 'def': 0}, {'B': [[4], [5], [3], []], 'def': 0}], 'vals': [[2, 3, 8, 4], [2, 4, 3, 8], [3, 8, 4, 2], [3, 2, 4]], 'core': {'key': {'climb': 328, 'pos': 12, 'file': 'k4_certs_4_n4_3.json.gz'}, 'm': 6, 'sets': [[0, 2, 4, 5], [1, 3, 4, 5], [2, 3, 4, 5], [3, 4, 5]]}}
#   climb {'climb': 329, 'pos': 21, 'file': 'k4_certs_4_n4_3.json.gz'}: best score [1000000000, 0, 0] after 0 steps, 2000 profiles, 0 f >= 1 states, DL13 failures 0 [0.0 s]
#   climb {'climb': 330, 'pos': 9, 'file': 'k4_certs_4_n4_3.json.gz'}: best score [0, 0, -4] after 3 steps, 2107 profiles, 66 f >= 1 states, DL13 failures 2 [0.0 s]
#   DL13 FAILS in climb {'climb': 330, 'pos': 9, 'file': 'k4_certs_4_n4_3.json.gz'}: {'tag': 9, 'prof': [36, 139, 69, 2], 'f': 3, 'omega': 1, 'nmin': 18, 'B': [[5], [2], [3], [4]], 'def': 1, 'k': 2, 'nn': 2, 'pm': 0, 'sig': 'G', 'br': 'none', 'r13d': -1, 'dT1': -1, 'dT3': -1, 't1types': [], 't3types': [], 'frozen': [0, 2, 3], 'J': [0, 1], 'own': [[1, 1]], 'exp': [[1, 0, 'G']], 'better': [{'B': [[0], [3], [4], [5]], 'def': 0}, {'B': [[0], [3], [5], [4]], 'def': 0}, {'B': [[0], [4], [3], [5]], 'def': 0}, {'B': [[0], [4], [5], [3]], 'def': 0}, {'B': [[0, 1], [3], [4], [5]], 'def': 0}, {'B': [[0, 1], [3], [5], [4]], 'def': 0}, {'B': [[0, 1], [4], [3], [5]], 'def': 0}, {'B': [[0, 1], [4], [5], [3]], 'def': 0}, {'B': [[4], [2], [3], [5]], 'def': 0}, {'B': [[4], [2], [5], [3]], 'def': 0}, {'B': [[4], [3], [2], [5]], 'def': 0}, {'B': [[4], [3], [5], []], 'def': 0}], 'vals': [[3, 2, 8, 4], [5, 7, 6, 3], [3, 8, 6, 10], [3, 2, 4]], 'core': {'key': {'climb': 330, 'pos': 9, 'file': 'k4_certs_4_n4_3.json.gz'}, 'm': 6, 'sets': [[0, 1, 4, 5], [2, 3, 4, 5], [2, 3, 4, 5], [3, 4, 5]]}}
#   climb {'climb': 331, 'pos': 8, 'file': 'k4_certs_4_n4_3.json.gz'}: best score [1000000000, 0, 0] after 0 steps, 2000 profiles, 0 f >= 1 states, DL13 failures 0 [0.0 s]
#   climb {'climb': 332, 'pos': 20, 'file': 'k4_certs_4_n4_3.json.gz'}: best score [1000000000, 0, 0] after 0 steps, 2000 profiles, 0 f >= 1 states, DL13 failures 0 [0.0 s]
#   climb {'climb': 333, 'pos': 6, 'file': 'k4_certs_4_n4_3.json.gz'}: best score [1000000000, 0, 0] after 0 steps, 2000 profiles, 0 f >= 1 states, DL13 failures 0 [0.0 s]
#   climb {'climb': 334, 'pos': 30, 'file': 'k4_certs_4_n4_3.json.gz'}: best score [1000000000, 0, 0] after 0 steps, 2000 profiles, 0 f >= 1 states, DL13 failures 0 [0.0 s]
#   climb {'climb': 335, 'pos': 18, 'file': 'k4_certs_4_n4_3.json.gz'}: best score [1000000000, 0, 0] after 0 steps, 2000 profiles, 0 f >= 1 states, DL13 failures 0 [0.0 s]
#   climb {'climb': 336, 'pos': 17, 'file': 'k4_certs_4_n4_3.json.gz'}: best score [1000000000, 0, 0] after 0 steps, 1999 profiles, 0 f >= 1 states, DL13 failures 0 [0.0 s]
#   climb {'climb': 337, 'pos': 26, 'file': 'k4_certs_4_n4_3.json.gz'}: best score [1000000000, 0, 0] after 0 steps, 2000 profiles, 0 f >= 1 states, DL13 failures 0 [0.0 s]
#   climb {'climb': 338, 'pos': 44, 'file': 'k4_certs_4_n4_3.json.gz'}: best score [1000000000, 0, 0] after 0 steps, 2000 profiles, 0 f >= 1 states, DL13 failures 0 [0.0 s]
#   climb {'climb': 339, 'pos': 1, 'file': 'k4_certs_4_n4_3.json.gz'}: best score [1000000000, 0, 0] after 0 steps, 2000 profiles, 0 f >= 1 states, DL13 failures 0 [0.0 s]
#   climb {'climb': 340, 'pos': 13, 'file': 'k4_certs_4_n4_3.json.gz'}: best score [1000000000, 0, 0] after 0 steps, 2000 profiles, 0 f >= 1 states, DL13 failures 0 [0.0 s]
#   climb {'climb': 341, 'pos': 25, 'file': 'k4_certs_4_n4_3.json.gz'}: best score [1000000000, 0, 0] after 0 steps, 2000 profiles, 0 f >= 1 states, DL13 failures 0 [0.0 s]
#   climb {'climb': 342, 'pos': 41, 'file': 'k4_certs_4_n4_3.json.gz'}: best score [1000000000, 0, 0] after 0 steps, 2000 profiles, 0 f >= 1 states, DL13 failures 0 [0.0 s]
#   climb {'climb': 343, 'pos': 40, 'file': 'k4_certs_4_n4_3.json.gz'}: best score [1000000000, 0, 0] after 0 steps, 2000 profiles, 0 f >= 1 states, DL13 failures 0 [0.0 s]
#   climb {'climb': 344, 'pos': 16, 'file': 'k4_certs_4_n4_3.json.gz'}: best score [0, 0, -4] after 0 steps, 2000 profiles, 6 f >= 1 states, DL13 failures 2 [0.0 s]
#   DL13 FAILS in climb {'climb': 344, 'pos': 16, 'file': 'k4_certs_4_n4_3.json.gz'}: {'tag': 16, 'prof': [42, 1, 27, 14], 'f': 3, 'omega': 1, 'nmin': 18, 'B': [[4], [1], [3], [5]], 'def': 1, 'k': 2, 'nn': 2, 'pm': 0, 'sig': 'G', 'br': 'none', 'r13d': -1, 'dT1': -1, 'dT3': -1, 't1types': [], 't3types': [], 'frozen': [0, 2, 3], 'J': [0, 2], 'own': [[1, 1]], 'exp': [[1, 0, 'G']], 'better': [{'B': [[0], [3], [4], [5]], 'def': 0}, {'B': [[0], [3], [5], [4]], 'def': 0}, {'B': [[0], [5], [3], [4]], 'def': 0}, {'B': [[0], [5], [4], [3]], 'def': 0}, {'B': [[0, 2], [3], [4], [5]], 'def': 0}, {'B': [[0, 2], [3], [5], [4]], 'def': 0}, {'B': [[0, 2], [5], [3], [4]], 'def': 0}, {'B': [[0, 2], [5], [4], [3]], 'def': 0}, {'B': [[5], [1], [3], [4]], 'def': 0}, {'B': [[5], [1], [4], [3]], 'def': 0}, {'B': [[5], [3], [2], [4]], 'def': 0}, {'B': [[5], [3], [4], [2]], 'def': 0}], 'vals': [[3, 2, 4, 8], [2, 4, 3], [2, 7, 8, 4], [2, 4, 8, 3]], 'core': {'key': {'climb': 344, 'pos': 16, 'file': 'k4_certs_4_n4_3.json.gz'}, 'm': 6, 'sets': [[0, 2, 4, 5], [1, 3, 5], [2, 3, 4, 5], [2, 3, 4, 5]]}}
#   climb {'climb': 345, 'pos': 34, 'file': 'k4_certs_4_n4_3.json.gz'}: best score [1000000000, 0, 0] after 0 steps, 2000 profiles, 0 f >= 1 states, DL13 failures 0 [0.0 s]
#   climb {'climb': 346, 'pos': 14, 'file': 'k4_certs_4_n4_3.json.gz'}: best score [1000000000, 0, 0] after 0 steps, 2000 profiles, 0 f >= 1 states, DL13 failures 0 [0.0 s]
#   climb {'climb': 347, 'pos': 38, 'file': 'k4_certs_4_n4_3.json.gz'}: best score [1000000000, 0, 0] after 0 steps, 2000 profiles, 0 f >= 1 states, DL13 failures 0 [0.0 s]
#   climb {'climb': 348, 'pos': 2, 'file': 'k4_certs_4_n4_3.json.gz'}: best score [1000000000, 0, 0] after 0 steps, 2000 profiles, 0 f >= 1 states, DL13 failures 0 [0.0 s]
#   climb {'climb': 349, 'pos': 6, 'file': 'k4_certs_4_n4_3.json.gz'}: best score [1000000000, 0, 0] after 0 steps, 2000 profiles, 0 f >= 1 states, DL13 failures 0 [0.0 s]
#   climb {'climb': 350, 'pos': 40, 'file': 'k4_certs_4_n4_3.json.gz'}: best score [1000000000, 0, 0] after 0 steps, 2000 profiles, 0 f >= 1 states, DL13 failures 0 [0.0 s]
#   climb {'climb': 351, 'pos': 5, 'file': 'k4_certs_4_n4_3.json.gz'}: best score [1000000000, 0, 0] after 0 steps, 2000 profiles, 0 f >= 1 states, DL13 failures 0 [0.0 s]
#   climb {'climb': 352, 'pos': 40, 'file': 'k4_certs_4_n4_3.json.gz'}: best score [1000000000, 0, 0] after 0 steps, 2000 profiles, 0 f >= 1 states, DL13 failures 0 [0.0 s]
#   climb {'climb': 353, 'pos': 13, 'file': 'k4_certs_4_n4_3.json.gz'}: best score [1000000000, 0, 0] after 0 steps, 2000 profiles, 0 f >= 1 states, DL13 failures 0 [0.0 s]
#   climb {'climb': 354, 'pos': 20, 'file': 'k4_certs_4_n4_3.json.gz'}: best score [1000000000, 0, 0] after 0 steps, 2000 profiles, 0 f >= 1 states, DL13 failures 0 [0.0 s]
#   climb {'climb': 355, 'pos': 33, 'file': 'k4_certs_4_n4_3.json.gz'}: best score [1000000000, 0, 0] after 0 steps, 2000 profiles, 0 f >= 1 states, DL13 failures 0 [0.0 s]
#   climb {'climb': 356, 'pos': 26, 'file': 'k4_certs_4_n4_3.json.gz'}: best score [1000000000, 0, 0] after 0 steps, 2000 profiles, 0 f >= 1 states, DL13 failures 0 [0.0 s]
#   climb {'climb': 357, 'pos': 42, 'file': 'k4_certs_4_n4_3.json.gz'}: best score [1000000000, 0, 0] after 0 steps, 1999 profiles, 0 f >= 1 states, DL13 failures 0 [0.0 s]
#   climb {'climb': 358, 'pos': 29, 'file': 'k4_certs_4_n4_3.json.gz'}: best score [0, 0, -4] after 0 steps, 2000 profiles, 6 f >= 1 states, DL13 failures 2 [0.0 s]
#   DL13 FAILS in climb {'climb': 358, 'pos': 29, 'file': 'k4_certs_4_n4_3.json.gz'}: {'tag': 29, 'prof': [22, 42, 57, 1], 'f': 3, 'omega': 1, 'nmin': 18, 'B': [[3], [4], [5], [2]], 'def': 1, 'k': 2, 'nn': 2, 'pm': 0, 'sig': 'O', 'br': 'none', 'r13d': -1, 'dT1': -1, 'dT3': -1, 't1types': [], 't3types': [], 'frozen': [0, 1, 2], 'J': [0, 1], 'own': [[3, 1]], 'exp': [[3, 1, 'O']], 'better': [{'B': [[0], [5], [4], [3]], 'def': 0}, {'B': [[3], [1], [4], [5]], 'def': 0}, {'B': [[3], [1, 2], [4], [5]], 'def': 0}, {'B': [[3], [5], [4], [2]], 'def': 0}, {'B': [[4], [1], [3], [5]], 'def': 0}, {'B': [[4], [1], [5], [3]], 'def': 0}, {'B': [[4], [1, 2], [3], [5]], 'def': 0}, {'B': [[4], [1, 2], [5], [3]], 'def': 0}, {'B': [[4], [5], [1], [3]], 'def': 0}, {'B': [[4], [5], [3], [2]], 'def': 0}, {'B': [[5], [1], [4], [3]], 'def': 0}, {'B': [[5], [1, 2], [4], [3]], 'def': 0}], 'vals': [[2, 6, 10, 3], [3, 2, 4, 8], [3, 6, 7, 5], [2, 4, 3]], 'core': {'key': {'climb': 358, 'pos': 29, 'file': 'k4_certs_4_n4_3.json.gz'}, 'm': 6, 'sets': [[0, 3, 4, 5], [1, 2, 4, 5], [1, 3, 4, 5], [2, 3, 5]]}}
#   climb {'climb': 359, 'pos': 42, 'file': 'k4_certs_4_n4_3.json.gz'}: best score [1000000000, 0, 0] after 0 steps, 2000 profiles, 0 f >= 1 states, DL13 failures 0 [0.0 s]
#   climb {'climb': 360, 'pos': 40, 'file': 'k4_certs_4_n4_3.json.gz'}: best score [1000000000, 0, 0] after 0 steps, 2000 profiles, 0 f >= 1 states, DL13 failures 0 [0.0 s]
#   climb {'climb': 361, 'pos': 1, 'file': 'k4_certs_4_n4_3.json.gz'}: best score [1000000000, 0, 0] after 0 steps, 1999 profiles, 0 f >= 1 states, DL13 failures 0 [0.0 s]
#   climb {'climb': 362, 'pos': 26, 'file': 'k4_certs_4_n4_3.json.gz'}: best score [1000000000, 0, 0] after 0 steps, 2000 profiles, 0 f >= 1 states, DL13 failures 0 [0.0 s]
#   climb {'climb': 363, 'pos': 16, 'file': 'k4_certs_4_n4_3.json.gz'}: best score [1000000000, 0, 0] after 0 steps, 1999 profiles, 0 f >= 1 states, DL13 failures 0 [0.0 s]
#   climb {'climb': 364, 'pos': 37, 'file': 'k4_certs_4_n4_3.json.gz'}: best score [1000000000, 0, 0] after 0 steps, 2000 profiles, 0 f >= 1 states, DL13 failures 0 [0.0 s]
#   climb {'climb': 365, 'pos': 27, 'file': 'k4_certs_4_n4_3.json.gz'}: best score [1000000000, 0, 0] after 0 steps, 2000 profiles, 0 f >= 1 states, DL13 failures 0 [0.0 s]
#   climb {'climb': 366, 'pos': 44, 'file': 'k4_certs_4_n4_3.json.gz'}: best score [1000000000, 0, 0] after 0 steps, 2000 profiles, 0 f >= 1 states, DL13 failures 0 [0.0 s]
#   climb {'climb': 367, 'pos': 28, 'file': 'k4_certs_4_n4_3.json.gz'}: best score [1000000000, 0, 0] after 0 steps, 2000 profiles, 0 f >= 1 states, DL13 failures 0 [0.0 s]
#   climb {'climb': 368, 'pos': 22, 'file': 'k4_certs_4_n4_3.json.gz'}: best score [1000000000, 0, 0] after 0 steps, 2000 profiles, 0 f >= 1 states, DL13 failures 0 [0.0 s]
#   climb {'climb': 369, 'pos': 30, 'file': 'k4_certs_4_n4_3.json.gz'}: best score [1000000000, 0, 0] after 0 steps, 2000 profiles, 0 f >= 1 states, DL13 failures 0 [0.0 s]
#   climb {'climb': 370, 'pos': 39, 'file': 'k4_certs_4_n4_3.json.gz'}: best score [1000000000, 0, 0] after 0 steps, 2000 profiles, 0 f >= 1 states, DL13 failures 0 [0.0 s]
#   climb {'climb': 371, 'pos': 37, 'file': 'k4_certs_4_n4_3.json.gz'}: best score [1000000000, 0, 0] after 0 steps, 2000 profiles, 0 f >= 1 states, DL13 failures 0 [0.0 s]
#   climb {'climb': 372, 'pos': 28, 'file': 'k4_certs_4_n4_3.json.gz'}: best score [2, 0, -4] after 15 steps, 2507 profiles, 68 f >= 1 states, DL13 failures 0 [0.1 s]
#   climb {'climb': 373, 'pos': 30, 'file': 'k4_certs_4_n4_3.json.gz'}: best score [1000000000, 0, 0] after 0 steps, 2000 profiles, 0 f >= 1 states, DL13 failures 0 [0.0 s]
#   climb {'climb': 374, 'pos': 19, 'file': 'k4_certs_4_n4_3.json.gz'}: best score [1000000000, 0, 0] after 0 steps, 2000 profiles, 0 f >= 1 states, DL13 failures 0 [0.0 s]
#   climb {'climb': 375, 'pos': 10, 'file': 'k4_certs_4_n4_3.json.gz'}: best score [1000000000, 0, 0] after 0 steps, 1999 profiles, 0 f >= 1 states, DL13 failures 0 [0.0 s]
#   climb {'climb': 376, 'pos': 38, 'file': 'k4_certs_4_n4_3.json.gz'}: best score [1000000000, 0, 0] after 0 steps, 2000 profiles, 0 f >= 1 states, DL13 failures 0 [0.0 s]
#   climb {'climb': 377, 'pos': 14, 'file': 'k4_certs_4_n4_3.json.gz'}: best score [1000000000, 0, 0] after 0 steps, 2000 profiles, 0 f >= 1 states, DL13 failures 0 [0.0 s]
#   climb {'climb': 378, 'pos': 43, 'file': 'k4_certs_4_n4_3.json.gz'}: best score [1000000000, 0, 0] after 0 steps, 2000 profiles, 0 f >= 1 states, DL13 failures 0 [0.0 s]
#   climb {'climb': 379, 'pos': 13, 'file': 'k4_certs_4_n4_3.json.gz'}: best score [1000000000, 0, 0] after 0 steps, 2000 profiles, 0 f >= 1 states, DL13 failures 0 [0.0 s]
#   climb {'climb': 380, 'pos': 6, 'file': 'k4_certs_4_n4_3.json.gz'}: best score [1000000000, 0, 0] after 0 steps, 2000 profiles, 0 f >= 1 states, DL13 failures 0 [0.0 s]
#   climb {'climb': 381, 'pos': 1, 'file': 'k4_certs_4_n4_3.json.gz'}: best score [1000000000, 0, 0] after 0 steps, 2000 profiles, 0 f >= 1 states, DL13 failures 0 [0.0 s]
#   climb {'climb': 382, 'pos': 20, 'file': 'k4_certs_4_n4_3.json.gz'}: best score [1000000000, 0, 0] after 0 steps, 2000 profiles, 0 f >= 1 states, DL13 failures 0 [0.0 s]
#   climb {'climb': 383, 'pos': 20, 'file': 'k4_certs_4_n4_3.json.gz'}: best score [1000000000, 0, 0] after 0 steps, 2000 profiles, 0 f >= 1 states, DL13 failures 0 [0.0 s]
#   climb {'climb': 384, 'pos': 46, 'file': 'k4_certs_4_n4_3.json.gz'}: best score [1000000000, 0, 0] after 0 steps, 2000 profiles, 0 f >= 1 states, DL13 failures 0 [0.0 s]
#   climb {'climb': 385, 'pos': 28, 'file': 'k4_certs_4_n4_3.json.gz'}: best score [1000000000, 0, 0] after 0 steps, 2000 profiles, 0 f >= 1 states, DL13 failures 0 [0.0 s]
#   climb {'climb': 386, 'pos': 26, 'file': 'k4_certs_4_n4_3.json.gz'}: best score [1000000000, 0, 0] after 0 steps, 2000 profiles, 0 f >= 1 states, DL13 failures 0 [0.0 s]
#   climb {'climb': 387, 'pos': 45, 'file': 'k4_certs_4_n4_3.json.gz'}: best score [1000000000, 0, 0] after 0 steps, 1999 profiles, 0 f >= 1 states, DL13 failures 0 [0.0 s]
#   climb {'climb': 388, 'pos': 18, 'file': 'k4_certs_4_n4_3.json.gz'}: best score [2, 0, -6] after 15 steps, 2526 profiles, 126 f >= 1 states, DL13 failures 0 [0.1 s]
#   climb {'climb': 389, 'pos': 13, 'file': 'k4_certs_4_n4_3.json.gz'}: best score [1000000000, 0, 0] after 0 steps, 1999 profiles, 0 f >= 1 states, DL13 failures 0 [0.0 s]
#   climb {'climb': 390, 'pos': 10, 'file': 'k4_certs_4_n4_3.json.gz'}: best score [1000000000, 0, 0] after 0 steps, 1999 profiles, 0 f >= 1 states, DL13 failures 0 [0.0 s]
#   climb {'climb': 391, 'pos': 46, 'file': 'k4_certs_4_n4_3.json.gz'}: best score [1000000000, 0, 0] after 0 steps, 2000 profiles, 0 f >= 1 states, DL13 failures 0 [0.0 s]
#   climb {'climb': 392, 'pos': 40, 'file': 'k4_certs_4_n4_3.json.gz'}: best score [1000000000, 0, 0] after 0 steps, 2000 profiles, 0 f >= 1 states, DL13 failures 0 [0.0 s]
#   climb {'climb': 393, 'pos': 17, 'file': 'k4_certs_4_n4_3.json.gz'}: best score [1000000000, 0, 0] after 0 steps, 2000 profiles, 0 f >= 1 states, DL13 failures 0 [0.0 s]
#   climb {'climb': 394, 'pos': 31, 'file': 'k4_certs_4_n4_3.json.gz'}: best score [1000000000, 0, 0] after 0 steps, 2000 profiles, 0 f >= 1 states, DL13 failures 0 [0.0 s]
#   climb {'climb': 395, 'pos': 15, 'file': 'k4_certs_4_n4_3.json.gz'}: best score [1000000000, 0, 0] after 0 steps, 1999 profiles, 0 f >= 1 states, DL13 failures 0 [0.0 s]
#   climb {'climb': 396, 'pos': 36, 'file': 'k4_certs_4_n4_3.json.gz'}: best score [1000000000, 0, 0] after 0 steps, 2000 profiles, 0 f >= 1 states, DL13 failures 0 [0.0 s]
#   climb {'climb': 397, 'pos': 14, 'file': 'k4_certs_4_n4_3.json.gz'}: best score [1000000000, 0, 0] after 0 steps, 1999 profiles, 0 f >= 1 states, DL13 failures 0 [0.0 s]
#   climb {'climb': 398, 'pos': 39, 'file': 'k4_certs_4_n4_3.json.gz'}: best score [1000000000, 0, 0] after 0 steps, 2000 profiles, 0 f >= 1 states, DL13 failures 0 [0.0 s]
#   climb {'climb': 399, 'pos': 37, 'file': 'k4_certs_4_n4_3.json.gz'}: best score [1000000000, 0, 0] after 0 steps, 1999 profiles, 0 f >= 1 states, DL13 failures 0 [0.0 s]
hunt certs results/k4_certs_4_n4_3.json.gz: profiles 803973, omega >= 1: 1717; k* = 0: 1486, 1: 0, 2: 231, 3: 0, >= 4: 0, inf: 0; P with def > 0: 1292, at distance 1: 0, 2: 1292, 3: 0, >= 4: 0, inf: 0; Pareto-maximal: 0; largest least deficit 0
  DL13: states (def > 0) with f = 0: 0 (R_13 fails at 0), with f >= 1: 1292; DL13 FAILS at 22 of the f >= 1 states; T1 only 0, T3 only 1270 (of which T3 with a helper only 0), both 0; with a plain T3 move 1270, with a helper T3 move 0; nearest R_13 improvement at distance 1 / 2 / 3: 0 / 1270 / 0; anomalies 0 [12 s]
# profiles evaluated in this session (distinct within a climb): 803973; the 5 smallest scores: [((0, 0, -4), {'climb': 59, 'pos': 15, 'file': 'k4_certs_4_n4_3.json.gz'}), ((0, 0, -4), {'climb': 74, 'pos': 9, 'file': 'k4_certs_4_n4_3.json.gz'}), ((0, 0, -4), {'climb': 92, 'pos': 9, 'file': 'k4_certs_4_n4_3.json.gz'}), ((0, 0, -4), {'climb': 126, 'pos': 12, 'file': 'k4_certs_4_n4_3.json.gz'}), ((0, 0, -4), {'climb': 131, 'pos': 16, 'file': 'k4_certs_4_n4_3.json.gz'})]
table B: f >= 1 states by f | signature | branch : count
  B 3|G|T3p : 886
  B 3|O|T3p : 384
  B 3|G|none : 16
  B 3|O|none : 6
table G: f >= 1 states by f | nearest distance k | branch : count
  G 3|2|T3p : 1270
  G 3|2|none : 22
table Y: f >= 1 states by f | branch | move type available : count
  Y 3|T3p|T3:xJ.h- : 1031
  Y 3|T3p|T3:xZ.h- : 384
