# command: python3 k4/dl13_run.py certs results/k4_certs_5_pure.json.gz --sample=4 --seed=1 --jobs=1 --rt=1 --ro=1000 --ckpt=results/k4_dl13/ckpt_rand.jsonl --dump=results/k4_dl13/states_rand.jsonl.gz --tables=results/k4_dl13/tables_rand_5_pure.json
# dl13.c sha256 f891de3a228a63fcd05008c0e4d9202068fc0d2b41be5876775affd4b2131d65
# k4_certs_5_pure.json.gz: cores 0..4673, 4674 units to run, 0 from the checkpoint; 4 random profiles per unit, seed 1
k4_certs_5_pure.json.gz: profiles 18696, omega >= 1: 6296; k* = 0: 5649, 1: 646, 2: 1, 3: 0, >= 4: 0, inf: 0; P with def > 0: 6481, at distance 1: 6471, 2: 10, 3: 0, >= 4: 0, inf: 0; Pareto-maximal: 20; largest least deficit -1
  DL13: states (def > 0) with f = 0: 5924 (R_13 fails at 0), with f >= 1: 557; DL13 FAILS at 0 of the f >= 1 states; T1 only 19, T3 only 10 (of which T3 with a helper only 1), both 528; with a plain T3 move 473, with a helper T3 move 538; nearest R_13 improvement at distance 1 / 2 / 3: 547 / 9 / 1; anomalies 0 [25 s]
table B: f >= 1 states by f | signature | branch : count
  B 1|G,D2|T1+T3p+T3h : 171
  B 1|fO,G,D2|T1+T3p+T3h : 111
  B 1|fO,L|T1+T3p+T3h : 58
  B 1|fO,L|T1+T3h : 32
  B 2|G,D2|T1+T3p+T3h : 32
  B 1|fO|T1+T3h : 27
  B 1|fO|T1 : 18
  B 1|fO,L,D2|T1+T3p+T3h : 15
  B 1|fO|T1+T3p+T3h : 15
  B 1|G,D2,PM|T1+T3p+T3h : 14
  B 1|e2,fO,G,D2|T1+T3p+T3h : 9
  B 2|fO,G,D2|T1+T3p+T3h : 8
  B 1|e2,G,D2|T1+T3p+T3h : 6
  B 2|fO,L|T1+T3p+T3h : 5
  B 1|e2,G,D2,PM|T1+T3p+T3h : 4
  B 2|G,O,D2|T3p+T3h : 4
  B 1|e2,fO,L|T1+T3h : 3
  B 1|e2,fO,L|T1+T3p+T3h : 3
  B 1|e2,fO|T1+T3p+T3h : 2
  B 2|G,L,D2|T1+T3p+T3h : 2
  B 2|fO,G,O,D2|T3p+T3h : 2
  B 2|fO|T1+T3p+T3h : 2
  B 1|e1,G,D2|T1+T3p+T3h : 1
  B 1|e2,fO|T1 : 1
  B 1|e2,fO|T1+T3h : 1
  B 1|fO,G1|T1+T3p+T3h : 1
  B 2|G,D2|T3p+T3h : 1
  B 2|G,G1,D2|T1+T3p+T3h : 1
  B 2|G,L,D2,PM|T3h : 1
  B 2|G,L,D2|T3p+T3h : 1
  B 2|e2,fO|T1+T3h : 1
  B 2|e2,fO|T1+T3p+T3h : 1
  B 2|fO,G,L,D2|T3p+T3h : 1
  B 2|fO,G1|T1+T3p+T3h : 1
  B 3|G,D2,PM|T1+T3p+T3h : 1
  B 3|G,D2|T1+T3p+T3h : 1
table G: f >= 1 states by f | nearest distance k | branch : count
  G 1|1|T1+T3p+T3h : 410
  G 1|1|T1+T3h : 63
  G 2|1|T1+T3p+T3h : 52
  G 1|1|T1 : 19
  G 2|2|T3p+T3h : 9
  G 3|1|T1+T3p+T3h : 2
  G 2|1|T1+T3h : 1
  G 2|2|T3h : 1
table Y: f >= 1 states by f | branch | move type available : count
  Y 1|T1+T3p+T3h|T3:xJ.h- : 402
  Y 1|T1+T3p+T3h|T1:rel : 397
  Y 1|T1+T3p+T3h|T3:xJ.hR : 393
  Y 1|T1+T3p+T3h|T3:xJ.hJ : 375
  Y 1|T1+T3p+T3h|T1:pool : 332
  Y 1|T1+T3p+T3h|T3:xJ.hZ : 231
  Y 1|T1+T3p+T3h|T3:xH.hJ : 125
  Y 1|T1+T3h|T1:pool : 63
  Y 1|T1+T3h|T1:rel : 62
  Y 1|T1+T3p+T3h|T3:xZ.hR : 61
  Y 1|T1+T3h|T3:xH.hJ : 56
  Y 1|T1+T3p+T3h|T3:xZ.h- : 53
  Y 1|T1+T3p+T3h|T3:xH.hR : 52
  Y 2|T1+T3p+T3h|T1:rel : 52
  Y 2|T1+T3p+T3h|T3:xJ.h- : 52
  Y 2|T1+T3p+T3h|T3:xJ.hR : 43
  Y 2|T1+T3p+T3h|T3:xJ.hJ : 38
  Y 1|T1+T3p+T3h|T3:xH.hZ : 35
  Y 1|T1+T3p+T3h|T3:xZ.hJ : 35
  Y 2|T1+T3p+T3h|T1:pool : 26
  Y 1|T1+T3p+T3h|T1:grow : 24
  Y 1|T1|T1:pool : 19
  Y 1|T1|T1:rel : 19
  Y 2|T1+T3p+T3h|T3:xH.hJ : 18
  Y 1|T1+T3h|T3:xH.hR : 16
  Y 2|T1+T3p+T3h|T3:xJ.hZ : 12
  Y 2|T1+T3p+T3h|T3:xH.hR : 10
  Y 2|T1+T3p+T3h|T3:xZ.hR : 10
  Y 1|T1+T3p+T3h|T3:xZ.hZ : 9
  Y 2|T3p+T3h|T3:xJ.h- : 9
  Y 2|T1+T3p+T3h|T3:xZ.h- : 8
  Y 2|T1+T3p+T3h|T3:xZ.hJ : 8
  Y 2|T3p+T3h|T3:xH.hJ : 8
  Y 2|T3p+T3h|T3:xJ.hJ : 7
  Y 2|T3p+T3h|T3:xZ.h- : 6
  Y 1|T1+T3h|T3:xH.hZ : 4
  Y 2|T3p+T3h|T3:xJ.hR : 4
  Y 2|T1+T3p+T3h|T1:grow : 3
  Y 2|T1+T3p+T3h|T3:xZ.hZ : 3
  Y 1|T1|T1:grow : 2
  Y 2|T1+T3p+T3h|T3:xH.hZ : 2
  Y 2|T3p+T3h|T3:xJ.hZ : 2
  Y 3|T1+T3p+T3h|T1:rel : 2
  Y 3|T1+T3p+T3h|T3:xJ.h- : 2
  Y 3|T1+T3p+T3h|T3:xJ.hR : 2
  Y 1|T1+T3h|T1:grow : 1
  Y 1|T1+T3h|T3:xZ.hJ : 1
  Y 1|T1+T3h|T3:xZ.hR : 1
  Y 1|T1+T3h|T3:xZ.hZ : 1
  Y 2|T1+T3h|T1:pool : 1
  Y 2|T1+T3h|T1:rel : 1
  Y 2|T1+T3h|T3:xH.hJ : 1
  Y 2|T1+T3h|T3:xH.hR : 1
  Y 2|T3h|T3:xH.hJ : 1
  Y 3|T1+T3p+T3h|T3:xZ.h- : 1
  Y 3|T1+T3p+T3h|T3:xZ.hR : 1
