# command: python3 k4/sx_f2.py results/k4_sx/t3stage/keys.jsonl.gz
A+ applies, chain length j=0                                                               340
A+ applies, chain length j=1                                                               6
A+ chain found but theta fails                                                             38
B+ applies, chain j=0, path k=1                                                            8
Zmax                                                                                       411
Zmax: Lemma A+ applies=False                                                               65
Zmax: Lemma A+ applies=True                                                                346
Zmax: Lemma A+ or B+ applies=False                                                         65
Zmax: Lemma A+ or B+ applies=True                                                          346
Zmax: Lemma B+ applies=False                                                               403
Zmax: Lemma B+ applies=True                                                                8
Zmax: direct T3 move=True, direct T3+ move=True, direct T4 move=False                      234
Zmax: direct T3 move=True, direct T3+ move=True, direct T4 move=True                       177
Zmax: free-valid owner exists=True                                                         411
free-valid owner: frozen agents threatened=1                                               458
free-valid owner: frozen agents threatened=2                                               63
keys f=2                                                                                   191
keys f=3                                                                                   5
keys: Lemma A+ or B+ at some Zmax=False                                                    40
keys: Lemma A+ or B+ at some Zmax=True                                                     156
profiles f=2                                                                               122
profiles f=3                                                                               2
EX noAplus ({'sets': [[0, 2, 8, 9], [1, 5, 8, 9], [3, 6, 8, 9], [4, 7, 8, 9]], 'vals': [[3, 4, 8, 10], [4, 7, 10, 2], [2, 6, 10, 7], [3, 4, 8, 10]], 'm': 10}, (None, 8, 9, None), 'Config(key=[None, 8, 9, None], Q={0: [0, 2], 3: [4, 7]}, L=[1, 3, 5, 6])', 'V', [0, 3])
EX noAplus ({'sets': [[0, 2, 4, 8], [1, 3, 6, 7], [2, 3, 4, 5], [5, 6, 7, 8]], 'vals': [[2, 4, 3, 8], [3, 8, 4, 2], [4, 8, 3, 2], [2, 3, 6, 10]], 'm': 9}, (None, 3, None, 8), 'Config(key=[None, 3, None, 8], Q={0: [0, 2], 2: [4, 5]}, L=[1, 6, 7])', 'V', [0, 2])
EX noAplus ({'sets': [[0, 2, 4, 8], [1, 3, 6, 7], [2, 3, 4, 5], [5, 6, 7, 8]], 'vals': [[2, 4, 3, 8], [3, 8, 4, 2], [4, 8, 3, 2], [2, 3, 6, 10]], 'm': 9}, (None, 3, None, 8), 'Config(key=[None, 3, None, 8], Q={0: [0, 4], 2: [2, 5]}, L=[1, 6, 7])', 'V', [0, 2])
# time 2.5 s
