small n=2 m=3: 6 profiles
  sumU         all-optima-complete=6 some-but-not-all=0 none=0
  sumV         all-optima-complete=6 some-but-not-all=0 none=0
  minNA        all-optima-complete=6 some-but-not-all=0 none=0
  minOv        all-optima-complete=6 some-but-not-all=0 none=0
  leximin      all-optima-complete=6 some-but-not-all=0 none=0
  minNA_sumU   all-optima-complete=6 some-but-not-all=0 none=0
  sumU_minNA   all-optima-complete=6 some-but-not-all=0 none=0
  minOv_sumU   all-optima-complete=6 some-but-not-all=0 none=0
  pareto       all-optima-complete=6 some-but-not-all=0 none=0
small n=2 m=4: 24 profiles
  sumU         all-optima-complete=24 some-but-not-all=0 none=0
  sumV         all-optima-complete=24 some-but-not-all=0 none=0
  minNA        all-optima-complete=24 some-but-not-all=0 none=0
  minOv        all-optima-complete=24 some-but-not-all=0 none=0
  leximin      all-optima-complete=24 some-but-not-all=0 none=0
  minNA_sumU   all-optima-complete=24 some-but-not-all=0 none=0
  sumU_minNA   all-optima-complete=24 some-but-not-all=0 none=0
  minOv_sumU   all-optima-complete=24 some-but-not-all=0 none=0
  pareto       all-optima-complete=24 some-but-not-all=0 none=0
small n=2 m=5: 60 profiles
  sumU         all-optima-complete=60 some-but-not-all=0 none=0
  sumV         all-optima-complete=60 some-but-not-all=0 none=0
  minNA        all-optima-complete=60 some-but-not-all=0 none=0
  minOv        all-optima-complete=60 some-but-not-all=0 none=0
  leximin      all-optima-complete=60 some-but-not-all=0 none=0
  minNA_sumU   all-optima-complete=60 some-but-not-all=0 none=0
  sumU_minNA   all-optima-complete=60 some-but-not-all=0 none=0
  minOv_sumU   all-optima-complete=60 some-but-not-all=0 none=0
  pareto       all-optima-complete=60 some-but-not-all=0 none=0
small n=2 m=6: 120 profiles
  sumU         all-optima-complete=120 some-but-not-all=0 none=0
  sumV         all-optima-complete=120 some-but-not-all=0 none=0
  minNA        all-optima-complete=120 some-but-not-all=0 none=0
  minOv        all-optima-complete=120 some-but-not-all=0 none=0
  leximin      all-optima-complete=120 some-but-not-all=0 none=0
  minNA_sumU   all-optima-complete=120 some-but-not-all=0 none=0
  sumU_minNA   all-optima-complete=120 some-but-not-all=0 none=0
  minOv_sumU   all-optima-complete=120 some-but-not-all=0 none=0
  pareto       all-optima-complete=120 some-but-not-all=0 none=0
small n=3 m=4: 576 profiles
  sumU         all-optima-complete=576 some-but-not-all=0 none=0
  sumV         all-optima-complete=576 some-but-not-all=0 none=0
  minNA        all-optima-complete=576 some-but-not-all=0 none=0
  minOv        all-optima-complete=576 some-but-not-all=0 none=0
  leximin      all-optima-complete=576 some-but-not-all=0 none=0
  minNA_sumU   all-optima-complete=576 some-but-not-all=0 none=0
  sumU_minNA   all-optima-complete=576 some-but-not-all=0 none=0
  minOv_sumU   all-optima-complete=576 some-but-not-all=0 none=0
  pareto       all-optima-complete=576 some-but-not-all=0 none=0
small n=3 m=5: 3600 profiles
  sumU         all-optima-complete=3600 some-but-not-all=0 none=0
  sumV         all-optima-complete=3600 some-but-not-all=0 none=0
  minNA        all-optima-complete=3600 some-but-not-all=0 none=0
  minOv        all-optima-complete=3600 some-but-not-all=0 none=0
  leximin      all-optima-complete=3600 some-but-not-all=0 none=0
  minNA_sumU   all-optima-complete=3600 some-but-not-all=0 none=0
  sumU_minNA   all-optima-complete=3600 some-but-not-all=0 none=0
  minOv_sumU   all-optima-complete=3600 some-but-not-all=0 none=0
  pareto       all-optima-complete=3600 some-but-not-all=0 none=0
small n=3 m=6: 14400 profiles
  sumU         all-optima-complete=14400 some-but-not-all=0 none=0
  sumV         all-optima-complete=14400 some-but-not-all=0 none=0
  minNA        all-optima-complete=14400 some-but-not-all=0 none=0
  minOv        all-optima-complete=14400 some-but-not-all=0 none=0
  leximin      all-optima-complete=14400 some-but-not-all=0 none=0
  minNA_sumU   all-optima-complete=14400 some-but-not-all=0 none=0
  sumU_minNA   all-optima-complete=14400 some-but-not-all=0 none=0
  minOv_sumU   all-optima-complete=14400 some-but-not-all=0 none=0
  pareto       all-optima-complete=14400 some-but-not-all=0 none=0
small n=3 m=7: 44100 profiles
  sumU         all-optima-complete=44100 some-but-not-all=0 none=0
  sumV         all-optima-complete=44100 some-but-not-all=0 none=0
  minNA        all-optima-complete=44100 some-but-not-all=0 none=0
  minOv        all-optima-complete=44100 some-but-not-all=0 none=0
  leximin      all-optima-complete=44100 some-but-not-all=0 none=0
  minNA_sumU   all-optima-complete=44100 some-but-not-all=0 none=0
  sumU_minNA   all-optima-complete=44100 some-but-not-all=0 none=0
  minOv_sumU   all-optima-complete=44100 some-but-not-all=0 none=0
  pareto       all-optima-complete=44100 some-but-not-all=0 none=0
