# python3 candidates.py NAME ... (values 4, 3, 2; raw EFX0 check). Sets: (2, 3..6), (3, 4..7), (4, 5).
# Idea 1 runs used --stop (stop after the first (n, m) with a failure). For the K3S-plug-in runs, lines with 0
# failures (n = 2 for all of them except pair_*) were filtered out of the terminal output by grep -v ': 0 of'.
ignore_c             n=2 m=3: 0 of 6 not EFX0; first None  [0s]
ignore_c             n=2 m=4: 24 of 24 not EFX0; first [(0, 1, 2), (0, 1, 2)]  [0s]
ignore_most_valued   n=2 m=3: 0 of 6 not EFX0; first None  [0s]
ignore_most_valued   n=2 m=4: 24 of 24 not EFX0; first [(0, 1, 2), (0, 1, 2)]  [0s]
ignore_c_repair      n=2 m=3: 0 of 6 not EFX0; first None  [0s]
ignore_c_repair      n=2 m=4: 18 of 24 not EFX0; first [(0, 1, 2), (0, 1, 2)]  [0s]
k3s_norot_r          n=3 m=4: 28 of 576 not EFX0; first [(0, 1, 2), (0, 3, 1), (0, 3, 1)]  [0s]
k3s_norot_r          n=3 m=5: 154 of 3600 not EFX0; first [(0, 1, 2), (0, 1, 3), (0, 3, 4)]  [0s]
k3s_norot_r          n=3 m=6: 462 of 14400 not EFX0; first [(0, 1, 2), (0, 1, 3), (0, 3, 4)]  [1s]
k3s_norot_r          n=3 m=7: 1036 of 44100 not EFX0; first [(0, 1, 2), (0, 1, 3), (0, 3, 4)]  [3s]
k3s_norot_r          n=4 m=5: 4344 of 216000 not EFX0; first [(0, 1, 2), (0, 3, 1), (0, 3, 4), (0, 3, 4)]  [13s]
k3s_norot_any        n=3 m=4: 20 of 576 not EFX0; first [(0, 1, 2), (0, 3, 1), (0, 3, 1)]  [0s]
k3s_norot_any        n=3 m=5: 154 of 3600 not EFX0; first [(0, 1, 2), (0, 1, 3), (0, 3, 4)]  [0s]
k3s_norot_any        n=3 m=6: 462 of 14400 not EFX0; first [(0, 1, 2), (0, 1, 3), (0, 3, 4)]  [1s]
k3s_norot_any        n=3 m=7: 1036 of 44100 not EFX0; first [(0, 1, 2), (0, 1, 3), (0, 3, 4)]  [2s]
k3s_norot_any        n=4 m=5: 4072 of 216000 not EFX0; first [(0, 1, 2), (0, 3, 1), (0, 3, 4), (0, 3, 4)]  [12s]
hub_r                n=3 m=4: 52 of 576 not EFX0; first [(0, 1, 2), (0, 1, 2), (1, 2, 3)]  [0s]
hub_r                n=3 m=5: 246 of 3600 not EFX0; first [(0, 1, 2), (0, 1, 2), (1, 2, 3)]  [0s]
hub_r                n=3 m=6: 702 of 14400 not EFX0; first [(0, 1, 2), (0, 1, 2), (1, 2, 3)]  [1s]
hub_r                n=3 m=7: 1540 of 44100 not EFX0; first [(0, 1, 2), (0, 1, 2), (1, 2, 3)]  [2s]
hub_r                n=4 m=5: 7048 of 216000 not EFX0; first [(0, 1, 2), (0, 1, 2), (0, 1, 2), (1, 3, 4)]  [12s]
hub_any              n=3 m=4: 44 of 576 not EFX0; first [(0, 1, 2), (0, 1, 2), (1, 2, 3)]  [0s]
hub_any              n=3 m=5: 246 of 3600 not EFX0; first [(0, 1, 2), (0, 1, 2), (1, 2, 3)]  [0s]
hub_any              n=3 m=6: 702 of 14400 not EFX0; first [(0, 1, 2), (0, 1, 2), (1, 2, 3)]  [1s]
hub_any              n=3 m=7: 1540 of 44100 not EFX0; first [(0, 1, 2), (0, 1, 2), (1, 2, 3)]  [3s]
hub_any              n=4 m=5: 6776 of 216000 not EFX0; first [(0, 1, 2), (0, 1, 2), (0, 1, 2), (1, 3, 4)]  [12s]
pair_r               n=2 m=3: 4 of 6 not EFX0; first [(0, 1, 2), (1, 0, 2)]  [0s]
pair_r               n=2 m=4: 8 of 24 not EFX0; first [(0, 1, 2), (1, 0, 2)]  [0s]
pair_r               n=2 m=5: 12 of 60 not EFX0; first [(0, 1, 2), (1, 0, 2)]  [0s]
pair_r               n=2 m=6: 16 of 120 not EFX0; first [(0, 1, 2), (1, 0, 2)]  [0s]
pair_r               n=3 m=4: 480 of 576 not EFX0; first [(0, 1, 2), (0, 1, 2), (0, 1, 2)]  [0s]
pair_r               n=3 m=5: 2220 of 3600 not EFX0; first [(0, 1, 2), (0, 1, 2), (0, 1, 2)]  [0s]
pair_r               n=3 m=6: 6624 of 14400 not EFX0; first [(0, 1, 2), (0, 1, 2), (0, 1, 2)]  [1s]
pair_r               n=3 m=7: 15540 of 44100 not EFX0; first [(0, 1, 2), (0, 1, 2), (0, 1, 2)]  [2s]
pair_r               n=4 m=5: 193320 of 216000 not EFX0; first [(0, 1, 2), (0, 1, 2), (0, 1, 2), (0, 1, 2)]  [10s]
pair_any             (identical counts to pair_r on every set)
pairsafe_r           n=3 m=4: 72 of 576 not EFX0; first [(0, 1, 2), (0, 1, 2), (0, 1, 2)]  [0s]
pairsafe_r           n=3 m=5: 244 of 3600 not EFX0; first [(0, 1, 2), (0, 1, 2), (0, 1, 2)]  [0s]
pairsafe_r           n=3 m=6: 568 of 14400 not EFX0; first [(0, 1, 2), (0, 1, 2), (0, 1, 2)]  [1s]
pairsafe_r           n=3 m=7: 1092 of 44100 not EFX0; first [(0, 1, 2), (0, 1, 2), (0, 1, 2)]  [2s]
pairsafe_r           n=4 m=5: 49656 of 216000 not EFX0; first [(0, 1, 2), (0, 1, 2), (0, 1, 2), (0, 1, 2)]  [11s]
pairsafe_any         (identical counts to pairsafe_r on every set)
pairc_r              n=3 m=4: 12 of 576 not EFX0; first [(0, 1, 2), (0, 3, 1), (3, 1, 0)]  [0s]
pairc_r              n=3 m=5: 36 of 3600 not EFX0; first [(0, 1, 2), (0, 3, 1), (3, 1, 0)]  [0s]
pairc_r              n=3 m=6: 72 of 14400 not EFX0; first [(0, 1, 2), (0, 3, 1), (3, 1, 0)]  [1s]
pairc_r              n=3 m=7: 120 of 44100 not EFX0; first [(0, 1, 2), (0, 3, 1), (3, 1, 0)]  [3s]
pairc_r              n=4 m=5: 5912 of 216000 not EFX0; first [(0, 1, 2), (0, 1, 2), (0, 1, 2), (0, 2, 3)]  [12s]
pairc_any            n=3 m=4: 8 of 576 not EFX0; first [(0, 1, 2), (0, 3, 1), (3, 1, 0)]  [0s]
pairc_any            n=3 m=5: 36 of 3600 not EFX0; first [(0, 1, 2), (0, 3, 1), (3, 1, 0)]  [0s]
pairc_any            n=3 m=6: 72 of 14400 not EFX0; first [(0, 1, 2), (0, 3, 1), (3, 1, 0)]  [1s]
pairc_any            n=3 m=7: 120 of 44100 not EFX0; first [(0, 1, 2), (0, 3, 1), (3, 1, 0)]  [3s]
pairc_any            n=4 m=5: 5768 of 216000 not EFX0; first [(0, 1, 2), (0, 1, 2), (0, 1, 2), (0, 2, 3)]  [14s]
