small 3 5
  A                146
  B                146
  C                150
  D                134
  E                58
  F                154
  G                154
  H                154
  J                146
  J2               134
  K                146
  K2               146
  L                150
  L2               64
  M (when A fails): r of the run from r is q 4
  rotation cases   154
  fails A (3, 5, [(0, 1, 2), (0, 3, 1), (0, 3, 4)])
  fails B (3, 5, [(0, 1, 2), (0, 3, 4), (0, 3, 1)])
  fails C (3, 5, [(0, 1, 2), (3, 0, 1), (3, 0, 4)])
  fails D (3, 5, [(0, 1, 2), (0, 2, 3), (2, 3, 4)])
  fails E (3, 5, [(0, 1, 2), (0, 3, 1), (0, 3, 1)])
  fails J (3, 5, [(0, 1, 2), (0, 2, 3), (2, 3, 4)])
  fails J2 (3, 5, [(0, 1, 2), (0, 2, 3), (2, 3, 4)])
  fails K (3, 5, [(0, 1, 2), (0, 2, 3), (2, 3, 4)])
  fails K2 (3, 5, [(0, 1, 2), (0, 2, 3), (2, 3, 4)])
  fails L (3, 5, [(0, 1, 2), (0, 3, 1), (0, 3, 4)])
  fails L2 (3, 5, [(0, 1, 2), (0, 1, 3), (0, 3, 4)])
  fails M (when A fails): r of the run from r is q (3, 5, [(0, 1, 2), (0, 3, 1), (0, 3, 4)])
