cores 4
  A                1643
  B                1622
  C                1647
  D                1640
  E                187
  F                1648
  G                1648
  H                1648
  J                1574
  J2               1508
  K                1638
  K2               1638
  L                1645
  L2               1224
  M (when A fails): r of the run from r is q 2
  rotation cases   1648
  fails A (4, 5, [(0, 1, 2), (0, 3, 4), (4, 1, 3), (4, 3, 2)])
  fails B (3, 5, [(2, 0, 3), (2, 1, 4), (2, 1, 0)])
  fails C (4, 6, [(4, 1, 5), (0, 2, 1), (0, 4, 3), (4, 2, 3)])
  fails D (3, 5, [(0, 3, 2), (2, 1, 4), (0, 2, 1)])
  fails E (3, 4, [(1, 2, 3), (0, 1, 2), (0, 1, 2)])
  fails J (3, 5, [(0, 3, 2), (2, 1, 4), (0, 2, 1)])
  fails J2 (3, 5, [(0, 3, 2), (2, 1, 4), (0, 2, 1)])
  fails K (3, 5, [(0, 3, 2), (2, 1, 4), (0, 2, 1)])
  fails K2 (3, 5, [(0, 3, 2), (2, 1, 4), (0, 2, 1)])
  fails L (4, 6, [(4, 1, 5), (0, 2, 1), (0, 4, 3), (4, 2, 3)])
  fails L2 (3, 4, [(1, 2, 3), (0, 1, 2), (1, 0, 2)])
  fails M (when A fails): r of the run from r is q (4, 6, [(4, 1, 5), (0, 2, 1), (0, 4, 3), (4, 2, 3)])
