cores 5 5
  A                31419
  B                31243
  C                31456
  D                31444
  E                3037
  F                31456
  G                31456
  H                31456
  J                30114
  J2               29350
  K                31200
  K2               31200
  rotation cases   31456
  fails A (5, 7, [(5, 6, 0), (2, 3, 0), (1, 2, 4), (5, 1, 4), (5, 3, 4)])
  fails B (5, 7, [(4, 0, 5), (4, 3, 6), (2, 0, 4), (2, 1, 4), (1, 4, 3)])
  fails D (5, 7, [(0, 5, 3), (3, 4, 6), (0, 2, 4), (2, 1, 4), (1, 3, 4)])
  fails E (5, 6, [(0, 1, 5), (0, 4, 1), (2, 3, 4), (2, 3, 4), (2, 3, 4)])
  fails J (5, 6, [(2, 0, 5), (2, 4, 0), (1, 3, 4), (1, 3, 4), (2, 3, 4)])
  fails J2 (5, 6, [(2, 0, 5), (2, 4, 0), (1, 3, 4), (1, 3, 4), (2, 3, 4)])
  fails K (5, 6, [(3, 0, 1), (2, 0, 5), (4, 1, 5), (2, 4, 5), (3, 5, 4)])
  fails K2 (5, 6, [(3, 0, 1), (2, 0, 5), (4, 1, 5), (2, 4, 5), (3, 5, 4)])

real	1m26.848s
user	1m25.668s
sys	0m0.024s
