# HH3: n = 26, m = 65; model R; convs ['bundle', 'base']; first agents ['lA', 'lB', 'x11A', 'x12A', 'x13A', 'y1A', 'x21A', 'x22A', 'x23A', 'y2A', 'x31A', 'x32A', 'x33A', 'y3A', 'x11B', 'x12B', 'x13B', 'y1B', 'x21B', 'x22B', 'x23B', 'y2B', 'x31B', 'x32B', 'x33B', 'y3B']
a=lA idx=0 model=R states=37 depth0=1 depth1=36 owner_tests=1998 outputs=0 verdict=NO_OUTPUT_WITH_<=1_ROTATION [36s]
a=lB idx=1 model=R states=37 depth0=1 depth1=36 owner_tests=1998 outputs=0 verdict=NO_OUTPUT_WITH_<=1_ROTATION [35s]
a=x11A idx=2 model=R states=53 depth0=2 depth1=51 owner_tests=2862 outputs=0 verdict=NO_OUTPUT_WITH_<=1_ROTATION [83s]
a=x12A idx=3 model=R states=51 depth0=2 depth1=49 owner_tests=2754 outputs=0 verdict=NO_OUTPUT_WITH_<=1_ROTATION [97s]
a=x13A idx=4 model=R states=51 depth0=2 depth1=49 owner_tests=2754 outputs=0 verdict=NO_OUTPUT_WITH_<=1_ROTATION [95s]
a=y1A idx=5 model=R states=51 depth0=2 depth1=49 owner_tests=2754 outputs=0 verdict=NO_OUTPUT_WITH_<=1_ROTATION [94s]
a=x21A idx=6 model=R states=59 depth0=2 depth1=57 owner_tests=3186 outputs=0 verdict=NO_OUTPUT_WITH_<=1_ROTATION [71s]
a=x22A idx=7 model=R states=57 depth0=2 depth1=55 owner_tests=3078 outputs=0 verdict=NO_OUTPUT_WITH_<=1_ROTATION [84s]
a=x23A idx=8 model=R states=57 depth0=2 depth1=55 owner_tests=3078 outputs=0 verdict=NO_OUTPUT_WITH_<=1_ROTATION [86s]
a=y2A idx=9 model=R states=57 depth0=2 depth1=55 owner_tests=3078 outputs=0 verdict=NO_OUTPUT_WITH_<=1_ROTATION [90s]
a=x31A idx=10 model=R states=65 depth0=2 depth1=63 owner_tests=3510 outputs=0 verdict=NO_OUTPUT_WITH_<=1_ROTATION [94s]
a=x32A idx=11 model=R states=63 depth0=2 depth1=61 owner_tests=3402 outputs=0 verdict=NO_OUTPUT_WITH_<=1_ROTATION [104s]
a=x33A idx=12 model=R states=63 depth0=2 depth1=61 owner_tests=3402 outputs=0 verdict=NO_OUTPUT_WITH_<=1_ROTATION [90s]
a=y3A idx=13 model=R states=63 depth0=2 depth1=61 owner_tests=3402 outputs=0 verdict=NO_OUTPUT_WITH_<=1_ROTATION [87s]
a=x11B idx=14 model=R states=53 depth0=2 depth1=51 owner_tests=2862 outputs=0 verdict=NO_OUTPUT_WITH_<=1_ROTATION [95s]
a=x12B idx=15 model=R states=51 depth0=2 depth1=49 owner_tests=2754 outputs=0 verdict=NO_OUTPUT_WITH_<=1_ROTATION [120s]
a=x13B idx=16 model=R states=51 depth0=2 depth1=49 owner_tests=2754 outputs=0 verdict=NO_OUTPUT_WITH_<=1_ROTATION [114s]
a=y1B idx=17 model=R states=51 depth0=2 depth1=49 owner_tests=2754 outputs=0 verdict=NO_OUTPUT_WITH_<=1_ROTATION [113s]
a=x21B idx=18 model=R states=59 depth0=2 depth1=57 owner_tests=3186 outputs=0 verdict=NO_OUTPUT_WITH_<=1_ROTATION [85s]
a=x22B idx=19 model=R states=57 depth0=2 depth1=55 owner_tests=3078 outputs=0 verdict=NO_OUTPUT_WITH_<=1_ROTATION [91s]
a=x23B idx=20 model=R states=57 depth0=2 depth1=55 owner_tests=3078 outputs=0 verdict=NO_OUTPUT_WITH_<=1_ROTATION [89s]
a=y2B idx=21 model=R states=57 depth0=2 depth1=55 owner_tests=3078 outputs=0 verdict=NO_OUTPUT_WITH_<=1_ROTATION [92s]
a=x31B idx=22 model=R states=65 depth0=2 depth1=63 owner_tests=3510 outputs=0 verdict=NO_OUTPUT_WITH_<=1_ROTATION [79s]
a=x32B idx=23 model=R states=63 depth0=2 depth1=61 owner_tests=3402 outputs=0 verdict=NO_OUTPUT_WITH_<=1_ROTATION [82s]
a=x33B idx=24 model=R states=63 depth0=2 depth1=61 owner_tests=3402 outputs=0 verdict=NO_OUTPUT_WITH_<=1_ROTATION [89s]
a=y3B idx=25 model=R states=63 depth0=2 depth1=61 owner_tests=3402 outputs=0 verdict=NO_OUTPUT_WITH_<=1_ROTATION [88s]
# finished in 2284s
