# command: python3 k4/cover_screen_run.py results/k4_certs_5_n4_4.json.gz --rand=500 --seed=4041 --f=1:99 --jobs=2 --out=results/k4_zmove/screen/n5_n4_4_r500.jsonl.gz
# source: k4/cover_screen.c sha1 ab163c8ff873cd9d5be3ce4d803d3714692f0e80
# cores 0:9846 rand=500 seed=4041 f=1:99 bt=None time=693.0s (this invocation)
f1_keys                                  396942
f2_keys                                  209748
f3_keys                                  37312
f4_keys                                  392
profiles                                 4923000
f1_omega>=1                              207605
f2_omega>=1                              52304
f3_omega>=1                              3062
f4_omega>=1                              14
configs_visited                          684696
f1_keys_noncompletable                   2
f2_keys_noncompletable                   8
f3_keys_noncompletable                   53
f4_keys_noncompletable                   8
f1_profiles_with_noncompletable          2
f2_profiles_with_noncompletable          5
f3_profiles_with_noncompletable          26
f4_profiles_with_noncompletable          1
profiles written: 34
