# command: python3 k4/dl2_classify.py suite --out=results/k4_dl2_classify/suite.jsonl.gz
adaptive-cover-multi4                    n=2 omega=0 f=0 minP=4 def>0: 0  k: []
adaptive-p1                              n=3 omega=0 f=0 minP=1 def>0: 0  k: []
adaptive-p3                              n=3 omega=0 f=0 minP=1 def>0: 0  k: []
c4-H1                                    n=5 omega=3 f=0 minP=574 def>0: 36  k: [1]
c4-exposure-deficit2-n2m5                n=2 omega=1 f=0 minP=10 def>0: 2  k: [1]
c4-exposure-earlier-block-n3m6           n=3 omega=1 f=1 minP=14 def>0: 0  k: []
c4-exposure-nonleader-n3m5               n=3 omega=-1 f=0 minP=2 def>0: 0  k: []
c4-g2-other-runs-n4m7                    n=4 omega=-1 f=0 minP=2 def>0: 0  k: []
c4-gadget-stacking-1copy-n3m6            n=3 omega=0 f=0 minP=1 def>0: 0  k: []
c4-gadget-stacking-2copies-n6m11         n=6 omega=-1 f=0 minP=1 def>0: 0  k: []
c4-lbplus-rotation-n3m6                  n=3 omega=0 f=0 minP=1 def>0: 0  k: []
c4-one-rotation-owner-r-n3m6             n=3 omega=1 f=1 minP=11 def>0: 0  k: []
c4-one-rotation-two4-n3m6                n=3 omega=0 f=0 minP=1 def>0: 0  k: []
c4-owner-last-n3m8                       n=3 omega=2 f=0 minP=48 def>0: 8  k: [1]
c4-pareto-moves-n3m6                     n=3 omega=0 f=0 minP=14 def>0: 0  k: []
c4min-moves-neither-n3-m9-n3c50          n=3 omega=4 f=1 minP=30 def>0: 6  k: [1]
c4min-nounfreeze-n2-m6                   n=2 omega=3 f=1 minP=7 def>0: 0  k: []
c4min-pareto-n3-m7                       n=3 omega=2 f=1 minP=14 def>0: 1  k: [1]
c4min-phi-n4-m8-n4pc72                   n=4 omega=2 f=2 minP=14 def>0: 0  k: []
c4min-phi-n4-m9-n43c274                  n=4 omega=3 f=2 minP=17 def>0: 1  k: [1]
c4min-r-alone-n3-m7                      n=3 omega=1 f=0 minP=36 def>0: 0  k: []
c4min-rlam-n3-m8-n3c46                   n=3 omega=3 f=1 minP=20 def>0: 1  k: [1]
c4min-tlam-n3-m6                         n=3 omega=2 f=2 minP=11 def>0: 3  k: [2]
c4min-tleximin-n4-m7                     n=4 omega=1 f=2 minP=7 def>0: 0  k: []
c4min-w0-n4-m11-n4pc217                  n=4 omega=5 f=2 minP=46 def>0: 4  k: [2]
c4one-one-rotation-m8                    n=5 omega=-1 f=1 minP=11 def>0: 0  k: []
c4one-one-rotation-m9                    n=5 omega=-1 f=0 minP=5 def>0: 0  k: []
c4one-realization-d1                     n=5 omega=-1 f=1 minP=6 def>0: 0  k: []
c4x-n2m5-base-needs                      n=2 omega=2 f=1 minP=8 def>0: 0  k: []
c4x-n2m5-frozen                          n=2 omega=1 f=0 minP=8 def>0: 1  k: [1]
c4x-n3m5-big-bases                       n=3 omega=0 f=1 minP=6 def>0: 0  k: []
c4x-n3m6-3good-first                     n=3 omega=2 f=2 minP=11 def>0: 3  k: [2]
c4x-n3m6-ef-bases                        n=3 omega=0 f=0 minP=12 def>0: 0  k: []
c4x-n3m6-onefour-a                       n=3 omega=2 f=2 minP=10 def>0: 2  k: [2]
c4x-n3m6-onefour-b                       n=3 omega=1 f=1 minP=13 def>0: 0  k: []
c4x-n3m8-leximin                         n=3 omega=3 f=1 minP=20 def>0: 3  k: [1]
c4x-n3m8-pure-top7                       n=3 omega=3 f=1 minP=36 def>0: 3  k: [1]
c4x-n4m7-frozen-slots-some               n=4 omega=2 f=3 minP=16 def>0: 4  k: [2]
count-n3m8                               n=3 omega=3 f=1 minP=24 def>0: 3  k: [1]
f1-bigtop-n3-m8-n3c46                    n=3 omega=3 f=1 minP=32 def>0: 3  k: [1]
gap-bt5-n5-m10-n53c7265                  n=5 omega=2 f=2 minP=23 def>0: 0  k: []
gap-btcyc-n4-m8-pure122                  n=4 omega=2 f=2 minP=20 def>0: 1  k: [1]
gap-f2-n4-m7-n42c93                      n=4 omega=1 f=2 minP=2 def>0: 0  k: []
gap-f2-n5-m8-n52c1748                    n=5 omega=1 f=3 minP=3 def>0: 0  k: []
gap-iiinor-n4-m8-n43c170                 n=4 omega=1 f=1 minP=24 def>0: 0  k: []
gap-iit0-n4-m8-n43c145                   n=4 omega=1 f=1 minP=9 def>0: 0  k: []
gap-iit0-n5-m10-n54c6724                 n=5 omega=1 f=1 minP=45 def>0: 0  k: []
gap-ipoollocal-n3-m8-n3c45               n=3 omega=3 f=1 minP=18 def>0: 0  k: []
gap-ipoollocal-n4-m9-n42c278             n=4 omega=3 f=2 minP=30 def>0: 0  k: []
gap-ipoollocal-n4-m9-n43c304             n=4 omega=3 f=2 minP=17 def>0: 1  k: [1]
gap-ipoollocal-n5-m12-n5pc4202           n=5 omega=4 f=2 minP=157 def>0: 21  k: [1]
gap-ipoolopt-n4-m10-n4pc197              n=4 omega=3 f=1 minP=24 def>0: 0  k: []
gap-ipoolopt-n4-m10-n4pc205              n=4 omega=4 f=2 minP=36 def>0: 4  k: [2]
gap-ipoolopt-n4-m9-n43c247               n=4 omega=3 f=2 minP=25 def>0: 0  k: []
gap-ipoolopt-n4-m9-n43c252               n=4 omega=3 f=2 minP=22 def>0: 0  k: []
gap-ipoolopt-n5-m11-n5pc3385             n=5 omega=3 f=2 minP=34 def>0: 0  k: []
gap-ipoolopt-n5-m12-n54c9458             n=5 omega=4 f=2 minP=40 def>0: 0  k: []
gap-itlocal-n3-m8-n3c46                  n=3 omega=3 f=1 minP=24 def>0: 3  k: [1]
gap-ivmax-n4-m8-n42c203                  n=4 omega=1 f=1 minP=2 def>0: 0  k: []
gap-ivmax-n4-m8-n43c167                  n=4 omega=1 f=1 minP=2 def>0: 0  k: []
gap-ivmax-n5-m9-n53c5848                 n=5 omega=1 f=2 minP=6 def>0: 0  k: []
gap-ivmax-n5-m9-n54c4018                 n=5 omega=1 f=2 minP=2 def>0: 0  k: []
gap-ivmax-n5-m9-n5pc1347                 n=5 omega=1 f=2 minP=3 def>0: 0  k: []
gap-ivsetting-n3-m6-n3c23                n=3 omega=1 f=1 minP=8 def>0: 1  k: [1]
gap-ivsetting-n4-m7-n41c75               n=4 omega=1 f=2 minP=8 def>0: 0  k: []
gap-ivsetting-n5-m8-n51c875              n=5 omega=1 f=3 minP=35 def>0: 0  k: []
gap-local-n3-m7-n3c43                    n=3 omega=2 f=1 minP=13 def>0: 1  k: [1]
gap-npo-n2-m6                            n=2 omega=3 f=1 minP=6 def>0: 0  k: []
gap-phi-n4-m10-pure183                   n=4 omega=4 f=2 minP=29 def>0: 4  k: [1]
gap-phi-n4-m8-pure104                    n=4 omega=2 f=2 minP=14 def>0: 1  k: [1]
gap-phi-w-n4-m10-pure178                 n=4 omega=4 f=2 minP=31 def>0: 5  k: [1, 2]
gap-phifirst-n4-m9-n4pc133               n=4 omega=3 f=2 minP=12 def>0: 0  k: []
gap-samen-n4-m8-n43c147                  n=4 omega=2 f=2 minP=12 def>0: 0  k: []
gap-t2-n4-m8-n42c204                     n=4 omega=1 f=1 minP=2 def>0: 0  k: []
gap-w-n2-m5                              n=2 omega=2 f=1 minP=6 def>0: 0  k: []
gap-w-n4-m10-pure179                     n=4 omega=4 f=2 minP=37 def>0: 1  k: [1]
gap-w-n4-m8-pure117                      n=4 omega=2 f=2 minP=16 def>0: 0  k: []
gap-w-n4-m8-pure120                      n=4 omega=2 f=2 minP=22 def>0: 0  k: []
gm4-A                                    n=4 omega=1 f=2 minP=8 def>0: 1  k: [1]
gm4-B                                    n=4 omega=1 f=2 minP=22 def>0: 1  k: [1]
gm4-C                                    n=4 omega=1 f=2 minP=10 def>0: 1  k: [1]
gm4-D                                    n=4 omega=1 f=2 minP=14 def>0: 1  k: [1]
gm4-E                                    n=4 omega=1 f=2 minP=14 def>0: 1  k: [1]
gm4-F                                    n=4 omega=1 f=2 minP=14 def>0: 1  k: [1]
gm4-G                                    n=4 omega=1 f=2 minP=8 def>0: 1  k: [1]
gm4-H                                    n=4 omega=0 f=2 minP=2 def>0: 0  k: []
gm4-P                                    n=4 omega=1 f=2 minP=11 def>0: 1  k: [1]
gm4-S                                    n=4 omega=0 f=2 minP=4 def>0: 0  k: []
hall-bestpair-core44                     n=3 omega=2 f=1 minP=12 def>0: 2  k: [1]
hall-bt4                                 n=4 omega=1 f=2 minP=20 def>0: 1  k: [1]
hall-btown-core46                        n=3 omega=3 f=1 minP=32 def>0: 3  k: [1]
hall-cyc6                                n=6 omega=3 f=0 minP=2676 def>0: 144  k: [1]
hall-local3                              n=3 omega=2 f=1 minP=19 def>0: 7  k: [1, 2]
induct-b-r0-pot-minvw                    n=2 omega=0 f=0 minP=4 def>0: 0  k: []
induct-b-r1                              n=3 omega=0 f=1 minP=5 def>0: 0  k: []
induct-b-r2                              n=4 omega=-1 f=0 minP=2 def>0: 0  k: []
induct-g-r0                              n=2 omega=0 f=0 minP=2 def>0: 0  k: []
induct-g-r1                              n=2 omega=1 f=0 minP=11 def>0: 4  k: [1, 2]
induct-g-r2                              n=3 omega=-1 f=0 minP=2 def>0: 0  k: []
induct-g-r3                              n=5 omega=-4 f=0 minP=2 def>0: 0  k: []
induct-gps-q4-a                          n=3 omega=-1 f=0 minP=1 def>0: 0  k: []
induct-gps-q4-b                          n=3 omega=0 f=1 minP=10 def>0: 0  k: []
induct-lbo-every-run                     n=4 omega=-2 f=1 minP=2 def>0: 0  k: []
induct-lbo-no-partial                    n=4 omega=-3 f=0 minP=2 def>0: 0  k: []
induct-lbo-no-rot                        n=4 omega=-3 f=0 minP=1 def>0: 0  k: []
induct-lbo-not-last                      n=5 omega=-1 f=0 minP=6 def>0: 0  k: []
induct-lbo-owner-only                    n=4 omega=-2 f=0 minP=1 def>0: 0  k: []
induct-pot-env-tiebreaks                 n=3 omega=-1 f=0 minP=1 def>0: 0  k: []
induct-pot-env                           n=3 omega=-1 f=0 minP=2 def>0: 0  k: []
induct-pot-envy                          n=3 omega=-1 f=1 minP=4 def>0: 0  k: []
induct-pot-maxvw                         n=3 omega=-2 f=0 minP=4 def>0: 0  k: []
induct-pot-nash                          n=3 omega=1 f=1 minP=2 def>0: 0  k: []
induct-pot-util                          n=3 omega=0 f=0 minP=4 def>0: 0  k: []
induct-q4-rules                          n=3 omega=-1 f=0 minP=3 def>0: 0  k: []
induct-v-pot-env-util                    n=2 omega=1 f=0 minP=13 def>0: 0  k: []
induct-v-r0                              n=2 omega=1 f=0 minP=7 def>0: 0  k: []
induct-v-r1                              n=3 omega=-1 f=0 minP=2 def>0: 0  k: []
induct-v-r3                              n=3 omega=1 f=1 minP=6 def>0: 0  k: []
lb4-fixed-insertion-n3m6                 n=3 omega=0 f=0 minP=1 def>0: 0  k: []
lb4-last-block-leader-index-n4m8         n=4 omega=0 f=0 minP=47 def>0: 0  k: []
lb4-last-block-leader-n4m8               n=4 omega=0 f=0 minP=28 def>0: 0  k: []
lb4-lbplus-ef-n3m6                       n=3 omega=0 f=0 minP=3 def>0: 0  k: []
lb4-n2m5-upgrade                         n=2 omega=1 f=0 minP=4 def>0: 2  k: [2]
lb4-no-rotation-n3m5                     n=3 omega=-1 f=0 minP=2 def>0: 0  k: []
lb4-owner-needs-from-base-n4m8           n=4 omega=2 f=2 minP=36 def>0: 4  k: [2]
lil-noncore-n3                           n=3 omega=4 f=1 minP=44 def>0: 20  k: [1, 2, 3]
lil-text-n3                              n=3 omega=2 f=1 minP=12 def>0: 2  k: [1]
lil-text-n4                              n=4 omega=2 f=1 minP=66 def>0: 0  k: []
ls-alt-rule-n4m7                         n=4 omega=-1 f=0 minP=2 def>0: 0  k: []
ls-clean-placement-n3m5                  n=3 omega=1 f=2 minP=7 def>0: 0  k: []
ls-dead-end-n4m7                         n=4 omega=0 f=1 minP=2 def>0: 0  k: []
ls-exchange-no-keep-n3m6                 n=3 omega=0 f=0 minP=4 def>0: 0  k: []
ls-no-exchange-n2m4                      n=2 omega=0 f=0 minP=2 def>0: 0  k: []
ls-one-pool-agent-n5m8                   n=5 omega=-2 f=0 minP=3 def>0: 0  k: []
ls-short-cycles-n3m5                     n=3 omega=-1 f=0 minP=1 def>0: 0  k: []
ls-simple-split-n4m6                     n=4 omega=-1 f=1 minP=4 def>0: 0  k: []
ls-single-dump-n4m7                      n=4 omega=0 f=1 minP=11 def>0: 0  k: []
lsp-bounded-coalitions-n4m7              n=4 omega=-1 f=0 minP=2 def>0: 0  k: []
lsp-early-stop-n4m7                      n=4 omega=0 f=1 minP=17 def>0: 0  k: []
nsw-local-n3m5                           n=3 omega=-1 f=0 minP=3 def>0: 0  k: []
nsw-strict-n4m8                          n=4 omega=1 f=1 minP=11 def>0: 0  k: []
nsw-strict-n4m9                          n=4 omega=1 f=0 minP=10 def>0: 0  k: []
red-a1-hopeless-key                      n=3 omega=1 f=1 minP=8 def>0: 2  k: [2]
red-a2-hstar                             n=3 omega=3 f=1 minP=36 def>0: 3  k: [1]
red-b1-blocked-improvement               n=4 omega=4 f=1 minP=116 def>0: 39  k: [1, 2]
red-key-without-t0                       n=3 omega=2 f=1 minP=26 def>0: 3  k: [2]
red-lil-nokeep-b                         n=3 omega=2 f=1 minP=14 def>0: 3  k: [1]
red-pm-offpath-hypothesis                n=3 omega=2 f=1 minP=24 def>0: 5  k: [1, 2]
profiles 148, def>0 states 379, errors 0, k histogram {1: 304, 2: 74, 3: 1}
