# command: python3 k4/f2_cc.py stuck k4/suite/.cache/sx/results/k4_sx/t3stage/keys.jsonl.gz
### stuck
  uncovered keys | C'+ at some maximum                                                                                     38
  uncovered keys | C+ at some maximum                                                                                      27
  uncovered keys | full at some maximum                                                                                    27
  uncovered keys | some maximum covered by C+ / C′+ | True                                                                 40
  uncovered maxima | C'+ applies | least k=0                                                                               57
  uncovered maxima | C'+ applies | least k=1                                                                               6
  uncovered maxima | first: C'+                                                                                            36
  uncovered maxima | C+ applies | least k=0                                                                                29
  uncovered maxima | C+ or C′+ applies | True                                                                              65
  uncovered maxima | first: C+                                                                                             29
  uncovered maxima | full applies | least k=0                                                                              29
  uncovered maxima | kinds | C'+ | owner a leaf | phi(a_k), now tau's                                                      21
  uncovered maxima | kinds | C'+ | owner a leaf | phi(w) of a frozen w off the move                                        32
  uncovered maxima | kinds | C'+ | owner a leaf | phi(x)                                                                   15
  uncovered maxima | kinds | C'+ | owner not a leaf | phi(w) of a frozen w off the move                                    12
  uncovered maxima | kinds | C'+ | owner x | phi(x)                                                                        42
  uncovered maxima | kinds | C+ | owner a leaf | (a*) | (H*)                                                               20
  uncovered maxima | kinds | C+ | owner a leaf | (a*) | not (H*)                                                           17
  uncovered maxima | kinds | full | owner a leaf                                                                           29
  uncovered maxima | least k over the lemmas that apply | 0                                                                65
  uncovered maxima | obstruction | C'+: Y safe, |Y| = omega+1, no good counted by Fact 3 | def(P′) <= 0 | third needers of phi(x): free 17
  uncovered maxima | obstruction | C'+: Y safe, |Y| = omega+1, no good counted by Fact 3 | def(P′) <= 0 | third needers of phi(x): free,free 1
  uncovered maxima | obstruction | C'+: Y safe, |Y| = omega+1, no good counted by Fact 3 | def(P′) <= 0 | third needers of phi(x): free,frozen 1
  uncovered maxima | obstruction | C'+: Y safe, |Y| = omega+1, no good counted by Fact 3 | def(P′) <= 0 | third needers of phi(x): frozen 1
  uncovered maxima | obstruction | C'+: Y safe, |Y| = omega+1, no good counted by Fact 3 | def(P′) <= 0 | third needers of phi(x): frozen,free 1
  uncovered maxima | obstruction | C'+: Y safe, |Y| = omega+1, no good counted by Fact 3 | def(P′) <= 0 | third needers of phi(x): none 64
  uncovered maxima | obstruction | C'+: Y safe, |Y| = omega+1, no good counted by Fact 3 | def(P′) > 0 | third needers of phi(x): free 5
  uncovered maxima | obstruction | C'+: Y safe, |Y| = omega+1, no good counted by Fact 3 | def(P′) > 0 | third needers of phi(x): free,frozen 1
  uncovered maxima | obstruction | C'+: Y safe, |Y| = omega+1, no good counted by Fact 3 | def(P′) > 0 | third needers of phi(x): frozen 1
  uncovered maxima | obstruction | C'+: Y safe, |Y| = omega+1, no good counted by Fact 3 | def(P′) > 0 | third needers of phi(x): frozen,free 1
  uncovered maxima | obstruction | C'+: Y safe, |Y| = omega+1, no good counted by Fact 3 | def(P′) > 0 | third needers of phi(x): none 8
  keys covered by A+ or B+ (PR #80)                                                                                        156
  keys def*>0                                                                                                              196
  keys uncovered by A+ and B+                                                                                              40
  profiles f=2                                                                                                             122
  profiles f=3                                                                                                             2
  uncovered maxima                                                                                                         65
  smallest [k=0 C'+ owner a leaf phi(w) of a frozen w off the move]: n=4 m=8 sets=[[0, 2, 4, 6], [0, 2, 5, 6], [1, 3, 4, 7], [1, 3, 5, 7]] vals=[[2, 3, 8, 4], [2, 3, 8, 4], [2, 3, 8, 4], [2, 3, 8, 4]] key=[4, 5, None, None] def*=1 config=Config(key=[4, 5, None, None], Q={2: [0, 7], 3: [1, 3]}, L=[2, 6]) P_Q=[[4], [5], [7], [1, 3]] def(P_Q)=1 why=None
  smallest [k=0 C'+ owner a leaf phi(x)]: n=4 m=10 sets=[[0, 2, 8, 9], [1, 4, 8, 9], [3, 5, 6, 7], [5, 6, 7, 9]] vals=[[4, 3, 2, 8], [3, 4, 2, 8], [3, 8, 4, 2], [8, 4, 2, 5]] key=[None, None, 5, 9] def*=1 config=Config(key=[None, None, 5, 9], Q={0: [0, 2], 1: [1, 4]}, L=[3, 6, 7, 8]) P_Q=[[0, 2], [1, 4], [5], [9]] def(P_Q)=1 why=None
  smallest [k=0 C'+ owner not a leaf phi(w) of a frozen w off the move]: n=4 m=8 sets=[[0, 2, 4, 6], [0, 2, 5, 6], [1, 3, 4, 7], [1, 3, 5, 7]] vals=[[2, 3, 8, 4], [2, 3, 8, 4], [2, 3, 8, 4], [2, 3, 8, 4]] key=[4, 5, None, None] def*=1 config=Config(key=[4, 5, None, None], Q={2: [0, 7], 3: [1, 3]}, L=[2, 6]) P_Q=[[4], [5], [7], [1, 3]] def(P_Q)=1 why=None
  smallest [k=0 C'+ owner x phi(x)]: n=4 m=8 sets=[[0, 2, 4, 6], [0, 2, 5, 6], [1, 3, 4, 7], [1, 3, 5, 7]] vals=[[2, 3, 8, 4], [2, 3, 8, 4], [2, 3, 8, 4], [2, 3, 8, 4]] key=[4, 5, None, None] def*=1 config=Config(key=[4, 5, None, None], Q={2: [0, 7], 3: [1, 3]}, L=[2, 6]) P_Q=[[4], [5], [7], [1, 3]] def(P_Q)=1 why=None
  smallest [k=0 C+ owner a leaf (a*) (H*)]: n=4 m=10 sets=[[0, 2, 8, 9], [1, 5, 8, 9], [3, 6, 7, 9], [4, 6, 7, 9]] vals=[[4, 3, 2, 8], [3, 4, 2, 8], [3, 2, 8, 4], [4, 2, 8, 5]] key=[None, None, 7, 9] def*=1 config=Config(key=[None, None, 7, 9], Q={0: [0, 2], 1: [1, 5]}, L=[3, 4, 6, 8]) P_Q=[[0, 2], [1, 5], [7], [9]] def(P_Q)=1 why=None
  smallest [k=0 C+ owner a leaf (a*) not (H*)]: n=4 m=9 sets=[[0, 2, 4, 8], [1, 3, 6, 7], [2, 3, 4, 5], [5, 6, 7, 8]] vals=[[2, 4, 3, 8], [3, 8, 4, 2], [4, 8, 3, 2], [2, 3, 6, 10]] key=[None, 3, None, 8] def*=1 config=Config(key=[None, 3, None, 8], Q={0: [0, 2], 2: [4, 5]}, L=[1, 6, 7]) P_Q=[[0, 2], [3], [4, 5], [8]] def(P_Q)=1 why=None
  smallest [k=0 full owner a leaf]: n=4 m=9 sets=[[0, 2, 4, 8], [1, 3, 6, 7], [2, 3, 4, 5], [5, 6, 7, 8]] vals=[[2, 4, 3, 8], [3, 8, 4, 2], [4, 8, 3, 2], [2, 3, 6, 10]] key=[None, 3, None, 8] def*=1 config=Config(key=[None, 3, None, 8], Q={0: [0, 2], 2: [4, 5]}, L=[1, 6, 7]) P_Q=[[0, 2], [3], [4, 5], [8]] def(P_Q)=1 why=None
  smallest [k=1 C'+ owner a leaf phi(a_k), now tau's]: n=4 m=10 sets=[[0, 2, 6, 7], [1, 4, 8, 9], [3, 5, 8, 9], [6, 7, 9]] vals=[[2, 3, 4, 8], [4, 3, 2, 8], [4, 3, 2, 8], [2, 4, 3]] key=[7, None, None, 9] def*=1 config=Config(key=[7, None, None, 9], Q={1: [1, 4], 2: [3, 5]}, L=[0, 2, 6, 8]) P_Q=[[7], [1, 4], [3, 5], [9]] def(P_Q)=1 why=None
  smallest [k=1 C'+ owner x phi(x)]: n=4 m=10 sets=[[0, 2, 6, 7], [1, 4, 8, 9], [3, 5, 8, 9], [6, 7, 9]] vals=[[2, 3, 4, 8], [4, 3, 2, 8], [4, 3, 2, 8], [2, 4, 3]] key=[7, None, None, 9] def*=1 config=Config(key=[7, None, None, 9], Q={1: [1, 4], 2: [3, 5]}, L=[0, 2, 6, 8]) P_Q=[[7], [1, 4], [3, 5], [9]] def(P_Q)=1 why=None
  smallest [k=1 C+ owner a leaf (a*) (H*)]: n=4 m=10 sets=[[0, 2, 5, 9], [1, 4, 8, 9], [3, 5, 6, 7], [6, 7, 8, 9]] vals=[[2, 4, 3, 8], [2, 4, 3, 8], [6, 2, 10, 3], [8, 3, 2, 4]] key=[None, None, 6, 9] def*=1 config=Config(key=[None, None, 6, 9], Q={0: [2, 5], 1: [4, 8]}, L=[0, 1, 3, 7]) P_Q=[[2, 5], [4, 8], [6], [9]] def(P_Q)=1 why=None
  smallest [k=1 C+ owner a leaf (a*) not (H*)]: n=4 m=10 sets=[[0, 2, 8, 9], [1, 5, 8, 9], [3, 6, 7, 9], [4, 6, 7, 9]] vals=[[4, 3, 2, 8], [3, 4, 2, 8], [2, 6, 10, 3], [4, 2, 8, 5]] key=[None, None, 7, 9] def*=1 config=Config(key=[None, None, 7, 9], Q={0: [0, 2], 1: [1, 5]}, L=[3, 4, 6, 8]) P_Q=[[0, 2], [1, 5], [7], [9]] def(P_Q)=1 why=None
  smallest [k=1 full owner a leaf]: n=4 m=10 sets=[[0, 2, 5, 9], [1, 4, 8, 9], [3, 5, 6, 7], [6, 7, 8, 9]] vals=[[2, 4, 3, 8], [2, 4, 3, 8], [6, 2, 10, 3], [8, 3, 2, 4]] key=[None, None, 6, 9] def*=1 config=Config(key=[None, None, 6, 9], Q={0: [2, 5], 1: [4, 8]}, L=[0, 1, 3, 7]) P_Q=[[2, 5], [4, 8], [6], [9]] def(P_Q)=1 why=None
# time 2.7 s
# no assertion failed
