# command: python3 k4/f2_lemmas.py results/k4_f2/shapes5_6.jsonl.gz
  A-S1 | Corollary 11.2+ applies where Corollary 9.1+ does not                                         3
  A-S1 | plain T3 exists | C1+                                                                         1650
  A-S1 | plain T3 exists | C11+                                                                        45
  A-S1 | plain T3 exists | C2+                                                                         83
  A-S1 | plain T3 exists | C3+                                                                         55
  A-S1 | plain T3 exists | C4+                                                                         2
  A-S1 | plain T3 exists | C8+                                                                         57
  A-S1 | plain T3 exists | certified by a plain (k = 0) corollary                                      1805
  A-S1 | plain T3 exists | only by a chain corollary (k >= 1)                                          87
  A-S1, every S1 triple theta-fails | Corollary 11.2+ (kappa swap) applies                             3
  A-S1, every S1 triple theta-fails | Corollary 11.2+ does not apply                                   290
  A-z | Corollary 11.2+ applies where Corollary 9.1+ does not                                          1
  A-z | plain T3 exists | C1+                                                                          88
  A-z | plain T3 exists | C3+                                                                          69
  A-z | plain T3 exists | C4+                                                                          1
  A-z | plain T3 exists | C8+                                                                          5
  A-z | plain T3 exists | certified by a plain (k = 0) corollary                                       63
  A-z | plain T3 exists | only by a chain corollary (k >= 1)                                           100
  B-S1c | chain-only | C1+                                                                             51
  B-S1c | chain-only | C3+                                                                             5
  B-S1c | chain-only | only by a chain corollary (k >= 1)                                              56
  B-S1c | plain T3 exists | C1+                                                                        88
  B-S1c | plain T3 exists | C2+                                                                        8
  B-S1c | plain T3 exists | C3+                                                                        22
  B-S1c | plain T3 exists | certified by a plain (k = 0) corollary                                     33
  B-S1c | plain T3 exists | only by a chain corollary (k >= 1)                                         85
  C | plain T3 exists | C2+                                                                            7
  C | plain T3 exists | C3+                                                                            15
  C | plain T3 exists | C8+                                                                            18
  C | plain T3 exists | certified by a plain (k = 0) corollary                                         11
  C | plain T3 exists | only by a chain corollary (k >= 1)                                             29
  chain-only | least |W| of an improving T3+ move = 1                                                  56
  chain-only | some improving chain is a path swap (need path)                                         56
  Lemma 6+ chain swaps checked                                                                         145777
  Lemma 8+ values checked                                                                              145777
  Lemma C compositions checked                                                                         4876
  Lemma P: a frozen agent without a need path (not T4-optimal)                                         0
  Proposition N: not T4-optimal, rotated to a T4-optimal state of equal deficit                        1
  states                                                                                               2269
  states f=2                                                                                           1415
  states f=3                                                                                           854
# no assertion failed
