# command: python3 k4/f2_shapes.py results/k4_gap/gap_n2.json.gz results/k4_gap/gap_n3.json.gz results/k4_gap/gap_n4_1.json.gz results/k4_gap/gap_n4_2_s4000.json.gz results/k4_gap/gap_n4_3_s4000.json.gz results/k4_gap/gap_n4_pure_s4000.json.gz results/k4_gap/gap_n5_1_s100.json.gz results/k4_gap/gap_n5_2_s100.json.gz results/k4_gap/gap_n5_3_s100.json.gz results/k4_gap/gap_n5_4_s100.json.gz results/k4_gap/gap_n5_pure_s100.json.gz results/k4_gap/hard_base.json.gz results/k4_gap/hard_hunt.json.gz results/k4_gap/hard_hunt_smallest.json.gz results/k4_gap/hunt_n4_2_all.json.gz results/k4_gap/hunt_n4_3_s400k.json.gz results/k4_gap/hunt_n4_pure_s400k.json.gz results/k4_gap/hunt_n5_3_s2000.json.gz results/k4_gap/hunt_n5_4_s2000.json.gz results/k4_gap/hunt_n5_pure_s2000.json.gz k4/suite/.cache/pr75/results/k4_dl13_stuck/stuck_certs_3_r2000.jsonl.gz k4/suite/.cache/pr75/results/k4_dl13_stuck/stuck_certs_4_n4_1_r100.jsonl.gz k4/suite/.cache/pr75/results/k4_dl13_stuck/stuck_certs_4_n4_2_r100.jsonl.gz k4/suite/.cache/pr75/results/k4_dl13_stuck/stuck_certs_4_n4_3_r100.jsonl.gz k4/suite/.cache/pr75/results/k4_dl13_stuck/stuck_certs_4_pure_r100.jsonl.gz k4/suite/.cache/pr75/results/k4_dl13_stuck/stuck_certs_5_n4_1_r4.jsonl.gz k4/suite/.cache/pr75/results/k4_dl13_stuck/stuck_certs_5_n4_2_r4.jsonl.gz k4/suite/.cache/pr75/results/k4_dl13_stuck/stuck_certs_5_n4_3_r4.jsonl.gz k4/suite/.cache/pr75/results/k4_dl13_stuck/stuck_certs_5_n4_4_r4.jsonl.gz k4/suite/.cache/pr75/results/k4_dl13_stuck/stuck_certs_5_pure_r4.jsonl.gz k4/suite/.cache/pr75/results/k4_dl13_stuck/stuck_gap_n3.jsonl.gz k4/suite/.cache/pr75/results/k4_dl13_stuck/stuck_gap_n4_1_e4.jsonl.gz k4/suite/.cache/pr75/results/k4_dl13_stuck/stuck_gap_n4_1_f2.jsonl.gz k4/suite/.cache/pr75/results/k4_dl13_stuck/stuck_gap_n4_2_s4000_e4.jsonl.gz k4/suite/.cache/pr75/results/k4_dl13_stuck/stuck_gap_n4_2_s4000_f2.jsonl.gz k4/suite/.cache/pr75/results/k4_dl13_stuck/stuck_gap_n4_3_s4000_e4.jsonl.gz k4/suite/.cache/pr75/results/k4_dl13_stuck/stuck_gap_n4_3_s4000_f2.jsonl.gz k4/suite/.cache/pr75/results/k4_dl13_stuck/stuck_gap_n4_pure_s4000_e4.jsonl.gz k4/suite/.cache/pr75/results/k4_dl13_stuck/stuck_gap_n4_pure_s4000_f2.jsonl.gz k4/suite/.cache/pr75/results/k4_dl13_stuck/stuck_gap_n5_1_s100_e20.jsonl.gz k4/suite/.cache/pr75/results/k4_dl13_stuck/stuck_gap_n5_1_s100_f2e4.jsonl.gz k4/suite/.cache/pr75/results/k4_dl13_stuck/stuck_gap_n5_2_s100_e20.jsonl.gz k4/suite/.cache/pr75/results/k4_dl13_stuck/stuck_gap_n5_2_s100_f2e4.jsonl.gz k4/suite/.cache/pr75/results/k4_dl13_stuck/stuck_gap_n5_3_s100_e20.jsonl.gz k4/suite/.cache/pr75/results/k4_dl13_stuck/stuck_gap_n5_3_s100_f2e4.jsonl.gz k4/suite/.cache/pr75/results/k4_dl13_stuck/stuck_gap_n5_4_s100_e20.jsonl.gz k4/suite/.cache/pr75/results/k4_dl13_stuck/stuck_gap_n5_4_s100_f2e4.jsonl.gz k4/suite/.cache/pr75/results/k4_dl13_stuck/stuck_gap_n5_pure_s100_e20.jsonl.gz k4/suite/.cache/pr75/results/k4_dl13_stuck/stuck_gap_n5_pure_s100_f2e4.jsonl.gz k4/suite/.cache/pr75/results/k4_dl13_stuck/stuck_hard_hunt.jsonl.gz k4/suite/.cache/pr75/results/k4_dl13_stuck/stuck_hunt_n4_2_all_e10.jsonl.gz k4/suite/.cache/pr75/results/k4_dl13_stuck/stuck_hunt_n4_3_s400k_e10.jsonl.gz k4/suite/.cache/pr75/results/k4_dl13_stuck/stuck_hunt_n4_3_s400k_f2.jsonl.gz k4/suite/.cache/pr75/results/k4_dl13_stuck/stuck_hunt_n4_pure_s400k_e10.jsonl.gz k4/suite/.cache/pr75/results/k4_dl13_stuck/stuck_hunt_n4_pure_s400k_f2.jsonl.gz k4/suite/.cache/pr75/results/k4_dl13_stuck/stuck_hunt_n5_3_s2000_e2.jsonl.gz k4/suite/.cache/pr75/results/k4_dl13_stuck/stuck_hunt_n5_4_s2000_e2.jsonl.gz k4/suite/.cache/pr75/results/k4_dl13_stuck/stuck_hunt_n5_pure_s2000_e2.jsonl.gz k4/suite/.cache/pr75/results/k4_dl13_stuck/stuck_suite.jsonl.gz k4/suite/.cache/pr75/results/k4_dl13_stuck/t4_certs_3_r2000.jsonl.gz k4/suite/.cache/pr75/results/k4_dl13_stuck/t4_certs_4_n4_1_r100.jsonl.gz k4/suite/.cache/pr75/results/k4_dl13_stuck/t4_certs_4_n4_2_r100.jsonl.gz k4/suite/.cache/pr75/results/k4_dl13_stuck/t4_certs_4_n4_3_r100.jsonl.gz k4/suite/.cache/pr75/results/k4_dl13_stuck/t4_certs_4_pure_r100.jsonl.gz k4/suite/.cache/pr75/results/k4_dl13_stuck/t4_failures_n4_1.jsonl.gz k4/suite/.cache/pr75/results/k4_dl13_stuck/t4_failures_n4_2.jsonl.gz k4/suite/.cache/pr75/results/k4_dl13_stuck/t4_failures_n4_3_s200b.jsonl.gz k4/suite/.cache/pr75/results/k4_dl13_stuck/t4_gap_n4_1_f2.jsonl.gz k4/suite/.cache/pr75/results/k4_dl13_stuck/t4_gap_n4_2_s4000_f2.jsonl.gz k4/suite/.cache/pr75/results/k4_dl13_stuck/t4_gap_n4_3_s4000_f2.jsonl.gz k4/suite/.cache/pr75/results/k4_dl13_stuck/t4_gap_n4_pure_s4000_f2.jsonl.gz k4/suite/.cache/pr75/results/k4_dl13_stuck/t4_gap_n5_1_s100_f2e4.jsonl.gz k4/suite/.cache/pr75/results/k4_dl13_stuck/t4_gap_n5_2_s100_f2e4.jsonl.gz k4/suite/.cache/pr75/results/k4_dl13_stuck/t4_gap_n5_3_s100_f2e4.jsonl.gz k4/suite/.cache/pr75/results/k4_dl13_stuck/t4_gap_n5_4_s100_f2e4.jsonl.gz k4/suite/.cache/pr75/results/k4_dl13_stuck/t4_gap_n5_pure_s100_f2e4.jsonl.gz k4/suite/.cache/pr75/results/k4_dl13_stuck/t4_hard_hunt.jsonl.gz k4/suite/.cache/pr75/results/k4_dl13_stuck/t4_hunt_n4_3_s400k_f2.jsonl.gz k4/suite/.cache/pr75/results/k4_dl13_stuck/t4_hunt_n4_pure_s400k_f2.jsonl.gz k4/suite/.cache/pr75/results/k4_dl13_stuck/t4_suite.jsonl.gz results/k4_dl13/dl134_xcheck_n4.jsonl.gz results/k4_dl13/dl134_xcheck_n5.jsonl.gz results/k4_dl13/dl134_xcheck_own.jsonl.gz results/k4_dl13/dump_n4_1.jsonl.gz results/k4_dl13/dump_n4_2.jsonl.gz results/k4_dl13/dump_n4_3_s200.jsonl.gz results/k4_dl13/dump_n4_3_s200b.jsonl.gz results/k4_dl13/dump_n4_pure_s200.jsonl.gz results/k4_dl13/dump_n4_pure_s200b.jsonl.gz results/k4_dl13/fails_all.jsonl.gz results/k4_dl13/fails_classified.jsonl.gz results/k4_dl13/fails_hunt_m6.jsonl.gz results/k4_dl13/fails_hunt_m8.jsonl.gz results/k4_dl13/fails_hunt_n5.jsonl.gz results/k4_dl13/hunt_n4_3_m6.jsonl.gz results/k4_dl13/hunt_n4_3_m8.jsonl.gz results/k4_dl13/hunt_n5.jsonl.gz results/k4_dl13/hunt_pure_m6.jsonl.gz results/k4_dl13/hunt_pure_m8.jsonl.gz results/k4_dl13/states_cat.jsonl.gz results/k4_dl13/states_ht.jsonl.gz results/k4_dl13/states_n3.jsonl.gz results/k4_dl13/states_nbhd123.jsonl.gz results/k4_dl13/states_rand.jsonl.gz results/k4_rt4/dump_a_failures.jsonl.gz results/k4_rt4/dump_a_nbhd123.jsonl.gz results/k4_rt4/dump_a_suite2.jsonl.gz results/k4_rt4/dump_b_n4_1.jsonl.gz results/k4_rt4/dump_c_n4_2.jsonl.gz results/k4_rt4/dump_d_cat_gap_n4_pure_s4000.jsonl.gz results/k4_rt4/dump_d_pure_s500_1.jsonl.gz results/k4_rt4/dump_d_pure_s500_2.jsonl.gz results/k4_rt4/dump_d_pure_s500_3.jsonl.gz results/k4_rt4/dump_e_n4_3_s500_1.jsonl.gz results/k4_rt4/dump_e_n4_3_s500_2.jsonl.gz results/k4_rt4/dump_e_n4_3_s500_3.jsonl.gz suite --exclude-ids=rt4-n5m9-chain,rt4-n5m10-chain --chunk=28/32 --out=results/k4_f2/shapes_7_28.jsonl.gz
# distinct profiles read: 2480
T3-stage                                                                                             1120
T3-stage f=2                                                                                         1120
T3-stage not T4-optimal                                                                              1
case A-S1                                                                                            930
case A-S1 thetas ok                                                                                  618
case A-S1 thetas ok/theta-a                                                                          122
case A-S1 thetas ok/theta-b                                                                          46
case A-S1 thetas theta-b                                                                             144
case A-S1 | x roles of the plain T3 repairs -/SB                                                     83
case A-S1 | x roles of the plain T3 repairs BL/SB                                                    67
case A-S1 | x roles of the plain T3 repairs EX/SB                                                    5
case A-S1 | x roles of the plain T3 repairs SB                                                       775
case A-z                                                                                             185
case A-z | x roles of the plain T3 repairs -/SB                                                      44
case A-z | x roles of the plain T3 repairs BL/SB                                                     22
case A-z | x roles of the plain T3 repairs EX/SB                                                     18
case A-z | x roles of the plain T3 repairs SB                                                        101
case C                                                                                               5
case C | x roles of the plain T3 repairs BL                                                          5
cert C1 | case A-S1                                                                                  786
cert C2 | case A-S1                                                                                  40
cert C3 | case A-z                                                                                   19
cert none | case A-S1                                                                                104
cert none | case A-z                                                                                 166
cert none | case C                                                                                   5
def>0 states                                                                                         7711
keys def*>0                                                                                          974
profiles                                                                                             2480
profiles f=2 n=4                                                                                     2314
profiles f=3 n=4                                                                                     47
profiles f>=2, omega>=1                                                                              2361
repair sig | case A-S1 | k=0 - z - best'=O*                                                          16
repair sig | case A-S1 | k=0 - z - best'=O*x                                                         1
repair sig | case A-S1 | k=0 - z - best'=x                                                           3
repair sig | case A-S1 | k=0 - z h best'=h                                                           35
repair sig | case A-S1 | k=0 - z=best - best'=O                                                      20
repair sig | case A-S1 | k=0 - z=best - best'=O*                                                     35
repair sig | case A-S1 | k=0 - z=best h best'=h                                                      13
repair sig | case A-S1 | k=0 - z=best h best'=x                                                      4
repair sig | case A-S1 | k=0 BL z - best'=O*                                                         15
repair sig | case A-S1 | k=0 BL z h best'=h                                                          15
repair sig | case A-S1 | k=0 BL z=best - best'=O                                                     15
repair sig | case A-S1 | k=0 BL z=best - best'=O*                                                    52
repair sig | case A-S1 | k=0 BL z=best h best'=h                                                     22
repair sig | case A-S1 | k=0 EX z - best'=O*                                                         5
repair sig | case A-S1 | k=0 EX z h best'=h                                                          5
repair sig | case A-S1 | k=0 EX z=best - best'=O                                                     1
repair sig | case A-S1 | k=0 EX z=best h best'=h                                                     5
repair sig | case A-S1 | k=0 SB z - best'=O*                                                         21
repair sig | case A-S1 | k=0 SB z - best'=O*x                                                        44
repair sig | case A-S1 | k=0 SB z - best'=x                                                          17
repair sig | case A-S1 | k=0 SB z h best'=h                                                          15
repair sig | case A-S1 | k=0 SB z h best'=hx                                                         20
repair sig | case A-S1 | k=0 SB z h best'=x                                                          48
repair sig | case A-S1 | k=0 SB z=best - best'=O                                                     10
repair sig | case A-S1 | k=0 SB z=best - best'=O*                                                    389
repair sig | case A-S1 | k=0 SB z=best - best'=O*x                                                   590
repair sig | case A-S1 | k=0 SB z=best - best'=Ox                                                    36
repair sig | case A-S1 | k=0 SB z=best - best'=x                                                     520
repair sig | case A-S1 | k=0 SB z=best h best'=h                                                     307
repair sig | case A-S1 | k=0 SB z=best h best'=hx                                                    471
repair sig | case A-S1 | k=0 SB z=best h best'=x                                                     243
repair sig | case A-S1 | k=1 - z=best - best'=O*                                                     3
repair sig | case A-S1 | k=1 - z=best - best'=O*x                                                    13
repair sig | case A-S1 | k=1 - z=best - best'=x                                                      12
repair sig | case A-S1 | k=1 - z=best h best'=hx                                                     3
repair sig | case A-S1 | k=1 - z=best h best'=x                                                      15
repair sig | case A-S1 | k=1 BL z=best - best'=O*                                                    17
repair sig | case A-S1 | k=1 BL z=best - best'=O*x                                                   46
repair sig | case A-S1 | k=1 BL z=best - best'=x                                                     19
repair sig | case A-S1 | k=1 BL z=best h best'=h                                                     46
repair sig | case A-S1 | k=1 BL z=best h best'=hx                                                    46
repair sig | case A-S1 | k=1 BL z=best h best'=x                                                     43
repair sig | case A-S1 | k=1 SB z - best'=O*                                                         1
repair sig | case A-S1 | k=1 SB z - best'=O*x                                                        73
repair sig | case A-S1 | k=1 SB z - best'=x                                                          15
repair sig | case A-S1 | k=1 SB z h best'=h                                                          6
repair sig | case A-S1 | k=1 SB z h best'=hx                                                         7
repair sig | case A-S1 | k=1 SB z h best'=x                                                          78
repair sig | case A-S1 | k=1 SB z=best - best'=O                                                     1
repair sig | case A-S1 | k=1 SB z=best - best'=O*                                                    266
repair sig | case A-S1 | k=1 SB z=best - best'=O*x                                                   483
repair sig | case A-S1 | k=1 SB z=best - best'=Ox                                                    14
repair sig | case A-S1 | k=1 SB z=best - best'=x                                                     680
repair sig | case A-S1 | k=1 SB z=best h best'=h                                                     118
repair sig | case A-S1 | k=1 SB z=best h best'=hx                                                    374
repair sig | case A-S1 | k=1 SB z=best h best'=x                                                     487
repair sig | case A-z | k=0 - z - best'=O*                                                           25
repair sig | case A-z | k=0 - z h best'=h                                                            25
repair sig | case A-z | k=0 - z=best - best'=O                                                       31
repair sig | case A-z | k=0 - z=best h best'=h                                                       5
repair sig | case A-z | k=0 - z=best h best'=hx                                                      1
repair sig | case A-z | k=0 - z=best h best'=x                                                       3
repair sig | case A-z | k=0 BL z - best'=O*                                                          17
repair sig | case A-z | k=0 BL z h best'=h                                                           17
repair sig | case A-z | k=0 BL z=best - best'=O                                                      17
repair sig | case A-z | k=0 BL z=best - best'=O*                                                     5
repair sig | case A-z | k=0 BL z=best h best'=h                                                      5
repair sig | case A-z | k=0 EX z - best'=O*                                                          18
repair sig | case A-z | k=0 EX z h best'=h                                                           17
repair sig | case A-z | k=0 EX z h best'=hx                                                          1
repair sig | case A-z | k=0 EX z h best'=x                                                           1
repair sig | case A-z | k=0 EX z=best - best'=O                                                      6
repair sig | case A-z | k=0 EX z=best h best'=h                                                      17
repair sig | case A-z | k=0 SB z - best'=O*                                                          128
repair sig | case A-z | k=0 SB z - best'=O*x                                                         33
repair sig | case A-z | k=0 SB z - best'=x                                                           7
repair sig | case A-z | k=0 SB z h best'=h                                                           129
repair sig | case A-z | k=0 SB z h best'=hx                                                          108
repair sig | case A-z | k=0 SB z h best'=x                                                           51
repair sig | case A-z | k=0 SB z=best - best'=O*                                                     5
repair sig | case A-z | k=0 SB z=best h best'=h                                                      5
repair sig | case A-z | k=0 SB z=best h best'=hx                                                     5
repair sig | case A-z | k=1 EX z - best'=O*                                                          1
repair sig | case A-z | k=1 EX z h best'=hx                                                          1
repair sig | case A-z | k=1 EX z h best'=x                                                           1
repair sig | case A-z | k=1 SB z - best'=O*                                                          94
repair sig | case A-z | k=1 SB z - best'=O*x                                                         66
repair sig | case A-z | k=1 SB z h best'=h                                                           95
repair sig | case A-z | k=1 SB z h best'=hx                                                          62
repair sig | case A-z | k=1 SB z h best'=x                                                           66
repair sig | case A-z | k=1 SB z=best - best'=O                                                      5
repair sig | case A-z | k=1 SB z=best - best'=O*                                                     1
repair sig | case A-z | k=1 SB z=best - best'=O*x                                                    5
repair sig | case A-z | k=1 SB z=best - best'=Ox                                                     28
repair sig | case A-z | k=1 SB z=best - best'=x                                                      146
repair sig | case A-z | k=1 SB z=best h best'=h                                                      1
repair sig | case A-z | k=1 SB z=best h best'=hx                                                     2
repair sig | case A-z | k=1 SB z=best h best'=x                                                      78
repair sig | case C | k=0 BL z - best'=O*                                                            5
repair sig | case C | k=0 BL z h best'=h                                                             5
repair sig | case C | k=0 BL z=best - best'=O                                                        5
repair sig | case C | k=0 BL z=best h best'=h                                                        5
repair sig | case C | k=0 BL z=best h best'=hx                                                       5
repair sig | case C | k=1 BL z - best'=O*                                                            1
repair sig | case C | k=1 BL z - best'=O*x                                                           4
repair sig | case C | k=1 BL z h best'=h                                                             1
repair sig | case C | k=1 BL z h best'=hx                                                            1
repair sig | case C | k=1 BL z h best'=x                                                             4
repair sig | case C | k=1 BL z=best - best'=O                                                        1
repair sig | case C | k=1 BL z=best - best'=Ox                                                       4
repair sig | case C | k=1 BL z=best h best'=h                                                        1
repair sig | case C | k=1 BL z=best h best'=hx                                                       1
repair sig | case C | k=1 BL z=best h best'=x                                                        4
smallest case A-S1                                n=4 m=8 hunt_pure_m8.jsonl.gz sets=[[0, 2, 4, 7], [1, 5, 6, 7], [3, 5, 6, 7], [4, 5, 6, 7]] vals=[[4, 6, 5, 8], [4, 3, 2, 8], [3, 2, 10, 6], [2, 4, 10, 7]] P=[[7], [1], [3], [6]]
smallest case A-S1 thetas ok                      n=4 m=8 hunt_pure_m8.jsonl.gz sets=[[0, 2, 4, 7], [1, 5, 6, 7], [3, 5, 6, 7], [4, 5, 6, 7]] vals=[[4, 6, 5, 8], [4, 3, 2, 8], [3, 2, 10, 6], [2, 4, 10, 7]] P=[[7], [1], [3], [6]]
smallest case A-S1 thetas ok/theta-a              n=4 m=8 hunt_pure_m8.jsonl.gz sets=[[0, 2, 6, 7], [1, 3, 6, 7], [3, 4, 5, 7], [4, 5, 6, 7]] vals=[[4, 2, 5, 8], [3, 2, 10, 6], [8, 3, 6, 10], [2, 3, 8, 4]] P=[[6], [1], [7], [5]]
smallest case A-S1 thetas ok/theta-b              n=4 m=8 hunt_pure_m8.jsonl.gz sets=[[0, 5, 6, 7], [1, 2, 3, 4], [1, 3, 5, 7], [2, 4, 6, 7]] vals=[[3, 4, 2, 8], [6, 2, 3, 10], [4, 2, 3, 8], [2, 8, 4, 5]] P=[[0, 6], [4], [1], [7]]
smallest case A-S1 thetas theta-b                 n=4 m=8 hunt_pure_m8.jsonl.gz sets=[[0, 5, 6, 7], [1, 2, 3, 4], [1, 3, 5, 7], [2, 4, 6, 7]] vals=[[3, 4, 2, 8], [6, 2, 3, 10], [4, 2, 3, 8], [2, 8, 4, 5]] P=[[5], [4], [1], [7]]
smallest case A-z                                 n=4 m=8 hunt_pure_m8.jsonl.gz sets=[[0, 2, 4, 7], [1, 5, 6, 7], [3, 5, 6, 7], [4, 5, 6, 7]] vals=[[4, 6, 5, 8], [3, 8, 4, 2], [4, 7, 2, 8], [2, 6, 3, 10]] P=[[7], [1, 6], [3], [5]]
smallest case C                                   n=4 m=8 hunt_pure_m8.jsonl.gz sets=[[0, 2, 6, 7], [1, 3, 6, 7], [3, 4, 5, 7], [4, 5, 6, 7]] vals=[[4, 2, 7, 8], [3, 2, 8, 4], [3, 5, 6, 7], [5, 4, 6, 8]] P=[[0, 2], [1, 3], [7], [6]]
smallest uncertified case A-S1                    n=4 m=8 hunt_pure_m8.jsonl.gz sets=[[0, 5, 6, 7], [1, 2, 3, 4], [1, 3, 5, 7], [2, 4, 6, 7]] vals=[[3, 4, 2, 8], [6, 2, 3, 10], [4, 2, 3, 8], [2, 8, 4, 5]] P=[[5], [4], [1, 3], [7]]
smallest uncertified case A-z                     n=4 m=8 hunt_pure_m8.jsonl.gz sets=[[0, 2, 4, 7], [1, 5, 6, 7], [3, 5, 6, 7], [4, 5, 6, 7]] vals=[[4, 6, 5, 8], [3, 8, 4, 2], [4, 7, 2, 8], [2, 6, 3, 10]] P=[[7], [1, 6], [3], [5]]
smallest uncertified case C                       n=4 m=8 hunt_pure_m8.jsonl.gz sets=[[0, 2, 6, 7], [1, 3, 6, 7], [3, 4, 5, 7], [4, 5, 6, 7]] vals=[[4, 2, 7, 8], [3, 2, 8, 4], [3, 5, 6, 7], [5, 4, 6, 8]] P=[[0, 2], [1, 3], [7], [6]]
# done
