# command: python3 k4/f2_shapes.py results/k4_rt4/dump_n5b_3.jsonl.gz results/k4_rt4/dump_n5b_3bt.jsonl.gz results/k4_rt4/dump_n5b_4.jsonl.gz results/k4_rt4/dump_n5b_4bt.jsonl.gz results/k4_rt4/dump_n5c_purebt.jsonl.gz results/k4_rt4/dump_n5c_pure.jsonl.gz --t3br --chunk=7/8 --out=results/k4_f2/shapes5_7.jsonl.gz
# distinct profiles read: 238
T3-stage                                                                                             2833
T3-stage f=2                                                                                         2313
T3-stage f=3                                                                                         520
T3-stage not T4-optimal                                                                              34
case A-S1                                                                                            2592
case A-S1 thetas ok                                                                                  1065
case A-S1 thetas ok/theta-a                                                                          26
case A-S1 thetas ok/theta-b                                                                          1169
case A-S1 thetas theta-a                                                                             6
case A-S1 thetas theta-b                                                                             326
case A-S1 | x roles of the plain T3 repairs -/BL/SB                                                  1
case A-S1 | x roles of the plain T3 repairs -/EX/SB                                                  2
case A-S1 | x roles of the plain T3 repairs -/SB                                                     316
case A-S1 | x roles of the plain T3 repairs BL/SB                                                    76
case A-S1 | x roles of the plain T3 repairs EX/SB                                                    197
case A-S1 | x roles of the plain T3 repairs SB                                                       2000
case A-z                                                                                             121
case A-z | every repair has a helper                                                                 1
case A-z | x roles of the plain T3 repairs -/BL/SB                                                   1
case A-z | x roles of the plain T3 repairs -/SB                                                      19
case A-z | x roles of the plain T3 repairs BL/SB                                                     15
case A-z | x roles of the plain T3 repairs EX                                                        1
case A-z | x roles of the plain T3 repairs EX/SB                                                     34
case A-z | x roles of the plain T3 repairs SB                                                        51
case B-S1c                                                                                           93
case B-S1c | x roles of the plain T3 repairs -                                                       35
case B-S1c | x roles of the plain T3 repairs BL                                                      1
case B-S1c | x roles of the plain T3 repairs EX                                                      57
case B-S1c, frozen agents on the shortest need paths [1]                                             93
case C                                                                                               27
case C | x roles of the plain T3 repairs BL                                                          26
case C | x roles of the plain T3 repairs BL/EX                                                       1
cert C1 | case A-S1                                                                                  2260
cert C2 | case A-S1                                                                                  61
cert C2 | case A-z                                                                                   10
cert C2 | case B-S1c                                                                                 2
cert C3 | case A-S1                                                                                  13
cert C3 | case A-z                                                                                   19
cert C3 | case C                                                                                     20
cert none | case A-S1                                                                                258
cert none | case A-z                                                                                 92
cert none | case B-S1c                                                                               91
cert none | case C                                                                                   7
def>0 states                                                                                         4301
keys def*>0                                                                                          365
profiles                                                                                             238
profiles f=2 n=5                                                                                     145
profiles f=3 n=5                                                                                     93
profiles f>=2, omega>=1                                                                              238
repair sig | case A-S1 | k=0 - z - best'=O                                                           2
repair sig | case A-S1 | k=0 - z - best'=O*                                                          97
repair sig | case A-S1 | k=0 - z h best'=O                                                           1
repair sig | case A-S1 | k=0 - z h best'=O*                                                          23
repair sig | case A-S1 | k=0 - z h best'=O*h                                                         37
repair sig | case A-S1 | k=0 - z h best'=h                                                           85
repair sig | case A-S1 | k=0 - z=best - best'=O                                                      27
repair sig | case A-S1 | k=0 - z=best - best'=O*                                                     186
repair sig | case A-S1 | k=0 - z=best h best'=O                                                      2
repair sig | case A-S1 | k=0 - z=best h best'=O*                                                     18
repair sig | case A-S1 | k=0 - z=best h best'=O*h                                                    4
repair sig | case A-S1 | k=0 - z=best h best'=O*hx                                                   2
repair sig | case A-S1 | k=0 - z=best h best'=O*x                                                    3
repair sig | case A-S1 | k=0 - z=best h best'=Oh                                                     1
repair sig | case A-S1 | k=0 - z=best h best'=h                                                      85
repair sig | case A-S1 | k=0 - z=best h best'=hx                                                     1
repair sig | case A-S1 | k=0 - z=best h best'=x                                                      1
repair sig | case A-S1 | k=0 BL z - best'=O*                                                         3
repair sig | case A-S1 | k=0 BL z h best'=O*h                                                        2
repair sig | case A-S1 | k=0 BL z h best'=hx                                                         1
repair sig | case A-S1 | k=0 BL z h best'=x                                                          1
repair sig | case A-S1 | k=0 BL z=best - best'=O                                                     3
repair sig | case A-S1 | k=0 BL z=best - best'=O*                                                    58
repair sig | case A-S1 | k=0 BL z=best - best'=O*x                                                   15
repair sig | case A-S1 | k=0 BL z=best - best'=Ox                                                    1
repair sig | case A-S1 | k=0 BL z=best - best'=x                                                     7
repair sig | case A-S1 | k=0 BL z=best h best'=O                                                     8
repair sig | case A-S1 | k=0 BL z=best h best'=O*                                                    25
repair sig | case A-S1 | k=0 BL z=best h best'=O*h                                                   11
repair sig | case A-S1 | k=0 BL z=best h best'=O*hx                                                  9
repair sig | case A-S1 | k=0 BL z=best h best'=O*x                                                   14
repair sig | case A-S1 | k=0 BL z=best h best'=h                                                     23
repair sig | case A-S1 | k=0 BL z=best h best'=hx                                                    9
repair sig | case A-S1 | k=0 BL z=best h best'=x                                                     13
repair sig | case A-S1 | k=0 EX z - best'=O*                                                         44
repair sig | case A-S1 | k=0 EX z - best'=O*x                                                        8
repair sig | case A-S1 | k=0 EX z - best'=x                                                          11
repair sig | case A-S1 | k=0 EX z h best'=O                                                          8
repair sig | case A-S1 | k=0 EX z h best'=O*                                                         31
repair sig | case A-S1 | k=0 EX z h best'=O*h                                                        21
repair sig | case A-S1 | k=0 EX z h best'=O*x                                                        3
repair sig | case A-S1 | k=0 EX z h best'=Oh                                                         5
repair sig | case A-S1 | k=0 EX z h best'=Ohx                                                        11
repair sig | case A-S1 | k=0 EX z h best'=Ox                                                         3
repair sig | case A-S1 | k=0 EX z h best'=h                                                          4
repair sig | case A-S1 | k=0 EX z h best'=hx                                                         7
repair sig | case A-S1 | k=0 EX z h best'=x                                                          33
repair sig | case A-S1 | k=0 EX z=best - best'=O                                                     36
repair sig | case A-S1 | k=0 EX z=best - best'=O*                                                    22
repair sig | case A-S1 | k=0 EX z=best - best'=OO*                                                   6
repair sig | case A-S1 | k=0 EX z=best h best'=O                                                     43
repair sig | case A-S1 | k=0 EX z=best h best'=O*                                                    32
repair sig | case A-S1 | k=0 EX z=best h best'=O*h                                                   9
repair sig | case A-S1 | k=0 EX z=best h best'=O*hx                                                  11
repair sig | case A-S1 | k=0 EX z=best h best'=O*x                                                   31
repair sig | case A-S1 | k=0 EX z=best h best'=Oh                                                    24
repair sig | case A-S1 | k=0 EX z=best h best'=Ohx                                                   8
repair sig | case A-S1 | k=0 EX z=best h best'=Ox                                                    3
repair sig | case A-S1 | k=0 EX z=best h best'=h                                                     48
repair sig | case A-S1 | k=0 EX z=best h best'=x                                                     64
repair sig | case A-S1 | k=0 SB z - best'=O                                                          4
repair sig | case A-S1 | k=0 SB z - best'=O*                                                         553
repair sig | case A-S1 | k=0 SB z - best'=O*x                                                        240
repair sig | case A-S1 | k=0 SB z - best'=OO*                                                        12
repair sig | case A-S1 | k=0 SB z - best'=OO*x                                                       4
repair sig | case A-S1 | k=0 SB z - best'=Ox                                                         2
repair sig | case A-S1 | k=0 SB z - best'=x                                                          50
repair sig | case A-S1 | k=0 SB z h best'=O                                                          12
repair sig | case A-S1 | k=0 SB z h best'=O*                                                         253
repair sig | case A-S1 | k=0 SB z h best'=O*h                                                        282
repair sig | case A-S1 | k=0 SB z h best'=O*hx                                                       288
repair sig | case A-S1 | k=0 SB z h best'=O*x                                                        154
repair sig | case A-S1 | k=0 SB z h best'=Oh                                                         15
repair sig | case A-S1 | k=0 SB z h best'=Ohx                                                        110
repair sig | case A-S1 | k=0 SB z h best'=Ox                                                         40
repair sig | case A-S1 | k=0 SB z h best'=h                                                          226
repair sig | case A-S1 | k=0 SB z h best'=hx                                                         176
repair sig | case A-S1 | k=0 SB z h best'=x                                                          436
repair sig | case A-S1 | k=0 SB z=best - best'=O                                                     63
repair sig | case A-S1 | k=0 SB z=best - best'=O*                                                    1161
repair sig | case A-S1 | k=0 SB z=best - best'=O*x                                                   1414
repair sig | case A-S1 | k=0 SB z=best - best'=OO*                                                   42
repair sig | case A-S1 | k=0 SB z=best - best'=OO*x                                                  606
repair sig | case A-S1 | k=0 SB z=best - best'=Ox                                                    280
repair sig | case A-S1 | k=0 SB z=best - best'=x                                                     1185
repair sig | case A-S1 | k=0 SB z=best h best'=O                                                     82
repair sig | case A-S1 | k=0 SB z=best h best'=O*                                                    829
repair sig | case A-S1 | k=0 SB z=best h best'=O*h                                                   468
repair sig | case A-S1 | k=0 SB z=best h best'=O*hx                                                  1037
repair sig | case A-S1 | k=0 SB z=best h best'=O*x                                                   821
repair sig | case A-S1 | k=0 SB z=best h best'=Oh                                                    72
repair sig | case A-S1 | k=0 SB z=best h best'=Ohx                                                   808
repair sig | case A-S1 | k=0 SB z=best h best'=Ox                                                    207
repair sig | case A-S1 | k=0 SB z=best h best'=h                                                     1314
repair sig | case A-S1 | k=0 SB z=best h best'=hx                                                    1301
repair sig | case A-S1 | k=0 SB z=best h best'=x                                                     933
repair sig | case A-S1 | k=0+cyc SB z - best'=O*                                                     18
repair sig | case A-S1 | k=0+cyc SB z - best'=O*x                                                    36
repair sig | case A-S1 | k=0+cyc SB z h best'=h                                                      18
repair sig | case A-S1 | k=0+cyc SB z h best'=hx                                                     18
repair sig | case A-S1 | k=0+cyc SB z h best'=x                                                      18
repair sig | case A-S1 | k=0+cyc SB z=best - best'=O*                                                37
repair sig | case A-S1 | k=0+cyc SB z=best - best'=O*x                                               65
repair sig | case A-S1 | k=0+cyc SB z=best - best'=Ox                                                12
repair sig | case A-S1 | k=0+cyc SB z=best - best'=x                                                 139
repair sig | case A-S1 | k=0+cyc SB z=best h best'=h                                                 34
repair sig | case A-S1 | k=0+cyc SB z=best h best'=hx                                                34
repair sig | case A-S1 | k=0+cyc SB z=best h best'=x                                                 34
repair sig | case A-S1 | k=1 - z - best'=O*                                                          41
repair sig | case A-S1 | k=1 - z h best'=O*                                                          1
repair sig | case A-S1 | k=1 - z h best'=O*h                                                         1
repair sig | case A-S1 | k=1 - z h best'=O*hx                                                        1
repair sig | case A-S1 | k=1 - z h best'=h                                                           38
repair sig | case A-S1 | k=1 - z h best'=hx                                                          4
repair sig | case A-S1 | k=1 - z h best'=x                                                           4
repair sig | case A-S1 | k=1 - z=best - best'=O                                                      15
repair sig | case A-S1 | k=1 - z=best - best'=O*                                                     207
repair sig | case A-S1 | k=1 - z=best - best'=O*x                                                    26
repair sig | case A-S1 | k=1 - z=best - best'=Ox                                                     4
repair sig | case A-S1 | k=1 - z=best - best'=x                                                      7
repair sig | case A-S1 | k=1 - z=best h best'=O*                                                     95
repair sig | case A-S1 | k=1 - z=best h best'=O*h                                                    78
repair sig | case A-S1 | k=1 - z=best h best'=O*hx                                                   48
repair sig | case A-S1 | k=1 - z=best h best'=O*x                                                    64
repair sig | case A-S1 | k=1 - z=best h best'=h                                                      109
repair sig | case A-S1 | k=1 - z=best h best'=hx                                                     41
repair sig | case A-S1 | k=1 - z=best h best'=x                                                      31
repair sig | case A-S1 | k=1 BL z - best'=O*                                                         10
repair sig | case A-S1 | k=1 BL z - best'=O*x                                                        17
repair sig | case A-S1 | k=1 BL z - best'=x                                                          15
repair sig | case A-S1 | k=1 BL z h best'=O*                                                         9
repair sig | case A-S1 | k=1 BL z h best'=O*h                                                        6
repair sig | case A-S1 | k=1 BL z h best'=O*hx                                                       14
repair sig | case A-S1 | k=1 BL z h best'=O*x                                                        6
repair sig | case A-S1 | k=1 BL z h best'=h                                                          6
repair sig | case A-S1 | k=1 BL z h best'=hx                                                         1
repair sig | case A-S1 | k=1 BL z h best'=x                                                          20
repair sig | case A-S1 | k=1 BL z=best - best'=O                                                     10
repair sig | case A-S1 | k=1 BL z=best - best'=O*                                                    77
repair sig | case A-S1 | k=1 BL z=best - best'=O*x                                                   56
repair sig | case A-S1 | k=1 BL z=best - best'=OO*                                                   4
repair sig | case A-S1 | k=1 BL z=best - best'=OO*x                                                  10
repair sig | case A-S1 | k=1 BL z=best - best'=Ox                                                    5
repair sig | case A-S1 | k=1 BL z=best - best'=x                                                     36
repair sig | case A-S1 | k=1 BL z=best h best'=O                                                     10
repair sig | case A-S1 | k=1 BL z=best h best'=O*                                                    43
repair sig | case A-S1 | k=1 BL z=best h best'=O*h                                                   31
repair sig | case A-S1 | k=1 BL z=best h best'=O*hx                                                  36
repair sig | case A-S1 | k=1 BL z=best h best'=O*x                                                   22
repair sig | case A-S1 | k=1 BL z=best h best'=Oh                                                    2
repair sig | case A-S1 | k=1 BL z=best h best'=Ohx                                                   13
repair sig | case A-S1 | k=1 BL z=best h best'=Ox                                                    2
repair sig | case A-S1 | k=1 BL z=best h best'=h                                                     45
repair sig | case A-S1 | k=1 BL z=best h best'=hx                                                    38
repair sig | case A-S1 | k=1 BL z=best h best'=x                                                     54
repair sig | case A-S1 | k=1 EX z - best'=O*                                                         103
repair sig | case A-S1 | k=1 EX z - best'=O*x                                                        127
repair sig | case A-S1 | k=1 EX z - best'=OO*                                                        3
repair sig | case A-S1 | k=1 EX z - best'=OO*x                                                       3
repair sig | case A-S1 | k=1 EX z - best'=x                                                          74
repair sig | case A-S1 | k=1 EX z h best'=O                                                          3
repair sig | case A-S1 | k=1 EX z h best'=O*                                                         73
repair sig | case A-S1 | k=1 EX z h best'=O*h                                                        45
repair sig | case A-S1 | k=1 EX z h best'=O*hx                                                       109
repair sig | case A-S1 | k=1 EX z h best'=O*x                                                        51
repair sig | case A-S1 | k=1 EX z h best'=Oh                                                         3
repair sig | case A-S1 | k=1 EX z h best'=Ohx                                                        3
repair sig | case A-S1 | k=1 EX z h best'=h                                                          55
repair sig | case A-S1 | k=1 EX z h best'=hx                                                         28
repair sig | case A-S1 | k=1 EX z h best'=x                                                          112
repair sig | case A-S1 | k=1 EX z=best - best'=O                                                     88
repair sig | case A-S1 | k=1 EX z=best - best'=O*                                                    268
repair sig | case A-S1 | k=1 EX z=best - best'=O*x                                                   12
repair sig | case A-S1 | k=1 EX z=best - best'=OO*                                                   52
repair sig | case A-S1 | k=1 EX z=best - best'=OO*x                                                  178
repair sig | case A-S1 | k=1 EX z=best - best'=Ox                                                    59
repair sig | case A-S1 | k=1 EX z=best - best'=x                                                     2
repair sig | case A-S1 | k=1 EX z=best h best'=O                                                     94
repair sig | case A-S1 | k=1 EX z=best h best'=O*                                                    265
repair sig | case A-S1 | k=1 EX z=best h best'=O*h                                                   70
repair sig | case A-S1 | k=1 EX z=best h best'=O*hx                                                  215
repair sig | case A-S1 | k=1 EX z=best h best'=O*x                                                   247
repair sig | case A-S1 | k=1 EX z=best h best'=Oh                                                    44
repair sig | case A-S1 | k=1 EX z=best h best'=Ohx                                                   218
repair sig | case A-S1 | k=1 EX z=best h best'=Ox                                                    71
repair sig | case A-S1 | k=1 EX z=best h best'=h                                                     303
repair sig | case A-S1 | k=1 EX z=best h best'=hx                                                    98
repair sig | case A-S1 | k=1 EX z=best h best'=x                                                     272
repair sig | case A-S1 | k=1 SB z - best'=O                                                          3
repair sig | case A-S1 | k=1 SB z - best'=O*                                                         209
repair sig | case A-S1 | k=1 SB z - best'=O*x                                                        251
repair sig | case A-S1 | k=1 SB z - best'=OO*                                                        21
repair sig | case A-S1 | k=1 SB z - best'=OO*x                                                       25
repair sig | case A-S1 | k=1 SB z - best'=Ox                                                         2
repair sig | case A-S1 | k=1 SB z - best'=x                                                          84
repair sig | case A-S1 | k=1 SB z h best'=O                                                          20
repair sig | case A-S1 | k=1 SB z h best'=O*                                                         136
repair sig | case A-S1 | k=1 SB z h best'=O*h                                                        90
repair sig | case A-S1 | k=1 SB z h best'=O*hx                                                       112
repair sig | case A-S1 | k=1 SB z h best'=O*x                                                        109
repair sig | case A-S1 | k=1 SB z h best'=Oh                                                         4
repair sig | case A-S1 | k=1 SB z h best'=Ohx                                                        32
repair sig | case A-S1 | k=1 SB z h best'=Ox                                                         31
repair sig | case A-S1 | k=1 SB z h best'=h                                                          163
repair sig | case A-S1 | k=1 SB z h best'=hx                                                         158
repair sig | case A-S1 | k=1 SB z h best'=x                                                          233
repair sig | case A-S1 | k=1 SB z=best - best'=O                                                     51
repair sig | case A-S1 | k=1 SB z=best - best'=O*                                                    437
repair sig | case A-S1 | k=1 SB z=best - best'=O*x                                                   699
repair sig | case A-S1 | k=1 SB z=best - best'=OO*                                                   11
repair sig | case A-S1 | k=1 SB z=best - best'=OO*x                                                  21
repair sig | case A-S1 | k=1 SB z=best - best'=Ox                                                    101
repair sig | case A-S1 | k=1 SB z=best - best'=x                                                     786
repair sig | case A-S1 | k=1 SB z=best h best'=O                                                     73
repair sig | case A-S1 | k=1 SB z=best h best'=O*                                                    227
repair sig | case A-S1 | k=1 SB z=best h best'=O*h                                                   126
repair sig | case A-S1 | k=1 SB z=best h best'=O*hx                                                  320
repair sig | case A-S1 | k=1 SB z=best h best'=O*x                                                   175
repair sig | case A-S1 | k=1 SB z=best h best'=Oh                                                    30
repair sig | case A-S1 | k=1 SB z=best h best'=Ohx                                                   103
repair sig | case A-S1 | k=1 SB z=best h best'=Ox                                                    42
repair sig | case A-S1 | k=1 SB z=best h best'=h                                                     488
repair sig | case A-S1 | k=1 SB z=best h best'=hx                                                    538
repair sig | case A-S1 | k=1 SB z=best h best'=x                                                     632
repair sig | case A-S1 | k=2 - z - best'=O*                                                          4
repair sig | case A-S1 | k=2 - z - best'=O*x                                                         4
repair sig | case A-S1 | k=2 - z h best'=hx                                                          4
repair sig | case A-S1 | k=2 - z h best'=x                                                           4
repair sig | case A-S1 | k=2 - z=best - best'=O*x                                                    3
repair sig | case A-S1 | k=2 - z=best - best'=Ox                                                     4
repair sig | case A-S1 | k=2 - z=best - best'=x                                                      7
repair sig | case A-S1 | k=2 BL z - best'=O*x                                                        1
repair sig | case A-S1 | k=2 BL z - best'=x                                                          1
repair sig | case A-S1 | k=2 BL z h best'=x                                                          1
repair sig | case A-S1 | k=2 BL z=best - best'=O                                                     1
repair sig | case A-S1 | k=2 BL z=best - best'=Ox                                                    2
repair sig | case A-S1 | k=2 BL z=best - best'=x                                                     2
repair sig | case A-S1 | k=2 BL z=best h best'=h                                                     2
repair sig | case A-S1 | k=2 EX z - best'=O*                                                         1
repair sig | case A-S1 | k=2 EX z - best'=O*x                                                        10
repair sig | case A-S1 | k=2 EX z - best'=x                                                          11
repair sig | case A-S1 | k=2 EX z h best'=h                                                          1
repair sig | case A-S1 | k=2 EX z h best'=hx                                                         2
repair sig | case A-S1 | k=2 EX z h best'=x                                                          12
repair sig | case A-S1 | k=2 EX z=best - best'=O                                                     13
repair sig | case A-S1 | k=2 EX z=best - best'=Ox                                                    4
repair sig | case A-S1 | k=2 EX z=best - best'=x                                                     1
repair sig | case A-S1 | k=2 EX z=best h best'=h                                                     9
repair sig | case A-S1 | k=2 EX z=best h best'=hx                                                    9
repair sig | case A-S1 | k=2 EX z=best h best'=x                                                     13
repair sig | case A-S1 | k=2 SB z - best'=O*                                                         24
repair sig | case A-S1 | k=2 SB z - best'=O*x                                                        67
repair sig | case A-S1 | k=2 SB z - best'=x                                                          14
repair sig | case A-S1 | k=2 SB z h best'=h                                                          24
repair sig | case A-S1 | k=2 SB z h best'=hx                                                         25
repair sig | case A-S1 | k=2 SB z h best'=x                                                          52
repair sig | case A-S1 | k=2 SB z=best - best'=O                                                     1
repair sig | case A-S1 | k=2 SB z=best - best'=O*                                                    60
repair sig | case A-S1 | k=2 SB z=best - best'=O*x                                                   102
repair sig | case A-S1 | k=2 SB z=best - best'=Ox                                                    10
repair sig | case A-S1 | k=2 SB z=best - best'=x                                                     219
repair sig | case A-S1 | k=2 SB z=best h best'=h                                                     52
repair sig | case A-S1 | k=2 SB z=best h best'=hx                                                    50
repair sig | case A-S1 | k=2 SB z=best h best'=x                                                     64
repair sig | case A-z | k=0 - z - best'=O*                                                           18
repair sig | case A-z | k=0 - z h best'=h                                                            18
repair sig | case A-z | k=0 - z=best - best'=O                                                       11
repair sig | case A-z | k=0 - z=best - best'=O*                                                      2
repair sig | case A-z | k=0 - z=best h best'=h                                                       3
repair sig | case A-z | k=0 BL z - best'=O*                                                          10
repair sig | case A-z | k=0 BL z h best'=O*h                                                         7
repair sig | case A-z | k=0 BL z h best'=Oh                                                          1
repair sig | case A-z | k=0 BL z h best'=h                                                           2
repair sig | case A-z | k=0 BL z=best - best'=O                                                      6
repair sig | case A-z | k=0 BL z=best - best'=O*                                                     9
repair sig | case A-z | k=0 BL z=best - best'=OO*                                                    3
repair sig | case A-z | k=0 BL z=best h best'=O                                                      4
repair sig | case A-z | k=0 BL z=best h best'=O*                                                     2
repair sig | case A-z | k=0 BL z=best h best'=O*h                                                    2
repair sig | case A-z | k=0 BL z=best h best'=O*hx                                                   2
repair sig | case A-z | k=0 BL z=best h best'=O*x                                                    2
repair sig | case A-z | k=0 BL z=best h best'=Oh                                                     6
repair sig | case A-z | k=0 BL z=best h best'=h                                                      10
repair sig | case A-z | k=0 BL z=best h best'=x                                                      2
repair sig | case A-z | k=0 EX z - best'=O*                                                          6
repair sig | case A-z | k=0 EX z h best'=O                                                           3
repair sig | case A-z | k=0 EX z h best'=O*                                                          10
repair sig | case A-z | k=0 EX z h best'=Oh                                                          3
repair sig | case A-z | k=0 EX z h best'=Ohx                                                         2
repair sig | case A-z | k=0 EX z h best'=hx                                                          1
repair sig | case A-z | k=0 EX z h best'=x                                                           3
repair sig | case A-z | k=0 EX z=best - best'=O                                                      10
repair sig | case A-z | k=0 EX z=best h best'=O                                                      7
repair sig | case A-z | k=0 EX z=best h best'=O*                                                     7
repair sig | case A-z | k=0 EX z=best h best'=O*hx                                                   6
repair sig | case A-z | k=0 EX z=best h best'=O*x                                                    6
repair sig | case A-z | k=0 EX z=best h best'=Oh                                                     6
repair sig | case A-z | k=0 EX z=best h best'=Ohx                                                    1
repair sig | case A-z | k=0 EX z=best h best'=Ox                                                     1
repair sig | case A-z | k=0 EX z=best h best'=h                                                      13
repair sig | case A-z | k=0 EX z=best h best'=hx                                                     4
repair sig | case A-z | k=0 EX z=best h best'=x                                                      11
repair sig | case A-z | k=0 SB z - best'=O                                                           8
repair sig | case A-z | k=0 SB z - best'=O*                                                          62
repair sig | case A-z | k=0 SB z - best'=O*x                                                         46
repair sig | case A-z | k=0 SB z - best'=OO*                                                         11
repair sig | case A-z | k=0 SB z - best'=OO*x                                                        6
repair sig | case A-z | k=0 SB z - best'=Ox                                                          1
repair sig | case A-z | k=0 SB z - best'=x                                                           8
repair sig | case A-z | k=0 SB z h best'=O                                                           10
repair sig | case A-z | k=0 SB z h best'=O*                                                          24
repair sig | case A-z | k=0 SB z h best'=O*h                                                         19
repair sig | case A-z | k=0 SB z h best'=O*hx                                                        8
repair sig | case A-z | k=0 SB z h best'=O*x                                                         29
repair sig | case A-z | k=0 SB z h best'=Oh                                                          8
repair sig | case A-z | k=0 SB z h best'=Ohx                                                         23
repair sig | case A-z | k=0 SB z h best'=Ox                                                          15
repair sig | case A-z | k=0 SB z h best'=h                                                           44
repair sig | case A-z | k=0 SB z h best'=hx                                                          35
repair sig | case A-z | k=0 SB z h best'=x                                                           47
repair sig | case A-z | k=0 SB z=best - best'=O*                                                     17
repair sig | case A-z | k=0 SB z=best - best'=O*x                                                    4
repair sig | case A-z | k=0 SB z=best - best'=OO*                                                    2
repair sig | case A-z | k=0 SB z=best - best'=x                                                      4
repair sig | case A-z | k=0 SB z=best h best'=O                                                      1
repair sig | case A-z | k=0 SB z=best h best'=O*                                                     11
repair sig | case A-z | k=0 SB z=best h best'=O*h                                                    2
repair sig | case A-z | k=0 SB z=best h best'=O*hx                                                   19
repair sig | case A-z | k=0 SB z=best h best'=O*x                                                    19
repair sig | case A-z | k=0 SB z=best h best'=Oh                                                     1
repair sig | case A-z | k=0 SB z=best h best'=Ox                                                     4
repair sig | case A-z | k=0 SB z=best h best'=h                                                      6
repair sig | case A-z | k=0 SB z=best h best'=hx                                                     8
repair sig | case A-z | k=0 SB z=best h best'=x                                                      17
repair sig | case A-z | k=0+cyc SB z - best'=O*                                                      11
repair sig | case A-z | k=0+cyc SB z - best'=O*x                                                     9
repair sig | case A-z | k=0+cyc SB z h best'=h                                                       9
repair sig | case A-z | k=0+cyc SB z h best'=hx                                                      9
repair sig | case A-z | k=0+cyc SB z h best'=x                                                       10
repair sig | case A-z | k=1 - z - best'=O*                                                           15
repair sig | case A-z | k=1 - z h best'=h                                                            15
repair sig | case A-z | k=1 - z=best - best'=O                                                       10
repair sig | case A-z | k=1 - z=best h best'=h                                                       1
repair sig | case A-z | k=1 BL z - best'=O*                                                          2
repair sig | case A-z | k=1 BL z h best'=h                                                           2
repair sig | case A-z | k=1 BL z=best - best'=O                                                      2
repair sig | case A-z | k=1 BL z=best - best'=O*                                                     2
repair sig | case A-z | k=1 BL z=best h best'=h                                                      1
repair sig | case A-z | k=1 EX z - best'=O*                                                          2
repair sig | case A-z | k=1 EX z - best'=O*x                                                         1
repair sig | case A-z | k=1 EX z - best'=OO*                                                         1
repair sig | case A-z | k=1 EX z - best'=x                                                           2
repair sig | case A-z | k=1 EX z h best'=O                                                           1
repair sig | case A-z | k=1 EX z h best'=O*                                                          1
repair sig | case A-z | k=1 EX z h best'=O*hx                                                        1
repair sig | case A-z | k=1 EX z h best'=O*x                                                         1
repair sig | case A-z | k=1 EX z h best'=Ohx                                                         1
repair sig | case A-z | k=1 EX z h best'=h                                                           2
repair sig | case A-z | k=1 EX z h best'=hx                                                          2
repair sig | case A-z | k=1 EX z h best'=x                                                           2
repair sig | case A-z | k=1 EX z=best h best'=x                                                      1
repair sig | case A-z | k=1 SB z - best'=O                                                           2
repair sig | case A-z | k=1 SB z - best'=O*                                                          36
repair sig | case A-z | k=1 SB z - best'=O*x                                                         40
repair sig | case A-z | k=1 SB z - best'=OO*x                                                        16
repair sig | case A-z | k=1 SB z - best'=Ox                                                          7
repair sig | case A-z | k=1 SB z - best'=x                                                           17
repair sig | case A-z | k=1 SB z h best'=O                                                           9
repair sig | case A-z | k=1 SB z h best'=O*                                                          14
repair sig | case A-z | k=1 SB z h best'=O*hx                                                        21
repair sig | case A-z | k=1 SB z h best'=O*x                                                         6
repair sig | case A-z | k=1 SB z h best'=Oh                                                          8
repair sig | case A-z | k=1 SB z h best'=Ohx                                                         14
repair sig | case A-z | k=1 SB z h best'=Ox                                                          4
repair sig | case A-z | k=1 SB z h best'=h                                                           34
repair sig | case A-z | k=1 SB z h best'=hx                                                          34
repair sig | case A-z | k=1 SB z h best'=x                                                           36
repair sig | case A-z | k=1 SB z=best - best'=O                                                      16
repair sig | case A-z | k=1 SB z=best - best'=O*                                                     12
repair sig | case A-z | k=1 SB z=best - best'=O*x                                                    15
repair sig | case A-z | k=1 SB z=best - best'=OO*x                                                   6
repair sig | case A-z | k=1 SB z=best - best'=Ox                                                     28
repair sig | case A-z | k=1 SB z=best - best'=x                                                      53
repair sig | case A-z | k=1 SB z=best h best'=O                                                      3
repair sig | case A-z | k=1 SB z=best h best'=O*                                                     21
repair sig | case A-z | k=1 SB z=best h best'=O*hx                                                   21
repair sig | case A-z | k=1 SB z=best h best'=O*x                                                    19
repair sig | case A-z | k=1 SB z=best h best'=Oh                                                     3
repair sig | case A-z | k=1 SB z=best h best'=Ohx                                                    7
repair sig | case A-z | k=1 SB z=best h best'=Ox                                                     3
repair sig | case A-z | k=1 SB z=best h best'=h                                                      20
repair sig | case A-z | k=1 SB z=best h best'=hx                                                     36
repair sig | case A-z | k=1 SB z=best h best'=x                                                      33
repair sig | case A-z | k=2 EX z - best'=O*                                                          1
repair sig | case A-z | k=2 EX z - best'=O*x                                                         1
repair sig | case A-z | k=2 EX z - best'=x                                                           2
repair sig | case A-z | k=2 EX z h best'=h                                                           1
repair sig | case A-z | k=2 EX z h best'=hx                                                          1
repair sig | case A-z | k=2 EX z h best'=x                                                           2
repair sig | case A-z | k=2 EX z=best - best'=Ox                                                     2
repair sig | case A-z | k=2 EX z=best - best'=x                                                      1
repair sig | case A-z | k=2 EX z=best h best'=x                                                      2
repair sig | case A-z | k=2 SB z - best'=O*                                                          15
repair sig | case A-z | k=2 SB z - best'=O*x                                                         21
repair sig | case A-z | k=2 SB z - best'=x                                                           9
repair sig | case A-z | k=2 SB z h best'=h                                                           17
repair sig | case A-z | k=2 SB z h best'=hx                                                          16
repair sig | case A-z | k=2 SB z h best'=x                                                           20
repair sig | case A-z | k=2 SB z=best - best'=O                                                      2
repair sig | case A-z | k=2 SB z=best - best'=O*x                                                    1
repair sig | case A-z | k=2 SB z=best - best'=Ox                                                     8
repair sig | case A-z | k=2 SB z=best - best'=x                                                      26
repair sig | case A-z | k=2 SB z=best h best'=x                                                      2
repair sig | case B-S1c | k=0 - z - best'=O*                                                         12
repair sig | case B-S1c | k=0 - z h best'=h                                                          12
repair sig | case B-S1c | k=0 - z=best - best'=O                                                     5
repair sig | case B-S1c | k=0 - z=best - best'=O*                                                    20
repair sig | case B-S1c | k=0 - z=best h best'=O*                                                    3
repair sig | case B-S1c | k=0 - z=best h best'=O*h                                                   4
repair sig | case B-S1c | k=0 - z=best h best'=h                                                     23
repair sig | case B-S1c | k=0 - z=best h best'=hx                                                    1
repair sig | case B-S1c | k=0 - z=best h best'=x                                                     1
repair sig | case B-S1c | k=0 BL z=best h best'=O*h                                                  1
repair sig | case B-S1c | k=0 EX z - best'=O*                                                        1
repair sig | case B-S1c | k=0 EX z h best'=O                                                         1
repair sig | case B-S1c | k=0 EX z h best'=O*                                                        1
repair sig | case B-S1c | k=0 EX z h best'=h                                                         1
repair sig | case B-S1c | k=0 EX z h best'=x                                                         1
repair sig | case B-S1c | k=0 EX z=best - best'=O                                                    19
repair sig | case B-S1c | k=0 EX z=best h best'=O                                                    21
repair sig | case B-S1c | k=0 EX z=best h best'=O*                                                   54
repair sig | case B-S1c | k=0 EX z=best h best'=O*hx                                                 42
repair sig | case B-S1c | k=0 EX z=best h best'=O*x                                                  43
repair sig | case B-S1c | k=0 EX z=best h best'=h                                                    7
repair sig | case B-S1c | k=0 EX z=best h best'=hx                                                   2
repair sig | case B-S1c | k=0 EX z=best h best'=x                                                    4
repair sig | case B-S1c | k=1 - z - best'=O*                                                         12
repair sig | case B-S1c | k=1 - z h best'=h                                                          12
repair sig | case B-S1c | k=1 - z=best - best'=O                                                     5
repair sig | case B-S1c | k=1 - z=best - best'=O*                                                    15
repair sig | case B-S1c | k=1 - z=best h best'=h                                                     18
repair sig | case B-S1c | k=1 EX z=best h best'=h                                                    1
repair sig | case B-S1c | k=1 EX z=best h best'=hx                                                   1
repair sig | case B-S1c | k=1 EX z=best h best'=x                                                    1
repair sig | case B-S1c | k=1 SB z - best'=O*                                                        4
repair sig | case B-S1c | k=1 SB z - best'=O*x                                                       16
repair sig | case B-S1c | k=1 SB z - best'=x                                                         3
repair sig | case B-S1c | k=1 SB z h best'=O*x                                                       1
repair sig | case B-S1c | k=1 SB z h best'=Ox                                                        1
repair sig | case B-S1c | k=1 SB z h best'=h                                                         5
repair sig | case B-S1c | k=1 SB z h best'=hx                                                        1
repair sig | case B-S1c | k=1 SB z h best'=x                                                         13
repair sig | case B-S1c | k=1 SB z=best - best'=O                                                    1
repair sig | case B-S1c | k=1 SB z=best - best'=O*                                                   28
repair sig | case B-S1c | k=1 SB z=best - best'=O*x                                                  72
repair sig | case B-S1c | k=1 SB z=best - best'=OO*x                                                 18
repair sig | case B-S1c | k=1 SB z=best - best'=Ox                                                   10
repair sig | case B-S1c | k=1 SB z=best - best'=x                                                    79
repair sig | case B-S1c | k=1 SB z=best h best'=O*                                                   55
repair sig | case B-S1c | k=1 SB z=best h best'=O*h                                                  6
repair sig | case B-S1c | k=1 SB z=best h best'=O*hx                                                 30
repair sig | case B-S1c | k=1 SB z=best h best'=O*x                                                  56
repair sig | case B-S1c | k=1 SB z=best h best'=Ohx                                                  21
repair sig | case B-S1c | k=1 SB z=best h best'=h                                                    25
repair sig | case B-S1c | k=1 SB z=best h best'=hx                                                   54
repair sig | case B-S1c | k=1 SB z=best h best'=x                                                    75
repair sig | case B-S1c | k=2 SB z - best'=O*                                                        4
repair sig | case B-S1c | k=2 SB z - best'=O*x                                                       14
repair sig | case B-S1c | k=2 SB z h best'=h                                                         4
repair sig | case B-S1c | k=2 SB z h best'=x                                                         10
repair sig | case B-S1c | k=2 SB z=best - best'=O                                                    1
repair sig | case B-S1c | k=2 SB z=best - best'=O*                                                   6
repair sig | case B-S1c | k=2 SB z=best - best'=O*x                                                  12
repair sig | case B-S1c | k=2 SB z=best - best'=Ox                                                   9
repair sig | case B-S1c | k=2 SB z=best - best'=x                                                    24
repair sig | case B-S1c | k=2 SB z=best h best'=h                                                    7
repair sig | case B-S1c | k=2 SB z=best h best'=hx                                                   9
repair sig | case B-S1c | k=2 SB z=best h best'=x                                                    15
repair sig | case C | k=0 BL z - best'=O*                                                            1
repair sig | case C | k=0 BL z h best'=hx                                                            1
repair sig | case C | k=0 BL z h best'=x                                                             1
repair sig | case C | k=0 BL z=best - best'=O*                                                       19
repair sig | case C | k=0 BL z=best - best'=O*x                                                      19
repair sig | case C | k=0 BL z=best - best'=Ox                                                       1
repair sig | case C | k=0 BL z=best - best'=x                                                        15
repair sig | case C | k=0 BL z=best h best'=O*                                                       26
repair sig | case C | k=0 BL z=best h best'=O*h                                                      6
repair sig | case C | k=0 BL z=best h best'=O*hx                                                     9
repair sig | case C | k=0 BL z=best h best'=O*x                                                      21
repair sig | case C | k=0 BL z=best h best'=h                                                        15
repair sig | case C | k=0 BL z=best h best'=hx                                                       11
repair sig | case C | k=0 BL z=best h best'=x                                                        18
repair sig | case C | k=0 EX z - best'=O*                                                            1
repair sig | case C | k=0 EX z h best'=hx                                                            1
repair sig | case C | k=0 EX z h best'=x                                                             1
repair sig | case C | k=0 EX z=best - best'=O                                                        1
repair sig | case C | k=0 EX z=best h best'=hx                                                       1
repair sig | case C | k=0 EX z=best h best'=x                                                        1
repair sig | case C | k=1 BL z=best - best'=O*                                                       5
repair sig | case C | k=1 BL z=best - best'=O*x                                                      6
repair sig | case C | k=1 BL z=best - best'=x                                                        6
repair sig | case C | k=1 BL z=best h best'=O*                                                       7
repair sig | case C | k=1 BL z=best h best'=O*h                                                      5
repair sig | case C | k=1 BL z=best h best'=O*hx                                                     5
repair sig | case C | k=1 BL z=best h best'=O*x                                                      7
repair sig | case C | k=1 BL z=best h best'=x                                                        7
smallest case A-S1                                n=5 m=8 dump_n5c_pure.jsonl.gz sets=[[0, 2, 4, 7], [1, 5, 6, 7], [3, 5, 6, 7], [4, 5, 6, 7], [4, 5, 6, 7]] vals=[[3, 5, 6, 7], [2, 8, 7, 4], [3, 6, 8, 10], [4, 8, 5, 6], [2, 7, 6, 10]] P=[[7], [1], [3], [5], [6]]
smallest case A-S1 thetas ok                      n=5 m=8 dump_n5c_pure.jsonl.gz sets=[[0, 2, 4, 7], [1, 5, 6, 7], [3, 5, 6, 7], [4, 5, 6, 7], [4, 5, 6, 7]] vals=[[3, 5, 6, 7], [2, 8, 7, 4], [3, 6, 8, 10], [4, 8, 5, 6], [2, 7, 6, 10]] P=[[7], [1], [3], [5], [6]]
smallest case A-S1 thetas ok/theta-a              n=5 m=9 dump_n5c_pure.jsonl.gz sets=[[0, 2, 5, 6], [1, 4, 7, 8], [3, 6, 7, 8], [5, 6, 7, 8], [5, 6, 7, 8]] vals=[[2, 4, 8, 7], [6, 3, 5, 7], [4, 8, 2, 5], [8, 4, 3, 10], [4, 3, 2, 8]] P=[[2], [8], [3], [5], [6]]
smallest case A-S1 thetas ok/theta-b              n=5 m=9 dump_n5c_pure.jsonl.gz sets=[[0, 2, 4, 8], [1, 3, 4, 8], [3, 6, 7, 8], [5, 6, 7, 8], [5, 6, 7, 8]] vals=[[3, 4, 2, 8], [5, 6, 3, 7], [3, 10, 8, 6], [3, 8, 10, 4], [4, 8, 6, 5]] P=[[2], [8], [6], [5], [7]]
smallest case A-S1 thetas theta-a                 n=5 m=12 dump_n5c_pure.jsonl.gz sets=[[0, 2, 8, 11], [1, 6, 9, 11], [3, 7, 8, 10], [4, 7, 10, 11], [5, 9, 10, 11]] vals=[[2, 3, 4, 8], [3, 4, 6, 8], [4, 6, 5, 8], [4, 1, 8, 6], [3, 6, 10, 8]] P=[[8], [1, 6], [10], [4], [11]]
smallest case A-S1 thetas theta-b                 n=5 m=11 dump_n5c_pure.jsonl.gz sets=[[0, 2, 8, 10], [1, 4, 9, 10], [3, 5, 6, 9], [5, 6, 7, 10], [7, 8, 9, 10]] vals=[[3, 5, 6, 7], [4, 2, 3, 8], [5, 6, 3, 7], [4, 2, 8, 7], [10, 4, 2, 7]] P=[[10], [1], [3, 6], [5], [7]]
smallest case A-z                                 n=5 m=8 dump_n5c_pure.jsonl.gz sets=[[0, 4, 5, 7], [1, 5, 6, 7], [2, 3, 4, 6], [2, 3, 6, 7], [4, 5, 6, 7]] vals=[[4, 3, 10, 8], [3, 6, 7, 5], [6, 5, 3, 7], [2, 6, 10, 7], [2, 10, 6, 7]] P=[[0, 4], [1], [6], [7], [5]]
smallest case B-S1c                               n=5 m=9 dump_n5c_pure.jsonl.gz sets=[[0, 2, 5, 6], [1, 3, 7, 8], [4, 5, 7, 8], [4, 6, 7, 8], [5, 6, 7, 8]] vals=[[4, 6, 8, 5], [2, 3, 4, 8], [2, 10, 7, 6], [4, 1, 8, 6], [8, 3, 6, 4]] P=[[5], [3], [7], [4], [8]]
smallest case C                                   n=5 m=12 dump_n5c_pure.jsonl.gz sets=[[0, 2, 8, 9], [1, 4, 9, 11], [3, 6, 10, 11], [5, 7, 10, 11], [8, 9, 10, 11]] vals=[[3, 2, 6, 10], [2, 4, 8, 5], [2, 3, 8, 4], [2, 3, 8, 4], [2, 8, 4, 3]] P=[[9], [1, 4], [3, 6], [5, 7], [10]]
smallest uncertified case A-S1                    n=5 m=11 dump_n5c_pure.jsonl.gz sets=[[0, 2, 8, 10], [1, 4, 9, 10], [3, 5, 6, 9], [5, 6, 7, 10], [7, 8, 9, 10]] vals=[[3, 5, 6, 7], [4, 2, 3, 8], [5, 6, 3, 7], [4, 2, 8, 7], [10, 4, 2, 7]] P=[[10], [1, 4], [3, 6], [5], [7]]
smallest uncertified case A-z                     n=5 m=8 dump_n5c_pure.jsonl.gz sets=[[0, 4, 5, 7], [1, 5, 6, 7], [2, 3, 4, 6], [2, 3, 6, 7], [4, 5, 6, 7]] vals=[[4, 3, 10, 8], [3, 6, 7, 5], [6, 5, 3, 7], [2, 6, 10, 7], [2, 10, 6, 7]] P=[[0, 4], [1], [6], [7], [5]]
smallest uncertified case B-S1c                   n=5 m=9 dump_n5c_pure.jsonl.gz sets=[[0, 2, 5, 6], [1, 3, 7, 8], [4, 5, 7, 8], [4, 6, 7, 8], [5, 6, 7, 8]] vals=[[4, 6, 8, 5], [2, 3, 4, 8], [2, 10, 7, 6], [4, 1, 8, 6], [8, 3, 6, 4]] P=[[5], [3], [7], [4], [8]]
smallest uncertified case C                       n=5 m=12 dump_n5c_pure.jsonl.gz sets=[[0, 2, 8, 9], [1, 4, 9, 11], [3, 6, 10, 11], [5, 7, 10, 11], [8, 9, 10, 11]] vals=[[3, 2, 6, 10], [2, 4, 8, 5], [2, 3, 8, 4], [2, 3, 8, 4], [2, 8, 4, 3]] P=[[9], [1, 4], [3, 6], [5, 7], [10]]
# done
