# command: python3 k4/f2_shapes.py results/k4_gap/gap_n2.json.gz results/k4_gap/gap_n3.json.gz results/k4_gap/gap_n4_1.json.gz results/k4_gap/gap_n4_2_s4000.json.gz results/k4_gap/gap_n4_3_s4000.json.gz results/k4_gap/gap_n4_pure_s4000.json.gz results/k4_gap/gap_n5_1_s100.json.gz results/k4_gap/gap_n5_2_s100.json.gz results/k4_gap/gap_n5_3_s100.json.gz results/k4_gap/gap_n5_4_s100.json.gz results/k4_gap/gap_n5_pure_s100.json.gz results/k4_gap/hard_base.json.gz results/k4_gap/hard_hunt.json.gz results/k4_gap/hard_hunt_smallest.json.gz results/k4_gap/hunt_n4_2_all.json.gz results/k4_gap/hunt_n4_3_s400k.json.gz results/k4_gap/hunt_n4_pure_s400k.json.gz results/k4_gap/hunt_n5_3_s2000.json.gz results/k4_gap/hunt_n5_4_s2000.json.gz results/k4_gap/hunt_n5_pure_s2000.json.gz k4/suite/.cache/pr75/results/k4_dl13_stuck/stuck_certs_3_r2000.jsonl.gz k4/suite/.cache/pr75/results/k4_dl13_stuck/stuck_certs_4_n4_1_r100.jsonl.gz k4/suite/.cache/pr75/results/k4_dl13_stuck/stuck_certs_4_n4_2_r100.jsonl.gz k4/suite/.cache/pr75/results/k4_dl13_stuck/stuck_certs_4_n4_3_r100.jsonl.gz k4/suite/.cache/pr75/results/k4_dl13_stuck/stuck_certs_4_pure_r100.jsonl.gz k4/suite/.cache/pr75/results/k4_dl13_stuck/stuck_certs_5_n4_1_r4.jsonl.gz k4/suite/.cache/pr75/results/k4_dl13_stuck/stuck_certs_5_n4_2_r4.jsonl.gz k4/suite/.cache/pr75/results/k4_dl13_stuck/stuck_certs_5_n4_3_r4.jsonl.gz k4/suite/.cache/pr75/results/k4_dl13_stuck/stuck_certs_5_n4_4_r4.jsonl.gz k4/suite/.cache/pr75/results/k4_dl13_stuck/stuck_certs_5_pure_r4.jsonl.gz k4/suite/.cache/pr75/results/k4_dl13_stuck/stuck_gap_n3.jsonl.gz k4/suite/.cache/pr75/results/k4_dl13_stuck/stuck_gap_n4_1_e4.jsonl.gz k4/suite/.cache/pr75/results/k4_dl13_stuck/stuck_gap_n4_1_f2.jsonl.gz k4/suite/.cache/pr75/results/k4_dl13_stuck/stuck_gap_n4_2_s4000_e4.jsonl.gz k4/suite/.cache/pr75/results/k4_dl13_stuck/stuck_gap_n4_2_s4000_f2.jsonl.gz k4/suite/.cache/pr75/results/k4_dl13_stuck/stuck_gap_n4_3_s4000_e4.jsonl.gz k4/suite/.cache/pr75/results/k4_dl13_stuck/stuck_gap_n4_3_s4000_f2.jsonl.gz k4/suite/.cache/pr75/results/k4_dl13_stuck/stuck_gap_n4_pure_s4000_e4.jsonl.gz k4/suite/.cache/pr75/results/k4_dl13_stuck/stuck_gap_n4_pure_s4000_f2.jsonl.gz k4/suite/.cache/pr75/results/k4_dl13_stuck/stuck_gap_n5_1_s100_e20.jsonl.gz k4/suite/.cache/pr75/results/k4_dl13_stuck/stuck_gap_n5_1_s100_f2e4.jsonl.gz k4/suite/.cache/pr75/results/k4_dl13_stuck/stuck_gap_n5_2_s100_e20.jsonl.gz k4/suite/.cache/pr75/results/k4_dl13_stuck/stuck_gap_n5_2_s100_f2e4.jsonl.gz k4/suite/.cache/pr75/results/k4_dl13_stuck/stuck_gap_n5_3_s100_e20.jsonl.gz k4/suite/.cache/pr75/results/k4_dl13_stuck/stuck_gap_n5_3_s100_f2e4.jsonl.gz k4/suite/.cache/pr75/results/k4_dl13_stuck/stuck_gap_n5_4_s100_e20.jsonl.gz k4/suite/.cache/pr75/results/k4_dl13_stuck/stuck_gap_n5_4_s100_f2e4.jsonl.gz k4/suite/.cache/pr75/results/k4_dl13_stuck/stuck_gap_n5_pure_s100_e20.jsonl.gz k4/suite/.cache/pr75/results/k4_dl13_stuck/stuck_gap_n5_pure_s100_f2e4.jsonl.gz k4/suite/.cache/pr75/results/k4_dl13_stuck/stuck_hard_hunt.jsonl.gz k4/suite/.cache/pr75/results/k4_dl13_stuck/stuck_hunt_n4_2_all_e10.jsonl.gz k4/suite/.cache/pr75/results/k4_dl13_stuck/stuck_hunt_n4_3_s400k_e10.jsonl.gz k4/suite/.cache/pr75/results/k4_dl13_stuck/stuck_hunt_n4_3_s400k_f2.jsonl.gz k4/suite/.cache/pr75/results/k4_dl13_stuck/stuck_hunt_n4_pure_s400k_e10.jsonl.gz k4/suite/.cache/pr75/results/k4_dl13_stuck/stuck_hunt_n4_pure_s400k_f2.jsonl.gz k4/suite/.cache/pr75/results/k4_dl13_stuck/stuck_hunt_n5_3_s2000_e2.jsonl.gz k4/suite/.cache/pr75/results/k4_dl13_stuck/stuck_hunt_n5_4_s2000_e2.jsonl.gz k4/suite/.cache/pr75/results/k4_dl13_stuck/stuck_hunt_n5_pure_s2000_e2.jsonl.gz k4/suite/.cache/pr75/results/k4_dl13_stuck/stuck_suite.jsonl.gz k4/suite/.cache/pr75/results/k4_dl13_stuck/t4_certs_3_r2000.jsonl.gz k4/suite/.cache/pr75/results/k4_dl13_stuck/t4_certs_4_n4_1_r100.jsonl.gz k4/suite/.cache/pr75/results/k4_dl13_stuck/t4_certs_4_n4_2_r100.jsonl.gz k4/suite/.cache/pr75/results/k4_dl13_stuck/t4_certs_4_n4_3_r100.jsonl.gz k4/suite/.cache/pr75/results/k4_dl13_stuck/t4_certs_4_pure_r100.jsonl.gz k4/suite/.cache/pr75/results/k4_dl13_stuck/t4_failures_n4_1.jsonl.gz k4/suite/.cache/pr75/results/k4_dl13_stuck/t4_failures_n4_2.jsonl.gz k4/suite/.cache/pr75/results/k4_dl13_stuck/t4_failures_n4_3_s200b.jsonl.gz k4/suite/.cache/pr75/results/k4_dl13_stuck/t4_gap_n4_1_f2.jsonl.gz k4/suite/.cache/pr75/results/k4_dl13_stuck/t4_gap_n4_2_s4000_f2.jsonl.gz k4/suite/.cache/pr75/results/k4_dl13_stuck/t4_gap_n4_3_s4000_f2.jsonl.gz k4/suite/.cache/pr75/results/k4_dl13_stuck/t4_gap_n4_pure_s4000_f2.jsonl.gz k4/suite/.cache/pr75/results/k4_dl13_stuck/t4_gap_n5_1_s100_f2e4.jsonl.gz k4/suite/.cache/pr75/results/k4_dl13_stuck/t4_gap_n5_2_s100_f2e4.jsonl.gz k4/suite/.cache/pr75/results/k4_dl13_stuck/t4_gap_n5_3_s100_f2e4.jsonl.gz k4/suite/.cache/pr75/results/k4_dl13_stuck/t4_gap_n5_4_s100_f2e4.jsonl.gz k4/suite/.cache/pr75/results/k4_dl13_stuck/t4_gap_n5_pure_s100_f2e4.jsonl.gz k4/suite/.cache/pr75/results/k4_dl13_stuck/t4_hard_hunt.jsonl.gz k4/suite/.cache/pr75/results/k4_dl13_stuck/t4_hunt_n4_3_s400k_f2.jsonl.gz k4/suite/.cache/pr75/results/k4_dl13_stuck/t4_hunt_n4_pure_s400k_f2.jsonl.gz k4/suite/.cache/pr75/results/k4_dl13_stuck/t4_suite.jsonl.gz results/k4_dl13/dl134_xcheck_n4.jsonl.gz results/k4_dl13/dl134_xcheck_n5.jsonl.gz results/k4_dl13/dl134_xcheck_own.jsonl.gz results/k4_dl13/dump_n4_1.jsonl.gz results/k4_dl13/dump_n4_2.jsonl.gz results/k4_dl13/dump_n4_3_s200.jsonl.gz results/k4_dl13/dump_n4_3_s200b.jsonl.gz results/k4_dl13/dump_n4_pure_s200.jsonl.gz results/k4_dl13/dump_n4_pure_s200b.jsonl.gz results/k4_dl13/fails_all.jsonl.gz results/k4_dl13/fails_classified.jsonl.gz results/k4_dl13/fails_hunt_m6.jsonl.gz results/k4_dl13/fails_hunt_m8.jsonl.gz results/k4_dl13/fails_hunt_n5.jsonl.gz results/k4_dl13/hunt_n4_3_m6.jsonl.gz results/k4_dl13/hunt_n4_3_m8.jsonl.gz results/k4_dl13/hunt_n5.jsonl.gz results/k4_dl13/hunt_pure_m6.jsonl.gz results/k4_dl13/hunt_pure_m8.jsonl.gz results/k4_dl13/states_cat.jsonl.gz results/k4_dl13/states_ht.jsonl.gz results/k4_dl13/states_n3.jsonl.gz results/k4_dl13/states_nbhd123.jsonl.gz results/k4_dl13/states_rand.jsonl.gz results/k4_rt4/dump_a_failures.jsonl.gz results/k4_rt4/dump_a_nbhd123.jsonl.gz results/k4_rt4/dump_a_suite2.jsonl.gz results/k4_rt4/dump_b_n4_1.jsonl.gz results/k4_rt4/dump_c_n4_2.jsonl.gz results/k4_rt4/dump_d_cat_gap_n4_pure_s4000.jsonl.gz results/k4_rt4/dump_d_pure_s500_1.jsonl.gz results/k4_rt4/dump_d_pure_s500_2.jsonl.gz results/k4_rt4/dump_d_pure_s500_3.jsonl.gz results/k4_rt4/dump_e_n4_3_s500_1.jsonl.gz results/k4_rt4/dump_e_n4_3_s500_2.jsonl.gz results/k4_rt4/dump_e_n4_3_s500_3.jsonl.gz suite --chunk=6/8 --out=results/k4_f2/shapes_6.jsonl.gz
# distinct profiles read: 9921
T3-stage                                                                                             4789
T3-stage f=2                                                                                         4520
T3-stage f=3                                                                                         269
T3-stage not T4-optimal                                                                              11
case A-S1                                                                                            3908
case A-S1 thetas ok                                                                                  3330
case A-S1 thetas ok/theta-a                                                                          209
case A-S1 thetas ok/theta-b                                                                          367
case A-S1 thetas theta-a                                                                             2
case A-S1 | x roles of the plain T3 repairs -/SB                                                     1129
case A-S1 | x roles of the plain T3 repairs BL/SB                                                    131
case A-S1 | x roles of the plain T3 repairs EX/SB                                                    38
case A-S1 | x roles of the plain T3 repairs SB                                                       2610
case A-z                                                                                             637
case A-z | x roles of the plain T3 repairs -/SB                                                      138
case A-z | x roles of the plain T3 repairs BL/SB                                                     16
case A-z | x roles of the plain T3 repairs EX/SB                                                     19
case A-z | x roles of the plain T3 repairs SB                                                        464
case B-S1c                                                                                           139
case B-S1c | x roles of the plain T3 repairs -                                                       24
case B-S1c | x roles of the plain T3 repairs BL                                                      23
case B-S1c | x roles of the plain T3 repairs EX                                                      92
case B-S1c, frozen agents on the shortest need paths [1]                                             139
case C                                                                                               105
case C | every repair has a helper                                                                   1
case C | x roles of the plain T3 repairs BL                                                          97
case C | x roles of the plain T3 repairs EX                                                          8
cert C1 | case A-S1                                                                                  3906
cert C2 | case B-S1c                                                                                 21
cert C3 | case A-z                                                                                   40
cert none | case A-S1                                                                                2
cert none | case A-z                                                                                 597
cert none | case B-S1c                                                                               118
cert none | case C                                                                                   105
def>0 states                                                                                         31019
keys def*>0                                                                                          4842
profiles                                                                                             9921
profiles f=2 n=4                                                                                     8083
profiles f=2 n=5                                                                                     385
profiles f=3 n=4                                                                                     539
profiles f=3 n=5                                                                                     103
profiles f>=2, omega>=1                                                                              9110
repair sig | case A-S1 | k=0 - z - best'=O*                                                          267
repair sig | case A-S1 | k=0 - z h best'=h                                                           239
repair sig | case A-S1 | k=0 - z=best - best'=O                                                      188
repair sig | case A-S1 | k=0 - z=best - best'=O*                                                     583
repair sig | case A-S1 | k=0 - z=best h best'=h                                                      511
repair sig | case A-S1 | k=0 - z=best h best'=hx                                                     6
repair sig | case A-S1 | k=0 - z=best h best'=x                                                      17
repair sig | case A-S1 | k=0 BL z - best'=O*                                                         32
repair sig | case A-S1 | k=0 BL z h best'=h                                                          32
repair sig | case A-S1 | k=0 BL z=best - best'=O                                                     32
repair sig | case A-S1 | k=0 BL z=best - best'=O*                                                    99
repair sig | case A-S1 | k=0 BL z=best h best'=h                                                     48
repair sig | case A-S1 | k=0 EX z - best'=O*                                                         18
repair sig | case A-S1 | k=0 EX z - best'=O*x                                                        8
repair sig | case A-S1 | k=0 EX z - best'=x                                                          6
repair sig | case A-S1 | k=0 EX z h best'=h                                                          15
repair sig | case A-S1 | k=0 EX z h best'=hx                                                         4
repair sig | case A-S1 | k=0 EX z h best'=x                                                          3
repair sig | case A-S1 | k=0 EX z=best - best'=O                                                     10
repair sig | case A-S1 | k=0 EX z=best h best'=h                                                     32
repair sig | case A-S1 | k=0 EX z=best h best'=hx                                                    2
repair sig | case A-S1 | k=0 SB z - best'=O*                                                         339
repair sig | case A-S1 | k=0 SB z - best'=O*x                                                        491
repair sig | case A-S1 | k=0 SB z - best'=x                                                          22
repair sig | case A-S1 | k=0 SB z h best'=h                                                          160
repair sig | case A-S1 | k=0 SB z h best'=hx                                                         413
repair sig | case A-S1 | k=0 SB z h best'=x                                                          361
repair sig | case A-S1 | k=0 SB z=best - best'=O                                                     14
repair sig | case A-S1 | k=0 SB z=best - best'=O*                                                    1011
repair sig | case A-S1 | k=0 SB z=best - best'=O*x                                                   2148
repair sig | case A-S1 | k=0 SB z=best - best'=Ox                                                    428
repair sig | case A-S1 | k=0 SB z=best - best'=x                                                     2517
repair sig | case A-S1 | k=0 SB z=best h best'=h                                                     870
repair sig | case A-S1 | k=0 SB z=best h best'=hx                                                    1922
repair sig | case A-S1 | k=0 SB z=best h best'=x                                                     1569
repair sig | case A-S1 | k=0+cyc SB z=best - best'=x                                                 140
repair sig | case A-S1 | k=1 - z - best'=O*                                                          28
repair sig | case A-S1 | k=1 - z - best'=O*x                                                         26
repair sig | case A-S1 | k=1 - z h best'=h                                                           26
repair sig | case A-S1 | k=1 - z h best'=hx                                                          25
repair sig | case A-S1 | k=1 - z h best'=x                                                           5
repair sig | case A-S1 | k=1 - z=best - best'=O                                                      11
repair sig | case A-S1 | k=1 - z=best - best'=O*                                                     113
repair sig | case A-S1 | k=1 - z=best - best'=O*x                                                    75
repair sig | case A-S1 | k=1 - z=best - best'=Ox                                                     25
repair sig | case A-S1 | k=1 - z=best - best'=x                                                      12
repair sig | case A-S1 | k=1 - z=best h best'=h                                                      108
repair sig | case A-S1 | k=1 - z=best h best'=hx                                                     106
repair sig | case A-S1 | k=1 - z=best h best'=x                                                      82
repair sig | case A-S1 | k=1 BL z=best - best'=O*                                                    52
repair sig | case A-S1 | k=1 BL z=best - best'=O*x                                                   148
repair sig | case A-S1 | k=1 BL z=best - best'=x                                                     127
repair sig | case A-S1 | k=1 BL z=best h best'=h                                                     45
repair sig | case A-S1 | k=1 BL z=best h best'=hx                                                    152
repair sig | case A-S1 | k=1 BL z=best h best'=x                                                     146
repair sig | case A-S1 | k=1 EX z - best'=O*                                                         10
repair sig | case A-S1 | k=1 EX z - best'=O*x                                                        13
repair sig | case A-S1 | k=1 EX z - best'=x                                                          32
repair sig | case A-S1 | k=1 EX z h best'=h                                                          4
repair sig | case A-S1 | k=1 EX z h best'=hx                                                         34
repair sig | case A-S1 | k=1 EX z=best - best'=Ox                                                    30
repair sig | case A-S1 | k=1 EX z=best h best'=h                                                     13
repair sig | case A-S1 | k=1 EX z=best h best'=hx                                                    33
repair sig | case A-S1 | k=1 EX z=best h best'=x                                                     32
repair sig | case A-S1 | k=1 SB z - best'=O*                                                         176
repair sig | case A-S1 | k=1 SB z - best'=O*x                                                        350
repair sig | case A-S1 | k=1 SB z - best'=x                                                          33
repair sig | case A-S1 | k=1 SB z h best'=h                                                          155
repair sig | case A-S1 | k=1 SB z h best'=hx                                                         172
repair sig | case A-S1 | k=1 SB z h best'=x                                                          292
repair sig | case A-S1 | k=1 SB z=best - best'=O                                                     62
repair sig | case A-S1 | k=1 SB z=best - best'=O*                                                    1094
repair sig | case A-S1 | k=1 SB z=best - best'=O*x                                                   1797
repair sig | case A-S1 | k=1 SB z=best - best'=Ox                                                    250
repair sig | case A-S1 | k=1 SB z=best - best'=x                                                     1917
repair sig | case A-S1 | k=1 SB z=best h best'=h                                                     973
repair sig | case A-S1 | k=1 SB z=best h best'=hx                                                    1381
repair sig | case A-S1 | k=1 SB z=best h best'=x                                                     1185
repair sig | case A-S1 | k=2 SB z=best - best'=O*                                                    8
repair sig | case A-S1 | k=2 SB z=best - best'=O*x                                                   21
repair sig | case A-S1 | k=2 SB z=best - best'=x                                                     244
repair sig | case A-S1 | k=2 SB z=best h best'=hx                                                    5
repair sig | case A-S1 | k=2 SB z=best h best'=x                                                     17
repair sig | case A-z | k=0 - z - best'=O*                                                           98
repair sig | case A-z | k=0 - z h best'=h                                                            98
repair sig | case A-z | k=0 - z=best - best'=O                                                       50
repair sig | case A-z | k=0 - z=best h best'=h                                                       65
repair sig | case A-z | k=0 BL z - best'=O*                                                          16
repair sig | case A-z | k=0 BL z h best'=h                                                           16
repair sig | case A-z | k=0 BL z=best - best'=O                                                      16
repair sig | case A-z | k=0 EX z - best'=O*                                                          19
repair sig | case A-z | k=0 EX z h best'=h                                                           18
repair sig | case A-z | k=0 EX z h best'=hx                                                          3
repair sig | case A-z | k=0 EX z h best'=x                                                           3
repair sig | case A-z | k=0 EX z=best - best'=O                                                      12
repair sig | case A-z | k=0 EX z=best h best'=h                                                      16
repair sig | case A-z | k=0 SB z - best'=O*                                                          500
repair sig | case A-z | k=0 SB z - best'=O*x                                                         302
repair sig | case A-z | k=0 SB z - best'=x                                                           40
repair sig | case A-z | k=0 SB z h best'=h                                                           500
repair sig | case A-z | k=0 SB z h best'=hx                                                          314
repair sig | case A-z | k=0 SB z h best'=x                                                           226
repair sig | case A-z | k=1 EX z - best'=O*                                                          3
repair sig | case A-z | k=1 EX z h best'=h                                                           2
repair sig | case A-z | k=1 EX z h best'=hx                                                          3
repair sig | case A-z | k=1 EX z h best'=x                                                           3
repair sig | case A-z | k=1 SB z - best'=O*                                                          476
repair sig | case A-z | k=1 SB z - best'=O*x                                                         326
repair sig | case A-z | k=1 SB z h best'=h                                                           476
repair sig | case A-z | k=1 SB z h best'=hx                                                          290
repair sig | case A-z | k=1 SB z h best'=x                                                           210
repair sig | case A-z | k=1 SB z=best - best'=O                                                      86
repair sig | case A-z | k=1 SB z=best - best'=Ox                                                     170
repair sig | case A-z | k=1 SB z=best - best'=x                                                      454
repair sig | case A-z | k=1 SB z=best h best'=h                                                      5
repair sig | case A-z | k=1 SB z=best h best'=hx                                                     121
repair sig | case A-z | k=1 SB z=best h best'=x                                                      310
repair sig | case B-S1c | k=0 - z - best'=O*                                                         8
repair sig | case B-S1c | k=0 - z - best'=x                                                          12
repair sig | case B-S1c | k=0 - z h best'=h                                                          20
repair sig | case B-S1c | k=0 - z=best - best'=O                                                     20
repair sig | case B-S1c | k=0 - z=best - best'=O*                                                    4
repair sig | case B-S1c | k=0 - z=best h best'=h                                                     12
repair sig | case B-S1c | k=0 - z=best h best'=x                                                     12
repair sig | case B-S1c | k=0 BL z=best - best'=O*                                                   23
repair sig | case B-S1c | k=0 BL z=best h best'=h                                                    17
repair sig | case B-S1c | k=0 EX z - best'=O*                                                        38
repair sig | case B-S1c | k=0 EX z - best'=O*x                                                       54
repair sig | case B-S1c | k=0 EX z - best'=x                                                         54
repair sig | case B-S1c | k=0 EX z h best'=h                                                         5
repair sig | case B-S1c | k=0 EX z h best'=hx                                                        28
repair sig | case B-S1c | k=0 EX z h best'=x                                                         28
repair sig | case B-S1c | k=0 EX z=best - best'=O                                                    5
repair sig | case B-S1c | k=0 EX z=best h best'=h                                                    92
repair sig | case B-S1c | k=1 SB z - best'=O*x                                                       16
repair sig | case B-S1c | k=1 SB z - best'=x                                                         92
repair sig | case B-S1c | k=1 SB z h best'=hx                                                        2
repair sig | case B-S1c | k=1 SB z h best'=x                                                         86
repair sig | case B-S1c | k=1 SB z=best - best'=O                                                    28
repair sig | case B-S1c | k=1 SB z=best - best'=Ox                                                   56
repair sig | case B-S1c | k=1 SB z=best - best'=x                                                    85
repair sig | case B-S1c | k=1 SB z=best h best'=h                                                    28
repair sig | case B-S1c | k=1 SB z=best h best'=hx                                                   64
repair sig | case B-S1c | k=1 SB z=best h best'=x                                                    73
repair sig | case C | k=0 BL z - best'=O*                                                            45
repair sig | case C | k=0 BL z - best'=O*x                                                           55
repair sig | case C | k=0 BL z - best'=x                                                             11
repair sig | case C | k=0 BL z h best'=h                                                             89
repair sig | case C | k=0 BL z h best'=hx                                                            20
repair sig | case C | k=0 BL z h best'=x                                                             11
repair sig | case C | k=0 BL z=best - best'=O                                                        97
repair sig | case C | k=0 BL z=best h best'=h                                                        54
repair sig | case C | k=0 BL z=best h best'=hx                                                       64
repair sig | case C | k=0 BL z=best h best'=x                                                        11
repair sig | case C | k=0 EX z=best - best'=O                                                        7
repair sig | case C | k=0 EX z=best h best'=h                                                        8
repair sig | case C | k=0 EX z=best h best'=hx                                                       8
repair sig | case C | k=0 EX z=best h best'=x                                                        8
repair sig | case C | k=1 BL z - best'=O*                                                            7
repair sig | case C | k=1 BL z - best'=O*x                                                           45
repair sig | case C | k=1 BL z - best'=x                                                             33
repair sig | case C | k=1 BL z h best'=h                                                             4
repair sig | case C | k=1 BL z h best'=hx                                                            22
repair sig | case C | k=1 BL z h best'=x                                                             62
repair sig | case C | k=1 BL z=best - best'=O                                                        3
repair sig | case C | k=1 BL z=best - best'=Ox                                                       19
repair sig | case C | k=1 BL z=best - best'=x                                                        63
repair sig | case C | k=1 BL z=best h best'=h                                                        7
repair sig | case C | k=1 BL z=best h best'=hx                                                       44
repair sig | case C | k=1 BL z=best h best'=x                                                        49
repair sig | case C | k=1 EX z=best - best'=O                                                        7
repair sig | case C | k=1 EX z=best h best'=h                                                        8
repair sig | case C | k=1 EX z=best h best'=hx                                                       8
repair sig | case C | k=1 EX z=best h best'=x                                                        8
smallest case A-S1                                n=4 m=7 hunt_pure_m8.jsonl.gz sets=[[0, 2, 4, 6], [0, 2, 5, 6], [1, 3, 4, 6], [1, 3, 5, 6]] vals=[[6, 4, 5, 8], [2, 3, 8, 4], [3, 2, 4, 8], [3, 2, 10, 6]] P=[[6], [5], [4], [1]]
smallest case A-S1 thetas ok                      n=4 m=7 hunt_pure_m8.jsonl.gz sets=[[0, 2, 4, 6], [0, 2, 5, 6], [1, 3, 4, 6], [1, 3, 5, 6]] vals=[[6, 4, 5, 8], [2, 3, 8, 4], [3, 2, 4, 8], [3, 2, 10, 6]] P=[[6], [5], [4], [1]]
smallest case A-S1 thetas ok/theta-a              n=4 m=8 hunt_pure_m8.jsonl.gz sets=[[0, 4, 5, 7], [1, 4, 6, 7], [2, 5, 6, 7], [3, 5, 6, 7]] vals=[[3, 2, 8, 4], [7, 4, 2, 10], [2, 4, 3, 8], [3, 10, 2, 6]] P=[[0], [7], [5], [3]]
smallest case A-S1 thetas ok/theta-b              n=4 m=8 hunt_pure_m8.jsonl.gz sets=[[0, 2, 6, 7], [1, 3, 6, 7], [4, 5, 6, 7], [4, 5, 6, 7]] vals=[[2, 6, 3, 10], [5, 3, 6, 7], [10, 2, 3, 6], [10, 4, 2, 7]] P=[[2], [7], [4], [5]]
smallest case A-S1 thetas theta-a                 n=4 m=8 hunt_pure_m8.jsonl.gz sets=[[0, 1, 5, 7], [2, 3, 4, 6], [2, 3, 6, 7], [4, 5, 6, 7]] vals=[[4, 2, 3, 8], [2, 4, 3, 8], [3, 2, 4, 8], [6, 3, 10, 8]] P=[[7], [2, 3], [6], [4]]
smallest case A-z                                 n=4 m=8 hunt_pure_m8.jsonl.gz sets=[[0, 2, 4, 6], [1, 3, 5, 7], [4, 5, 6, 7], [4, 5, 6, 7]] vals=[[5, 6, 4, 8], [3, 4, 8, 2], [2, 7, 8, 4], [4, 6, 8, 1]] P=[[6], [3], [7], [5]]
smallest case B-S1c                               n=4 m=8 hunt_pure_m8.jsonl.gz sets=[[0, 4, 5, 6], [1, 4, 5, 7], [2, 3, 6, 7], [2, 3, 6, 7]] vals=[[6, 3, 10, 2], [3, 2, 10, 6], [3, 2, 4, 8], [3, 2, 4, 8]] P=[[5], [7], [6], [2, 3]]
smallest case C                                   n=4 m=8 hunt_pure_m8.jsonl.gz sets=[[0, 2, 6, 7], [1, 5, 6, 7], [2, 3, 4, 5], [3, 4, 6, 7]] vals=[[2, 3, 6, 10], [2, 3, 8, 4], [6, 7, 10, 2], [5, 3, 6, 7]] P=[[0, 2], [7], [4, 5], [6]]
smallest uncertified case A-S1                    n=4 m=8 hunt_pure_m8.jsonl.gz sets=[[0, 1, 5, 7], [2, 3, 4, 6], [2, 3, 6, 7], [4, 5, 6, 7]] vals=[[4, 2, 3, 8], [2, 4, 3, 8], [3, 2, 4, 8], [6, 3, 10, 8]] P=[[7], [2, 3], [6], [4]]
smallest uncertified case A-z                     n=4 m=8 hunt_pure_m8.jsonl.gz sets=[[0, 2, 4, 6], [1, 3, 5, 7], [4, 5, 6, 7], [4, 5, 6, 7]] vals=[[5, 6, 4, 8], [3, 4, 8, 2], [2, 7, 8, 4], [4, 6, 8, 1]] P=[[6], [3], [7], [5]]
smallest uncertified case B-S1c                   n=4 m=8 hunt_pure_m8.jsonl.gz sets=[[0, 4, 5, 6], [1, 4, 5, 7], [2, 3, 6, 7], [2, 3, 6, 7]] vals=[[6, 3, 10, 2], [3, 2, 10, 6], [3, 2, 4, 8], [3, 2, 4, 8]] P=[[5], [7], [6], [2, 3]]
smallest uncertified case C                       n=4 m=8 hunt_pure_m8.jsonl.gz sets=[[0, 2, 6, 7], [1, 5, 6, 7], [2, 3, 4, 5], [3, 4, 6, 7]] vals=[[2, 3, 6, 10], [2, 3, 8, 4], [6, 7, 10, 2], [5, 3, 6, 7]] P=[[0, 2], [7], [4, 5], [6]]
# done
