# command: python3 k4/f2_shapes.py k4/suite/.cache/rt4n5/n5b_inst.json k4/suite/.cache/rt4n5/n5c_inst.json --out=results/k4_f2/shapes_n5fail.jsonl.gz
# distinct profiles read: 10
CHAINONLY k4_certs_5_n4_4.json.gz#3206[m=9,idx=364]:108,86,1,108,27 {"sets": [[0, 2, 4, 7], [1, 4, 7, 8], [3, 6, 8], [5, 6, 7, 8], [5, 6, 7, 8]], "vals": [[6, 3, 5, 7], [4, 2, 8, 7], [2, 4, 3], [4, 8, 1, 6], [2, 7, 8, 4]], "m": 9} [[7], [8], [3], [5], [6]]
CHAINONLY k4_certs_5_n4_4.json.gz#3521[m=9,idx=679]:98,1,16,17,15 {"sets": [[0, 2, 3, 7], [1, 6, 8], [3, 5, 7, 8], [4, 5, 6, 8], [4, 6, 7, 8]], "vals": [[5, 6, 4, 8], [2, 4, 3], [2, 4, 8, 7], [2, 4, 10, 7], [2, 4, 8, 5]], "m": 9} [[7], [1], [8], [5], [6]]
CHAINONLY k4_certs_5_n4_4.json.gz#3521[m=9,idx=679]:98,1,16,17,15 {"sets": [[0, 2, 3, 7], [1, 6, 8], [3, 5, 7, 8], [4, 5, 6, 8], [4, 6, 7, 8]], "vals": [[5, 6, 4, 8], [2, 4, 3], [2, 4, 8, 7], [2, 4, 10, 7], [2, 4, 8, 5]], "m": 9} [[7], [1], [8], [4, 5], [6]]
CHAINONLY k4_certs_5_pure.json.gz#2614[m=10,idx=568]:6,9,43,24,24 {"sets": [[0, 2, 4, 8], [1, 3, 8, 9], [3, 4, 8, 9], [5, 6, 7, 9], [5, 6, 7, 9]], "vals": [[2, 6, 3, 10], [2, 8, 4, 3], [10, 2, 6, 3], [4, 2, 3, 8], [4, 2, 3, 8]], "m": 10} [[8], [9], [3], [5], [6, 7]]
CHAINONLY k4_certs_5_pure.json.gz#2614[m=10,idx=568]:6,9,43,24,24 {"sets": [[0, 2, 4, 8], [1, 3, 8, 9], [3, 4, 8, 9], [5, 6, 7, 9], [5, 6, 7, 9]], "vals": [[2, 6, 3, 10], [2, 8, 4, 3], [10, 2, 6, 3], [4, 2, 3, 8], [4, 2, 3, 8]], "m": 10} [[8], [9], [3], [6, 7], [5]]
CHAINONLY k4_certs_5_pure.json.gz#2614[m=10,idx=568]:6,11,45,0,4 {"sets": [[0, 2, 4, 8], [1, 3, 8, 9], [3, 4, 8, 9], [5, 6, 7, 9], [5, 6, 7, 9]], "vals": [[2, 6, 3, 10], [2, 10, 6, 3], [10, 3, 6, 2], [2, 3, 4, 8], [2, 4, 3, 8]], "m": 10} [[8], [9], [3], [7], [6]]
CHAINONLY k4_certs_5_pure.json.gz#2614[m=10,idx=568]:6,11,45,0,4 {"sets": [[0, 2, 4, 8], [1, 3, 8, 9], [3, 4, 8, 9], [5, 6, 7, 9], [5, 6, 7, 9]], "vals": [[2, 6, 3, 10], [2, 10, 6, 3], [10, 3, 6, 2], [2, 3, 4, 8], [2, 4, 3, 8]], "m": 10} [[8], [9], [3], [7], [5, 6]]
CHAINONLY k4_certs_5_pure.json.gz#2614[m=10,idx=568]:6,11,45,0,4 {"sets": [[0, 2, 4, 8], [1, 3, 8, 9], [3, 4, 8, 9], [5, 6, 7, 9], [5, 6, 7, 9]], "vals": [[2, 6, 3, 10], [2, 10, 6, 3], [10, 3, 6, 2], [2, 3, 4, 8], [2, 4, 3, 8]], "m": 10} [[8], [9], [3], [5, 7], [6]]
CHAINONLY k4_certs_5_pure.json.gz#2614[m=10,idx=568]:1,11,39,16,0 {"sets": [[0, 2, 4, 8], [1, 3, 8, 9], [3, 4, 8, 9], [5, 6, 7, 9], [5, 6, 7, 9]], "vals": [[2, 3, 6, 10], [2, 10, 6, 3], [8, 3, 4, 2], [3, 4, 2, 8], [2, 3, 4, 8]], "m": 10} [[8], [9], [3], [6], [7]]
CHAINONLY k4_certs_5_pure.json.gz#2614[m=10,idx=568]:1,11,39,16,0 {"sets": [[0, 2, 4, 8], [1, 3, 8, 9], [3, 4, 8, 9], [5, 6, 7, 9], [5, 6, 7, 9]], "vals": [[2, 3, 6, 10], [2, 10, 6, 3], [8, 3, 4, 2], [3, 4, 2, 8], [2, 3, 4, 8]], "m": 10} [[8], [9], [3], [6], [5, 7]]
CHAINONLY k4_certs_5_pure.json.gz#2614[m=10,idx=568]:1,11,39,16,0 {"sets": [[0, 2, 4, 8], [1, 3, 8, 9], [3, 4, 8, 9], [5, 6, 7, 9], [5, 6, 7, 9]], "vals": [[2, 3, 6, 10], [2, 10, 6, 3], [8, 3, 4, 2], [3, 4, 2, 8], [2, 3, 4, 8]], "m": 10} [[8], [9], [3], [5, 6], [7]]
CHAINONLY k4_certs_5_pure.json.gz#4170[m=12,idx=25]:1,12,8,3,11 {"sets": [[0, 2, 6, 10], [1, 4, 9, 11], [3, 5, 9, 11], [6, 7, 8, 10], [7, 8, 10, 11]], "vals": [[2, 3, 6, 10], [3, 4, 2, 8], [3, 2, 4, 8], [2, 3, 10, 6], [2, 10, 6, 3]], "m": 12} [[10], [4], [9], [8], [11]]
CHAINONLY k4_certs_5_pure.json.gz#4170[m=12,idx=25]:1,12,8,3,11 {"sets": [[0, 2, 6, 10], [1, 4, 9, 11], [3, 5, 9, 11], [6, 7, 8, 10], [7, 8, 10, 11]], "vals": [[2, 3, 6, 10], [3, 4, 2, 8], [3, 2, 4, 8], [2, 3, 10, 6], [2, 10, 6, 3]], "m": 12} [[10], [4], [3, 5], [8], [11]]
CHAINONLY k4_certs_5_pure.json.gz#4170[m=12,idx=25]:1,12,8,3,11 {"sets": [[0, 2, 6, 10], [1, 4, 9, 11], [3, 5, 9, 11], [6, 7, 8, 10], [7, 8, 10, 11]], "vals": [[2, 3, 6, 10], [3, 4, 2, 8], [3, 2, 4, 8], [2, 3, 10, 6], [2, 10, 6, 3]], "m": 12} [[10], [4], [3, 9], [8], [11]]
CHAINONLY k4_certs_5_pure.json.gz#4170[m=12,idx=25]:1,12,8,3,11 {"sets": [[0, 2, 6, 10], [1, 4, 9, 11], [3, 5, 9, 11], [6, 7, 8, 10], [7, 8, 10, 11]], "vals": [[2, 3, 6, 10], [3, 4, 2, 8], [3, 2, 4, 8], [2, 3, 10, 6], [2, 10, 6, 3]], "m": 12} [[10], [4], [5, 9], [8], [11]]
CHAINONLY k4_certs_5_pure.json.gz#4170[m=12,idx=25]:1,12,8,3,11 {"sets": [[0, 2, 6, 10], [1, 4, 9, 11], [3, 5, 9, 11], [6, 7, 8, 10], [7, 8, 10, 11]], "vals": [[2, 3, 6, 10], [3, 4, 2, 8], [3, 2, 4, 8], [2, 3, 10, 6], [2, 10, 6, 3]], "m": 12} [[10], [1, 4], [9], [8], [11]]
CHAINONLY k4_certs_5_pure.json.gz#4170[m=12,idx=25]:1,12,8,3,11 {"sets": [[0, 2, 6, 10], [1, 4, 9, 11], [3, 5, 9, 11], [6, 7, 8, 10], [7, 8, 10, 11]], "vals": [[2, 3, 6, 10], [3, 4, 2, 8], [3, 2, 4, 8], [2, 3, 10, 6], [2, 10, 6, 3]], "m": 12} [[10], [1, 4], [3, 5], [8], [11]]
CHAINONLY k4_certs_5_pure.json.gz#4170[m=12,idx=25]:1,12,8,3,11 {"sets": [[0, 2, 6, 10], [1, 4, 9, 11], [3, 5, 9, 11], [6, 7, 8, 10], [7, 8, 10, 11]], "vals": [[2, 3, 6, 10], [3, 4, 2, 8], [3, 2, 4, 8], [2, 3, 10, 6], [2, 10, 6, 3]], "m": 12} [[10], [1, 4], [3, 9], [8], [11]]
CHAINONLY k4_certs_5_pure.json.gz#4170[m=12,idx=25]:1,12,8,3,11 {"sets": [[0, 2, 6, 10], [1, 4, 9, 11], [3, 5, 9, 11], [6, 7, 8, 10], [7, 8, 10, 11]], "vals": [[2, 3, 6, 10], [3, 4, 2, 8], [3, 2, 4, 8], [2, 3, 10, 6], [2, 10, 6, 3]], "m": 12} [[10], [1, 4], [5, 9], [8], [11]]
CHAINONLY k4_certs_5_pure.json.gz#4170[m=12,idx=25]:1,12,8,3,11 {"sets": [[0, 2, 6, 10], [1, 4, 9, 11], [3, 5, 9, 11], [6, 7, 8, 10], [7, 8, 10, 11]], "vals": [[2, 3, 6, 10], [3, 4, 2, 8], [3, 2, 4, 8], [2, 3, 10, 6], [2, 10, 6, 3]], "m": 12} [[10], [1, 9], [3, 5], [8], [11]]
CHAINONLY k4_certs_5_pure.json.gz#4170[m=12,idx=25]:1,12,8,3,11 {"sets": [[0, 2, 6, 10], [1, 4, 9, 11], [3, 5, 9, 11], [6, 7, 8, 10], [7, 8, 10, 11]], "vals": [[2, 3, 6, 10], [3, 4, 2, 8], [3, 2, 4, 8], [2, 3, 10, 6], [2, 10, 6, 3]], "m": 12} [[10], [4, 9], [3, 5], [8], [11]]
CHAINONLY k4_certs_5_pure.json.gz#4170[m=12,idx=25]:4,8,16,22,43 {"sets": [[0, 2, 6, 10], [1, 4, 9, 11], [3, 5, 9, 11], [6, 7, 8, 10], [7, 8, 10, 11]], "vals": [[2, 4, 3, 8], [3, 2, 4, 8], [4, 2, 3, 8], [3, 10, 2, 6], [10, 2, 6, 3]], "m": 12} [[10], [9], [3], [7], [11]]
CHAINONLY k4_certs_5_pure.json.gz#4170[m=12,idx=25]:4,8,16,22,43 {"sets": [[0, 2, 6, 10], [1, 4, 9, 11], [3, 5, 9, 11], [6, 7, 8, 10], [7, 8, 10, 11]], "vals": [[2, 4, 3, 8], [3, 2, 4, 8], [4, 2, 3, 8], [3, 10, 2, 6], [10, 2, 6, 3]], "m": 12} [[10], [9], [3, 5], [7], [11]]
CHAINONLY k4_certs_5_pure.json.gz#4170[m=12,idx=25]:4,8,16,22,43 {"sets": [[0, 2, 6, 10], [1, 4, 9, 11], [3, 5, 9, 11], [6, 7, 8, 10], [7, 8, 10, 11]], "vals": [[2, 4, 3, 8], [3, 2, 4, 8], [4, 2, 3, 8], [3, 10, 2, 6], [10, 2, 6, 3]], "m": 12} [[10], [1, 4], [3], [7], [11]]
CHAINONLY k4_certs_5_pure.json.gz#4170[m=12,idx=25]:4,8,16,22,43 {"sets": [[0, 2, 6, 10], [1, 4, 9, 11], [3, 5, 9, 11], [6, 7, 8, 10], [7, 8, 10, 11]], "vals": [[2, 4, 3, 8], [3, 2, 4, 8], [4, 2, 3, 8], [3, 10, 2, 6], [10, 2, 6, 3]], "m": 12} [[10], [1, 4], [3, 5], [7], [11]]
CHAINONLY k4_certs_5_pure.json.gz#4170[m=12,idx=25]:4,8,16,22,43 {"sets": [[0, 2, 6, 10], [1, 4, 9, 11], [3, 5, 9, 11], [6, 7, 8, 10], [7, 8, 10, 11]], "vals": [[2, 4, 3, 8], [3, 2, 4, 8], [4, 2, 3, 8], [3, 10, 2, 6], [10, 2, 6, 3]], "m": 12} [[10], [1, 4], [3, 9], [7], [11]]
CHAINONLY k4_certs_5_pure.json.gz#4170[m=12,idx=25]:4,8,16,22,43 {"sets": [[0, 2, 6, 10], [1, 4, 9, 11], [3, 5, 9, 11], [6, 7, 8, 10], [7, 8, 10, 11]], "vals": [[2, 4, 3, 8], [3, 2, 4, 8], [4, 2, 3, 8], [3, 10, 2, 6], [10, 2, 6, 3]], "m": 12} [[10], [1, 4], [5, 9], [7], [11]]
CHAINONLY k4_certs_5_pure.json.gz#4170[m=12,idx=25]:4,8,16,22,43 {"sets": [[0, 2, 6, 10], [1, 4, 9, 11], [3, 5, 9, 11], [6, 7, 8, 10], [7, 8, 10, 11]], "vals": [[2, 4, 3, 8], [3, 2, 4, 8], [4, 2, 3, 8], [3, 10, 2, 6], [10, 2, 6, 3]], "m": 12} [[10], [1, 9], [3], [7], [11]]
CHAINONLY k4_certs_5_pure.json.gz#4170[m=12,idx=25]:4,8,16,22,43 {"sets": [[0, 2, 6, 10], [1, 4, 9, 11], [3, 5, 9, 11], [6, 7, 8, 10], [7, 8, 10, 11]], "vals": [[2, 4, 3, 8], [3, 2, 4, 8], [4, 2, 3, 8], [3, 10, 2, 6], [10, 2, 6, 3]], "m": 12} [[10], [1, 9], [3, 5], [7], [11]]
CHAINONLY k4_certs_5_pure.json.gz#4170[m=12,idx=25]:4,8,16,22,43 {"sets": [[0, 2, 6, 10], [1, 4, 9, 11], [3, 5, 9, 11], [6, 7, 8, 10], [7, 8, 10, 11]], "vals": [[2, 4, 3, 8], [3, 2, 4, 8], [4, 2, 3, 8], [3, 10, 2, 6], [10, 2, 6, 3]], "m": 12} [[10], [4, 9], [3], [7], [11]]
CHAINONLY k4_certs_5_pure.json.gz#4170[m=12,idx=25]:4,8,16,22,43 {"sets": [[0, 2, 6, 10], [1, 4, 9, 11], [3, 5, 9, 11], [6, 7, 8, 10], [7, 8, 10, 11]], "vals": [[2, 4, 3, 8], [3, 2, 4, 8], [4, 2, 3, 8], [3, 10, 2, 6], [10, 2, 6, 3]], "m": 12} [[10], [4, 9], [3, 5], [7], [11]]
CHAINONLY k4_certs_5_pure.json.gz#4170[m=12,idx=25]:22,18,4,10,37 {"sets": [[0, 2, 6, 10], [1, 4, 9, 11], [3, 5, 9, 11], [6, 7, 8, 10], [7, 8, 10, 11]], "vals": [[6, 3, 2, 10], [4, 3, 2, 8], [2, 4, 3, 8], [2, 10, 3, 6], [8, 2, 4, 3]], "m": 12} [[10], [1], [5], [7], [11]]
CHAINONLY k4_certs_5_pure.json.gz#4170[m=12,idx=25]:22,18,4,10,37 {"sets": [[0, 2, 6, 10], [1, 4, 9, 11], [3, 5, 9, 11], [6, 7, 8, 10], [7, 8, 10, 11]], "vals": [[6, 3, 2, 10], [4, 3, 2, 8], [2, 4, 3, 8], [2, 10, 3, 6], [8, 2, 4, 3]], "m": 12} [[10], [1], [3, 5], [7], [11]]
CHAINONLY k4_certs_5_pure.json.gz#4170[m=12,idx=25]:22,18,4,10,37 {"sets": [[0, 2, 6, 10], [1, 4, 9, 11], [3, 5, 9, 11], [6, 7, 8, 10], [7, 8, 10, 11]], "vals": [[6, 3, 2, 10], [4, 3, 2, 8], [2, 4, 3, 8], [2, 10, 3, 6], [8, 2, 4, 3]], "m": 12} [[10], [1], [3, 9], [7], [11]]
CHAINONLY k4_certs_5_pure.json.gz#4170[m=12,idx=25]:22,18,4,10,37 {"sets": [[0, 2, 6, 10], [1, 4, 9, 11], [3, 5, 9, 11], [6, 7, 8, 10], [7, 8, 10, 11]], "vals": [[6, 3, 2, 10], [4, 3, 2, 8], [2, 4, 3, 8], [2, 10, 3, 6], [8, 2, 4, 3]], "m": 12} [[10], [1], [5, 9], [7], [11]]
CHAINONLY k4_certs_5_pure.json.gz#4170[m=12,idx=25]:22,18,4,10,37 {"sets": [[0, 2, 6, 10], [1, 4, 9, 11], [3, 5, 9, 11], [6, 7, 8, 10], [7, 8, 10, 11]], "vals": [[6, 3, 2, 10], [4, 3, 2, 8], [2, 4, 3, 8], [2, 10, 3, 6], [8, 2, 4, 3]], "m": 12} [[10], [1, 4], [5], [7], [11]]
CHAINONLY k4_certs_5_pure.json.gz#4170[m=12,idx=25]:22,18,4,10,37 {"sets": [[0, 2, 6, 10], [1, 4, 9, 11], [3, 5, 9, 11], [6, 7, 8, 10], [7, 8, 10, 11]], "vals": [[6, 3, 2, 10], [4, 3, 2, 8], [2, 4, 3, 8], [2, 10, 3, 6], [8, 2, 4, 3]], "m": 12} [[10], [1, 4], [3, 5], [7], [11]]
CHAINONLY k4_certs_5_pure.json.gz#4170[m=12,idx=25]:22,18,4,10,37 {"sets": [[0, 2, 6, 10], [1, 4, 9, 11], [3, 5, 9, 11], [6, 7, 8, 10], [7, 8, 10, 11]], "vals": [[6, 3, 2, 10], [4, 3, 2, 8], [2, 4, 3, 8], [2, 10, 3, 6], [8, 2, 4, 3]], "m": 12} [[10], [1, 4], [3, 9], [7], [11]]
CHAINONLY k4_certs_5_pure.json.gz#4170[m=12,idx=25]:22,18,4,10,37 {"sets": [[0, 2, 6, 10], [1, 4, 9, 11], [3, 5, 9, 11], [6, 7, 8, 10], [7, 8, 10, 11]], "vals": [[6, 3, 2, 10], [4, 3, 2, 8], [2, 4, 3, 8], [2, 10, 3, 6], [8, 2, 4, 3]], "m": 12} [[10], [1, 4], [5, 9], [7], [11]]
CHAINONLY k4_certs_5_pure.json.gz#4170[m=12,idx=25]:22,18,4,10,37 {"sets": [[0, 2, 6, 10], [1, 4, 9, 11], [3, 5, 9, 11], [6, 7, 8, 10], [7, 8, 10, 11]], "vals": [[6, 3, 2, 10], [4, 3, 2, 8], [2, 4, 3, 8], [2, 10, 3, 6], [8, 2, 4, 3]], "m": 12} [[10], [1, 9], [5], [7], [11]]
CHAINONLY k4_certs_5_pure.json.gz#4170[m=12,idx=25]:22,18,4,10,37 {"sets": [[0, 2, 6, 10], [1, 4, 9, 11], [3, 5, 9, 11], [6, 7, 8, 10], [7, 8, 10, 11]], "vals": [[6, 3, 2, 10], [4, 3, 2, 8], [2, 4, 3, 8], [2, 10, 3, 6], [8, 2, 4, 3]], "m": 12} [[10], [1, 9], [3, 5], [7], [11]]
CHAINONLY k4_certs_5_pure.json.gz#4170[m=12,idx=25]:22,18,4,10,37 {"sets": [[0, 2, 6, 10], [1, 4, 9, 11], [3, 5, 9, 11], [6, 7, 8, 10], [7, 8, 10, 11]], "vals": [[6, 3, 2, 10], [4, 3, 2, 8], [2, 4, 3, 8], [2, 10, 3, 6], [8, 2, 4, 3]], "m": 12} [[10], [4, 9], [5], [7], [11]]
CHAINONLY k4_certs_5_pure.json.gz#4170[m=12,idx=25]:22,18,4,10,37 {"sets": [[0, 2, 6, 10], [1, 4, 9, 11], [3, 5, 9, 11], [6, 7, 8, 10], [7, 8, 10, 11]], "vals": [[6, 3, 2, 10], [4, 3, 2, 8], [2, 4, 3, 8], [2, 10, 3, 6], [8, 2, 4, 3]], "m": 12} [[10], [4, 9], [3, 5], [7], [11]]
CHAINONLY k4_certs_5_pure.json.gz#4214[m=12,idx=69]:0,12,4,11,39 {"sets": [[0, 2, 8, 10], [1, 4, 9, 11], [3, 6, 9, 11], [5, 7, 10, 11], [7, 8, 10, 11]], "vals": [[2, 3, 4, 8], [3, 4, 2, 8], [2, 4, 3, 8], [2, 10, 6, 3], [8, 3, 4, 2]], "m": 12} [[10], [4], [6], [11], [7]]
CHAINONLY k4_certs_5_pure.json.gz#4214[m=12,idx=69]:0,12,4,11,39 {"sets": [[0, 2, 8, 10], [1, 4, 9, 11], [3, 6, 9, 11], [5, 7, 10, 11], [7, 8, 10, 11]], "vals": [[2, 3, 4, 8], [3, 4, 2, 8], [2, 4, 3, 8], [2, 10, 6, 3], [8, 3, 4, 2]], "m": 12} [[10], [4], [3, 6], [11], [7]]
CHAINONLY k4_certs_5_pure.json.gz#4214[m=12,idx=69]:0,12,4,11,39 {"sets": [[0, 2, 8, 10], [1, 4, 9, 11], [3, 6, 9, 11], [5, 7, 10, 11], [7, 8, 10, 11]], "vals": [[2, 3, 4, 8], [3, 4, 2, 8], [2, 4, 3, 8], [2, 10, 6, 3], [8, 3, 4, 2]], "m": 12} [[10], [4], [3, 9], [11], [7]]
CHAINONLY k4_certs_5_pure.json.gz#4214[m=12,idx=69]:0,12,4,11,39 {"sets": [[0, 2, 8, 10], [1, 4, 9, 11], [3, 6, 9, 11], [5, 7, 10, 11], [7, 8, 10, 11]], "vals": [[2, 3, 4, 8], [3, 4, 2, 8], [2, 4, 3, 8], [2, 10, 6, 3], [8, 3, 4, 2]], "m": 12} [[10], [4], [6, 9], [11], [7]]
CHAINONLY k4_certs_5_pure.json.gz#4214[m=12,idx=69]:0,12,4,11,39 {"sets": [[0, 2, 8, 10], [1, 4, 9, 11], [3, 6, 9, 11], [5, 7, 10, 11], [7, 8, 10, 11]], "vals": [[2, 3, 4, 8], [3, 4, 2, 8], [2, 4, 3, 8], [2, 10, 6, 3], [8, 3, 4, 2]], "m": 12} [[10], [1, 4], [6], [11], [7]]
CHAINONLY k4_certs_5_pure.json.gz#4214[m=12,idx=69]:0,12,4,11,39 {"sets": [[0, 2, 8, 10], [1, 4, 9, 11], [3, 6, 9, 11], [5, 7, 10, 11], [7, 8, 10, 11]], "vals": [[2, 3, 4, 8], [3, 4, 2, 8], [2, 4, 3, 8], [2, 10, 6, 3], [8, 3, 4, 2]], "m": 12} [[10], [1, 4], [3, 6], [11], [7]]
CHAINONLY k4_certs_5_pure.json.gz#4214[m=12,idx=69]:0,12,4,11,39 {"sets": [[0, 2, 8, 10], [1, 4, 9, 11], [3, 6, 9, 11], [5, 7, 10, 11], [7, 8, 10, 11]], "vals": [[2, 3, 4, 8], [3, 4, 2, 8], [2, 4, 3, 8], [2, 10, 6, 3], [8, 3, 4, 2]], "m": 12} [[10], [1, 4], [3, 9], [11], [7]]
CHAINONLY k4_certs_5_pure.json.gz#4214[m=12,idx=69]:0,12,4,11,39 {"sets": [[0, 2, 8, 10], [1, 4, 9, 11], [3, 6, 9, 11], [5, 7, 10, 11], [7, 8, 10, 11]], "vals": [[2, 3, 4, 8], [3, 4, 2, 8], [2, 4, 3, 8], [2, 10, 6, 3], [8, 3, 4, 2]], "m": 12} [[10], [1, 4], [6, 9], [11], [7]]
CHAINONLY k4_certs_5_pure.json.gz#4214[m=12,idx=69]:0,12,4,11,39 {"sets": [[0, 2, 8, 10], [1, 4, 9, 11], [3, 6, 9, 11], [5, 7, 10, 11], [7, 8, 10, 11]], "vals": [[2, 3, 4, 8], [3, 4, 2, 8], [2, 4, 3, 8], [2, 10, 6, 3], [8, 3, 4, 2]], "m": 12} [[10], [1, 9], [6], [11], [7]]
CHAINONLY k4_certs_5_pure.json.gz#4214[m=12,idx=69]:0,12,4,11,39 {"sets": [[0, 2, 8, 10], [1, 4, 9, 11], [3, 6, 9, 11], [5, 7, 10, 11], [7, 8, 10, 11]], "vals": [[2, 3, 4, 8], [3, 4, 2, 8], [2, 4, 3, 8], [2, 10, 6, 3], [8, 3, 4, 2]], "m": 12} [[10], [1, 9], [3, 6], [11], [7]]
CHAINONLY k4_certs_5_pure.json.gz#4214[m=12,idx=69]:0,12,4,11,39 {"sets": [[0, 2, 8, 10], [1, 4, 9, 11], [3, 6, 9, 11], [5, 7, 10, 11], [7, 8, 10, 11]], "vals": [[2, 3, 4, 8], [3, 4, 2, 8], [2, 4, 3, 8], [2, 10, 6, 3], [8, 3, 4, 2]], "m": 12} [[10], [4, 9], [6], [11], [7]]
CHAINONLY k4_certs_5_pure.json.gz#4214[m=12,idx=69]:0,12,4,11,39 {"sets": [[0, 2, 8, 10], [1, 4, 9, 11], [3, 6, 9, 11], [5, 7, 10, 11], [7, 8, 10, 11]], "vals": [[2, 3, 4, 8], [3, 4, 2, 8], [2, 4, 3, 8], [2, 10, 6, 3], [8, 3, 4, 2]], "m": 12} [[10], [4, 9], [3, 6], [11], [7]]
CHAINONLY k4_certs_5_pure.json.gz#4214[m=12,idx=69]:12,12,18,11,43 {"sets": [[0, 2, 8, 10], [1, 4, 9, 11], [3, 6, 9, 11], [5, 7, 10, 11], [7, 8, 10, 11]], "vals": [[3, 4, 2, 8], [3, 4, 2, 8], [4, 3, 2, 8], [2, 10, 6, 3], [10, 2, 6, 3]], "m": 12} [[10], [4], [3], [11], [7]]
CHAINONLY k4_certs_5_pure.json.gz#4214[m=12,idx=69]:12,12,18,11,43 {"sets": [[0, 2, 8, 10], [1, 4, 9, 11], [3, 6, 9, 11], [5, 7, 10, 11], [7, 8, 10, 11]], "vals": [[3, 4, 2, 8], [3, 4, 2, 8], [4, 3, 2, 8], [2, 10, 6, 3], [10, 2, 6, 3]], "m": 12} [[10], [4], [3, 6], [11], [7]]
CHAINONLY k4_certs_5_pure.json.gz#4214[m=12,idx=69]:12,12,18,11,43 {"sets": [[0, 2, 8, 10], [1, 4, 9, 11], [3, 6, 9, 11], [5, 7, 10, 11], [7, 8, 10, 11]], "vals": [[3, 4, 2, 8], [3, 4, 2, 8], [4, 3, 2, 8], [2, 10, 6, 3], [10, 2, 6, 3]], "m": 12} [[10], [4], [3, 9], [11], [7]]
CHAINONLY k4_certs_5_pure.json.gz#4214[m=12,idx=69]:12,12,18,11,43 {"sets": [[0, 2, 8, 10], [1, 4, 9, 11], [3, 6, 9, 11], [5, 7, 10, 11], [7, 8, 10, 11]], "vals": [[3, 4, 2, 8], [3, 4, 2, 8], [4, 3, 2, 8], [2, 10, 6, 3], [10, 2, 6, 3]], "m": 12} [[10], [4], [6, 9], [11], [7]]
CHAINONLY k4_certs_5_pure.json.gz#4214[m=12,idx=69]:12,12,18,11,43 {"sets": [[0, 2, 8, 10], [1, 4, 9, 11], [3, 6, 9, 11], [5, 7, 10, 11], [7, 8, 10, 11]], "vals": [[3, 4, 2, 8], [3, 4, 2, 8], [4, 3, 2, 8], [2, 10, 6, 3], [10, 2, 6, 3]], "m": 12} [[10], [1, 4], [3], [11], [7]]
CHAINONLY k4_certs_5_pure.json.gz#4214[m=12,idx=69]:12,12,18,11,43 {"sets": [[0, 2, 8, 10], [1, 4, 9, 11], [3, 6, 9, 11], [5, 7, 10, 11], [7, 8, 10, 11]], "vals": [[3, 4, 2, 8], [3, 4, 2, 8], [4, 3, 2, 8], [2, 10, 6, 3], [10, 2, 6, 3]], "m": 12} [[10], [1, 4], [3, 6], [11], [7]]
CHAINONLY k4_certs_5_pure.json.gz#4214[m=12,idx=69]:12,12,18,11,43 {"sets": [[0, 2, 8, 10], [1, 4, 9, 11], [3, 6, 9, 11], [5, 7, 10, 11], [7, 8, 10, 11]], "vals": [[3, 4, 2, 8], [3, 4, 2, 8], [4, 3, 2, 8], [2, 10, 6, 3], [10, 2, 6, 3]], "m": 12} [[10], [1, 4], [3, 9], [11], [7]]
CHAINONLY k4_certs_5_pure.json.gz#4214[m=12,idx=69]:12,12,18,11,43 {"sets": [[0, 2, 8, 10], [1, 4, 9, 11], [3, 6, 9, 11], [5, 7, 10, 11], [7, 8, 10, 11]], "vals": [[3, 4, 2, 8], [3, 4, 2, 8], [4, 3, 2, 8], [2, 10, 6, 3], [10, 2, 6, 3]], "m": 12} [[10], [1, 4], [6, 9], [11], [7]]
CHAINONLY k4_certs_5_pure.json.gz#4214[m=12,idx=69]:12,12,18,11,43 {"sets": [[0, 2, 8, 10], [1, 4, 9, 11], [3, 6, 9, 11], [5, 7, 10, 11], [7, 8, 10, 11]], "vals": [[3, 4, 2, 8], [3, 4, 2, 8], [4, 3, 2, 8], [2, 10, 6, 3], [10, 2, 6, 3]], "m": 12} [[10], [1, 9], [3], [11], [7]]
CHAINONLY k4_certs_5_pure.json.gz#4214[m=12,idx=69]:12,12,18,11,43 {"sets": [[0, 2, 8, 10], [1, 4, 9, 11], [3, 6, 9, 11], [5, 7, 10, 11], [7, 8, 10, 11]], "vals": [[3, 4, 2, 8], [3, 4, 2, 8], [4, 3, 2, 8], [2, 10, 6, 3], [10, 2, 6, 3]], "m": 12} [[10], [1, 9], [3, 6], [11], [7]]
CHAINONLY k4_certs_5_pure.json.gz#4214[m=12,idx=69]:12,12,18,11,43 {"sets": [[0, 2, 8, 10], [1, 4, 9, 11], [3, 6, 9, 11], [5, 7, 10, 11], [7, 8, 10, 11]], "vals": [[3, 4, 2, 8], [3, 4, 2, 8], [4, 3, 2, 8], [2, 10, 6, 3], [10, 2, 6, 3]], "m": 12} [[10], [4, 9], [3], [11], [7]]
CHAINONLY k4_certs_5_pure.json.gz#4214[m=12,idx=69]:12,12,18,11,43 {"sets": [[0, 2, 8, 10], [1, 4, 9, 11], [3, 6, 9, 11], [5, 7, 10, 11], [7, 8, 10, 11]], "vals": [[3, 4, 2, 8], [3, 4, 2, 8], [4, 3, 2, 8], [2, 10, 6, 3], [10, 2, 6, 3]], "m": 12} [[10], [4, 9], [3, 6], [11], [7]]
DL_RT4 fails (only chains, W != {}) | case B-S1c                                                     67
T3-stage                                                                                             168
T3-stage f=3                                                                                         168
T3-stage not T4-optimal                                                                              2
case A-S1                                                                                            87
case A-S1 thetas ok                                                                                  23
case A-S1 thetas ok/theta-b                                                                          54
case A-S1 thetas theta-b                                                                             10
case A-S1 | x roles of the plain T3 repairs -/SB                                                     64
case A-S1 | x roles of the plain T3 repairs SB                                                       23
case B-S1c                                                                                           81
case B-S1c | x roles of the plain T3 repairs (none)                                                  67
case B-S1c | x roles of the plain T3 repairs -                                                       14
case B-S1c, frozen agents on the shortest need paths [1]                                             81
cert C1 | case A-S1                                                                                  77
cert C2 | case B-S1c                                                                                 7
cert C3 | case A-S1                                                                                  10
cert none | case B-S1c                                                                               74
def>0 states                                                                                         168
key graph: no single T3/T4 edge to a smaller def* (RT4)                                              10
keys def*>0                                                                                          41
profiles                                                                                             10
profiles f=3 n=5                                                                                     10
profiles f>=2, omega>=1                                                                              10
repair sig | case A-S1 | k=0 - z - best'=O*                                                          10
repair sig | case A-S1 | k=0 - z h best'=h                                                           10
repair sig | case A-S1 | k=0 - z=best - best'=O*                                                     54
repair sig | case A-S1 | k=0 - z=best h best'=h                                                      54
repair sig | case A-S1 | k=0 SB z - best'=O*                                                         4
repair sig | case A-S1 | k=0 SB z - best'=O*x                                                        10
repair sig | case A-S1 | k=0 SB z h best'=hx                                                         4
repair sig | case A-S1 | k=0 SB z h best'=x                                                          10
repair sig | case A-S1 | k=0 SB z=best - best'=O*x                                                   16
repair sig | case A-S1 | k=0 SB z=best - best'=x                                                     77
repair sig | case A-S1 | k=0 SB z=best h best'=h                                                     9
repair sig | case A-S1 | k=0 SB z=best h best'=hx                                                    25
repair sig | case A-S1 | k=0 SB z=best h best'=x                                                     56
repair sig | case A-S1 | k=0+cyc SB z=best - best'=O*x                                               4
repair sig | case A-S1 | k=0+cyc SB z=best - best'=x                                                 20
repair sig | case A-S1 | k=0+cyc SB z=best h best'=x                                                 4
repair sig | case A-S1 | k=1 SB z - best'=O*                                                         4
repair sig | case A-S1 | k=1 SB z - best'=O*x                                                        10
repair sig | case A-S1 | k=1 SB z h best'=hx                                                         4
repair sig | case A-S1 | k=1 SB z h best'=x                                                          10
repair sig | case A-S1 | k=1 SB z=best - best'=O*x                                                   18
repair sig | case A-S1 | k=1 SB z=best - best'=x                                                     66
repair sig | case A-S1 | k=1 SB z=best h best'=h                                                     9
repair sig | case A-S1 | k=1 SB z=best h best'=hx                                                    25
repair sig | case A-S1 | k=1 SB z=best h best'=x                                                     58
repair sig | case A-S1 | k=2 SB z=best - best'=O*x                                                   6
repair sig | case A-S1 | k=2 SB z=best - best'=x                                                     12
repair sig | case A-S1 | k=2 SB z=best h best'=x                                                     6
repair sig | case B-S1c | k=0 - z - best'=O*                                                         2
repair sig | case B-S1c | k=0 - z h best'=h                                                          2
repair sig | case B-S1c | k=0 - z=best - best'=O                                                     2
repair sig | case B-S1c | k=0 - z=best - best'=O*                                                    12
repair sig | case B-S1c | k=0 - z=best h best'=h                                                     14
repair sig | case B-S1c | k=1 - z - best'=O*                                                         6
repair sig | case B-S1c | k=1 - z h best'=h                                                          6
repair sig | case B-S1c | k=1 - z=best - best'=O                                                     6
repair sig | case B-S1c | k=1 - z=best - best'=O*                                                    58
repair sig | case B-S1c | k=1 - z=best h best'=h                                                     64
repair sig | case B-S1c | k=1 SB z - best'=O*x                                                       1
repair sig | case B-S1c | k=1 SB z - best'=x                                                         8
repair sig | case B-S1c | k=1 SB z h best'=x                                                         9
repair sig | case B-S1c | k=1 SB z=best - best'=O*                                                   14
repair sig | case B-S1c | k=1 SB z=best - best'=O*x                                                  50
repair sig | case B-S1c | k=1 SB z=best - best'=x                                                    75
repair sig | case B-S1c | k=1 SB z=best h best'=h                                                    16
repair sig | case B-S1c | k=1 SB z=best h best'=hx                                                   54
repair sig | case B-S1c | k=1 SB z=best h best'=x                                                    78
repair sig | case B-S1c | k=2 SB z - best'=O*x                                                       1
repair sig | case B-S1c | k=2 SB z - best'=x                                                         8
repair sig | case B-S1c | k=2 SB z h best'=x                                                         9
repair sig | case B-S1c | k=2 SB z=best - best'=O*                                                   14
repair sig | case B-S1c | k=2 SB z=best - best'=O*x                                                  50
repair sig | case B-S1c | k=2 SB z=best - best'=x                                                    75
repair sig | case B-S1c | k=2 SB z=best h best'=h                                                    16
repair sig | case B-S1c | k=2 SB z=best h best'=hx                                                   54
repair sig | case B-S1c | k=2 SB z=best h best'=x                                                    78
smallest case A-S1                                n=5 m=9 k4_certs_5_n4_4.json.gz#3206[m=9,idx=364]:108,86,1,108,27 sets=[[0, 2, 4, 7], [1, 4, 7, 8], [3, 6, 8], [5, 6, 7, 8], [5, 6, 7, 8]] vals=[[6, 3, 5, 7], [4, 2, 8, 7], [2, 4, 3], [4, 8, 1, 6], [2, 7, 8, 4]] P=[[7], [1], [3], [6], [8]]
smallest case A-S1 thetas ok                      n=5 m=9 k4_certs_5_n4_4.json.gz#3206[m=9,idx=364]:108,86,1,108,27 sets=[[0, 2, 4, 7], [1, 4, 7, 8], [3, 6, 8], [5, 6, 7, 8], [5, 6, 7, 8]] vals=[[6, 3, 5, 7], [4, 2, 8, 7], [2, 4, 3], [4, 8, 1, 6], [2, 7, 8, 4]] P=[[7], [1], [3], [6], [8]]
smallest case A-S1 thetas ok/theta-b              n=5 m=10 k4_certs_5_pure.json.gz#2614[m=10,idx=568]:6,9,43,24,24 sets=[[0, 2, 4, 8], [1, 3, 8, 9], [3, 4, 8, 9], [5, 6, 7, 9], [5, 6, 7, 9]] vals=[[2, 6, 3, 10], [2, 8, 4, 3], [10, 2, 6, 3], [4, 2, 3, 8], [4, 2, 3, 8]] P=[[8], [1], [3], [5], [9]]
smallest case A-S1 thetas theta-b                 n=5 m=12 k4_certs_5_pure.json.gz#4170[m=12,idx=25]:1,12,8,3,11 sets=[[0, 2, 6, 10], [1, 4, 9, 11], [3, 5, 9, 11], [6, 7, 8, 10], [7, 8, 10, 11]] vals=[[2, 3, 6, 10], [3, 4, 2, 8], [3, 2, 4, 8], [2, 3, 10, 6], [2, 10, 6, 3]] P=[[10], [11], [3, 5], [8], [7]]
smallest case B-S1c                               n=5 m=9 k4_certs_5_n4_4.json.gz#3206[m=9,idx=364]:108,86,1,108,27 sets=[[0, 2, 4, 7], [1, 4, 7, 8], [3, 6, 8], [5, 6, 7, 8], [5, 6, 7, 8]] vals=[[6, 3, 5, 7], [4, 2, 8, 7], [2, 4, 3], [4, 8, 1, 6], [2, 7, 8, 4]] P=[[7], [8], [3], [5], [6]]
smallest chain only, case B-S1c                   n=5 m=9 k4_certs_5_n4_4.json.gz#3206[m=9,idx=364]:108,86,1,108,27 sets=[[0, 2, 4, 7], [1, 4, 7, 8], [3, 6, 8], [5, 6, 7, 8], [5, 6, 7, 8]] vals=[[6, 3, 5, 7], [4, 2, 8, 7], [2, 4, 3], [4, 8, 1, 6], [2, 7, 8, 4]] P=[[7], [8], [3], [5], [6]]
smallest uncertified case B-S1c                   n=5 m=9 k4_certs_5_n4_4.json.gz#3206[m=9,idx=364]:108,86,1,108,27 sets=[[0, 2, 4, 7], [1, 4, 7, 8], [3, 6, 8], [5, 6, 7, 8], [5, 6, 7, 8]] vals=[[6, 3, 5, 7], [4, 2, 8, 7], [2, 4, 3], [4, 8, 1, 6], [2, 7, 8, 4]] P=[[7], [8], [3], [5], [6]]
# done
