# command: python3 k4/f2_shapes.py results/k4_rt4/dump_n5b_3.jsonl.gz results/k4_rt4/dump_n5b_3bt.jsonl.gz results/k4_rt4/dump_n5b_4.jsonl.gz results/k4_rt4/dump_n5b_4bt.jsonl.gz results/k4_rt4/dump_n5c_purebt.jsonl.gz results/k4_rt4/dump_n5c_pure.jsonl.gz --t3br --chunk=4/8 --out=results/k4_f2/shapes5_4.jsonl.gz
# distinct profiles read: 237
T3-stage                                                                                             1387
T3-stage f=2                                                                                         832
T3-stage f=3                                                                                         545
T3-stage f=4                                                                                         10
T3-stage not T4-optimal                                                                              3
case A-S1                                                                                            1178
case A-S1 thetas ok                                                                                  833
case A-S1 thetas ok/theta-a                                                                          36
case A-S1 thetas ok/theta-a/theta-b                                                                  4
case A-S1 thetas ok/theta-b                                                                          254
case A-S1 thetas theta-a                                                                             4
case A-S1 thetas theta-a/theta-b                                                                     1
case A-S1 thetas theta-b                                                                             46
case A-S1 | x roles of the plain T3 repairs -/EX/SB                                                  3
case A-S1 | x roles of the plain T3 repairs -/SB                                                     341
case A-S1 | x roles of the plain T3 repairs BL/SB                                                    23
case A-S1 | x roles of the plain T3 repairs EX/SB                                                    62
case A-S1 | x roles of the plain T3 repairs SB                                                       749
case A-z                                                                                             175
case A-z | every repair has a helper                                                                 3
case A-z | x roles of the plain T3 repairs -/SB                                                      116
case A-z | x roles of the plain T3 repairs BL/SB                                                     8
case A-z | x roles of the plain T3 repairs EX/SB                                                     19
case A-z | x roles of the plain T3 repairs SB                                                        32
case B-S1c                                                                                           34
case B-S1c | x roles of the plain T3 repairs -                                                       22
case B-S1c | x roles of the plain T3 repairs -/EX                                                    9
case B-S1c | x roles of the plain T3 repairs EX                                                      3
case B-S1c, frozen agents on the shortest need paths [1]                                             34
cert C1 | case A-S1                                                                                  1127
cert C2 | case A-S1                                                                                  7
cert C2 | case A-z                                                                                   10
cert C2 | case B-S1c                                                                                 2
cert C3 | case A-z                                                                                   37
cert none | case A-S1                                                                                44
cert none | case A-z                                                                                 128
cert none | case B-S1c                                                                               32
def>0 states                                                                                         2465
keys def*>0                                                                                          315
profiles                                                                                             237
profiles f=2 n=5                                                                                     93
profiles f=3 n=5                                                                                     143
profiles f=4 n=5                                                                                     1
profiles f>=2, omega>=1                                                                              237
repair sig | case A-S1 | k=0 - z - best'=O*                                                          83
repair sig | case A-S1 | k=0 - z - best'=x                                                           1
repair sig | case A-S1 | k=0 - z h best'=O*                                                          27
repair sig | case A-S1 | k=0 - z h best'=O*h                                                         32
repair sig | case A-S1 | k=0 - z h best'=Oh                                                          6
repair sig | case A-S1 | k=0 - z h best'=h                                                           52
repair sig | case A-S1 | k=0 - z=best - best'=O                                                      20
repair sig | case A-S1 | k=0 - z=best - best'=O*                                                     191
repair sig | case A-S1 | k=0 - z=best - best'=OO*                                                    1
repair sig | case A-S1 | k=0 - z=best h best'=O                                                      4
repair sig | case A-S1 | k=0 - z=best h best'=O*                                                     13
repair sig | case A-S1 | k=0 - z=best h best'=O*h                                                    30
repair sig | case A-S1 | k=0 - z=best h best'=Oh                                                     6
repair sig | case A-S1 | k=0 - z=best h best'=h                                                      134
repair sig | case A-S1 | k=0 - z=best h best'=hx                                                     2
repair sig | case A-S1 | k=0 - z=best h best'=x                                                      5
repair sig | case A-S1 | k=0 BL z - best'=O*                                                         11
repair sig | case A-S1 | k=0 BL z - best'=O*x                                                        1
repair sig | case A-S1 | k=0 BL z - best'=x                                                          1
repair sig | case A-S1 | k=0 BL z h best'=O*                                                         1
repair sig | case A-S1 | k=0 BL z h best'=O*h                                                        7
repair sig | case A-S1 | k=0 BL z h best'=O*hx                                                       6
repair sig | case A-S1 | k=0 BL z h best'=Oh                                                         2
repair sig | case A-S1 | k=0 BL z h best'=h                                                          2
repair sig | case A-S1 | k=0 BL z h best'=x                                                          7
repair sig | case A-S1 | k=0 BL z=best - best'=O                                                     5
repair sig | case A-S1 | k=0 BL z=best - best'=O*                                                    5
repair sig | case A-S1 | k=0 BL z=best - best'=O*x                                                   5
repair sig | case A-S1 | k=0 BL z=best - best'=x                                                     5
repair sig | case A-S1 | k=0 BL z=best h best'=O*h                                                   4
repair sig | case A-S1 | k=0 BL z=best h best'=O*hx                                                  5
repair sig | case A-S1 | k=0 BL z=best h best'=Oh                                                    1
repair sig | case A-S1 | k=0 BL z=best h best'=Ohx                                                   1
repair sig | case A-S1 | k=0 BL z=best h best'=Ox                                                    1
repair sig | case A-S1 | k=0 BL z=best h best'=h                                                     2
repair sig | case A-S1 | k=0 BL z=best h best'=x                                                     5
repair sig | case A-S1 | k=0 EX z - best'=O*                                                         24
repair sig | case A-S1 | k=0 EX z - best'=x                                                          1
repair sig | case A-S1 | k=0 EX z h best'=O                                                          10
repair sig | case A-S1 | k=0 EX z h best'=O*                                                         15
repair sig | case A-S1 | k=0 EX z h best'=O*h                                                        14
repair sig | case A-S1 | k=0 EX z h best'=O*hx                                                       10
repair sig | case A-S1 | k=0 EX z h best'=O*x                                                        3
repair sig | case A-S1 | k=0 EX z h best'=Oh                                                         2
repair sig | case A-S1 | k=0 EX z h best'=Ohx                                                        4
repair sig | case A-S1 | k=0 EX z h best'=Ox                                                         1
repair sig | case A-S1 | k=0 EX z h best'=h                                                          1
repair sig | case A-S1 | k=0 EX z h best'=hx                                                         3
repair sig | case A-S1 | k=0 EX z h best'=x                                                          22
repair sig | case A-S1 | k=0 EX z=best - best'=O                                                     11
repair sig | case A-S1 | k=0 EX z=best - best'=O*                                                    1
repair sig | case A-S1 | k=0 EX z=best h best'=O                                                     3
repair sig | case A-S1 | k=0 EX z=best h best'=O*                                                    5
repair sig | case A-S1 | k=0 EX z=best h best'=O*h                                                   7
repair sig | case A-S1 | k=0 EX z=best h best'=O*hx                                                  6
repair sig | case A-S1 | k=0 EX z=best h best'=Oh                                                    7
repair sig | case A-S1 | k=0 EX z=best h best'=Ohx                                                   8
repair sig | case A-S1 | k=0 EX z=best h best'=Ox                                                    1
repair sig | case A-S1 | k=0 EX z=best h best'=h                                                     26
repair sig | case A-S1 | k=0 EX z=best h best'=hx                                                    2
repair sig | case A-S1 | k=0 EX z=best h best'=x                                                     19
repair sig | case A-S1 | k=0 SB z - best'=O*                                                         235
repair sig | case A-S1 | k=0 SB z - best'=O*x                                                        200
repair sig | case A-S1 | k=0 SB z - best'=OO*                                                        4
repair sig | case A-S1 | k=0 SB z - best'=OO*x                                                       2
repair sig | case A-S1 | k=0 SB z - best'=x                                                          25
repair sig | case A-S1 | k=0 SB z h best'=O                                                          8
repair sig | case A-S1 | k=0 SB z h best'=O*                                                         115
repair sig | case A-S1 | k=0 SB z h best'=O*h                                                        61
repair sig | case A-S1 | k=0 SB z h best'=O*hx                                                       102
repair sig | case A-S1 | k=0 SB z h best'=O*x                                                        104
repair sig | case A-S1 | k=0 SB z h best'=Oh                                                         5
repair sig | case A-S1 | k=0 SB z h best'=Ohx                                                        81
repair sig | case A-S1 | k=0 SB z h best'=Ox                                                         46
repair sig | case A-S1 | k=0 SB z h best'=h                                                          87
repair sig | case A-S1 | k=0 SB z h best'=hx                                                         113
repair sig | case A-S1 | k=0 SB z h best'=x                                                          259
repair sig | case A-S1 | k=0 SB z=best - best'=O                                                     10
repair sig | case A-S1 | k=0 SB z=best - best'=O*                                                    247
repair sig | case A-S1 | k=0 SB z=best - best'=O*x                                                   606
repair sig | case A-S1 | k=0 SB z=best - best'=OO*x                                                  62
repair sig | case A-S1 | k=0 SB z=best - best'=Ox                                                    157
repair sig | case A-S1 | k=0 SB z=best - best'=x                                                     921
repair sig | case A-S1 | k=0 SB z=best h best'=O                                                     7
repair sig | case A-S1 | k=0 SB z=best h best'=O*                                                    132
repair sig | case A-S1 | k=0 SB z=best h best'=O*h                                                   78
repair sig | case A-S1 | k=0 SB z=best h best'=O*hx                                                  254
repair sig | case A-S1 | k=0 SB z=best h best'=O*x                                                   124
repair sig | case A-S1 | k=0 SB z=best h best'=Oh                                                    4
repair sig | case A-S1 | k=0 SB z=best h best'=Ohx                                                   142
repair sig | case A-S1 | k=0 SB z=best h best'=Ox                                                    27
repair sig | case A-S1 | k=0 SB z=best h best'=h                                                     315
repair sig | case A-S1 | k=0 SB z=best h best'=hx                                                    512
repair sig | case A-S1 | k=0 SB z=best h best'=x                                                     692
repair sig | case A-S1 | k=0+cyc SB z - best'=O*                                                     4
repair sig | case A-S1 | k=0+cyc SB z - best'=O*x                                                    6
repair sig | case A-S1 | k=0+cyc SB z h best'=hx                                                     10
repair sig | case A-S1 | k=0+cyc SB z h best'=x                                                      4
repair sig | case A-S1 | k=0+cyc SB z=best - best'=O*                                                31
repair sig | case A-S1 | k=0+cyc SB z=best - best'=O*x                                               81
repair sig | case A-S1 | k=0+cyc SB z=best - best'=Ox                                                10
repair sig | case A-S1 | k=0+cyc SB z=best - best'=x                                                 86
repair sig | case A-S1 | k=0+cyc SB z=best h best'=h                                                 33
repair sig | case A-S1 | k=0+cyc SB z=best h best'=hx                                                91
repair sig | case A-S1 | k=0+cyc SB z=best h best'=x                                                 70
repair sig | case A-S1 | k=1 - z - best'=O*                                                          29
repair sig | case A-S1 | k=1 - z - best'=O*x                                                         4
repair sig | case A-S1 | k=1 - z - best'=x                                                           1
repair sig | case A-S1 | k=1 - z h best'=h                                                           30
repair sig | case A-S1 | k=1 - z h best'=hx                                                          9
repair sig | case A-S1 | k=1 - z h best'=x                                                           4
repair sig | case A-S1 | k=1 - z=best - best'=O                                                      5
repair sig | case A-S1 | k=1 - z=best - best'=O*                                                     104
repair sig | case A-S1 | k=1 - z=best - best'=O*x                                                    34
repair sig | case A-S1 | k=1 - z=best - best'=Ox                                                     6
repair sig | case A-S1 | k=1 - z=best - best'=x                                                      15
repair sig | case A-S1 | k=1 - z=best h best'=h                                                      97
repair sig | case A-S1 | k=1 - z=best h best'=hx                                                     32
repair sig | case A-S1 | k=1 - z=best h best'=x                                                      14
repair sig | case A-S1 | k=1 BL z - best'=O*x                                                        1
repair sig | case A-S1 | k=1 BL z - best'=x                                                          1
repair sig | case A-S1 | k=1 BL z h best'=x                                                          1
repair sig | case A-S1 | k=1 BL z=best - best'=O                                                     1
repair sig | case A-S1 | k=1 BL z=best - best'=O*x                                                   3
repair sig | case A-S1 | k=1 BL z=best - best'=x                                                     5
repair sig | case A-S1 | k=1 BL z=best h best'=Ohx                                                   1
repair sig | case A-S1 | k=1 BL z=best h best'=Ox                                                    1
repair sig | case A-S1 | k=1 BL z=best h best'=hx                                                    1
repair sig | case A-S1 | k=1 BL z=best h best'=x                                                     1
repair sig | case A-S1 | k=1 EX z - best'=O*                                                         24
repair sig | case A-S1 | k=1 EX z - best'=O*x                                                        12
repair sig | case A-S1 | k=1 EX z - best'=OO*x                                                       1
repair sig | case A-S1 | k=1 EX z - best'=x                                                          5
repair sig | case A-S1 | k=1 EX z h best'=O*                                                         6
repair sig | case A-S1 | k=1 EX z h best'=O*h                                                        13
repair sig | case A-S1 | k=1 EX z h best'=O*hx                                                       11
repair sig | case A-S1 | k=1 EX z h best'=O*x                                                        6
repair sig | case A-S1 | k=1 EX z h best'=Ox                                                         1
repair sig | case A-S1 | k=1 EX z h best'=h                                                          16
repair sig | case A-S1 | k=1 EX z h best'=hx                                                         12
repair sig | case A-S1 | k=1 EX z h best'=x                                                          10
repair sig | case A-S1 | k=1 EX z=best - best'=O                                                     14
repair sig | case A-S1 | k=1 EX z=best - best'=O*                                                    2
repair sig | case A-S1 | k=1 EX z=best - best'=OO*                                                   7
repair sig | case A-S1 | k=1 EX z=best - best'=Ox                                                    4
repair sig | case A-S1 | k=1 EX z=best - best'=x                                                     2
repair sig | case A-S1 | k=1 EX z=best h best'=O                                                     8
repair sig | case A-S1 | k=1 EX z=best h best'=O*                                                    20
repair sig | case A-S1 | k=1 EX z=best h best'=O*hx                                                  10
repair sig | case A-S1 | k=1 EX z=best h best'=O*x                                                   18
repair sig | case A-S1 | k=1 EX z=best h best'=Oh                                                    6
repair sig | case A-S1 | k=1 EX z=best h best'=Ohx                                                   1
repair sig | case A-S1 | k=1 EX z=best h best'=Ox                                                    1
repair sig | case A-S1 | k=1 EX z=best h best'=h                                                     13
repair sig | case A-S1 | k=1 EX z=best h best'=hx                                                    2
repair sig | case A-S1 | k=1 EX z=best h best'=x                                                     17
repair sig | case A-S1 | k=1 SB z - best'=O                                                          4
repair sig | case A-S1 | k=1 SB z - best'=O*                                                         102
repair sig | case A-S1 | k=1 SB z - best'=O*x                                                        117
repair sig | case A-S1 | k=1 SB z - best'=OO*x                                                       19
repair sig | case A-S1 | k=1 SB z - best'=x                                                          22
repair sig | case A-S1 | k=1 SB z h best'=O                                                          8
repair sig | case A-S1 | k=1 SB z h best'=O*                                                         42
repair sig | case A-S1 | k=1 SB z h best'=O*h                                                        39
repair sig | case A-S1 | k=1 SB z h best'=O*hx                                                       88
repair sig | case A-S1 | k=1 SB z h best'=O*x                                                        38
repair sig | case A-S1 | k=1 SB z h best'=Oh                                                         1
repair sig | case A-S1 | k=1 SB z h best'=Ohx                                                        23
repair sig | case A-S1 | k=1 SB z h best'=Ox                                                         15
repair sig | case A-S1 | k=1 SB z h best'=h                                                          54
repair sig | case A-S1 | k=1 SB z h best'=hx                                                         61
repair sig | case A-S1 | k=1 SB z h best'=x                                                          98
repair sig | case A-S1 | k=1 SB z=best - best'=O                                                     11
repair sig | case A-S1 | k=1 SB z=best - best'=O*                                                    169
repair sig | case A-S1 | k=1 SB z=best - best'=O*x                                                   339
repair sig | case A-S1 | k=1 SB z=best - best'=OO*                                                   8
repair sig | case A-S1 | k=1 SB z=best - best'=OO*x                                                  15
repair sig | case A-S1 | k=1 SB z=best - best'=Ox                                                    66
repair sig | case A-S1 | k=1 SB z=best - best'=x                                                     440
repair sig | case A-S1 | k=1 SB z=best h best'=O                                                     6
repair sig | case A-S1 | k=1 SB z=best h best'=O*                                                    74
repair sig | case A-S1 | k=1 SB z=best h best'=O*h                                                   48
repair sig | case A-S1 | k=1 SB z=best h best'=O*hx                                                  102
repair sig | case A-S1 | k=1 SB z=best h best'=O*x                                                   38
repair sig | case A-S1 | k=1 SB z=best h best'=Oh                                                    11
repair sig | case A-S1 | k=1 SB z=best h best'=Ohx                                                   43
repair sig | case A-S1 | k=1 SB z=best h best'=h                                                     166
repair sig | case A-S1 | k=1 SB z=best h best'=hx                                                    268
repair sig | case A-S1 | k=1 SB z=best h best'=x                                                     292
repair sig | case A-S1 | k=1+cyc SB z=best - best'=x                                                 8
repair sig | case A-S1 | k=2 - z - best'=O*                                                          9
repair sig | case A-S1 | k=2 - z - best'=O*x                                                         9
repair sig | case A-S1 | k=2 - z h best'=h                                                           1
repair sig | case A-S1 | k=2 - z h best'=hx                                                          11
repair sig | case A-S1 | k=2 - z h best'=x                                                           5
repair sig | case A-S1 | k=2 - z=best - best'=O                                                      1
repair sig | case A-S1 | k=2 - z=best - best'=O*                                                     71
repair sig | case A-S1 | k=2 - z=best - best'=O*x                                                    26
repair sig | case A-S1 | k=2 - z=best - best'=Ox                                                     9
repair sig | case A-S1 | k=2 - z=best - best'=x                                                      15
repair sig | case A-S1 | k=2 - z=best h best'=h                                                      68
repair sig | case A-S1 | k=2 - z=best h best'=hx                                                     29
repair sig | case A-S1 | k=2 - z=best h best'=x                                                      12
repair sig | case A-S1 | k=2 BL z=best - best'=O*x                                                   1
repair sig | case A-S1 | k=2 BL z=best - best'=x                                                     2
repair sig | case A-S1 | k=2 BL z=best h best'=x                                                     1
repair sig | case A-S1 | k=2 EX z - best'=O*                                                         4
repair sig | case A-S1 | k=2 EX z - best'=O*x                                                        2
repair sig | case A-S1 | k=2 EX z - best'=x                                                          2
repair sig | case A-S1 | k=2 EX z h best'=h                                                          5
repair sig | case A-S1 | k=2 EX z h best'=hx                                                         4
repair sig | case A-S1 | k=2 EX z h best'=x                                                          1
repair sig | case A-S1 | k=2 EX z=best - best'=O                                                     7
repair sig | case A-S1 | k=2 EX z=best - best'=Ox                                                    1
repair sig | case A-S1 | k=2 EX z=best h best'=h                                                     9
repair sig | case A-S1 | k=2 EX z=best h best'=x                                                     1
repair sig | case A-S1 | k=2 SB z - best'=O*                                                         1
repair sig | case A-S1 | k=2 SB z - best'=O*x                                                        9
repair sig | case A-S1 | k=2 SB z - best'=x                                                          14
repair sig | case A-S1 | k=2 SB z h best'=h                                                          1
repair sig | case A-S1 | k=2 SB z h best'=hx                                                         5
repair sig | case A-S1 | k=2 SB z h best'=x                                                          16
repair sig | case A-S1 | k=2 SB z=best - best'=O                                                     1
repair sig | case A-S1 | k=2 SB z=best - best'=O*                                                    44
repair sig | case A-S1 | k=2 SB z=best - best'=O*x                                                   59
repair sig | case A-S1 | k=2 SB z=best - best'=Ox                                                    2
repair sig | case A-S1 | k=2 SB z=best - best'=x                                                     111
repair sig | case A-S1 | k=2 SB z=best h best'=h                                                     48
repair sig | case A-S1 | k=2 SB z=best h best'=hx                                                    23
repair sig | case A-S1 | k=2 SB z=best h best'=x                                                     39
repair sig | case A-S1 | k=3 SB z=best - best'=x                                                     10
repair sig | case A-z | k=0 - z - best'=O                                                            4
repair sig | case A-z | k=0 - z - best'=O*                                                           48
repair sig | case A-z | k=0 - z h best'=O                                                            4
repair sig | case A-z | k=0 - z h best'=O*                                                           43
repair sig | case A-z | k=0 - z h best'=O*h                                                          37
repair sig | case A-z | k=0 - z h best'=Oh                                                           1
repair sig | case A-z | k=0 - z h best'=h                                                            31
repair sig | case A-z | k=0 - z=best - best'=O                                                       26
repair sig | case A-z | k=0 - z=best - best'=O*                                                      35
repair sig | case A-z | k=0 - z=best - best'=OO*                                                     10
repair sig | case A-z | k=0 - z=best h best'=O                                                       12
repair sig | case A-z | k=0 - z=best h best'=O*                                                      13
repair sig | case A-z | k=0 - z=best h best'=O*h                                                     5
repair sig | case A-z | k=0 - z=best h best'=Oh                                                      34
repair sig | case A-z | k=0 - z=best h best'=h                                                       52
repair sig | case A-z | k=0 - z=best h best'=x                                                       1
repair sig | case A-z | k=0 BL z - best'=O*                                                          1
repair sig | case A-z | k=0 BL z h best'=Oh                                                          1
repair sig | case A-z | k=0 BL z=best - best'=O                                                      1
repair sig | case A-z | k=0 BL z=best - best'=O*                                                     5
repair sig | case A-z | k=0 BL z=best h best'=h                                                      6
repair sig | case A-z | k=0 EX z - best'=O*                                                          6
repair sig | case A-z | k=0 EX z h best'=O                                                           3
repair sig | case A-z | k=0 EX z h best'=O*                                                          11
repair sig | case A-z | k=0 EX z h best'=O*h                                                         1
repair sig | case A-z | k=0 EX z h best'=Oh                                                          5
repair sig | case A-z | k=0 EX z h best'=Ohx                                                         1
repair sig | case A-z | k=0 EX z h best'=h                                                           1
repair sig | case A-z | k=0 EX z h best'=hx                                                          1
repair sig | case A-z | k=0 EX z=best - best'=O                                                      7
repair sig | case A-z | k=0 EX z=best h best'=O                                                      1
repair sig | case A-z | k=0 EX z=best h best'=Oh                                                     9
repair sig | case A-z | k=0 EX z=best h best'=Ohx                                                    1
repair sig | case A-z | k=0 EX z=best h best'=h                                                      14
repair sig | case A-z | k=0 EX z=best h best'=x                                                      1
repair sig | case A-z | k=0 SB z - best'=O                                                           6
repair sig | case A-z | k=0 SB z - best'=O*                                                          73
repair sig | case A-z | k=0 SB z - best'=O*x                                                         82
repair sig | case A-z | k=0 SB z - best'=OO*                                                         7
repair sig | case A-z | k=0 SB z - best'=OO*x                                                        6
repair sig | case A-z | k=0 SB z - best'=x                                                           31
repair sig | case A-z | k=0 SB z h best'=O                                                           10
repair sig | case A-z | k=0 SB z h best'=O*                                                          65
repair sig | case A-z | k=0 SB z h best'=O*h                                                         30
repair sig | case A-z | k=0 SB z h best'=O*hx                                                        57
repair sig | case A-z | k=0 SB z h best'=O*x                                                         41
repair sig | case A-z | k=0 SB z h best'=Oh                                                          8
repair sig | case A-z | k=0 SB z h best'=Ohx                                                         21
repair sig | case A-z | k=0 SB z h best'=Ox                                                          3
repair sig | case A-z | k=0 SB z h best'=h                                                           65
repair sig | case A-z | k=0 SB z h best'=hx                                                          29
repair sig | case A-z | k=0 SB z h best'=x                                                           78
repair sig | case A-z | k=0 SB z=best - best'=O*                                                     7
repair sig | case A-z | k=0 SB z=best h best'=O*                                                     1
repair sig | case A-z | k=0 SB z=best h best'=O*h                                                    1
repair sig | case A-z | k=0 SB z=best h best'=h                                                      3
repair sig | case A-z | k=0 SB z=best h best'=hx                                                     1
repair sig | case A-z | k=0 SB z=best h best'=x                                                      7
repair sig | case A-z | k=0+cyc SB z - best'=O*x                                                     4
repair sig | case A-z | k=0+cyc SB z - best'=x                                                       30
repair sig | case A-z | k=0+cyc SB z h best'=hx                                                      2
repair sig | case A-z | k=0+cyc SB z h best'=x                                                       32
repair sig | case A-z | k=1 - z=best - best'=O                                                       21
repair sig | case A-z | k=1 - z=best h best'=h                                                       26
repair sig | case A-z | k=1 - z=best h best'=x                                                       1
repair sig | case A-z | k=1 EX z - best'=x                                                           1
repair sig | case A-z | k=1 EX z h best'=x                                                           1
repair sig | case A-z | k=1 SB z - best'=O                                                           1
repair sig | case A-z | k=1 SB z - best'=O*                                                          70
repair sig | case A-z | k=1 SB z - best'=O*x                                                         55
repair sig | case A-z | k=1 SB z - best'=OO*                                                         8
repair sig | case A-z | k=1 SB z - best'=OO*x                                                        18
repair sig | case A-z | k=1 SB z - best'=x                                                           5
repair sig | case A-z | k=1 SB z h best'=O                                                           18
repair sig | case A-z | k=1 SB z h best'=O*                                                          66
repair sig | case A-z | k=1 SB z h best'=O*h                                                         29
repair sig | case A-z | k=1 SB z h best'=O*hx                                                        66
repair sig | case A-z | k=1 SB z h best'=O*x                                                         18
repair sig | case A-z | k=1 SB z h best'=Oh                                                          21
repair sig | case A-z | k=1 SB z h best'=Ohx                                                         9
repair sig | case A-z | k=1 SB z h best'=h                                                           60
repair sig | case A-z | k=1 SB z h best'=hx                                                          27
repair sig | case A-z | k=1 SB z h best'=x                                                           43
repair sig | case A-z | k=1 SB z=best - best'=O                                                      17
repair sig | case A-z | k=1 SB z=best - best'=O*                                                     16
repair sig | case A-z | k=1 SB z=best - best'=O*x                                                    36
repair sig | case A-z | k=1 SB z=best - best'=OO*x                                                   4
repair sig | case A-z | k=1 SB z=best - best'=Ox                                                     39
repair sig | case A-z | k=1 SB z=best - best'=x                                                      58
repair sig | case A-z | k=1 SB z=best h best'=O                                                      5
repair sig | case A-z | k=1 SB z=best h best'=O*                                                     3
repair sig | case A-z | k=1 SB z=best h best'=O*x                                                    20
repair sig | case A-z | k=1 SB z=best h best'=Ohx                                                    12
repair sig | case A-z | k=1 SB z=best h best'=Ox                                                     32
repair sig | case A-z | k=1 SB z=best h best'=h                                                      26
repair sig | case A-z | k=1 SB z=best h best'=hx                                                     45
repair sig | case A-z | k=1 SB z=best h best'=x                                                      87
repair sig | case A-z | k=2 EX z - best'=x                                                           1
repair sig | case A-z | k=2 EX z h best'=x                                                           1
repair sig | case A-z | k=2 EX z=best - best'=Ox                                                     1
repair sig | case A-z | k=2 EX z=best h best'=x                                                      1
repair sig | case A-z | k=2 SB z - best'=O*x                                                         1
repair sig | case A-z | k=2 SB z - best'=x                                                           5
repair sig | case A-z | k=2 SB z h best'=x                                                           5
repair sig | case A-z | k=2 SB z=best - best'=O*                                                     3
repair sig | case A-z | k=2 SB z=best - best'=O*x                                                    4
repair sig | case A-z | k=2 SB z=best - best'=Ox                                                     4
repair sig | case A-z | k=2 SB z=best - best'=x                                                      16
repair sig | case A-z | k=2 SB z=best h best'=h                                                      4
repair sig | case A-z | k=2 SB z=best h best'=hx                                                     5
repair sig | case A-z | k=2 SB z=best h best'=x                                                      9
repair sig | case B-S1c | k=0 - z - best'=O*                                                         19
repair sig | case B-S1c | k=0 - z - best'=O*x                                                        2
repair sig | case B-S1c | k=0 - z h best'=h                                                          11
repair sig | case B-S1c | k=0 - z=best - best'=O                                                     11
repair sig | case B-S1c | k=0 - z=best - best'=O*                                                    4
repair sig | case B-S1c | k=0 - z=best h best'=h                                                     28
repair sig | case B-S1c | k=0 - z=best h best'=hx                                                    2
repair sig | case B-S1c | k=0 EX z - best'=O*                                                        1
repair sig | case B-S1c | k=0 EX z - best'=O*x                                                       5
repair sig | case B-S1c | k=0 EX z - best'=x                                                         5
repair sig | case B-S1c | k=0 EX z h best'=hx                                                        3
repair sig | case B-S1c | k=0 EX z h best'=x                                                         3
repair sig | case B-S1c | k=0 EX z=best h best'=h                                                    11
repair sig | case B-S1c | k=0 EX z=best h best'=hx                                                   1
repair sig | case B-S1c | k=0 EX z=best h best'=x                                                    1
repair sig | case B-S1c | k=1 - z - best'=O*                                                         13
repair sig | case B-S1c | k=1 - z h best'=h                                                          15
repair sig | case B-S1c | k=1 - z=best - best'=O                                                     15
repair sig | case B-S1c | k=1 - z=best - best'=O*                                                    4
repair sig | case B-S1c | k=1 - z=best h best'=h                                                     17
repair sig | case B-S1c | k=1 EX z - best'=O*x                                                       6
repair sig | case B-S1c | k=1 EX z - best'=x                                                         6
repair sig | case B-S1c | k=1 EX z h best'=hx                                                        2
repair sig | case B-S1c | k=1 EX z h best'=x                                                         2
repair sig | case B-S1c | k=1 EX z=best h best'=h                                                    11
repair sig | case B-S1c | k=1 EX z=best h best'=hx                                                   1
repair sig | case B-S1c | k=1 EX z=best h best'=x                                                    1
repair sig | case B-S1c | k=1 SB z - best'=O*x                                                       2
repair sig | case B-S1c | k=1 SB z - best'=x                                                         22
repair sig | case B-S1c | k=1 SB z h best'=hx                                                        2
repair sig | case B-S1c | k=1 SB z h best'=x                                                         21
repair sig | case B-S1c | k=1 SB z=best - best'=O                                                    5
repair sig | case B-S1c | k=1 SB z=best - best'=Ox                                                   14
repair sig | case B-S1c | k=1 SB z=best - best'=x                                                    25
repair sig | case B-S1c | k=1 SB z=best h best'=h                                                    5
repair sig | case B-S1c | k=1 SB z=best h best'=hx                                                   12
repair sig | case B-S1c | k=1 SB z=best h best'=x                                                    23
repair sig | case B-S1c | k=2 SB z - best'=O*x                                                       1
repair sig | case B-S1c | k=2 SB z - best'=x                                                         22
repair sig | case B-S1c | k=2 SB z h best'=hx                                                        2
repair sig | case B-S1c | k=2 SB z h best'=x                                                         20
repair sig | case B-S1c | k=2 SB z=best - best'=O                                                    5
repair sig | case B-S1c | k=2 SB z=best - best'=Ox                                                   14
repair sig | case B-S1c | k=2 SB z=best - best'=x                                                    23
repair sig | case B-S1c | k=2 SB z=best h best'=h                                                    5
repair sig | case B-S1c | k=2 SB z=best h best'=hx                                                   12
repair sig | case B-S1c | k=2 SB z=best h best'=x                                                    21
smallest case A-S1                                n=5 m=8 dump_n5b_4bt.jsonl.gz sets=[[0, 1, 5, 6], [2, 4, 6, 7], [2, 4, 6, 7], [3, 5, 6, 7], [3, 5, 7]] vals=[[2, 3, 8, 4], [2, 3, 8, 4], [2, 3, 8, 4], [8, 4, 2, 3], [4, 3, 2]] P=[[6], [7], [2, 4], [3], [5]]
smallest case A-S1 thetas ok                      n=5 m=8 dump_n5b_4bt.jsonl.gz sets=[[0, 1, 5, 6], [2, 4, 6, 7], [2, 4, 6, 7], [3, 5, 6, 7], [3, 5, 7]] vals=[[2, 3, 8, 4], [2, 3, 8, 4], [2, 3, 8, 4], [8, 4, 2, 3], [4, 3, 2]] P=[[6], [7], [2, 4], [3], [5]]
smallest case A-S1 thetas ok/theta-a              n=5 m=11 dump_n5b_4.jsonl.gz sets=[[0, 2, 6, 7], [1, 4, 7, 10], [3, 6, 9, 10], [5, 8, 9, 10], [8, 9, 10]] vals=[[4, 3, 2, 8], [2, 4, 8, 5], [4, 3, 8, 10], [3, 4, 8, 6], [2, 3, 4]] P=[[7], [10], [3], [8], [9]]
smallest case A-S1 thetas ok/theta-a/theta-b      n=5 m=11 dump_n5b_4.jsonl.gz sets=[[0, 2, 9, 10], [1, 4, 9, 10], [3, 6, 8, 10], [5, 7, 10], [6, 7, 8, 10]] vals=[[3, 6, 8, 10], [4, 3, 2, 8], [6, 5, 3, 7], [2, 4, 3], [2, 8, 3, 4]] P=[[0, 2], [1], [10], [5], [7]]
smallest case A-S1 thetas ok/theta-b              n=5 m=10 dump_n5c_purebt.jsonl.gz sets=[[0, 1, 4, 8], [2, 3, 4, 8], [2, 3, 8, 9], [5, 6, 7, 9], [5, 6, 7, 9]] vals=[[2, 3, 6, 10], [10, 3, 2, 6], [10, 3, 6, 2], [8, 3, 2, 4], [8, 4, 3, 2]] P=[[8], [2], [3], [5], [6]]
smallest case A-S1 thetas theta-a                 n=5 m=12 dump_n5b_4.jsonl.gz sets=[[0, 2, 8, 11], [1, 6, 9, 10], [3, 7, 9, 11], [4, 8, 10, 11], [5, 10, 11]] vals=[[2, 6, 7, 10], [3, 5, 6, 7], [4, 2, 3, 8], [2, 4, 8, 5], [2, 4, 3]] P=[[0, 2], [10], [3], [11], [5]]
smallest case A-S1 thetas theta-a/theta-b         n=5 m=11 dump_n5b_4.jsonl.gz sets=[[0, 2, 9, 10], [1, 4, 9, 10], [3, 6, 8, 10], [5, 7, 10], [6, 7, 8, 10]] vals=[[3, 6, 8, 10], [4, 3, 2, 8], [6, 5, 3, 7], [2, 4, 3], [2, 8, 3, 4]] P=[[0, 2], [1, 4], [10], [5], [7]]
smallest case A-S1 thetas theta-b                 n=5 m=10 dump_n5c_purebt.jsonl.gz sets=[[0, 2, 5, 9], [1, 4, 8, 9], [3, 5, 6, 9], [4, 7, 8, 9], [6, 7, 8, 9]] vals=[[4, 3, 2, 8], [2, 3, 8, 4], [4, 2, 3, 8], [3, 8, 4, 2], [3, 8, 4, 2]] P=[[0, 2], [9], [3, 6], [7], [8]]
smallest case A-z                                 n=5 m=9 dump_n5b_4bt.jsonl.gz sets=[[0, 1, 2, 5], [2, 6, 7, 8], [3, 4, 5, 8], [3, 4, 6, 7], [6, 7, 8]] vals=[[6, 2, 3, 10], [2, 3, 6, 10], [2, 3, 8, 4], [4, 2, 3, 8], [2, 3, 4]] P=[[5], [6], [8], [3], [7]]
smallest case B-S1c                               n=5 m=9 dump_n5b_4bt.jsonl.gz sets=[[0, 1, 2, 3], [2, 5, 6, 8], [3, 6, 7, 8], [4, 5, 6, 7], [4, 7, 8]] vals=[[2, 4, 8, 3], [8, 3, 2, 4], [2, 3, 6, 10], [4, 2, 3, 8], [2, 3, 4]] P=[[2], [8], [7], [5, 6], [4]]
smallest uncertified case A-S1                    n=5 m=10 dump_n5c_purebt.jsonl.gz sets=[[0, 2, 5, 9], [1, 4, 8, 9], [3, 5, 6, 9], [4, 7, 8, 9], [6, 7, 8, 9]] vals=[[4, 3, 2, 8], [2, 3, 8, 4], [4, 2, 3, 8], [3, 8, 4, 2], [3, 8, 4, 2]] P=[[0, 2], [9], [3, 6], [7], [8]]
smallest uncertified case A-z                     n=5 m=9 dump_n5b_4bt.jsonl.gz sets=[[0, 1, 2, 5], [2, 6, 7, 8], [3, 4, 5, 8], [3, 4, 6, 7], [6, 7, 8]] vals=[[6, 2, 3, 10], [2, 3, 6, 10], [2, 3, 8, 4], [4, 2, 3, 8], [2, 3, 4]] P=[[5], [6], [8], [3], [7]]
smallest uncertified case B-S1c                   n=5 m=9 dump_n5b_4bt.jsonl.gz sets=[[0, 1, 2, 3], [2, 5, 6, 8], [3, 6, 7, 8], [4, 5, 6, 7], [4, 7, 8]] vals=[[2, 4, 8, 3], [8, 3, 2, 4], [2, 3, 6, 10], [4, 2, 3, 8], [2, 3, 4]] P=[[2], [8], [7], [5, 6], [4]]
# done
