# command: python3 k4/f2_shapes.py results/k4_gap/gap_n2.json.gz results/k4_gap/gap_n3.json.gz results/k4_gap/gap_n4_1.json.gz results/k4_gap/gap_n4_2_s4000.json.gz results/k4_gap/gap_n4_3_s4000.json.gz results/k4_gap/gap_n4_pure_s4000.json.gz results/k4_gap/gap_n5_1_s100.json.gz results/k4_gap/gap_n5_2_s100.json.gz results/k4_gap/gap_n5_3_s100.json.gz results/k4_gap/gap_n5_4_s100.json.gz results/k4_gap/gap_n5_pure_s100.json.gz results/k4_gap/hard_base.json.gz results/k4_gap/hard_hunt.json.gz results/k4_gap/hard_hunt_smallest.json.gz results/k4_gap/hunt_n4_2_all.json.gz results/k4_gap/hunt_n4_3_s400k.json.gz results/k4_gap/hunt_n4_pure_s400k.json.gz results/k4_gap/hunt_n5_3_s2000.json.gz results/k4_gap/hunt_n5_4_s2000.json.gz results/k4_gap/hunt_n5_pure_s2000.json.gz k4/suite/.cache/pr75/results/k4_dl13_stuck/stuck_certs_3_r2000.jsonl.gz k4/suite/.cache/pr75/results/k4_dl13_stuck/stuck_certs_4_n4_1_r100.jsonl.gz k4/suite/.cache/pr75/results/k4_dl13_stuck/stuck_certs_4_n4_2_r100.jsonl.gz k4/suite/.cache/pr75/results/k4_dl13_stuck/stuck_certs_4_n4_3_r100.jsonl.gz k4/suite/.cache/pr75/results/k4_dl13_stuck/stuck_certs_4_pure_r100.jsonl.gz k4/suite/.cache/pr75/results/k4_dl13_stuck/stuck_certs_5_n4_1_r4.jsonl.gz k4/suite/.cache/pr75/results/k4_dl13_stuck/stuck_certs_5_n4_2_r4.jsonl.gz k4/suite/.cache/pr75/results/k4_dl13_stuck/stuck_certs_5_n4_3_r4.jsonl.gz k4/suite/.cache/pr75/results/k4_dl13_stuck/stuck_certs_5_n4_4_r4.jsonl.gz k4/suite/.cache/pr75/results/k4_dl13_stuck/stuck_certs_5_pure_r4.jsonl.gz k4/suite/.cache/pr75/results/k4_dl13_stuck/stuck_gap_n3.jsonl.gz k4/suite/.cache/pr75/results/k4_dl13_stuck/stuck_gap_n4_1_e4.jsonl.gz k4/suite/.cache/pr75/results/k4_dl13_stuck/stuck_gap_n4_1_f2.jsonl.gz k4/suite/.cache/pr75/results/k4_dl13_stuck/stuck_gap_n4_2_s4000_e4.jsonl.gz k4/suite/.cache/pr75/results/k4_dl13_stuck/stuck_gap_n4_2_s4000_f2.jsonl.gz k4/suite/.cache/pr75/results/k4_dl13_stuck/stuck_gap_n4_3_s4000_e4.jsonl.gz k4/suite/.cache/pr75/results/k4_dl13_stuck/stuck_gap_n4_3_s4000_f2.jsonl.gz k4/suite/.cache/pr75/results/k4_dl13_stuck/stuck_gap_n4_pure_s4000_e4.jsonl.gz k4/suite/.cache/pr75/results/k4_dl13_stuck/stuck_gap_n4_pure_s4000_f2.jsonl.gz k4/suite/.cache/pr75/results/k4_dl13_stuck/stuck_gap_n5_1_s100_e20.jsonl.gz k4/suite/.cache/pr75/results/k4_dl13_stuck/stuck_gap_n5_1_s100_f2e4.jsonl.gz k4/suite/.cache/pr75/results/k4_dl13_stuck/stuck_gap_n5_2_s100_e20.jsonl.gz k4/suite/.cache/pr75/results/k4_dl13_stuck/stuck_gap_n5_2_s100_f2e4.jsonl.gz k4/suite/.cache/pr75/results/k4_dl13_stuck/stuck_gap_n5_3_s100_e20.jsonl.gz k4/suite/.cache/pr75/results/k4_dl13_stuck/stuck_gap_n5_3_s100_f2e4.jsonl.gz k4/suite/.cache/pr75/results/k4_dl13_stuck/stuck_gap_n5_4_s100_e20.jsonl.gz k4/suite/.cache/pr75/results/k4_dl13_stuck/stuck_gap_n5_4_s100_f2e4.jsonl.gz k4/suite/.cache/pr75/results/k4_dl13_stuck/stuck_gap_n5_pure_s100_e20.jsonl.gz k4/suite/.cache/pr75/results/k4_dl13_stuck/stuck_gap_n5_pure_s100_f2e4.jsonl.gz k4/suite/.cache/pr75/results/k4_dl13_stuck/stuck_hard_hunt.jsonl.gz k4/suite/.cache/pr75/results/k4_dl13_stuck/stuck_hunt_n4_2_all_e10.jsonl.gz k4/suite/.cache/pr75/results/k4_dl13_stuck/stuck_hunt_n4_3_s400k_e10.jsonl.gz k4/suite/.cache/pr75/results/k4_dl13_stuck/stuck_hunt_n4_3_s400k_f2.jsonl.gz k4/suite/.cache/pr75/results/k4_dl13_stuck/stuck_hunt_n4_pure_s400k_e10.jsonl.gz k4/suite/.cache/pr75/results/k4_dl13_stuck/stuck_hunt_n4_pure_s400k_f2.jsonl.gz k4/suite/.cache/pr75/results/k4_dl13_stuck/stuck_hunt_n5_3_s2000_e2.jsonl.gz k4/suite/.cache/pr75/results/k4_dl13_stuck/stuck_hunt_n5_4_s2000_e2.jsonl.gz k4/suite/.cache/pr75/results/k4_dl13_stuck/stuck_hunt_n5_pure_s2000_e2.jsonl.gz k4/suite/.cache/pr75/results/k4_dl13_stuck/stuck_suite.jsonl.gz k4/suite/.cache/pr75/results/k4_dl13_stuck/t4_certs_3_r2000.jsonl.gz k4/suite/.cache/pr75/results/k4_dl13_stuck/t4_certs_4_n4_1_r100.jsonl.gz k4/suite/.cache/pr75/results/k4_dl13_stuck/t4_certs_4_n4_2_r100.jsonl.gz k4/suite/.cache/pr75/results/k4_dl13_stuck/t4_certs_4_n4_3_r100.jsonl.gz k4/suite/.cache/pr75/results/k4_dl13_stuck/t4_certs_4_pure_r100.jsonl.gz k4/suite/.cache/pr75/results/k4_dl13_stuck/t4_failures_n4_1.jsonl.gz k4/suite/.cache/pr75/results/k4_dl13_stuck/t4_failures_n4_2.jsonl.gz k4/suite/.cache/pr75/results/k4_dl13_stuck/t4_failures_n4_3_s200b.jsonl.gz k4/suite/.cache/pr75/results/k4_dl13_stuck/t4_gap_n4_1_f2.jsonl.gz k4/suite/.cache/pr75/results/k4_dl13_stuck/t4_gap_n4_2_s4000_f2.jsonl.gz k4/suite/.cache/pr75/results/k4_dl13_stuck/t4_gap_n4_3_s4000_f2.jsonl.gz k4/suite/.cache/pr75/results/k4_dl13_stuck/t4_gap_n4_pure_s4000_f2.jsonl.gz k4/suite/.cache/pr75/results/k4_dl13_stuck/t4_gap_n5_1_s100_f2e4.jsonl.gz k4/suite/.cache/pr75/results/k4_dl13_stuck/t4_gap_n5_2_s100_f2e4.jsonl.gz k4/suite/.cache/pr75/results/k4_dl13_stuck/t4_gap_n5_3_s100_f2e4.jsonl.gz k4/suite/.cache/pr75/results/k4_dl13_stuck/t4_gap_n5_4_s100_f2e4.jsonl.gz k4/suite/.cache/pr75/results/k4_dl13_stuck/t4_gap_n5_pure_s100_f2e4.jsonl.gz k4/suite/.cache/pr75/results/k4_dl13_stuck/t4_hard_hunt.jsonl.gz k4/suite/.cache/pr75/results/k4_dl13_stuck/t4_hunt_n4_3_s400k_f2.jsonl.gz k4/suite/.cache/pr75/results/k4_dl13_stuck/t4_hunt_n4_pure_s400k_f2.jsonl.gz k4/suite/.cache/pr75/results/k4_dl13_stuck/t4_suite.jsonl.gz results/k4_dl13/dl134_xcheck_n4.jsonl.gz results/k4_dl13/dl134_xcheck_n5.jsonl.gz results/k4_dl13/dl134_xcheck_own.jsonl.gz results/k4_dl13/dump_n4_1.jsonl.gz results/k4_dl13/dump_n4_2.jsonl.gz results/k4_dl13/dump_n4_3_s200.jsonl.gz results/k4_dl13/dump_n4_3_s200b.jsonl.gz results/k4_dl13/dump_n4_pure_s200.jsonl.gz results/k4_dl13/dump_n4_pure_s200b.jsonl.gz results/k4_dl13/fails_all.jsonl.gz results/k4_dl13/fails_classified.jsonl.gz results/k4_dl13/fails_hunt_m6.jsonl.gz results/k4_dl13/fails_hunt_m8.jsonl.gz results/k4_dl13/fails_hunt_n5.jsonl.gz results/k4_dl13/hunt_n4_3_m6.jsonl.gz results/k4_dl13/hunt_n4_3_m8.jsonl.gz results/k4_dl13/hunt_n5.jsonl.gz results/k4_dl13/hunt_pure_m6.jsonl.gz results/k4_dl13/hunt_pure_m8.jsonl.gz results/k4_dl13/states_cat.jsonl.gz results/k4_dl13/states_ht.jsonl.gz results/k4_dl13/states_n3.jsonl.gz results/k4_dl13/states_nbhd123.jsonl.gz results/k4_dl13/states_rand.jsonl.gz results/k4_rt4/dump_a_failures.jsonl.gz results/k4_rt4/dump_a_nbhd123.jsonl.gz results/k4_rt4/dump_a_suite2.jsonl.gz results/k4_rt4/dump_b_n4_1.jsonl.gz results/k4_rt4/dump_c_n4_2.jsonl.gz results/k4_rt4/dump_d_cat_gap_n4_pure_s4000.jsonl.gz results/k4_rt4/dump_d_pure_s500_1.jsonl.gz results/k4_rt4/dump_d_pure_s500_2.jsonl.gz results/k4_rt4/dump_d_pure_s500_3.jsonl.gz results/k4_rt4/dump_e_n4_3_s500_1.jsonl.gz results/k4_rt4/dump_e_n4_3_s500_2.jsonl.gz results/k4_rt4/dump_e_n4_3_s500_3.jsonl.gz suite --exclude-ids=rt4-n5m9-chain,rt4-n5m10-chain --chunk=30/32 --out=results/k4_f2/shapes_7_30.jsonl.gz
# distinct profiles read: 2480
T3-stage                                                                                             980
T3-stage f=2                                                                                         980
case A-S1                                                                                            980
case A-S1 thetas ok                                                                                  954
case A-S1 thetas ok/theta-a                                                                          26
case A-S1 | x roles of the plain T3 repairs -/SB                                                     27
case A-S1 | x roles of the plain T3 repairs EX/SB                                                    3
case A-S1 | x roles of the plain T3 repairs SB                                                       950
cert C1 | case A-S1                                                                                  980
def>0 states                                                                                         8758
keys def*>0                                                                                          3843
profiles                                                                                             2480
profiles f=2 n=3                                                                                     1849
profiles f=2 n=4                                                                                     579
profiles f=3 n=4                                                                                     16
profiles f>=2, omega>=1                                                                              2444
repair sig | case A-S1 | k=0 - z - best'=O*                                                          10
repair sig | case A-S1 | k=0 - z h best'=h                                                           10
repair sig | case A-S1 | k=0 - z=best - best'=O                                                      10
repair sig | case A-S1 | k=0 - z=best - best'=O*                                                     11
repair sig | case A-S1 | k=0 EX z h best'=x                                                          3
repair sig | case A-S1 | k=0 SB z - best'=O*x                                                        22
repair sig | case A-S1 | k=0 SB z - best'=x                                                          13
repair sig | case A-S1 | k=0 SB z h best'=x                                                          34
repair sig | case A-S1 | k=0 SB z=best - best'=O*                                                    43
repair sig | case A-S1 | k=0 SB z=best - best'=O*x                                                   69
repair sig | case A-S1 | k=0 SB z=best - best'=Ox                                                    2
repair sig | case A-S1 | k=0 SB z=best - best'=x                                                     978
repair sig | case A-S1 | k=0 SB z=best h best'=h                                                     7
repair sig | case A-S1 | k=0 SB z=best h best'=hx                                                    50
repair sig | case A-S1 | k=0 SB z=best h best'=x                                                     54
repair sig | case A-S1 | k=1 SB z - best'=O*x                                                        26
repair sig | case A-S1 | k=1 SB z - best'=x                                                          14
repair sig | case A-S1 | k=1 SB z h best'=x                                                          34
repair sig | case A-S1 | k=1 SB z=best - best'=O*                                                    29
repair sig | case A-S1 | k=1 SB z=best - best'=O*x                                                   60
repair sig | case A-S1 | k=1 SB z=best - best'=x                                                     954
repair sig | case A-S1 | k=1 SB z=best h best'=hx                                                    30
repair sig | case A-S1 | k=1 SB z=best h best'=x                                                     52
smallest case A-S1                                n=3 m=6 states_n3.jsonl.gz sets=[[0, 1, 2, 5], [2, 3, 4, 5], [3, 4, 5]] vals=[[2, 3, 4, 8], [3, 2, 10, 6], [2, 4, 3]] P=[[5], [2], [4]]
smallest case A-S1 thetas ok                      n=3 m=6 states_n3.jsonl.gz sets=[[0, 1, 2, 5], [2, 3, 4, 5], [3, 4, 5]] vals=[[2, 3, 4, 8], [3, 2, 10, 6], [2, 4, 3]] P=[[5], [2], [4]]
smallest case A-S1 thetas ok/theta-a              n=4 m=8 hunt_pure_m8.jsonl.gz sets=[[0, 4, 5, 7], [1, 4, 6, 7], [2, 5, 6, 7], [3, 5, 6, 7]] vals=[[4, 6, 3, 8], [3, 2, 8, 4], [4, 1, 8, 6], [3, 2, 4, 8]] P=[[7], [1], [2], [6]]
# done
