# command: python3 k4/f2_shapes.py results/k4_rt4/dump_n5b_3.jsonl.gz results/k4_rt4/dump_n5b_3bt.jsonl.gz results/k4_rt4/dump_n5b_4.jsonl.gz results/k4_rt4/dump_n5b_4bt.jsonl.gz results/k4_rt4/dump_n5c_purebt.jsonl.gz results/k4_rt4/dump_n5c_pure.jsonl.gz --t3br --chunk=3/8 --out=results/k4_f2/shapes5_3.jsonl.gz
# distinct profiles read: 238
CHAINONLY dump_n5b_4.jsonl.gz {"sets": [[0, 2, 4, 7], [1, 4, 7, 8], [3, 6, 8], [5, 6, 7, 8], [5, 6, 7, 8]], "vals": [[6, 3, 5, 7], [4, 2, 8, 7], [2, 4, 3], [4, 8, 1, 6], [2, 7, 8, 4]], "m": 9} [[7], [8], [3], [5], [6]]
CHAINONLY dump_n5b_4.jsonl.gz {"sets": [[0, 2, 3, 7], [1, 6, 8], [3, 5, 7, 8], [4, 5, 6, 8], [4, 6, 7, 8]], "vals": [[5, 6, 4, 8], [2, 4, 3], [2, 4, 8, 7], [2, 4, 10, 7], [2, 4, 8, 5]], "m": 9} [[7], [1], [8], [5], [6]]
CHAINONLY dump_n5b_4.jsonl.gz {"sets": [[0, 2, 3, 7], [1, 6, 8], [3, 5, 7, 8], [4, 5, 6, 8], [4, 6, 7, 8]], "vals": [[5, 6, 4, 8], [2, 4, 3], [2, 4, 8, 7], [2, 4, 10, 7], [2, 4, 8, 5]], "m": 9} [[7], [1], [8], [4, 5], [6]]
DL_RT4 fails (only chains, W != {}) | case B-S1c                                                     3
T3-stage                                                                                             1164
T3-stage f=2                                                                                         397
T3-stage f=3                                                                                         767
T3-stage not T4-optimal                                                                              52
case A-S1                                                                                            1005
case A-S1 thetas ok                                                                                  818
case A-S1 thetas ok/theta-a                                                                          32
case A-S1 thetas ok/theta-b                                                                          122
case A-S1 thetas theta-a                                                                             2
case A-S1 thetas theta-b                                                                             31
case A-S1 | x roles of the plain T3 repairs -/BL/SB                                                  4
case A-S1 | x roles of the plain T3 repairs -/EX/SB                                                  1
case A-S1 | x roles of the plain T3 repairs -/SB                                                     588
case A-S1 | x roles of the plain T3 repairs BL/SB                                                    11
case A-S1 | x roles of the plain T3 repairs EX/SB                                                    9
case A-S1 | x roles of the plain T3 repairs SB                                                       392
case A-z                                                                                             122
case A-z | x roles of the plain T3 repairs -/BL/SB                                                   1
case A-z | x roles of the plain T3 repairs -/SB                                                      92
case A-z | x roles of the plain T3 repairs EX/SB                                                     2
case A-z | x roles of the plain T3 repairs SB                                                        27
case B-S1c                                                                                           36
case B-S1c | x roles of the plain T3 repairs (none)                                                  3
case B-S1c | x roles of the plain T3 repairs -                                                       32
case B-S1c | x roles of the plain T3 repairs -/EX                                                    1
case B-S1c, frozen agents on the shortest need paths [1]                                             36
case C                                                                                               1
case C | x roles of the plain T3 repairs -/BL                                                        1
cert C1 | case A-S1                                                                                  972
cert C2 | case A-S1                                                                                  6
cert C2 | case A-z                                                                                   4
cert C2 | case B-S1c                                                                                 2
cert none | case A-S1                                                                                27
cert none | case A-z                                                                                 118
cert none | case B-S1c                                                                               34
cert none | case C                                                                                   1
def>0 states                                                                                         1552
key graph: no single T3/T4 edge to a smaller def* (RT4)                                              2
keys def*>0                                                                                          454
profiles                                                                                             238
profiles f=2 n=5                                                                                     69
profiles f=3 n=5                                                                                     169
profiles f>=2, omega>=1                                                                              238
repair sig | case A-S1 | k=0 - z - best'=O*                                                          158
repair sig | case A-S1 | k=0 - z h best'=O*                                                          26
repair sig | case A-S1 | k=0 - z h best'=O*h                                                         31
repair sig | case A-S1 | k=0 - z h best'=Oh                                                          4
repair sig | case A-S1 | k=0 - z h best'=h                                                           138
repair sig | case A-S1 | k=0 - z=best - best'=O                                                      70
repair sig | case A-S1 | k=0 - z=best - best'=O*                                                     419
repair sig | case A-S1 | k=0 - z=best - best'=OO*                                                    4
repair sig | case A-S1 | k=0 - z=best h best'=O*                                                     20
repair sig | case A-S1 | k=0 - z=best h best'=O*h                                                    37
repair sig | case A-S1 | k=0 - z=best h best'=Oh                                                     2
repair sig | case A-S1 | k=0 - z=best h best'=Ohx                                                    1
repair sig | case A-S1 | k=0 - z=best h best'=h                                                      139
repair sig | case A-S1 | k=0 - z=best h best'=x                                                      1
repair sig | case A-S1 | k=0 BL z - best'=O*                                                         1
repair sig | case A-S1 | k=0 BL z h best'=h                                                          1
repair sig | case A-S1 | k=0 BL z=best - best'=O                                                     1
repair sig | case A-S1 | k=0 BL z=best - best'=O*                                                    14
repair sig | case A-S1 | k=0 BL z=best h best'=O*                                                    3
repair sig | case A-S1 | k=0 BL z=best h best'=O*h                                                   4
repair sig | case A-S1 | k=0 BL z=best h best'=h                                                     1
repair sig | case A-S1 | k=0 EX z=best - best'=O*                                                    2
repair sig | case A-S1 | k=0 EX z=best - best'=OO*                                                   2
repair sig | case A-S1 | k=0 EX z=best h best'=O*h                                                   3
repair sig | case A-S1 | k=0 EX z=best h best'=Oh                                                    3
repair sig | case A-S1 | k=0 EX z=best h best'=h                                                     7
repair sig | case A-S1 | k=0 EX z=best h best'=x                                                     1
repair sig | case A-S1 | k=0 SB z - best'=O*                                                         69
repair sig | case A-S1 | k=0 SB z - best'=O*x                                                        193
repair sig | case A-S1 | k=0 SB z - best'=x                                                          10
repair sig | case A-S1 | k=0 SB z h best'=O*                                                         32
repair sig | case A-S1 | k=0 SB z h best'=O*h                                                        8
repair sig | case A-S1 | k=0 SB z h best'=O*hx                                                       77
repair sig | case A-S1 | k=0 SB z h best'=O*x                                                        24
repair sig | case A-S1 | k=0 SB z h best'=h                                                          57
repair sig | case A-S1 | k=0 SB z h best'=hx                                                         49
repair sig | case A-S1 | k=0 SB z h best'=x                                                          169
repair sig | case A-S1 | k=0 SB z=best - best'=O                                                     3
repair sig | case A-S1 | k=0 SB z=best - best'=O*                                                    120
repair sig | case A-S1 | k=0 SB z=best - best'=O*x                                                   365
repair sig | case A-S1 | k=0 SB z=best - best'=OO*                                                   1
repair sig | case A-S1 | k=0 SB z=best - best'=OO*x                                                  21
repair sig | case A-S1 | k=0 SB z=best - best'=Ox                                                    84
repair sig | case A-S1 | k=0 SB z=best - best'=x                                                     853
repair sig | case A-S1 | k=0 SB z=best h best'=O                                                     2
repair sig | case A-S1 | k=0 SB z=best h best'=O*                                                    30
repair sig | case A-S1 | k=0 SB z=best h best'=O*h                                                   8
repair sig | case A-S1 | k=0 SB z=best h best'=O*hx                                                  90
repair sig | case A-S1 | k=0 SB z=best h best'=O*x                                                   71
repair sig | case A-S1 | k=0 SB z=best h best'=Ohx                                                   32
repair sig | case A-S1 | k=0 SB z=best h best'=Ox                                                    39
repair sig | case A-S1 | k=0 SB z=best h best'=h                                                     116
repair sig | case A-S1 | k=0 SB z=best h best'=hx                                                    189
repair sig | case A-S1 | k=0 SB z=best h best'=x                                                     400
repair sig | case A-S1 | k=0+cyc SB z - best'=O*                                                     23
repair sig | case A-S1 | k=0+cyc SB z - best'=O*x                                                    72
repair sig | case A-S1 | k=0+cyc SB z h best'=h                                                      23
repair sig | case A-S1 | k=0+cyc SB z h best'=hx                                                     24
repair sig | case A-S1 | k=0+cyc SB z h best'=x                                                      52
repair sig | case A-S1 | k=0+cyc SB z=best - best'=O*                                                45
repair sig | case A-S1 | k=0+cyc SB z=best - best'=O*x                                               92
repair sig | case A-S1 | k=0+cyc SB z=best - best'=Ox                                                34
repair sig | case A-S1 | k=0+cyc SB z=best - best'=x                                                 294
repair sig | case A-S1 | k=0+cyc SB z=best h best'=h                                                 44
repair sig | case A-S1 | k=0+cyc SB z=best h best'=hx                                                59
repair sig | case A-S1 | k=0+cyc SB z=best h best'=x                                                 61
repair sig | case A-S1 | k=1 - z - best'=O*                                                          106
repair sig | case A-S1 | k=1 - z - best'=O*x                                                         2
repair sig | case A-S1 | k=1 - z h best'=h                                                           101
repair sig | case A-S1 | k=1 - z h best'=hx                                                          3
repair sig | case A-S1 | k=1 - z h best'=x                                                           2
repair sig | case A-S1 | k=1 - z=best - best'=O                                                      47
repair sig | case A-S1 | k=1 - z=best - best'=O*                                                     268
repair sig | case A-S1 | k=1 - z=best - best'=O*x                                                    9
repair sig | case A-S1 | k=1 - z=best - best'=Ox                                                     2
repair sig | case A-S1 | k=1 - z=best - best'=x                                                      3
repair sig | case A-S1 | k=1 - z=best h best'=h                                                      95
repair sig | case A-S1 | k=1 - z=best h best'=hx                                                     3
repair sig | case A-S1 | k=1 BL z - best'=O*                                                         1
repair sig | case A-S1 | k=1 BL z h best'=h                                                          1
repair sig | case A-S1 | k=1 BL z=best - best'=O*                                                    7
repair sig | case A-S1 | k=1 BL z=best - best'=x                                                     1
repair sig | case A-S1 | k=1 EX z - best'=O*x                                                        1
repair sig | case A-S1 | k=1 EX z - best'=x                                                          2
repair sig | case A-S1 | k=1 EX z h best'=x                                                          3
repair sig | case A-S1 | k=1 EX z=best - best'=Ox                                                    2
repair sig | case A-S1 | k=1 EX z=best - best'=x                                                     1
repair sig | case A-S1 | k=1 EX z=best h best'=x                                                     2
repair sig | case A-S1 | k=1 SB z - best'=O*                                                         73
repair sig | case A-S1 | k=1 SB z - best'=O*x                                                        193
repair sig | case A-S1 | k=1 SB z - best'=x                                                          7
repair sig | case A-S1 | k=1 SB z h best'=O*                                                         31
repair sig | case A-S1 | k=1 SB z h best'=O*h                                                        11
repair sig | case A-S1 | k=1 SB z h best'=O*hx                                                       56
repair sig | case A-S1 | k=1 SB z h best'=O*x                                                        27
repair sig | case A-S1 | k=1 SB z h best'=h                                                          59
repair sig | case A-S1 | k=1 SB z h best'=hx                                                         45
repair sig | case A-S1 | k=1 SB z h best'=x                                                          175
repair sig | case A-S1 | k=1 SB z=best - best'=O                                                     1
repair sig | case A-S1 | k=1 SB z=best - best'=O*                                                    89
repair sig | case A-S1 | k=1 SB z=best - best'=O*x                                                   292
repair sig | case A-S1 | k=1 SB z=best - best'=OO*x                                                  2
repair sig | case A-S1 | k=1 SB z=best - best'=Ox                                                    36
repair sig | case A-S1 | k=1 SB z=best - best'=x                                                     636
repair sig | case A-S1 | k=1 SB z=best h best'=O*                                                    18
repair sig | case A-S1 | k=1 SB z=best h best'=O*h                                                   2
repair sig | case A-S1 | k=1 SB z=best h best'=O*hx                                                  44
repair sig | case A-S1 | k=1 SB z=best h best'=O*x                                                   45
repair sig | case A-S1 | k=1 SB z=best h best'=Ohx                                                   1
repair sig | case A-S1 | k=1 SB z=best h best'=Ox                                                    10
repair sig | case A-S1 | k=1 SB z=best h best'=h                                                     80
repair sig | case A-S1 | k=1 SB z=best h best'=hx                                                    134
repair sig | case A-S1 | k=1 SB z=best h best'=x                                                     250
repair sig | case A-S1 | k=2 - z - best'=O*                                                          6
repair sig | case A-S1 | k=2 - z - best'=O*x                                                         4
repair sig | case A-S1 | k=2 - z h best'=h                                                           1
repair sig | case A-S1 | k=2 - z h best'=hx                                                          3
repair sig | case A-S1 | k=2 - z h best'=x                                                           2
repair sig | case A-S1 | k=2 - z=best - best'=O                                                      1
repair sig | case A-S1 | k=2 - z=best - best'=O*                                                     2
repair sig | case A-S1 | k=2 - z=best - best'=O*x                                                    6
repair sig | case A-S1 | k=2 - z=best - best'=Ox                                                     2
repair sig | case A-S1 | k=2 - z=best - best'=x                                                      3
repair sig | case A-S1 | k=2 - z=best h best'=h                                                      5
repair sig | case A-S1 | k=2 - z=best h best'=hx                                                     2
repair sig | case A-S1 | k=2 BL z=best - best'=x                                                     1
repair sig | case A-S1 | k=2 EX z - best'=O*x                                                        1
repair sig | case A-S1 | k=2 EX z - best'=x                                                          2
repair sig | case A-S1 | k=2 EX z h best'=x                                                          3
repair sig | case A-S1 | k=2 EX z=best - best'=Ox                                                    1
repair sig | case A-S1 | k=2 EX z=best - best'=x                                                     1
repair sig | case A-S1 | k=2 EX z=best h best'=x                                                     1
repair sig | case A-S1 | k=2 SB z - best'=O*                                                         30
repair sig | case A-S1 | k=2 SB z - best'=O*x                                                        113
repair sig | case A-S1 | k=2 SB z - best'=x                                                          3
repair sig | case A-S1 | k=2 SB z h best'=h                                                          27
repair sig | case A-S1 | k=2 SB z h best'=hx                                                         26
repair sig | case A-S1 | k=2 SB z h best'=x                                                          97
repair sig | case A-S1 | k=2 SB z=best - best'=O*                                                    73
repair sig | case A-S1 | k=2 SB z=best - best'=O*x                                                   137
repair sig | case A-S1 | k=2 SB z=best - best'=Ox                                                    9
repair sig | case A-S1 | k=2 SB z=best - best'=x                                                     341
repair sig | case A-S1 | k=2 SB z=best h best'=h                                                     59
repair sig | case A-S1 | k=2 SB z=best h best'=hx                                                    57
repair sig | case A-S1 | k=2 SB z=best h best'=x                                                     80
repair sig | case A-z | k=0 - z - best'=O*                                                           74
repair sig | case A-z | k=0 - z - best'=OO*                                                          1
repair sig | case A-z | k=0 - z h best'=O*                                                           9
repair sig | case A-z | k=0 - z h best'=O*h                                                          18
repair sig | case A-z | k=0 - z h best'=Oh                                                           2
repair sig | case A-z | k=0 - z h best'=h                                                            56
repair sig | case A-z | k=0 - z=best - best'=O                                                       45
repair sig | case A-z | k=0 - z=best - best'=O*                                                      21
repair sig | case A-z | k=0 - z=best - best'=OO*                                                     4
repair sig | case A-z | k=0 - z=best h best'=O*                                                      6
repair sig | case A-z | k=0 - z=best h best'=O*h                                                     2
repair sig | case A-z | k=0 - z=best h best'=Oh                                                      4
repair sig | case A-z | k=0 - z=best h best'=h                                                       12
repair sig | case A-z | k=0 BL z=best - best'=O*                                                     1
repair sig | case A-z | k=0 BL z=best h best'=h                                                      1
repair sig | case A-z | k=0 EX z h best'=O*                                                          2
repair sig | case A-z | k=0 EX z=best h best'=Oh                                                     2
repair sig | case A-z | k=0 EX z=best h best'=h                                                      2
repair sig | case A-z | k=0 SB z - best'=O                                                           1
repair sig | case A-z | k=0 SB z - best'=O*                                                          27
repair sig | case A-z | k=0 SB z - best'=O*x                                                         98
repair sig | case A-z | k=0 SB z h best'=O                                                           1
repair sig | case A-z | k=0 SB z h best'=O*                                                          20
repair sig | case A-z | k=0 SB z h best'=O*hx                                                        22
repair sig | case A-z | k=0 SB z h best'=O*x                                                         4
repair sig | case A-z | k=0 SB z h best'=h                                                           27
repair sig | case A-z | k=0 SB z h best'=hx                                                          7
repair sig | case A-z | k=0 SB z h best'=x                                                           87
repair sig | case A-z | k=0 SB z=best - best'=O*                                                     1
repair sig | case A-z | k=0 SB z=best h best'=h                                                      1
repair sig | case A-z | k=0 SB z=best h best'=hx                                                     1
repair sig | case A-z | k=0+cyc SB z - best'=O*                                                      4
repair sig | case A-z | k=0+cyc SB z - best'=O*x                                                     42
repair sig | case A-z | k=0+cyc SB z h best'=h                                                       4
repair sig | case A-z | k=0+cyc SB z h best'=hx                                                      6
repair sig | case A-z | k=0+cyc SB z h best'=x                                                       38
repair sig | case A-z | k=1 - z - best'=O*                                                           38
repair sig | case A-z | k=1 - z h best'=h                                                            38
repair sig | case A-z | k=1 - z=best - best'=O                                                       44
repair sig | case A-z | k=1 - z=best h best'=h                                                       5
repair sig | case A-z | k=1 BL z=best - best'=O*                                                     1
repair sig | case A-z | k=1 SB z - best'=O                                                           1
repair sig | case A-z | k=1 SB z - best'=O*                                                          30
repair sig | case A-z | k=1 SB z - best'=O*x                                                         78
repair sig | case A-z | k=1 SB z - best'=OO*x                                                        2
repair sig | case A-z | k=1 SB z h best'=O                                                           1
repair sig | case A-z | k=1 SB z h best'=O*                                                          20
repair sig | case A-z | k=1 SB z h best'=O*hx                                                        5
repair sig | case A-z | k=1 SB z h best'=O*x                                                         7
repair sig | case A-z | k=1 SB z h best'=Ox                                                          3
repair sig | case A-z | k=1 SB z h best'=h                                                           31
repair sig | case A-z | k=1 SB z h best'=hx                                                          9
repair sig | case A-z | k=1 SB z h best'=x                                                           69
repair sig | case A-z | k=1 SB z=best - best'=O*                                                     20
repair sig | case A-z | k=1 SB z=best - best'=O*x                                                    26
repair sig | case A-z | k=1 SB z=best - best'=OO*x                                                   6
repair sig | case A-z | k=1 SB z=best - best'=Ox                                                     20
repair sig | case A-z | k=1 SB z=best - best'=x                                                      66
repair sig | case A-z | k=1 SB z=best h best'=O*                                                     7
repair sig | case A-z | k=1 SB z=best h best'=O*x                                                    13
repair sig | case A-z | k=1 SB z=best h best'=Ohx                                                    8
repair sig | case A-z | k=1 SB z=best h best'=Ox                                                     3
repair sig | case A-z | k=1 SB z=best h best'=h                                                      12
repair sig | case A-z | k=1 SB z=best h best'=hx                                                     16
repair sig | case A-z | k=1 SB z=best h best'=x                                                      14
repair sig | case A-z | k=2 SB z - best'=O*                                                          10
repair sig | case A-z | k=2 SB z - best'=O*x                                                         42
repair sig | case A-z | k=2 SB z h best'=h                                                           10
repair sig | case A-z | k=2 SB z h best'=hx                                                          9
repair sig | case A-z | k=2 SB z h best'=x                                                           35
repair sig | case A-z | k=2 SB z=best - best'=O*                                                     1
repair sig | case A-z | k=2 SB z=best - best'=O*x                                                    1
repair sig | case A-z | k=2 SB z=best - best'=Ox                                                     16
repair sig | case A-z | k=2 SB z=best - best'=x                                                      56
repair sig | case A-z | k=2 SB z=best h best'=x                                                      8
repair sig | case B-S1c | k=0 - z - best'=O*                                                         10
repair sig | case B-S1c | k=0 - z h best'=h                                                          10
repair sig | case B-S1c | k=0 - z=best - best'=O                                                     11
repair sig | case B-S1c | k=0 - z=best - best'=O*                                                    21
repair sig | case B-S1c | k=0 - z=best h best'=h                                                     12
repair sig | case B-S1c | k=0 - z=best h best'=x                                                     1
repair sig | case B-S1c | k=0 EX z - best'=x                                                         1
repair sig | case B-S1c | k=0 EX z=best h best'=hx                                                   1
repair sig | case B-S1c | k=1 - z - best'=O*                                                         7
repair sig | case B-S1c | k=1 - z h best'=h                                                          7
repair sig | case B-S1c | k=1 - z=best - best'=O                                                     8
repair sig | case B-S1c | k=1 - z=best - best'=O*                                                    14
repair sig | case B-S1c | k=1 - z=best h best'=h                                                     6
repair sig | case B-S1c | k=1 EX z=best h best'=hx                                                   1
repair sig | case B-S1c | k=1 SB z - best'=O*x                                                       12
repair sig | case B-S1c | k=1 SB z h best'=x                                                         12
repair sig | case B-S1c | k=1 SB z=best - best'=O*                                                   7
repair sig | case B-S1c | k=1 SB z=best - best'=O*x                                                  11
repair sig | case B-S1c | k=1 SB z=best - best'=Ox                                                   2
repair sig | case B-S1c | k=1 SB z=best - best'=x                                                    33
repair sig | case B-S1c | k=1 SB z=best h best'=h                                                    6
repair sig | case B-S1c | k=1 SB z=best h best'=hx                                                   7
repair sig | case B-S1c | k=1 SB z=best h best'=x                                                    12
repair sig | case B-S1c | k=2 SB z - best'=O*x                                                       12
repair sig | case B-S1c | k=2 SB z h best'=x                                                         12
repair sig | case B-S1c | k=2 SB z=best - best'=O*                                                   7
repair sig | case B-S1c | k=2 SB z=best - best'=O*x                                                  11
repair sig | case B-S1c | k=2 SB z=best - best'=Ox                                                   2
repair sig | case B-S1c | k=2 SB z=best - best'=x                                                    33
repair sig | case B-S1c | k=2 SB z=best h best'=h                                                    6
repair sig | case B-S1c | k=2 SB z=best h best'=hx                                                   7
repair sig | case B-S1c | k=2 SB z=best h best'=x                                                    12
repair sig | case C | k=0 - z - best'=O*                                                             1
repair sig | case C | k=0 - z h best'=h                                                              1
repair sig | case C | k=0 BL z - best'=O*                                                            1
repair sig | case C | k=0 BL z h best'=h                                                             1
repair sig | case C | k=0 BL z=best - best'=O                                                        1
repair sig | case C | k=0 BL z=best h best'=h                                                        1
repair sig | case C | k=0 BL z=best h best'=hx                                                       1
repair sig | case C | k=1 BL z - best'=O*                                                            1
repair sig | case C | k=1 BL z h best'=h                                                             1
repair sig | case C | k=1 BL z h best'=hx                                                            1
repair sig | case C | k=1 BL z=best - best'=O                                                        1
repair sig | case C | k=1 BL z=best h best'=h                                                        1
repair sig | case C | k=1 BL z=best h best'=hx                                                       1
repair sig | case C | k=2 BL z - best'=O*                                                            1
repair sig | case C | k=2 BL z h best'=h                                                             1
repair sig | case C | k=2 BL z h best'=hx                                                            1
smallest case A-S1                                n=5 m=8 dump_n5b_4.jsonl.gz sets=[[0, 5, 6, 7], [1, 5, 6, 7], [2, 3, 4, 7], [2, 3, 5, 7], [4, 6, 7]] vals=[[2, 7, 10, 4], [4, 8, 2, 5], [5, 3, 6, 7], [6, 2, 10, 7], [2, 4, 3]] P=[[0], [1], [7], [5], [6]]
smallest case A-S1 thetas ok                      n=5 m=8 dump_n5b_4.jsonl.gz sets=[[0, 5, 6, 7], [1, 5, 6, 7], [2, 3, 4, 7], [2, 3, 5, 7], [4, 6, 7]] vals=[[2, 7, 10, 4], [4, 8, 2, 5], [5, 3, 6, 7], [6, 2, 10, 7], [2, 4, 3]] P=[[0], [1], [7], [5], [6]]
smallest case A-S1 thetas ok/theta-a              n=5 m=9 dump_n5b_4.jsonl.gz sets=[[0, 2, 4, 7], [1, 3, 7, 8], [4, 6, 8], [5, 6, 7, 8], [5, 6, 7, 8]] vals=[[6, 3, 5, 7], [2, 4, 5, 8], [2, 4, 3], [2, 6, 10, 3], [3, 8, 10, 6]] P=[[7], [3], [6], [5], [8]]
smallest case A-S1 thetas ok/theta-b              n=5 m=9 dump_n5b_4.jsonl.gz sets=[[0, 2, 4, 8], [1, 3, 4, 8], [5, 6, 7, 8], [5, 6, 7, 8], [6, 7, 8]] vals=[[6, 2, 3, 10], [3, 6, 5, 7], [3, 7, 5, 6], [2, 7, 10, 6], [3, 4, 2]] P=[[0], [8], [5], [6], [7]]
smallest case A-S1 thetas theta-a                 n=5 m=11 dump_n5b_4.jsonl.gz sets=[[0, 2, 7, 10], [1, 4, 9, 10], [3, 6, 9, 10], [5, 7, 8, 10], [8, 9, 10]] vals=[[3, 6, 5, 7], [2, 4, 5, 8], [6, 2, 7, 10], [4, 2, 8, 7], [4, 3, 2]] P=[[10], [1, 4], [3, 6], [5], [8]]
smallest case A-S1 thetas theta-b                 n=5 m=11 dump_n5b_4.jsonl.gz sets=[[0, 2, 6, 8], [1, 4, 8, 10], [3, 5, 9, 10], [6, 7, 9, 10], [7, 9, 10]] vals=[[10, 3, 6, 8], [4, 2, 3, 8], [3, 6, 5, 7], [4, 8, 1, 6], [4, 2, 3]] P=[[0, 2], [1], [10], [6], [7]]
smallest case A-z                                 n=5 m=9 dump_n5b_4.jsonl.gz sets=[[0, 1, 3, 7], [2, 3, 7, 8], [2, 7, 8], [4, 5, 6, 8], [4, 5, 6, 8]] vals=[[4, 5, 6, 8], [4, 2, 10, 7], [2, 4, 3], [3, 4, 10, 8], [2, 4, 8, 7]] P=[[7], [2], [8], [6], [4, 5]]
smallest case B-S1c                               n=5 m=9 dump_n5b_4.jsonl.gz sets=[[0, 2, 5, 6], [1, 3, 7, 8], [4, 5, 6, 8], [4, 7, 8], [5, 6, 7, 8]] vals=[[6, 5, 4, 8], [4, 2, 8, 7], [3, 2, 10, 6], [2, 4, 3], [2, 10, 7, 6]] P=[[6], [1], [8], [4], [7]]
smallest case C                                   n=5 m=9 dump_n5b_4.jsonl.gz sets=[[0, 2, 6, 8], [1, 3, 7, 8], [3, 7, 8], [4, 5, 6, 7], [4, 5, 6, 8]] vals=[[3, 4, 10, 8], [3, 10, 2, 6], [4, 2, 3], [6, 5, 8, 4], [5, 4, 8, 6]] P=[[0, 2], [1, 7], [3], [6], [8]]
smallest chain only, case B-S1c                   n=5 m=9 dump_n5b_4.jsonl.gz sets=[[0, 2, 4, 7], [1, 4, 7, 8], [3, 6, 8], [5, 6, 7, 8], [5, 6, 7, 8]] vals=[[6, 3, 5, 7], [4, 2, 8, 7], [2, 4, 3], [4, 8, 1, 6], [2, 7, 8, 4]] P=[[7], [8], [3], [5], [6]]
smallest uncertified case A-S1                    n=5 m=11 dump_n5b_4.jsonl.gz sets=[[0, 2, 6, 8], [1, 4, 8, 10], [3, 5, 9, 10], [6, 7, 9, 10], [7, 9, 10]] vals=[[10, 3, 6, 8], [4, 2, 3, 8], [3, 6, 5, 7], [4, 8, 1, 6], [4, 2, 3]] P=[[0, 2], [1, 4], [10], [6], [7]]
smallest uncertified case A-z                     n=5 m=9 dump_n5b_4.jsonl.gz sets=[[0, 1, 3, 7], [2, 3, 7, 8], [2, 7, 8], [4, 5, 6, 8], [4, 5, 6, 8]] vals=[[4, 5, 6, 8], [4, 2, 10, 7], [2, 4, 3], [3, 4, 10, 8], [2, 4, 8, 7]] P=[[7], [2], [8], [6], [4, 5]]
smallest uncertified case B-S1c                   n=5 m=9 dump_n5b_4.jsonl.gz sets=[[0, 2, 5, 6], [1, 3, 7, 8], [4, 5, 6, 8], [4, 7, 8], [5, 6, 7, 8]] vals=[[6, 5, 4, 8], [4, 2, 8, 7], [3, 2, 10, 6], [2, 4, 3], [2, 10, 7, 6]] P=[[6], [1], [8], [4], [7]]
smallest uncertified case C                       n=5 m=9 dump_n5b_4.jsonl.gz sets=[[0, 2, 6, 8], [1, 3, 7, 8], [3, 7, 8], [4, 5, 6, 7], [4, 5, 6, 8]] vals=[[3, 4, 10, 8], [3, 10, 2, 6], [4, 2, 3], [6, 5, 8, 4], [5, 4, 8, 6]] P=[[0, 2], [1, 7], [3], [6], [8]]
# done
