# command: python3 k4/f2_shapes.py results/k4_rt4/dump_n5b_3.jsonl.gz results/k4_rt4/dump_n5b_3bt.jsonl.gz results/k4_rt4/dump_n5b_4.jsonl.gz results/k4_rt4/dump_n5b_4bt.jsonl.gz results/k4_rt4/dump_n5c_purebt.jsonl.gz results/k4_rt4/dump_n5c_pure.jsonl.gz --t3br --chunk=1/8 --out=results/k4_f2/shapes5_1.jsonl.gz
# distinct profiles read: 238
T3-stage                                                                                             972
T3-stage f=2                                                                                         393
T3-stage f=3                                                                                         579
case A-S1                                                                                            894
case A-S1 thetas ok                                                                                  627
case A-S1 thetas ok/theta-a                                                                          12
case A-S1 thetas ok/theta-a/theta-b                                                                  6
case A-S1 thetas ok/theta-b                                                                          228
case A-S1 thetas theta-b                                                                             21
case A-S1 | x roles of the plain T3 repairs -/EX/SB                                                  1
case A-S1 | x roles of the plain T3 repairs -/SB                                                     290
case A-S1 | x roles of the plain T3 repairs BL/SB                                                    6
case A-S1 | x roles of the plain T3 repairs EX/SB                                                    27
case A-S1 | x roles of the plain T3 repairs SB                                                       570
case A-z                                                                                             74
case A-z | x roles of the plain T3 repairs -/SB                                                      64
case A-z | x roles of the plain T3 repairs EX/SB                                                     4
case A-z | x roles of the plain T3 repairs SB                                                        6
case B-S1c                                                                                           4
case B-S1c | x roles of the plain T3 repairs -                                                       3
case B-S1c | x roles of the plain T3 repairs -/EX                                                    1
case B-S1c, frozen agents on the shortest need paths [1]                                             4
cert C1 | case A-S1                                                                                  873
cert C2 | case A-S1                                                                                  1
cert C2 | case A-z                                                                                   2
cert C3 | case A-z                                                                                   10
cert none | case A-S1                                                                                20
cert none | case A-z                                                                                 62
cert none | case B-S1c                                                                               4
def>0 states                                                                                         1218
keys def*>0                                                                                          307
profiles                                                                                             238
profiles f=2 n=5                                                                                     55
profiles f=3 n=5                                                                                     183
profiles f>=2, omega>=1                                                                              238
repair sig | case A-S1 | k=0 - z - best'=O*                                                          40
repair sig | case A-S1 | k=0 - z - best'=O*x                                                         2
repair sig | case A-S1 | k=0 - z h best'=O*                                                          3
repair sig | case A-S1 | k=0 - z h best'=O*h                                                         25
repair sig | case A-S1 | k=0 - z h best'=Oh                                                          2
repair sig | case A-S1 | k=0 - z h best'=h                                                           15
repair sig | case A-S1 | k=0 - z=best - best'=O                                                      12
repair sig | case A-S1 | k=0 - z=best - best'=O*                                                     218
repair sig | case A-S1 | k=0 - z=best - best'=OO*                                                    4
repair sig | case A-S1 | k=0 - z=best h best'=O                                                      2
repair sig | case A-S1 | k=0 - z=best h best'=O*                                                     23
repair sig | case A-S1 | k=0 - z=best h best'=O*h                                                    68
repair sig | case A-S1 | k=0 - z=best h best'=Oh                                                     6
repair sig | case A-S1 | k=0 - z=best h best'=h                                                      86
repair sig | case A-S1 | k=0 BL z=best - best'=O*                                                    6
repair sig | case A-S1 | k=0 EX z - best'=O*                                                         3
repair sig | case A-S1 | k=0 EX z h best'=O                                                          3
repair sig | case A-S1 | k=0 EX z h best'=O*                                                         10
repair sig | case A-S1 | k=0 EX z h best'=O*x                                                        1
repair sig | case A-S1 | k=0 EX z h best'=Oh                                                         2
repair sig | case A-S1 | k=0 EX z h best'=Ohx                                                        1
repair sig | case A-S1 | k=0 EX z h best'=x                                                          2
repair sig | case A-S1 | k=0 EX z=best - best'=O                                                     4
repair sig | case A-S1 | k=0 EX z=best h best'=O                                                     1
repair sig | case A-S1 | k=0 EX z=best h best'=O*h                                                   8
repair sig | case A-S1 | k=0 EX z=best h best'=O*hx                                                  1
repair sig | case A-S1 | k=0 EX z=best h best'=Oh                                                    7
repair sig | case A-S1 | k=0 EX z=best h best'=Ohx                                                   2
repair sig | case A-S1 | k=0 EX z=best h best'=h                                                     18
repair sig | case A-S1 | k=0 EX z=best h best'=x                                                     3
repair sig | case A-S1 | k=0 SB z - best'=O*                                                         25
repair sig | case A-S1 | k=0 SB z - best'=O*x                                                        81
repair sig | case A-S1 | k=0 SB z - best'=x                                                          1
repair sig | case A-S1 | k=0 SB z h best'=O*                                                         8
repair sig | case A-S1 | k=0 SB z h best'=O*hx                                                       17
repair sig | case A-S1 | k=0 SB z h best'=O*x                                                        24
repair sig | case A-S1 | k=0 SB z h best'=Oh                                                         3
repair sig | case A-S1 | k=0 SB z h best'=Ohx                                                        10
repair sig | case A-S1 | k=0 SB z h best'=Ox                                                         2
repair sig | case A-S1 | k=0 SB z h best'=h                                                          11
repair sig | case A-S1 | k=0 SB z h best'=hx                                                         29
repair sig | case A-S1 | k=0 SB z h best'=x                                                          62
repair sig | case A-S1 | k=0 SB z=best - best'=O                                                     1
repair sig | case A-S1 | k=0 SB z=best - best'=O*                                                    239
repair sig | case A-S1 | k=0 SB z=best - best'=O*x                                                   624
repair sig | case A-S1 | k=0 SB z=best - best'=OO*x                                                  18
repair sig | case A-S1 | k=0 SB z=best - best'=Ox                                                    43
repair sig | case A-S1 | k=0 SB z=best - best'=x                                                     566
repair sig | case A-S1 | k=0 SB z=best h best'=O*                                                    63
repair sig | case A-S1 | k=0 SB z=best h best'=O*h                                                   35
repair sig | case A-S1 | k=0 SB z=best h best'=O*hx                                                  140
repair sig | case A-S1 | k=0 SB z=best h best'=O*x                                                   94
repair sig | case A-S1 | k=0 SB z=best h best'=Ohx                                                   32
repair sig | case A-S1 | k=0 SB z=best h best'=Ox                                                    7
repair sig | case A-S1 | k=0 SB z=best h best'=h                                                     265
repair sig | case A-S1 | k=0 SB z=best h best'=hx                                                    485
repair sig | case A-S1 | k=0 SB z=best h best'=x                                                     335
repair sig | case A-S1 | k=0+cyc SB z - best'=O*x                                                    20
repair sig | case A-S1 | k=0+cyc SB z h best'=hx                                                     14
repair sig | case A-S1 | k=0+cyc SB z h best'=x                                                      6
repair sig | case A-S1 | k=0+cyc SB z=best - best'=O*                                                88
repair sig | case A-S1 | k=0+cyc SB z=best - best'=O*x                                               158
repair sig | case A-S1 | k=0+cyc SB z=best - best'=Ox                                                14
repair sig | case A-S1 | k=0+cyc SB z=best - best'=x                                                 26
repair sig | case A-S1 | k=0+cyc SB z=best h best'=h                                                 96
repair sig | case A-S1 | k=0+cyc SB z=best h best'=hx                                                186
repair sig | case A-S1 | k=0+cyc SB z=best h best'=x                                                 14
repair sig | case A-S1 | k=1 - z - best'=O*                                                          17
repair sig | case A-S1 | k=1 - z - best'=O*x                                                         8
repair sig | case A-S1 | k=1 - z h best'=h                                                           13
repair sig | case A-S1 | k=1 - z h best'=hx                                                          10
repair sig | case A-S1 | k=1 - z=best - best'=O                                                      6
repair sig | case A-S1 | k=1 - z=best - best'=O*                                                     193
repair sig | case A-S1 | k=1 - z=best - best'=O*x                                                    57
repair sig | case A-S1 | k=1 - z=best - best'=Ox                                                     8
repair sig | case A-S1 | k=1 - z=best - best'=x                                                      7
repair sig | case A-S1 | k=1 - z=best h best'=h                                                      179
repair sig | case A-S1 | k=1 - z=best h best'=hx                                                     61
repair sig | case A-S1 | k=1 BL z=best - best'=O*                                                    2
repair sig | case A-S1 | k=1 BL z=best - best'=O*x                                                   3
repair sig | case A-S1 | k=1 BL z=best - best'=x                                                     3
repair sig | case A-S1 | k=1 EX z - best'=O*                                                         1
repair sig | case A-S1 | k=1 EX z=best - best'=O*                                                    14
repair sig | case A-S1 | k=1 EX z=best - best'=OO*                                                   6
repair sig | case A-S1 | k=1 EX z=best h best'=O*                                                    24
repair sig | case A-S1 | k=1 EX z=best h best'=O*h                                                   15
repair sig | case A-S1 | k=1 EX z=best h best'=Oh                                                    7
repair sig | case A-S1 | k=1 EX z=best h best'=h                                                     13
repair sig | case A-S1 | k=1 SB z - best'=O*                                                         13
repair sig | case A-S1 | k=1 SB z - best'=O*x                                                        49
repair sig | case A-S1 | k=1 SB z - best'=OO*x                                                       1
repair sig | case A-S1 | k=1 SB z - best'=x                                                          4
repair sig | case A-S1 | k=1 SB z h best'=O*                                                         7
repair sig | case A-S1 | k=1 SB z h best'=O*hx                                                       16
repair sig | case A-S1 | k=1 SB z h best'=O*x                                                        7
repair sig | case A-S1 | k=1 SB z h best'=Ohx                                                        2
repair sig | case A-S1 | k=1 SB z h best'=Ox                                                         1
repair sig | case A-S1 | k=1 SB z h best'=h                                                          9
repair sig | case A-S1 | k=1 SB z h best'=hx                                                         8
repair sig | case A-S1 | k=1 SB z h best'=x                                                          41
repair sig | case A-S1 | k=1 SB z=best - best'=O                                                     1
repair sig | case A-S1 | k=1 SB z=best - best'=O*                                                    128
repair sig | case A-S1 | k=1 SB z=best - best'=O*x                                                   313
repair sig | case A-S1 | k=1 SB z=best - best'=OO*x                                                  1
repair sig | case A-S1 | k=1 SB z=best - best'=Ox                                                    8
repair sig | case A-S1 | k=1 SB z=best - best'=x                                                     415
repair sig | case A-S1 | k=1 SB z=best h best'=O*                                                    33
repair sig | case A-S1 | k=1 SB z=best h best'=O*h                                                   10
repair sig | case A-S1 | k=1 SB z=best h best'=O*hx                                                  56
repair sig | case A-S1 | k=1 SB z=best h best'=O*x                                                   31
repair sig | case A-S1 | k=1 SB z=best h best'=Ox                                                    1
repair sig | case A-S1 | k=1 SB z=best h best'=h                                                     125
repair sig | case A-S1 | k=1 SB z=best h best'=hx                                                    206
repair sig | case A-S1 | k=1 SB z=best h best'=x                                                     210
repair sig | case A-S1 | k=2 - z - best'=O*                                                          7
repair sig | case A-S1 | k=2 - z - best'=O*x                                                         6
repair sig | case A-S1 | k=2 - z h best'=h                                                           1
repair sig | case A-S1 | k=2 - z h best'=hx                                                          10
repair sig | case A-S1 | k=2 - z=best - best'=O                                                      3
repair sig | case A-S1 | k=2 - z=best - best'=O*                                                     167
repair sig | case A-S1 | k=2 - z=best - best'=O*x                                                    45
repair sig | case A-S1 | k=2 - z=best - best'=Ox                                                     8
repair sig | case A-S1 | k=2 - z=best - best'=x                                                      9
repair sig | case A-S1 | k=2 - z=best h best'=h                                                      170
repair sig | case A-S1 | k=2 - z=best h best'=hx                                                     59
repair sig | case A-S1 | k=2 BL z=best - best'=x                                                     3
repair sig | case A-S1 | k=2 EX z - best'=O*                                                         1
repair sig | case A-S1 | k=2 EX z - best'=O*x                                                        1
repair sig | case A-S1 | k=2 EX z=best h best'=h                                                     1
repair sig | case A-S1 | k=2 SB z - best'=O*                                                         1
repair sig | case A-S1 | k=2 SB z - best'=O*x                                                        10
repair sig | case A-S1 | k=2 SB z - best'=x                                                          1
repair sig | case A-S1 | k=2 SB z h best'=hx                                                         2
repair sig | case A-S1 | k=2 SB z h best'=x                                                          10
repair sig | case A-S1 | k=2 SB z=best - best'=O*                                                    75
repair sig | case A-S1 | k=2 SB z=best - best'=O*x                                                   112
repair sig | case A-S1 | k=2 SB z=best - best'=Ox                                                    1
repair sig | case A-S1 | k=2 SB z=best - best'=x                                                     197
repair sig | case A-S1 | k=2 SB z=best h best'=h                                                     61
repair sig | case A-S1 | k=2 SB z=best h best'=hx                                                    78
repair sig | case A-S1 | k=2 SB z=best h best'=x                                                     83
repair sig | case A-z | k=0 - z - best'=O*                                                           33
repair sig | case A-z | k=0 - z h best'=O                                                            1
repair sig | case A-z | k=0 - z h best'=O*                                                           10
repair sig | case A-z | k=0 - z h best'=O*h                                                          25
repair sig | case A-z | k=0 - z h best'=Oh                                                           2
repair sig | case A-z | k=0 - z h best'=h                                                            7
repair sig | case A-z | k=0 - z=best - best'=O                                                       14
repair sig | case A-z | k=0 - z=best - best'=O*                                                      12
repair sig | case A-z | k=0 - z=best - best'=OO*                                                     22
repair sig | case A-z | k=0 - z=best h best'=O                                                       18
repair sig | case A-z | k=0 - z=best h best'=O*                                                      1
repair sig | case A-z | k=0 - z=best h best'=O*h                                                     4
repair sig | case A-z | k=0 - z=best h best'=Oh                                                      26
repair sig | case A-z | k=0 - z=best h best'=h                                                       21
repair sig | case A-z | k=0 - z=best h best'=hx                                                      2
repair sig | case A-z | k=0 EX z - best'=O*                                                          1
repair sig | case A-z | k=0 EX z h best'=O                                                           1
repair sig | case A-z | k=0 EX z h best'=O*                                                          3
repair sig | case A-z | k=0 EX z h best'=Oh                                                          1
repair sig | case A-z | k=0 EX z=best - best'=O                                                      2
repair sig | case A-z | k=0 EX z=best h best'=Oh                                                     3
repair sig | case A-z | k=0 EX z=best h best'=h                                                      2
repair sig | case A-z | k=0 SB z - best'=O*                                                          20
repair sig | case A-z | k=0 SB z - best'=O*x                                                         47
repair sig | case A-z | k=0 SB z - best'=x                                                           8
repair sig | case A-z | k=0 SB z h best'=O*                                                          11
repair sig | case A-z | k=0 SB z h best'=O*hx                                                        15
repair sig | case A-z | k=0 SB z h best'=O*x                                                         4
repair sig | case A-z | k=0 SB z h best'=Ohx                                                         4
repair sig | case A-z | k=0 SB z h best'=h                                                           16
repair sig | case A-z | k=0 SB z h best'=hx                                                          14
repair sig | case A-z | k=0 SB z h best'=x                                                           58
repair sig | case A-z | k=0 SB z=best h best'=hx                                                     5
repair sig | case A-z | k=0 SB z=best h best'=x                                                      5
repair sig | case A-z | k=0+cyc SB z - best'=O*x                                                     2
repair sig | case A-z | k=0+cyc SB z - best'=x                                                       8
repair sig | case A-z | k=0+cyc SB z h best'=x                                                       10
repair sig | case A-z | k=1 - z=best - best'=O                                                       8
repair sig | case A-z | k=1 - z=best h best'=h                                                       8
repair sig | case A-z | k=1 - z=best h best'=hx                                                      2
repair sig | case A-z | k=1 SB z - best'=O*                                                          18
repair sig | case A-z | k=1 SB z - best'=O*x                                                         50
repair sig | case A-z | k=1 SB z - best'=x                                                           6
repair sig | case A-z | k=1 SB z h best'=O*                                                          11
repair sig | case A-z | k=1 SB z h best'=O*hx                                                        15
repair sig | case A-z | k=1 SB z h best'=O*x                                                         4
repair sig | case A-z | k=1 SB z h best'=Ohx                                                         3
repair sig | case A-z | k=1 SB z h best'=h                                                           16
repair sig | case A-z | k=1 SB z h best'=hx                                                          14
repair sig | case A-z | k=1 SB z h best'=x                                                           51
repair sig | case A-z | k=1 SB z=best - best'=O                                                      1
repair sig | case A-z | k=1 SB z=best - best'=O*                                                     6
repair sig | case A-z | k=1 SB z=best - best'=O*x                                                    15
repair sig | case A-z | k=1 SB z=best - best'=OO*x                                                   5
repair sig | case A-z | k=1 SB z=best - best'=Ox                                                     20
repair sig | case A-z | k=1 SB z=best - best'=x                                                      43
repair sig | case A-z | k=1 SB z=best h best'=O*x                                                    4
repair sig | case A-z | k=1 SB z=best h best'=Ohx                                                    14
repair sig | case A-z | k=1 SB z=best h best'=Ox                                                     14
repair sig | case A-z | k=1 SB z=best h best'=h                                                      7
repair sig | case A-z | k=1 SB z=best h best'=hx                                                     17
repair sig | case A-z | k=1 SB z=best h best'=x                                                      49
repair sig | case A-z | k=2 SB z - best'=O*x                                                         5
repair sig | case A-z | k=2 SB z - best'=x                                                           6
repair sig | case A-z | k=2 SB z h best'=h                                                           1
repair sig | case A-z | k=2 SB z h best'=hx                                                          3
repair sig | case A-z | k=2 SB z h best'=x                                                           6
repair sig | case A-z | k=2 SB z=best - best'=O*                                                     2
repair sig | case A-z | k=2 SB z=best - best'=O*x                                                    4
repair sig | case A-z | k=2 SB z=best - best'=Ox                                                     4
repair sig | case A-z | k=2 SB z=best - best'=x                                                      12
repair sig | case A-z | k=2 SB z=best h best'=h                                                      4
repair sig | case A-z | k=2 SB z=best h best'=hx                                                     3
repair sig | case A-z | k=2 SB z=best h best'=x                                                      6
repair sig | case B-S1c | k=0 - z - best'=O*                                                         2
repair sig | case B-S1c | k=0 - z h best'=h                                                          2
repair sig | case B-S1c | k=0 - z=best - best'=O                                                     2
repair sig | case B-S1c | k=0 - z=best - best'=O*                                                    1
repair sig | case B-S1c | k=0 - z=best h best'=h                                                     4
repair sig | case B-S1c | k=0 EX z - best'=O*x                                                       1
repair sig | case B-S1c | k=0 EX z - best'=x                                                         1
repair sig | case B-S1c | k=0 EX z=best h best'=h                                                    1
repair sig | case B-S1c | k=1 - z - best'=O*                                                         2
repair sig | case B-S1c | k=1 - z h best'=h                                                          2
repair sig | case B-S1c | k=1 - z=best - best'=O                                                     2
repair sig | case B-S1c | k=1 - z=best - best'=O*                                                    1
repair sig | case B-S1c | k=1 - z=best h best'=h                                                     3
repair sig | case B-S1c | k=1 EX z=best h best'=h                                                    1
repair sig | case B-S1c | k=1 SB z - best'=x                                                         3
repair sig | case B-S1c | k=1 SB z h best'=x                                                         2
repair sig | case B-S1c | k=1 SB z=best - best'=Ox                                                   1
repair sig | case B-S1c | k=1 SB z=best - best'=x                                                    3
repair sig | case B-S1c | k=1 SB z=best h best'=hx                                                   1
repair sig | case B-S1c | k=1 SB z=best h best'=x                                                    3
repair sig | case B-S1c | k=2 SB z - best'=x                                                         2
repair sig | case B-S1c | k=2 SB z h best'=x                                                         2
repair sig | case B-S1c | k=2 SB z=best - best'=Ox                                                   1
repair sig | case B-S1c | k=2 SB z=best - best'=x                                                    3
repair sig | case B-S1c | k=2 SB z=best h best'=hx                                                   1
repair sig | case B-S1c | k=2 SB z=best h best'=x                                                    3
smallest case A-S1                                n=5 m=8 dump_n5b_3bt.jsonl.gz sets=[[0, 1, 5, 6], [2, 4, 6, 7], [2, 4, 6, 7], [3, 5, 7], [3, 5, 7]] vals=[[3, 2, 8, 4], [3, 4, 8, 2], [2, 4, 8, 3], [4, 3, 2], [4, 3, 2]] P=[[6], [4], [2, 7], [3], [5]]
smallest case A-S1 thetas ok                      n=5 m=8 dump_n5b_3bt.jsonl.gz sets=[[0, 1, 5, 6], [2, 4, 6, 7], [2, 4, 6, 7], [3, 5, 7], [3, 5, 7]] vals=[[3, 2, 8, 4], [3, 4, 8, 2], [2, 4, 8, 3], [4, 3, 2], [4, 3, 2]] P=[[6], [4], [2, 7], [3], [5]]
smallest case A-S1 thetas ok/theta-a              n=5 m=9 dump_n5b_3bt.jsonl.gz sets=[[0, 2, 7, 8], [1, 5, 6, 7], [3, 6, 7, 8], [4, 7, 8], [5, 6, 8]] vals=[[2, 3, 8, 4], [3, 8, 2, 4], [3, 2, 4, 8], [2, 3, 4], [4, 3, 2]] P=[[8], [7], [3], [4], [5]]
smallest case A-S1 thetas ok/theta-a/theta-b      n=5 m=11 dump_n5b_3.jsonl.gz sets=[[0, 2, 7, 10], [1, 6, 7, 10], [3, 8, 9, 10], [4, 8, 9], [5, 9, 10]] vals=[[2, 3, 4, 8], [3, 5, 6, 7], [5, 3, 7, 6], [2, 3, 4], [2, 4, 3]] P=[[7], [10], [3], [9], [5]]
smallest case A-S1 thetas ok/theta-b              n=5 m=10 dump_n5b_3.jsonl.gz sets=[[0, 5, 6, 9], [1, 5, 7, 9], [2, 6, 8, 9], [3, 7, 8], [4, 8, 9]] vals=[[5, 6, 3, 7], [6, 2, 3, 10], [4, 2, 8, 7], [2, 3, 4], [2, 4, 3]] P=[[9], [1], [2], [8], [4]]
smallest case A-S1 thetas theta-b                 n=5 m=10 dump_n5b_3bt.jsonl.gz sets=[[0, 2, 5, 8], [1, 3, 8, 9], [4, 5, 6, 8], [4, 7, 9], [6, 7, 9]] vals=[[3, 4, 2, 8], [2, 3, 4, 8], [3, 4, 2, 8], [2, 4, 3], [2, 4, 3]] P=[[0, 2], [8], [4, 6], [7], [9]]
smallest case A-z                                 n=5 m=9 dump_n5b_3bt.jsonl.gz sets=[[0, 1, 2, 5], [2, 6, 8], [3, 4, 5, 7], [3, 4, 7, 8], [6, 7, 8]] vals=[[2, 3, 4, 8], [2, 4, 3], [4, 3, 8, 2], [4, 2, 3, 8], [4, 2, 3]] P=[[5], [6], [4, 7], [3], [8]]
smallest case B-S1c                               n=5 m=9 dump_n5b_3bt.jsonl.gz sets=[[0, 1, 3, 4], [2, 3, 7, 8], [2, 6, 7, 8], [4, 5, 8], [5, 6, 8]] vals=[[2, 4, 8, 3], [3, 8, 2, 4], [4, 2, 3, 8], [2, 4, 3], [4, 2, 3]] P=[[3], [8], [2, 7], [5], [6]]
smallest uncertified case A-S1                    n=5 m=10 dump_n5b_3bt.jsonl.gz sets=[[0, 2, 5, 8], [1, 3, 8, 9], [4, 5, 6, 8], [4, 7, 9], [6, 7, 9]] vals=[[3, 4, 2, 8], [2, 3, 4, 8], [3, 4, 2, 8], [2, 4, 3], [2, 4, 3]] P=[[0, 2], [8], [4, 6], [7], [9]]
smallest uncertified case A-z                     n=5 m=10 dump_n5b_3.jsonl.gz sets=[[0, 2, 5, 8], [1, 5, 7, 8], [3, 6, 7, 9], [4, 6, 9], [7, 8, 9]] vals=[[3, 5, 6, 7], [3, 2, 6, 10], [4, 2, 8, 3], [3, 4, 2], [3, 4, 2]] P=[[8], [1], [3, 6], [4, 9], [7]]
smallest uncertified case B-S1c                   n=5 m=9 dump_n5b_3bt.jsonl.gz sets=[[0, 1, 3, 4], [2, 3, 7, 8], [2, 6, 7, 8], [4, 5, 8], [5, 6, 8]] vals=[[2, 4, 8, 3], [3, 8, 2, 4], [4, 2, 3, 8], [2, 4, 3], [4, 2, 3]] P=[[3], [8], [2, 7], [5], [6]]
# done
