# SAT-free re-checks of the construction LB certificates for n = 7, m <= 10 (D shape included), their orbit counts, and construct_run.py's own certificate check; run alongside the LB searches on 4 CPUs, 2026-09-24T20:04:37Z

$ python tools/check_certs.py results/certs_lb_7_10.json.gz --expect 7:10:8569 --require-d --jobs 2
checked 8569 hypergraphs {(7, 10): 8569}, models {'LB': 8569}; problems: 0
exit=0  [1019s]

$ python tools/check_enum.py results/certs_lb_7_10.json.gz
results/certs_lb_7_10.json.gz: (n,m)=(7,10): 8569 hypergraphs, orbit sum 89526516710400, labeled connected cores 89526516710400 -> complete
problems: 0
exit=0  [23s]

$ python src/construct_run.py --check-cert=results/certs_lb_7_10.json.gz
results/certs_lb_7_10.json.gz: 8569 hypergraphs, 1077100 allocations; problems (a second bundle of >= 3 goods, not a core, uncovered profiles): 0
exit=0  [1955s]

$ python tools/check_certs.py results/certs_lb_7_9.json.gz --expect 7:9:12699 --require-d --jobs 2
checked 12699 hypergraphs {(7, 9): 12699}, models {'LB': 12699}; problems: 0
exit=0  [983s]

$ python tools/check_enum.py results/certs_lb_7_9.json.gz
results/certs_lb_7_9.json.gz: (n,m)=(7,9): 12699 hypergraphs, orbit sum 13679027863200, labeled connected cores 13679027863200 -> complete
problems: 0
exit=0  [32s]

$ python tools/check_certs.py results/certs_lb_7_8.json.gz --expect 7:8:10343 --require-d --jobs 2
checked 10343 hypergraphs {(7, 8): 10343}, models {'LB': 10343}; problems: 0
exit=0  [272s]

$ python tools/check_enum.py results/certs_lb_7_8.json.gz
results/certs_lb_7_8.json.gz: (n,m)=(7,8): 10343 hypergraphs, orbit sum 1178956961280, labeled connected cores 1178956961280 -> complete
problems: 0
exit=0  [23s]

$ python tools/check_certs.py results/certs_lb_7_3_7.json.gz --expect 7:3:1 7:4:10 7:5:137 7:6:1097 7:7:4632 --require-d --jobs 2
checked 5877 hypergraphs {(7, 3): 1, (7, 4): 10, (7, 5): 137, (7, 6): 1097, (7, 7): 4632}, models {'LB': 5877}; problems: 0
exit=0  [15s]

$ python tools/check_enum.py results/certs_lb_7_3_7.json.gz
results/certs_lb_7_3_7.json.gz: (n,m)=(7,3): 1 hypergraphs, orbit sum 1, labeled connected cores 1 -> complete
results/certs_lb_7_3_7.json.gz: (n,m)=(7,4): 10 hypergraphs, orbit sum 16380, labeled connected cores 16380 -> complete
results/certs_lb_7_3_7.json.gz: (n,m)=(7,5): 137 hypergraphs, orbit sum 9917880, labeled connected cores 9917880 -> complete
results/certs_lb_7_3_7.json.gz: (n,m)=(7,6): 1097 hypergraphs, orbit sum 1218525840, labeled connected cores 1218525840 -> complete
results/certs_lb_7_3_7.json.gz: (n,m)=(7,7): 4632 hypergraphs, orbit sum 54866665350, labeled connected cores 54866665350 -> complete
problems: 0
exit=0  [17s]
