# src/construct_run.py n --relabel=SEED: construction LB after a random permutation of the agents and goods of every core (LB breaks ties by index). Seeds 1-5 for every connected core with n <= 6 (every m); seed 1 for n = 7, m = 11..14. Every output checked against the raw EFX0 definition in construct.c. Evidence only.
[      0s] n=2 m=3: 1 cores, 36 hypergraph-profile pairs, construction fails on 0; outputs with a large bundle: 0 (by size {})
[      0s] n=2 m=4: 1 cores, 36 hypergraph-profile pairs, construction fails on 0; outputs with a large bundle: 0 (by size {})
[      0s] ALL DONE; failures: 0
[      0s] n=3 m=3: 1 cores, 216 hypergraph-profile pairs, construction fails on 0; outputs with a large bundle: 0 (by size {})
[      0s] n=3 m=4: 2 cores, 432 hypergraph-profile pairs, construction fails on 0; outputs with a large bundle: 0 (by size {})
[      0s] n=3 m=5: 3 cores, 648 hypergraph-profile pairs, construction fails on 0; outputs with a large bundle: 14 (by size {3: 14})
[      0s] n=3 m=6: 1 cores, 216 hypergraph-profile pairs, construction fails on 0; outputs with a large bundle: 0 (by size {})
[      0s] ALL DONE; failures: 0
[      0s] n=4 m=3: 1 cores, 1296 hypergraph-profile pairs, construction fails on 0; outputs with a large bundle: 0 (by size {})
[      0s] n=4 m=4: 4 cores, 5184 hypergraph-profile pairs, construction fails on 0; outputs with a large bundle: 0 (by size {})
[      0s] n=4 m=5: 11 cores, 14256 hypergraph-profile pairs, construction fails on 0; outputs with a large bundle: 0 (by size {})
[      0s] n=4 m=6: 16 cores, 20736 hypergraph-profile pairs, construction fails on 0; outputs with a large bundle: 16 (by size {3: 16})
[      0s] n=4 m=7: 8 cores, 10368 hypergraph-profile pairs, construction fails on 0; outputs with a large bundle: 105 (by size {3: 102, 4: 3})
[      0s] n=4 m=8: 1 cores, 1296 hypergraph-profile pairs, construction fails on 0; outputs with a large bundle: 16 (by size {3: 16})
[      0s] ALL DONE; failures: 0
[      0s] n=5 m=3: 1 cores, 7776 hypergraph-profile pairs, construction fails on 0; outputs with a large bundle: 0 (by size {})
[      0s] n=5 m=4: 5 cores, 38880 hypergraph-profile pairs, construction fails on 0; outputs with a large bundle: 0 (by size {})
[      0s] n=5 m=5: 28 cores, 217728 hypergraph-profile pairs, construction fails on 0; outputs with a large bundle: 0 (by size {})
[      0s] n=5 m=6: 76 cores, 590976 hypergraph-profile pairs, construction fails on 0; outputs with a large bundle: 0 (by size {})
[      1s] n=5 m=7: 105 cores, 816480 hypergraph-profile pairs, construction fails on 0; outputs with a large bundle: 36 (by size {3: 36})
[      1s] n=5 m=8: 62 cores, 482112 hypergraph-profile pairs, construction fails on 0; outputs with a large bundle: 694 (by size {3: 694})
[      1s] n=5 m=9: 15 cores, 116640 hypergraph-profile pairs, construction fails on 0; outputs with a large bundle: 926 (by size {3: 919, 4: 7})
[      1s] n=5 m=10: 1 cores, 7776 hypergraph-profile pairs, construction fails on 0; outputs with a large bundle: 182 (by size {3: 182})
[      1s] ALL DONE; failures: 0
[      0s] n=6 m=3: 1 cores, 46656 hypergraph-profile pairs, construction fails on 0; outputs with a large bundle: 0 (by size {})
[      0s] n=6 m=4: 8 cores, 373248 hypergraph-profile pairs, construction fails on 0; outputs with a large bundle: 0 (by size {})
[      2s] n=6 m=5: 66 cores, 3079296 hypergraph-profile pairs, construction fails on 0; outputs with a large bundle: 0 (by size {})
[      9s] n=6 m=6: 317 cores, 14789952 hypergraph-profile pairs, construction fails on 0; outputs with a large bundle: 0 (by size {})
[     25s] n=6 m=7: 781 cores, 36438336 hypergraph-profile pairs, construction fails on 0; outputs with a large bundle: 0 (by size {})
[     46s] n=6 m=8: 1013 cores, 47262528 hypergraph-profile pairs, construction fails on 0; outputs with a large bundle: 40 (by size {3: 40})
[     60s] n=6 m=9: 670 cores, 31259520 hypergraph-profile pairs, construction fails on 0; outputs with a large bundle: 6462 (by size {3: 6459, 4: 3})
[     64s] n=6 m=10: 211 cores, 9844416 hypergraph-profile pairs, construction fails on 0; outputs with a large bundle: 17212 (by size {3: 16762, 4: 450})
[     65s] n=6 m=11: 25 cores, 1166400 hypergraph-profile pairs, construction fails on 0; outputs with a large bundle: 7579 (by size {3: 7466, 4: 113})
[     65s] n=6 m=12: 1 cores, 46656 hypergraph-profile pairs, construction fails on 0; outputs with a large bundle: 1474 (by size {3: 1450, 4: 24})
[     65s] ALL DONE; failures: 0
[      0s] n=2 m=3: 1 cores, 36 hypergraph-profile pairs, construction fails on 0; outputs with a large bundle: 0 (by size {})
[      0s] n=2 m=4: 1 cores, 36 hypergraph-profile pairs, construction fails on 0; outputs with a large bundle: 0 (by size {})
[      0s] ALL DONE; failures: 0
[      0s] n=3 m=3: 1 cores, 216 hypergraph-profile pairs, construction fails on 0; outputs with a large bundle: 0 (by size {})
[      0s] n=3 m=4: 2 cores, 432 hypergraph-profile pairs, construction fails on 0; outputs with a large bundle: 0 (by size {})
[      0s] n=3 m=5: 3 cores, 648 hypergraph-profile pairs, construction fails on 0; outputs with a large bundle: 14 (by size {3: 14})
[      0s] n=3 m=6: 1 cores, 216 hypergraph-profile pairs, construction fails on 0; outputs with a large bundle: 0 (by size {})
[      0s] ALL DONE; failures: 0
[      0s] n=4 m=3: 1 cores, 1296 hypergraph-profile pairs, construction fails on 0; outputs with a large bundle: 0 (by size {})
[      0s] n=4 m=4: 4 cores, 5184 hypergraph-profile pairs, construction fails on 0; outputs with a large bundle: 0 (by size {})
[      0s] n=4 m=5: 11 cores, 14256 hypergraph-profile pairs, construction fails on 0; outputs with a large bundle: 0 (by size {})
[      0s] n=4 m=6: 16 cores, 20736 hypergraph-profile pairs, construction fails on 0; outputs with a large bundle: 15 (by size {3: 15})
[      0s] n=4 m=7: 8 cores, 10368 hypergraph-profile pairs, construction fails on 0; outputs with a large bundle: 105 (by size {3: 102, 4: 3})
[      0s] n=4 m=8: 1 cores, 1296 hypergraph-profile pairs, construction fails on 0; outputs with a large bundle: 16 (by size {3: 16})
[      0s] ALL DONE; failures: 0
[      0s] n=5 m=3: 1 cores, 7776 hypergraph-profile pairs, construction fails on 0; outputs with a large bundle: 0 (by size {})
[      0s] n=5 m=4: 5 cores, 38880 hypergraph-profile pairs, construction fails on 0; outputs with a large bundle: 0 (by size {})
[      0s] n=5 m=5: 28 cores, 217728 hypergraph-profile pairs, construction fails on 0; outputs with a large bundle: 0 (by size {})
[      0s] n=5 m=6: 76 cores, 590976 hypergraph-profile pairs, construction fails on 0; outputs with a large bundle: 0 (by size {})
[      1s] n=5 m=7: 105 cores, 816480 hypergraph-profile pairs, construction fails on 0; outputs with a large bundle: 36 (by size {3: 36})
[      1s] n=5 m=8: 62 cores, 482112 hypergraph-profile pairs, construction fails on 0; outputs with a large bundle: 644 (by size {3: 643, 4: 1})
[      1s] n=5 m=9: 15 cores, 116640 hypergraph-profile pairs, construction fails on 0; outputs with a large bundle: 882 (by size {3: 878, 4: 4})
[      1s] n=5 m=10: 1 cores, 7776 hypergraph-profile pairs, construction fails on 0; outputs with a large bundle: 182 (by size {3: 182})
[      1s] ALL DONE; failures: 0
[      0s] n=6 m=3: 1 cores, 46656 hypergraph-profile pairs, construction fails on 0; outputs with a large bundle: 0 (by size {})
[      0s] n=6 m=4: 8 cores, 373248 hypergraph-profile pairs, construction fails on 0; outputs with a large bundle: 0 (by size {})
[      2s] n=6 m=5: 66 cores, 3079296 hypergraph-profile pairs, construction fails on 0; outputs with a large bundle: 0 (by size {})
[      9s] n=6 m=6: 317 cores, 14789952 hypergraph-profile pairs, construction fails on 0; outputs with a large bundle: 0 (by size {})
[     25s] n=6 m=7: 781 cores, 36438336 hypergraph-profile pairs, construction fails on 0; outputs with a large bundle: 0 (by size {})
[     47s] n=6 m=8: 1013 cores, 47262528 hypergraph-profile pairs, construction fails on 0; outputs with a large bundle: 50 (by size {3: 50})
[     62s] n=6 m=9: 670 cores, 31259520 hypergraph-profile pairs, construction fails on 0; outputs with a large bundle: 6573 (by size {3: 6571, 4: 2})
[     68s] n=6 m=10: 211 cores, 9844416 hypergraph-profile pairs, construction fails on 0; outputs with a large bundle: 17162 (by size {3: 16716, 4: 446})
[     68s] n=6 m=11: 25 cores, 1166400 hypergraph-profile pairs, construction fails on 0; outputs with a large bundle: 7487 (by size {3: 7374, 4: 112, 5: 1})
[     69s] n=6 m=12: 1 cores, 46656 hypergraph-profile pairs, construction fails on 0; outputs with a large bundle: 1451 (by size {3: 1427, 4: 24})
[     69s] ALL DONE; failures: 0
[      0s] n=2 m=3: 1 cores, 36 hypergraph-profile pairs, construction fails on 0; outputs with a large bundle: 0 (by size {})
[      0s] n=2 m=4: 1 cores, 36 hypergraph-profile pairs, construction fails on 0; outputs with a large bundle: 0 (by size {})
[      0s] ALL DONE; failures: 0
[      0s] n=3 m=3: 1 cores, 216 hypergraph-profile pairs, construction fails on 0; outputs with a large bundle: 0 (by size {})
[      0s] n=3 m=4: 2 cores, 432 hypergraph-profile pairs, construction fails on 0; outputs with a large bundle: 0 (by size {})
[      0s] n=3 m=5: 3 cores, 648 hypergraph-profile pairs, construction fails on 0; outputs with a large bundle: 14 (by size {3: 14})
[      0s] n=3 m=6: 1 cores, 216 hypergraph-profile pairs, construction fails on 0; outputs with a large bundle: 0 (by size {})
[      0s] ALL DONE; failures: 0
[      0s] n=4 m=3: 1 cores, 1296 hypergraph-profile pairs, construction fails on 0; outputs with a large bundle: 0 (by size {})
[      0s] n=4 m=4: 4 cores, 5184 hypergraph-profile pairs, construction fails on 0; outputs with a large bundle: 0 (by size {})
[      0s] n=4 m=5: 11 cores, 14256 hypergraph-profile pairs, construction fails on 0; outputs with a large bundle: 0 (by size {})
[      0s] n=4 m=6: 16 cores, 20736 hypergraph-profile pairs, construction fails on 0; outputs with a large bundle: 15 (by size {3: 15})
[      0s] n=4 m=7: 8 cores, 10368 hypergraph-profile pairs, construction fails on 0; outputs with a large bundle: 105 (by size {3: 102, 4: 3})
[      0s] n=4 m=8: 1 cores, 1296 hypergraph-profile pairs, construction fails on 0; outputs with a large bundle: 16 (by size {3: 16})
[      0s] ALL DONE; failures: 0
[      0s] n=5 m=3: 1 cores, 7776 hypergraph-profile pairs, construction fails on 0; outputs with a large bundle: 0 (by size {})
[      0s] n=5 m=4: 5 cores, 38880 hypergraph-profile pairs, construction fails on 0; outputs with a large bundle: 0 (by size {})
[      0s] n=5 m=5: 28 cores, 217728 hypergraph-profile pairs, construction fails on 0; outputs with a large bundle: 0 (by size {})
[      0s] n=5 m=6: 76 cores, 590976 hypergraph-profile pairs, construction fails on 0; outputs with a large bundle: 0 (by size {})
[      1s] n=5 m=7: 105 cores, 816480 hypergraph-profile pairs, construction fails on 0; outputs with a large bundle: 34 (by size {3: 34})
[      1s] n=5 m=8: 62 cores, 482112 hypergraph-profile pairs, construction fails on 0; outputs with a large bundle: 610 (by size {3: 610})
[      1s] n=5 m=9: 15 cores, 116640 hypergraph-profile pairs, construction fails on 0; outputs with a large bundle: 912 (by size {3: 905, 4: 7})
[      1s] n=5 m=10: 1 cores, 7776 hypergraph-profile pairs, construction fails on 0; outputs with a large bundle: 176 (by size {3: 176})
[      1s] ALL DONE; failures: 0
[      0s] n=6 m=3: 1 cores, 46656 hypergraph-profile pairs, construction fails on 0; outputs with a large bundle: 0 (by size {})
[      0s] n=6 m=4: 8 cores, 373248 hypergraph-profile pairs, construction fails on 0; outputs with a large bundle: 0 (by size {})
[      2s] n=6 m=5: 66 cores, 3079296 hypergraph-profile pairs, construction fails on 0; outputs with a large bundle: 0 (by size {})
[     11s] n=6 m=6: 317 cores, 14789952 hypergraph-profile pairs, construction fails on 0; outputs with a large bundle: 0 (by size {})
[     32s] n=6 m=7: 781 cores, 36438336 hypergraph-profile pairs, construction fails on 0; outputs with a large bundle: 0 (by size {})
[     61s] n=6 m=8: 1013 cores, 47262528 hypergraph-profile pairs, construction fails on 0; outputs with a large bundle: 60 (by size {3: 60})
[     79s] n=6 m=9: 670 cores, 31259520 hypergraph-profile pairs, construction fails on 0; outputs with a large bundle: 6445 (by size {3: 6439, 4: 6})
[     84s] n=6 m=10: 211 cores, 9844416 hypergraph-profile pairs, construction fails on 0; outputs with a large bundle: 17280 (by size {3: 16788, 4: 492})
[     85s] n=6 m=11: 25 cores, 1166400 hypergraph-profile pairs, construction fails on 0; outputs with a large bundle: 7848 (by size {3: 7739, 4: 107, 5: 2})
[     85s] n=6 m=12: 1 cores, 46656 hypergraph-profile pairs, construction fails on 0; outputs with a large bundle: 1474 (by size {3: 1450, 4: 24})
[     85s] ALL DONE; failures: 0
[      0s] n=2 m=3: 1 cores, 36 hypergraph-profile pairs, construction fails on 0; outputs with a large bundle: 0 (by size {})
[      0s] n=2 m=4: 1 cores, 36 hypergraph-profile pairs, construction fails on 0; outputs with a large bundle: 0 (by size {})
[      0s] ALL DONE; failures: 0
[      0s] n=3 m=3: 1 cores, 216 hypergraph-profile pairs, construction fails on 0; outputs with a large bundle: 0 (by size {})
[      0s] n=3 m=4: 2 cores, 432 hypergraph-profile pairs, construction fails on 0; outputs with a large bundle: 0 (by size {})
[      0s] n=3 m=5: 3 cores, 648 hypergraph-profile pairs, construction fails on 0; outputs with a large bundle: 14 (by size {3: 14})
[      0s] n=3 m=6: 1 cores, 216 hypergraph-profile pairs, construction fails on 0; outputs with a large bundle: 0 (by size {})
[      0s] ALL DONE; failures: 0
[      0s] n=4 m=3: 1 cores, 1296 hypergraph-profile pairs, construction fails on 0; outputs with a large bundle: 0 (by size {})
[      0s] n=4 m=4: 4 cores, 5184 hypergraph-profile pairs, construction fails on 0; outputs with a large bundle: 0 (by size {})
[      0s] n=4 m=5: 11 cores, 14256 hypergraph-profile pairs, construction fails on 0; outputs with a large bundle: 0 (by size {})
[      0s] n=4 m=6: 16 cores, 20736 hypergraph-profile pairs, construction fails on 0; outputs with a large bundle: 16 (by size {3: 16})
[      0s] n=4 m=7: 8 cores, 10368 hypergraph-profile pairs, construction fails on 0; outputs with a large bundle: 105 (by size {3: 102, 4: 3})
[      0s] n=4 m=8: 1 cores, 1296 hypergraph-profile pairs, construction fails on 0; outputs with a large bundle: 16 (by size {3: 16})
[      0s] ALL DONE; failures: 0
[      0s] n=5 m=3: 1 cores, 7776 hypergraph-profile pairs, construction fails on 0; outputs with a large bundle: 0 (by size {})
[      0s] n=5 m=4: 5 cores, 38880 hypergraph-profile pairs, construction fails on 0; outputs with a large bundle: 0 (by size {})
[      0s] n=5 m=5: 28 cores, 217728 hypergraph-profile pairs, construction fails on 0; outputs with a large bundle: 0 (by size {})
[      0s] n=5 m=6: 76 cores, 590976 hypergraph-profile pairs, construction fails on 0; outputs with a large bundle: 0 (by size {})
[      1s] n=5 m=7: 105 cores, 816480 hypergraph-profile pairs, construction fails on 0; outputs with a large bundle: 33 (by size {3: 33})
[      1s] n=5 m=8: 62 cores, 482112 hypergraph-profile pairs, construction fails on 0; outputs with a large bundle: 647 (by size {3: 645, 4: 2})
[      1s] n=5 m=9: 15 cores, 116640 hypergraph-profile pairs, construction fails on 0; outputs with a large bundle: 911 (by size {3: 906, 4: 5})
[      1s] n=5 m=10: 1 cores, 7776 hypergraph-profile pairs, construction fails on 0; outputs with a large bundle: 176 (by size {3: 176})
[      1s] ALL DONE; failures: 0
[      0s] n=6 m=3: 1 cores, 46656 hypergraph-profile pairs, construction fails on 0; outputs with a large bundle: 0 (by size {})
[      0s] n=6 m=4: 8 cores, 373248 hypergraph-profile pairs, construction fails on 0; outputs with a large bundle: 0 (by size {})
[      2s] n=6 m=5: 66 cores, 3079296 hypergraph-profile pairs, construction fails on 0; outputs with a large bundle: 0 (by size {})
[     10s] n=6 m=6: 317 cores, 14789952 hypergraph-profile pairs, construction fails on 0; outputs with a large bundle: 0 (by size {})
[     32s] n=6 m=7: 781 cores, 36438336 hypergraph-profile pairs, construction fails on 0; outputs with a large bundle: 0 (by size {})
[     74s] n=6 m=8: 1013 cores, 47262528 hypergraph-profile pairs, construction fails on 0; outputs with a large bundle: 32 (by size {3: 32})
[    106s] n=6 m=9: 670 cores, 31259520 hypergraph-profile pairs, construction fails on 0; outputs with a large bundle: 6145 (by size {3: 6142, 4: 3})
[    118s] n=6 m=10: 211 cores, 9844416 hypergraph-profile pairs, construction fails on 0; outputs with a large bundle: 17101 (by size {3: 16646, 4: 455})
[    119s] n=6 m=11: 25 cores, 1166400 hypergraph-profile pairs, construction fails on 0; outputs with a large bundle: 7679 (by size {3: 7561, 4: 116, 5: 2})
[    119s] n=6 m=12: 1 cores, 46656 hypergraph-profile pairs, construction fails on 0; outputs with a large bundle: 1472 (by size {3: 1448, 4: 24})
[    119s] ALL DONE; failures: 0
[      0s] n=2 m=3: 1 cores, 36 hypergraph-profile pairs, construction fails on 0; outputs with a large bundle: 0 (by size {})
[      0s] n=2 m=4: 1 cores, 36 hypergraph-profile pairs, construction fails on 0; outputs with a large bundle: 0 (by size {})
[      0s] ALL DONE; failures: 0
[      0s] n=3 m=3: 1 cores, 216 hypergraph-profile pairs, construction fails on 0; outputs with a large bundle: 0 (by size {})
[      0s] n=3 m=4: 2 cores, 432 hypergraph-profile pairs, construction fails on 0; outputs with a large bundle: 0 (by size {})
[      0s] n=3 m=5: 3 cores, 648 hypergraph-profile pairs, construction fails on 0; outputs with a large bundle: 14 (by size {3: 14})
[      0s] n=3 m=6: 1 cores, 216 hypergraph-profile pairs, construction fails on 0; outputs with a large bundle: 0 (by size {})
[      0s] ALL DONE; failures: 0
[      0s] n=4 m=3: 1 cores, 1296 hypergraph-profile pairs, construction fails on 0; outputs with a large bundle: 0 (by size {})
[      0s] n=4 m=4: 4 cores, 5184 hypergraph-profile pairs, construction fails on 0; outputs with a large bundle: 0 (by size {})
[      0s] n=4 m=5: 11 cores, 14256 hypergraph-profile pairs, construction fails on 0; outputs with a large bundle: 0 (by size {})
[      0s] n=4 m=6: 16 cores, 20736 hypergraph-profile pairs, construction fails on 0; outputs with a large bundle: 18 (by size {3: 18})
[      0s] n=4 m=7: 8 cores, 10368 hypergraph-profile pairs, construction fails on 0; outputs with a large bundle: 105 (by size {3: 102, 4: 3})
[      0s] n=4 m=8: 1 cores, 1296 hypergraph-profile pairs, construction fails on 0; outputs with a large bundle: 16 (by size {3: 16})
[      0s] ALL DONE; failures: 0
[      0s] n=5 m=3: 1 cores, 7776 hypergraph-profile pairs, construction fails on 0; outputs with a large bundle: 0 (by size {})
[      0s] n=5 m=4: 5 cores, 38880 hypergraph-profile pairs, construction fails on 0; outputs with a large bundle: 0 (by size {})
[      0s] n=5 m=5: 28 cores, 217728 hypergraph-profile pairs, construction fails on 0; outputs with a large bundle: 0 (by size {})
[      1s] n=5 m=6: 76 cores, 590976 hypergraph-profile pairs, construction fails on 0; outputs with a large bundle: 0 (by size {})
[      2s] n=5 m=7: 105 cores, 816480 hypergraph-profile pairs, construction fails on 0; outputs with a large bundle: 32 (by size {3: 32})
[      2s] n=5 m=8: 62 cores, 482112 hypergraph-profile pairs, construction fails on 0; outputs with a large bundle: 710 (by size {3: 708, 4: 2})
[      2s] n=5 m=9: 15 cores, 116640 hypergraph-profile pairs, construction fails on 0; outputs with a large bundle: 934 (by size {3: 928, 4: 6})
[      2s] n=5 m=10: 1 cores, 7776 hypergraph-profile pairs, construction fails on 0; outputs with a large bundle: 181 (by size {3: 181})
[      2s] ALL DONE; failures: 0
[      0s] n=6 m=3: 1 cores, 46656 hypergraph-profile pairs, construction fails on 0; outputs with a large bundle: 0 (by size {})
[      1s] n=6 m=4: 8 cores, 373248 hypergraph-profile pairs, construction fails on 0; outputs with a large bundle: 0 (by size {})
[      4s] n=6 m=5: 66 cores, 3079296 hypergraph-profile pairs, construction fails on 0; outputs with a large bundle: 0 (by size {})
[     14s] n=6 m=6: 317 cores, 14789952 hypergraph-profile pairs, construction fails on 0; outputs with a large bundle: 0 (by size {})
[     55s] n=6 m=7: 781 cores, 36438336 hypergraph-profile pairs, construction fails on 0; outputs with a large bundle: 0 (by size {})
[     84s] n=6 m=8: 1013 cores, 47262528 hypergraph-profile pairs, construction fails on 0; outputs with a large bundle: 42 (by size {3: 42})
[    101s] n=6 m=9: 670 cores, 31259520 hypergraph-profile pairs, construction fails on 0; outputs with a large bundle: 6334 (by size {3: 6331, 4: 3})
[    107s] n=6 m=10: 211 cores, 9844416 hypergraph-profile pairs, construction fails on 0; outputs with a large bundle: 17033 (by size {3: 16581, 4: 452})
[    108s] n=6 m=11: 25 cores, 1166400 hypergraph-profile pairs, construction fails on 0; outputs with a large bundle: 7767 (by size {3: 7653, 4: 112, 5: 2})
[    108s] n=6 m=12: 1 cores, 46656 hypergraph-profile pairs, construction fails on 0; outputs with a large bundle: 1474 (by size {3: 1450, 4: 24})
[    108s] ALL DONE; failures: 0
[      1s] n=7 m=14: 1 cores, 279936 hypergraph-profile pairs, construction fails on 0; outputs with a large bundle: 10880 (by size {3: 10606, 4: 274})
[     10s] n=7 m=13: 37 cores, 10357632 hypergraph-profile pairs, construction fails on 0; outputs with a large bundle: 63819 (by size {3: 62363, 4: 1452, 5: 4})
[    132s] n=7 m=12: 541 cores, 151445376 hypergraph-profile pairs, construction fails on 0; outputs with a large bundle: 260854 (by size {3: 252387, 4: 8219, 5: 248})
[    864s] n=7 m=11: 3103 cores, 868641408 hypergraph-profile pairs, construction fails on 0; outputs with a large bundle: 295954 (by size {3: 291958, 4: 3996})
[    864s] ALL DONE; failures: 0
