# adaptive_run.py results/k4_certs_2.json.gz results/k4_certs_3.json.gz results/k4_certs_4_n4_1.json.gz results/k4_certs_4_n4_2.json.gz results/k4_certs_4_n4_3.json.gz -A17 -r3 -K2 -f1 --show=2 # adaptive.c sha256 3c9b6b13188f57bc
k4_certs_2.json.gz: cores=5 total=189216 fails=0 rawfails=0 badcores=0 rot=[185856, 3360, 0, 0] (last entry: fails) pol=[188916, 300, 0] uncov=0 covviol=0 time 1s
DEEP r=2 p=0 w=40 n=3 m=6 sets=[[0,1,4,5],[2,3,4,5],[2,3,4,5]] vals=[[1,4,6,8],[3,5,7,6],[2,3,4,8]] tau=0 order=0 1 2  picks=5,4,3 blocks=0,0,0
k4_certs_3.json.gz: cores=51 total=299837376 fails=0 rawfails=0 badcores=0 rot=[294534950, 5290906, 11520, 0] (last entry: fails) pol=[299586726, 146106, 104544] uncov=0 covviol=0 time 8s
k4_certs_4_n4_1.json.gz: cores=135 total=7247232 fails=0 rawfails=0 badcores=0 rot=[7213838, 33394, 0, 0] (last entry: fails) pol=[7246892, 0, 340] uncov=0 covviol=0 time 1s
DEEP r=2 p=0 w=6 n=4 m=7 sets=[[0,2,3,4],[1,3,5,6],[2,5,6],[4,5,6]] vals=[[2,8,7,4],[2,4,3,8],[4,3,2],[2,3,4]] tau=0 order=0 2 3 1  picks=2,3,5,6 blocks=0,0,0,0
DEEP r=2 p=0 w=6 n=4 m=7 sets=[[0,2,3,4],[1,5,6],[2,3,5,6],[4,5,6]] vals=[[2,4,7,8],[2,4,3],[2,4,8,3],[4,2,3]] tau=0 order=0 3 1 2  picks=4,5,3,6 blocks=0,0,0,0
k4_certs_4_n4_2.json.gz: cores=309 total=724847616 fails=0 rawfails=0 badcores=0 rot=[720261750, 4585650, 216, 0] (last entry: fails) pol=[724775722, 13280, 58614] uncov=0 covviol=0 time 10s
DEEP r=2 p=0 w=12 n=4 m=7 sets=[[0,2,3,6],[1,3,4,5],[2,4,5,6],[4,5,6]] vals=[[2,4,7,8],[2,4,8,3],[3,7,5,6],[2,3,4]] tau=0 order=0 2 3 1  picks=6,3,4,5 blocks=0,0,0,0
DEEP r=2 p=0 w=12 n=4 m=7 sets=[[0,2,3,6],[1,4,5,6],[2,3,4,5],[4,5,6]] vals=[[2,4,7,8],[3,7,5,6],[2,4,8,3],[2,3,4]] tau=0 order=0 1 3 2  picks=6,4,3,5 blocks=0,0,0,0
k4_certs_4_n4_3.json.gz: cores=339 total=34971844608 fails=0 rawfails=0 badcores=0 rot=[34676378036, 295438316, 28256, 0] (last entry: fails) pol=[34965397408, 2718870, 3728330] uncov=0 covviol=0 time 175s
# adaptive_run.py results/k4_certs_5_n4_1.json.gz results/k4_certs_5_n4_2.json.gz results/k4_certs_5_n4_3.json.gz results/k4_certs_5_n4_4.json.gz results/k4_certs_5_pure.json.gz -A17 -r3 -S1000 -K3 -f1 --show=2 # adaptive.c sha256 3c9b6b13188f57bc
k4_certs_5_n4_1.json.gz: cores=1735 total=1735000 fails=0 rawfails=0 badcores=0 rot=[1731942, 3058, 0, 0] (last entry: fails) pol=[1734953, 0, 47] uncov=0 covviol=0 time 4s
k4_certs_5_n4_2.json.gz: cores=5468 total=5468000 fails=0 rawfails=0 badcores=0 rot=[5450862, 17138, 0, 0] (last entry: fails) pol=[5467614, 40, 346] uncov=0 covviol=0 time 14s
k4_certs_5_n4_3.json.gz: cores=9861 total=9861000 fails=0 rawfails=0 badcores=0 rot=[9813168, 47832, 0, 0] (last entry: fails) pol=[9859739, 304, 957] uncov=0 covviol=0 time 26s
k4_certs_5_n4_4.json.gz: cores=9846 total=9846000 fails=0 rawfails=0 badcores=0 rot=[9775735, 70264, 1, 0] (last entry: fails) pol=[9844077, 870, 1053] uncov=0 covviol=0 time 34s
k4_certs_5_pure.json.gz: cores=4674 total=4674000 fails=0 rawfails=0 badcores=0 rot=[4625660, 48340, 0, 0] (last entry: fails) pol=[4672612, 968, 420] uncov=0 covviol=0 time 21s
# adaptive_run.py --profiles=results/k4_adaptive_gm4_profiles.jsonl -A17 -r3 # adaptive.c sha256 3c9b6b13188f57bc
results/k4_adaptive_gm4_profiles.jsonl: profiles=442 rot0=442 rot1=0 rot2=0 rot3=0 fail=0 uncov=0 time 0s
# adaptive_run.py results/k4_lb4r_cores_hard4.json.gz -A17 -r3 -H2000 -K3 -f1 --show=2 # adaptive.c sha256 3c9b6b13188f57bc
k4_lb4r_cores_hard4.json.gz: cores=276 total=552000 fails=0 rawfails=0 badcores=0 rot=[492914, 58992, 94, 0] (last entry: fails) pol=[550921, 498, 581] uncov=0 covviol=0 time 2s
# adaptive_run.py results/k4_lb4r_cores_hard5.json.gz -A17 -r3 -H2000 -K3 -f1 --show=2 # adaptive.c sha256 3c9b6b13188f57bc
k4_lb4r_cores_hard5.json.gz: cores=396 total=792000 fails=0 rawfails=0 badcores=0 rot=[683509, 108165, 326, 0] (last entry: fails) pol=[789947, 1303, 750] uncov=0 covviol=0 time 4s
# adaptive_run.py results/k4_certs_2.json.gz results/k4_certs_3.json.gz results/k4_certs_4_n4_1.json.gz results/k4_certs_4_n4_2.json.gz results/k4_certs_4_n4_3.json.gz -A18 -r3 -K2 -f1 --show=2 # adaptive.c sha256 4d1a35c2d037cdbd
k4_certs_2.json.gz: cores=5 total=189216 fails=0 rawfails=0 badcores=0 rot=[185784, 3432, 0, 0] (last entry: fails) pol=[188916, 300, 0] uncov=0 covviol=0 time 1s
DEEP r=2 p=0 w=40 n=3 m=6 sets=[[0,1,4,5],[2,3,4,5],[2,3,4,5]] vals=[[1,4,6,8],[3,5,7,6],[2,3,4,8]] tau=0 order=0 1 2  picks=5,4,3 blocks=0,0,0
DEEP r=2 p=0 w=5 n=3 m=6 sets=[[0,2,4,5],[1,3,5],[2,3,4,5]] vals=[[1,4,6,8],[2,4,3],[2,8,3,4]] tau=0 order=0 1 2  picks=5,3,4 blocks=0,0,0
k4_certs_3.json.gz: cores=51 total=299837376 fails=0 rawfails=0 badcores=0 rot=[286247176, 13582080, 8120, 0] (last entry: fails) pol=[299351300, 428532, 57544] uncov=0 covviol=0 time 10s
k4_certs_4_n4_1.json.gz: cores=135 total=7247232 fails=0 rawfails=0 badcores=0 rot=[7073564, 173668, 0, 0] (last entry: fails) pol=[7245542, 120, 1570] uncov=0 covviol=0 time 1s
DEEP r=2 p=0 w=6 n=4 m=7 sets=[[0,2,3,4],[1,3,5,6],[2,5,6],[4,5,6]] vals=[[2,4,7,8],[2,4,8,3],[2,4,3],[4,2,3]] tau=0 order=0 3 2 1  picks=4,3,5,6 blocks=0,0,0,0
DEEP r=2 p=0 w=6 n=4 m=7 sets=[[0,2,4,5],[1,3,5,6],[2,3,6],[4,5,6]] vals=[[2,4,8,7],[2,8,4,3],[2,4,3],[4,2,3]] tau=0 order=0 3 2 1  picks=4,5,3,6 blocks=0,0,0,0
k4_certs_4_n4_2.json.gz: cores=309 total=724847616 fails=0 rawfails=0 badcores=0 rot=[702900712, 21946672, 232, 0] (last entry: fails) pol=[724406778, 136412, 304426] uncov=0 covviol=0 time 27s
DEEP r=2 p=0 w=36 n=4 m=7 sets=[[0,2,3,6],[1,3,4,5],[2,4,5,6],[4,5,6]] vals=[[2,4,7,8],[2,4,8,3],[2,8,7,4],[2,3,4]] tau=0 order=0 2 3 1  picks=6,3,4,5 blocks=0,0,0,0
DEEP r=2 p=0 w=36 n=4 m=7 sets=[[0,2,4,6],[1,3,5,6],[2,3,4,5],[4,5,6]] vals=[[2,8,3,4],[2,4,8,7],[7,3,6,5],[3,4,2]] tau=1 order=1 2 3 0  picks=6,5,2,4 blocks=0,0,0,0
k4_certs_4_n4_3.json.gz: cores=339 total=34971844608 fails=0 rawfails=0 badcores=0 rot=[33790147404, 1181683828, 13376, 0] (last entry: fails) pol=[34938392797, 17475809, 15976002] uncov=0 covviol=0 time 437s
# adaptive_run.py results/k4_certs_5_n4_1.json.gz results/k4_certs_5_n4_2.json.gz results/k4_certs_5_n4_3.json.gz results/k4_certs_5_n4_4.json.gz results/k4_certs_5_pure.json.gz -A18 -r3 -S1000 -K3 -f1 --show=2 # adaptive.c sha256 4d1a35c2d037cdbd
k4_certs_5_n4_1.json.gz: cores=1735 total=1735000 fails=0 rawfails=0 badcores=0 rot=[1718784, 16216, 0, 0] (last entry: fails) pol=[1734769, 5, 226] uncov=0 covviol=0 time 4s
k4_certs_5_n4_2.json.gz: cores=5468 total=5468000 fails=0 rawfails=0 badcores=0 rot=[5395224, 72775, 1, 0] (last entry: fails) pol=[5465846, 316, 1838] uncov=0 covviol=0 time 12s
k4_certs_5_n4_3.json.gz: cores=9861 total=9861000 fails=0 rawfails=0 badcores=0 rot=[9690308, 170692, 0, 0] (last entry: fails) pol=[9854574, 2117, 4309] uncov=0 covviol=0 time 28s
k4_certs_5_n4_4.json.gz: cores=9846 total=9846000 fails=0 rawfails=0 badcores=0 rot=[9633700, 212300, 0, 0] (last entry: fails) pol=[9837167, 4710, 4123] uncov=0 covviol=0 time 36s
k4_certs_5_pure.json.gz: cores=4674 total=4674000 fails=0 rawfails=0 badcores=0 rot=[4548851, 125144, 5, 0] (last entry: fails) pol=[4668800, 3807, 1393] uncov=0 covviol=0 time 23s
# adaptive_run.py --profiles=results/k4_adaptive_gm4_profiles.jsonl -A18 -r3 # adaptive.c sha256 4d1a35c2d037cdbd
results/k4_adaptive_gm4_profiles.jsonl: profiles=442 rot0=438 rot1=4 rot2=0 rot3=0 fail=0 uncov=0 time 0s
# adaptive_run.py results/k4_lb4r_cores_hard4.json.gz -A18 -r3 -H2000 -K3 -f1 --show=2 # adaptive.c sha256 4d1a35c2d037cdbd
k4_lb4r_cores_hard4.json.gz: cores=276 total=552000 fails=0 rawfails=0 badcores=0 rot=[418414, 133568, 18, 0] (last entry: fails) pol=[546863, 4265, 872] uncov=0 covviol=0 time 2s
# adaptive_run.py results/k4_lb4r_cores_hard5.json.gz -A18 -r3 -H2000 -K3 -f1 --show=2 # adaptive.c sha256 4d1a35c2d037cdbd
k4_lb4r_cores_hard5.json.gz: cores=396 total=792000 fails=0 rawfails=0 badcores=0 rot=[577339, 213610, 1051, 0] (last entry: fails) pol=[785202, 5493, 1305] uncov=0 covviol=0 time 6s
# adaptive_run.py results/k4_certs_2.json.gz results/k4_certs_3.json.gz results/k4_certs_4_n4_1.json.gz results/k4_certs_4_n4_2.json.gz results/k4_certs_4_n4_3.json.gz -A25 -r3 -K2 -f1 --show=2 # adaptive.c sha256 4d1a35c2d037cdbd
k4_certs_2.json.gz: cores=5 total=189216 fails=0 rawfails=0 badcores=0 rot=[185856, 3360, 0, 0] (last entry: fails) pol=[188916, 300, 0] uncov=0 covviol=0 time 1s
DEEP r=2 p=0 w=40 n=3 m=6 sets=[[0,1,4,5],[2,3,4,5],[2,3,4,5]] vals=[[1,4,6,8],[3,5,7,6],[2,3,4,8]] tau=0 order=0 1 2  picks=5,4,3 blocks=0,0,0
k4_certs_3.json.gz: cores=51 total=299837376 fails=0 rawfails=0 badcores=0 rot=[294534950, 5290906, 11520, 0] (last entry: fails) pol=[299586726, 146106, 104544] uncov=0 covviol=0 time 8s
k4_certs_4_n4_1.json.gz: cores=135 total=7247232 fails=0 rawfails=0 badcores=0 rot=[7213838, 33394, 0, 0] (last entry: fails) pol=[7246892, 0, 340] uncov=0 covviol=0 time 1s
DEEP r=2 p=0 w=6 n=4 m=7 sets=[[0,2,3,4],[1,3,5,6],[2,5,6],[4,5,6]] vals=[[2,8,7,4],[2,4,3,8],[4,3,2],[2,3,4]] tau=0 order=0 2 3 1  picks=2,3,5,6 blocks=0,0,0,0
DEEP r=2 p=0 w=6 n=4 m=7 sets=[[0,2,3,4],[1,5,6],[2,3,5,6],[4,5,6]] vals=[[2,4,7,8],[2,4,3],[2,4,8,3],[4,2,3]] tau=0 order=0 3 1 2  picks=4,5,3,6 blocks=0,0,0,0
k4_certs_4_n4_2.json.gz: cores=309 total=724847616 fails=0 rawfails=0 badcores=0 rot=[720261750, 4585650, 216, 0] (last entry: fails) pol=[724775722, 13280, 58614] uncov=0 covviol=0 time 11s
DEEP r=2 p=0 w=12 n=4 m=7 sets=[[0,2,3,6],[1,3,4,5],[2,4,5,6],[4,5,6]] vals=[[2,4,7,8],[2,4,8,3],[3,7,5,6],[2,3,4]] tau=0 order=0 2 3 1  picks=6,3,4,5 blocks=0,0,0,0
DEEP r=2 p=0 w=12 n=4 m=7 sets=[[0,2,3,6],[1,4,5,6],[2,3,4,5],[4,5,6]] vals=[[2,4,7,8],[3,7,5,6],[2,4,8,3],[2,3,4]] tau=0 order=0 1 3 2  picks=6,4,3,5 blocks=0,0,0,0
k4_certs_4_n4_3.json.gz: cores=339 total=34971844608 fails=0 rawfails=0 badcores=0 rot=[34676378036, 295438316, 28256, 0] (last entry: fails) pol=[34965397408, 2718870, 3728330] uncov=0 covviol=0 time 183s
# adaptive_run.py results/k4_certs_5_n4_1.json.gz results/k4_certs_5_n4_2.json.gz results/k4_certs_5_n4_3.json.gz results/k4_certs_5_n4_4.json.gz results/k4_certs_5_pure.json.gz -A25 -r3 -S1000 -K3 -f1 --show=2 # adaptive.c sha256 4d1a35c2d037cdbd
k4_certs_5_n4_1.json.gz: cores=1735 total=1735000 fails=0 rawfails=0 badcores=0 rot=[1731942, 3058, 0, 0] (last entry: fails) pol=[1734953, 0, 47] uncov=0 covviol=0 time 4s
k4_certs_5_n4_2.json.gz: cores=5468 total=5468000 fails=0 rawfails=0 badcores=0 rot=[5450862, 17138, 0, 0] (last entry: fails) pol=[5467614, 40, 346] uncov=0 covviol=0 time 12s
k4_certs_5_n4_3.json.gz: cores=9861 total=9861000 fails=0 rawfails=0 badcores=0 rot=[9813169, 47831, 0, 0] (last entry: fails) pol=[9859739, 304, 957] uncov=0 covviol=0 time 28s
k4_certs_5_n4_4.json.gz: cores=9846 total=9846000 fails=0 rawfails=0 badcores=0 rot=[9775736, 70263, 1, 0] (last entry: fails) pol=[9844077, 870, 1053] uncov=0 covviol=0 time 35s
k4_certs_5_pure.json.gz: cores=4674 total=4674000 fails=0 rawfails=0 badcores=0 rot=[4625659, 48341, 0, 0] (last entry: fails) pol=[4672612, 968, 420] uncov=0 covviol=0 time 21s
# adaptive_run.py --profiles=results/k4_adaptive_gm4_profiles.jsonl -A25 -r3 # adaptive.c sha256 4d1a35c2d037cdbd
results/k4_adaptive_gm4_profiles.jsonl: profiles=442 rot0=442 rot1=0 rot2=0 rot3=0 fail=0 uncov=0 time 0s
# adaptive_run.py results/k4_lb4r_cores_hard4.json.gz -A25 -r3 -H2000 -K3 -f1 --show=2 # adaptive.c sha256 4d1a35c2d037cdbd
k4_lb4r_cores_hard4.json.gz: cores=276 total=552000 fails=0 rawfails=0 badcores=0 rot=[492914, 58992, 94, 0] (last entry: fails) pol=[550921, 498, 581] uncov=0 covviol=0 time 2s
# adaptive_run.py results/k4_lb4r_cores_hard5.json.gz -A25 -r3 -H2000 -K3 -f1 --show=2 # adaptive.c sha256 4d1a35c2d037cdbd
k4_lb4r_cores_hard5.json.gz: cores=396 total=792000 fails=0 rawfails=0 badcores=0 rot=[683509, 108165, 326, 0] (last entry: fails) pol=[789947, 1303, 750] uncov=0 covviol=0 time 4s
# adaptive_H.py 1,2,3 --perms=5 -A17 -r3 -w0 --timeout=300 # adaptive.c sha256 4d1a35c2d037cdbd
H_1: single rule=17 samples=1 rot0=0 rot1=1 rot2=0 rot3=0 fail=0 uncov=0 time 0.0s
H_1 relabel 1 (l -> agent 2): single rule=17 samples=1 rot0=1 rot1=0 rot2=0 rot3=0 fail=0 uncov=0 time 0.0s
H_1 relabel 2 (l -> agent 3): single rule=17 samples=1 rot0=1 rot1=0 rot2=0 rot3=0 fail=0 uncov=0 time 0.0s
H_1 relabel 3 (l -> agent 4): single rule=17 samples=1 rot0=1 rot1=0 rot2=0 rot3=0 fail=0 uncov=0 time 0.0s
H_1 relabel 4 (l -> agent 2): single rule=17 samples=1 rot0=1 rot1=0 rot2=0 rot3=0 fail=0 uncov=0 time 0.0s
H_1 relabel 5 (l -> agent 4): single rule=17 samples=1 rot0=1 rot1=0 rot2=0 rot3=0 fail=0 uncov=0 time 0.0s
H_2: single rule=17 samples=1 rot0=0 rot1=0 rot2=1 rot3=0 fail=0 uncov=0 time 0.0s
H_2 relabel 1 (l -> agent 3): single rule=17 samples=1 rot0=1 rot1=0 rot2=0 rot3=0 fail=0 uncov=0 time 0.0s
H_2 relabel 2 (l -> agent 5): single rule=17 samples=1 rot0=1 rot1=0 rot2=0 rot3=0 fail=0 uncov=0 time 0.0s
H_2 relabel 3 (l -> agent 8): single rule=17 samples=1 rot0=1 rot1=0 rot2=0 rot3=0 fail=0 uncov=0 time 0.0s
H_2 relabel 4 (l -> agent 1): single rule=17 samples=1 rot0=1 rot1=0 rot2=0 rot3=0 fail=0 uncov=0 time 0.0s
H_2 relabel 5 (l -> agent 8): single rule=17 samples=1 rot0=1 rot1=0 rot2=0 rot3=0 fail=0 uncov=0 time 0.0s
H_3: single rule=17 samples=1 rot0=0 rot1=0 rot2=1 rot3=0 fail=0 uncov=0 time 0.1s
H_3 relabel 1 (l -> agent 6): single rule=17 samples=1 rot0=1 rot1=0 rot2=0 rot3=0 fail=0 uncov=0 time 0.0s
H_3 relabel 2 (l -> agent 10): single rule=17 samples=1 rot0=1 rot1=0 rot2=0 rot3=0 fail=0 uncov=0 time 0.0s
H_3 relabel 3 (l -> agent 1): single rule=17 samples=1 rot0=1 rot1=0 rot2=0 rot3=0 fail=0 uncov=0 time 0.0s
H_3 relabel 4 (l -> agent 5): single rule=17 samples=1 rot0=1 rot1=0 rot2=0 rot3=0 fail=0 uncov=0 time 0.0s
H_3 relabel 5 (l -> agent 12): single rule=17 samples=1 rot0=1 rot1=0 rot2=0 rot3=0 fail=0 uncov=0 time 0.0s
# adaptive_H.py 1,2,3 --perms=5 -A18 -r3 -w0 --timeout=300 # adaptive.c sha256 4d1a35c2d037cdbd
H_1: single rule=18 samples=1 rot0=1 rot1=0 rot2=0 rot3=0 fail=0 uncov=0 time 0.0s
H_1 relabel 1 (l -> agent 2): single rule=18 samples=1 rot0=1 rot1=0 rot2=0 rot3=0 fail=0 uncov=0 time 0.0s
H_1 relabel 2 (l -> agent 3): single rule=18 samples=1 rot0=1 rot1=0 rot2=0 rot3=0 fail=0 uncov=0 time 0.0s
H_1 relabel 3 (l -> agent 4): single rule=18 samples=1 rot0=1 rot1=0 rot2=0 rot3=0 fail=0 uncov=0 time 0.0s
H_1 relabel 4 (l -> agent 2): single rule=18 samples=1 rot0=1 rot1=0 rot2=0 rot3=0 fail=0 uncov=0 time 0.0s
H_1 relabel 5 (l -> agent 4): single rule=18 samples=1 rot0=1 rot1=0 rot2=0 rot3=0 fail=0 uncov=0 time 0.0s
H_2: single rule=18 samples=1 rot0=1 rot1=0 rot2=0 rot3=0 fail=0 uncov=0 time 0.0s
H_2 relabel 1 (l -> agent 3): single rule=18 samples=1 rot0=1 rot1=0 rot2=0 rot3=0 fail=0 uncov=0 time 0.0s
H_2 relabel 2 (l -> agent 5): single rule=18 samples=1 rot0=1 rot1=0 rot2=0 rot3=0 fail=0 uncov=0 time 0.0s
H_2 relabel 3 (l -> agent 8): single rule=18 samples=1 rot0=1 rot1=0 rot2=0 rot3=0 fail=0 uncov=0 time 0.0s
H_2 relabel 4 (l -> agent 1): single rule=18 samples=1 rot0=1 rot1=0 rot2=0 rot3=0 fail=0 uncov=0 time 0.0s
H_2 relabel 5 (l -> agent 8): single rule=18 samples=1 rot0=1 rot1=0 rot2=0 rot3=0 fail=0 uncov=0 time 0.0s
H_3: single rule=18 samples=1 rot0=1 rot1=0 rot2=0 rot3=0 fail=0 uncov=0 time 0.0s
H_3 relabel 1 (l -> agent 6): single rule=18 samples=1 rot0=1 rot1=0 rot2=0 rot3=0 fail=0 uncov=0 time 0.0s
H_3 relabel 2 (l -> agent 10): single rule=18 samples=1 rot0=1 rot1=0 rot2=0 rot3=0 fail=0 uncov=0 time 0.0s
H_3 relabel 3 (l -> agent 1): single rule=18 samples=1 rot0=1 rot1=0 rot2=0 rot3=0 fail=0 uncov=0 time 0.0s
H_3 relabel 4 (l -> agent 5): single rule=18 samples=1 rot0=1 rot1=0 rot2=0 rot3=0 fail=0 uncov=0 time 0.0s
H_3 relabel 5 (l -> agent 12): single rule=18 samples=1 rot0=1 rot1=0 rot2=0 rot3=0 fail=0 uncov=0 time 0.0s
# adaptive_H.py 1,2,3 --perms=5 -A25 -r3 -w0 --timeout=300 # adaptive.c sha256 4d1a35c2d037cdbd
H_1: single rule=25 samples=1 rot0=0 rot1=1 rot2=0 rot3=0 fail=0 uncov=0 time 0.0s
H_1 relabel 1 (l -> agent 2): single rule=25 samples=1 rot0=1 rot1=0 rot2=0 rot3=0 fail=0 uncov=0 time 0.0s
H_1 relabel 2 (l -> agent 3): single rule=25 samples=1 rot0=1 rot1=0 rot2=0 rot3=0 fail=0 uncov=0 time 0.0s
H_1 relabel 3 (l -> agent 4): single rule=25 samples=1 rot0=1 rot1=0 rot2=0 rot3=0 fail=0 uncov=0 time 0.0s
H_1 relabel 4 (l -> agent 2): single rule=25 samples=1 rot0=1 rot1=0 rot2=0 rot3=0 fail=0 uncov=0 time 0.0s
H_1 relabel 5 (l -> agent 4): single rule=25 samples=1 rot0=1 rot1=0 rot2=0 rot3=0 fail=0 uncov=0 time 0.0s
H_2: single rule=25 samples=1 rot0=0 rot1=0 rot2=1 rot3=0 fail=0 uncov=0 time 0.0s
H_2 relabel 1 (l -> agent 3): single rule=25 samples=1 rot0=1 rot1=0 rot2=0 rot3=0 fail=0 uncov=0 time 0.0s
H_2 relabel 2 (l -> agent 5): single rule=25 samples=1 rot0=1 rot1=0 rot2=0 rot3=0 fail=0 uncov=0 time 0.0s
H_2 relabel 3 (l -> agent 8): single rule=25 samples=1 rot0=1 rot1=0 rot2=0 rot3=0 fail=0 uncov=0 time 0.0s
H_2 relabel 4 (l -> agent 1): single rule=25 samples=1 rot0=1 rot1=0 rot2=0 rot3=0 fail=0 uncov=0 time 0.0s
H_2 relabel 5 (l -> agent 8): single rule=25 samples=1 rot0=1 rot1=0 rot2=0 rot3=0 fail=0 uncov=0 time 0.0s
H_3: single rule=25 samples=1 rot0=0 rot1=0 rot2=1 rot3=0 fail=0 uncov=0 time 0.1s
H_3 relabel 1 (l -> agent 6): single rule=25 samples=1 rot0=1 rot1=0 rot2=0 rot3=0 fail=0 uncov=0 time 0.0s
H_3 relabel 2 (l -> agent 10): single rule=25 samples=1 rot0=1 rot1=0 rot2=0 rot3=0 fail=0 uncov=0 time 0.0s
H_3 relabel 3 (l -> agent 1): single rule=25 samples=1 rot0=1 rot1=0 rot2=0 rot3=0 fail=0 uncov=0 time 0.0s
H_3 relabel 4 (l -> agent 5): single rule=25 samples=1 rot0=1 rot1=0 rot2=0 rot3=0 fail=0 uncov=0 time 0.0s
H_3 relabel 5 (l -> agent 12): single rule=25 samples=1 rot0=1 rot1=0 rot2=0 rot3=0 fail=0 uncov=0 time 0.0s
