# adaptive_run.py results/k4_certs_3.json.gz -A17 -r3 -K2 -f100000 --show=100000 --jobs=2 # adaptive.c sha256 d6cca1be306de8c5
DEEP r=2 p=0 w=40 n=3 m=6 sets=[[0,1,4,5],[2,3,4,5],[2,3,4,5]] vals=[[1,4,6,8],[3,5,7,6],[2,3,4,8]] tau=0 order=0 1 2  picks=5,4,3 blocks=0,0,0
DEEP r=2 p=0 w=40 n=3 m=6 sets=[[0,1,4,5],[2,3,4,5],[2,3,4,5]] vals=[[1,4,8,6],[2,3,8,4],[3,5,6,7]] tau=0 order=0 2 1  picks=4,3,5 blocks=0,0,0
DEEP r=2 p=0 w=40 n=3 m=6 sets=[[0,1,4,5],[2,3,4,5],[2,3,4,5]] vals=[[4,1,6,8],[3,5,7,6],[2,3,4,8]] tau=0 order=0 1 2  picks=5,4,3 blocks=0,0,0
DEEP r=2 p=0 w=40 n=3 m=6 sets=[[0,1,4,5],[2,3,4,5],[2,3,4,5]] vals=[[4,1,8,6],[2,3,8,4],[3,5,6,7]] tau=0 order=0 2 1  picks=4,3,5 blocks=0,0,0
DEEP r=2 p=0 w=120 n=3 m=6 sets=[[0,1,4,5],[2,3,4,5],[2,3,4,5]] vals=[[1,4,6,8],[2,7,8,4],[2,3,4,8]] tau=0 order=0 1 2  picks=5,4,3 blocks=0,0,0
DEEP r=2 p=0 w=120 n=3 m=6 sets=[[0,1,4,5],[2,3,4,5],[2,3,4,5]] vals=[[4,1,6,8],[2,7,8,4],[2,3,4,8]] tau=0 order=0 1 2  picks=5,4,3 blocks=0,0,0
DEEP r=2 p=0 w=40 n=3 m=6 sets=[[0,1,4,5],[2,3,4,5],[2,3,4,5]] vals=[[1,4,6,8],[5,3,7,6],[2,3,4,8]] tau=0 order=0 1 2  picks=5,4,3 blocks=0,0,0
DEEP r=2 p=0 w=40 n=3 m=6 sets=[[0,1,4,5],[2,3,4,5],[2,3,4,5]] vals=[[1,4,8,6],[3,2,8,4],[3,5,6,7]] tau=0 order=0 2 1  picks=4,2,5 blocks=0,0,0
DEEP r=2 p=0 w=40 n=3 m=6 sets=[[0,1,4,5],[2,3,4,5],[2,3,4,5]] vals=[[4,1,6,8],[5,3,7,6],[2,3,4,8]] tau=0 order=0 1 2  picks=5,4,3 blocks=0,0,0
DEEP r=2 p=0 w=40 n=3 m=6 sets=[[0,1,4,5],[2,3,4,5],[2,3,4,5]] vals=[[4,1,8,6],[3,2,8,4],[3,5,6,7]] tau=0 order=0 2 1  picks=4,2,5 blocks=0,0,0
DEEP r=2 p=0 w=200 n=3 m=6 sets=[[0,1,4,5],[2,3,4,5],[2,3,4,5]] vals=[[1,4,6,8],[4,5,8,2],[2,3,4,8]] tau=0 order=0 1 2  picks=5,4,3 blocks=0,0,0
DEEP r=2 p=0 w=200 n=3 m=6 sets=[[0,1,4,5],[2,3,4,5],[2,3,4,5]] vals=[[4,1,6,8],[4,5,8,2],[2,3,4,8]] tau=0 order=0 1 2  picks=5,4,3 blocks=0,0,0
DEEP r=2 p=0 w=120 n=3 m=6 sets=[[0,1,4,5],[2,3,4,5],[2,3,4,5]] vals=[[1,4,6,8],[6,3,7,5],[2,3,4,8]] tau=0 order=0 1 2  picks=5,4,3 blocks=0,0,0
DEEP r=2 p=0 w=120 n=3 m=6 sets=[[0,1,4,5],[2,3,4,5],[2,3,4,5]] vals=[[4,1,6,8],[6,3,7,5],[2,3,4,8]] tau=0 order=0 1 2  picks=5,4,3 blocks=0,0,0
DEEP r=2 p=0 w=200 n=3 m=6 sets=[[0,1,4,5],[2,3,4,5],[2,3,4,5]] vals=[[1,4,6,8],[5,4,8,2],[2,3,4,8]] tau=0 order=0 1 2  picks=5,4,3 blocks=0,0,0
DEEP r=2 p=0 w=200 n=3 m=6 sets=[[0,1,4,5],[2,3,4,5],[2,3,4,5]] vals=[[4,1,6,8],[5,4,8,2],[2,3,4,8]] tau=0 order=0 1 2  picks=5,4,3 blocks=0,0,0
DEEP r=2 p=0 w=40 n=3 m=6 sets=[[0,1,4,5],[2,3,4,5],[2,3,4,5]] vals=[[1,4,6,8],[2,3,4,8],[3,5,7,6]] tau=0 order=0 2 1  picks=5,3,4 blocks=0,0,0
DEEP r=2 p=0 w=40 n=3 m=6 sets=[[0,1,4,5],[2,3,4,5],[2,3,4,5]] vals=[[1,4,8,6],[3,5,6,7],[2,3,8,4]] tau=0 order=0 1 2  picks=4,5,3 blocks=0,0,0
DEEP r=2 p=0 w=40 n=3 m=6 sets=[[0,1,4,5],[2,3,4,5],[2,3,4,5]] vals=[[4,1,6,8],[2,3,4,8],[3,5,7,6]] tau=0 order=0 2 1  picks=5,3,4 blocks=0,0,0
DEEP r=2 p=0 w=40 n=3 m=6 sets=[[0,1,4,5],[2,3,4,5],[2,3,4,5]] vals=[[4,1,8,6],[3,5,6,7],[2,3,8,4]] tau=0 order=0 1 2  picks=4,5,3 blocks=0,0,0
DEEP r=2 p=0 w=120 n=3 m=6 sets=[[0,1,4,5],[2,3,4,5],[2,3,4,5]] vals=[[1,4,8,6],[2,7,4,8],[2,3,8,4]] tau=0 order=0 1 2  picks=4,5,3 blocks=0,0,0
DEEP r=2 p=0 w=120 n=3 m=6 sets=[[0,1,4,5],[2,3,4,5],[2,3,4,5]] vals=[[4,1,8,6],[2,7,4,8],[2,3,8,4]] tau=0 order=0 1 2  picks=4,5,3 blocks=0,0,0
DEEP r=2 p=0 w=40 n=3 m=6 sets=[[0,1,4,5],[2,3,4,5],[2,3,4,5]] vals=[[1,4,6,8],[3,2,4,8],[3,5,7,6]] tau=0 order=0 2 1  picks=5,2,4 blocks=0,0,0
DEEP r=2 p=0 w=40 n=3 m=6 sets=[[0,1,4,5],[2,3,4,5],[2,3,4,5]] vals=[[1,4,8,6],[5,3,6,7],[2,3,8,4]] tau=0 order=0 1 2  picks=4,5,3 blocks=0,0,0
DEEP r=2 p=0 w=40 n=3 m=6 sets=[[0,1,4,5],[2,3,4,5],[2,3,4,5]] vals=[[4,1,6,8],[3,2,4,8],[3,5,7,6]] tau=0 order=0 2 1  picks=5,2,4 blocks=0,0,0
DEEP r=2 p=0 w=40 n=3 m=6 sets=[[0,1,4,5],[2,3,4,5],[2,3,4,5]] vals=[[4,1,8,6],[5,3,6,7],[2,3,8,4]] tau=0 order=0 1 2  picks=4,5,3 blocks=0,0,0
DEEP r=2 p=0 w=200 n=3 m=6 sets=[[0,1,4,5],[2,3,4,5],[2,3,4,5]] vals=[[1,4,8,6],[4,5,2,8],[2,3,8,4]] tau=0 order=0 1 2  picks=4,5,3 blocks=0,0,0
DEEP r=2 p=0 w=200 n=3 m=6 sets=[[0,1,4,5],[2,3,4,5],[2,3,4,5]] vals=[[4,1,8,6],[4,5,2,8],[2,3,8,4]] tau=0 order=0 1 2  picks=4,5,3 blocks=0,0,0
DEEP r=2 p=0 w=120 n=3 m=6 sets=[[0,1,4,5],[2,3,4,5],[2,3,4,5]] vals=[[1,4,8,6],[6,3,4,8],[2,3,8,4]] tau=0 order=0 1 2  picks=4,5,3 blocks=0,0,0
DEEP r=2 p=0 w=120 n=3 m=6 sets=[[0,1,4,5],[2,3,4,5],[2,3,4,5]] vals=[[4,1,8,6],[6,3,4,8],[2,3,8,4]] tau=0 order=0 1 2  picks=4,5,3 blocks=0,0,0
DEEP r=2 p=0 w=200 n=3 m=6 sets=[[0,1,4,5],[2,3,4,5],[2,3,4,5]] vals=[[1,4,8,6],[5,4,2,8],[2,3,8,4]] tau=0 order=0 1 2  picks=4,5,3 blocks=0,0,0
DEEP r=2 p=0 w=200 n=3 m=6 sets=[[0,1,4,5],[2,3,4,5],[2,3,4,5]] vals=[[4,1,8,6],[5,4,2,8],[2,3,8,4]] tau=0 order=0 1 2  picks=4,5,3 blocks=0,0,0
DEEP r=2 p=0 w=120 n=3 m=6 sets=[[0,1,4,5],[2,3,4,5],[2,3,4,5]] vals=[[1,4,8,6],[2,3,8,4],[2,7,4,8]] tau=0 order=0 2 1  picks=4,3,5 blocks=0,0,0
DEEP r=2 p=0 w=120 n=3 m=6 sets=[[0,1,4,5],[2,3,4,5],[2,3,4,5]] vals=[[4,1,8,6],[2,3,8,4],[2,7,4,8]] tau=0 order=0 2 1  picks=4,3,5 blocks=0,0,0
DEEP r=2 p=0 w=120 n=3 m=6 sets=[[0,1,4,5],[2,3,4,5],[2,3,4,5]] vals=[[1,4,8,6],[3,2,8,4],[2,7,4,8]] tau=0 order=0 2 1  picks=4,2,5 blocks=0,0,0
DEEP r=2 p=0 w=120 n=3 m=6 sets=[[0,1,4,5],[2,3,4,5],[2,3,4,5]] vals=[[4,1,8,6],[3,2,8,4],[2,7,4,8]] tau=0 order=0 2 1  picks=4,2,5 blocks=0,0,0
DEEP r=2 p=0 w=120 n=3 m=6 sets=[[0,1,4,5],[2,3,4,5],[2,3,4,5]] vals=[[1,4,6,8],[2,3,4,8],[2,7,8,4]] tau=0 order=0 2 1  picks=5,3,4 blocks=0,0,0
DEEP r=2 p=0 w=120 n=3 m=6 sets=[[0,1,4,5],[2,3,4,5],[2,3,4,5]] vals=[[4,1,6,8],[2,3,4,8],[2,7,8,4]] tau=0 order=0 2 1  picks=5,3,4 blocks=0,0,0
DEEP r=2 p=0 w=120 n=3 m=6 sets=[[0,1,4,5],[2,3,4,5],[2,3,4,5]] vals=[[1,4,6,8],[3,2,4,8],[2,7,8,4]] tau=0 order=0 2 1  picks=5,2,4 blocks=0,0,0
DEEP r=2 p=0 w=120 n=3 m=6 sets=[[0,1,4,5],[2,3,4,5],[2,3,4,5]] vals=[[4,1,6,8],[3,2,4,8],[2,7,8,4]] tau=0 order=0 2 1  picks=5,2,4 blocks=0,0,0
DEEP r=2 p=0 w=40 n=3 m=6 sets=[[0,1,4,5],[2,3,4,5],[2,3,4,5]] vals=[[1,4,6,8],[3,5,7,6],[3,2,4,8]] tau=0 order=0 1 2  picks=5,4,2 blocks=0,0,0
DEEP r=2 p=0 w=40 n=3 m=6 sets=[[0,1,4,5],[2,3,4,5],[2,3,4,5]] vals=[[1,4,8,6],[2,3,8,4],[5,3,6,7]] tau=0 order=0 2 1  picks=4,3,5 blocks=0,0,0
DEEP r=2 p=0 w=40 n=3 m=6 sets=[[0,1,4,5],[2,3,4,5],[2,3,4,5]] vals=[[4,1,6,8],[3,5,7,6],[3,2,4,8]] tau=0 order=0 1 2  picks=5,4,2 blocks=0,0,0
DEEP r=2 p=0 w=40 n=3 m=6 sets=[[0,1,4,5],[2,3,4,5],[2,3,4,5]] vals=[[4,1,8,6],[2,3,8,4],[5,3,6,7]] tau=0 order=0 2 1  picks=4,3,5 blocks=0,0,0
DEEP r=2 p=0 w=120 n=3 m=6 sets=[[0,1,4,5],[2,3,4,5],[2,3,4,5]] vals=[[1,4,6,8],[2,7,8,4],[3,2,4,8]] tau=0 order=0 1 2  picks=5,4,2 blocks=0,0,0
DEEP r=2 p=0 w=120 n=3 m=6 sets=[[0,1,4,5],[2,3,4,5],[2,3,4,5]] vals=[[4,1,6,8],[2,7,8,4],[3,2,4,8]] tau=0 order=0 1 2  picks=5,4,2 blocks=0,0,0
DEEP r=2 p=0 w=40 n=3 m=6 sets=[[0,1,4,5],[2,3,4,5],[2,3,4,5]] vals=[[1,4,6,8],[5,3,7,6],[3,2,4,8]] tau=0 order=0 1 2  picks=5,4,2 blocks=0,0,0
DEEP r=2 p=0 w=40 n=3 m=6 sets=[[0,1,4,5],[2,3,4,5],[2,3,4,5]] vals=[[1,4,8,6],[3,2,8,4],[5,3,6,7]] tau=0 order=0 2 1  picks=4,2,5 blocks=0,0,0
DEEP r=2 p=0 w=40 n=3 m=6 sets=[[0,1,4,5],[2,3,4,5],[2,3,4,5]] vals=[[4,1,6,8],[5,3,7,6],[3,2,4,8]] tau=0 order=0 1 2  picks=5,4,2 blocks=0,0,0
DEEP r=2 p=0 w=40 n=3 m=6 sets=[[0,1,4,5],[2,3,4,5],[2,3,4,5]] vals=[[4,1,8,6],[3,2,8,4],[5,3,6,7]] tau=0 order=0 2 1  picks=4,2,5 blocks=0,0,0
DEEP r=2 p=0 w=200 n=3 m=6 sets=[[0,1,4,5],[2,3,4,5],[2,3,4,5]] vals=[[1,4,6,8],[4,5,8,2],[3,2,4,8]] tau=0 order=0 1 2  picks=5,4,2 blocks=0,0,0
DEEP r=2 p=0 w=200 n=3 m=6 sets=[[0,1,4,5],[2,3,4,5],[2,3,4,5]] vals=[[4,1,6,8],[4,5,8,2],[3,2,4,8]] tau=0 order=0 1 2  picks=5,4,2 blocks=0,0,0
DEEP r=2 p=0 w=120 n=3 m=6 sets=[[0,1,4,5],[2,3,4,5],[2,3,4,5]] vals=[[1,4,6,8],[6,3,7,5],[3,2,4,8]] tau=0 order=0 1 2  picks=5,4,2 blocks=0,0,0
DEEP r=2 p=0 w=120 n=3 m=6 sets=[[0,1,4,5],[2,3,4,5],[2,3,4,5]] vals=[[4,1,6,8],[6,3,7,5],[3,2,4,8]] tau=0 order=0 1 2  picks=5,4,2 blocks=0,0,0
DEEP r=2 p=0 w=200 n=3 m=6 sets=[[0,1,4,5],[2,3,4,5],[2,3,4,5]] vals=[[1,4,6,8],[5,4,8,2],[3,2,4,8]] tau=0 order=0 1 2  picks=5,4,2 blocks=0,0,0
DEEP r=2 p=0 w=200 n=3 m=6 sets=[[0,1,4,5],[2,3,4,5],[2,3,4,5]] vals=[[4,1,6,8],[5,4,8,2],[3,2,4,8]] tau=0 order=0 1 2  picks=5,4,2 blocks=0,0,0
DEEP r=2 p=0 w=40 n=3 m=6 sets=[[0,1,4,5],[2,3,4,5],[2,3,4,5]] vals=[[1,4,6,8],[2,3,4,8],[5,3,7,6]] tau=0 order=0 2 1  picks=5,3,4 blocks=0,0,0
DEEP r=2 p=0 w=40 n=3 m=6 sets=[[0,1,4,5],[2,3,4,5],[2,3,4,5]] vals=[[1,4,8,6],[3,5,6,7],[3,2,8,4]] tau=0 order=0 1 2  picks=4,5,2 blocks=0,0,0
DEEP r=2 p=0 w=40 n=3 m=6 sets=[[0,1,4,5],[2,3,4,5],[2,3,4,5]] vals=[[4,1,6,8],[2,3,4,8],[5,3,7,6]] tau=0 order=0 2 1  picks=5,3,4 blocks=0,0,0
DEEP r=2 p=0 w=40 n=3 m=6 sets=[[0,1,4,5],[2,3,4,5],[2,3,4,5]] vals=[[4,1,8,6],[3,5,6,7],[3,2,8,4]] tau=0 order=0 1 2  picks=4,5,2 blocks=0,0,0
DEEP r=2 p=0 w=120 n=3 m=6 sets=[[0,1,4,5],[2,3,4,5],[2,3,4,5]] vals=[[1,4,8,6],[2,7,4,8],[3,2,8,4]] tau=0 order=0 1 2  picks=4,5,2 blocks=0,0,0
DEEP r=2 p=0 w=120 n=3 m=6 sets=[[0,1,4,5],[2,3,4,5],[2,3,4,5]] vals=[[4,1,8,6],[2,7,4,8],[3,2,8,4]] tau=0 order=0 1 2  picks=4,5,2 blocks=0,0,0
DEEP r=2 p=0 w=40 n=3 m=6 sets=[[0,1,4,5],[2,3,4,5],[2,3,4,5]] vals=[[1,4,6,8],[3,2,4,8],[5,3,7,6]] tau=0 order=0 2 1  picks=5,2,4 blocks=0,0,0
DEEP r=2 p=0 w=40 n=3 m=6 sets=[[0,1,4,5],[2,3,4,5],[2,3,4,5]] vals=[[1,4,8,6],[5,3,6,7],[3,2,8,4]] tau=0 order=0 1 2  picks=4,5,2 blocks=0,0,0
DEEP r=2 p=0 w=40 n=3 m=6 sets=[[0,1,4,5],[2,3,4,5],[2,3,4,5]] vals=[[4,1,6,8],[3,2,4,8],[5,3,7,6]] tau=0 order=0 2 1  picks=5,2,4 blocks=0,0,0
DEEP r=2 p=0 w=40 n=3 m=6 sets=[[0,1,4,5],[2,3,4,5],[2,3,4,5]] vals=[[4,1,8,6],[5,3,6,7],[3,2,8,4]] tau=0 order=0 1 2  picks=4,5,2 blocks=0,0,0
DEEP r=2 p=0 w=200 n=3 m=6 sets=[[0,1,4,5],[2,3,4,5],[2,3,4,5]] vals=[[1,4,8,6],[4,5,2,8],[3,2,8,4]] tau=0 order=0 1 2  picks=4,5,2 blocks=0,0,0
DEEP r=2 p=0 w=200 n=3 m=6 sets=[[0,1,4,5],[2,3,4,5],[2,3,4,5]] vals=[[4,1,8,6],[4,5,2,8],[3,2,8,4]] tau=0 order=0 1 2  picks=4,5,2 blocks=0,0,0
DEEP r=2 p=0 w=120 n=3 m=6 sets=[[0,1,4,5],[2,3,4,5],[2,3,4,5]] vals=[[1,4,8,6],[6,3,4,8],[3,2,8,4]] tau=0 order=0 1 2  picks=4,5,2 blocks=0,0,0
DEEP r=2 p=0 w=120 n=3 m=6 sets=[[0,1,4,5],[2,3,4,5],[2,3,4,5]] vals=[[4,1,8,6],[6,3,4,8],[3,2,8,4]] tau=0 order=0 1 2  picks=4,5,2 blocks=0,0,0
DEEP r=2 p=0 w=200 n=3 m=6 sets=[[0,1,4,5],[2,3,4,5],[2,3,4,5]] vals=[[1,4,8,6],[5,4,2,8],[3,2,8,4]] tau=0 order=0 1 2  picks=4,5,2 blocks=0,0,0
DEEP r=2 p=0 w=200 n=3 m=6 sets=[[0,1,4,5],[2,3,4,5],[2,3,4,5]] vals=[[4,1,8,6],[5,4,2,8],[3,2,8,4]] tau=0 order=0 1 2  picks=4,5,2 blocks=0,0,0
DEEP r=2 p=0 w=200 n=3 m=6 sets=[[0,1,4,5],[2,3,4,5],[2,3,4,5]] vals=[[1,4,8,6],[2,3,8,4],[4,5,2,8]] tau=0 order=0 2 1  picks=4,3,5 blocks=0,0,0
DEEP r=2 p=0 w=200 n=3 m=6 sets=[[0,1,4,5],[2,3,4,5],[2,3,4,5]] vals=[[4,1,8,6],[2,3,8,4],[4,5,2,8]] tau=0 order=0 2 1  picks=4,3,5 blocks=0,0,0
DEEP r=2 p=0 w=200 n=3 m=6 sets=[[0,1,4,5],[2,3,4,5],[2,3,4,5]] vals=[[1,4,8,6],[3,2,8,4],[4,5,2,8]] tau=0 order=0 2 1  picks=4,2,5 blocks=0,0,0
DEEP r=2 p=0 w=200 n=3 m=6 sets=[[0,1,4,5],[2,3,4,5],[2,3,4,5]] vals=[[4,1,8,6],[3,2,8,4],[4,5,2,8]] tau=0 order=0 2 1  picks=4,2,5 blocks=0,0,0
DEEP r=2 p=0 w=200 n=3 m=6 sets=[[0,1,4,5],[2,3,4,5],[2,3,4,5]] vals=[[1,4,6,8],[2,3,4,8],[4,5,8,2]] tau=0 order=0 2 1  picks=5,3,4 blocks=0,0,0
DEEP r=2 p=0 w=200 n=3 m=6 sets=[[0,1,4,5],[2,3,4,5],[2,3,4,5]] vals=[[4,1,6,8],[2,3,4,8],[4,5,8,2]] tau=0 order=0 2 1  picks=5,3,4 blocks=0,0,0
DEEP r=2 p=0 w=200 n=3 m=6 sets=[[0,1,4,5],[2,3,4,5],[2,3,4,5]] vals=[[1,4,6,8],[3,2,4,8],[4,5,8,2]] tau=0 order=0 2 1  picks=5,2,4 blocks=0,0,0
DEEP r=2 p=0 w=200 n=3 m=6 sets=[[0,1,4,5],[2,3,4,5],[2,3,4,5]] vals=[[4,1,6,8],[3,2,4,8],[4,5,8,2]] tau=0 order=0 2 1  picks=5,2,4 blocks=0,0,0
DEEP r=2 p=0 w=120 n=3 m=6 sets=[[0,1,4,5],[2,3,4,5],[2,3,4,5]] vals=[[1,4,8,6],[2,3,8,4],[6,3,4,8]] tau=0 order=0 2 1  picks=4,3,5 blocks=0,0,0
DEEP r=2 p=0 w=120 n=3 m=6 sets=[[0,1,4,5],[2,3,4,5],[2,3,4,5]] vals=[[4,1,8,6],[2,3,8,4],[6,3,4,8]] tau=0 order=0 2 1  picks=4,3,5 blocks=0,0,0
DEEP r=2 p=0 w=120 n=3 m=6 sets=[[0,1,4,5],[2,3,4,5],[2,3,4,5]] vals=[[1,4,8,6],[3,2,8,4],[6,3,4,8]] tau=0 order=0 2 1  picks=4,2,5 blocks=0,0,0
DEEP r=2 p=0 w=120 n=3 m=6 sets=[[0,1,4,5],[2,3,4,5],[2,3,4,5]] vals=[[4,1,8,6],[3,2,8,4],[6,3,4,8]] tau=0 order=0 2 1  picks=4,2,5 blocks=0,0,0
DEEP r=2 p=0 w=120 n=3 m=6 sets=[[0,1,4,5],[2,3,4,5],[2,3,4,5]] vals=[[1,4,6,8],[2,3,4,8],[6,3,7,5]] tau=0 order=0 2 1  picks=5,3,4 blocks=0,0,0
DEEP r=2 p=0 w=120 n=3 m=6 sets=[[0,1,4,5],[2,3,4,5],[2,3,4,5]] vals=[[4,1,6,8],[2,3,4,8],[6,3,7,5]] tau=0 order=0 2 1  picks=5,3,4 blocks=0,0,0
DEEP r=2 p=0 w=120 n=3 m=6 sets=[[0,1,4,5],[2,3,4,5],[2,3,4,5]] vals=[[1,4,6,8],[3,2,4,8],[6,3,7,5]] tau=0 order=0 2 1  picks=5,2,4 blocks=0,0,0
DEEP r=2 p=0 w=120 n=3 m=6 sets=[[0,1,4,5],[2,3,4,5],[2,3,4,5]] vals=[[4,1,6,8],[3,2,4,8],[6,3,7,5]] tau=0 order=0 2 1  picks=5,2,4 blocks=0,0,0
DEEP r=2 p=0 w=200 n=3 m=6 sets=[[0,1,4,5],[2,3,4,5],[2,3,4,5]] vals=[[1,4,8,6],[2,3,8,4],[5,4,2,8]] tau=0 order=0 2 1  picks=4,3,5 blocks=0,0,0
DEEP r=2 p=0 w=200 n=3 m=6 sets=[[0,1,4,5],[2,3,4,5],[2,3,4,5]] vals=[[4,1,8,6],[2,3,8,4],[5,4,2,8]] tau=0 order=0 2 1  picks=4,3,5 blocks=0,0,0
DEEP r=2 p=0 w=200 n=3 m=6 sets=[[0,1,4,5],[2,3,4,5],[2,3,4,5]] vals=[[1,4,8,6],[3,2,8,4],[5,4,2,8]] tau=0 order=0 2 1  picks=4,2,5 blocks=0,0,0
DEEP r=2 p=0 w=200 n=3 m=6 sets=[[0,1,4,5],[2,3,4,5],[2,3,4,5]] vals=[[4,1,8,6],[3,2,8,4],[5,4,2,8]] tau=0 order=0 2 1  picks=4,2,5 blocks=0,0,0
DEEP r=2 p=0 w=200 n=3 m=6 sets=[[0,1,4,5],[2,3,4,5],[2,3,4,5]] vals=[[1,4,6,8],[2,3,4,8],[5,4,8,2]] tau=0 order=0 2 1  picks=5,3,4 blocks=0,0,0
DEEP r=2 p=0 w=200 n=3 m=6 sets=[[0,1,4,5],[2,3,4,5],[2,3,4,5]] vals=[[4,1,6,8],[2,3,4,8],[5,4,8,2]] tau=0 order=0 2 1  picks=5,3,4 blocks=0,0,0
DEEP r=2 p=0 w=200 n=3 m=6 sets=[[0,1,4,5],[2,3,4,5],[2,3,4,5]] vals=[[1,4,6,8],[3,2,4,8],[5,4,8,2]] tau=0 order=0 2 1  picks=5,2,4 blocks=0,0,0
DEEP r=2 p=0 w=200 n=3 m=6 sets=[[0,1,4,5],[2,3,4,5],[2,3,4,5]] vals=[[4,1,6,8],[3,2,4,8],[5,4,8,2]] tau=0 order=0 2 1  picks=5,2,4 blocks=0,0,0
k4_certs_3.json.gz: cores=51 total=299837376 fails=0 rawfails=0 badcores=0 rot=[294534950, 5290906, 11520, 0] (rotations 0..R) pol=[299586726, 146106, 104544] uncov=0 covviol=0 time 12s
# adaptive_run.py results/k4_certs_3.json.gz -A18 -r3 -K2 -f100000 --show=100000 --jobs=2 # adaptive.c sha256 d6cca1be306de8c5
DEEP r=2 p=0 w=40 n=3 m=6 sets=[[0,1,4,5],[2,3,4,5],[2,3,4,5]] vals=[[1,4,6,8],[3,5,7,6],[2,3,4,8]] tau=0 order=0 1 2  picks=5,4,3 blocks=0,0,0
DEEP r=2 p=0 w=40 n=3 m=6 sets=[[0,1,4,5],[2,3,4,5],[2,3,4,5]] vals=[[1,4,8,6],[2,3,8,4],[3,5,6,7]] tau=0 order=0 2 1  picks=4,3,5 blocks=0,0,0
DEEP r=2 p=0 w=40 n=3 m=6 sets=[[0,1,4,5],[2,3,4,5],[2,3,4,5]] vals=[[4,1,6,8],[3,5,7,6],[2,3,4,8]] tau=0 order=0 1 2  picks=5,4,3 blocks=0,0,0
DEEP r=2 p=0 w=40 n=3 m=6 sets=[[0,1,4,5],[2,3,4,5],[2,3,4,5]] vals=[[4,1,8,6],[2,3,8,4],[3,5,6,7]] tau=0 order=0 2 1  picks=4,3,5 blocks=0,0,0
DEEP r=2 p=0 w=120 n=3 m=6 sets=[[0,1,4,5],[2,3,4,5],[2,3,4,5]] vals=[[1,4,6,8],[2,7,8,4],[2,3,4,8]] tau=1 order=1 0 2  picks=5,4,3 blocks=0,0,0
DEEP r=2 p=0 w=120 n=3 m=6 sets=[[0,1,4,5],[2,3,4,5],[2,3,4,5]] vals=[[4,1,6,8],[2,7,8,4],[2,3,4,8]] tau=1 order=1 0 2  picks=5,4,3 blocks=0,0,0
DEEP r=2 p=0 w=40 n=3 m=6 sets=[[0,1,4,5],[2,3,4,5],[2,3,4,5]] vals=[[1,4,6,8],[5,3,7,6],[2,3,4,8]] tau=0 order=0 1 2  picks=5,4,3 blocks=0,0,0
DEEP r=2 p=0 w=40 n=3 m=6 sets=[[0,1,4,5],[2,3,4,5],[2,3,4,5]] vals=[[1,4,8,6],[3,2,8,4],[3,5,6,7]] tau=0 order=0 2 1  picks=4,2,5 blocks=0,0,0
DEEP r=2 p=0 w=40 n=3 m=6 sets=[[0,1,4,5],[2,3,4,5],[2,3,4,5]] vals=[[4,1,6,8],[5,3,7,6],[2,3,4,8]] tau=0 order=0 1 2  picks=5,4,3 blocks=0,0,0
DEEP r=2 p=0 w=40 n=3 m=6 sets=[[0,1,4,5],[2,3,4,5],[2,3,4,5]] vals=[[4,1,8,6],[3,2,8,4],[3,5,6,7]] tau=0 order=0 2 1  picks=4,2,5 blocks=0,0,0
DEEP r=2 p=0 w=200 n=3 m=6 sets=[[0,1,4,5],[2,3,4,5],[2,3,4,5]] vals=[[1,4,6,8],[4,5,8,2],[2,3,4,8]] tau=1 order=1 0 2  picks=5,4,3 blocks=0,0,0
DEEP r=2 p=0 w=200 n=3 m=6 sets=[[0,1,4,5],[2,3,4,5],[2,3,4,5]] vals=[[4,1,6,8],[4,5,8,2],[2,3,4,8]] tau=1 order=1 0 2  picks=5,4,3 blocks=0,0,0
DEEP r=2 p=0 w=120 n=3 m=6 sets=[[0,1,4,5],[2,3,4,5],[2,3,4,5]] vals=[[1,4,6,8],[6,3,7,5],[2,3,4,8]] tau=1 order=1 0 2  picks=5,4,3 blocks=0,0,0
DEEP r=2 p=0 w=120 n=3 m=6 sets=[[0,1,4,5],[2,3,4,5],[2,3,4,5]] vals=[[4,1,6,8],[6,3,7,5],[2,3,4,8]] tau=1 order=1 0 2  picks=5,4,3 blocks=0,0,0
DEEP r=2 p=0 w=200 n=3 m=6 sets=[[0,1,4,5],[2,3,4,5],[2,3,4,5]] vals=[[1,4,6,8],[5,4,8,2],[2,3,4,8]] tau=1 order=1 0 2  picks=5,4,3 blocks=0,0,0
DEEP r=2 p=0 w=200 n=3 m=6 sets=[[0,1,4,5],[2,3,4,5],[2,3,4,5]] vals=[[4,1,6,8],[5,4,8,2],[2,3,4,8]] tau=1 order=1 0 2  picks=5,4,3 blocks=0,0,0
DEEP r=2 p=0 w=40 n=3 m=6 sets=[[0,1,4,5],[2,3,4,5],[2,3,4,5]] vals=[[1,4,6,8],[2,3,4,8],[3,5,7,6]] tau=0 order=0 2 1  picks=5,3,4 blocks=0,0,0
DEEP r=2 p=0 w=40 n=3 m=6 sets=[[0,1,4,5],[2,3,4,5],[2,3,4,5]] vals=[[1,4,8,6],[3,5,6,7],[2,3,8,4]] tau=0 order=0 1 2  picks=4,5,3 blocks=0,0,0
DEEP r=2 p=0 w=40 n=3 m=6 sets=[[0,1,4,5],[2,3,4,5],[2,3,4,5]] vals=[[4,1,6,8],[2,3,4,8],[3,5,7,6]] tau=0 order=0 2 1  picks=5,3,4 blocks=0,0,0
DEEP r=2 p=0 w=40 n=3 m=6 sets=[[0,1,4,5],[2,3,4,5],[2,3,4,5]] vals=[[4,1,8,6],[3,5,6,7],[2,3,8,4]] tau=0 order=0 1 2  picks=4,5,3 blocks=0,0,0
DEEP r=2 p=0 w=120 n=3 m=6 sets=[[0,1,4,5],[2,3,4,5],[2,3,4,5]] vals=[[1,4,8,6],[2,7,4,8],[2,3,8,4]] tau=1 order=1 0 2  picks=4,5,3 blocks=0,0,0
DEEP r=2 p=0 w=120 n=3 m=6 sets=[[0,1,4,5],[2,3,4,5],[2,3,4,5]] vals=[[4,1,8,6],[2,7,4,8],[2,3,8,4]] tau=1 order=1 0 2  picks=4,5,3 blocks=0,0,0
DEEP r=2 p=0 w=40 n=3 m=6 sets=[[0,1,4,5],[2,3,4,5],[2,3,4,5]] vals=[[1,4,6,8],[3,2,4,8],[3,5,7,6]] tau=0 order=0 2 1  picks=5,2,4 blocks=0,0,0
DEEP r=2 p=0 w=40 n=3 m=6 sets=[[0,1,4,5],[2,3,4,5],[2,3,4,5]] vals=[[1,4,8,6],[5,3,6,7],[2,3,8,4]] tau=0 order=0 1 2  picks=4,5,3 blocks=0,0,0
DEEP r=2 p=0 w=40 n=3 m=6 sets=[[0,1,4,5],[2,3,4,5],[2,3,4,5]] vals=[[4,1,6,8],[3,2,4,8],[3,5,7,6]] tau=0 order=0 2 1  picks=5,2,4 blocks=0,0,0
DEEP r=2 p=0 w=40 n=3 m=6 sets=[[0,1,4,5],[2,3,4,5],[2,3,4,5]] vals=[[4,1,8,6],[5,3,6,7],[2,3,8,4]] tau=0 order=0 1 2  picks=4,5,3 blocks=0,0,0
DEEP r=2 p=0 w=200 n=3 m=6 sets=[[0,1,4,5],[2,3,4,5],[2,3,4,5]] vals=[[1,4,8,6],[4,5,2,8],[2,3,8,4]] tau=1 order=1 0 2  picks=4,5,3 blocks=0,0,0
DEEP r=2 p=0 w=200 n=3 m=6 sets=[[0,1,4,5],[2,3,4,5],[2,3,4,5]] vals=[[4,1,8,6],[4,5,2,8],[2,3,8,4]] tau=1 order=1 0 2  picks=4,5,3 blocks=0,0,0
DEEP r=2 p=0 w=120 n=3 m=6 sets=[[0,1,4,5],[2,3,4,5],[2,3,4,5]] vals=[[1,4,8,6],[6,3,4,8],[2,3,8,4]] tau=1 order=1 0 2  picks=4,5,3 blocks=0,0,0
DEEP r=2 p=0 w=120 n=3 m=6 sets=[[0,1,4,5],[2,3,4,5],[2,3,4,5]] vals=[[4,1,8,6],[6,3,4,8],[2,3,8,4]] tau=1 order=1 0 2  picks=4,5,3 blocks=0,0,0
DEEP r=2 p=0 w=200 n=3 m=6 sets=[[0,1,4,5],[2,3,4,5],[2,3,4,5]] vals=[[1,4,8,6],[5,4,2,8],[2,3,8,4]] tau=1 order=1 0 2  picks=4,5,3 blocks=0,0,0
DEEP r=2 p=0 w=200 n=3 m=6 sets=[[0,1,4,5],[2,3,4,5],[2,3,4,5]] vals=[[4,1,8,6],[5,4,2,8],[2,3,8,4]] tau=1 order=1 0 2  picks=4,5,3 blocks=0,0,0
DEEP r=2 p=0 w=40 n=3 m=6 sets=[[0,1,4,5],[2,3,4,5],[2,3,4,5]] vals=[[1,4,6,8],[3,5,7,6],[3,2,4,8]] tau=0 order=0 1 2  picks=5,4,2 blocks=0,0,0
DEEP r=2 p=0 w=40 n=3 m=6 sets=[[0,1,4,5],[2,3,4,5],[2,3,4,5]] vals=[[1,4,8,6],[2,3,8,4],[5,3,6,7]] tau=0 order=0 2 1  picks=4,3,5 blocks=0,0,0
DEEP r=2 p=0 w=40 n=3 m=6 sets=[[0,1,4,5],[2,3,4,5],[2,3,4,5]] vals=[[4,1,6,8],[3,5,7,6],[3,2,4,8]] tau=0 order=0 1 2  picks=5,4,2 blocks=0,0,0
DEEP r=2 p=0 w=40 n=3 m=6 sets=[[0,1,4,5],[2,3,4,5],[2,3,4,5]] vals=[[4,1,8,6],[2,3,8,4],[5,3,6,7]] tau=0 order=0 2 1  picks=4,3,5 blocks=0,0,0
DEEP r=2 p=0 w=120 n=3 m=6 sets=[[0,1,4,5],[2,3,4,5],[2,3,4,5]] vals=[[1,4,6,8],[2,7,8,4],[3,2,4,8]] tau=1 order=1 0 2  picks=5,4,2 blocks=0,0,0
DEEP r=2 p=0 w=120 n=3 m=6 sets=[[0,1,4,5],[2,3,4,5],[2,3,4,5]] vals=[[4,1,6,8],[2,7,8,4],[3,2,4,8]] tau=1 order=1 0 2  picks=5,4,2 blocks=0,0,0
DEEP r=2 p=0 w=40 n=3 m=6 sets=[[0,1,4,5],[2,3,4,5],[2,3,4,5]] vals=[[1,4,6,8],[5,3,7,6],[3,2,4,8]] tau=0 order=0 1 2  picks=5,4,2 blocks=0,0,0
DEEP r=2 p=0 w=40 n=3 m=6 sets=[[0,1,4,5],[2,3,4,5],[2,3,4,5]] vals=[[1,4,8,6],[3,2,8,4],[5,3,6,7]] tau=0 order=0 2 1  picks=4,2,5 blocks=0,0,0
DEEP r=2 p=0 w=40 n=3 m=6 sets=[[0,1,4,5],[2,3,4,5],[2,3,4,5]] vals=[[4,1,6,8],[5,3,7,6],[3,2,4,8]] tau=0 order=0 1 2  picks=5,4,2 blocks=0,0,0
DEEP r=2 p=0 w=40 n=3 m=6 sets=[[0,1,4,5],[2,3,4,5],[2,3,4,5]] vals=[[4,1,8,6],[3,2,8,4],[5,3,6,7]] tau=0 order=0 2 1  picks=4,2,5 blocks=0,0,0
DEEP r=2 p=0 w=200 n=3 m=6 sets=[[0,1,4,5],[2,3,4,5],[2,3,4,5]] vals=[[1,4,6,8],[4,5,8,2],[3,2,4,8]] tau=1 order=1 0 2  picks=5,4,2 blocks=0,0,0
DEEP r=2 p=0 w=200 n=3 m=6 sets=[[0,1,4,5],[2,3,4,5],[2,3,4,5]] vals=[[4,1,6,8],[4,5,8,2],[3,2,4,8]] tau=1 order=1 0 2  picks=5,4,2 blocks=0,0,0
DEEP r=2 p=0 w=120 n=3 m=6 sets=[[0,1,4,5],[2,3,4,5],[2,3,4,5]] vals=[[1,4,6,8],[6,3,7,5],[3,2,4,8]] tau=1 order=1 0 2  picks=5,4,2 blocks=0,0,0
DEEP r=2 p=0 w=120 n=3 m=6 sets=[[0,1,4,5],[2,3,4,5],[2,3,4,5]] vals=[[4,1,6,8],[6,3,7,5],[3,2,4,8]] tau=1 order=1 0 2  picks=5,4,2 blocks=0,0,0
DEEP r=2 p=0 w=200 n=3 m=6 sets=[[0,1,4,5],[2,3,4,5],[2,3,4,5]] vals=[[1,4,6,8],[5,4,8,2],[3,2,4,8]] tau=1 order=1 0 2  picks=5,4,2 blocks=0,0,0
DEEP r=2 p=0 w=200 n=3 m=6 sets=[[0,1,4,5],[2,3,4,5],[2,3,4,5]] vals=[[4,1,6,8],[5,4,8,2],[3,2,4,8]] tau=1 order=1 0 2  picks=5,4,2 blocks=0,0,0
DEEP r=2 p=0 w=40 n=3 m=6 sets=[[0,1,4,5],[2,3,4,5],[2,3,4,5]] vals=[[1,4,6,8],[2,3,4,8],[5,3,7,6]] tau=0 order=0 2 1  picks=5,3,4 blocks=0,0,0
DEEP r=2 p=0 w=40 n=3 m=6 sets=[[0,1,4,5],[2,3,4,5],[2,3,4,5]] vals=[[1,4,8,6],[3,5,6,7],[3,2,8,4]] tau=0 order=0 1 2  picks=4,5,2 blocks=0,0,0
DEEP r=2 p=0 w=40 n=3 m=6 sets=[[0,1,4,5],[2,3,4,5],[2,3,4,5]] vals=[[4,1,6,8],[2,3,4,8],[5,3,7,6]] tau=0 order=0 2 1  picks=5,3,4 blocks=0,0,0
DEEP r=2 p=0 w=40 n=3 m=6 sets=[[0,1,4,5],[2,3,4,5],[2,3,4,5]] vals=[[4,1,8,6],[3,5,6,7],[3,2,8,4]] tau=0 order=0 1 2  picks=4,5,2 blocks=0,0,0
DEEP r=2 p=0 w=120 n=3 m=6 sets=[[0,1,4,5],[2,3,4,5],[2,3,4,5]] vals=[[1,4,8,6],[2,7,4,8],[3,2,8,4]] tau=1 order=1 0 2  picks=4,5,2 blocks=0,0,0
DEEP r=2 p=0 w=120 n=3 m=6 sets=[[0,1,4,5],[2,3,4,5],[2,3,4,5]] vals=[[4,1,8,6],[2,7,4,8],[3,2,8,4]] tau=1 order=1 0 2  picks=4,5,2 blocks=0,0,0
DEEP r=2 p=0 w=40 n=3 m=6 sets=[[0,1,4,5],[2,3,4,5],[2,3,4,5]] vals=[[1,4,6,8],[3,2,4,8],[5,3,7,6]] tau=0 order=0 2 1  picks=5,2,4 blocks=0,0,0
DEEP r=2 p=0 w=40 n=3 m=6 sets=[[0,1,4,5],[2,3,4,5],[2,3,4,5]] vals=[[1,4,8,6],[5,3,6,7],[3,2,8,4]] tau=0 order=0 1 2  picks=4,5,2 blocks=0,0,0
DEEP r=2 p=0 w=40 n=3 m=6 sets=[[0,1,4,5],[2,3,4,5],[2,3,4,5]] vals=[[4,1,6,8],[3,2,4,8],[5,3,7,6]] tau=0 order=0 2 1  picks=5,2,4 blocks=0,0,0
DEEP r=2 p=0 w=40 n=3 m=6 sets=[[0,1,4,5],[2,3,4,5],[2,3,4,5]] vals=[[4,1,8,6],[5,3,6,7],[3,2,8,4]] tau=0 order=0 1 2  picks=4,5,2 blocks=0,0,0
DEEP r=2 p=0 w=200 n=3 m=6 sets=[[0,1,4,5],[2,3,4,5],[2,3,4,5]] vals=[[1,4,8,6],[4,5,2,8],[3,2,8,4]] tau=1 order=1 0 2  picks=4,5,2 blocks=0,0,0
DEEP r=2 p=0 w=200 n=3 m=6 sets=[[0,1,4,5],[2,3,4,5],[2,3,4,5]] vals=[[4,1,8,6],[4,5,2,8],[3,2,8,4]] tau=1 order=1 0 2  picks=4,5,2 blocks=0,0,0
DEEP r=2 p=0 w=120 n=3 m=6 sets=[[0,1,4,5],[2,3,4,5],[2,3,4,5]] vals=[[1,4,8,6],[6,3,4,8],[3,2,8,4]] tau=1 order=1 0 2  picks=4,5,2 blocks=0,0,0
DEEP r=2 p=0 w=120 n=3 m=6 sets=[[0,1,4,5],[2,3,4,5],[2,3,4,5]] vals=[[4,1,8,6],[6,3,4,8],[3,2,8,4]] tau=1 order=1 0 2  picks=4,5,2 blocks=0,0,0
DEEP r=2 p=0 w=200 n=3 m=6 sets=[[0,1,4,5],[2,3,4,5],[2,3,4,5]] vals=[[1,4,8,6],[5,4,2,8],[3,2,8,4]] tau=1 order=1 0 2  picks=4,5,2 blocks=0,0,0
DEEP r=2 p=0 w=200 n=3 m=6 sets=[[0,1,4,5],[2,3,4,5],[2,3,4,5]] vals=[[4,1,8,6],[5,4,2,8],[3,2,8,4]] tau=1 order=1 0 2  picks=4,5,2 blocks=0,0,0
DEEP r=2 p=0 w=5 n=3 m=6 sets=[[0,2,4,5],[1,3,5],[2,3,4,5]] vals=[[1,4,6,8],[2,4,3],[2,8,3,4]] tau=0 order=0 1 2  picks=5,3,4 blocks=0,0,0
DEEP r=2 p=0 w=5 n=3 m=6 sets=[[0,2,4,5],[1,3,5],[2,3,4,5]] vals=[[2,6,7,10],[2,4,3],[2,8,3,4]] tau=0 order=0 1 2  picks=5,3,4 blocks=0,0,0
DEEP r=2 p=0 w=5 n=3 m=6 sets=[[0,2,4,5],[1,3,5],[2,3,4,5]] vals=[[1,6,4,8],[2,4,3],[2,8,3,4]] tau=0 order=0 1 2  picks=5,3,4 blocks=0,0,0
DEEP r=2 p=0 w=5 n=3 m=6 sets=[[0,2,4,5],[1,3,5],[2,3,4,5]] vals=[[2,7,6,10],[2,4,3],[2,8,3,4]] tau=0 order=0 1 2  picks=5,3,4 blocks=0,0,0
DEEP r=2 p=0 w=5 n=3 m=6 sets=[[0,2,4,5],[1,3,5],[2,3,4,5]] vals=[[1,4,6,8],[2,4,3],[3,8,2,4]] tau=0 order=0 1 2  picks=5,3,2 blocks=0,0,0
DEEP r=2 p=0 w=5 n=3 m=6 sets=[[0,2,4,5],[1,3,5],[2,3,4,5]] vals=[[2,6,7,10],[2,4,3],[3,8,2,4]] tau=0 order=0 1 2  picks=5,3,2 blocks=0,0,0
DEEP r=2 p=0 w=5 n=3 m=6 sets=[[0,2,4,5],[1,3,5],[2,3,4,5]] vals=[[1,6,4,8],[2,4,3],[3,8,2,4]] tau=0 order=0 1 2  picks=5,3,2 blocks=0,0,0
DEEP r=2 p=0 w=5 n=3 m=6 sets=[[0,2,4,5],[1,3,5],[2,3,4,5]] vals=[[2,7,6,10],[2,4,3],[3,8,2,4]] tau=0 order=0 1 2  picks=5,3,2 blocks=0,0,0
DEEP r=2 p=0 w=10 n=3 m=6 sets=[[0,2,4,5],[1,3,4,5],[2,3,4,5]] vals=[[1,4,6,8],[2,8,4,7],[2,8,3,4]] tau=0 order=0 1 2  picks=5,3,4 blocks=0,0,0
DEEP r=2 p=0 w=10 n=3 m=6 sets=[[0,2,4,5],[1,3,4,5],[2,3,4,5]] vals=[[2,6,7,10],[2,8,4,7],[2,8,3,4]] tau=0 order=0 1 2  picks=5,3,4 blocks=0,0,0
DEEP r=2 p=0 w=10 n=3 m=6 sets=[[0,2,4,5],[1,3,4,5],[2,3,4,5]] vals=[[1,6,4,8],[2,8,4,7],[2,8,3,4]] tau=0 order=0 1 2  picks=5,3,4 blocks=0,0,0
DEEP r=2 p=0 w=10 n=3 m=6 sets=[[0,2,4,5],[1,3,4,5],[2,3,4,5]] vals=[[2,7,6,10],[2,8,4,7],[2,8,3,4]] tau=0 order=0 1 2  picks=5,3,4 blocks=0,0,0
DEEP r=2 p=0 w=20 n=3 m=6 sets=[[0,2,4,5],[1,3,4,5],[2,3,4,5]] vals=[[1,4,6,8],[4,8,1,6],[2,8,3,4]] tau=0 order=0 1 2  picks=5,3,4 blocks=0,0,0
DEEP r=2 p=0 w=20 n=3 m=6 sets=[[0,2,4,5],[1,3,4,5],[2,3,4,5]] vals=[[2,6,7,10],[4,8,1,6],[2,8,3,4]] tau=0 order=0 1 2  picks=5,3,4 blocks=0,0,0
DEEP r=2 p=0 w=20 n=3 m=6 sets=[[0,2,4,5],[1,3,4,5],[2,3,4,5]] vals=[[1,6,4,8],[4,8,1,6],[2,8,3,4]] tau=0 order=0 1 2  picks=5,3,4 blocks=0,0,0
DEEP r=2 p=0 w=20 n=3 m=6 sets=[[0,2,4,5],[1,3,4,5],[2,3,4,5]] vals=[[2,7,6,10],[4,8,1,6],[2,8,3,4]] tau=0 order=0 1 2  picks=5,3,4 blocks=0,0,0
DEEP r=2 p=0 w=10 n=3 m=6 sets=[[0,2,4,5],[1,3,4,5],[2,3,4,5]] vals=[[1,4,8,6],[2,8,7,4],[2,8,4,3]] tau=0 order=0 1 2  picks=4,3,5 blocks=0,0,0
DEEP r=2 p=0 w=10 n=3 m=6 sets=[[0,2,4,5],[1,3,4,5],[2,3,4,5]] vals=[[2,6,10,7],[2,8,7,4],[2,8,4,3]] tau=0 order=0 1 2  picks=4,3,5 blocks=0,0,0
DEEP r=2 p=0 w=10 n=3 m=6 sets=[[0,2,4,5],[1,3,4,5],[2,3,4,5]] vals=[[1,6,8,4],[2,8,7,4],[2,8,4,3]] tau=0 order=0 1 2  picks=4,3,5 blocks=0,0,0
DEEP r=2 p=0 w=10 n=3 m=6 sets=[[0,2,4,5],[1,3,4,5],[2,3,4,5]] vals=[[2,7,10,6],[2,8,7,4],[2,8,4,3]] tau=0 order=0 1 2  picks=4,3,5 blocks=0,0,0
DEEP r=2 p=0 w=20 n=3 m=6 sets=[[0,2,4,5],[1,3,4,5],[2,3,4,5]] vals=[[1,4,8,6],[4,8,6,1],[2,8,4,3]] tau=0 order=0 1 2  picks=4,3,5 blocks=0,0,0
DEEP r=2 p=0 w=20 n=3 m=6 sets=[[0,2,4,5],[1,3,4,5],[2,3,4,5]] vals=[[2,6,10,7],[4,8,6,1],[2,8,4,3]] tau=0 order=0 1 2  picks=4,3,5 blocks=0,0,0
DEEP r=2 p=0 w=20 n=3 m=6 sets=[[0,2,4,5],[1,3,4,5],[2,3,4,5]] vals=[[1,6,8,4],[4,8,6,1],[2,8,4,3]] tau=0 order=0 1 2  picks=4,3,5 blocks=0,0,0
DEEP r=2 p=0 w=20 n=3 m=6 sets=[[0,2,4,5],[1,3,4,5],[2,3,4,5]] vals=[[2,7,10,6],[4,8,6,1],[2,8,4,3]] tau=0 order=0 1 2  picks=4,3,5 blocks=0,0,0
DEEP r=2 p=0 w=10 n=3 m=6 sets=[[0,2,4,5],[1,3,4,5],[2,3,4,5]] vals=[[1,4,6,8],[2,8,4,7],[3,8,2,4]] tau=0 order=0 1 2  picks=5,3,2 blocks=0,0,0
DEEP r=2 p=0 w=10 n=3 m=6 sets=[[0,2,4,5],[1,3,4,5],[2,3,4,5]] vals=[[2,6,7,10],[2,8,4,7],[3,8,2,4]] tau=0 order=0 1 2  picks=5,3,2 blocks=0,0,0
DEEP r=2 p=0 w=10 n=3 m=6 sets=[[0,2,4,5],[1,3,4,5],[2,3,4,5]] vals=[[1,6,4,8],[2,8,4,7],[3,8,2,4]] tau=0 order=0 1 2  picks=5,3,2 blocks=0,0,0
DEEP r=2 p=0 w=10 n=3 m=6 sets=[[0,2,4,5],[1,3,4,5],[2,3,4,5]] vals=[[2,7,6,10],[2,8,4,7],[3,8,2,4]] tau=0 order=0 1 2  picks=5,3,2 blocks=0,0,0
DEEP r=2 p=0 w=20 n=3 m=6 sets=[[0,2,4,5],[1,3,4,5],[2,3,4,5]] vals=[[1,4,6,8],[4,8,1,6],[3,8,2,4]] tau=0 order=0 1 2  picks=5,3,2 blocks=0,0,0
DEEP r=2 p=0 w=20 n=3 m=6 sets=[[0,2,4,5],[1,3,4,5],[2,3,4,5]] vals=[[2,6,7,10],[4,8,1,6],[3,8,2,4]] tau=0 order=0 1 2  picks=5,3,2 blocks=0,0,0
DEEP r=2 p=0 w=20 n=3 m=6 sets=[[0,2,4,5],[1,3,4,5],[2,3,4,5]] vals=[[1,6,4,8],[4,8,1,6],[3,8,2,4]] tau=0 order=0 1 2  picks=5,3,2 blocks=0,0,0
DEEP r=2 p=0 w=20 n=3 m=6 sets=[[0,2,4,5],[1,3,4,5],[2,3,4,5]] vals=[[2,7,6,10],[4,8,1,6],[3,8,2,4]] tau=0 order=0 1 2  picks=5,3,2 blocks=0,0,0
DEEP r=2 p=0 w=10 n=3 m=6 sets=[[0,2,4,5],[1,3,4,5],[2,3,4,5]] vals=[[1,4,8,6],[2,8,7,4],[3,8,4,2]] tau=0 order=0 1 2  picks=4,3,2 blocks=0,0,0
DEEP r=2 p=0 w=10 n=3 m=6 sets=[[0,2,4,5],[1,3,4,5],[2,3,4,5]] vals=[[2,6,10,7],[2,8,7,4],[3,8,4,2]] tau=0 order=0 1 2  picks=4,3,2 blocks=0,0,0
DEEP r=2 p=0 w=10 n=3 m=6 sets=[[0,2,4,5],[1,3,4,5],[2,3,4,5]] vals=[[1,6,8,4],[2,8,7,4],[3,8,4,2]] tau=0 order=0 1 2  picks=4,3,2 blocks=0,0,0
DEEP r=2 p=0 w=10 n=3 m=6 sets=[[0,2,4,5],[1,3,4,5],[2,3,4,5]] vals=[[2,7,10,6],[2,8,7,4],[3,8,4,2]] tau=0 order=0 1 2  picks=4,3,2 blocks=0,0,0
DEEP r=2 p=0 w=20 n=3 m=6 sets=[[0,2,4,5],[1,3,4,5],[2,3,4,5]] vals=[[1,4,8,6],[4,8,6,1],[3,8,4,2]] tau=0 order=0 1 2  picks=4,3,2 blocks=0,0,0
DEEP r=2 p=0 w=20 n=3 m=6 sets=[[0,2,4,5],[1,3,4,5],[2,3,4,5]] vals=[[2,6,10,7],[4,8,6,1],[3,8,4,2]] tau=0 order=0 1 2  picks=4,3,2 blocks=0,0,0
DEEP r=2 p=0 w=20 n=3 m=6 sets=[[0,2,4,5],[1,3,4,5],[2,3,4,5]] vals=[[1,6,8,4],[4,8,6,1],[3,8,4,2]] tau=0 order=0 1 2  picks=4,3,2 blocks=0,0,0
DEEP r=2 p=0 w=20 n=3 m=6 sets=[[0,2,4,5],[1,3,4,5],[2,3,4,5]] vals=[[2,7,10,6],[4,8,6,1],[3,8,4,2]] tau=0 order=0 1 2  picks=4,3,2 blocks=0,0,0
DEEP r=2 p=0 w=10 n=3 m=6 sets=[[0,2,4,5],[1,3,4,5],[2,3,4,5]] vals=[[2,8,4,7],[1,4,6,8],[8,2,3,4]] tau=1 order=1 0 2  picks=2,5,4 blocks=0,0,0
DEEP r=2 p=0 w=10 n=3 m=6 sets=[[0,2,4,5],[1,3,4,5],[2,3,4,5]] vals=[[2,8,4,7],[2,6,7,10],[8,2,3,4]] tau=1 order=1 0 2  picks=2,5,4 blocks=0,0,0
DEEP r=2 p=0 w=20 n=3 m=6 sets=[[0,2,4,5],[1,3,4,5],[2,3,4,5]] vals=[[4,8,1,6],[1,4,6,8],[8,2,3,4]] tau=1 order=1 0 2  picks=2,5,4 blocks=0,0,0
DEEP r=2 p=0 w=20 n=3 m=6 sets=[[0,2,4,5],[1,3,4,5],[2,3,4,5]] vals=[[4,8,1,6],[2,6,7,10],[8,2,3,4]] tau=1 order=1 0 2  picks=2,5,4 blocks=0,0,0
DEEP r=2 p=0 w=10 n=3 m=6 sets=[[0,2,4,5],[1,3,4,5],[2,3,4,5]] vals=[[2,8,4,7],[1,6,4,8],[8,2,3,4]] tau=1 order=1 0 2  picks=2,5,4 blocks=0,0,0
DEEP r=2 p=0 w=10 n=3 m=6 sets=[[0,2,4,5],[1,3,4,5],[2,3,4,5]] vals=[[2,8,4,7],[2,7,6,10],[8,2,3,4]] tau=1 order=1 0 2  picks=2,5,4 blocks=0,0,0
DEEP r=2 p=0 w=20 n=3 m=6 sets=[[0,2,4,5],[1,3,4,5],[2,3,4,5]] vals=[[4,8,1,6],[1,6,4,8],[8,2,3,4]] tau=1 order=1 0 2  picks=2,5,4 blocks=0,0,0
DEEP r=2 p=0 w=20 n=3 m=6 sets=[[0,2,4,5],[1,3,4,5],[2,3,4,5]] vals=[[4,8,1,6],[2,7,6,10],[8,2,3,4]] tau=1 order=1 0 2  picks=2,5,4 blocks=0,0,0
DEEP r=2 p=0 w=10 n=3 m=6 sets=[[0,2,4,5],[1,3,4,5],[2,3,4,5]] vals=[[2,8,7,4],[1,4,8,6],[8,2,4,3]] tau=1 order=1 0 2  picks=2,4,5 blocks=0,0,0
DEEP r=2 p=0 w=10 n=3 m=6 sets=[[0,2,4,5],[1,3,4,5],[2,3,4,5]] vals=[[2,8,7,4],[2,6,10,7],[8,2,4,3]] tau=1 order=1 0 2  picks=2,4,5 blocks=0,0,0
DEEP r=2 p=0 w=20 n=3 m=6 sets=[[0,2,4,5],[1,3,4,5],[2,3,4,5]] vals=[[4,8,6,1],[1,4,8,6],[8,2,4,3]] tau=1 order=1 0 2  picks=2,4,5 blocks=0,0,0
DEEP r=2 p=0 w=20 n=3 m=6 sets=[[0,2,4,5],[1,3,4,5],[2,3,4,5]] vals=[[4,8,6,1],[2,6,10,7],[8,2,4,3]] tau=1 order=1 0 2  picks=2,4,5 blocks=0,0,0
DEEP r=2 p=0 w=10 n=3 m=6 sets=[[0,2,4,5],[1,3,4,5],[2,3,4,5]] vals=[[2,8,7,4],[1,6,8,4],[8,2,4,3]] tau=1 order=1 0 2  picks=2,4,5 blocks=0,0,0
DEEP r=2 p=0 w=10 n=3 m=6 sets=[[0,2,4,5],[1,3,4,5],[2,3,4,5]] vals=[[2,8,7,4],[2,7,10,6],[8,2,4,3]] tau=1 order=1 0 2  picks=2,4,5 blocks=0,0,0
DEEP r=2 p=0 w=20 n=3 m=6 sets=[[0,2,4,5],[1,3,4,5],[2,3,4,5]] vals=[[4,8,6,1],[1,6,8,4],[8,2,4,3]] tau=1 order=1 0 2  picks=2,4,5 blocks=0,0,0
DEEP r=2 p=0 w=20 n=3 m=6 sets=[[0,2,4,5],[1,3,4,5],[2,3,4,5]] vals=[[4,8,6,1],[2,7,10,6],[8,2,4,3]] tau=1 order=1 0 2  picks=2,4,5 blocks=0,0,0
DEEP r=2 p=0 w=10 n=3 m=6 sets=[[0,2,4,5],[1,3,4,5],[2,3,4,5]] vals=[[2,8,4,7],[1,4,6,8],[8,3,2,4]] tau=1 order=1 0 2  picks=2,5,3 blocks=0,0,0
DEEP r=2 p=0 w=10 n=3 m=6 sets=[[0,2,4,5],[1,3,4,5],[2,3,4,5]] vals=[[2,8,4,7],[2,6,7,10],[8,3,2,4]] tau=1 order=1 0 2  picks=2,5,3 blocks=0,0,0
DEEP r=2 p=0 w=20 n=3 m=6 sets=[[0,2,4,5],[1,3,4,5],[2,3,4,5]] vals=[[4,8,1,6],[1,4,6,8],[8,3,2,4]] tau=1 order=1 0 2  picks=2,5,3 blocks=0,0,0
DEEP r=2 p=0 w=20 n=3 m=6 sets=[[0,2,4,5],[1,3,4,5],[2,3,4,5]] vals=[[4,8,1,6],[2,6,7,10],[8,3,2,4]] tau=1 order=1 0 2  picks=2,5,3 blocks=0,0,0
DEEP r=2 p=0 w=10 n=3 m=6 sets=[[0,2,4,5],[1,3,4,5],[2,3,4,5]] vals=[[2,8,4,7],[1,6,4,8],[8,3,2,4]] tau=1 order=1 0 2  picks=2,5,3 blocks=0,0,0
DEEP r=2 p=0 w=10 n=3 m=6 sets=[[0,2,4,5],[1,3,4,5],[2,3,4,5]] vals=[[2,8,4,7],[2,7,6,10],[8,3,2,4]] tau=1 order=1 0 2  picks=2,5,3 blocks=0,0,0
DEEP r=2 p=0 w=20 n=3 m=6 sets=[[0,2,4,5],[1,3,4,5],[2,3,4,5]] vals=[[4,8,1,6],[1,6,4,8],[8,3,2,4]] tau=1 order=1 0 2  picks=2,5,3 blocks=0,0,0
DEEP r=2 p=0 w=20 n=3 m=6 sets=[[0,2,4,5],[1,3,4,5],[2,3,4,5]] vals=[[4,8,1,6],[2,7,6,10],[8,3,2,4]] tau=1 order=1 0 2  picks=2,5,3 blocks=0,0,0
DEEP r=2 p=0 w=10 n=3 m=6 sets=[[0,2,4,5],[1,3,4,5],[2,3,4,5]] vals=[[2,8,7,4],[1,4,8,6],[8,3,4,2]] tau=1 order=1 0 2  picks=2,4,3 blocks=0,0,0
DEEP r=2 p=0 w=10 n=3 m=6 sets=[[0,2,4,5],[1,3,4,5],[2,3,4,5]] vals=[[2,8,7,4],[2,6,10,7],[8,3,4,2]] tau=1 order=1 0 2  picks=2,4,3 blocks=0,0,0
DEEP r=2 p=0 w=20 n=3 m=6 sets=[[0,2,4,5],[1,3,4,5],[2,3,4,5]] vals=[[4,8,6,1],[1,4,8,6],[8,3,4,2]] tau=1 order=1 0 2  picks=2,4,3 blocks=0,0,0
DEEP r=2 p=0 w=20 n=3 m=6 sets=[[0,2,4,5],[1,3,4,5],[2,3,4,5]] vals=[[4,8,6,1],[2,6,10,7],[8,3,4,2]] tau=1 order=1 0 2  picks=2,4,3 blocks=0,0,0
DEEP r=2 p=0 w=10 n=3 m=6 sets=[[0,2,4,5],[1,3,4,5],[2,3,4,5]] vals=[[2,8,7,4],[1,6,8,4],[8,3,4,2]] tau=1 order=1 0 2  picks=2,4,3 blocks=0,0,0
DEEP r=2 p=0 w=10 n=3 m=6 sets=[[0,2,4,5],[1,3,4,5],[2,3,4,5]] vals=[[2,8,7,4],[2,7,10,6],[8,3,4,2]] tau=1 order=1 0 2  picks=2,4,3 blocks=0,0,0
DEEP r=2 p=0 w=20 n=3 m=6 sets=[[0,2,4,5],[1,3,4,5],[2,3,4,5]] vals=[[4,8,6,1],[1,6,8,4],[8,3,4,2]] tau=1 order=1 0 2  picks=2,4,3 blocks=0,0,0
DEEP r=2 p=0 w=20 n=3 m=6 sets=[[0,2,4,5],[1,3,4,5],[2,3,4,5]] vals=[[4,8,6,1],[2,7,10,6],[8,3,4,2]] tau=1 order=1 0 2  picks=2,4,3 blocks=0,0,0
DEEP r=2 p=0 w=20 n=3 m=6 sets=[[0,1,2,5],[1,3,4,5],[2,3,4,5]] vals=[[1,4,8,6],[1,4,6,8],[8,2,3,4]] tau=1 order=1 0 2  picks=2,5,4 blocks=0,0,0
DEEP r=2 p=0 w=20 n=3 m=6 sets=[[0,1,2,5],[1,3,4,5],[2,3,4,5]] vals=[[1,4,8,6],[2,6,7,10],[8,2,3,4]] tau=1 order=1 0 2  picks=2,5,4 blocks=0,0,0
DEEP r=2 p=0 w=20 n=3 m=6 sets=[[0,1,2,5],[1,3,4,5],[2,3,4,5]] vals=[[4,1,8,6],[1,4,6,8],[8,2,3,4]] tau=1 order=1 0 2  picks=2,5,4 blocks=0,0,0
DEEP r=2 p=0 w=20 n=3 m=6 sets=[[0,1,2,5],[1,3,4,5],[2,3,4,5]] vals=[[4,1,8,6],[2,6,7,10],[8,2,3,4]] tau=1 order=1 0 2  picks=2,5,4 blocks=0,0,0
DEEP r=2 p=0 w=20 n=3 m=6 sets=[[0,1,2,5],[1,3,4,5],[2,3,4,5]] vals=[[1,4,8,6],[1,6,4,8],[8,2,3,4]] tau=1 order=1 0 2  picks=2,5,4 blocks=0,0,0
DEEP r=2 p=0 w=20 n=3 m=6 sets=[[0,1,2,5],[1,3,4,5],[2,3,4,5]] vals=[[1,4,8,6],[2,7,6,10],[8,2,3,4]] tau=1 order=1 0 2  picks=2,5,4 blocks=0,0,0
DEEP r=2 p=0 w=20 n=3 m=6 sets=[[0,1,2,5],[1,3,4,5],[2,3,4,5]] vals=[[4,1,8,6],[1,6,4,8],[8,2,3,4]] tau=1 order=1 0 2  picks=2,5,4 blocks=0,0,0
DEEP r=2 p=0 w=20 n=3 m=6 sets=[[0,1,2,5],[1,3,4,5],[2,3,4,5]] vals=[[4,1,8,6],[2,7,6,10],[8,2,3,4]] tau=1 order=1 0 2  picks=2,5,4 blocks=0,0,0
DEEP r=2 p=0 w=20 n=3 m=6 sets=[[0,1,2,5],[1,3,4,5],[2,3,4,5]] vals=[[1,4,8,6],[1,4,6,8],[8,3,2,4]] tau=1 order=1 0 2  picks=2,5,3 blocks=0,0,0
DEEP r=2 p=0 w=20 n=3 m=6 sets=[[0,1,2,5],[1,3,4,5],[2,3,4,5]] vals=[[1,4,8,6],[2,6,7,10],[8,3,2,4]] tau=1 order=1 0 2  picks=2,5,3 blocks=0,0,0
DEEP r=2 p=0 w=20 n=3 m=6 sets=[[0,1,2,5],[1,3,4,5],[2,3,4,5]] vals=[[4,1,8,6],[1,4,6,8],[8,3,2,4]] tau=1 order=1 0 2  picks=2,5,3 blocks=0,0,0
DEEP r=2 p=0 w=20 n=3 m=6 sets=[[0,1,2,5],[1,3,4,5],[2,3,4,5]] vals=[[4,1,8,6],[2,6,7,10],[8,3,2,4]] tau=1 order=1 0 2  picks=2,5,3 blocks=0,0,0
DEEP r=2 p=0 w=20 n=3 m=6 sets=[[0,1,2,5],[1,3,4,5],[2,3,4,5]] vals=[[1,4,8,6],[1,6,4,8],[8,3,2,4]] tau=1 order=1 0 2  picks=2,5,3 blocks=0,0,0
DEEP r=2 p=0 w=20 n=3 m=6 sets=[[0,1,2,5],[1,3,4,5],[2,3,4,5]] vals=[[1,4,8,6],[2,7,6,10],[8,3,2,4]] tau=1 order=1 0 2  picks=2,5,3 blocks=0,0,0
DEEP r=2 p=0 w=20 n=3 m=6 sets=[[0,1,2,5],[1,3,4,5],[2,3,4,5]] vals=[[4,1,8,6],[1,6,4,8],[8,3,2,4]] tau=1 order=1 0 2  picks=2,5,3 blocks=0,0,0
DEEP r=2 p=0 w=20 n=3 m=6 sets=[[0,1,2,5],[1,3,4,5],[2,3,4,5]] vals=[[4,1,8,6],[2,7,6,10],[8,3,2,4]] tau=1 order=1 0 2  picks=2,5,3 blocks=0,0,0
DEEP r=2 p=0 w=10 n=3 m=7 sets=[[0,2,5,6],[1,3,4,6],[3,4,5,6]] vals=[[2,4,8,7],[1,4,6,8],[2,3,8,4]] tau=1 order=1 0 2  picks=5,6,4 blocks=0,0,0
DEEP r=2 p=0 w=10 n=3 m=7 sets=[[0,2,5,6],[1,3,4,6],[3,4,5,6]] vals=[[2,4,8,7],[2,6,7,10],[2,3,8,4]] tau=1 order=1 0 2  picks=5,6,4 blocks=0,0,0
DEEP r=2 p=0 w=10 n=3 m=7 sets=[[0,2,5,6],[1,3,4,6],[3,4,5,6]] vals=[[1,4,8,6],[1,4,6,8],[2,3,8,4]] tau=1 order=1 0 2  picks=5,6,4 blocks=0,0,0
DEEP r=2 p=0 w=10 n=3 m=7 sets=[[0,2,5,6],[1,3,4,6],[3,4,5,6]] vals=[[1,4,8,6],[2,6,7,10],[2,3,8,4]] tau=1 order=1 0 2  picks=5,6,4 blocks=0,0,0
DEEP r=2 p=0 w=5 n=3 m=7 sets=[[0,2,5,6],[1,3,4,6],[3,4,5,6]] vals=[[2,3,10,6],[1,4,6,8],[2,3,8,4]] tau=1 order=1 0 2  picks=5,6,4 blocks=0,0,0
DEEP r=2 p=0 w=5 n=3 m=7 sets=[[0,2,5,6],[1,3,4,6],[3,4,5,6]] vals=[[2,3,10,6],[2,6,7,10],[2,3,8,4]] tau=1 order=1 0 2  picks=5,6,4 blocks=0,0,0
DEEP r=2 p=0 w=10 n=3 m=7 sets=[[0,2,5,6],[1,3,4,6],[3,4,5,6]] vals=[[4,2,8,7],[1,4,6,8],[2,3,8,4]] tau=1 order=1 0 2  picks=5,6,4 blocks=0,0,0
DEEP r=2 p=0 w=10 n=3 m=7 sets=[[0,2,5,6],[1,3,4,6],[3,4,5,6]] vals=[[4,2,8,7],[2,6,7,10],[2,3,8,4]] tau=1 order=1 0 2  picks=5,6,4 blocks=0,0,0
DEEP r=2 p=0 w=10 n=3 m=7 sets=[[0,2,5,6],[1,3,4,6],[3,4,5,6]] vals=[[4,1,8,6],[1,4,6,8],[2,3,8,4]] tau=1 order=1 0 2  picks=5,6,4 blocks=0,0,0
DEEP r=2 p=0 w=10 n=3 m=7 sets=[[0,2,5,6],[1,3,4,6],[3,4,5,6]] vals=[[4,1,8,6],[2,6,7,10],[2,3,8,4]] tau=1 order=1 0 2  picks=5,6,4 blocks=0,0,0
DEEP r=2 p=0 w=5 n=3 m=7 sets=[[0,2,5,6],[1,3,4,6],[3,4,5,6]] vals=[[3,2,10,6],[1,4,6,8],[2,3,8,4]] tau=1 order=1 0 2  picks=5,6,4 blocks=0,0,0
DEEP r=2 p=0 w=5 n=3 m=7 sets=[[0,2,5,6],[1,3,4,6],[3,4,5,6]] vals=[[3,2,10,6],[2,6,7,10],[2,3,8,4]] tau=1 order=1 0 2  picks=5,6,4 blocks=0,0,0
DEEP r=2 p=0 w=10 n=3 m=7 sets=[[0,2,5,6],[1,3,4,6],[3,4,5,6]] vals=[[2,4,8,7],[1,6,4,8],[2,3,8,4]] tau=1 order=1 0 2  picks=5,6,4 blocks=0,0,0
DEEP r=2 p=0 w=10 n=3 m=7 sets=[[0,2,5,6],[1,3,4,6],[3,4,5,6]] vals=[[2,4,8,7],[2,7,6,10],[2,3,8,4]] tau=1 order=1 0 2  picks=5,6,4 blocks=0,0,0
DEEP r=2 p=0 w=10 n=3 m=7 sets=[[0,2,5,6],[1,3,4,6],[3,4,5,6]] vals=[[1,4,8,6],[1,6,4,8],[2,3,8,4]] tau=1 order=1 0 2  picks=5,6,4 blocks=0,0,0
DEEP r=2 p=0 w=10 n=3 m=7 sets=[[0,2,5,6],[1,3,4,6],[3,4,5,6]] vals=[[1,4,8,6],[2,7,6,10],[2,3,8,4]] tau=1 order=1 0 2  picks=5,6,4 blocks=0,0,0
DEEP r=2 p=0 w=5 n=3 m=7 sets=[[0,2,5,6],[1,3,4,6],[3,4,5,6]] vals=[[2,3,10,6],[1,6,4,8],[2,3,8,4]] tau=1 order=1 0 2  picks=5,6,4 blocks=0,0,0
DEEP r=2 p=0 w=5 n=3 m=7 sets=[[0,2,5,6],[1,3,4,6],[3,4,5,6]] vals=[[2,3,10,6],[2,7,6,10],[2,3,8,4]] tau=1 order=1 0 2  picks=5,6,4 blocks=0,0,0
DEEP r=2 p=0 w=10 n=3 m=7 sets=[[0,2,5,6],[1,3,4,6],[3,4,5,6]] vals=[[4,2,8,7],[1,6,4,8],[2,3,8,4]] tau=1 order=1 0 2  picks=5,6,4 blocks=0,0,0
DEEP r=2 p=0 w=10 n=3 m=7 sets=[[0,2,5,6],[1,3,4,6],[3,4,5,6]] vals=[[4,2,8,7],[2,7,6,10],[2,3,8,4]] tau=1 order=1 0 2  picks=5,6,4 blocks=0,0,0
DEEP r=2 p=0 w=10 n=3 m=7 sets=[[0,2,5,6],[1,3,4,6],[3,4,5,6]] vals=[[4,1,8,6],[1,6,4,8],[2,3,8,4]] tau=1 order=1 0 2  picks=5,6,4 blocks=0,0,0
DEEP r=2 p=0 w=10 n=3 m=7 sets=[[0,2,5,6],[1,3,4,6],[3,4,5,6]] vals=[[4,1,8,6],[2,7,6,10],[2,3,8,4]] tau=1 order=1 0 2  picks=5,6,4 blocks=0,0,0
DEEP r=2 p=0 w=5 n=3 m=7 sets=[[0,2,5,6],[1,3,4,6],[3,4,5,6]] vals=[[3,2,10,6],[1,6,4,8],[2,3,8,4]] tau=1 order=1 0 2  picks=5,6,4 blocks=0,0,0
DEEP r=2 p=0 w=5 n=3 m=7 sets=[[0,2,5,6],[1,3,4,6],[3,4,5,6]] vals=[[3,2,10,6],[2,7,6,10],[2,3,8,4]] tau=1 order=1 0 2  picks=5,6,4 blocks=0,0,0
DEEP r=2 p=0 w=10 n=3 m=7 sets=[[0,2,5,6],[1,3,4,6],[3,4,5,6]] vals=[[2,4,8,7],[1,4,6,8],[3,2,8,4]] tau=1 order=1 0 2  picks=5,6,3 blocks=0,0,0
DEEP r=2 p=0 w=10 n=3 m=7 sets=[[0,2,5,6],[1,3,4,6],[3,4,5,6]] vals=[[2,4,8,7],[2,6,7,10],[3,2,8,4]] tau=1 order=1 0 2  picks=5,6,3 blocks=0,0,0
DEEP r=2 p=0 w=10 n=3 m=7 sets=[[0,2,5,6],[1,3,4,6],[3,4,5,6]] vals=[[1,4,8,6],[1,4,6,8],[3,2,8,4]] tau=1 order=1 0 2  picks=5,6,3 blocks=0,0,0
DEEP r=2 p=0 w=10 n=3 m=7 sets=[[0,2,5,6],[1,3,4,6],[3,4,5,6]] vals=[[1,4,8,6],[2,6,7,10],[3,2,8,4]] tau=1 order=1 0 2  picks=5,6,3 blocks=0,0,0
DEEP r=2 p=0 w=5 n=3 m=7 sets=[[0,2,5,6],[1,3,4,6],[3,4,5,6]] vals=[[2,3,10,6],[1,4,6,8],[3,2,8,4]] tau=1 order=1 0 2  picks=5,6,3 blocks=0,0,0
DEEP r=2 p=0 w=5 n=3 m=7 sets=[[0,2,5,6],[1,3,4,6],[3,4,5,6]] vals=[[2,3,10,6],[2,6,7,10],[3,2,8,4]] tau=1 order=1 0 2  picks=5,6,3 blocks=0,0,0
DEEP r=2 p=0 w=10 n=3 m=7 sets=[[0,2,5,6],[1,3,4,6],[3,4,5,6]] vals=[[4,2,8,7],[1,4,6,8],[3,2,8,4]] tau=1 order=1 0 2  picks=5,6,3 blocks=0,0,0
DEEP r=2 p=0 w=10 n=3 m=7 sets=[[0,2,5,6],[1,3,4,6],[3,4,5,6]] vals=[[4,2,8,7],[2,6,7,10],[3,2,8,4]] tau=1 order=1 0 2  picks=5,6,3 blocks=0,0,0
DEEP r=2 p=0 w=10 n=3 m=7 sets=[[0,2,5,6],[1,3,4,6],[3,4,5,6]] vals=[[4,1,8,6],[1,4,6,8],[3,2,8,4]] tau=1 order=1 0 2  picks=5,6,3 blocks=0,0,0
DEEP r=2 p=0 w=10 n=3 m=7 sets=[[0,2,5,6],[1,3,4,6],[3,4,5,6]] vals=[[4,1,8,6],[2,6,7,10],[3,2,8,4]] tau=1 order=1 0 2  picks=5,6,3 blocks=0,0,0
DEEP r=2 p=0 w=5 n=3 m=7 sets=[[0,2,5,6],[1,3,4,6],[3,4,5,6]] vals=[[3,2,10,6],[1,4,6,8],[3,2,8,4]] tau=1 order=1 0 2  picks=5,6,3 blocks=0,0,0
DEEP r=2 p=0 w=5 n=3 m=7 sets=[[0,2,5,6],[1,3,4,6],[3,4,5,6]] vals=[[3,2,10,6],[2,6,7,10],[3,2,8,4]] tau=1 order=1 0 2  picks=5,6,3 blocks=0,0,0
DEEP r=2 p=0 w=10 n=3 m=7 sets=[[0,2,5,6],[1,3,4,6],[3,4,5,6]] vals=[[2,4,8,7],[1,6,4,8],[3,2,8,4]] tau=1 order=1 0 2  picks=5,6,3 blocks=0,0,0
DEEP r=2 p=0 w=10 n=3 m=7 sets=[[0,2,5,6],[1,3,4,6],[3,4,5,6]] vals=[[2,4,8,7],[2,7,6,10],[3,2,8,4]] tau=1 order=1 0 2  picks=5,6,3 blocks=0,0,0
DEEP r=2 p=0 w=10 n=3 m=7 sets=[[0,2,5,6],[1,3,4,6],[3,4,5,6]] vals=[[1,4,8,6],[1,6,4,8],[3,2,8,4]] tau=1 order=1 0 2  picks=5,6,3 blocks=0,0,0
DEEP r=2 p=0 w=10 n=3 m=7 sets=[[0,2,5,6],[1,3,4,6],[3,4,5,6]] vals=[[1,4,8,6],[2,7,6,10],[3,2,8,4]] tau=1 order=1 0 2  picks=5,6,3 blocks=0,0,0
DEEP r=2 p=0 w=5 n=3 m=7 sets=[[0,2,5,6],[1,3,4,6],[3,4,5,6]] vals=[[2,3,10,6],[1,6,4,8],[3,2,8,4]] tau=1 order=1 0 2  picks=5,6,3 blocks=0,0,0
DEEP r=2 p=0 w=5 n=3 m=7 sets=[[0,2,5,6],[1,3,4,6],[3,4,5,6]] vals=[[2,3,10,6],[2,7,6,10],[3,2,8,4]] tau=1 order=1 0 2  picks=5,6,3 blocks=0,0,0
DEEP r=2 p=0 w=10 n=3 m=7 sets=[[0,2,5,6],[1,3,4,6],[3,4,5,6]] vals=[[4,2,8,7],[1,6,4,8],[3,2,8,4]] tau=1 order=1 0 2  picks=5,6,3 blocks=0,0,0
DEEP r=2 p=0 w=10 n=3 m=7 sets=[[0,2,5,6],[1,3,4,6],[3,4,5,6]] vals=[[4,2,8,7],[2,7,6,10],[3,2,8,4]] tau=1 order=1 0 2  picks=5,6,3 blocks=0,0,0
DEEP r=2 p=0 w=10 n=3 m=7 sets=[[0,2,5,6],[1,3,4,6],[3,4,5,6]] vals=[[4,1,8,6],[1,6,4,8],[3,2,8,4]] tau=1 order=1 0 2  picks=5,6,3 blocks=0,0,0
DEEP r=2 p=0 w=10 n=3 m=7 sets=[[0,2,5,6],[1,3,4,6],[3,4,5,6]] vals=[[4,1,8,6],[2,7,6,10],[3,2,8,4]] tau=1 order=1 0 2  picks=5,6,3 blocks=0,0,0
DEEP r=2 p=0 w=5 n=3 m=7 sets=[[0,2,5,6],[1,3,4,6],[3,4,5,6]] vals=[[3,2,10,6],[1,6,4,8],[3,2,8,4]] tau=1 order=1 0 2  picks=5,6,3 blocks=0,0,0
DEEP r=2 p=0 w=5 n=3 m=7 sets=[[0,2,5,6],[1,3,4,6],[3,4,5,6]] vals=[[3,2,10,6],[2,7,6,10],[3,2,8,4]] tau=1 order=1 0 2  picks=5,6,3 blocks=0,0,0
k4_certs_3.json.gz: cores=51 total=299837376 fails=0 rawfails=0 badcores=0 rot=[286247176, 13582080, 8120, 0] (rotations 0..R) pol=[299351300, 428532, 57544] uncov=0 covviol=0 time 14s
# adaptive_run.py results/k4_certs_3.json.gz -A25 -r3 -K2 -f100000 --show=100000 --jobs=2 # adaptive.c sha256 d6cca1be306de8c5
DEEP r=2 p=0 w=40 n=3 m=6 sets=[[0,1,4,5],[2,3,4,5],[2,3,4,5]] vals=[[1,4,6,8],[3,5,7,6],[2,3,4,8]] tau=0 order=0 1 2  picks=5,4,3 blocks=0,0,0
DEEP r=2 p=0 w=40 n=3 m=6 sets=[[0,1,4,5],[2,3,4,5],[2,3,4,5]] vals=[[1,4,8,6],[2,3,8,4],[3,5,6,7]] tau=0 order=0 2 1  picks=4,3,5 blocks=0,0,0
DEEP r=2 p=0 w=40 n=3 m=6 sets=[[0,1,4,5],[2,3,4,5],[2,3,4,5]] vals=[[4,1,6,8],[3,5,7,6],[2,3,4,8]] tau=0 order=0 1 2  picks=5,4,3 blocks=0,0,0
DEEP r=2 p=0 w=40 n=3 m=6 sets=[[0,1,4,5],[2,3,4,5],[2,3,4,5]] vals=[[4,1,8,6],[2,3,8,4],[3,5,6,7]] tau=0 order=0 2 1  picks=4,3,5 blocks=0,0,0
DEEP r=2 p=0 w=120 n=3 m=6 sets=[[0,1,4,5],[2,3,4,5],[2,3,4,5]] vals=[[1,4,6,8],[2,7,8,4],[2,3,4,8]] tau=0 order=0 1 2  picks=5,4,3 blocks=0,0,0
DEEP r=2 p=0 w=120 n=3 m=6 sets=[[0,1,4,5],[2,3,4,5],[2,3,4,5]] vals=[[4,1,6,8],[2,7,8,4],[2,3,4,8]] tau=0 order=0 1 2  picks=5,4,3 blocks=0,0,0
DEEP r=2 p=0 w=40 n=3 m=6 sets=[[0,1,4,5],[2,3,4,5],[2,3,4,5]] vals=[[1,4,6,8],[5,3,7,6],[2,3,4,8]] tau=0 order=0 1 2  picks=5,4,3 blocks=0,0,0
DEEP r=2 p=0 w=40 n=3 m=6 sets=[[0,1,4,5],[2,3,4,5],[2,3,4,5]] vals=[[1,4,8,6],[3,2,8,4],[3,5,6,7]] tau=0 order=0 2 1  picks=4,2,5 blocks=0,0,0
DEEP r=2 p=0 w=40 n=3 m=6 sets=[[0,1,4,5],[2,3,4,5],[2,3,4,5]] vals=[[4,1,6,8],[5,3,7,6],[2,3,4,8]] tau=0 order=0 1 2  picks=5,4,3 blocks=0,0,0
DEEP r=2 p=0 w=40 n=3 m=6 sets=[[0,1,4,5],[2,3,4,5],[2,3,4,5]] vals=[[4,1,8,6],[3,2,8,4],[3,5,6,7]] tau=0 order=0 2 1  picks=4,2,5 blocks=0,0,0
DEEP r=2 p=0 w=200 n=3 m=6 sets=[[0,1,4,5],[2,3,4,5],[2,3,4,5]] vals=[[1,4,6,8],[4,5,8,2],[2,3,4,8]] tau=0 order=0 1 2  picks=5,4,3 blocks=0,0,0
DEEP r=2 p=0 w=200 n=3 m=6 sets=[[0,1,4,5],[2,3,4,5],[2,3,4,5]] vals=[[4,1,6,8],[4,5,8,2],[2,3,4,8]] tau=0 order=0 1 2  picks=5,4,3 blocks=0,0,0
DEEP r=2 p=0 w=120 n=3 m=6 sets=[[0,1,4,5],[2,3,4,5],[2,3,4,5]] vals=[[1,4,6,8],[6,3,7,5],[2,3,4,8]] tau=0 order=0 1 2  picks=5,4,3 blocks=0,0,0
DEEP r=2 p=0 w=120 n=3 m=6 sets=[[0,1,4,5],[2,3,4,5],[2,3,4,5]] vals=[[4,1,6,8],[6,3,7,5],[2,3,4,8]] tau=0 order=0 1 2  picks=5,4,3 blocks=0,0,0
DEEP r=2 p=0 w=200 n=3 m=6 sets=[[0,1,4,5],[2,3,4,5],[2,3,4,5]] vals=[[1,4,6,8],[5,4,8,2],[2,3,4,8]] tau=0 order=0 1 2  picks=5,4,3 blocks=0,0,0
DEEP r=2 p=0 w=200 n=3 m=6 sets=[[0,1,4,5],[2,3,4,5],[2,3,4,5]] vals=[[4,1,6,8],[5,4,8,2],[2,3,4,8]] tau=0 order=0 1 2  picks=5,4,3 blocks=0,0,0
DEEP r=2 p=0 w=40 n=3 m=6 sets=[[0,1,4,5],[2,3,4,5],[2,3,4,5]] vals=[[1,4,6,8],[2,3,4,8],[3,5,7,6]] tau=0 order=0 2 1  picks=5,3,4 blocks=0,0,0
DEEP r=2 p=0 w=40 n=3 m=6 sets=[[0,1,4,5],[2,3,4,5],[2,3,4,5]] vals=[[1,4,8,6],[3,5,6,7],[2,3,8,4]] tau=0 order=0 1 2  picks=4,5,3 blocks=0,0,0
DEEP r=2 p=0 w=40 n=3 m=6 sets=[[0,1,4,5],[2,3,4,5],[2,3,4,5]] vals=[[4,1,6,8],[2,3,4,8],[3,5,7,6]] tau=0 order=0 2 1  picks=5,3,4 blocks=0,0,0
DEEP r=2 p=0 w=40 n=3 m=6 sets=[[0,1,4,5],[2,3,4,5],[2,3,4,5]] vals=[[4,1,8,6],[3,5,6,7],[2,3,8,4]] tau=0 order=0 1 2  picks=4,5,3 blocks=0,0,0
DEEP r=2 p=0 w=120 n=3 m=6 sets=[[0,1,4,5],[2,3,4,5],[2,3,4,5]] vals=[[1,4,8,6],[2,7,4,8],[2,3,8,4]] tau=0 order=0 1 2  picks=4,5,3 blocks=0,0,0
DEEP r=2 p=0 w=120 n=3 m=6 sets=[[0,1,4,5],[2,3,4,5],[2,3,4,5]] vals=[[4,1,8,6],[2,7,4,8],[2,3,8,4]] tau=0 order=0 1 2  picks=4,5,3 blocks=0,0,0
DEEP r=2 p=0 w=40 n=3 m=6 sets=[[0,1,4,5],[2,3,4,5],[2,3,4,5]] vals=[[1,4,6,8],[3,2,4,8],[3,5,7,6]] tau=0 order=0 2 1  picks=5,2,4 blocks=0,0,0
DEEP r=2 p=0 w=40 n=3 m=6 sets=[[0,1,4,5],[2,3,4,5],[2,3,4,5]] vals=[[1,4,8,6],[5,3,6,7],[2,3,8,4]] tau=0 order=0 1 2  picks=4,5,3 blocks=0,0,0
DEEP r=2 p=0 w=40 n=3 m=6 sets=[[0,1,4,5],[2,3,4,5],[2,3,4,5]] vals=[[4,1,6,8],[3,2,4,8],[3,5,7,6]] tau=0 order=0 2 1  picks=5,2,4 blocks=0,0,0
DEEP r=2 p=0 w=40 n=3 m=6 sets=[[0,1,4,5],[2,3,4,5],[2,3,4,5]] vals=[[4,1,8,6],[5,3,6,7],[2,3,8,4]] tau=0 order=0 1 2  picks=4,5,3 blocks=0,0,0
DEEP r=2 p=0 w=200 n=3 m=6 sets=[[0,1,4,5],[2,3,4,5],[2,3,4,5]] vals=[[1,4,8,6],[4,5,2,8],[2,3,8,4]] tau=0 order=0 1 2  picks=4,5,3 blocks=0,0,0
DEEP r=2 p=0 w=200 n=3 m=6 sets=[[0,1,4,5],[2,3,4,5],[2,3,4,5]] vals=[[4,1,8,6],[4,5,2,8],[2,3,8,4]] tau=0 order=0 1 2  picks=4,5,3 blocks=0,0,0
DEEP r=2 p=0 w=120 n=3 m=6 sets=[[0,1,4,5],[2,3,4,5],[2,3,4,5]] vals=[[1,4,8,6],[6,3,4,8],[2,3,8,4]] tau=0 order=0 1 2  picks=4,5,3 blocks=0,0,0
DEEP r=2 p=0 w=120 n=3 m=6 sets=[[0,1,4,5],[2,3,4,5],[2,3,4,5]] vals=[[4,1,8,6],[6,3,4,8],[2,3,8,4]] tau=0 order=0 1 2  picks=4,5,3 blocks=0,0,0
DEEP r=2 p=0 w=200 n=3 m=6 sets=[[0,1,4,5],[2,3,4,5],[2,3,4,5]] vals=[[1,4,8,6],[5,4,2,8],[2,3,8,4]] tau=0 order=0 1 2  picks=4,5,3 blocks=0,0,0
DEEP r=2 p=0 w=200 n=3 m=6 sets=[[0,1,4,5],[2,3,4,5],[2,3,4,5]] vals=[[4,1,8,6],[5,4,2,8],[2,3,8,4]] tau=0 order=0 1 2  picks=4,5,3 blocks=0,0,0
DEEP r=2 p=0 w=120 n=3 m=6 sets=[[0,1,4,5],[2,3,4,5],[2,3,4,5]] vals=[[1,4,8,6],[2,3,8,4],[2,7,4,8]] tau=0 order=0 2 1  picks=4,3,5 blocks=0,0,0
DEEP r=2 p=0 w=120 n=3 m=6 sets=[[0,1,4,5],[2,3,4,5],[2,3,4,5]] vals=[[4,1,8,6],[2,3,8,4],[2,7,4,8]] tau=0 order=0 2 1  picks=4,3,5 blocks=0,0,0
DEEP r=2 p=0 w=120 n=3 m=6 sets=[[0,1,4,5],[2,3,4,5],[2,3,4,5]] vals=[[1,4,8,6],[3,2,8,4],[2,7,4,8]] tau=0 order=0 2 1  picks=4,2,5 blocks=0,0,0
DEEP r=2 p=0 w=120 n=3 m=6 sets=[[0,1,4,5],[2,3,4,5],[2,3,4,5]] vals=[[4,1,8,6],[3,2,8,4],[2,7,4,8]] tau=0 order=0 2 1  picks=4,2,5 blocks=0,0,0
DEEP r=2 p=0 w=120 n=3 m=6 sets=[[0,1,4,5],[2,3,4,5],[2,3,4,5]] vals=[[1,4,6,8],[2,3,4,8],[2,7,8,4]] tau=0 order=0 2 1  picks=5,3,4 blocks=0,0,0
DEEP r=2 p=0 w=120 n=3 m=6 sets=[[0,1,4,5],[2,3,4,5],[2,3,4,5]] vals=[[4,1,6,8],[2,3,4,8],[2,7,8,4]] tau=0 order=0 2 1  picks=5,3,4 blocks=0,0,0
DEEP r=2 p=0 w=120 n=3 m=6 sets=[[0,1,4,5],[2,3,4,5],[2,3,4,5]] vals=[[1,4,6,8],[3,2,4,8],[2,7,8,4]] tau=0 order=0 2 1  picks=5,2,4 blocks=0,0,0
DEEP r=2 p=0 w=120 n=3 m=6 sets=[[0,1,4,5],[2,3,4,5],[2,3,4,5]] vals=[[4,1,6,8],[3,2,4,8],[2,7,8,4]] tau=0 order=0 2 1  picks=5,2,4 blocks=0,0,0
DEEP r=2 p=0 w=40 n=3 m=6 sets=[[0,1,4,5],[2,3,4,5],[2,3,4,5]] vals=[[1,4,6,8],[3,5,7,6],[3,2,4,8]] tau=0 order=0 1 2  picks=5,4,2 blocks=0,0,0
DEEP r=2 p=0 w=40 n=3 m=6 sets=[[0,1,4,5],[2,3,4,5],[2,3,4,5]] vals=[[1,4,8,6],[2,3,8,4],[5,3,6,7]] tau=0 order=0 2 1  picks=4,3,5 blocks=0,0,0
DEEP r=2 p=0 w=40 n=3 m=6 sets=[[0,1,4,5],[2,3,4,5],[2,3,4,5]] vals=[[4,1,6,8],[3,5,7,6],[3,2,4,8]] tau=0 order=0 1 2  picks=5,4,2 blocks=0,0,0
DEEP r=2 p=0 w=40 n=3 m=6 sets=[[0,1,4,5],[2,3,4,5],[2,3,4,5]] vals=[[4,1,8,6],[2,3,8,4],[5,3,6,7]] tau=0 order=0 2 1  picks=4,3,5 blocks=0,0,0
DEEP r=2 p=0 w=120 n=3 m=6 sets=[[0,1,4,5],[2,3,4,5],[2,3,4,5]] vals=[[1,4,6,8],[2,7,8,4],[3,2,4,8]] tau=0 order=0 1 2  picks=5,4,2 blocks=0,0,0
DEEP r=2 p=0 w=120 n=3 m=6 sets=[[0,1,4,5],[2,3,4,5],[2,3,4,5]] vals=[[4,1,6,8],[2,7,8,4],[3,2,4,8]] tau=0 order=0 1 2  picks=5,4,2 blocks=0,0,0
DEEP r=2 p=0 w=40 n=3 m=6 sets=[[0,1,4,5],[2,3,4,5],[2,3,4,5]] vals=[[1,4,6,8],[5,3,7,6],[3,2,4,8]] tau=0 order=0 1 2  picks=5,4,2 blocks=0,0,0
DEEP r=2 p=0 w=40 n=3 m=6 sets=[[0,1,4,5],[2,3,4,5],[2,3,4,5]] vals=[[1,4,8,6],[3,2,8,4],[5,3,6,7]] tau=0 order=0 2 1  picks=4,2,5 blocks=0,0,0
DEEP r=2 p=0 w=40 n=3 m=6 sets=[[0,1,4,5],[2,3,4,5],[2,3,4,5]] vals=[[4,1,6,8],[5,3,7,6],[3,2,4,8]] tau=0 order=0 1 2  picks=5,4,2 blocks=0,0,0
DEEP r=2 p=0 w=40 n=3 m=6 sets=[[0,1,4,5],[2,3,4,5],[2,3,4,5]] vals=[[4,1,8,6],[3,2,8,4],[5,3,6,7]] tau=0 order=0 2 1  picks=4,2,5 blocks=0,0,0
DEEP r=2 p=0 w=200 n=3 m=6 sets=[[0,1,4,5],[2,3,4,5],[2,3,4,5]] vals=[[1,4,6,8],[4,5,8,2],[3,2,4,8]] tau=0 order=0 1 2  picks=5,4,2 blocks=0,0,0
DEEP r=2 p=0 w=200 n=3 m=6 sets=[[0,1,4,5],[2,3,4,5],[2,3,4,5]] vals=[[4,1,6,8],[4,5,8,2],[3,2,4,8]] tau=0 order=0 1 2  picks=5,4,2 blocks=0,0,0
DEEP r=2 p=0 w=120 n=3 m=6 sets=[[0,1,4,5],[2,3,4,5],[2,3,4,5]] vals=[[1,4,6,8],[6,3,7,5],[3,2,4,8]] tau=0 order=0 1 2  picks=5,4,2 blocks=0,0,0
DEEP r=2 p=0 w=120 n=3 m=6 sets=[[0,1,4,5],[2,3,4,5],[2,3,4,5]] vals=[[4,1,6,8],[6,3,7,5],[3,2,4,8]] tau=0 order=0 1 2  picks=5,4,2 blocks=0,0,0
DEEP r=2 p=0 w=200 n=3 m=6 sets=[[0,1,4,5],[2,3,4,5],[2,3,4,5]] vals=[[1,4,6,8],[5,4,8,2],[3,2,4,8]] tau=0 order=0 1 2  picks=5,4,2 blocks=0,0,0
DEEP r=2 p=0 w=200 n=3 m=6 sets=[[0,1,4,5],[2,3,4,5],[2,3,4,5]] vals=[[4,1,6,8],[5,4,8,2],[3,2,4,8]] tau=0 order=0 1 2  picks=5,4,2 blocks=0,0,0
DEEP r=2 p=0 w=40 n=3 m=6 sets=[[0,1,4,5],[2,3,4,5],[2,3,4,5]] vals=[[1,4,6,8],[2,3,4,8],[5,3,7,6]] tau=0 order=0 2 1  picks=5,3,4 blocks=0,0,0
DEEP r=2 p=0 w=40 n=3 m=6 sets=[[0,1,4,5],[2,3,4,5],[2,3,4,5]] vals=[[1,4,8,6],[3,5,6,7],[3,2,8,4]] tau=0 order=0 1 2  picks=4,5,2 blocks=0,0,0
DEEP r=2 p=0 w=40 n=3 m=6 sets=[[0,1,4,5],[2,3,4,5],[2,3,4,5]] vals=[[4,1,6,8],[2,3,4,8],[5,3,7,6]] tau=0 order=0 2 1  picks=5,3,4 blocks=0,0,0
DEEP r=2 p=0 w=40 n=3 m=6 sets=[[0,1,4,5],[2,3,4,5],[2,3,4,5]] vals=[[4,1,8,6],[3,5,6,7],[3,2,8,4]] tau=0 order=0 1 2  picks=4,5,2 blocks=0,0,0
DEEP r=2 p=0 w=120 n=3 m=6 sets=[[0,1,4,5],[2,3,4,5],[2,3,4,5]] vals=[[1,4,8,6],[2,7,4,8],[3,2,8,4]] tau=0 order=0 1 2  picks=4,5,2 blocks=0,0,0
DEEP r=2 p=0 w=120 n=3 m=6 sets=[[0,1,4,5],[2,3,4,5],[2,3,4,5]] vals=[[4,1,8,6],[2,7,4,8],[3,2,8,4]] tau=0 order=0 1 2  picks=4,5,2 blocks=0,0,0
DEEP r=2 p=0 w=40 n=3 m=6 sets=[[0,1,4,5],[2,3,4,5],[2,3,4,5]] vals=[[1,4,6,8],[3,2,4,8],[5,3,7,6]] tau=0 order=0 2 1  picks=5,2,4 blocks=0,0,0
DEEP r=2 p=0 w=40 n=3 m=6 sets=[[0,1,4,5],[2,3,4,5],[2,3,4,5]] vals=[[1,4,8,6],[5,3,6,7],[3,2,8,4]] tau=0 order=0 1 2  picks=4,5,2 blocks=0,0,0
DEEP r=2 p=0 w=40 n=3 m=6 sets=[[0,1,4,5],[2,3,4,5],[2,3,4,5]] vals=[[4,1,6,8],[3,2,4,8],[5,3,7,6]] tau=0 order=0 2 1  picks=5,2,4 blocks=0,0,0
DEEP r=2 p=0 w=40 n=3 m=6 sets=[[0,1,4,5],[2,3,4,5],[2,3,4,5]] vals=[[4,1,8,6],[5,3,6,7],[3,2,8,4]] tau=0 order=0 1 2  picks=4,5,2 blocks=0,0,0
DEEP r=2 p=0 w=200 n=3 m=6 sets=[[0,1,4,5],[2,3,4,5],[2,3,4,5]] vals=[[1,4,8,6],[4,5,2,8],[3,2,8,4]] tau=0 order=0 1 2  picks=4,5,2 blocks=0,0,0
DEEP r=2 p=0 w=200 n=3 m=6 sets=[[0,1,4,5],[2,3,4,5],[2,3,4,5]] vals=[[4,1,8,6],[4,5,2,8],[3,2,8,4]] tau=0 order=0 1 2  picks=4,5,2 blocks=0,0,0
DEEP r=2 p=0 w=120 n=3 m=6 sets=[[0,1,4,5],[2,3,4,5],[2,3,4,5]] vals=[[1,4,8,6],[6,3,4,8],[3,2,8,4]] tau=0 order=0 1 2  picks=4,5,2 blocks=0,0,0
DEEP r=2 p=0 w=120 n=3 m=6 sets=[[0,1,4,5],[2,3,4,5],[2,3,4,5]] vals=[[4,1,8,6],[6,3,4,8],[3,2,8,4]] tau=0 order=0 1 2  picks=4,5,2 blocks=0,0,0
DEEP r=2 p=0 w=200 n=3 m=6 sets=[[0,1,4,5],[2,3,4,5],[2,3,4,5]] vals=[[1,4,8,6],[5,4,2,8],[3,2,8,4]] tau=0 order=0 1 2  picks=4,5,2 blocks=0,0,0
DEEP r=2 p=0 w=200 n=3 m=6 sets=[[0,1,4,5],[2,3,4,5],[2,3,4,5]] vals=[[4,1,8,6],[5,4,2,8],[3,2,8,4]] tau=0 order=0 1 2  picks=4,5,2 blocks=0,0,0
DEEP r=2 p=0 w=200 n=3 m=6 sets=[[0,1,4,5],[2,3,4,5],[2,3,4,5]] vals=[[1,4,8,6],[2,3,8,4],[4,5,2,8]] tau=0 order=0 2 1  picks=4,3,5 blocks=0,0,0
DEEP r=2 p=0 w=200 n=3 m=6 sets=[[0,1,4,5],[2,3,4,5],[2,3,4,5]] vals=[[4,1,8,6],[2,3,8,4],[4,5,2,8]] tau=0 order=0 2 1  picks=4,3,5 blocks=0,0,0
DEEP r=2 p=0 w=200 n=3 m=6 sets=[[0,1,4,5],[2,3,4,5],[2,3,4,5]] vals=[[1,4,8,6],[3,2,8,4],[4,5,2,8]] tau=0 order=0 2 1  picks=4,2,5 blocks=0,0,0
DEEP r=2 p=0 w=200 n=3 m=6 sets=[[0,1,4,5],[2,3,4,5],[2,3,4,5]] vals=[[4,1,8,6],[3,2,8,4],[4,5,2,8]] tau=0 order=0 2 1  picks=4,2,5 blocks=0,0,0
DEEP r=2 p=0 w=200 n=3 m=6 sets=[[0,1,4,5],[2,3,4,5],[2,3,4,5]] vals=[[1,4,6,8],[2,3,4,8],[4,5,8,2]] tau=0 order=0 2 1  picks=5,3,4 blocks=0,0,0
DEEP r=2 p=0 w=200 n=3 m=6 sets=[[0,1,4,5],[2,3,4,5],[2,3,4,5]] vals=[[4,1,6,8],[2,3,4,8],[4,5,8,2]] tau=0 order=0 2 1  picks=5,3,4 blocks=0,0,0
DEEP r=2 p=0 w=200 n=3 m=6 sets=[[0,1,4,5],[2,3,4,5],[2,3,4,5]] vals=[[1,4,6,8],[3,2,4,8],[4,5,8,2]] tau=0 order=0 2 1  picks=5,2,4 blocks=0,0,0
DEEP r=2 p=0 w=200 n=3 m=6 sets=[[0,1,4,5],[2,3,4,5],[2,3,4,5]] vals=[[4,1,6,8],[3,2,4,8],[4,5,8,2]] tau=0 order=0 2 1  picks=5,2,4 blocks=0,0,0
DEEP r=2 p=0 w=120 n=3 m=6 sets=[[0,1,4,5],[2,3,4,5],[2,3,4,5]] vals=[[1,4,8,6],[2,3,8,4],[6,3,4,8]] tau=0 order=0 2 1  picks=4,3,5 blocks=0,0,0
DEEP r=2 p=0 w=120 n=3 m=6 sets=[[0,1,4,5],[2,3,4,5],[2,3,4,5]] vals=[[4,1,8,6],[2,3,8,4],[6,3,4,8]] tau=0 order=0 2 1  picks=4,3,5 blocks=0,0,0
DEEP r=2 p=0 w=120 n=3 m=6 sets=[[0,1,4,5],[2,3,4,5],[2,3,4,5]] vals=[[1,4,8,6],[3,2,8,4],[6,3,4,8]] tau=0 order=0 2 1  picks=4,2,5 blocks=0,0,0
DEEP r=2 p=0 w=120 n=3 m=6 sets=[[0,1,4,5],[2,3,4,5],[2,3,4,5]] vals=[[4,1,8,6],[3,2,8,4],[6,3,4,8]] tau=0 order=0 2 1  picks=4,2,5 blocks=0,0,0
DEEP r=2 p=0 w=120 n=3 m=6 sets=[[0,1,4,5],[2,3,4,5],[2,3,4,5]] vals=[[1,4,6,8],[2,3,4,8],[6,3,7,5]] tau=0 order=0 2 1  picks=5,3,4 blocks=0,0,0
DEEP r=2 p=0 w=120 n=3 m=6 sets=[[0,1,4,5],[2,3,4,5],[2,3,4,5]] vals=[[4,1,6,8],[2,3,4,8],[6,3,7,5]] tau=0 order=0 2 1  picks=5,3,4 blocks=0,0,0
DEEP r=2 p=0 w=120 n=3 m=6 sets=[[0,1,4,5],[2,3,4,5],[2,3,4,5]] vals=[[1,4,6,8],[3,2,4,8],[6,3,7,5]] tau=0 order=0 2 1  picks=5,2,4 blocks=0,0,0
DEEP r=2 p=0 w=120 n=3 m=6 sets=[[0,1,4,5],[2,3,4,5],[2,3,4,5]] vals=[[4,1,6,8],[3,2,4,8],[6,3,7,5]] tau=0 order=0 2 1  picks=5,2,4 blocks=0,0,0
DEEP r=2 p=0 w=200 n=3 m=6 sets=[[0,1,4,5],[2,3,4,5],[2,3,4,5]] vals=[[1,4,8,6],[2,3,8,4],[5,4,2,8]] tau=0 order=0 2 1  picks=4,3,5 blocks=0,0,0
DEEP r=2 p=0 w=200 n=3 m=6 sets=[[0,1,4,5],[2,3,4,5],[2,3,4,5]] vals=[[4,1,8,6],[2,3,8,4],[5,4,2,8]] tau=0 order=0 2 1  picks=4,3,5 blocks=0,0,0
DEEP r=2 p=0 w=200 n=3 m=6 sets=[[0,1,4,5],[2,3,4,5],[2,3,4,5]] vals=[[1,4,8,6],[3,2,8,4],[5,4,2,8]] tau=0 order=0 2 1  picks=4,2,5 blocks=0,0,0
DEEP r=2 p=0 w=200 n=3 m=6 sets=[[0,1,4,5],[2,3,4,5],[2,3,4,5]] vals=[[4,1,8,6],[3,2,8,4],[5,4,2,8]] tau=0 order=0 2 1  picks=4,2,5 blocks=0,0,0
DEEP r=2 p=0 w=200 n=3 m=6 sets=[[0,1,4,5],[2,3,4,5],[2,3,4,5]] vals=[[1,4,6,8],[2,3,4,8],[5,4,8,2]] tau=0 order=0 2 1  picks=5,3,4 blocks=0,0,0
DEEP r=2 p=0 w=200 n=3 m=6 sets=[[0,1,4,5],[2,3,4,5],[2,3,4,5]] vals=[[4,1,6,8],[2,3,4,8],[5,4,8,2]] tau=0 order=0 2 1  picks=5,3,4 blocks=0,0,0
DEEP r=2 p=0 w=200 n=3 m=6 sets=[[0,1,4,5],[2,3,4,5],[2,3,4,5]] vals=[[1,4,6,8],[3,2,4,8],[5,4,8,2]] tau=0 order=0 2 1  picks=5,2,4 blocks=0,0,0
DEEP r=2 p=0 w=200 n=3 m=6 sets=[[0,1,4,5],[2,3,4,5],[2,3,4,5]] vals=[[4,1,6,8],[3,2,4,8],[5,4,8,2]] tau=0 order=0 2 1  picks=5,2,4 blocks=0,0,0
k4_certs_3.json.gz: cores=51 total=299837376 fails=0 rawfails=0 badcores=0 rot=[294534950, 5290906, 11520, 0] (rotations 0..R) pol=[299586726, 146106, 104544] uncov=0 covviol=0 time 12s
