# adaptive_matching_ties.py 
P1: sets=[[0, 1, 4, 5], [2, 3, 4, 5], [2, 3, 4, 5]] vals=[[1, 4, 6, 8], [2, 3, 4, 8], [2, 7, 8, 4]]
  rule 17:
    optimal matchings (class per agent: 0 first choice, 1 second, 2 unmatched): [[0, 1, 1], [1, 0, 1]]
    tau [0]: fewest rotations 2
    tau [1]: fewest rotations 1
  rule 17: tie-dependent (some optimal matching needs at most one)
  rule 18:
    optimal matchings (class per agent: 0 first choice, 1 second, 2 unmatched): [[0, 1, 1], [1, 0, 1]]
    tau [0]: fewest rotations 2
    tau [1]: fewest rotations 1
  rule 18: tie-dependent (some optimal matching needs at most one)
  rule 25:
    tau [0]: fewest rotations 2
    tau [1]: fewest rotations 1
  rule 25: tie-dependent (some optimal matching needs at most one)
P3: sets=[[0, 1, 2, 5], [1, 3, 4, 5], [2, 3, 4, 5]] vals=[[1, 4, 8, 6], [1, 4, 6, 8], [8, 2, 3, 4]]
  rule 17:
    optimal matchings (class per agent: 0 first choice, 1 second, 2 unmatched): [[0, 1, 1], [1, 1, 0]]
    tau [0]: fewest rotations 1
    tau [2]: fewest rotations 0
  rule 17: tie-dependent (some optimal matching needs at most one)
  rule 18:
    optimal matchings (class per agent: 0 first choice, 1 second, 2 unmatched): [[0, 1, 1], [1, 1, 0]]
    tau [0]: fewest rotations 1
    tau [1]: fewest rotations 2
  rule 18: tie-dependent (some optimal matching needs at most one)
  rule 25:
    tau [0]: fewest rotations 1
    tau [2]: fewest rotations 0
  rule 25: tie-dependent (some optimal matching needs at most one)
T: sets=[[0, 1, 4, 5], [2, 3, 4, 5], [2, 3, 4, 5]] vals=[[1, 4, 6, 8], [3, 5, 7, 6], [2, 3, 4, 8]]
  rule 17:
    optimal matchings (class per agent: 0 first choice, 1 second, 2 unmatched): [[0, 0, 2], [2, 0, 0]]
    tau [0]: fewest rotations 2
    tau [1]: fewest rotations 2
  rule 17: tie-robust (every optimal matching needs two rotations)
  rule 18:
    optimal matchings (class per agent: 0 first choice, 1 second, 2 unmatched): [[0, 0, 2], [2, 0, 0]]
    tau [0]: fewest rotations 2
    tau [1]: fewest rotations 2
  rule 18: tie-robust (every optimal matching needs two rotations)
  rule 25:
    tau [0]: fewest rotations 2
    tau [1]: fewest rotations 2
  rule 25: tie-robust (every optimal matching needs two rotations)
# adaptive_matching_ties.py --deep=results/k4_adaptive_matching_deep_n3.log
  rule 17 tie-robust w=40 sets=[[0, 1, 4, 5], [2, 3, 4, 5], [2, 3, 4, 5]] vals=[[1, 4, 6, 8], [3, 5, 7, 6], [2, 3, 4, 8]]
  rule 17 tie-robust w=40 sets=[[0, 1, 4, 5], [2, 3, 4, 5], [2, 3, 4, 5]] vals=[[4, 1, 6, 8], [3, 5, 7, 6], [2, 3, 4, 8]]
  rule 17 tie-robust w=40 sets=[[0, 1, 4, 5], [2, 3, 4, 5], [2, 3, 4, 5]] vals=[[1, 4, 6, 8], [5, 3, 7, 6], [2, 3, 4, 8]]
  rule 17 tie-robust w=40 sets=[[0, 1, 4, 5], [2, 3, 4, 5], [2, 3, 4, 5]] vals=[[4, 1, 6, 8], [5, 3, 7, 6], [2, 3, 4, 8]]
  rule 17 tie-robust w=40 sets=[[0, 1, 4, 5], [2, 3, 4, 5], [2, 3, 4, 5]] vals=[[1, 4, 8, 6], [3, 5, 6, 7], [2, 3, 8, 4]]
  rule 17 tie-robust w=40 sets=[[0, 1, 4, 5], [2, 3, 4, 5], [2, 3, 4, 5]] vals=[[4, 1, 8, 6], [3, 5, 6, 7], [2, 3, 8, 4]]
  rule 17 tie-robust w=40 sets=[[0, 1, 4, 5], [2, 3, 4, 5], [2, 3, 4, 5]] vals=[[1, 4, 8, 6], [5, 3, 6, 7], [2, 3, 8, 4]]
  rule 17 tie-robust w=40 sets=[[0, 1, 4, 5], [2, 3, 4, 5], [2, 3, 4, 5]] vals=[[4, 1, 8, 6], [5, 3, 6, 7], [2, 3, 8, 4]]
  rule 17 tie-robust w=40 sets=[[0, 1, 4, 5], [2, 3, 4, 5], [2, 3, 4, 5]] vals=[[1, 4, 6, 8], [3, 5, 7, 6], [3, 2, 4, 8]]
  rule 17 tie-robust w=40 sets=[[0, 1, 4, 5], [2, 3, 4, 5], [2, 3, 4, 5]] vals=[[4, 1, 6, 8], [3, 5, 7, 6], [3, 2, 4, 8]]
  rule 17 tie-robust w=40 sets=[[0, 1, 4, 5], [2, 3, 4, 5], [2, 3, 4, 5]] vals=[[1, 4, 6, 8], [5, 3, 7, 6], [3, 2, 4, 8]]
  rule 17 tie-robust w=40 sets=[[0, 1, 4, 5], [2, 3, 4, 5], [2, 3, 4, 5]] vals=[[4, 1, 6, 8], [5, 3, 7, 6], [3, 2, 4, 8]]
  rule 17 tie-robust w=40 sets=[[0, 1, 4, 5], [2, 3, 4, 5], [2, 3, 4, 5]] vals=[[1, 4, 8, 6], [3, 5, 6, 7], [3, 2, 8, 4]]
  rule 17 tie-robust w=40 sets=[[0, 1, 4, 5], [2, 3, 4, 5], [2, 3, 4, 5]] vals=[[4, 1, 8, 6], [3, 5, 6, 7], [3, 2, 8, 4]]
  rule 17 tie-robust w=40 sets=[[0, 1, 4, 5], [2, 3, 4, 5], [2, 3, 4, 5]] vals=[[1, 4, 8, 6], [5, 3, 6, 7], [3, 2, 8, 4]]
  rule 17 tie-robust w=40 sets=[[0, 1, 4, 5], [2, 3, 4, 5], [2, 3, 4, 5]] vals=[[4, 1, 8, 6], [5, 3, 6, 7], [3, 2, 8, 4]]
  rule 18 tie-robust w=40 sets=[[0, 1, 4, 5], [2, 3, 4, 5], [2, 3, 4, 5]] vals=[[1, 4, 6, 8], [3, 5, 7, 6], [2, 3, 4, 8]]
  rule 18 tie-robust w=40 sets=[[0, 1, 4, 5], [2, 3, 4, 5], [2, 3, 4, 5]] vals=[[4, 1, 6, 8], [3, 5, 7, 6], [2, 3, 4, 8]]
  rule 18 tie-robust w=120 sets=[[0, 1, 4, 5], [2, 3, 4, 5], [2, 3, 4, 5]] vals=[[1, 4, 6, 8], [2, 7, 8, 4], [2, 3, 4, 8]]
  rule 18 tie-robust w=120 sets=[[0, 1, 4, 5], [2, 3, 4, 5], [2, 3, 4, 5]] vals=[[4, 1, 6, 8], [2, 7, 8, 4], [2, 3, 4, 8]]
  rule 18 tie-robust w=40 sets=[[0, 1, 4, 5], [2, 3, 4, 5], [2, 3, 4, 5]] vals=[[1, 4, 6, 8], [5, 3, 7, 6], [2, 3, 4, 8]]
  rule 18 tie-robust w=40 sets=[[0, 1, 4, 5], [2, 3, 4, 5], [2, 3, 4, 5]] vals=[[4, 1, 6, 8], [5, 3, 7, 6], [2, 3, 4, 8]]
  rule 18 tie-robust w=200 sets=[[0, 1, 4, 5], [2, 3, 4, 5], [2, 3, 4, 5]] vals=[[1, 4, 6, 8], [4, 5, 8, 2], [2, 3, 4, 8]]
  rule 18 tie-robust w=200 sets=[[0, 1, 4, 5], [2, 3, 4, 5], [2, 3, 4, 5]] vals=[[4, 1, 6, 8], [4, 5, 8, 2], [2, 3, 4, 8]]
  rule 18 tie-robust w=120 sets=[[0, 1, 4, 5], [2, 3, 4, 5], [2, 3, 4, 5]] vals=[[1, 4, 6, 8], [6, 3, 7, 5], [2, 3, 4, 8]]
  rule 18 tie-robust w=120 sets=[[0, 1, 4, 5], [2, 3, 4, 5], [2, 3, 4, 5]] vals=[[4, 1, 6, 8], [6, 3, 7, 5], [2, 3, 4, 8]]
  rule 18 tie-robust w=200 sets=[[0, 1, 4, 5], [2, 3, 4, 5], [2, 3, 4, 5]] vals=[[1, 4, 6, 8], [5, 4, 8, 2], [2, 3, 4, 8]]
  rule 18 tie-robust w=200 sets=[[0, 1, 4, 5], [2, 3, 4, 5], [2, 3, 4, 5]] vals=[[4, 1, 6, 8], [5, 4, 8, 2], [2, 3, 4, 8]]
  rule 18 tie-robust w=40 sets=[[0, 1, 4, 5], [2, 3, 4, 5], [2, 3, 4, 5]] vals=[[1, 4, 8, 6], [3, 5, 6, 7], [2, 3, 8, 4]]
  rule 18 tie-robust w=40 sets=[[0, 1, 4, 5], [2, 3, 4, 5], [2, 3, 4, 5]] vals=[[4, 1, 8, 6], [3, 5, 6, 7], [2, 3, 8, 4]]
  rule 18 tie-robust w=120 sets=[[0, 1, 4, 5], [2, 3, 4, 5], [2, 3, 4, 5]] vals=[[1, 4, 8, 6], [2, 7, 4, 8], [2, 3, 8, 4]]
  rule 18 tie-robust w=120 sets=[[0, 1, 4, 5], [2, 3, 4, 5], [2, 3, 4, 5]] vals=[[4, 1, 8, 6], [2, 7, 4, 8], [2, 3, 8, 4]]
  rule 18 tie-robust w=40 sets=[[0, 1, 4, 5], [2, 3, 4, 5], [2, 3, 4, 5]] vals=[[1, 4, 8, 6], [5, 3, 6, 7], [2, 3, 8, 4]]
  rule 18 tie-robust w=40 sets=[[0, 1, 4, 5], [2, 3, 4, 5], [2, 3, 4, 5]] vals=[[4, 1, 8, 6], [5, 3, 6, 7], [2, 3, 8, 4]]
  rule 18 tie-robust w=200 sets=[[0, 1, 4, 5], [2, 3, 4, 5], [2, 3, 4, 5]] vals=[[1, 4, 8, 6], [4, 5, 2, 8], [2, 3, 8, 4]]
  rule 18 tie-robust w=200 sets=[[0, 1, 4, 5], [2, 3, 4, 5], [2, 3, 4, 5]] vals=[[4, 1, 8, 6], [4, 5, 2, 8], [2, 3, 8, 4]]
  rule 18 tie-robust w=120 sets=[[0, 1, 4, 5], [2, 3, 4, 5], [2, 3, 4, 5]] vals=[[1, 4, 8, 6], [6, 3, 4, 8], [2, 3, 8, 4]]
  rule 18 tie-robust w=120 sets=[[0, 1, 4, 5], [2, 3, 4, 5], [2, 3, 4, 5]] vals=[[4, 1, 8, 6], [6, 3, 4, 8], [2, 3, 8, 4]]
  rule 18 tie-robust w=200 sets=[[0, 1, 4, 5], [2, 3, 4, 5], [2, 3, 4, 5]] vals=[[1, 4, 8, 6], [5, 4, 2, 8], [2, 3, 8, 4]]
  rule 18 tie-robust w=200 sets=[[0, 1, 4, 5], [2, 3, 4, 5], [2, 3, 4, 5]] vals=[[4, 1, 8, 6], [5, 4, 2, 8], [2, 3, 8, 4]]
  rule 18 tie-robust w=40 sets=[[0, 1, 4, 5], [2, 3, 4, 5], [2, 3, 4, 5]] vals=[[1, 4, 6, 8], [3, 5, 7, 6], [3, 2, 4, 8]]
  rule 18 tie-robust w=40 sets=[[0, 1, 4, 5], [2, 3, 4, 5], [2, 3, 4, 5]] vals=[[4, 1, 6, 8], [3, 5, 7, 6], [3, 2, 4, 8]]
  rule 18 tie-robust w=120 sets=[[0, 1, 4, 5], [2, 3, 4, 5], [2, 3, 4, 5]] vals=[[1, 4, 6, 8], [2, 7, 8, 4], [3, 2, 4, 8]]
  rule 18 tie-robust w=120 sets=[[0, 1, 4, 5], [2, 3, 4, 5], [2, 3, 4, 5]] vals=[[4, 1, 6, 8], [2, 7, 8, 4], [3, 2, 4, 8]]
  rule 18 tie-robust w=40 sets=[[0, 1, 4, 5], [2, 3, 4, 5], [2, 3, 4, 5]] vals=[[1, 4, 6, 8], [5, 3, 7, 6], [3, 2, 4, 8]]
  rule 18 tie-robust w=40 sets=[[0, 1, 4, 5], [2, 3, 4, 5], [2, 3, 4, 5]] vals=[[4, 1, 6, 8], [5, 3, 7, 6], [3, 2, 4, 8]]
  rule 18 tie-robust w=200 sets=[[0, 1, 4, 5], [2, 3, 4, 5], [2, 3, 4, 5]] vals=[[1, 4, 6, 8], [4, 5, 8, 2], [3, 2, 4, 8]]
  rule 18 tie-robust w=200 sets=[[0, 1, 4, 5], [2, 3, 4, 5], [2, 3, 4, 5]] vals=[[4, 1, 6, 8], [4, 5, 8, 2], [3, 2, 4, 8]]
  rule 18 tie-robust w=120 sets=[[0, 1, 4, 5], [2, 3, 4, 5], [2, 3, 4, 5]] vals=[[1, 4, 6, 8], [6, 3, 7, 5], [3, 2, 4, 8]]
  rule 18 tie-robust w=120 sets=[[0, 1, 4, 5], [2, 3, 4, 5], [2, 3, 4, 5]] vals=[[4, 1, 6, 8], [6, 3, 7, 5], [3, 2, 4, 8]]
  rule 18 tie-robust w=200 sets=[[0, 1, 4, 5], [2, 3, 4, 5], [2, 3, 4, 5]] vals=[[1, 4, 6, 8], [5, 4, 8, 2], [3, 2, 4, 8]]
  rule 18 tie-robust w=200 sets=[[0, 1, 4, 5], [2, 3, 4, 5], [2, 3, 4, 5]] vals=[[4, 1, 6, 8], [5, 4, 8, 2], [3, 2, 4, 8]]
  rule 18 tie-robust w=40 sets=[[0, 1, 4, 5], [2, 3, 4, 5], [2, 3, 4, 5]] vals=[[1, 4, 8, 6], [3, 5, 6, 7], [3, 2, 8, 4]]
  rule 18 tie-robust w=40 sets=[[0, 1, 4, 5], [2, 3, 4, 5], [2, 3, 4, 5]] vals=[[4, 1, 8, 6], [3, 5, 6, 7], [3, 2, 8, 4]]
  rule 18 tie-robust w=120 sets=[[0, 1, 4, 5], [2, 3, 4, 5], [2, 3, 4, 5]] vals=[[1, 4, 8, 6], [2, 7, 4, 8], [3, 2, 8, 4]]
  rule 18 tie-robust w=120 sets=[[0, 1, 4, 5], [2, 3, 4, 5], [2, 3, 4, 5]] vals=[[4, 1, 8, 6], [2, 7, 4, 8], [3, 2, 8, 4]]
  rule 18 tie-robust w=40 sets=[[0, 1, 4, 5], [2, 3, 4, 5], [2, 3, 4, 5]] vals=[[1, 4, 8, 6], [5, 3, 6, 7], [3, 2, 8, 4]]
  rule 18 tie-robust w=40 sets=[[0, 1, 4, 5], [2, 3, 4, 5], [2, 3, 4, 5]] vals=[[4, 1, 8, 6], [5, 3, 6, 7], [3, 2, 8, 4]]
  rule 18 tie-robust w=200 sets=[[0, 1, 4, 5], [2, 3, 4, 5], [2, 3, 4, 5]] vals=[[1, 4, 8, 6], [4, 5, 2, 8], [3, 2, 8, 4]]
  rule 18 tie-robust w=200 sets=[[0, 1, 4, 5], [2, 3, 4, 5], [2, 3, 4, 5]] vals=[[4, 1, 8, 6], [4, 5, 2, 8], [3, 2, 8, 4]]
  rule 18 tie-robust w=120 sets=[[0, 1, 4, 5], [2, 3, 4, 5], [2, 3, 4, 5]] vals=[[1, 4, 8, 6], [6, 3, 4, 8], [3, 2, 8, 4]]
  rule 18 tie-robust w=120 sets=[[0, 1, 4, 5], [2, 3, 4, 5], [2, 3, 4, 5]] vals=[[4, 1, 8, 6], [6, 3, 4, 8], [3, 2, 8, 4]]
  rule 18 tie-robust w=200 sets=[[0, 1, 4, 5], [2, 3, 4, 5], [2, 3, 4, 5]] vals=[[1, 4, 8, 6], [5, 4, 2, 8], [3, 2, 8, 4]]
  rule 18 tie-robust w=200 sets=[[0, 1, 4, 5], [2, 3, 4, 5], [2, 3, 4, 5]] vals=[[4, 1, 8, 6], [5, 4, 2, 8], [3, 2, 8, 4]]
  rule 18 tie-robust w=5 sets=[[0, 2, 4, 5], [1, 3, 5], [2, 3, 4, 5]] vals=[[1, 4, 6, 8], [2, 4, 3], [2, 8, 3, 4]]
  rule 18 tie-robust w=5 sets=[[0, 2, 4, 5], [1, 3, 5], [2, 3, 4, 5]] vals=[[2, 6, 7, 10], [2, 4, 3], [2, 8, 3, 4]]
  rule 18 tie-robust w=5 sets=[[0, 2, 4, 5], [1, 3, 5], [2, 3, 4, 5]] vals=[[1, 6, 4, 8], [2, 4, 3], [2, 8, 3, 4]]
  rule 18 tie-robust w=5 sets=[[0, 2, 4, 5], [1, 3, 5], [2, 3, 4, 5]] vals=[[2, 7, 6, 10], [2, 4, 3], [2, 8, 3, 4]]
  rule 18 tie-robust w=5 sets=[[0, 2, 4, 5], [1, 3, 5], [2, 3, 4, 5]] vals=[[1, 4, 6, 8], [2, 4, 3], [3, 8, 2, 4]]
  rule 18 tie-robust w=5 sets=[[0, 2, 4, 5], [1, 3, 5], [2, 3, 4, 5]] vals=[[2, 6, 7, 10], [2, 4, 3], [3, 8, 2, 4]]
  rule 18 tie-robust w=5 sets=[[0, 2, 4, 5], [1, 3, 5], [2, 3, 4, 5]] vals=[[1, 6, 4, 8], [2, 4, 3], [3, 8, 2, 4]]
  rule 18 tie-robust w=5 sets=[[0, 2, 4, 5], [1, 3, 5], [2, 3, 4, 5]] vals=[[2, 7, 6, 10], [2, 4, 3], [3, 8, 2, 4]]
  rule 18 tie-robust w=10 sets=[[0, 2, 4, 5], [1, 3, 4, 5], [2, 3, 4, 5]] vals=[[1, 4, 6, 8], [2, 8, 4, 7], [2, 8, 3, 4]]
  rule 18 tie-robust w=10 sets=[[0, 2, 4, 5], [1, 3, 4, 5], [2, 3, 4, 5]] vals=[[2, 6, 7, 10], [2, 8, 4, 7], [2, 8, 3, 4]]
  rule 18 tie-robust w=10 sets=[[0, 2, 4, 5], [1, 3, 4, 5], [2, 3, 4, 5]] vals=[[1, 6, 4, 8], [2, 8, 4, 7], [2, 8, 3, 4]]
  rule 18 tie-robust w=10 sets=[[0, 2, 4, 5], [1, 3, 4, 5], [2, 3, 4, 5]] vals=[[2, 7, 6, 10], [2, 8, 4, 7], [2, 8, 3, 4]]
  rule 18 tie-robust w=20 sets=[[0, 2, 4, 5], [1, 3, 4, 5], [2, 3, 4, 5]] vals=[[1, 4, 6, 8], [4, 8, 1, 6], [2, 8, 3, 4]]
  rule 18 tie-robust w=20 sets=[[0, 2, 4, 5], [1, 3, 4, 5], [2, 3, 4, 5]] vals=[[2, 6, 7, 10], [4, 8, 1, 6], [2, 8, 3, 4]]
  rule 18 tie-robust w=20 sets=[[0, 2, 4, 5], [1, 3, 4, 5], [2, 3, 4, 5]] vals=[[1, 6, 4, 8], [4, 8, 1, 6], [2, 8, 3, 4]]
  rule 18 tie-robust w=20 sets=[[0, 2, 4, 5], [1, 3, 4, 5], [2, 3, 4, 5]] vals=[[2, 7, 6, 10], [4, 8, 1, 6], [2, 8, 3, 4]]
  rule 18 tie-robust w=10 sets=[[0, 2, 4, 5], [1, 3, 4, 5], [2, 3, 4, 5]] vals=[[1, 4, 8, 6], [2, 8, 7, 4], [2, 8, 4, 3]]
  rule 18 tie-robust w=10 sets=[[0, 2, 4, 5], [1, 3, 4, 5], [2, 3, 4, 5]] vals=[[2, 6, 10, 7], [2, 8, 7, 4], [2, 8, 4, 3]]
  rule 18 tie-robust w=10 sets=[[0, 2, 4, 5], [1, 3, 4, 5], [2, 3, 4, 5]] vals=[[1, 6, 8, 4], [2, 8, 7, 4], [2, 8, 4, 3]]
  rule 18 tie-robust w=10 sets=[[0, 2, 4, 5], [1, 3, 4, 5], [2, 3, 4, 5]] vals=[[2, 7, 10, 6], [2, 8, 7, 4], [2, 8, 4, 3]]
  rule 18 tie-robust w=20 sets=[[0, 2, 4, 5], [1, 3, 4, 5], [2, 3, 4, 5]] vals=[[1, 4, 8, 6], [4, 8, 6, 1], [2, 8, 4, 3]]
  rule 18 tie-robust w=20 sets=[[0, 2, 4, 5], [1, 3, 4, 5], [2, 3, 4, 5]] vals=[[2, 6, 10, 7], [4, 8, 6, 1], [2, 8, 4, 3]]
  rule 18 tie-robust w=20 sets=[[0, 2, 4, 5], [1, 3, 4, 5], [2, 3, 4, 5]] vals=[[1, 6, 8, 4], [4, 8, 6, 1], [2, 8, 4, 3]]
  rule 18 tie-robust w=20 sets=[[0, 2, 4, 5], [1, 3, 4, 5], [2, 3, 4, 5]] vals=[[2, 7, 10, 6], [4, 8, 6, 1], [2, 8, 4, 3]]
  rule 18 tie-robust w=10 sets=[[0, 2, 4, 5], [1, 3, 4, 5], [2, 3, 4, 5]] vals=[[1, 4, 6, 8], [2, 8, 4, 7], [3, 8, 2, 4]]
  rule 18 tie-robust w=10 sets=[[0, 2, 4, 5], [1, 3, 4, 5], [2, 3, 4, 5]] vals=[[2, 6, 7, 10], [2, 8, 4, 7], [3, 8, 2, 4]]
  rule 18 tie-robust w=10 sets=[[0, 2, 4, 5], [1, 3, 4, 5], [2, 3, 4, 5]] vals=[[1, 6, 4, 8], [2, 8, 4, 7], [3, 8, 2, 4]]
  rule 18 tie-robust w=10 sets=[[0, 2, 4, 5], [1, 3, 4, 5], [2, 3, 4, 5]] vals=[[2, 7, 6, 10], [2, 8, 4, 7], [3, 8, 2, 4]]
  rule 18 tie-robust w=20 sets=[[0, 2, 4, 5], [1, 3, 4, 5], [2, 3, 4, 5]] vals=[[1, 4, 6, 8], [4, 8, 1, 6], [3, 8, 2, 4]]
  rule 18 tie-robust w=20 sets=[[0, 2, 4, 5], [1, 3, 4, 5], [2, 3, 4, 5]] vals=[[2, 6, 7, 10], [4, 8, 1, 6], [3, 8, 2, 4]]
  rule 18 tie-robust w=20 sets=[[0, 2, 4, 5], [1, 3, 4, 5], [2, 3, 4, 5]] vals=[[1, 6, 4, 8], [4, 8, 1, 6], [3, 8, 2, 4]]
  rule 18 tie-robust w=20 sets=[[0, 2, 4, 5], [1, 3, 4, 5], [2, 3, 4, 5]] vals=[[2, 7, 6, 10], [4, 8, 1, 6], [3, 8, 2, 4]]
  rule 18 tie-robust w=10 sets=[[0, 2, 4, 5], [1, 3, 4, 5], [2, 3, 4, 5]] vals=[[1, 4, 8, 6], [2, 8, 7, 4], [3, 8, 4, 2]]
  rule 18 tie-robust w=10 sets=[[0, 2, 4, 5], [1, 3, 4, 5], [2, 3, 4, 5]] vals=[[2, 6, 10, 7], [2, 8, 7, 4], [3, 8, 4, 2]]
  rule 18 tie-robust w=10 sets=[[0, 2, 4, 5], [1, 3, 4, 5], [2, 3, 4, 5]] vals=[[1, 6, 8, 4], [2, 8, 7, 4], [3, 8, 4, 2]]
  rule 18 tie-robust w=10 sets=[[0, 2, 4, 5], [1, 3, 4, 5], [2, 3, 4, 5]] vals=[[2, 7, 10, 6], [2, 8, 7, 4], [3, 8, 4, 2]]
  rule 18 tie-robust w=20 sets=[[0, 2, 4, 5], [1, 3, 4, 5], [2, 3, 4, 5]] vals=[[1, 4, 8, 6], [4, 8, 6, 1], [3, 8, 4, 2]]
  rule 18 tie-robust w=20 sets=[[0, 2, 4, 5], [1, 3, 4, 5], [2, 3, 4, 5]] vals=[[2, 6, 10, 7], [4, 8, 6, 1], [3, 8, 4, 2]]
  rule 18 tie-robust w=20 sets=[[0, 2, 4, 5], [1, 3, 4, 5], [2, 3, 4, 5]] vals=[[1, 6, 8, 4], [4, 8, 6, 1], [3, 8, 4, 2]]
  rule 18 tie-robust w=20 sets=[[0, 2, 4, 5], [1, 3, 4, 5], [2, 3, 4, 5]] vals=[[2, 7, 10, 6], [4, 8, 6, 1], [3, 8, 4, 2]]
  rule 25 tie-robust w=40 sets=[[0, 1, 4, 5], [2, 3, 4, 5], [2, 3, 4, 5]] vals=[[1, 4, 6, 8], [3, 5, 7, 6], [2, 3, 4, 8]]
  rule 25 tie-robust w=40 sets=[[0, 1, 4, 5], [2, 3, 4, 5], [2, 3, 4, 5]] vals=[[4, 1, 6, 8], [3, 5, 7, 6], [2, 3, 4, 8]]
  rule 25 tie-robust w=40 sets=[[0, 1, 4, 5], [2, 3, 4, 5], [2, 3, 4, 5]] vals=[[1, 4, 6, 8], [5, 3, 7, 6], [2, 3, 4, 8]]
  rule 25 tie-robust w=40 sets=[[0, 1, 4, 5], [2, 3, 4, 5], [2, 3, 4, 5]] vals=[[4, 1, 6, 8], [5, 3, 7, 6], [2, 3, 4, 8]]
  rule 25 tie-robust w=40 sets=[[0, 1, 4, 5], [2, 3, 4, 5], [2, 3, 4, 5]] vals=[[1, 4, 8, 6], [3, 5, 6, 7], [2, 3, 8, 4]]
  rule 25 tie-robust w=40 sets=[[0, 1, 4, 5], [2, 3, 4, 5], [2, 3, 4, 5]] vals=[[4, 1, 8, 6], [3, 5, 6, 7], [2, 3, 8, 4]]
  rule 25 tie-robust w=40 sets=[[0, 1, 4, 5], [2, 3, 4, 5], [2, 3, 4, 5]] vals=[[1, 4, 8, 6], [5, 3, 6, 7], [2, 3, 8, 4]]
  rule 25 tie-robust w=40 sets=[[0, 1, 4, 5], [2, 3, 4, 5], [2, 3, 4, 5]] vals=[[4, 1, 8, 6], [5, 3, 6, 7], [2, 3, 8, 4]]
  rule 25 tie-robust w=40 sets=[[0, 1, 4, 5], [2, 3, 4, 5], [2, 3, 4, 5]] vals=[[1, 4, 6, 8], [3, 5, 7, 6], [3, 2, 4, 8]]
  rule 25 tie-robust w=40 sets=[[0, 1, 4, 5], [2, 3, 4, 5], [2, 3, 4, 5]] vals=[[4, 1, 6, 8], [3, 5, 7, 6], [3, 2, 4, 8]]
  rule 25 tie-robust w=40 sets=[[0, 1, 4, 5], [2, 3, 4, 5], [2, 3, 4, 5]] vals=[[1, 4, 6, 8], [5, 3, 7, 6], [3, 2, 4, 8]]
  rule 25 tie-robust w=40 sets=[[0, 1, 4, 5], [2, 3, 4, 5], [2, 3, 4, 5]] vals=[[4, 1, 6, 8], [5, 3, 7, 6], [3, 2, 4, 8]]
  rule 25 tie-robust w=40 sets=[[0, 1, 4, 5], [2, 3, 4, 5], [2, 3, 4, 5]] vals=[[1, 4, 8, 6], [3, 5, 6, 7], [3, 2, 8, 4]]
  rule 25 tie-robust w=40 sets=[[0, 1, 4, 5], [2, 3, 4, 5], [2, 3, 4, 5]] vals=[[4, 1, 8, 6], [3, 5, 6, 7], [3, 2, 8, 4]]
  rule 25 tie-robust w=40 sets=[[0, 1, 4, 5], [2, 3, 4, 5], [2, 3, 4, 5]] vals=[[1, 4, 8, 6], [5, 3, 6, 7], [3, 2, 8, 4]]
  rule 25 tie-robust w=40 sets=[[0, 1, 4, 5], [2, 3, 4, 5], [2, 3, 4, 5]] vals=[[4, 1, 8, 6], [5, 3, 6, 7], [3, 2, 8, 4]]
rule 17: 96 leaves (weight 11520) need two rotations with adaptive.c's matching; on 16 of them (weight 640) every optimal matching's sequence needs two (tie-robust); adaptive.c's own sequence is one of those derived here and needs two in the model on 96 of 96
rule 18: 200 leaves (weight 8120) need two rotations with adaptive.c's matching; on 88 of them (weight 6280) every optimal matching's sequence needs two (tie-robust); adaptive.c's own sequence is one of those derived here and needs two in the model on 200 of 200
rule 25: 96 leaves (weight 11520) need two rotations with adaptive.c's matching; on 16 of them (weight 640) every optimal matching's sequence needs two (tie-robust); adaptive.c's own sequence is one of those derived here and needs two in the model on 96 of 96
