# k4/c4min_f1.c, random profiles per core (lemma checks -L); 2026-09-26
FILE results/k4_certs_4_n4_2.json.gz (309 cores, rand=100000 seed=91, 165 s)
  profiles 30900000 f1 828304 configs 38952610 noowner0 1210515 maxrl 1877135 maxrl_bt 537640 f1fail 0 starfail 0 rltfail 0 cov3 530990 cov4 152268 btomega1 111113 btonly 33933 btonly_comp 33933 phi1fail 0 phi1fail_btonly 0 L2pool 3012203 L2fail 0 poolopt 27133 L5cyc 6614 L5fail 0 L7paths 32641 L7recycle 0 L7rconf 0 L7fail 0 L8cfg 2993 L8recycle 0 L8k0down 0 L8k0tie 828 L8k0up 1297 L8k1down 0 L8k1tie 0 L8k1up 87 L8k2down 0 L8k2tie 0 L8k2up 781 L8rcdown 0 L8rctie 0 L8rcup 0
FILE results/k4_certs_4_n4_3.json.gz (339 cores, rand=100000 seed=91, 313 s)
  profiles 33900000 f1 1379221 configs 92426847 noowner0 6544546 maxrl 2518396 maxrl_bt 953555 f1fail 0 starfail 0 rltfail 0 cov3 462800 cov4 511769 btomega1 226797 btonly 177855 btonly_comp 177855 phi1fail 0 phi1fail_btonly 0 L2pool 20475198 L2fail 0 poolopt 151994 L5cyc 15190 L5fail 0 L7paths 208850 L7recycle 0 L7rconf 0 L7fail 0 L8cfg 32792 L8recycle 4 L8k0down 0 L8k0tie 17756 L8k0up 14147 L8k1down 0 L8k1tie 0 L8k1up 1302 L8k2down 0 L8k2tie 0 L8k2up 2748 L8rcdown 0 L8rctie 2 L8rcup 6
core 210: EX Theorem F1* fails: [0:4,2:8,8:3,10:10] [1:2,5:3,8:4,10:8] [3:3,6:4,9:2,10:8] [4:3,7:6,9:2,10:10]
core 210: EX (r, Lambda, -t)-maximum not completable: [0:4,2:8,8:3,10:10] [1:2,5:3,8:4,10:8] [3:3,6:4,9:2,10:8] [4:3,7:6,9:2,10:10] | x 3 H {0,2} {5,8} {3,6} {10} L {1,4,7,9}
core 210: EX Theorem F1* fails: [0:4,2:3,8:2,10:8] [1:3,5:6,8:2,10:10] [3:7,6:4,9:2,10:10] [4:3,7:6,9:2,10:10]
core 210: EX (r, Lambda, -t)-maximum not completable: [0:4,2:3,8:2,10:8] [1:3,5:6,8:2,10:10] [3:7,6:4,9:2,10:10] [4:3,7:6,9:2,10:10] | x 3 H {0,2} {1,5} {3,6} {10} L {4,7,8,9}
core 210: EX Theorem F1* fails: [0:6,2:3,8:2,10:10] [1:4,5:5,8:2,10:8] [3:3,6:6,9:2,10:10] [4:3,7:4,9:2,10:8]
core 210: EX (r, Lambda, -t)-maximum not completable: [0:6,2:3,8:2,10:10] [1:4,5:5,8:2,10:8] [3:3,6:6,9:2,10:10] [4:3,7:4,9:2,10:8] | x 3 H {0,2} {1,5} {3,6} {10} L {4,7,8,9}
FILE results/k4_certs_4_pure.json.gz (219 cores, rand=100000 seed=91, 326 s)
  profiles 21900000 f1 1076769 configs 111469401 noowner0 16701193 maxrl 1559779 maxrl_bt 732006 f1fail 0 starfail 4 rltfail 4 cov3 0 cov4 609794 btomega1 190059 btonly 276916 btonly_comp 276912 phi1fail 0 phi1fail_btonly 0 L2pool 64905649 L2fail 0 poolopt 182208 L5cyc 15723 L5fail 0 L7paths 202691 L7recycle 0 L7rconf 0 L7fail 0 L8cfg 64541 L8recycle 28 L8k0down 0 L8k0tie 31578 L8k0up 33594 L8k1down 0 L8k1tie 0 L8k1up 1907 L8k2down 0 L8k2tie 0 L8k2up 2783 L8rcdown 7 L8rctie 11 L8rcup 32
FILE results/k4_certs_5_n4_1.json.gz (1735 cores, rand=1500 seed=93, 32 s)
  profiles 2602500 f1 3079 configs 444837 noowner0 681 maxrl 8114 maxrl_bt 1244 f1fail 0 starfail 0 rltfail 0 cov3 2621 cov4 156 btomega1 302 btonly 0 btonly_comp 0 phi1fail 0 phi1fail_btonly 0 phiBTfail 0 L2pool 1109 L2fail 0 poolopt 12 L5cyc 12 L5fail 0 L7paths 0 L7recycle 0 L7rconf 0 L7fail 0 L8cfg 0 L8recycle 0 L8k0down 0 L8k0tie 0 L8k0up 0 L8k1down 0 L8k1tie 0 L8k1up 0 L8k2down 0 L8k2tie 0 L8k2up 0 L8rcdown 0 L8rctie 0 L8rcup 0
FILE results/k4_certs_5_n4_2.json.gz (5468 cores, rand=1500 seed=93, 148 s)
  profiles 8202000 f1 81177 configs 14449686 noowner0 119730 maxrl 225158 maxrl_bt 53649 f1fail 0 starfail 0 rltfail 0 cov3 58522 cov4 11246 btomega1 10164 btonly 1245 btonly_comp 1245 phi1fail 0 phi1fail_btonly 0 phiBTfail 0 L2pool 375910 L2fail 0 poolopt 1671 L5cyc 168 L5fail 0 L7paths 2923 L7recycle 0 L7rconf 0 L7fail 0 L8cfg 65 L8recycle 0 L8k0down 0 L8k0tie 20 L8k0up 37 L8k1down 0 L8k1tie 0 L8k1up 1 L8k2down 0 L8k2tie 0 L8k2up 7 L8rcdown 0 L8rctie 0 L8rcup 0
FILE results/k4_certs_5_n4_3.json.gz (9861 cores, rand=1500 seed=93, 403 s)
  profiles 14791500 f1 382878 configs 88842091 noowner0 2224029 maxrl 925384 maxrl_bt 276268 f1fail 0 starfail 0 rltfail 0 cov3 193822 cov4 108595 btomega1 60378 btonly 20083 btonly_comp 20083 phi1fail 0 phi1fail_btonly 0 phiBTfail 0 L2pool 8219733 L2fail 0 poolopt 47606 L5cyc 1014 L5fail 0 L7paths 90902 L7recycle 0 L7rconf 0 L7fail 0 L8cfg 5016 L8recycle 0 L8k0down 0 L8k0tie 3290 L8k0up 2297 L8k1down 0 L8k1tie 0 L8k1up 24 L8k2down 0 L8k2tie 0 L8k2up 60 L8rcdown 0 L8rctie 0 L8rcup 0
FILE results/k4_certs_5_n4_4.json.gz (9846 cores, rand=1500 seed=93, 611 s)
  profiles 14769000 f1 622121 configs 199805957 noowner0 10864016 maxrl 1255466 maxrl_bt 446012 f1fail 0 starfail 0 rltfail 0 cov3 160002 cov4 278732 btomega1 113285 btonly 70102 btonly_comp 70102 phi1fail 0 phi1fail_btonly 0 phiBTfail 0 L2pool 46305819 L2fail 0 poolopt 140853 L5cyc 2559 L5fail 0 L7paths 251436 L7recycle 2 L7rconf 0 L7fail 0 L8cfg 23626 L8recycle 0 L8k0down 0 L8k0tie 13371 L8k0up 13769 L8k1down 0 L8k1tie 0 L8k1up 73 L8k2down 0 L8k2tie 0 L8k2up 173 L8rcdown 0 L8rctie 0 L8rcup 2
core 4229: EX Theorem F1* fails: [0:4,2:3,10:2,11:8] [1:6,4:3,10:2,11:10] [3:6,6:3,10:2,11:10] [5:10,7:6,8:3,9:8] [7:7,8:4,9:10,11:2]
core 4229: EX (r, Lambda, -t)-maximum not completable: [0:4,2:3,10:2,11:8] [1:6,4:3,10:2,11:10] [3:6,6:3,10:2,11:10] [5:10,7:6,8:3,9:8] [7:7,8:4,9:10,11:2] | x 2 H {0,2} {1,4} {11} {5,7} {8,9} L {3,6,10}
core 4624: EX Phi_BT-maximum not completable: [0:5,2:6,8:8,12:4] [1:2,6:6,10:3,12:10] [3:7,7:4,11:2,12:10] [4:7,8:10,9:2,10:4] [5:3,9:2,11:6,12:10]
FILE results/k4_certs_5_pure.json.gz (4674 cores, rand=1500 seed=93, 461 s)
  profiles 7011000 f1 395570 configs 187375894 noowner0 19842778 maxrl 667947 maxrl_bt 276225 f1fail 0 starfail 1 rltfail 1 cov3 0 cov4 241741 btomega1 76266 btonly 77563 btonly_comp 77562 phi1fail 0 phi1fail_btonly 0 phiBTfail 1 L2pool 97349159 L2fail 0 poolopt 123928 L5cyc 2213 L5fail 0 L7paths 201672 L7recycle 7 L7rconf 0 L7fail 0 L8cfg 28440 L8recycle 2 L8k0down 0 L8k0tie 11678 L8k0up 20605 L8k1down 0 L8k1tie 0 L8k1up 70 L8k2down 0 L8k2tie 0 L8k2up 164 L8rcdown 0 L8rctie 0 L8rcup 0
FILE results/k4_certs_6_n4_1.json.gz (26866 cores, rand=200 seed=95, 202 s)
  profiles 5373200 f1 631 configs 433773 noowner0 56 maxrl 1814 maxrl_bt 274 f1fail 0 starfail 0 rltfail 0 cov3 552 cov4 28 btomega1 51 btonly 0 btonly_comp 0 phi1fail 0 phi1fail_btonly 0 phiBTfail 0 L2pool 104 L2fail 0 poolopt 0 L5cyc 0 L5fail 0 L7paths 0 L7recycle 0 L7rconf 0 L7fail 0 L8cfg 0 L8recycle 0 L8k0down 0 L8k0tie 0 L8k0up 0 L8k1down 0 L8k1tie 0 L8k1up 0 L8k2down 0 L8k2tie 0 L8k2up 0 L8rcdown 0 L8rctie 0 L8rcup 0
