# command: python3 c4min_climb.py --random=6:9:3:60 --iters=2000 --restarts=2 --order=0 --seed=61 --jobs=1 --top=3
# commit e965821, k4/c4min_hunt.c sha1 60fbc9be5f85, started Fri Sep 25 22:01:07 UTC 2026
# 60 cores; iters 2000 restarts 2 stale 400 order 0 seed 61
# done in 3 s; cores 60; CEX lines 0
# best (owner needed, d*, min(good, 3)) per core: (1, -1, 3): 18, (1, -2, 3): 12, (0, 0, 3): 27, (0, 0, 2): 2, (0, -1, 2): 1
TIGHT random6,9,3#54 m 9 sets [[0, 2, 6, 8], [0, 5, 7, 8], [1, 5, 6, 8], [3, 4, 6], [0, 4, 8], [4, 6, 7]]
  BEST dstar -1 good 15 fstar 4 evals 2140 cex 0 owner 1 sigma 3 types 88 108 110 0 3 3 values [0:4,2:3,6:2,8:8] [0:4,5:8,7:1,8:6] [1:4,5:8,6:2,8:5] [3:2,4:3,6:4] [0:3,4:4,8:2] [4:3,6:4,7:2]
TIGHT random6,9,3#39 m 9 sets [[1, 3, 4, 7], [0, 5, 6, 7], [0, 1, 2, 6], [1, 2, 4], [1, 5, 6], [2, 4, 8]]
  BEST dstar -1 good 17 fstar 4 evals 1912 cex 0 owner 1 sigma 3 types 148 35 10 1 1 5 values [1:6,3:2,4:10,7:3] [0:2,5:8,6:7,7:4] [0:2,1:4,2:3,6:8] [1:2,2:4,4:3] [1:2,5:4,6:3] [2:4,4:3,8:2]
TIGHT random6,9,3#46 m 9 sets [[1, 3, 4, 6], [0, 3, 5, 7], [1, 3, 5, 6], [1, 2, 7], [2, 4, 5], [2, 7, 8]]
  BEST dstar -1 good 18 fstar 4 evals 1644 cex 0 owner 1 sigma 3 types 2 41 20 0 4 3 values [1:1,3:6,4:4,6:8] [0:2,3:10,5:7,7:6] [1:2,3:6,5:3,6:10] [1:2,2:3,7:4] [2:4,4:2,5:3] [2:3,7:4,8:2]
# finished Fri Sep 25 22:01:11 UTC 2026
# command: python3 c4min_climb.py --random=6:12:4:60 --iters=2000 --restarts=2 --order=0 --seed=61 --jobs=1 --top=3
# commit e965821, k4/c4min_hunt.c sha1 60fbc9be5f85, started Fri Sep 25 22:01:11 UTC 2026
# 60 cores; iters 2000 restarts 2 stale 400 order 0 seed 61
# done in 4 s; cores 60; CEX lines 0
# best (owner needed, d*, min(good, 3)) per core: (1, -1, 3): 17, (1, -1, 2): 12, (1, -1, 1): 20, (1, -2, 3): 4, (1, -2, 2): 7
TIGHT random6,12,4#2 m 12 sets [[2, 3, 7, 9], [5, 7, 9, 10], [0, 1, 3, 11], [0, 3, 8, 11], [0, 1, 4], [3, 6, 11]]
  BEST dstar -1 good 1 fstar 1 evals 1238 cex 0 owner 1 sigma 0 types 207 1 1 94 5 2 values [2:7,3:10,7:2,9:6] [5:1,7:4,9:8,10:6] [0:1,1:4,3:8,11:6] [0:4,3:5,8:2,11:8] [0:4,1:3,4:2] [3:3,6:2,11:4]
TIGHT random6,12,4#3 m 12 sets [[0, 1, 2, 5], [1, 2, 3, 6], [4, 6, 7, 10], [0, 6, 7, 8], [9, 10, 11], [0, 3, 9]]
  BEST dstar -1 good 1 fstar 1 evals 1416 cex 0 owner 1 sigma 0 types 148 30 122 275 3 5 values [0:6,1:2,2:10,5:3] [1:2,2:8,3:3,6:4] [4:4,6:10,7:2,10:7] [0:10,6:6,7:2,8:7] [9:3,10:4,11:2] [0:4,3:3,9:2]
TIGHT random6,12,4#5 m 12 sets [[5, 8, 9, 10], [0, 4, 7, 10], [2, 3, 6, 10], [1, 7, 10, 11], [3, 7, 10], [1, 9, 11]]
  BEST dstar -1 good 1 fstar 1 evals 973 cex 0 owner 1 sigma 0 types 18 41 103 72 0 1 values [5:2,8:5,9:4,10:8] [0:3,4:4,7:8,10:6] [2:6,3:4,6:1,10:8] [1:3,7:10,10:2,11:6] [3:2,7:3,10:4] [1:2,9:4,11:3]
# finished Fri Sep 25 22:01:15 UTC 2026
# command: python3 c4min_climb.py --random=6:14:6:60 --iters=2000 --restarts=2 --order=0 --seed=61 --jobs=1 --top=3
# commit e965821, k4/c4min_hunt.c sha1 60fbc9be5f85, started Fri Sep 25 22:01:15 UTC 2026
# 60 cores; iters 2000 restarts 2 stale 400 order 0 seed 61
# done in 11 s; cores 60; CEX lines 0
# best (owner needed, d*, min(good, 3)) per core: (1, 0, 3): 13, (1, -1, 3): 12, (1, -1, 2): 22, (1, -1, 1): 13
TIGHT random6,14,6#1 m 14 sets [[5, 7, 8, 9], [0, 4, 10, 13], [2, 3, 6, 12], [1, 7, 11, 12], [3, 7, 10, 13], [1, 9, 11, 12]]
  BEST dstar 0 good 4 fstar 0 evals 1213 cex 0 owner 1 sigma -2 types 67 88 6 94 37 82 values [5:4,7:3,8:8,9:10] [0:4,4:8,10:3,13:10] [2:2,3:3,6:4,12:8] [1:4,7:5,11:2,12:8] [3:2,7:10,10:4,13:7] [1:4,9:2,11:7,12:8]
TIGHT random6,14,6#2 m 14 sets [[1, 2, 6, 13], [3, 4, 7, 11], [1, 5, 11, 12], [0, 1, 4, 10], [1, 4, 8, 9], [1, 7, 10, 13]]
  BEST dstar 0 good 4 fstar 0 evals 1158 cex 0 owner 1 sigma -2 types 136 103 54 144 71 241 values [1:10,2:6,6:3,13:2] [3:4,4:6,7:8,11:5] [1:6,5:3,11:10,12:8] [0:6,1:1,4:4,10:8] [1:7,4:6,8:3,9:5] [1:8,7:5,10:4,13:2]
TIGHT random6,14,6#6 m 14 sets [[5, 7, 10, 12], [4, 7, 8, 12], [1, 4, 9, 11], [3, 4, 6, 8], [2, 9, 10, 13], [0, 6, 8, 12]]
  BEST dstar 0 good 4 fstar 0 evals 1171 cex 0 owner 1 sigma -2 types 47 281 75 124 90 92 values [5:3,7:4,10:6,12:8] [4:10,7:7,8:2,12:6] [1:4,4:8,9:2,11:3] [3:4,4:10,6:7,8:2] [2:5,9:2,10:8,13:4] [0:4,6:3,8:8,12:10]
# finished Fri Sep 25 22:01:26 UTC 2026
# command: python3 c4min_climb.py --random=6:16:6:60 --iters=2000 --restarts=2 --order=0 --seed=61 --jobs=1 --top=3
# commit e965821, k4/c4min_hunt.c sha1 60fbc9be5f85, started Fri Sep 25 22:01:26 UTC 2026
# 60 cores; iters 2000 restarts 2 stale 400 order 0 seed 61
# done in 25 s; cores 60; CEX lines 0
# best (owner needed, d*, min(good, 3)) per core: (1, 0, 3): 37, (1, 0, 2): 1, (1, -1, 3): 5, (1, -1, 2): 13, (1, -1, 1): 4
TIGHT random6,16,6#35 m 16 sets [[1, 2, 3, 5], [1, 4, 10, 12], [0, 4, 12, 14], [5, 6, 8, 15], [8, 9, 11, 13], [7, 8, 13, 14]]
  BEST dstar 0 good 2 fstar 0 evals 1314 cex 0 owner 1 sigma -4 types 39 240 42 39 36 188 values [1:5,2:4,3:2,5:8] [1:8,4:5,10:2,12:4] [0:3,4:2,12:4,14:8] [5:5,6:4,8:8,15:2] [8:5,9:2,11:4,13:8] [7:7,8:2,13:6,14:10]
TIGHT random6,16,6#0 m 16 sets [[1, 7, 8, 13], [4, 5, 9, 14], [2, 4, 6, 10], [1, 3, 7, 14], [0, 2, 13, 15], [2, 5, 11, 12]]
  BEST dstar 0 good 4 fstar 0 evals 1253 cex 0 owner 1 sigma -4 types 124 280 134 21 117 82 values [1:4,7:10,8:7,13:2] [4:10,5:7,9:2,14:4] [2:10,4:6,6:7,10:2] [1:2,3:6,7:7,14:10] [0:6,2:10,13:3,15:2] [2:8,5:2,11:4,12:5]
TIGHT random6,16,6#2 m 16 sets [[3, 6, 7, 11], [2, 9, 13, 14], [4, 5, 8, 12], [0, 1, 6, 11], [12, 13, 14, 15], [4, 9, 10, 11]]
  BEST dstar 0 good 4 fstar 0 evals 1076 cex 0 owner 1 sigma -4 types 99 13 9 103 214 32 values [3:5,6:8,7:6,11:4] [2:2,9:4,13:7,14:10] [4:3,5:2,8:6,12:10] [0:6,1:2,6:7,11:10] [12:8,13:2,14:4,15:5] [4:2,9:8,10:4,11:5]
# finished Fri Sep 25 22:01:52 UTC 2026
# command: python3 c4min_climb.py --random=7:12:4:60 --iters=2000 --restarts=2 --order=0 --seed=61 --jobs=1 --top=3
# commit e965821, k4/c4min_hunt.c sha1 60fbc9be5f85, started Fri Sep 25 22:01:52 UTC 2026
# 60 cores; iters 2000 restarts 2 stale 400 order 0 seed 61
# done in 7 s; cores 60; CEX lines 0
# best (owner needed, d*, min(good, 3)) per core: (1, -1, 3): 3, (1, -1, 2): 2, (1, -1, 1): 1, (1, -2, 3): 38, (1, -2, 2): 9, (1, -2, 1): 1, (1, -3, 3): 6
TIGHT random7,12,4#37 m 12 sets [[0, 4, 6, 8], [0, 1, 8, 11], [3, 6, 7, 9], [4, 5, 7, 8], [0, 5, 6], [2, 8, 10], [2, 4, 5]]
  BEST dstar -1 good 1 fstar 3 evals 1822 cex 0 owner 1 sigma 2 types 235 87 50 285 3 1 1 values [0:8,4:4,6:6,8:1] [0:8,1:2,8:7,11:4] [3:3,6:8,7:4,9:2] [4:10,5:8,7:3,8:6] [0:3,5:4,6:2] [2:2,8:4,10:3] [2:2,4:4,5:3]
TIGHT random7,12,4#13 m 12 sets [[6, 8, 9, 11], [0, 2, 5, 7], [0, 1, 8, 9], [0, 3, 6, 10], [1, 4, 8], [0, 6, 10], [1, 2, 5]]
  BEST dstar -1 good 2 fstar 3 evals 1893 cex 0 owner 1 sigma 2 types 172 276 199 144 2 0 4 values [6:6,8:8,9:1,11:4] [0:10,2:6,5:3,7:2] [0:7,1:5,8:6,9:3] [0:6,3:1,6:4,10:8] [1:3,4:2,8:4] [0:2,6:3,10:4] [1:4,2:2,5:3]
TIGHT random7,12,4#57 m 12 sets [[3, 4, 6, 8], [1, 2, 9, 11], [4, 5, 7, 9], [2, 5, 9, 10], [1, 2, 3], [0, 4, 6], [1, 2, 11]]
  BEST dstar -1 good 2 fstar 3 evals 1693 cex 0 owner 1 sigma 2 types 124 88 264 259 5 0 2 values [3:4,4:10,6:7,8:2] [1:4,2:3,9:2,11:8] [4:10,5:3,7:2,9:6] [2:10,5:2,9:4,10:7] [1:4,2:3,3:2] [0:2,4:3,6:4] [1:3,2:2,11:4]
# finished Fri Sep 25 22:02:00 UTC 2026
# command: python3 c4min_climb.py --random=7:15:7:60 --iters=2000 --restarts=2 --order=0 --seed=61 --jobs=1 --top=3
# commit e965821, k4/c4min_hunt.c sha1 60fbc9be5f85, started Fri Sep 25 22:02:00 UTC 2026
# 60 cores; iters 2000 restarts 2 stale 400 order 0 seed 61
# done in 17 s; cores 60; CEX lines 0
# best (owner needed, d*, min(good, 3)) per core: (1, -1, 3): 4, (1, -1, 2): 17, (1, -1, 1): 36, (1, -2, 2): 1, (1, -2, 1): 2
TIGHT random7,15,7#0 m 15 sets [[5, 6, 11, 14], [1, 4, 7, 9], [2, 5, 10, 13], [5, 12, 13, 14], [0, 5, 12, 13], [1, 4, 8, 11], [3, 4, 5, 14]]
  BEST dstar -1 good 1 fstar 0 evals 1360 cex 0 owner 1 sigma -1 types 273 88 5 261 76 81 154 values [5:10,6:4,11:8,14:3] [1:8,4:4,7:1,9:6] [2:1,5:8,10:6,13:4] [5:10,12:2,13:6,14:7] [0:3,5:10,12:8,13:4] [1:4,4:2,8:5,11:8] [3:6,4:3,5:8,14:4]
TIGHT random7,15,7#1 m 15 sets [[0, 9, 12, 14], [6, 7, 9, 14], [5, 8, 9, 14], [0, 4, 7, 13], [2, 3, 10, 12], [1, 6, 7, 11], [1, 7, 10, 13]]
  BEST dstar -1 good 1 fstar 0 evals 1368 cex 0 owner 1 sigma -1 types 250 66 83 81 121 136 6 values [0:8,9:6,12:5,14:4] [6:3,7:8,9:4,14:6] [5:4,8:6,9:5,14:8] [0:4,4:2,7:5,13:8] [2:7,3:2,10:4,12:10] [1:5,6:6,7:7,11:3] [1:2,7:3,10:4,13:8]
TIGHT random7,15,7#2 m 15 sets [[0, 4, 5, 9], [4, 8, 10, 11], [3, 7, 10, 14], [2, 7, 11, 14], [3, 8, 12, 13], [1, 3, 5, 11], [1, 6, 7, 8]]
  BEST dstar -1 good 1 fstar 0 evals 1054 cex 0 owner 1 sigma -1 types 122 31 278 224 77 75 171 values [0:7,4:4,5:10,9:2] [4:2,8:8,10:4,11:3] [3:10,7:6,10:7,14:2] [2:8,7:3,11:10,14:4] [3:7,8:10,12:2,13:6] [1:3,3:10,5:6,11:8] [1:6,6:7,7:10,8:2]
# finished Fri Sep 25 22:02:16 UTC 2026
# command: python3 c4min_climb.py --random=7:18:7:60 --iters=2000 --restarts=2 --order=0 --seed=61 --jobs=1 --top=3
# commit e965821, k4/c4min_hunt.c sha1 60fbc9be5f85, started Fri Sep 25 22:02:16 UTC 2026
# 60 cores; iters 2000 restarts 2 stale 400 order 0 seed 61
# done in 70 s; cores 60; CEX lines 0
# best (owner needed, d*, min(good, 3)) per core: (1, 0, 3): 34, (1, -1, 3): 8, (1, -1, 2): 13, (1, -1, 1): 5
TIGHT random7,18,7#2 m 18 sets [[2, 7, 13, 16], [7, 8, 11, 13], [6, 10, 13, 17], [0, 5, 9, 17], [1, 2, 14, 16], [6, 11, 12, 15], [3, 4, 9, 15]]
  BEST dstar 0 good 4 fstar 0 evals 961 cex 0 owner 1 sigma -4 types 11 89 128 17 101 73 0 values [2:2,7:4,13:5,16:8] [7:4,8:3,11:6,13:8] [6:5,10:3,13:6,17:7] [0:2,5:4,9:10,17:7] [1:6,2:3,14:2,16:10] [6:3,11:10,12:4,15:8] [3:1,4:4,9:6,15:8]
TIGHT random7,18,7#3 m 18 sets [[0, 5, 14, 17], [4, 7, 9, 15], [0, 2, 6, 12], [1, 3, 11, 13], [4, 6, 16, 17], [1, 2, 8, 10], [2, 3, 7, 15]]
  BEST dstar 0 good 4 fstar 0 evals 1479 cex 0 owner 1 sigma -4 types 121 259 205 3 105 62 0 values [0:10,5:2,14:6,17:7] [4:10,7:2,9:4,15:7] [0:7,2:8,6:4,12:2] [1:2,3:8,11:5,13:4] [4:4,6:7,16:2,17:10] [1:6,2:10,8:3,10:2] [2:1,3:4,7:6,15:8]
TIGHT random7,18,7#4 m 18 sets [[4, 7, 11, 17], [0, 10, 12, 14], [1, 6, 9, 17], [4, 5, 9, 13], [2, 3, 9, 15], [8, 9, 15, 16], [0, 2, 6, 14]]
  BEST dstar 0 good 4 fstar 0 evals 1100 cex 0 owner 1 sigma -4 types 135 15 53 77 48 127 145 values [4:10,7:6,11:2,17:7] [0:3,10:8,12:4,14:10] [1:3,6:5,9:7,17:6] [4:7,5:6,9:10,13:2] [2:3,3:4,9:8,15:2] [8:7,9:10,15:2,16:4] [0:6,2:1,6:8,14:4]
# finished Fri Sep 25 22:03:29 UTC 2026
# command: python3 c4min_climb.py --random=8:14:5:60 --iters=2000 --restarts=2 --order=0 --seed=61 --jobs=1 --top=3
# commit e965821, k4/c4min_hunt.c sha1 60fbc9be5f85, started Fri Sep 25 22:03:29 UTC 2026
# 60 cores; iters 2000 restarts 2 stale 400 order 0 seed 61
# done in 12 s; cores 60; CEX lines 0
# best (owner needed, d*, min(good, 3)) per core: (1, -1, 3): 1, (1, -1, 1): 1, (1, -2, 3): 20, (1, -2, 2): 8, (1, -2, 1): 6, (1, -3, 3): 21, (1, -3, 2): 2, (1, -3, 1): 1
TIGHT random8,14,5#7 m 14 sets [[2, 4, 6, 11], [0, 3, 5, 11], [1, 3, 9, 13], [1, 2, 6, 9], [1, 2, 4, 10], [8, 9, 11], [9, 11, 12], [7, 11, 12]]
  BEST dstar -1 good 1 fstar 3 evals 1288 cex 0 owner 1 sigma 2 types 149 4 77 136 112 1 4 1 values [2:6,4:2,6:10,11:7] [0:1,3:8,5:4,11:6] [1:3,3:10,9:8,13:6] [1:5,2:6,6:7,9:3] [1:4,2:8,4:3,10:2] [8:2,9:4,11:3] [9:4,11:2,12:3] [7:2,11:4,12:3]
TIGHT random8,14,5#24 m 14 sets [[0, 3, 4, 8], [0, 2, 6, 11], [5, 6, 9, 13], [3, 7, 8, 12], [2, 5, 8, 10], [1, 2, 8], [8, 10, 12], [0, 12, 13]]
  BEST dstar -1 good 4 fstar 3 evals 1068 cex 0 owner 1 sigma 2 types 64 249 10 160 268 1 2 1 values [0:3,3:8,4:2,8:4] [0:8,2:6,6:4,11:5] [5:2,6:4,9:3,13:8] [3:6,7:4,8:5,12:8] [2:10,5:3,8:8,10:4] [1:2,2:4,8:3] [8:3,10:2,12:4] [0:2,12:4,13:3]
TIGHT random8,14,5#1 m 14 sets [[1, 2, 6, 7], [3, 4, 6, 12], [7, 9, 10, 12], [6, 8, 11, 12], [0, 1, 2, 12], [8, 10, 13], [5, 7, 12], [2, 3, 8]]
  BEST dstar -2 good 1 fstar 3 evals 1865 cex 0 owner 1 sigma 2 types 45 87 84 37 44 5 2 5 values [1:3,2:2,6:10,7:6] [3:4,4:2,6:10,12:7] [7:4,9:2,10:8,12:3] [6:2,8:10,11:4,12:7] [0:3,1:2,2:8,12:4] [8:4,10:3,13:2] [5:3,7:2,12:4] [2:4,3:3,8:2]
# finished Fri Sep 25 22:03:41 UTC 2026
# command: python3 c4min_climb.py --random=8:17:8:60 --iters=2000 --restarts=2 --order=0 --seed=61 --jobs=1 --top=3
# commit e965821, k4/c4min_hunt.c sha1 60fbc9be5f85, started Fri Sep 25 22:03:41 UTC 2026
# 60 cores; iters 2000 restarts 2 stale 400 order 0 seed 61
# done in 36 s; cores 60; CEX lines 0
# best (owner needed, d*, min(good, 3)) per core: (1, -1, 3): 5, (1, -1, 2): 13, (1, -1, 1): 40, (1, -2, 1): 2
TIGHT random8,17,8#0 m 17 sets [[7, 11, 12, 14], [0, 2, 3, 9], [6, 7, 11, 13], [2, 4, 8, 11], [4, 13, 15, 16], [1, 2, 4, 12], [3, 7, 10, 15], [1, 5, 9, 14]]
  BEST dstar -1 good 1 fstar 0 evals 1305 cex 0 owner 1 sigma -1 types 120 140 149 275 238 30 13 197 values [7:4,11:8,12:7,14:2] [0:5,2:8,3:2,9:4] [6:6,7:2,11:10,13:7] [2:10,4:6,8:2,11:7] [4:8,13:4,15:7,16:2] [1:2,2:8,4:3,12:4] [3:2,7:4,10:7,15:10] [1:7,5:4,9:10,14:2]
TIGHT random8,17,8#1 m 17 sets [[4, 9, 12, 15], [5, 6, 13, 16], [0, 2, 7, 13], [5, 7, 8, 14], [5, 9, 10, 12], [1, 2, 10, 14], [3, 4, 6, 16], [7, 8, 11, 14]]
  BEST dstar -1 good 1 fstar 0 evals 1007 cex 0 owner 1 sigma -1 types 235 175 49 263 184 189 28 56 values [4:8,9:4,12:6,15:1] [5:6,6:8,13:4,16:1] [0:3,2:4,7:8,13:6] [5:10,7:2,8:7,14:6] [5:6,9:10,10:7,12:2] [1:7,2:2,10:8,14:4] [3:2,4:7,6:10,16:4] [7:3,8:6,11:5,14:7]
TIGHT random8,17,8#2 m 17 sets [[0, 4, 5, 16], [3, 9, 11, 13], [3, 4, 6, 7], [2, 4, 14, 15], [6, 8, 14, 15], [1, 2, 12, 14], [3, 10, 11, 15], [0, 2, 14, 15]]
  BEST dstar -1 good 1 fstar 0 evals 1136 cex 0 owner 1 sigma -1 types 128 99 259 12 13 115 223 106 values [0:10,4:4,5:7,16:2] [3:8,9:4,11:5,13:2] [3:10,4:2,6:4,7:7] [2:2,4:4,14:7,15:8] [6:2,8:4,14:7,15:10] [1:6,2:8,12:5,14:4] [3:8,10:3,11:6,15:10] [0:4,2:7,14:8,15:2]
# finished Fri Sep 25 22:04:17 UTC 2026
# command: python3 c4min_climb.py --random=8:20:8:60 --iters=2000 --restarts=2 --order=0 --seed=61 --jobs=1 --top=3
# commit e965821, k4/c4min_hunt.c sha1 60fbc9be5f85, started Fri Sep 25 22:04:17 UTC 2026
# 60 cores; iters 2000 restarts 2 stale 400 order 0 seed 61
# done in 151 s; cores 60; CEX lines 0
# best (owner needed, d*, min(good, 3)) per core: (1, 0, 3): 32, (1, -1, 3): 13, (1, -1, 2): 10, (1, -1, 1): 5
TIGHT random8,20,8#0 m 20 sets [[1, 5, 15, 16], [0, 9, 18, 19], [0, 4, 11, 17], [7, 10, 15, 18], [2, 6, 14, 15], [1, 8, 13, 14], [3, 7, 11, 18], [1, 12, 16, 17]]
  BEST dstar 0 good 4 fstar 0 evals 1265 cex 0 owner 1 sigma -4 types 240 23 28 98 101 86 209 194 values [1:8,5:5,15:2,16:4] [0:4,9:3,18:8,19:2] [0:2,4:7,11:10,17:4] [7:4,10:6,15:1,18:8] [2:6,6:1,14:8,15:4] [1:8,8:2,13:5,14:4] [3:7,7:10,11:6,18:2] [1:7,12:4,16:2,17:8]
TIGHT random8,20,8#1 m 20 sets [[0, 8, 11, 12], [3, 4, 6, 10], [7, 12, 13, 16], [5, 9, 15, 18], [2, 9, 11, 19], [1, 4, 17, 19], [1, 3, 5, 17], [2, 6, 7, 14]]
  BEST dstar 0 good 4 fstar 0 evals 1208 cex 0 owner 1 sigma -4 types 22 236 121 22 203 101 15 35 values [0:2,8:6,11:10,12:3] [3:8,4:4,6:6,10:3] [7:10,12:2,13:7,16:4] [5:4,9:8,15:2,18:5] [2:7,9:6,11:10,19:2] [1:4,4:6,17:8,19:1] [1:2,3:4,5:8,17:5] [2:2,6:8,7:7,14:4]
TIGHT random8,20,8#2 m 20 sets [[2, 5, 10, 18], [1, 8, 15, 18], [4, 8, 13, 17], [3, 5, 9, 14], [1, 11, 14, 16], [0, 6, 8, 18], [1, 6, 11, 19], [5, 7, 12, 13]]
  BEST dstar 0 good 4 fstar 0 evals 1457 cex 0 owner 1 sigma -4 types 23 209 10 63 169 161 138 95 values [2:2,5:8,10:4,18:3] [1:7,8:10,15:6,18:2] [4:2,8:4,13:8,17:5] [3:4,5:2,9:5,14:8] [1:6,11:7,14:3,16:5] [0:6,6:4,8:8,18:1] [1:5,6:7,11:3,19:6] [5:8,7:4,12:1,13:6]
# finished Fri Sep 25 22:06:51 UTC 2026
