# command: python3 c4min_hunt_run.py ../results/k4_certs_4_n4_3.json.gz --ckpt=../results/k4_c4min_hunt_n4_3.ckpt
# commit 759e80f, k4/c4min_hunt.c sha1 32b7ad4cec3d, started Fri Sep 25 20:47:52 UTC 2026
core 0 m 4 profiles 143327232 fails 0 solved 28870 secs 0.4
core 1 m 5 profiles 143327232 fails 0 solved 17255 secs 0.2
core 2 m 5 profiles 143327232 fails 0 solved 16825 secs 0.4
core 3 m 5 profiles 143327232 fails 0 solved 16444 secs 0.3
core 4 m 5 profiles 143327232 fails 0 solved 11847 secs 0.5
core 5 m 5 profiles 143327232 fails 0 solved 12341 secs 0.5
core 6 m 5 profiles 143327232 fails 0 solved 15338 secs 0.2
core 7 m 5 profiles 143327232 fails 0 solved 12822 secs 0.2
core 8 m 5 profiles 143327232 fails 0 solved 14845 secs 0.4
core 9 m 6 profiles 71663616 fails 0 solved 12643 secs 0.3
core 10 m 6 profiles 71663616 fails 0 solved 9711 secs 0.2
core 11 m 6 profiles 143327232 fails 0 solved 36554 secs 0.6
core 12 m 6 profiles 143327232 fails 0 solved 12663 secs 0.3
core 13 m 6 profiles 143327232 fails 0 solved 12987 secs 0.4
core 14 m 6 profiles 143327232 fails 0 solved 13146 secs 0.6
core 15 m 6 profiles 143327232 fails 0 solved 10379 secs 0.2
core 16 m 6 profiles 143327232 fails 0 solved 9214 secs 0.3
core 17 m 6 profiles 143327232 fails 0 solved 8337 secs 0.4
core 18 m 6 profiles 143327232 fails 0 solved 9031 secs 0.2
core 19 m 6 profiles 143327232 fails 0 solved 11757 secs 0.2
core 20 m 6 profiles 143327232 fails 0 solved 7467 secs 0.3
core 21 m 6 profiles 143327232 fails 0 solved 9149 secs 0.4
core 22 m 6 profiles 143327232 fails 0 solved 10721 secs 0.2
core 23 m 6 profiles 143327232 fails 0 solved 8186 secs 0.4
core 24 m 6 profiles 143327232 fails 0 solved 7776 secs 0.3
core 25 m 6 profiles 143327232 fails 0 solved 12030 secs 0.2
core 26 m 6 profiles 143327232 fails 0 solved 8471 secs 0.2
core 27 m 6 profiles 143327232 fails 0 solved 10885 secs 0.2
core 28 m 6 profiles 143327232 fails 0 solved 8314 secs 0.4
core 29 m 6 profiles 143327232 fails 0 solved 8745 secs 0.2
core 30 m 6 profiles 143327232 fails 0 solved 7898 secs 0.3
core 31 m 6 profiles 143327232 fails 0 solved 6512 secs 0.3
core 32 m 6 profiles 143327232 fails 0 solved 7882 secs 0.2
core 33 m 6 profiles 143327232 fails 0 solved 7405 secs 0.2
core 34 m 6 profiles 143327232 fails 0 solved 6933 secs 0.4
core 35 m 6 profiles 143327232 fails 0 solved 4602 secs 0.2
core 36 m 6 profiles 143327232 fails 0 solved 4328 secs 0.2
core 37 m 6 profiles 143327232 fails 0 solved 6190 secs 0.4
core 38 m 6 profiles 143327232 fails 0 solved 6677 secs 0.2
core 39 m 6 profiles 143327232 fails 0 solved 5695 secs 0.2
core 40 m 6 profiles 143327232 fails 0 solved 8454 secs 0.2
core 41 m 6 profiles 143327232 fails 0 solved 4357 secs 0.2
core 42 m 6 profiles 143327232 fails 0 solved 4309 secs 0.2
core 43 m 6 profiles 143327232 fails 0 solved 9334 secs 0.4
core 44 m 6 profiles 143327232 fails 0 solved 5606 secs 0.2
core 45 m 6 profiles 143327232 fails 0 solved 4734 secs 0.2
core 46 m 6 profiles 143327232 fails 0 solved 6903 secs 0.3
core 47 m 7 profiles 71663616 fails 0 solved 3249 secs 0.6
core 48 m 7 profiles 71663616 fails 0 solved 6744 secs 0.2
core 49 m 7 profiles 71663616 fails 0 solved 8468 secs 0.4
core 50 m 7 profiles 71663616 fails 0 solved 4536 secs 0.2
core 51 m 7 profiles 71663616 fails 0 solved 7264 secs 0.3
core 52 m 7 profiles 71663616 fails 0 solved 5452 secs 0.2
core 53 m 7 profiles 71663616 fails 0 solved 7777 secs 0.2
core 54 m 7 profiles 71663616 fails 0 solved 7561 secs 0.4
core 55 m 7 profiles 71663616 fails 0 solved 7074 secs 0.4
core 56 m 7 profiles 71663616 fails 0 solved 6725 secs 0.2
core 57 m 7 profiles 71663616 fails 0 solved 8071 secs 0.2
core 58 m 7 profiles 71663616 fails 0 solved 16688 secs 0.4
core 59 m 7 profiles 71663616 fails 0 solved 9169 secs 0.3
core 60 m 7 profiles 71663616 fails 0 solved 10907 secs 0.5
core 61 m 7 profiles 71663616 fails 0 solved 9833 secs 0.5
core 62 m 7 profiles 71663616 fails 0 solved 10433 secs 0.2
core 63 m 7 profiles 71663616 fails 0 solved 9405 secs 0.3
core 64 m 7 profiles 71663616 fails 0 solved 8780 secs 0.3
core 65 m 7 profiles 71663616 fails 0 solved 7510 secs 0.5
core 66 m 7 profiles 71663616 fails 0 solved 8545 secs 0.3
core 67 m 7 profiles 143327232 fails 0 solved 19291 secs 0.6
core 68 m 7 profiles 143327232 fails 0 solved 9849 secs 0.6
core 69 m 7 profiles 143327232 fails 0 solved 12340 secs 0.7
core 70 m 7 profiles 143327232 fails 0 solved 10538 secs 0.6
core 71 m 7 profiles 143327232 fails 0 solved 10823 secs 0.4
core 72 m 7 profiles 143327232 fails 0 solved 9029 secs 0.4
core 73 m 7 profiles 143327232 fails 0 solved 10106 secs 0.4
core 74 m 7 profiles 143327232 fails 0 solved 9521 secs 0.5
core 75 m 7 profiles 143327232 fails 0 solved 8434 secs 0.4
core 76 m 7 profiles 143327232 fails 0 solved 6529 secs 0.5
core 77 m 7 profiles 143327232 fails 0 solved 7388 secs 0.5
core 78 m 7 profiles 143327232 fails 0 solved 7356 secs 0.5
core 79 m 7 profiles 143327232 fails 0 solved 8109 secs 0.4
core 80 m 7 profiles 143327232 fails 0 solved 7326 secs 0.4
core 81 m 7 profiles 143327232 fails 0 solved 6230 secs 0.5
core 82 m 7 profiles 143327232 fails 0 solved 7123 secs 0.4
core 83 m 7 profiles 143327232 fails 0 solved 5871 secs 0.5
core 84 m 7 profiles 143327232 fails 0 solved 9065 secs 0.4
core 85 m 7 profiles 143327232 fails 0 solved 7029 secs 0.5
core 86 m 7 profiles 143327232 fails 0 solved 8421 secs 0.3
core 87 m 7 profiles 143327232 fails 0 solved 6489 secs 0.8
core 88 m 7 profiles 143327232 fails 0 solved 7474 secs 0.3
core 89 m 7 profiles 143327232 fails 0 solved 7590 secs 0.3
core 90 m 7 profiles 143327232 fails 0 solved 8407 secs 0.3
core 91 m 7 profiles 143327232 fails 0 solved 8525 secs 0.5
core 92 m 7 profiles 143327232 fails 0 solved 6682 secs 0.3
core 93 m 7 profiles 143327232 fails 0 solved 8415 secs 0.3
core 94 m 7 profiles 143327232 fails 0 solved 7004 secs 0.3
core 95 m 7 profiles 143327232 fails 0 solved 9030 secs 0.3
core 96 m 7 profiles 143327232 fails 0 solved 5843 secs 0.5
core 97 m 7 profiles 143327232 fails 0 solved 9070 secs 0.4
core 98 m 7 profiles 143327232 fails 0 solved 7129 secs 0.3
core 99 m 7 profiles 143327232 fails 0 solved 10216 secs 0.6
core 100 m 7 profiles 143327232 fails 0 solved 8049 secs 0.3
core 101 m 7 profiles 143327232 fails 0 solved 8285 secs 0.3
core 102 m 7 profiles 143327232 fails 0 solved 3049 secs 0.5
core 103 m 7 profiles 143327232 fails 0 solved 4905 secs 0.4
core 104 m 7 profiles 143327232 fails 0 solved 9682 secs 0.6
core 105 m 7 profiles 143327232 fails 0 solved 3066 secs 0.2
core 106 m 7 profiles 143327232 fails 0 solved 7190 secs 0.3
core 107 m 7 profiles 143327232 fails 0 solved 8228 secs 0.4
core 108 m 7 profiles 143327232 fails 0 solved 4782 secs 0.3
core 109 m 7 profiles 143327232 fails 0 solved 4105 secs 0.3
core 110 m 7 profiles 143327232 fails 0 solved 4839 secs 0.4
core 111 m 7 profiles 143327232 fails 0 solved 6514 secs 0.3
core 112 m 7 profiles 143327232 fails 0 solved 5725 secs 0.5
core 113 m 7 profiles 143327232 fails 0 solved 8770 secs 0.2
core 114 m 7 profiles 143327232 fails 0 solved 7443 secs 0.2
core 115 m 7 profiles 143327232 fails 0 solved 6221 secs 0.4
core 116 m 7 profiles 143327232 fails 0 solved 5757 secs 0.2
core 117 m 7 profiles 143327232 fails 0 solved 5026 secs 0.2
core 118 m 7 profiles 143327232 fails 0 solved 7250 secs 0.5
core 119 m 7 profiles 143327232 fails 0 solved 7194 secs 0.2
core 120 m 7 profiles 143327232 fails 0 solved 5856 secs 0.4
core 121 m 7 profiles 143327232 fails 0 solved 8192 secs 0.3
core 122 m 7 profiles 143327232 fails 0 solved 5763 secs 0.2
core 123 m 7 profiles 143327232 fails 0 solved 7384 secs 0.4
core 124 m 7 profiles 143327232 fails 0 solved 7746 secs 0.2
core 125 m 7 profiles 143327232 fails 0 solved 6412 secs 0.3
core 126 m 7 profiles 143327232 fails 0 solved 6960 secs 0.3
core 127 m 7 profiles 143327232 fails 0 solved 3621 secs 0.2
core 128 m 7 profiles 143327232 fails 0 solved 2506 secs 0.4
core 129 m 7 profiles 143327232 fails 0 solved 2858 secs 0.3
core 130 m 7 profiles 143327232 fails 0 solved 1705 secs 0.3
core 131 m 7 profiles 143327232 fails 0 solved 2893 secs 0.2
core 132 m 7 profiles 143327232 fails 0 solved 5142 secs 0.5
core 133 m 7 profiles 143327232 fails 0 solved 1306 secs 0.2
core 134 m 7 profiles 143327232 fails 0 solved 1622 secs 0.1
core 135 m 7 profiles 143327232 fails 0 solved 3213 secs 0.2
core 136 m 7 profiles 143327232 fails 0 solved 4531 secs 0.2
core 137 m 8 profiles 71663616 fails 0 solved 724 secs 0.3
core 138 m 8 profiles 71663616 fails 0 solved 6369 secs 0.5
core 139 m 8 profiles 71663616 fails 0 solved 3472 secs 0.3
core 140 m 8 profiles 71663616 fails 0 solved 4531 secs 0.5
core 141 m 8 profiles 71663616 fails 0 solved 3749 secs 0.5
core 142 m 8 profiles 71663616 fails 0 solved 2822 secs 0.5
core 143 m 8 profiles 71663616 fails 0 solved 3242 secs 0.7
core 144 m 8 profiles 71663616 fails 0 solved 6519 secs 0.4
core 145 m 8 profiles 71663616 fails 0 solved 4396 secs 0.5
core 146 m 8 profiles 35831808 fails 0 solved 4965 secs 0.3
core 147 m 8 profiles 35831808 fails 0 solved 4908 secs 0.4
core 148 m 8 profiles 35831808 fails 0 solved 6459 secs 0.3
core 149 m 8 profiles 35831808 fails 0 solved 4489 secs 0.4
core 150 m 8 profiles 35831808 fails 0 solved 8440 secs 0.3
core 151 m 8 profiles 35831808 fails 0 solved 8615 secs 0.3
core 152 m 8 profiles 71663616 fails 0 solved 10662 secs 0.5
core 153 m 8 profiles 71663616 fails 0 solved 10996 secs 0.5
core 154 m 8 profiles 71663616 fails 0 solved 5933 secs 0.5
core 155 m 8 profiles 71663616 fails 0 solved 5695 secs 0.4
core 156 m 8 profiles 71663616 fails 0 solved 8099 secs 0.4
core 157 m 8 profiles 71663616 fails 0 solved 7268 secs 0.7
core 158 m 8 profiles 71663616 fails 0 solved 7932 secs 0.5
core 159 m 8 profiles 71663616 fails 0 solved 8258 secs 0.5
core 160 m 8 profiles 71663616 fails 0 solved 4859 secs 0.5
core 161 m 8 profiles 71663616 fails 0 solved 5299 secs 0.5
core 162 m 8 profiles 71663616 fails 0 solved 7025 secs 0.4
core 163 m 8 profiles 71663616 fails 0 solved 8336 secs 0.5
core 164 m 8 profiles 71663616 fails 0 solved 5637 secs 0.5
core 165 m 8 profiles 71663616 fails 0 solved 7544 secs 0.4
core 166 m 8 profiles 71663616 fails 0 solved 6477 secs 0.5
core 167 m 8 profiles 71663616 fails 0 solved 5657 secs 0.5
core 168 m 8 profiles 71663616 fails 0 solved 8268 secs 0.6
core 169 m 8 profiles 71663616 fails 0 solved 2241 secs 0.2
core 170 m 8 profiles 71663616 fails 0 solved 5893 secs 0.7
core 171 m 8 profiles 71663616 fails 0 solved 3555 secs 0.7
core 172 m 8 profiles 71663616 fails 0 solved 3039 secs 0.5
core 173 m 8 profiles 71663616 fails 0 solved 2085 secs 0.4
core 174 m 8 profiles 71663616 fails 0 solved 4948 secs 0.3
core 175 m 8 profiles 71663616 fails 0 solved 4343 secs 0.7
core 176 m 8 profiles 71663616 fails 0 solved 4146 secs 0.4
core 177 m 8 profiles 71663616 fails 0 solved 4280 secs 0.4
core 178 m 8 profiles 71663616 fails 0 solved 4645 secs 0.4
core 179 m 8 profiles 71663616 fails 0 solved 4955 secs 0.4
core 180 m 8 profiles 71663616 fails 0 solved 5533 secs 0.6
core 181 m 8 profiles 71663616 fails 0 solved 5351 secs 0.5
core 182 m 8 profiles 71663616 fails 0 solved 5975 secs 0.5
core 183 m 8 profiles 71663616 fails 0 solved 5945 secs 0.7
core 184 m 8 profiles 71663616 fails 0 solved 5066 secs 0.5
core 185 m 8 profiles 71663616 fails 0 solved 3521 secs 0.4
core 186 m 8 profiles 71663616 fails 0 solved 5586 secs 0.5
core 187 m 8 profiles 71663616 fails 0 solved 4977 secs 0.6
core 188 m 8 profiles 71663616 fails 0 solved 6965 secs 0.5
core 189 m 8 profiles 71663616 fails 0 solved 2372 secs 0.2
core 190 m 8 profiles 71663616 fails 0 solved 2896 secs 0.2
core 191 m 8 profiles 71663616 fails 0 solved 4874 secs 0.5
core 192 m 8 profiles 71663616 fails 0 solved 7164 secs 0.6
core 193 m 8 profiles 71663616 fails 0 solved 6485 secs 0.4
core 194 m 8 profiles 71663616 fails 0 solved 8005 secs 0.4
core 195 m 8 profiles 143327232 fails 0 solved 7197 secs 0.8
core 196 m 8 profiles 143327232 fails 0 solved 7687 secs 0.6
core 197 m 8 profiles 143327232 fails 0 solved 6745 secs 0.7
core 198 m 8 profiles 143327232 fails 0 solved 7794 secs 0.9
core 199 m 8 profiles 143327232 fails 0 solved 4086 secs 0.8
core 200 m 8 profiles 143327232 fails 0 solved 3731 secs 0.9
core 201 m 8 profiles 143327232 fails 0 solved 5750 secs 0.7
core 202 m 8 profiles 143327232 fails 0 solved 5237 secs 0.5
core 203 m 8 profiles 143327232 fails 0 solved 3978 secs 0.5
core 204 m 8 profiles 143327232 fails 0 solved 5019 secs 0.7
core 205 m 8 profiles 143327232 fails 0 solved 6597 secs 0.8
core 206 m 8 profiles 143327232 fails 0 solved 4638 secs 1.0
core 207 m 8 profiles 143327232 fails 0 solved 6437 secs 0.7
core 208 m 8 profiles 143327232 fails 0 solved 8055 secs 0.9
core 209 m 8 profiles 143327232 fails 0 solved 5587 secs 0.6
core 210 m 8 profiles 143327232 fails 0 solved 6840 secs 0.9
core 211 m 8 profiles 143327232 fails 0 solved 4648 secs 0.8
core 212 m 8 profiles 143327232 fails 0 solved 7736 secs 0.7
core 213 m 8 profiles 143327232 fails 0 solved 4416 secs 0.6
core 214 m 8 profiles 143327232 fails 0 solved 5018 secs 0.8
core 215 m 8 profiles 143327232 fails 0 solved 4274 secs 0.5
core 216 m 8 profiles 143327232 fails 0 solved 6408 secs 0.7
core 217 m 8 profiles 143327232 fails 0 solved 5239 secs 0.8
core 218 m 8 profiles 143327232 fails 0 solved 5471 secs 0.7
core 219 m 8 profiles 143327232 fails 0 solved 2772 secs 0.8
core 220 m 8 profiles 143327232 fails 0 solved 2913 secs 0.6
core 221 m 8 profiles 143327232 fails 0 solved 2842 secs 0.8
core 222 m 8 profiles 143327232 fails 0 solved 3477 secs 1.0
core 223 m 8 profiles 143327232 fails 0 solved 3970 secs 0.8
core 224 m 8 profiles 143327232 fails 0 solved 3561 secs 0.6
core 225 m 8 profiles 143327232 fails 0 solved 3889 secs 0.8
core 226 m 8 profiles 143327232 fails 0 solved 4645 secs 0.7
core 227 m 8 profiles 143327232 fails 0 solved 4356 secs 0.7
core 228 m 8 profiles 143327232 fails 0 solved 3474 secs 0.6
core 229 m 8 profiles 143327232 fails 0 solved 4583 secs 0.7
core 230 m 8 profiles 143327232 fails 0 solved 5178 secs 0.9
core 231 m 8 profiles 143327232 fails 0 solved 1210 secs 0.4
core 232 m 8 profiles 143327232 fails 0 solved 4039 secs 0.6
core 233 m 8 profiles 143327232 fails 0 solved 5060 secs 0.9
core 234 m 8 profiles 143327232 fails 0 solved 3371 secs 0.8
core 235 m 8 profiles 143327232 fails 0 solved 5359 secs 1.0
core 236 m 8 profiles 143327232 fails 0 solved 5530 secs 0.8
core 237 m 8 profiles 143327232 fails 0 solved 1885 secs 0.4
core 238 m 8 profiles 143327232 fails 0 solved 6744 secs 0.9
core 239 m 8 profiles 143327232 fails 0 solved 1246 secs 0.2
core 240 m 8 profiles 143327232 fails 0 solved 3609 secs 0.8
core 241 m 8 profiles 143327232 fails 0 solved 4267 secs 0.7
core 242 m 8 profiles 143327232 fails 0 solved 5705 secs 0.7
core 243 m 8 profiles 143327232 fails 0 solved 5019 secs 0.9
core 244 m 8 profiles 143327232 fails 0 solved 4365 secs 0.9
core 245 m 8 profiles 143327232 fails 0 solved 5267 secs 0.7
core 246 m 9 profiles 35831808 fails 0 solved 965 secs 0.5
core 247 m 9 profiles 35831808 fails 0 solved 2023 secs 0.3
core 248 m 9 profiles 35831808 fails 0 solved 491 secs 0.2
core 249 m 9 profiles 35831808 fails 0 solved 1676 secs 0.2
core 250 m 9 profiles 35831808 fails 0 solved 1344 secs 0.2
core 251 m 9 profiles 35831808 fails 0 solved 406 secs 0.3
core 252 m 9 profiles 17915904 fails 0 solved 3422 secs 0.4
core 253 m 9 profiles 17915904 fails 0 solved 3797 secs 0.2
core 254 m 9 profiles 35831808 fails 0 solved 2882 secs 0.3
core 255 m 9 profiles 35831808 fails 0 solved 2634 secs 0.5
core 256 m 9 profiles 35831808 fails 0 solved 3386 secs 0.2
core 257 m 9 profiles 35831808 fails 0 solved 3024 secs 0.4
core 258 m 9 profiles 35831808 fails 0 solved 1231 secs 0.5
core 259 m 9 profiles 35831808 fails 0 solved 1637 secs 0.2
core 260 m 9 profiles 35831808 fails 0 solved 1376 secs 0.2
core 261 m 9 profiles 35831808 fails 0 solved 1931 secs 0.4
core 262 m 9 profiles 35831808 fails 0 solved 3479 secs 0.2
core 263 m 9 profiles 35831808 fails 0 solved 1848 secs 0.2
core 264 m 9 profiles 35831808 fails 0 solved 1561 secs 0.3
core 265 m 9 profiles 35831808 fails 0 solved 3134 secs 0.3
core 266 m 9 profiles 35831808 fails 0 solved 5471 secs 0.4
core 267 m 9 profiles 17915904 fails 0 solved 4574 secs 0.4
core 268 m 9 profiles 35831808 fails 0 solved 3176 secs 0.3
core 269 m 9 profiles 35831808 fails 0 solved 4940 secs 0.2
core 270 m 9 profiles 35831808 fails 0 solved 4147 secs 0.2
core 271 m 9 profiles 71663616 fails 0 solved 2456 secs 0.6
core 272 m 9 profiles 71663616 fails 0 solved 3091 secs 0.3
core 273 m 9 profiles 71663616 fails 0 solved 5501 secs 0.5
core 274 m 9 profiles 71663616 fails 0 solved 2350 secs 0.5
core 275 m 9 profiles 71663616 fails 0 solved 4320 secs 0.4
core 276 m 9 profiles 71663616 fails 0 solved 2534 secs 0.5
core 277 m 9 profiles 71663616 fails 0 solved 5205 secs 0.5
core 278 m 9 profiles 71663616 fails 0 solved 4441 secs 0.6
core 279 m 9 profiles 71663616 fails 0 solved 4827 secs 0.5
core 280 m 9 profiles 71663616 fails 0 solved 1601 secs 0.6
core 281 m 9 profiles 71663616 fails 0 solved 1870 secs 0.3
core 282 m 9 profiles 71663616 fails 0 solved 440 secs 0.3
core 283 m 9 profiles 71663616 fails 0 solved 2444 secs 0.5
core 284 m 9 profiles 71663616 fails 0 solved 2562 secs 0.4
core 285 m 9 profiles 71663616 fails 0 solved 1259 secs 0.4
core 286 m 9 profiles 71663616 fails 0 solved 1811 secs 0.5
core 287 m 9 profiles 71663616 fails 0 solved 2985 secs 0.5
core 288 m 9 profiles 71663616 fails 0 solved 1769 secs 0.4
core 289 m 9 profiles 71663616 fails 0 solved 2402 secs 0.6
core 290 m 9 profiles 71663616 fails 0 solved 2753 secs 0.5
core 291 m 9 profiles 71663616 fails 0 solved 2408 secs 0.7
core 292 m 9 profiles 71663616 fails 0 solved 3002 secs 0.5
core 293 m 9 profiles 71663616 fails 0 solved 1417 secs 0.6
core 294 m 9 profiles 71663616 fails 0 solved 2767 secs 0.4
core 295 m 9 profiles 71663616 fails 0 solved 4252 secs 0.5
core 296 m 9 profiles 71663616 fails 0 solved 4047 secs 0.4
core 297 m 9 profiles 71663616 fails 0 solved 2037 secs 0.5
core 298 m 9 profiles 71663616 fails 0 solved 1520 secs 0.5
core 299 m 9 profiles 71663616 fails 0 solved 720 secs 0.6
core 300 m 9 profiles 71663616 fails 0 solved 3508 secs 0.4
core 301 m 9 profiles 71663616 fails 0 solved 1648 secs 0.5
core 302 m 9 profiles 71663616 fails 0 solved 1272 secs 0.3
core 303 m 9 profiles 71663616 fails 0 solved 3271 secs 0.5
core 304 m 9 profiles 71663616 fails 0 solved 2603 secs 0.6
core 305 m 9 profiles 71663616 fails 0 solved 1556 secs 0.5
core 306 m 9 profiles 71663616 fails 0 solved 1812 secs 0.4
core 307 m 9 profiles 71663616 fails 0 solved 426 secs 0.2
core 308 m 9 profiles 143327232 fails 0 solved 1660 secs 0.5
core 309 m 9 profiles 143327232 fails 0 solved 3234 secs 0.8
core 310 m 9 profiles 143327232 fails 0 solved 2049 secs 0.7
core 311 m 9 profiles 143327232 fails 0 solved 3379 secs 1.1
core 312 m 9 profiles 143327232 fails 0 solved 3307 secs 0.7
core 313 m 9 profiles 143327232 fails 0 solved 3373 secs 1.1
core 314 m 9 profiles 143327232 fails 0 solved 3539 secs 0.9
core 315 m 9 profiles 143327232 fails 0 solved 3020 secs 0.7
core 316 m 9 profiles 143327232 fails 0 solved 5479 secs 1.1
core 317 m 9 profiles 143327232 fails 0 solved 2088 secs 0.6
core 318 m 10 profiles 17915904 fails 0 solved 826 secs 0.2
core 319 m 10 profiles 17915904 fails 0 solved 1024 secs 0.2
core 320 m 10 profiles 17915904 fails 0 solved 1992 secs 0.2
core 321 m 10 profiles 35831808 fails 0 solved 845 secs 0.3
core 322 m 10 profiles 35831808 fails 0 solved 1075 secs 0.3
core 323 m 10 profiles 35831808 fails 0 solved 1453 secs 0.4
core 324 m 10 profiles 35831808 fails 0 solved 878 secs 0.3
core 325 m 10 profiles 35831808 fails 0 solved 469 secs 0.3
core 326 m 10 profiles 17915904 fails 0 solved 947 secs 0.2
core 327 m 10 profiles 17915904 fails 0 solved 2808 secs 0.2
core 328 m 10 profiles 17915904 fails 0 solved 2430 secs 0.2
core 329 m 10 profiles 35831808 fails 0 solved 648 secs 0.5
core 330 m 10 profiles 35831808 fails 0 solved 1596 secs 0.4
core 331 m 10 profiles 35831808 fails 0 solved 804 secs 0.2
core 332 m 10 profiles 35831808 fails 0 solved 1272 secs 0.2
core 333 m 10 profiles 35831808 fails 0 solved 1419 secs 0.2
core 334 m 10 profiles 35831808 fails 0 solved 494 secs 0.2
core 335 m 10 profiles 71663616 fails 0 solved 1692 secs 0.4
core 336 m 10 profiles 71663616 fails 0 solved 375 secs 0.4
core 337 m 10 profiles 71663616 fails 0 solved 1408 secs 0.3
core 338 m 11 profiles 17915904 fails 0 solved 691 secs 0.2
FILE ../results/k4_certs_4_n4_3.json.gz cores 339 profiles 34971844608 solved 1927935 templates 1927935 cachehits 451925257 fails 0 verified 0 faillines 0
# finished Fri Sep 25 20:48:31 UTC 2026
