# k = 4, n = 3, sample: the long list of potentials (feature indices: featname in k4/c4x.c)
# command: python3 k4/c4x_run.py results/k4_certs_3.json.gz -R -p "0;1;2;3;4;5;6;7;8;9;6,0;6,3;6,2;6,1;0,6;6,9;6,9,0;6,4;3,6;6,10,0;6,7,0;6,12,0;6,8;6,8,0;6,8,3;6,8,2;6,8,9;6,9,8;6,11;6,13;6,14;6,15;6,8,13;6,8,14;6,8,15;8,6;6,16;6,8,16;6,16,8;6,8,16,0;6,8,16,3;6,17;6,17,0" --rand=20000 --jobs=4
FILE results/k4_certs_3.json.gz cores 51 profiles 1020000 valid 22336951 tested 21195831 nocomp 0 ronone 0 ronone_any 0 paretomax 0 paretofail 0
  (sumlev)                         every-max fails          458   some-max fails            0
  (sum2lev)                        every-max fails         1037   some-max fails          847
  (leximax)                        every-max fails         1118   some-max fails          928
  (leximin)                        every-max fails          190   some-max fails            0
  (sumval)                         every-max fails          474   some-max fails            0
  (sumvalnorm)                     every-max fails          295   some-max fails          165
  (-frozen)                        every-max fails        40749   some-max fails            0
  (upgraded)                       every-max fails        41357   some-max fails            0
  (slots)                          every-max fails        23470   some-max fails          198
  (-exposed)                       every-max fails       284004   some-max fails            0
  (-frozen,sumlev)                 every-max fails          453   some-max fails            0
  (-frozen,leximin)                every-max fails          190   some-max fails            0
  (-frozen,leximax)                every-max fails          487   some-max fails          297
  (-frozen,sum2lev)                every-max fails          487   some-max fails          297
  (sumlev,-frozen)                 every-max fails          453   some-max fails            0
  (-frozen,-exposed)               every-max fails        32240   some-max fails            0
  (-frozen,-exposed,sumlev)        every-max fails          312   some-max fails            0
  (-frozen,sumval)                 every-max fails          450   some-max fails            0
  (leximin,-frozen)                every-max fails          190   some-max fails            0
  (-frozen,-empty,sumlev)          every-max fails          453   some-max fails            0
  (-frozen,upgraded,sumlev)        every-max fails          347   some-max fails            0
  (-frozen,-upgraded,sumlev)       every-max fails          185   some-max fails          176
  (-frozen,slots)                  every-max fails          743   some-max fails            0
  (-frozen,slots,sumlev)           every-max fails          185   some-max fails          176
  (-frozen,slots,leximin)          every-max fails           15   some-max fails            8
  (-frozen,slots,leximax)          every-max fails          185   some-max fails          178
  (-frozen,slots,-exposed)         every-max fails          491   some-max fails           91
  (-frozen,-exposed,slots)         every-max fails         2341   some-max fails          101
  (-frozen,junk)                   every-max fails          743   some-max fails            0
  (-frozen,frozen-sumlev)          every-max fails        38592   some-max fails          182
  (-frozen,frozen-leximin)         every-max fails        38592   some-max fails          182
  (-frozen,free-sumlev)            every-max fails          204   some-max fails           10
  (-frozen,slots,frozen-sumlev)    every-max fails          196   some-max fails          177
  (-frozen,slots,frozen-leximin)   every-max fails          196   some-max fails          177
  (-frozen,slots,free-sumlev)      every-max fails          349   some-max fails            7
  (slots,-frozen)                  every-max fails         3925   some-max fails          198
  (-frozen,-exposed0)              every-max fails        32240   some-max fails            0
  (-frozen,slots,-exposed0)        every-max fails          468   some-max fails            0
  (-frozen,-exposed0,slots)        every-max fails          485   some-max fails            0
  (-frozen,slots,-exposed0,sumlev) every-max fails          164   some-max fails          160
  (-frozen,slots,-exposed0,leximin) every-max fails            5   some-max fails            3
  (-frozen,-rodef)                 every-max fails            0   some-max fails            0
  (-frozen,-rodef,sumlev)          every-max fails            0   some-max fails            0

