# command: python3 c4min_climb.py --glue=../results/k4_certs_3.json.gz:../results/k4_certs_3.json.gz:40:merge --iters=2000 --restarts=2 --order=0 --seed=71 --jobs=1 --top=3
# commit e965821, k4/c4min_hunt.c sha1 60fbc9be5f85, started Fri Sep 25 22:06:51 UTC 2026
# 40 cores; iters 2000 restarts 2 stale 400 order 0 seed 71
# done in 2 s; cores 40; CEX lines 0
# best (owner needed, d*, min(good, 3)) per core: (1, -1, 3): 12, (1, -1, 2): 5, (1, -1, 1): 6, (1, -2, 3): 7, (1, -2, 2): 3, (1, -2, 1): 1, (0, 0, 3): 5, (0, -1, 3): 1
TIGHT glue-merge#5 m 13 sets [[0, 1, 2, 3], [1, 4, 5, 3], [2, 4, 5, 3], [6, 7, 1, 8], [9, 10, 11, 8], [12, 1, 11, 8]]
  BEST dstar -1 good 1 fstar 0 evals 1048 cex 0 owner 1 sigma -1 types 26 23 14 114 15 124 values [0:2,1:7,2:6,3:10] [1:2,4:6,5:10,3:7] [2:2,4:4,5:8,3:3] [6:6,7:4,1:3,8:8] [9:2,10:4,11:8,8:5] [12:4,1:10,11:7,8:2]
TIGHT glue-merge#11 m 13 sets [[0, 1, 2, 3], [4, 5, 2, 6], [7, 3, 6], [8, 9, 2, 10], [8, 9, 11, 12], [2, 10, 11, 12]]
  BEST dstar -1 good 1 fstar 0 evals 1175 cex 0 owner 1 sigma -1 types 129 17 0 60 195 280 values [0:7,1:4,2:10,3:2] [4:2,5:4,2:10,6:7] [7:2,3:3,6:4] [8:3,9:6,2:10,10:2] [8:7,9:4,11:2,12:10] [2:10,10:7,11:2,12:4]
TIGHT glue-merge#20 m 11 sets [[0, 1, 2, 3], [4, 1, 2, 3], [1, 2, 3], [5, 6, 7, 3], [8, 6, 9, 3], [10, 7, 9, 3]]
  BEST dstar -1 good 1 fstar 2 evals 1525 cex 0 owner 1 sigma 1 types 73 39 2 246 157 17 values [0:3,1:10,2:4,3:8] [4:2,1:10,2:6,3:7] [1:3,2:2,3:4] [5:8,6:6,7:3,3:10] [8:6,6:3,9:10,3:8] [10:2,7:4,9:10,3:7]
# finished Fri Sep 25 22:06:53 UTC 2026
# command: python3 c4min_climb.py --glue=../results/k4_certs_3.json.gz:../results/k4_certs_3.json.gz:40:link --iters=2000 --restarts=2 --order=0 --seed=71 --jobs=1 --top=3
# commit e965821, k4/c4min_hunt.c sha1 60fbc9be5f85, started Fri Sep 25 22:06:53 UTC 2026
# 40 cores; iters 2000 restarts 2 stale 400 order 0 seed 71
# done in 6 s; cores 40; CEX lines 0
# best (owner needed, d*, min(good, 3)) per core: (1, -1, 3): 7, (1, -1, 2): 4, (1, -1, 1): 6, (1, -2, 3): 10, (1, -2, 2): 5, (1, -2, 1): 6, (0, 0, 3): 2
TIGHT glue-link#5 m 16 sets [[0, 1, 2, 3], [1, 4, 5, 3], [2, 4, 5, 3], [6, 7, 8, 9], [10, 11, 12, 9], [13, 8, 12, 9], [1, 8, 14, 15]]
  BEST dstar -1 good 1 fstar 0 evals 1363 cex 0 owner 1 sigma -2 types 32 264 233 44 28 117 131 values [0:2,1:8,2:4,3:5] [1:10,4:3,5:2,3:6] [2:8,4:4,5:5,3:2] [6:3,7:5,8:6,9:7] [10:2,11:7,12:10,9:4] [13:4,8:8,12:6,9:1] [1:10,8:6,14:2,15:7]
TIGHT glue-link#9 m 14 sets [[0, 1, 2, 3], [4, 1, 2, 3], [1, 2, 3], [5, 6, 7, 8], [9, 6, 7, 10], [11, 8, 10], [0, 9, 12, 13]]
  BEST dstar -1 good 1 fstar 1 evals 1573 cex 0 owner 1 sigma 0 types 44 9 2 130 261 2 138 values [0:3,1:2,2:8,3:4] [4:2,1:3,2:10,3:6] [1:3,2:2,3:4] [5:5,6:4,7:2,8:8] [9:10,6:2,7:6,10:7] [11:3,8:2,10:4] [0:10,9:7,12:4,13:2]
TIGHT glue-link#10 m 14 sets [[0, 1, 2, 3], [4, 5, 2, 3], [6, 5, 2, 3], [7, 8, 9], [10, 11, 8, 9], [10, 11, 9], [4, 10, 12, 13]]
  BEST dstar -1 good 1 fstar 1 evals 1510 cex 0 owner 1 sigma 0 types 34 283 94 2 150 2 77 values [0:3,1:2,2:4,3:8] [4:10,5:7,2:6,3:2] [6:4,5:5,2:2,3:8] [7:3,8:2,9:4] [10:6,11:3,8:2,9:10] [10:3,11:2,9:4] [4:7,10:10,12:2,13:6]
# finished Fri Sep 25 22:06:59 UTC 2026
# command: python3 c4min_climb.py --glue=../results/k4_certs_3.json.gz:../results/k4_certs_3.json.gz:40:link3 --iters=2000 --restarts=2 --order=0 --seed=71 --jobs=1 --top=3
# commit e965821, k4/c4min_hunt.c sha1 60fbc9be5f85, started Fri Sep 25 22:06:59 UTC 2026
# 40 cores; iters 2000 restarts 2 stale 400 order 0 seed 71
# done in 5 s; cores 40; CEX lines 0
# best (owner needed, d*, min(good, 3)) per core: (1, -1, 3): 3, (1, -1, 2): 5, (1, -1, 1): 2, (1, -2, 3): 21, (1, -2, 2): 4, (1, -2, 1): 1, (0, 0, 3): 4
TIGHT glue-link3#5 m 15 sets [[0, 1, 2, 3], [1, 4, 5, 3], [2, 4, 5, 3], [6, 7, 8, 9], [10, 11, 12, 9], [13, 8, 12, 9], [1, 8, 14]]
  BEST dstar -1 good 1 fstar 0 evals 1156 cex 0 owner 1 sigma -1 types 94 168 11 49 101 118 5 values [0:4,1:5,2:2,3:8] [1:6,4:7,5:2,3:10] [2:2,4:4,5:5,3:8] [6:3,7:6,8:7,9:5] [10:6,11:1,12:8,9:4] [13:4,8:8,12:6,9:3] [1:4,8:3,14:2]
TIGHT glue-link3#11 m 15 sets [[0, 1, 2, 3], [4, 5, 2, 6], [7, 3, 6], [8, 9, 10, 11], [8, 9, 12, 13], [10, 11, 12, 13], [2, 10, 14]]
  BEST dstar -1 good 1 fstar 0 evals 1563 cex 0 owner 1 sigma -1 types 47 17 0 22 200 226 1 values [0:3,1:6,2:4,3:8] [4:2,5:4,2:10,6:7] [7:2,3:3,6:4] [8:2,9:6,10:10,11:3] [8:7,9:6,12:2,13:10] [10:8,11:4,12:1,13:6] [2:2,10:4,14:3]
TIGHT glue-link3#4 m 15 sets [[0, 1, 2, 3], [4, 5, 6, 3], [1, 5, 2, 6], [7, 8, 9, 10], [9, 11, 12, 13], [10, 11, 12, 13], [1, 13, 14]]
  BEST dstar -1 good 2 fstar 0 evals 1219 cex 0 owner 1 sigma -1 types 76 181 163 62 80 94 3 values [0:3,1:10,2:8,3:4] [4:6,5:10,6:2,3:7] [1:6,5:4,2:8,6:5] [7:4,8:1,9:6,10:8] [9:4,11:2,12:3,13:8] [10:4,11:5,12:2,13:8] [1:3,13:4,14:2]
# finished Fri Sep 25 22:07:04 UTC 2026
# command: python3 c4min_climb.py --glue=../results/k4_certs_3.json.gz:../results/k4_certs_4_pure.json.gz:40:merge --iters=2000 --restarts=2 --order=0 --seed=71 --jobs=1 --top=3
# commit e965821, k4/c4min_hunt.c sha1 60fbc9be5f85, started Fri Sep 25 22:07:04 UTC 2026
# 40 cores; iters 2000 restarts 2 stale 400 order 0 seed 71
# done in 6 s; cores 40; CEX lines 0
# best (owner needed, d*, min(good, 3)) per core: (1, -1, 3): 10, (1, -1, 2): 4, (1, -1, 1): 3, (1, -2, 3): 15, (1, -2, 2): 6, (1, -2, 1): 1, (0, 0, 3): 1
TIGHT glue-merge#16 m 16 sets [[0, 1, 2, 3], [4, 2, 5, 6], [7, 3, 5, 6], [8, 9, 3, 10], [11, 3, 12, 10], [13, 14, 15, 10], [14, 15, 12, 10]]
  BEST dstar -1 good 1 fstar 0 evals 1786 cex 0 owner 1 sigma -2 types 118 225 39 100 12 34 212 values [0:6,1:5,2:4,3:8] [4:8,2:3,5:10,6:6] [7:2,3:10,5:6,6:7] [8:6,9:1,3:4,10:8] [11:2,3:4,12:7,10:8] [13:2,14:8,15:5,10:4] [14:8,15:2,12:3,10:4]
TIGHT glue-merge#21 m 16 sets [[0, 1, 2, 3], [4, 5, 6, 3], [1, 5, 2, 6], [3, 7, 8, 9], [10, 11, 8, 12], [13, 14, 9, 12], [15, 8, 9, 12]]
  BEST dstar -1 good 1 fstar 0 evals 1494 cex 0 owner 1 sigma -2 types 19 18 9 217 29 50 82 values [0:2,1:5,2:8,3:4] [4:2,5:5,6:4,3:8] [1:2,5:3,2:10,6:6] [3:8,7:2,8:7,9:4] [10:2,11:7,8:10,12:6] [13:3,14:6,9:8,12:4] [15:4,8:2,9:7,12:8]
TIGHT glue-merge#39 m 15 sets [[0, 1, 2, 3], [4, 5, 3], [5, 2, 3], [6, 7, 2, 8], [9, 10, 2, 8], [11, 12, 2, 8], [13, 14, 2, 8]]
  BEST dstar -1 good 1 fstar 1 evals 892 cex 0 owner 1 sigma -1 types 67 2 0 103 11 97 62 values [0:4,1:2,2:7,3:10] [4:3,5:2,3:4] [5:2,2:3,3:4] [6:6,7:2,2:7,8:10] [9:2,10:4,2:5,8:8] [11:5,12:4,2:8,8:6] [13:4,14:1,2:6,8:8]
# finished Fri Sep 25 22:07:11 UTC 2026
# command: python3 c4min_climb.py --glue=../results/k4_certs_3.json.gz:../results/k4_certs_4_pure.json.gz:40:link --iters=2000 --restarts=2 --order=0 --seed=71 --jobs=1 --top=3
# commit e965821, k4/c4min_hunt.c sha1 60fbc9be5f85, started Fri Sep 25 22:07:11 UTC 2026
# 40 cores; iters 2000 restarts 2 stale 400 order 0 seed 71
# done in 14 s; cores 40; CEX lines 0
# best (owner needed, d*, min(good, 3)) per core: (1, -1, 3): 7, (1, -1, 2): 4, (1, -1, 1): 7, (1, -2, 3): 14, (1, -2, 2): 5, (1, -2, 1): 3
TIGHT glue-link#4 m 18 sets [[0, 1, 2, 3], [4, 5, 6, 3], [1, 5, 2, 6], [7, 8, 9, 10], [11, 12, 9, 10], [13, 14, 15, 10], [14, 15, 9, 10], [1, 9, 16, 17]]
  BEST dstar -1 good 1 fstar 0 evals 1349 cex 0 owner 1 sigma -2 types 115 16 253 47 71 21 1 28 values [0:4,1:8,2:5,3:2] [4:2,5:4,6:8,3:7] [1:8,5:7,2:4,6:2] [7:3,8:6,9:4,10:8] [11:4,12:2,9:10,10:7] [13:2,14:6,15:7,10:10] [14:1,15:4,9:8,10:6] [1:4,9:8,16:6,17:1]
TIGHT glue-link#5 m 17 sets [[0, 1, 2, 3], [4, 5, 6, 3], [7, 2, 6, 3], [8, 9, 10, 11], [12, 13, 14, 11], [9, 10, 14, 11], [13, 10, 14, 11], [2, 14, 15, 16]]
  BEST dstar -1 good 1 fstar 1 evals 1207 cex 0 owner 1 sigma -1 types 91 36 44 59 114 86 60 77 values [0:5,1:2,2:8,3:4] [4:3,5:2,6:8,3:4] [7:3,2:2,6:8,3:4] [8:3,9:6,10:8,11:10] [12:4,13:8,14:3,11:10] [9:4,10:2,14:8,11:7] [13:3,10:6,14:10,11:2] [2:7,14:10,15:2,16:6]
TIGHT glue-link#8 m 19 sets [[0, 1, 2, 3], [4, 5, 2, 3], [5, 2, 3], [6, 7, 8, 9], [10, 11, 8, 12], [13, 14, 15, 12], [16, 9, 15, 12], [5, 8, 17, 18]]
  BEST dstar -1 good 1 fstar 0 evals 980 cex 0 owner 1 sigma -3 types 11 181 5 125 91 137 68 100 values [0:2,1:4,2:5,3:8] [4:6,5:10,2:2,3:7] [5:4,2:3,3:2] [6:7,7:2,8:10,9:6] [10:5,11:2,8:8,12:4] [13:8,14:3,15:10,12:6] [16:3,9:8,15:6,12:4] [5:8,8:5,17:2,18:4]
# finished Fri Sep 25 22:07:25 UTC 2026
# command: python3 c4min_climb.py --glue=../results/k4_certs_3.json.gz:../results/k4_certs_4_pure.json.gz:40:link3 --iters=2000 --restarts=2 --order=0 --seed=71 --jobs=1 --top=3
# commit e965821, k4/c4min_hunt.c sha1 60fbc9be5f85, started Fri Sep 25 22:07:25 UTC 2026
# 40 cores; iters 2000 restarts 2 stale 400 order 0 seed 71
# done in 10 s; cores 40; CEX lines 0
# best (owner needed, d*, min(good, 3)) per core: (1, 0, 3): 1, (1, -1, 3): 2, (1, -1, 2): 5, (1, -1, 1): 4, (1, -2, 3): 17, (1, -2, 2): 5, (1, -2, 1): 2, (1, -3, 3): 3, (1, -3, 2): 1
TIGHT glue-link3#21 m 18 sets [[0, 1, 2, 3], [4, 5, 6, 3], [1, 5, 2, 6], [7, 8, 9, 10], [11, 12, 9, 13], [14, 15, 10, 13], [16, 9, 10, 13], [3, 7, 17]]
  BEST dstar 0 good 4 fstar 0 evals 1453 cex 0 owner 1 sigma -2 types 104 200 120 197 81 46 130 3 values [0:4,1:7,2:2,3:8] [4:7,5:6,6:2,3:10] [1:4,5:8,2:7,6:2] [7:7,8:4,9:10,10:2] [11:4,12:5,9:8,13:6] [14:3,15:6,10:2,13:10] [16:5,9:4,10:2,13:8] [3:3,7:4,17:2]
TIGHT glue-link3#4 m 17 sets [[0, 1, 2, 3], [4, 5, 6, 3], [1, 5, 2, 6], [7, 8, 9, 10], [11, 12, 9, 10], [13, 14, 15, 10], [14, 15, 9, 10], [1, 9, 16]]
  BEST dstar -1 good 1 fstar 0 evals 1263 cex 0 owner 1 sigma -1 types 115 16 253 47 71 21 1 3 values [0:4,1:8,2:5,3:2] [4:2,5:4,6:8,3:7] [1:8,5:7,2:4,6:2] [7:3,8:6,9:4,10:8] [11:4,12:2,9:10,10:7] [13:2,14:6,15:7,10:10] [14:1,15:4,9:8,10:6] [1:3,9:4,16:2]
TIGHT glue-link3#5 m 16 sets [[0, 1, 2, 3], [4, 5, 6, 3], [7, 2, 6, 3], [8, 9, 10, 11], [12, 13, 14, 11], [9, 10, 14, 11], [13, 10, 14, 11], [2, 14, 15]]
  BEST dstar -1 good 1 fstar 1 evals 968 cex 0 owner 1 sigma 0 types 91 15 121 59 114 86 60 3 values [0:5,1:2,2:8,3:4] [4:2,5:4,6:8,3:5] [7:4,2:8,6:10,3:3] [8:3,9:6,10:8,11:10] [12:4,13:8,14:3,11:10] [9:4,10:2,14:8,11:7] [13:3,10:6,14:10,11:2] [2:3,14:4,15:2]
# finished Fri Sep 25 22:07:36 UTC 2026
# command: python3 c4min_climb.py --glue=../results/k4_certs_4_pure.json.gz:../results/k4_certs_4_pure.json.gz:40:merge --iters=2000 --restarts=2 --order=0 --seed=71 --jobs=1 --top=3
# commit e965821, k4/c4min_hunt.c sha1 60fbc9be5f85, started Fri Sep 25 22:07:36 UTC 2026
# 40 cores; iters 2000 restarts 2 stale 400 order 0 seed 71
# done in 20 s; cores 40; CEX lines 0
# best (owner needed, d*, min(good, 3)) per core: (1, 0, 3): 1, (1, -1, 3): 5, (1, -1, 2): 5, (1, -1, 1): 7, (1, -2, 3): 10, (1, -2, 2): 5, (1, -2, 1): 5, (1, -3, 3): 2
TIGHT glue-merge#12 m 19 sets [[0, 1, 2, 3], [4, 5, 6, 7], [8, 9, 6, 7], [5, 2, 3, 9], [10, 11, 12, 13], [14, 15, 12, 13], [16, 6, 17, 18], [6, 17, 18, 13]]
  BEST dstar 0 good 4 fstar 0 evals 1967 cex 0 owner 1 sigma -3 types 101 166 171 130 106 94 96 99 values [0:6,1:1,2:8,3:4] [4:6,5:5,6:7,7:3] [8:6,9:7,6:10,7:2] [5:5,2:4,3:2,9:8] [10:6,11:3,12:2,13:10] [14:5,15:4,12:2,13:8] [16:4,6:5,17:8,18:2] [6:4,17:6,18:3,13:8]
TIGHT glue-merge#1 m 17 sets [[0, 1, 2, 3], [4, 1, 2, 3], [5, 6, 1, 3], [5, 6, 2, 3], [7, 8, 9, 10], [11, 12, 9, 10], [3, 13, 14, 10], [15, 16, 14, 10]]
  BEST dstar -1 good 1 fstar 0 evals 1842 cex 0 owner 1 sigma -1 types 96 188 211 231 25 49 229 103 values [0:4,1:5,2:8,3:2] [4:7,1:2,2:6,3:10] [5:8,6:1,1:6,3:4] [5:8,6:4,2:3,3:6] [7:2,8:7,9:4,10:10] [11:3,12:6,9:7,10:5] [3:8,13:4,14:2,10:7] [15:6,16:2,14:7,10:10]
TIGHT glue-merge#9 m 18 sets [[0, 1, 2, 3], [4, 5, 6, 3], [5, 7, 2, 3], [6, 7, 2, 3], [8, 9, 2, 10], [11, 12, 2, 13], [14, 15, 16, 13], [17, 10, 16, 13]]
  BEST dstar -1 good 1 fstar 0 evals 1097 cex 0 owner 1 sigma -2 types 15 151 71 8 71 57 138 4 values [0:2,1:4,2:8,3:5] [4:6,5:3,6:4,3:8] [5:3,7:8,2:10,3:6] [6:2,7:3,2:8,3:4] [8:4,9:2,2:10,10:7] [11:3,12:8,2:6,13:10] [14:8,15:4,16:3,13:10] [17:1,10:8,16:4,13:6]
# finished Fri Sep 25 22:07:56 UTC 2026
# command: python3 c4min_climb.py --glue=../results/k4_certs_4_pure.json.gz:../results/k4_certs_4_pure.json.gz:40:link --iters=2000 --restarts=2 --order=0 --seed=71 --jobs=1 --top=3
# commit e965821, k4/c4min_hunt.c sha1 60fbc9be5f85, started Fri Sep 25 22:07:56 UTC 2026
# 40 cores; iters 2000 restarts 2 stale 400 order 0 seed 71
# done in 62 s; cores 40; CEX lines 0
# best (owner needed, d*, min(good, 3)) per core: (1, 0, 3): 1, (1, -1, 3): 4, (1, -1, 2): 5, (1, -1, 1): 10, (1, -2, 3): 6, (1, -2, 2): 7, (1, -2, 1): 4, (1, -3, 3): 2, (1, -3, 2): 1
TIGHT glue-link#12 m 22 sets [[0, 1, 2, 3], [4, 5, 6, 7], [8, 9, 6, 7], [5, 2, 3, 9], [10, 11, 12, 13], [14, 15, 12, 13], [16, 17, 18, 19], [17, 18, 19, 13], [6, 17, 20, 21]]
  BEST dstar 0 good 4 fstar 0 evals 2004 cex 0 owner 1 sigma -4 types 63 71 153 252 46 86 104 50 32 values [0:4,1:1,2:8,3:6] [4:3,5:8,6:10,7:6] [8:6,9:3,6:7,7:5] [5:8,2:7,3:2,9:4] [10:3,11:6,12:2,13:10] [14:4,15:7,12:2,13:10] [16:4,17:7,18:2,19:8] [17:3,18:4,19:8,13:10] [6:4,17:10,20:2,21:7]
TIGHT glue-link#1 m 20 sets [[0, 1, 2, 3], [4, 1, 2, 3], [5, 6, 1, 3], [5, 6, 2, 3], [7, 8, 9, 10], [11, 12, 9, 10], [13, 14, 15, 10], [16, 17, 15, 10], [3, 13, 18, 19]]
  BEST dstar -1 good 1 fstar 0 evals 1639 cex 0 owner 1 sigma -2 types 188 94 158 80 11 24 240 90 88 values [0:7,1:2,2:6,3:10] [4:4,1:5,2:2,3:8] [5:6,6:4,1:1,3:8] [5:4,6:2,2:3,3:8] [7:2,8:4,9:5,10:8] [11:2,12:7,9:4,10:8] [13:8,14:5,15:2,10:4] [16:5,17:2,15:4,10:8] [3:8,13:4,18:1,19:6]
TIGHT glue-link#5 m 20 sets [[0, 1, 2, 3], [4, 5, 6, 3], [7, 5, 6, 3], [1, 2, 6, 3], [8, 9, 10, 11], [12, 9, 13, 14], [15, 16, 10, 14], [17, 16, 13, 11], [3, 15, 18, 19]]
  BEST dstar -1 good 1 fstar 0 evals 1743 cex 0 owner 1 sigma -2 types 25 171 126 147 107 140 247 115 90 values [0:2,1:7,2:4,3:10] [4:6,5:7,6:10,3:2] [7:5,5:2,6:4,3:8] [1:6,2:2,6:7,3:10] [8:4,9:7,10:10,11:2] [12:5,9:8,13:2,14:4] [15:8,16:6,10:4,14:1] [17:4,16:8,13:5,11:2] [3:8,15:4,18:2,19:5]
# finished Fri Sep 25 22:08:58 UTC 2026
# command: python3 c4min_climb.py --glue=../results/k4_certs_4_pure.json.gz:../results/k4_certs_4_pure.json.gz:40:link3 --iters=2000 --restarts=2 --order=0 --seed=71 --jobs=1 --top=3
# commit e965821, k4/c4min_hunt.c sha1 60fbc9be5f85, started Fri Sep 25 22:08:58 UTC 2026
# 40 cores; iters 2000 restarts 2 stale 400 order 0 seed 71
# done in 34 s; cores 40; CEX lines 0
# best (owner needed, d*, min(good, 3)) per core: (1, 0, 3): 2, (1, -1, 3): 4, (1, -1, 2): 4, (1, -1, 1): 7, (1, -2, 3): 11, (1, -2, 2): 6, (1, -2, 1): 1, (1, -3, 3): 4, (1, -3, 2): 1
TIGHT glue-link3#12 m 21 sets [[0, 1, 2, 3], [4, 5, 6, 7], [8, 9, 6, 7], [5, 2, 3, 9], [10, 11, 12, 13], [14, 15, 12, 13], [16, 17, 18, 19], [17, 18, 19, 13], [6, 17, 20]]
  BEST dstar 0 good 4 fstar 0 evals 1848 cex 0 owner 1 sigma -3 types 63 71 153 252 46 86 104 50 1 values [0:4,1:1,2:8,3:6] [4:3,5:8,6:10,7:6] [8:6,9:3,6:7,7:5] [5:8,2:7,3:2,9:4] [10:3,11:6,12:2,13:10] [14:4,15:7,12:2,13:10] [16:4,17:7,18:2,19:8] [17:3,18:4,19:8,13:10] [6:2,17:4,20:3]
TIGHT glue-link3#22 m 21 sets [[0, 1, 2, 3], [4, 5, 6, 3], [2, 7, 8, 9], [7, 8, 9, 6], [10, 11, 12, 13], [14, 15, 12, 16], [17, 18, 13, 16], [19, 12, 13, 16], [0, 10, 20]]
  BEST dstar 0 good 4 fstar 1 evals 1510 cex 0 owner 1 sigma -3 types 132 8 171 99 285 8 23 41 4 values [0:5,1:4,2:8,3:2] [4:2,5:3,6:8,3:4] [2:6,7:7,8:10,9:2] [7:4,8:6,9:3,6:8] [10:10,11:8,12:3,13:6] [14:2,15:3,12:8,16:4] [17:2,18:6,13:10,16:7] [19:2,12:10,13:7,16:6] [0:4,10:2,20:3]
TIGHT glue-link3#1 m 19 sets [[0, 1, 2, 3], [4, 1, 2, 3], [5, 6, 1, 3], [5, 6, 2, 3], [7, 8, 9, 10], [11, 12, 9, 10], [13, 14, 15, 10], [16, 17, 15, 10], [3, 13, 18]]
  BEST dstar -1 good 1 fstar 0 evals 1135 cex 0 owner 1 sigma -1 types 134 174 153 26 82 100 215 25 4 values [0:5,1:6,2:3,3:7] [4:6,1:8,2:3,3:10] [5:6,6:3,1:7,3:5] [5:2,6:7,2:6,3:10] [7:4,8:6,9:3,10:8] [11:6,12:1,9:4,10:8] [13:8,14:2,15:4,10:7] [16:2,17:7,15:4,10:10] [3:4,13:2,18:3]
# finished Fri Sep 25 22:09:32 UTC 2026
# command: python3 c4min_climb.py --glue=../results/k4_certs_3.json.gz:../results/k4_certs_4_n4_3.json.gz:40:merge --iters=2000 --restarts=2 --order=0 --seed=71 --jobs=1 --top=3
# commit e965821, k4/c4min_hunt.c sha1 60fbc9be5f85, started Fri Sep 25 22:09:32 UTC 2026
# 40 cores; iters 2000 restarts 2 stale 400 order 0 seed 71
# done in 6 s; cores 40; CEX lines 0
# best (owner needed, d*, min(good, 3)) per core: (1, 0, 3): 2, (1, -1, 3): 11, (1, -1, 2): 3, (1, -1, 1): 2, (1, -2, 3): 17, (1, -2, 2): 4, (1, -3, 3): 1
TIGHT glue-merge#37 m 17 sets [[0, 1, 2, 3], [4, 5, 2, 3], [6, 7, 2, 3], [8, 9, 10, 11], [12, 5, 13, 14], [15, 10, 16, 13], [16, 11, 14]]
  BEST dstar 0 good 4 fstar 0 evals 1053 cex 0 owner 1 sigma -3 types 86 158 72 117 185 25 4 values [0:4,1:7,2:2,3:10] [4:6,5:4,2:1,3:8] [6:4,7:3,2:2,3:8] [8:6,9:4,10:8,11:5] [12:6,5:10,13:8,14:3] [15:2,10:7,16:4,13:10] [16:4,11:2,14:3]
TIGHT glue-merge#38 m 16 sets [[0, 1, 2, 3], [4, 5, 2, 6], [7, 3, 6], [5, 8, 9, 10], [11, 9, 12, 13], [14, 15, 12, 13], [10, 15, 13]]
  BEST dstar 0 good 4 fstar 0 evals 1417 cex 0 owner 1 sigma -2 types 6 200 3 279 110 50 0 values [0:2,1:3,2:4,3:8] [4:7,5:6,2:2,6:10] [7:3,3:4,6:2] [5:10,8:6,9:8,10:3] [11:4,9:8,12:2,13:5] [14:3,15:4,12:8,13:10] [10:2,15:3,13:4]
TIGHT glue-merge#29 m 15 sets [[0, 1, 2, 3], [4, 5, 2, 3], [6, 2, 3], [7, 8, 0, 9], [10, 11, 12, 9], [13, 14, 12, 9], [0, 12, 9]]
  BEST dstar -1 good 1 fstar 0 evals 895 cex 0 owner 1 sigma -1 types 282 50 1 11 123 121 0 values [0:10,1:7,2:4,3:2] [4:3,5:6,2:8,3:4] [6:2,2:4,3:3] [7:2,8:4,0:5,9:8] [10:7,11:2,12:8,9:4] [13:7,14:2,12:4,9:10] [0:2,12:3,9:4]
# finished Fri Sep 25 22:09:39 UTC 2026
# command: python3 c4min_climb.py --glue=../results/k4_certs_3.json.gz:../results/k4_certs_4_n4_3.json.gz:40:link --iters=2000 --restarts=2 --order=0 --seed=71 --jobs=1 --top=3
# commit e965821, k4/c4min_hunt.c sha1 60fbc9be5f85, started Fri Sep 25 22:09:39 UTC 2026
# 40 cores; iters 2000 restarts 2 stale 400 order 0 seed 71
# done in 14 s; cores 40; CEX lines 0
# best (owner needed, d*, min(good, 3)) per core: (1, 0, 3): 2, (1, -1, 3): 3, (1, -1, 2): 4, (1, -1, 1): 2, (1, -2, 3): 11, (1, -2, 2): 9, (1, -2, 1): 4, (1, -3, 3): 3, (1, -3, 2): 1, (1, -3, 1): 1
TIGHT glue-link#37 m 20 sets [[0, 1, 2, 3], [4, 5, 2, 3], [6, 7, 2, 3], [8, 9, 10, 11], [12, 13, 14, 15], [16, 10, 17, 14], [17, 11, 15], [5, 13, 18, 19]]
  BEST dstar 0 good 4 fstar 0 evals 1217 cex 0 owner 1 sigma -4 types 52 171 87 62 110 257 0 134 values [0:3,1:6,2:10,3:2] [4:6,5:7,2:10,3:2] [6:4,7:7,2:10,3:2] [8:4,9:1,10:6,11:8] [12:4,13:8,14:2,15:5] [16:8,10:10,17:6,14:3] [17:2,11:3,15:4] [5:10,13:6,18:7,19:2]
TIGHT glue-link#38 m 19 sets [[0, 1, 2, 3], [4, 5, 2, 6], [7, 3, 6], [8, 9, 10, 11], [12, 10, 13, 14], [15, 16, 13, 14], [11, 16, 14], [5, 8, 17, 18]]
  BEST dstar 0 good 4 fstar 0 evals 1783 cex 0 owner 1 sigma -3 types 20 98 3 222 181 56 0 126 values [0:2,1:6,2:3,3:10] [4:4,5:6,2:1,6:8] [7:3,3:4,6:2] [8:8,9:3,10:6,11:4] [12:6,10:10,13:2,14:7] [15:3,16:6,13:5,14:7] [11:2,16:3,14:4] [5:10,8:4,17:2,18:7]
TIGHT glue-link#20 m 17 sets [[0, 1, 2, 3], [4, 1, 2, 3], [1, 2, 3], [5, 6, 7, 8], [9, 10, 11, 12], [13, 14, 11, 12], [7, 8, 12], [3, 10, 15, 16]]
  BEST dstar -1 good 1 fstar 0 evals 1089 cex 0 owner 1 sigma -1 types 145 189 1 119 206 122 2 101 values [0:6,1:1,2:8,3:4] [4:7,1:2,2:8,3:4] [1:2,2:4,3:3] [5:6,6:5,7:8,8:4] [9:7,10:10,11:2,12:4] [13:7,14:2,11:6,12:10] [7:3,8:2,12:4] [3:8,10:5,15:4,16:2]
# finished Fri Sep 25 22:09:53 UTC 2026
# command: python3 c4min_climb.py --glue=../results/k4_certs_3.json.gz:../results/k4_certs_4_n4_3.json.gz:40:link3 --iters=2000 --restarts=2 --order=0 --seed=71 --jobs=1 --top=3
# commit e965821, k4/c4min_hunt.c sha1 60fbc9be5f85, started Fri Sep 25 22:09:53 UTC 2026
# 40 cores; iters 2000 restarts 2 stale 400 order 0 seed 71
# done in 11 s; cores 40; CEX lines 0
# best (owner needed, d*, min(good, 3)) per core: (1, -1, 3): 5, (1, -1, 2): 4, (1, -2, 3): 16, (1, -2, 2): 5, (1, -2, 1): 2, (1, -3, 3): 8
TIGHT glue-link3#4 m 17 sets [[0, 1, 2, 3], [4, 5, 6, 3], [1, 5, 2, 6], [7, 8, 9, 10], [11, 12, 9, 10], [13, 14, 9, 10], [15, 14, 10], [1, 9, 16]]
  BEST dstar -1 good 2 fstar 0 evals 1263 cex 0 owner 1 sigma -1 types 208 142 93 115 124 60 2 1 values [0:7,1:10,2:4,3:2] [4:5,5:8,6:4,3:6] [1:4,5:3,2:10,6:8] [7:6,8:4,9:5,10:8] [11:7,12:2,9:10,10:4] [13:3,14:6,9:10,10:2] [15:3,14:2,10:4] [1:2,9:4,16:3]
TIGHT glue-link3#28 m 16 sets [[0, 1, 2, 3], [4, 5, 6, 3], [2, 6, 3], [7, 8, 9, 10], [11, 12, 9, 10], [13, 14, 9, 10], [12, 14, 10], [2, 10, 15]]
  BEST dstar -1 good 2 fstar 1 evals 981 cex 0 owner 1 sigma 0 types 105 113 3 107 31 82 4 1 values [0:6,1:2,2:10,3:7] [4:6,5:3,6:10,3:8] [2:3,6:4,3:2] [7:6,8:3,9:4,10:8] [11:2,12:8,9:4,10:3] [13:4,14:2,9:7,10:8] [12:4,14:2,10:3] [2:2,10:4,15:3]
TIGHT glue-link3#34 m 16 sets [[0, 1, 2, 3], [4, 5, 2, 3], [1, 5, 2, 3], [6, 7, 8, 9], [10, 11, 12, 13], [14, 11, 9], [12, 13, 8, 9], [2, 12, 15]]
  BEST dstar -1 good 2 fstar 1 evals 1237 cex 0 owner 1 sigma 0 types 60 70 143 21 47 1 208 5 values [0:3,1:6,2:10,3:2] [4:3,5:8,2:10,3:4] [1:5,5:8,2:6,3:4] [6:2,7:6,8:7,9:10] [10:3,11:4,12:6,13:8] [14:2,11:4,9:3] [12:7,13:10,8:4,9:2] [2:4,12:3,15:2]
# finished Fri Sep 25 22:10:04 UTC 2026
