# command: python3 c4min_climb.py --file=../results/k4_certs_5_n4_4.json.gz --file=../results/k4_certs_5_pure.json.gz --iters=3000 --restarts=6 --order=1 --seed=52 --jobs=4 --top=20 --dump=../results/k4_c4min_hunt_climb_n5_b.jsonl
# commit 915595f, k4/c4min_hunt.c sha1 60fbc9be5f85, started Fri Sep 25 23:47:38 UTC 2026
# 14520 cores; iters 3000 restarts 6 stale 400 order 1 seed 52
# done in 258 s; cores 14520; CEX lines 0
# best (owner needed, d*, min(good, 3)) per core: (1, 0, 3): 202, (1, 0, 2): 25, (1, -1, 3): 2322, (1, -1, 2): 3043, (1, -1, 1): 5576, (1, -2, 3): 735, (1, -2, 2): 412, (1, -2, 1): 379, (1, -3, 3): 10, (0, 0, 1): 3, (0, -1, 1): 1425, (0, -2, 3): 1, (0, -2, 1): 381, (0, -3, 1): 6
TIGHT k4_certs_5_n4_4.json.gz#7931 m 10 sets [[0, 2, 4, 9], [1, 3, 7, 8], [2, 3, 4, 8], [5, 6, 7, 9], [5, 6, 9]]
  BEST dstar 0 good 2 fstar 1 evals 3870 cex 0 owner 1 sigma 0 types 6 17 95 110 1 values [0:2,2:3,4:4,9:8] [1:2,3:4,7:10,8:7] [2:4,3:5,4:6,8:8] [5:4,6:8,7:2,9:5] [5:2,6:4,9:3]
TIGHT k4_certs_5_n4_4.json.gz#7942 m 10 sets [[0, 2, 4, 6], [1, 3, 5, 9], [2, 4, 5, 9], [3, 7, 8, 9], [6, 7, 8]]
  BEST dstar 0 good 2 fstar 1 evals 3344 cex 0 owner 1 sigma 0 types 80 9 8 140 4 values [0:4,2:2,4:3,6:8] [1:2,3:3,5:10,9:6] [2:2,4:3,5:8,9:4] [3:5,7:8,8:2,9:4] [6:4,7:2,8:3]
TIGHT k4_certs_5_n4_4.json.gz#8005 m 10 sets [[0, 2, 6, 8], [1, 3, 7, 9], [2, 4, 5, 6], [3, 4, 5, 9], [7, 8, 9]]
  BEST dstar 0 good 2 fstar 1 evals 3677 cex 0 owner 1 sigma 0 types 7 30 127 214 1 values [0:2,2:3,6:6,8:10] [1:2,3:8,7:3,9:4] [2:5,4:2,5:8,6:4] [3:8,4:2,5:4,9:5] [7:2,8:4,9:3]
TIGHT k4_certs_5_n4_4.json.gz#8055 m 10 sets [[0, 3, 4, 9], [1, 5, 9], [2, 3, 4, 8], [2, 6, 7, 8], [5, 6, 7, 9]]
  BEST dstar 0 good 2 fstar 1 evals 4084 cex 0 owner 1 sigma 0 types 46 1 234 190 214 values [0:3,3:4,4:2,9:8] [1:2,5:4,9:3] [2:8,3:4,4:5,8:6] [2:7,6:2,7:10,8:4] [5:8,6:2,7:4,9:5]
TIGHT k4_certs_5_n4_4.json.gz#8058 m 10 sets [[0, 3, 4, 6], [1, 6, 9], [2, 3, 4, 5], [2, 7, 8, 9], [5, 7, 8, 9]]
  BEST dstar 0 good 2 fstar 1 evals 4121 cex 0 owner 1 sigma 0 types 18 0 213 214 20 values [0:2,3:5,4:4,6:8] [1:2,6:3,9:4] [2:8,3:2,4:4,5:3] [2:8,7:2,8:4,9:5] [5:2,7:6,8:3,9:10]
TIGHT k4_certs_5_n4_4.json.gz#8062 m 10 sets [[0, 3, 5, 9], [1, 4, 9], [2, 3, 4, 8], [2, 6, 7, 8], [5, 6, 7, 9]]
  BEST dstar 0 good 2 fstar 1 evals 3136 cex 0 owner 1 sigma 0 types 9 1 84 133 218 values [0:2,3:3,5:10,9:6] [1:2,4:4,9:3] [2:4,3:2,4:8,8:3] [2:5,6:4,7:8,8:6] [5:8,6:3,7:2,9:4]
TIGHT k4_certs_5_n4_4.json.gz#8063 m 10 sets [[0, 3, 5, 9], [1, 4, 9], [2, 3, 4, 8], [2, 6, 7, 9], [5, 6, 7, 8]]
  BEST dstar 0 good 2 fstar 1 evals 3932 cex 0 owner 1 sigma 0 types 2 0 100 146 88 values [0:1,3:6,5:4,9:8] [1:2,4:3,9:4] [2:4,3:6,4:5,8:8] [2:6,6:2,7:3,9:10] [5:4,6:3,7:2,8:8]
TIGHT k4_certs_5_n4_4.json.gz#8066 m 10 sets [[0, 3, 5, 6], [1, 5, 6, 9], [2, 3, 4], [2, 7, 8, 9], [4, 7, 8, 9]]
  BEST dstar 0 good 2 fstar 1 evals 4310 cex 0 owner 1 sigma 0 types 195 78 0 146 277 values [0:7,3:4,5:2,6:10] [1:4,5:1,6:6,9:8] [2:2,3:3,4:4] [2:6,7:2,8:3,9:10] [4:10,7:6,8:3,9:8]
TIGHT k4_certs_5_n4_4.json.gz#8082 m 10 sets [[0, 5, 7, 8], [1, 6, 9], [2, 3, 4, 5], [2, 3, 4, 9], [6, 7, 8, 9]]
  BEST dstar 0 good 2 fstar 1 evals 4634 cex 0 owner 1 sigma 0 types 53 1 126 20 228 values [0:3,5:5,7:7,8:6] [1:2,6:4,9:3] [2:5,3:2,4:4,5:8] [2:2,3:6,4:3,9:10] [6:8,7:4,8:2,9:5]
TIGHT k4_certs_5_n4_4.json.gz#9278 m 11 sets [[0, 2, 4, 5], [1, 5, 6, 10], [3, 4, 8, 9], [3, 7, 8, 9], [6, 7, 10]]
  BEST dstar 0 good 2 fstar 0 evals 4175 cex 0 owner 1 sigma -1 types 121 128 110 65 3 values [0:7,2:2,4:4,5:10] [1:5,5:3,6:6,10:7] [3:4,4:8,8:2,9:5] [3:3,7:8,8:4,9:2] [6:3,7:4,10:2]
TIGHT k4_certs_5_n4_4.json.gz#9402 m 11 sets [[0, 3, 5, 9], [1, 4, 10], [2, 7, 8, 9], [3, 4, 5, 6], [6, 7, 8, 10]]
  BEST dstar 0 good 2 fstar 0 evals 3450 cex 0 owner 1 sigma -1 types 25 3 143 74 13 values [0:2,3:7,5:4,9:10] [1:3,4:4,10:2] [2:5,7:8,8:6,9:4] [3:3,4:10,5:6,6:2] [6:2,7:4,8:7,10:10]
TIGHT k4_certs_5_n4_4.json.gz#9617 m 12 sets [[0, 2, 5, 10], [1, 4, 9, 10], [3, 9, 11], [5, 6, 7, 8], [6, 7, 8, 11]]
  BEST dstar 0 good 2 fstar 0 evals 2822 cex 0 owner 1 sigma -2 types 18 28 2 272 150 values [0:2,2:5,5:4,10:8] [1:2,4:7,9:10,10:4] [3:3,9:2,11:4] [5:10,6:4,7:7,8:2] [6:6,7:3,8:2,11:10]
TIGHT k4_certs_5_n4_4.json.gz#9742 m 12 sets [[0, 2, 6, 9], [1, 6, 10, 11], [3, 7, 8, 9], [4, 7, 8, 11], [5, 10, 11]]
  BEST dstar 0 good 2 fstar 1 evals 3885 cex 0 owner 1 sigma -2 types 91 8 25 43 1 values [0:5,2:2,6:8,9:4] [1:2,6:3,10:8,11:4] [3:2,7:7,8:4,9:10] [4:3,7:2,8:6,11:10] [5:2,10:4,11:3]
TIGHT k4_certs_5_n4_4.json.gz#9765 m 12 sets [[0, 2, 5, 8], [1, 5, 9, 10], [3, 6, 7, 8], [4, 6, 7, 11], [9, 10, 11]]
  BEST dstar 0 good 2 fstar 0 evals 3589 cex 0 owner 1 sigma -2 types 28 95 18 46 0 values [0:2,2:7,5:10,8:4] [1:4,5:5,9:6,10:8] [3:2,6:5,7:4,8:8] [4:3,6:4,7:2,11:8] [9:2,10:3,11:4]
TIGHT k4_certs_5_n4_4.json.gz#9790 m 12 sets [[0, 5, 6, 7], [1, 5, 7, 11], [2, 6, 9, 10], [3, 8, 9, 10], [4, 8, 11]]
  BEST dstar 0 good 2 fstar 0 evals 3856 cex 0 owner 1 sigma -2 types 28 6 53 32 2 values [0:2,5:7,6:10,7:4] [1:2,5:3,7:4,11:8] [2:3,6:5,9:7,10:6] [3:2,8:8,9:4,10:5] [4:3,8:2,11:4]
TIGHT k4_certs_5_pure.json.gz#3195 m 10 sets [[0, 3, 4, 5], [1, 5, 6, 9], [2, 3, 4, 8], [2, 7, 8, 9], [6, 7, 8, 9]]
  BEST dstar 0 good 2 fstar 1 evals 4009 cex 0 owner 1 sigma 0 types 83 61 85 146 271 values [0:4,3:2,4:7,5:10] [1:3,5:6,6:10,9:8] [2:4,3:2,4:8,8:5] [2:6,7:2,8:3,9:10] [6:10,7:4,8:3,9:8]
TIGHT k4_certs_5_pure.json.gz#3227 m 10 sets [[0, 5, 7, 9], [1, 6, 8, 9], [2, 3, 4, 5], [2, 3, 4, 8], [6, 7, 8, 9]]
  BEST dstar 0 good 2 fstar 1 evals 3807 cex 0 owner 1 sigma 0 types 13 34 105 88 217 values [0:2,5:4,7:7,9:10] [1:2,6:8,8:5,9:4] [2:4,3:7,4:2,5:10] [2:4,3:3,4:2,8:8] [6:8,7:2,8:7,9:4]
TIGHT k4_certs_5_pure.json.gz#3249 m 10 sets [[0, 1, 5, 6], [1, 7, 8, 9], [2, 3, 4, 5], [2, 3, 4, 9], [6, 7, 8, 9]]
  BEST dstar 0 good 2 fstar 1 evals 3969 cex 0 owner 1 sigma 0 types 43 42 206 69 275 values [0:3,1:2,5:6,6:10] [1:3,7:2,8:4,9:8] [2:7,3:10,4:2,5:4] [2:3,3:8,4:6,9:10] [6:10,7:6,8:2,9:7]
TIGHT k4_certs_5_pure.json.gz#3255 m 10 sets [[0, 6, 7, 9], [1, 2, 4, 5], [1, 2, 7, 9], [3, 4, 5, 8], [3, 6, 8, 9]]
  BEST dstar 0 good 2 fstar 1 evals 4138 cex 0 owner 1 sigma 0 types 51 113 157 87 20 values [0:3,6:4,7:10,9:8] [1:4,2:8,4:3,5:6] [1:6,2:3,7:10,9:8] [3:4,4:2,5:10,8:7] [3:2,6:6,8:3,9:10]
TIGHT k4_certs_5_pure.json.gz#3259 m 10 sets [[0, 5, 7, 9], [1, 2, 3, 4], [1, 3, 4, 9], [2, 6, 8, 9], [5, 6, 7, 8]]
  BEST dstar 0 good 2 fstar 1 evals 3752 cex 0 owner 1 sigma 0 types 146 65 2 275 134 values [0:6,5:2,7:3,9:10] [1:3,2:8,3:4,4:2] [1:1,3:6,4:4,9:8] [2:10,6:6,8:2,9:7] [5:5,6:6,7:3,8:7]
# finished Fri Sep 25 23:52:02 UTC 2026
# command: python3 c4min_climb.py --file=../results/k4_certs_5_n4_4.json.gz --file=../results/k4_certs_5_pure.json.gz --iters=4000 --restarts=4 --order=2 --anneal=30 --stale=800 --seed=54 --jobs=4 --top=20 --dump=../results/k4_c4min_hunt_climb_n5_b.jsonl
# commit 27bfe40, k4/c4min_hunt.c sha1 60fbc9be5f85, started Fri Sep 25 23:52:02 UTC 2026
# 14520 cores; iters 4000 restarts 4 stale 800 order 2 seed 54
# done in 1216 s; cores 14520; CEX lines 0
# best (owner needed, d*, min(good, 3)) per core: (1, 0, 3): 193, (1, -1, 3): 4725, (1, -1, 2): 89, (1, -1, 1): 14, (1, -2, 3): 6419, (1, -2, 2): 48, (1, -2, 1): 6, (1, -3, 3): 800, (1, -4, 3): 2, (0, 0, 3): 1696, (0, 0, 2): 147, (0, 0, 1): 34, (0, -1, 3): 229, (0, -1, 2): 61, (0, -1, 1): 44, (0, -2, 3): 4, (0, -2, 2): 5, (0, -2, 1): 4
TIGHT k4_certs_5_n4_4.json.gz#2953 m 9 sets [[0, 1, 3, 8], [2, 3, 8], [2, 6, 7, 8], [4, 5, 6, 7], [4, 5, 6, 7]]
  BEST dstar 0 good 4 fstar 2 evals 16004 cex 0 owner 1 sigma 1 types 20 4 212 230 260 values [0:2,1:6,3:3,8:10] [2:4,3:2,8:3] [2:8,6:2,7:3,8:4] [4:8,5:4,6:3,7:2] [4:10,5:2,6:6,7:3]
TIGHT k4_certs_5_n4_4.json.gz#9102 m 11 sets [[0, 2, 5, 8], [1, 4, 9, 10], [3, 7, 9, 10], [4, 5, 6, 7], [6, 8, 10]]
  BEST dstar 0 good 4 fstar 1 evals 16004 cex 0 owner 1 sigma -1 types 34 88 158 18 1 values [0:3,2:2,5:4,8:8] [1:4,4:3,9:2,10:8] [3:6,7:4,9:1,10:8] [4:2,5:5,6:4,7:8] [6:2,8:4,10:3]
TIGHT k4_certs_5_pure.json.gz#4143 m 11 sets [[0, 3, 9, 10], [1, 8, 9, 10], [2, 3, 4, 7], [2, 5, 6, 7], [4, 5, 6, 8]]
  BEST dstar 0 good 4 fstar 1 evals 16004 cex 0 owner 1 sigma -1 types 94 80 117 90 156 values [0:4,3:5,9:2,10:8] [1:4,8:2,9:3,10:8] [2:4,3:8,4:6,7:1] [2:4,5:3,6:8,7:2] [4:6,5:3,6:10,8:2]
TIGHT k4_certs_5_pure.json.gz#788 m 8 sets [[0, 4, 5, 7], [1, 2, 3, 4], [1, 4, 6, 7], [2, 5, 6, 7], [3, 5, 6, 7]]
  BEST dstar 0 good 6 fstar 3 evals 16004 cex 0 owner 1 sigma 2 types 53 150 26 28 3 values [0:3,4:5,5:7,7:6] [1:6,2:3,3:2,4:10] [1:2,4:7,6:6,7:10] [2:2,5:7,6:10,7:4] [3:1,5:6,6:8,7:4]
TIGHT k4_certs_5_n4_4.json.gz#3088 m 9 sets [[0, 2, 4, 7], [1, 3, 7, 8], [4, 5, 6, 8], [5, 6, 7, 8], [5, 6, 8]]
  BEST dstar 0 good 7 fstar 3 evals 16004 cex 0 owner 1 sigma 1 types 20 76 57 259 3 values [0:2,2:6,4:3,7:10] [1:4,3:3,7:8,8:10] [4:3,5:6,6:7,8:5] [5:10,6:2,7:4,8:7] [5:3,6:4,8:2]
TIGHT k4_certs_5_n4_4.json.gz#3575 m 9 sets [[0, 2, 4, 7], [1, 3, 6, 8], [3, 4, 6, 8], [5, 6, 7, 8], [5, 7, 8]]
  BEST dstar 0 good 7 fstar 3 evals 16004 cex 0 owner 1 sigma 1 types 38 68 213 33 0 values [0:3,2:4,4:2,7:8] [1:3,3:8,6:6,8:4] [3:8,4:2,6:4,8:3] [5:2,6:8,7:4,8:7] [5:2,7:3,8:4]
TIGHT k4_certs_5_n4_4.json.gz#3256 m 9 sets [[0, 2, 4, 5], [1, 6, 7, 8], [3, 6, 7, 8], [4, 5, 7, 8], [5, 6, 8]]
  BEST dstar 0 good 8 fstar 3 evals 16004 cex 0 owner 1 sigma 1 types 106 22 19 104 1 values [0:6,2:3,4:2,5:10] [1:2,6:6,7:10,8:3] [3:2,6:5,7:8,8:4] [4:4,5:7,7:2,8:8] [5:2,6:4,8:3]
TIGHT k4_certs_5_n4_4.json.gz#3475 m 9 sets [[0, 2, 3, 6], [1, 3, 6, 8], [4, 5, 7, 8], [4, 5, 7, 8], [6, 7, 8]]
  BEST dstar 0 good 8 fstar 3 evals 16004 cex 0 owner 1 sigma 1 types 106 50 40 31 1 values [0:6,2:3,3:2,6:10] [1:3,3:4,6:8,8:10] [4:2,5:10,7:7,8:4] [4:2,5:8,7:4,8:3] [6:2,7:4,8:3]
TIGHT k4_certs_5_pure.json.gz#1170 m 9 sets [[0, 2, 3, 6], [1, 6, 7, 8], [3, 6, 7, 8], [4, 5, 7, 8], [4, 5, 7, 8]]
  BEST dstar 0 good 8 fstar 3 evals 16004 cex 0 owner 1 sigma 1 types 20 94 17 41 68 values [0:2,2:6,3:3,6:10] [1:4,6:5,7:2,8:8] [3:2,6:4,7:10,8:7] [4:2,5:10,7:7,8:6] [4:3,5:8,7:6,8:4]
TIGHT k4_certs_5_pure.json.gz#2219 m 10 sets [[0, 2, 5, 9], [1, 4, 6, 8], [3, 6, 7, 9], [5, 7, 8, 9], [6, 7, 8, 9]]
  BEST dstar 0 good 8 fstar 2 evals 16004 cex 0 owner 1 sigma 0 types 72 38 44 113 90 values [0:4,2:3,5:2,9:8] [1:3,4:4,6:2,8:8] [3:3,6:2,7:8,9:4] [5:4,7:8,8:3,9:6] [6:4,7:3,8:8,9:2]
TIGHT k4_certs_5_pure.json.gz#1665 m 9 sets [[0, 2, 7, 8], [1, 5, 7, 8], [2, 4, 6, 7], [3, 4, 6, 8], [3, 5, 7, 8]]
  BEST dstar 0 good 10 fstar 3 evals 16004 cex 0 owner 1 sigma 1 types 76 68 265 146 68 values [0:3,2:10,7:8,8:4] [1:3,5:8,7:6,8:4] [2:10,4:3,6:4,7:8] [3:6,4:2,6:3,8:10] [3:3,5:8,7:6,8:4]
TIGHT k4_certs_5_n4_4.json.gz#2298 m 8 sets [[0, 2, 6, 7], [1, 2, 3, 4], [1, 5, 6, 7], [3, 5, 6, 7], [4, 5, 7]]
  BEST dstar 0 good 12 fstar 3 evals 16004 cex 0 owner 1 sigma 2 types 135 64 71 103 1 values [0:5,2:6,6:4,7:8] [1:3,2:8,3:2,4:4] [1:3,5:8,6:10,7:6] [3:4,5:6,6:8,7:5] [4:2,5:4,7:3]
TIGHT k4_certs_5_pure.json.gz#957 m 9 sets [[0, 1, 3, 8], [2, 3, 4, 5], [2, 6, 7, 8], [4, 6, 7, 8], [5, 6, 7, 8]]
  BEST dstar 0 good 12 fstar 3 evals 16004 cex 0 owner 1 sigma 1 types 35 64 58 113 57 values [0:3,1:2,3:6,8:10] [2:3,3:8,4:2,5:4] [2:3,6:6,7:8,8:4] [4:4,6:8,7:3,8:6] [5:3,6:6,7:7,8:5]
TIGHT k4_certs_5_n4_4.json.gz#2203 m 8 sets [[0, 2, 3, 7], [1, 2, 3, 4], [1, 5, 6, 7], [4, 5, 6, 7], [5, 6, 7]]
  BEST dstar 0 good 13 fstar 3 evals 16004 cex 0 owner 1 sigma 2 types 67 72 70 108 3 values [0:3,2:8,3:4,7:10] [1:3,2:10,3:2,4:6] [1:3,5:8,6:10,7:4] [4:4,5:8,6:1,7:6] [5:3,6:4,7:2]
TIGHT k4_certs_5_pure.json.gz#1377 m 9 sets [[0, 3, 4, 5], [1, 4, 7, 8], [2, 6, 7, 8], [3, 6, 7, 8], [5, 6, 7, 8]]
  BEST dstar 0 good 13 fstar 3 evals 16004 cex 0 owner 1 sigma 1 types 44 134 34 93 31 values [0:3,3:2,4:8,5:4] [1:5,4:6,7:3,8:7] [2:2,6:8,7:5,8:4] [3:4,6:3,7:10,8:8] [5:2,6:8,7:4,8:3]
TIGHT k4_certs_5_pure.json.gz#752 m 8 sets [[0, 4, 5, 7], [1, 2, 3, 6], [1, 3, 6, 7], [2, 4, 5, 7], [4, 5, 6, 7]]
  BEST dstar 0 good 14 fstar 3 evals 16004 cex 0 owner 1 sigma 2 types 14 43 78 119 140 values [0:2,4:4,5:8,7:3] [1:3,2:2,3:6,6:10] [1:4,3:1,6:6,7:8] [2:4,4:8,5:6,7:5] [4:5,5:8,6:2,7:4]
TIGHT k4_certs_5_pure.json.gz#1394 m 9 sets [[0, 3, 4, 5], [1, 6, 7, 8], [2, 6, 7, 8], [3, 4, 7, 8], [5, 6, 7, 8]]
  BEST dstar 0 good 15 fstar 3 evals 16004 cex 0 owner 1 sigma 1 types 8 26 118 71 18 values [0:2,3:3,4:8,5:4] [1:2,6:7,7:6,8:10] [2:4,6:8,7:6,8:3] [3:3,4:8,7:10,8:6] [5:2,6:5,7:4,8:8]
TIGHT k4_certs_5_n4_4.json.gz#1412 m 8 sets [[0, 4, 6, 7], [1, 5, 6, 7], [2, 5, 6, 7], [3, 4, 5, 7], [3, 4, 7]]
  BEST dstar 0 good 16 fstar 4 evals 16004 cex 0 owner 1 sigma 2 types 79 63 68 72 1 values [0:4,4:1,6:8,7:6] [1:3,5:7,6:6,7:5] [2:3,5:8,6:6,7:4] [3:3,4:10,5:2,7:6] [3:2,4:4,7:3]
TIGHT k4_certs_5_n4_4.json.gz#3497 m 9 sets [[0, 2, 3, 4], [1, 6, 7, 8], [3, 4, 6, 8], [5, 6, 7, 8], [5, 7, 8]]
  BEST dstar 0 good 16 fstar 3 evals 16004 cex 0 owner 1 sigma 1 types 22 34 152 68 1 values [0:2,2:6,3:10,4:3] [1:2,6:8,7:5,8:4] [3:6,4:3,6:5,8:7] [5:3,6:8,7:6,8:4] [5:2,7:4,8:3]
TIGHT k4_certs_5_n4_4.json.gz#4015 m 9 sets [[0, 5, 7, 8], [1, 5, 7, 8], [2, 6, 7, 8], [3, 6, 7, 8], [4, 6, 8]]
  BEST dstar 0 good 16 fstar 4 evals 16004 cex 0 owner 1 sigma 1 types 77 31 79 111 1 values [0:3,5:10,7:8,8:6] [1:2,5:8,7:4,8:3] [2:4,6:1,7:8,8:6] [3:4,6:8,7:2,8:7] [4:2,6:4,8:3]
# finished Sat Sep 26 00:12:24 UTC 2026
# command: python3 c4min_climb.py --seeds=../results/k4_c4min_hunt_seeds_gm4.json --iters=20000 --restarts=20 --order=0 --seed=53 --jobs=4 --top=8
# commit 27bfe40, k4/c4min_hunt.c sha1 60fbc9be5f85, started Sat Sep 26 00:12:24 UTC 2026
# 8 cores; iters 20000 restarts 20 stale 400 order 0 seed 53
# done in 4 s; cores 8; CEX lines 0
# best (owner needed, d*, min(good, 3)) per core: (1, 0, 3): 1, (1, -1, 3): 4, (1, -1, 1): 2, (0, 0, 3): 1
TIGHT seed#2 (results/k4_gm4_5_pure_sample.log: GMFAIL) m 9 sets [[0, 3, 6, 8], [1, 5, 7, 8], [2, 6, 7, 8], [3, 4, 6, 8], [4, 5, 7, 8]]
  BEST dstar 0 good 34 fstar 3 evals 13317 cex 0 owner 1 sigma 1 types 41 18 72 211 170 values [0:2,3:10,6:7,8:6] [1:2,5:5,7:4,8:8] [2:3,6:10,7:2,8:6] [3:8,4:1,6:6,8:4] [4:6,5:7,7:5,8:3]
TIGHT seed#1 (results/k4_gm4_5_pure_sample.log: GM4S) m 9 sets [[0, 3, 6, 8], [1, 4, 7, 8], [2, 5, 6, 7], [3, 4, 7, 8], [5, 6, 7, 8]]
  BEST dstar -1 good 1 fstar 2 evals 15515 cex 0 owner 1 sigma 1 types 4 42 17 235 33 values [0:1,3:8,6:4,8:6] [1:3,4:2,7:4,8:8] [2:2,5:4,6:10,7:7] [3:8,4:4,7:6,8:1] [5:2,6:8,7:4,8:7]
TIGHT seed#3 (results/k4_gm4_5_pure_sample.log: GMFAIL) m 10 sets [[0, 2, 6, 7], [1, 4, 6, 9], [3, 5, 8, 9], [4, 6, 7, 8], [5, 7, 8, 9]]
  BEST dstar -1 good 1 fstar 1 evals 13245 cex 0 owner 1 sigma 0 types 36 44 29 82 8 values [0:3,2:2,6:8,7:4] [1:3,4:2,6:8,9:4] [3:2,5:7,8:10,9:6] [4:4,6:2,7:7,8:8] [5:2,7:3,8:8,9:4]
TIGHT seed#4 (results/k4_gm4_5_n4_4_sample.log: GMFAIL) m 8 sets [[0, 2, 6, 7], [1, 3, 4, 7], [2, 4, 5, 7], [3, 5, 6, 7], [5, 6, 7]]
  BEST dstar -1 good 4 fstar 3 evals 16351 cex 0 owner 1 sigma 2 types 87 93 63 29 5 values [0:4,2:2,6:10,7:7] [1:4,3:3,4:10,7:8] [2:3,4:7,5:6,7:5] [3:2,5:7,6:10,7:6] [5:4,6:3,7:2]
TIGHT seed#0 (results/k4_gm4_5_pure_sample.log: GMFAIL) m 8 sets [[0, 2, 4, 6], [1, 3, 4, 7], [2, 5, 6, 7], [3, 5, 6, 7], [4, 5, 6, 7]]
  BEST dstar -1 good 5 fstar 3 evals 15218 cex 0 owner 1 sigma 2 types 12 15 10 20 185 values [0:2,2:4,4:7,6:8] [1:2,3:4,4:8,7:5] [2:2,5:4,6:3,7:8] [3:2,5:6,6:3,7:10] [4:6,5:10,6:8,7:3]
TIGHT seed#6 (results/k4_gm4_5_n4_3_sample.log: GM4S) m 8 sets [[0, 2, 6, 7], [1, 4, 5, 7], [2, 4, 5, 6], [3, 4, 5], [3, 6, 7]]
  BEST dstar -1 good 9 fstar 3 evals 13450 cex 0 owner 1 sigma 2 types 7 29 110 0 0 values [0:2,2:3,6:6,7:10] [1:2,4:7,5:10,7:6] [2:4,4:8,5:2,6:5] [3:2,4:3,5:4] [3:2,6:3,7:4]
TIGHT seed#7 (results/k4_gm4_5_n4_3_sample.log: GM4S) m 8 sets [[0, 5, 6, 7], [1, 2, 3, 6], [1, 3, 4, 5], [2, 5, 7], [4, 6, 7]]
  BEST dstar -1 good 11 fstar 3 evals 14607 cex 0 owner 1 sigma 2 types 92 158 146 3 0 values [0:4,5:3,6:8,7:10] [1:6,2:4,3:1,6:8] [1:6,3:2,4:3,5:10] [2:3,5:4,7:2] [4:2,6:3,7:4]
TIGHT seed#5 (results/k4_gm4_5_n4_3_sample.log: GM4S) m 7 sets [[0, 4, 5, 6], [1, 2, 5, 6], [1, 3, 4, 6], [2, 4, 6], [3, 5, 6]]
  BEST dstar 0 good 3 fstar 3 evals 13377 cex 0 owner 0 sigma 3 types 35 269 277 1 1 values [0:2,4:8,5:7,6:4] [1:10,2:3,5:8,6:6] [1:10,3:6,4:3,6:8] [2:2,4:4,6:3] [3:2,5:4,6:3]
# finished Sat Sep 26 00:12:28 UTC 2026
