# command: python3 k4/c4min_climb.py --file=results/k4_certs_5_n4_4.json.gz --file=results/k4_certs_5_pure.json.gz --iters=3000 --restarts=3 --order=0 --seed=51 --jobs=1 --top=20
# commit a7fe860, k4/c4min_hunt.c sha1 32b7ad4cec3d, started Fri Sep 25 20:44:14 UTC 2026
# 14520 cores; iters 3000 restarts 3 stale 400 order 0 seed 51
# done in 641 s; cores 14520; CEX lines 0
# best (owner needed, d*, min(good, 3)) per core: (1, 0, 3): 1834, (1, 0, 2): 26, (1, -1, 3): 4411, (1, -1, 2): 3350, (1, -1, 1): 3802, (1, -2, 3): 133, (1, -2, 2): 1, (1, -2, 1): 3, (0, 0, 3): 779, (0, 0, 2): 64, (0, 0, 1): 7, (0, -1, 3): 66, (0, -1, 2): 30, (0, -1, 1): 9, (0, -2, 3): 2, (0, -2, 2): 2, (0, -2, 1): 1
TIGHT k4_certs_5_n4_4.json.gz#5391 m 9 sets [[0, 1, 8], [1, 3, 4, 8], [2, 3, 4, 5], [2, 6, 7, 8], [5, 6, 7, 8]]
  BEST dstar 0 good 2 fstar 2 evals 1872 cex 0 owner 1 sigma 1 types 1 275 20 54 267 values [0:2,1:4,8:3] [1:10,3:6,4:2,8:7] [2:2,3:6,4:3,5:10] [2:3,6:6,7:2,8:10] [5:10,6:3,7:6,8:8]
TIGHT k4_certs_5_n4_4.json.gz#5704 m 10 sets [[0, 1, 3, 7], [2, 3, 8, 9], [2, 8, 9], [4, 5, 6, 7], [4, 5, 6, 9]]
  BEST dstar 0 good 2 fstar 1 evals 1746 cex 0 owner 1 sigma 0 types 124 267 4 25 46 values [0:7,1:2,3:10,7:4] [2:10,3:3,8:6,9:8] [2:4,8:2,9:3] [4:2,5:7,6:4,7:10] [4:3,5:4,6:2,9:8]
TIGHT k4_certs_5_n4_4.json.gz#7031 m 10 sets [[0, 2, 4, 5], [1, 3, 8, 9], [3, 5, 7, 8], [4, 6, 7, 9], [6, 8, 9]]
  BEST dstar 0 good 2 fstar 2 evals 2641 cex 0 owner 1 sigma 0 types 7 43 34 30 4 values [0:2,2:3,4:6,5:10] [1:3,3:2,8:6,9:10] [3:2,5:8,7:5,8:4] [4:2,6:8,7:3,9:4] [6:4,8:2,9:3]
TIGHT k4_certs_5_n4_4.json.gz#7697 m 10 sets [[0, 3, 5, 8], [1, 4, 6, 9], [2, 7, 8, 9], [3, 4, 5, 6], [7, 8, 9]]
  BEST dstar 0 good 2 fstar 1 evals 1573 cex 0 owner 1 sigma 0 types 25 88 113 86 4 values [0:2,3:7,5:4,8:10] [1:4,4:3,6:2,9:8] [2:4,7:8,8:3,9:6] [3:4,4:2,5:8,6:7] [7:4,8:2,9:3]
TIGHT k4_certs_5_n4_4.json.gz#7953 m 10 sets [[0, 2, 4, 9], [1, 3, 5, 6], [2, 4, 6, 8], [3, 5, 7, 9], [7, 8, 9]]
  BEST dstar 0 good 2 fstar 1 evals 3533 cex 0 owner 1 sigma 0 types 10 133 197 44 4 values [0:2,2:4,4:3,9:8] [1:5,3:4,5:8,6:6] [2:7,4:4,6:10,8:2] [3:3,5:2,7:8,9:4] [7:4,8:2,9:3]
TIGHT k4_certs_5_n4_4.json.gz#7962 m 10 sets [[0, 2, 4, 8], [1, 3, 7, 9], [2, 4, 6, 7], [3, 5, 6, 9], [5, 8, 9]]
  BEST dstar 0 good 2 fstar 1 evals 2562 cex 0 owner 1 sigma 0 types 20 30 94 276 1 values [0:2,2:6,4:3,8:10] [1:2,3:8,7:3,9:4] [2:4,4:5,6:2,7:8] [3:10,5:6,6:3,9:2] [5:2,8:4,9:3]
TIGHT k4_certs_5_n4_4.json.gz#8080 m 10 sets [[0, 5, 7, 8], [1, 6, 7, 9], [2, 3, 4, 5], [2, 3, 4, 9], [6, 8, 9]]
  BEST dstar 0 good 2 fstar 1 evals 2271 cex 0 owner 1 sigma 0 types 96 110 130 80 4 values [0:4,5:5,7:8,8:2] [1:4,6:8,7:2,9:5] [2:5,3:4,4:2,5:8] [2:4,3:2,4:3,9:8] [6:4,8:2,9:3]
TIGHT k4_certs_5_n4_4.json.gz#9402 m 11 sets [[0, 3, 5, 9], [1, 4, 10], [2, 7, 8, 9], [3, 4, 5, 6], [6, 7, 8, 10]]
  BEST dstar 0 good 2 fstar 0 evals 1820 cex 0 owner 1 sigma -1 types 13 1 73 36 13 values [0:2,3:4,5:7,9:10] [1:2,4:4,10:3] [2:3,7:10,8:4,9:8] [3:2,4:10,5:3,6:6] [6:2,7:4,8:7,10:10]
TIGHT k4_certs_5_n4_4.json.gz#9742 m 12 sets [[0, 2, 6, 9], [1, 6, 10, 11], [3, 7, 8, 9], [4, 7, 8, 11], [5, 10, 11]]
  BEST dstar 0 good 2 fstar 1 evals 2339 cex 0 owner 1 sigma -2 types 17 23 25 42 1 values [0:2,2:4,6:10,9:7] [1:2,6:6,10:10,11:7] [3:2,7:7,8:4,9:10] [4:3,7:2,8:4,11:8] [5:2,10:4,11:3]
TIGHT k4_certs_5_n4_4.json.gz#9755 m 12 sets [[0, 2, 9, 10], [1, 6, 7, 8], [3, 6, 8, 11], [4, 7, 10, 11], [5, 9, 11]]
  BEST dstar 0 good 2 fstar 1 evals 1904 cex 0 owner 1 sigma -2 types 7 17 88 23 0 values [0:2,2:3,9:6,10:10] [1:2,6:4,7:10,8:7] [3:4,6:3,8:2,11:8] [4:2,7:6,10:10,11:7] [5:2,9:3,11:4]
TIGHT k4_certs_5_n4_4.json.gz#9790 m 12 sets [[0, 5, 6, 7], [1, 5, 7, 11], [2, 6, 9, 10], [3, 8, 9, 10], [4, 8, 11]]
  BEST dstar 0 good 2 fstar 0 evals 1939 cex 0 owner 1 sigma -2 types 28 46 55 40 0 values [0:2,5:7,6:10,7:4] [1:3,5:4,7:2,11:8] [2:3,6:6,9:4,10:8] [3:2,8:10,9:7,10:4] [4:2,8:3,11:4]
TIGHT k4_certs_5_pure.json.gz#1866 m 9 sets [[0, 1, 5, 7], [1, 3, 4, 6], [2, 3, 7, 8], [2, 6, 7, 8], [4, 5, 6, 8]]
  BEST dstar 0 good 2 fstar 2 evals 2173 cex 0 owner 1 sigma 1 types 36 230 275 270 54 values [0:2,1:10,5:3,7:6] [1:8,3:4,4:3,6:2] [2:10,3:6,7:2,8:7] [2:10,6:4,7:2,8:7] [4:3,5:6,6:2,8:10]
TIGHT k4_certs_5_pure.json.gz#1983 m 9 sets [[0, 4, 7, 8], [1, 2, 3, 6], [1, 3, 7, 8], [2, 5, 6, 7], [4, 5, 6, 8]]
  BEST dstar 0 good 2 fstar 2 evals 1680 cex 0 owner 1 sigma 1 types 9 46 44 115 184 values [0:2,4:3,7:10,8:6] [1:3,2:4,3:2,6:8] [1:3,3:2,7:8,8:4] [2:4,5:8,6:5,7:2] [4:6,5:10,6:7,8:2]
TIGHT k4_certs_5_pure.json.gz#3025 m 10 sets [[0, 3, 6, 8], [1, 5, 6, 9], [2, 5, 7, 9], [3, 4, 7, 8], [4, 7, 8, 9]]
  BEST dstar 0 good 2 fstar 1 evals 2264 cex 0 owner 1 sigma 0 types 35 28 60 34 280 values [0:2,3:8,6:7,8:4] [1:2,5:7,6:10,9:4] [2:3,5:6,7:10,9:2] [3:2,4:8,7:5,8:4] [4:10,7:7,8:2,9:4]
TIGHT k4_certs_5_pure.json.gz#3106 m 10 sets [[0, 2, 4, 8], [1, 3, 8, 9], [2, 3, 4, 9], [5, 6, 7, 8], [5, 6, 7, 9]]
  BEST dstar 0 good 2 fstar 1 evals 2083 cex 0 owner 1 sigma 0 types 257 33 32 94 146 values [0:8,2:10,4:6,8:3] [1:2,3:8,8:4,9:7] [2:2,3:8,4:4,9:5] [5:4,6:5,7:2,8:8] [5:6,6:2,7:3,9:10]
TIGHT k4_certs_5_pure.json.gz#3172 m 10 sets [[0, 2, 7, 9], [1, 7, 8, 9], [2, 4, 5, 8], [3, 4, 5, 6], [3, 6, 8, 9]]
  BEST dstar 0 good 2 fstar 1 evals 1671 cex 0 owner 1 sigma 0 types 8 33 241 116 146 values [0:2,2:3,7:8,9:4] [1:2,7:8,8:4,9:7] [2:8,4:5,5:4,8:2] [3:4,4:8,5:5,6:6] [3:6,6:2,8:3,9:10]
TIGHT k4_certs_5_pure.json.gz#3195 m 10 sets [[0, 3, 4, 5], [1, 5, 6, 9], [2, 3, 4, 8], [2, 7, 8, 9], [6, 7, 8, 9]]
  BEST dstar 0 good 2 fstar 1 evals 2354 cex 0 owner 1 sigma 0 types 13 95 20 117 34 values [0:2,3:4,4:7,5:10] [1:4,5:5,6:6,9:8] [2:2,3:6,4:3,8:10] [2:4,7:8,8:6,9:1] [6:2,7:8,8:5,9:4]
TIGHT k4_certs_5_pure.json.gz#3229 m 10 sets [[0, 5, 8, 9], [1, 6, 7, 9], [2, 3, 4, 5], [2, 3, 4, 8], [6, 7, 8, 9]]
  BEST dstar 0 good 2 fstar 1 evals 2052 cex 0 owner 1 sigma 0 types 95 46 187 150 44 values [0:4,5:5,8:6,9:8] [1:3,6:4,7:2,9:8] [2:7,3:2,4:4,5:10] [2:6,3:3,4:2,8:10] [6:3,7:2,8:8,9:4]
TIGHT k4_certs_5_pure.json.gz#3249 m 10 sets [[0, 1, 5, 6], [1, 7, 8, 9], [2, 3, 4, 5], [2, 3, 4, 9], [6, 7, 8, 9]]
  BEST dstar 0 good 2 fstar 1 evals 2710 cex 0 owner 1 sigma 0 types 187 122 25 20 75 values [0:7,1:2,5:4,6:10] [1:4,7:10,8:2,9:7] [2:2,3:7,4:4,5:10] [2:2,3:6,4:3,9:10] [6:3,7:10,8:6,9:8]
TIGHT k4_certs_5_pure.json.gz#3255 m 10 sets [[0, 6, 7, 9], [1, 2, 4, 5], [1, 2, 7, 9], [3, 4, 5, 8], [3, 6, 8, 9]]
  BEST dstar 0 good 2 fstar 1 evals 2071 cex 0 owner 1 sigma 0 types 73 69 42 89 39 values [0:3,6:10,7:4,9:8] [1:3,2:8,4:6,5:10] [1:3,2:2,7:4,9:8] [3:4,4:3,5:6,8:8] [3:2,6:10,8:6,9:7]
# finished Fri Sep 25 20:55:02 UTC 2026
