# command: python3 c4min_hunt_run.py ../results/k4_certs_2.json.gz ../results/k4_certs_3.json.gz ../results/k4_certs_4_n4_1.json.gz ../results/k4_certs_4_n4_2.json.gz -V
# commit d478b63, k4/c4min_hunt.c sha1 9c7ca0ffe25b, started Fri Sep 25 21:12:42 UTC 2026
core 0 m 4 profiles 1728 fails 0 solved 5 secs 0.0
core 1 m 4 profiles 82944 fails 0 solved 29 secs 0.0
core 2 m 5 profiles 864 fails 0 solved 3 secs 0.0
core 3 m 5 profiles 82944 fails 0 solved 29 secs 0.0
core 4 m 6 profiles 20736 fails 0 solved 20 secs 0.0
FILE ../results/k4_certs_2.json.gz cores 5 profiles 189216 solved 86 templates 86 cachehits 2715 fails 0 verified 189216 faillines 0
core 0 m 4 profiles 10368 fails 0 solved 63 secs 0.0
core 1 m 4 profiles 10368 fails 0 solved 37 secs 0.0
core 2 m 4 profiles 497664 fails 0 solved 95 secs 0.2
core 3 m 4 profiles 23887872 fails 0 solved 1823 secs 11.7
core 4 m 5 profiles 5184 fails 0 solved 61 secs 0.0
core 5 m 5 profiles 10368 fails 0 solved 40 secs 0.0
core 6 m 5 profiles 497664 fails 0 solved 134 secs 0.2
core 7 m 5 profiles 10368 fails 0 solved 31 secs 0.0
core 8 m 5 profiles 497664 fails 0 solved 82 secs 0.3
core 9 m 5 profiles 10368 fails 0 solved 7 secs 0.0
core 10 m 5 profiles 497664 fails 0 solved 65 secs 0.1
core 11 m 5 profiles 23887872 fails 0 solved 1848 secs 10.1
core 12 m 5 profiles 10368 fails 0 solved 8 secs 0.0
core 13 m 5 profiles 497664 fails 0 solved 63 secs 0.2
core 14 m 5 profiles 23887872 fails 0 solved 1357 secs 9.4
core 15 m 6 profiles 5184 fails 0 solved 20 secs 0.0
core 16 m 6 profiles 248832 fails 0 solved 40 secs 0.2
core 17 m 6 profiles 11943936 fails 0 solved 997 secs 6.4
core 18 m 6 profiles 5184 fails 0 solved 38 secs 0.0
core 19 m 6 profiles 5184 fails 0 solved 31 secs 0.0
core 20 m 6 profiles 248832 fails 0 solved 78 secs 0.1
core 21 m 6 profiles 10368 fails 0 solved 5 secs 0.0
core 22 m 6 profiles 497664 fails 0 solved 76 secs 0.1
core 23 m 6 profiles 23887872 fails 0 solved 2144 secs 9.5
core 24 m 6 profiles 10368 fails 0 solved 7 secs 0.0
core 25 m 6 profiles 497664 fails 0 solved 72 secs 0.1
core 26 m 6 profiles 10368 fails 0 solved 8 secs 0.0
core 27 m 6 profiles 497664 fails 0 solved 45 secs 0.1
core 28 m 6 profiles 23887872 fails 0 solved 1599 secs 10.2
core 29 m 6 profiles 23887872 fails 0 solved 1655 secs 9.4
core 30 m 6 profiles 497664 fails 0 solved 50 secs 0.2
core 31 m 6 profiles 497664 fails 0 solved 50 secs 0.1
core 32 m 6 profiles 23887872 fails 0 solved 1275 secs 9.4
core 33 m 7 profiles 11943936 fails 0 solved 663 secs 7.0
core 34 m 7 profiles 124416 fails 0 solved 76 secs 0.1
core 35 m 7 profiles 124416 fails 0 solved 56 secs 0.1
core 36 m 7 profiles 5184 fails 0 solved 4 secs 0.0
core 37 m 7 profiles 248832 fails 0 solved 40 secs 0.1
core 38 m 7 profiles 11943936 fails 0 solved 1159 secs 7.2
core 39 m 7 profiles 248832 fails 0 solved 48 secs 0.2
core 40 m 7 profiles 248832 fails 0 solved 24 secs 0.2
core 41 m 7 profiles 11943936 fails 0 solved 408 secs 7.2
core 42 m 7 profiles 497664 fails 0 solved 42 secs 0.2
core 43 m 7 profiles 23887872 fails 0 solved 1230 secs 12.3
core 44 m 7 profiles 23887872 fails 0 solved 880 secs 12.8
core 45 m 8 profiles 5971968 fails 0 solved 174 secs 4.5
core 46 m 8 profiles 2985984 fails 0 solved 724 secs 2.5
core 47 m 8 profiles 124416 fails 0 solved 44 secs 0.1
core 48 m 8 profiles 5971968 fails 0 solved 546 secs 4.4
core 49 m 8 profiles 11943936 fails 0 solved 542 secs 6.7
core 50 m 9 profiles 2985984 fails 0 solved 322 secs 2.2
FILE ../results/k4_certs_3.json.gz cores 51 profiles 299837376 solved 20886 templates 20886 cachehits 3790881 fails 0 verified 299837376 faillines 0
core 0 m 4 profiles 62208 fails 0 solved 361 secs 0.0
core 1 m 4 profiles 62208 fails 0 solved 436 secs 0.0
core 2 m 4 profiles 62208 fails 0 solved 436 secs 0.1
core 3 m 5 profiles 31104 fails 0 solved 384 secs 0.0
core 4 m 5 profiles 62208 fails 0 solved 356 secs 0.1
core 5 m 5 profiles 62208 fails 0 solved 329 secs 0.1
core 6 m 5 profiles 62208 fails 0 solved 378 secs 0.0
core 7 m 5 profiles 62208 fails 0 solved 372 secs 0.1
core 8 m 5 profiles 62208 fails 0 solved 265 secs 0.0
core 9 m 5 profiles 62208 fails 0 solved 313 secs 0.1
core 10 m 5 profiles 62208 fails 0 solved 264 secs 0.0
core 11 m 5 profiles 62208 fails 0 solved 303 secs 0.0
core 12 m 5 profiles 62208 fails 0 solved 275 secs 0.0
core 13 m 5 profiles 62208 fails 0 solved 242 secs 0.0
core 14 m 5 profiles 62208 fails 0 solved 270 secs 0.1
core 15 m 5 profiles 62208 fails 0 solved 259 secs 0.1
core 16 m 5 profiles 62208 fails 0 solved 219 secs 0.0
core 17 m 5 profiles 62208 fails 0 solved 290 secs 0.0
core 18 m 5 profiles 62208 fails 0 solved 245 secs 0.0
core 19 m 5 profiles 62208 fails 0 solved 229 secs 0.0
core 20 m 6 profiles 31104 fails 0 solved 266 secs 0.0
core 21 m 6 profiles 31104 fails 0 solved 232 secs 0.0
core 22 m 6 profiles 31104 fails 0 solved 246 secs 0.0
core 23 m 6 profiles 31104 fails 0 solved 238 secs 0.0
core 24 m 6 profiles 31104 fails 0 solved 264 secs 0.0
core 25 m 6 profiles 31104 fails 0 solved 277 secs 0.0
core 26 m 6 profiles 62208 fails 0 solved 236 secs 0.0
core 27 m 6 profiles 62208 fails 0 solved 234 secs 0.1
core 28 m 6 profiles 62208 fails 0 solved 151 secs 0.1
core 29 m 6 profiles 62208 fails 0 solved 189 secs 0.0
core 30 m 6 profiles 62208 fails 0 solved 196 secs 0.0
core 31 m 6 profiles 62208 fails 0 solved 203 secs 0.0
core 32 m 6 profiles 62208 fails 0 solved 103 secs 0.0
core 33 m 6 profiles 62208 fails 0 solved 203 secs 0.0
core 34 m 6 profiles 62208 fails 0 solved 162 secs 0.1
core 35 m 6 profiles 62208 fails 0 solved 53 secs 0.1
core 36 m 6 profiles 62208 fails 0 solved 222 secs 0.0
core 37 m 6 profiles 62208 fails 0 solved 115 secs 0.0
core 38 m 6 profiles 62208 fails 0 solved 175 secs 0.0
core 39 m 6 profiles 62208 fails 0 solved 82 secs 0.1
core 40 m 6 profiles 62208 fails 0 solved 183 secs 0.1
core 41 m 6 profiles 62208 fails 0 solved 190 secs 0.0
core 42 m 6 profiles 62208 fails 0 solved 113 secs 0.0
core 43 m 6 profiles 62208 fails 0 solved 170 secs 0.0
core 44 m 6 profiles 62208 fails 0 solved 175 secs 0.1
core 45 m 6 profiles 62208 fails 0 solved 58 secs 0.1
core 46 m 6 profiles 62208 fails 0 solved 64 secs 0.0
core 47 m 6 profiles 62208 fails 0 solved 131 secs 0.0
core 48 m 6 profiles 62208 fails 0 solved 61 secs 0.0
core 49 m 6 profiles 62208 fails 0 solved 196 secs 0.0
core 50 m 6 profiles 62208 fails 0 solved 174 secs 0.0
core 51 m 6 profiles 62208 fails 0 solved 50 secs 0.1
core 52 m 6 profiles 62208 fails 0 solved 96 secs 0.1
core 53 m 6 profiles 62208 fails 0 solved 169 secs 0.0
core 54 m 6 profiles 62208 fails 0 solved 72 secs 0.0
core 55 m 6 profiles 62208 fails 0 solved 110 secs 0.0
core 56 m 6 profiles 62208 fails 0 solved 93 secs 0.0
core 57 m 6 profiles 62208 fails 0 solved 57 secs 0.1
core 58 m 6 profiles 62208 fails 0 solved 63 secs 0.1
core 59 m 6 profiles 62208 fails 0 solved 64 secs 0.0
core 60 m 6 profiles 62208 fails 0 solved 84 secs 0.0
core 61 m 6 profiles 62208 fails 0 solved 54 secs 0.0
core 62 m 6 profiles 62208 fails 0 solved 75 secs 0.1
core 63 m 6 profiles 62208 fails 0 solved 75 secs 0.1
core 64 m 7 profiles 31104 fails 0 solved 126 secs 0.0
core 65 m 7 profiles 31104 fails 0 solved 84 secs 0.0
core 66 m 7 profiles 31104 fails 0 solved 116 secs 0.0
core 67 m 7 profiles 31104 fails 0 solved 117 secs 0.0
core 68 m 7 profiles 31104 fails 0 solved 252 secs 0.0
core 69 m 7 profiles 31104 fails 0 solved 210 secs 0.0
core 70 m 7 profiles 31104 fails 0 solved 174 secs 0.0
core 71 m 7 profiles 31104 fails 0 solved 140 secs 0.0
core 72 m 7 profiles 31104 fails 0 solved 178 secs 0.0
core 73 m 7 profiles 31104 fails 0 solved 163 secs 0.0
core 74 m 7 profiles 31104 fails 0 solved 109 secs 0.0
core 75 m 7 profiles 31104 fails 0 solved 133 secs 0.0
core 76 m 7 profiles 31104 fails 0 solved 150 secs 0.0
core 77 m 7 profiles 31104 fails 0 solved 98 secs 0.0
core 78 m 7 profiles 31104 fails 0 solved 116 secs 0.0
core 79 m 7 profiles 31104 fails 0 solved 137 secs 0.0
core 80 m 7 profiles 31104 fails 0 solved 131 secs 0.0
core 81 m 7 profiles 62208 fails 0 solved 162 secs 0.1
core 82 m 7 profiles 62208 fails 0 solved 111 secs 0.0
core 83 m 7 profiles 62208 fails 0 solved 92 secs 0.0
core 84 m 7 profiles 62208 fails 0 solved 78 secs 0.0
core 85 m 7 profiles 62208 fails 0 solved 55 secs 0.1
core 86 m 7 profiles 62208 fails 0 solved 60 secs 0.0
core 87 m 7 profiles 62208 fails 0 solved 53 secs 0.1
core 88 m 7 profiles 62208 fails 0 solved 113 secs 0.0
core 89 m 7 profiles 62208 fails 0 solved 108 secs 0.1
core 90 m 7 profiles 62208 fails 0 solved 66 secs 0.0
core 91 m 7 profiles 62208 fails 0 solved 7 secs 0.0
core 92 m 7 profiles 62208 fails 0 solved 77 secs 0.0
core 93 m 7 profiles 62208 fails 0 solved 9 secs 0.0
core 94 m 7 profiles 62208 fails 0 solved 48 secs 0.1
core 95 m 7 profiles 62208 fails 0 solved 61 secs 0.1
core 96 m 7 profiles 62208 fails 0 solved 42 secs 0.0
core 97 m 7 profiles 62208 fails 0 solved 48 secs 0.0
core 98 m 7 profiles 62208 fails 0 solved 33 secs 0.1
core 99 m 7 profiles 62208 fails 0 solved 53 secs 0.0
core 100 m 7 profiles 62208 fails 0 solved 57 secs 0.0
core 101 m 7 profiles 62208 fails 0 solved 9 secs 0.1
core 102 m 7 profiles 62208 fails 0 solved 53 secs 0.0
core 103 m 7 profiles 62208 fails 0 solved 44 secs 0.0
core 104 m 7 profiles 62208 fails 0 solved 9 secs 0.1
core 105 m 7 profiles 62208 fails 0 solved 8 secs 0.0
core 106 m 7 profiles 62208 fails 0 solved 10 secs 0.0
core 107 m 7 profiles 62208 fails 0 solved 49 secs 0.1
core 108 m 7 profiles 62208 fails 0 solved 36 secs 0.0
core 109 m 7 profiles 62208 fails 0 solved 58 secs 0.0
core 110 m 7 profiles 62208 fails 0 solved 47 secs 0.1
core 111 m 7 profiles 62208 fails 0 solved 20 secs 0.0
core 112 m 7 profiles 62208 fails 0 solved 18 secs 0.0
core 113 m 7 profiles 62208 fails 0 solved 11 secs 0.1
core 114 m 7 profiles 62208 fails 0 solved 14 secs 0.0
core 115 m 8 profiles 31104 fails 0 solved 84 secs 0.0
core 116 m 8 profiles 31104 fails 0 solved 79 secs 0.0
core 117 m 8 profiles 31104 fails 0 solved 54 secs 0.0
core 118 m 8 profiles 31104 fails 0 solved 39 secs 0.0
core 119 m 8 profiles 31104 fails 0 solved 42 secs 0.0
core 120 m 8 profiles 31104 fails 0 solved 36 secs 0.0
core 121 m 8 profiles 31104 fails 0 solved 42 secs 0.0
core 122 m 8 profiles 31104 fails 0 solved 52 secs 0.0
core 123 m 8 profiles 31104 fails 0 solved 50 secs 0.0
core 124 m 8 profiles 31104 fails 0 solved 25 secs 0.0
core 125 m 8 profiles 31104 fails 0 solved 33 secs 0.0
core 126 m 8 profiles 31104 fails 0 solved 33 secs 0.0
core 127 m 8 profiles 62208 fails 0 solved 10 secs 0.0
core 128 m 8 profiles 62208 fails 0 solved 24 secs 0.0
core 129 m 8 profiles 62208 fails 0 solved 8 secs 0.1
core 130 m 8 profiles 62208 fails 0 solved 15 secs 0.0
core 131 m 8 profiles 62208 fails 0 solved 10 secs 0.0
core 132 m 8 profiles 62208 fails 0 solved 17 secs 0.0
core 133 m 8 profiles 62208 fails 0 solved 9 secs 0.0
core 134 m 9 profiles 31104 fails 0 solved 6 secs 0.0
FILE ../results/k4_certs_4_n4_1.json.gz cores 135 profiles 7247232 solved 17471 templates 17471 cachehits 92565 fails 0 verified 7247232 faillines 0
core 0 m 4 profiles 2985984 fails 0 solved 1076 secs 2.4
core 1 m 4 profiles 2985984 fails 0 solved 1122 secs 2.4
core 2 m 5 profiles 2985984 fails 0 solved 860 secs 2.4
core 3 m 5 profiles 2985984 fails 0 solved 941 secs 2.6
core 4 m 5 profiles 2985984 fails 0 solved 797 secs 2.6
core 5 m 5 profiles 2985984 fails 0 solved 730 secs 2.3
core 6 m 5 profiles 2985984 fails 0 solved 782 secs 2.7
core 7 m 5 profiles 2985984 fails 0 solved 803 secs 2.8
core 8 m 5 profiles 2985984 fails 0 solved 876 secs 2.8
core 9 m 5 profiles 2985984 fails 0 solved 711 secs 2.8
core 10 m 5 profiles 2985984 fails 0 solved 700 secs 3.3
core 11 m 5 profiles 2985984 fails 0 solved 888 secs 2.3
core 12 m 5 profiles 2985984 fails 0 solved 667 secs 2.4
core 13 m 5 profiles 2985984 fails 0 solved 736 secs 2.8
core 14 m 5 profiles 2985984 fails 0 solved 573 secs 3.2
core 15 m 5 profiles 2985984 fails 0 solved 622 secs 2.4
core 16 m 5 profiles 2985984 fails 0 solved 675 secs 2.6
core 17 m 5 profiles 2985984 fails 0 solved 745 secs 2.6
core 18 m 6 profiles 1492992 fails 0 solved 653 secs 1.2
core 19 m 6 profiles 1492992 fails 0 solved 596 secs 1.6
core 20 m 6 profiles 1492992 fails 0 solved 587 secs 1.7
core 21 m 6 profiles 1492992 fails 0 solved 435 secs 1.7
core 22 m 6 profiles 1492992 fails 0 solved 1060 secs 1.2
core 23 m 6 profiles 2985984 fails 0 solved 805 secs 2.0
core 24 m 6 profiles 2985984 fails 0 solved 767 secs 2.5
core 25 m 6 profiles 2985984 fails 0 solved 569 secs 2.3
core 26 m 6 profiles 2985984 fails 0 solved 530 secs 2.3
core 27 m 6 profiles 2985984 fails 0 solved 579 secs 2.6
core 28 m 6 profiles 2985984 fails 0 solved 561 secs 3.0
core 29 m 6 profiles 2985984 fails 0 solved 627 secs 2.1
core 30 m 6 profiles 2985984 fails 0 solved 813 secs 2.0
core 31 m 6 profiles 2985984 fails 0 solved 475 secs 2.1
core 32 m 6 profiles 2985984 fails 0 solved 626 secs 2.3
core 33 m 6 profiles 2985984 fails 0 solved 459 secs 3.0
core 34 m 6 profiles 2985984 fails 0 solved 332 secs 2.9
core 35 m 6 profiles 2985984 fails 0 solved 520 secs 2.2
core 36 m 6 profiles 2985984 fails 0 solved 505 secs 2.7
core 37 m 6 profiles 2985984 fails 0 solved 318 secs 3.0
core 38 m 6 profiles 2985984 fails 0 solved 560 secs 2.5
core 39 m 6 profiles 2985984 fails 0 solved 522 secs 2.5
core 40 m 6 profiles 2985984 fails 0 solved 457 secs 3.3
core 41 m 6 profiles 2985984 fails 0 solved 510 secs 3.0
core 42 m 6 profiles 2985984 fails 0 solved 573 secs 2.9
core 43 m 6 profiles 2985984 fails 0 solved 433 secs 2.6
core 44 m 6 profiles 2985984 fails 0 solved 416 secs 1.9
core 45 m 6 profiles 2985984 fails 0 solved 360 secs 3.0
core 46 m 6 profiles 2985984 fails 0 solved 554 secs 1.7
core 47 m 6 profiles 2985984 fails 0 solved 486 secs 2.6
core 48 m 6 profiles 2985984 fails 0 solved 327 secs 2.8
core 49 m 6 profiles 2985984 fails 0 solved 430 secs 2.7
core 50 m 6 profiles 2985984 fails 0 solved 373 secs 1.8
core 51 m 6 profiles 2985984 fails 0 solved 467 secs 2.6
core 52 m 6 profiles 2985984 fails 0 solved 465 secs 2.2
core 53 m 6 profiles 2985984 fails 0 solved 458 secs 2.8
core 54 m 6 profiles 2985984 fails 0 solved 507 secs 2.6
core 55 m 6 profiles 2985984 fails 0 solved 350 secs 2.3
core 56 m 6 profiles 2985984 fails 0 solved 427 secs 3.5
core 57 m 6 profiles 2985984 fails 0 solved 490 secs 2.2
core 58 m 6 profiles 2985984 fails 0 solved 480 secs 2.5
core 59 m 6 profiles 2985984 fails 0 solved 308 secs 2.9
core 60 m 6 profiles 2985984 fails 0 solved 380 secs 3.4
core 61 m 6 profiles 2985984 fails 0 solved 502 secs 2.2
core 62 m 6 profiles 2985984 fails 0 solved 321 secs 2.7
core 63 m 6 profiles 2985984 fails 0 solved 354 secs 2.6
core 64 m 6 profiles 2985984 fails 0 solved 387 secs 2.3
core 65 m 6 profiles 2985984 fails 0 solved 427 secs 2.6
core 66 m 6 profiles 2985984 fails 0 solved 323 secs 2.3
core 67 m 6 profiles 2985984 fails 0 solved 407 secs 3.4
core 68 m 6 profiles 2985984 fails 0 solved 334 secs 2.2
core 69 m 6 profiles 2985984 fails 0 solved 436 secs 2.7
core 70 m 6 profiles 2985984 fails 0 solved 510 secs 2.5
core 71 m 6 profiles 2985984 fails 0 solved 547 secs 2.3
core 72 m 6 profiles 2985984 fails 0 solved 350 secs 2.4
core 73 m 6 profiles 2985984 fails 0 solved 480 secs 2.2
core 74 m 6 profiles 2985984 fails 0 solved 198 secs 2.8
core 75 m 6 profiles 2985984 fails 0 solved 380 secs 2.3
core 76 m 6 profiles 2985984 fails 0 solved 487 secs 2.7
core 77 m 6 profiles 2985984 fails 0 solved 385 secs 2.3
core 78 m 6 profiles 2985984 fails 0 solved 352 secs 1.9
core 79 m 6 profiles 2985984 fails 0 solved 296 secs 2.9
core 80 m 7 profiles 1492992 fails 0 solved 443 secs 1.8
core 81 m 7 profiles 1492992 fails 0 solved 352 secs 1.2
core 82 m 7 profiles 1492992 fails 0 solved 263 secs 1.5
core 83 m 7 profiles 1492992 fails 0 solved 200 secs 1.7
core 84 m 7 profiles 1492992 fails 0 solved 304 secs 1.6
core 85 m 7 profiles 1492992 fails 0 solved 378 secs 1.3
core 86 m 7 profiles 1492992 fails 0 solved 345 secs 1.5
core 87 m 7 profiles 1492992 fails 0 solved 320 secs 1.7
core 88 m 7 profiles 1492992 fails 0 solved 373 secs 1.6
core 89 m 7 profiles 1492992 fails 0 solved 416 secs 1.5
core 90 m 7 profiles 1492992 fails 0 solved 290 secs 1.4
core 91 m 7 profiles 746496 fails 0 solved 704 secs 0.5
core 92 m 7 profiles 746496 fails 0 solved 625 secs 0.9
core 93 m 7 profiles 1492992 fails 0 solved 592 secs 1.0
core 94 m 7 profiles 1492992 fails 0 solved 715 secs 1.0
core 95 m 7 profiles 1492992 fails 0 solved 609 secs 1.4
core 96 m 7 profiles 1492992 fails 0 solved 532 secs 1.3
core 97 m 7 profiles 1492992 fails 0 solved 393 secs 1.6
core 98 m 7 profiles 1492992 fails 0 solved 521 secs 1.3
core 99 m 7 profiles 1492992 fails 0 solved 398 secs 1.8
core 100 m 7 profiles 1492992 fails 0 solved 451 secs 1.0
core 101 m 7 profiles 1492992 fails 0 solved 473 secs 1.6
core 102 m 7 profiles 1492992 fails 0 solved 582 secs 1.0
core 103 m 7 profiles 1492992 fails 0 solved 404 secs 1.5
core 104 m 7 profiles 1492992 fails 0 solved 490 secs 1.0
core 105 m 7 profiles 1492992 fails 0 solved 455 secs 1.7
core 106 m 7 profiles 1492992 fails 0 solved 292 secs 1.5
core 107 m 7 profiles 1492992 fails 0 solved 502 secs 1.3
core 108 m 7 profiles 1492992 fails 0 solved 287 secs 1.3
core 109 m 7 profiles 2985984 fails 0 solved 643 secs 2.2
core 110 m 7 profiles 2985984 fails 0 solved 536 secs 2.6
core 111 m 7 profiles 2985984 fails 0 solved 505 secs 1.8
core 112 m 7 profiles 2985984 fails 0 solved 497 secs 2.2
core 113 m 7 profiles 2985984 fails 0 solved 573 secs 1.9
core 114 m 7 profiles 2985984 fails 0 solved 562 secs 1.9
core 115 m 7 profiles 2985984 fails 0 solved 574 secs 1.9
core 116 m 7 profiles 2985984 fails 0 solved 409 secs 2.6
core 117 m 7 profiles 2985984 fails 0 solved 436 secs 2.5
core 118 m 7 profiles 2985984 fails 0 solved 295 secs 2.4
core 119 m 7 profiles 2985984 fails 0 solved 490 secs 2.2
core 120 m 7 profiles 2985984 fails 0 solved 535 secs 2.2
core 121 m 7 profiles 2985984 fails 0 solved 226 secs 2.8
core 122 m 7 profiles 2985984 fails 0 solved 342 secs 2.5
core 123 m 7 profiles 2985984 fails 0 solved 442 secs 2.3
core 124 m 7 profiles 2985984 fails 0 solved 320 secs 2.6
core 125 m 7 profiles 2985984 fails 0 solved 342 secs 2.4
core 126 m 7 profiles 2985984 fails 0 solved 385 secs 2.3
core 127 m 7 profiles 2985984 fails 0 solved 409 secs 1.7
core 128 m 7 profiles 2985984 fails 0 solved 537 secs 2.7
core 129 m 7 profiles 2985984 fails 0 solved 382 secs 1.9
core 130 m 7 profiles 2985984 fails 0 solved 352 secs 2.0
core 131 m 7 profiles 2985984 fails 0 solved 417 secs 2.6
core 132 m 7 profiles 2985984 fails 0 solved 443 secs 2.4
core 133 m 7 profiles 2985984 fails 0 solved 260 secs 2.6
core 134 m 7 profiles 2985984 fails 0 solved 301 secs 2.2
core 135 m 7 profiles 2985984 fails 0 solved 218 secs 2.4
core 136 m 7 profiles 2985984 fails 0 solved 304 secs 2.5
core 137 m 7 profiles 2985984 fails 0 solved 390 secs 2.0
core 138 m 7 profiles 2985984 fails 0 solved 412 secs 2.1
core 139 m 7 profiles 2985984 fails 0 solved 227 secs 2.3
core 140 m 7 profiles 2985984 fails 0 solved 387 secs 3.0
core 141 m 7 profiles 2985984 fails 0 solved 239 secs 2.6
core 142 m 7 profiles 2985984 fails 0 solved 465 secs 1.8
core 143 m 7 profiles 2985984 fails 0 solved 269 secs 3.0
core 144 m 7 profiles 2985984 fails 0 solved 446 secs 2.0
core 145 m 7 profiles 2985984 fails 0 solved 369 secs 1.9
core 146 m 7 profiles 2985984 fails 0 solved 262 secs 1.7
core 147 m 7 profiles 2985984 fails 0 solved 255 secs 2.7
core 148 m 7 profiles 2985984 fails 0 solved 117 secs 2.5
core 149 m 7 profiles 2985984 fails 0 solved 197 secs 2.1
core 150 m 7 profiles 2985984 fails 0 solved 196 secs 1.9
core 151 m 7 profiles 2985984 fails 0 solved 194 secs 2.8
core 152 m 7 profiles 2985984 fails 0 solved 195 secs 2.4
core 153 m 7 profiles 2985984 fails 0 solved 201 secs 2.0
core 154 m 7 profiles 2985984 fails 0 solved 520 secs 2.3
core 155 m 7 profiles 2985984 fails 0 solved 587 secs 1.9
core 156 m 7 profiles 2985984 fails 0 solved 421 secs 2.1
core 157 m 7 profiles 2985984 fails 0 solved 126 secs 2.3
core 158 m 7 profiles 2985984 fails 0 solved 166 secs 1.7
core 159 m 7 profiles 2985984 fails 0 solved 392 secs 1.5
core 160 m 7 profiles 2985984 fails 0 solved 322 secs 2.5
core 161 m 7 profiles 2985984 fails 0 solved 390 secs 2.1
core 162 m 7 profiles 2985984 fails 0 solved 328 secs 1.9
core 163 m 7 profiles 2985984 fails 0 solved 173 secs 2.7
core 164 m 7 profiles 2985984 fails 0 solved 65 secs 2.4
core 165 m 7 profiles 2985984 fails 0 solved 98 secs 2.3
core 166 m 7 profiles 2985984 fails 0 solved 289 secs 1.2
core 167 m 7 profiles 2985984 fails 0 solved 202 secs 2.5
core 168 m 7 profiles 2985984 fails 0 solved 177 secs 2.5
core 169 m 7 profiles 2985984 fails 0 solved 279 secs 2.3
core 170 m 7 profiles 2985984 fails 0 solved 309 secs 1.8
core 171 m 7 profiles 2985984 fails 0 solved 263 secs 2.7
core 172 m 7 profiles 2985984 fails 0 solved 272 secs 2.5
core 173 m 7 profiles 2985984 fails 0 solved 220 secs 1.9
core 174 m 7 profiles 2985984 fails 0 solved 233 secs 2.3
core 175 m 7 profiles 2985984 fails 0 solved 236 secs 2.7
core 176 m 7 profiles 2985984 fails 0 solved 101 secs 2.3
core 177 m 7 profiles 2985984 fails 0 solved 269 secs 1.5
core 178 m 7 profiles 2985984 fails 0 solved 224 secs 2.9
core 179 m 7 profiles 2985984 fails 0 solved 349 secs 1.7
core 180 m 7 profiles 2985984 fails 0 solved 142 secs 2.1
core 181 m 7 profiles 2985984 fails 0 solved 183 secs 2.4
core 182 m 7 profiles 2985984 fails 0 solved 108 secs 2.5
core 183 m 7 profiles 2985984 fails 0 solved 248 secs 1.6
core 184 m 7 profiles 2985984 fails 0 solved 49 secs 2.1
core 185 m 7 profiles 2985984 fails 0 solved 192 secs 2.0
core 186 m 7 profiles 2985984 fails 0 solved 223 secs 2.3
core 187 m 8 profiles 1492992 fails 0 solved 85 secs 1.3
core 188 m 8 profiles 1492992 fails 0 solved 148 secs 0.8
core 189 m 8 profiles 1492992 fails 0 solved 92 secs 1.6
core 190 m 8 profiles 1492992 fails 0 solved 94 secs 1.7
core 191 m 8 profiles 746496 fails 0 solved 499 secs 0.7
core 192 m 8 profiles 746496 fails 0 solved 445 secs 0.6
core 193 m 8 profiles 746496 fails 0 solved 440 secs 0.4
core 194 m 8 profiles 746496 fails 0 solved 406 secs 0.5
core 195 m 8 profiles 746496 fails 0 solved 440 secs 0.9
core 196 m 8 profiles 746496 fails 0 solved 444 secs 0.5
core 197 m 8 profiles 746496 fails 0 solved 392 secs 0.8
core 198 m 8 profiles 746496 fails 0 solved 352 secs 0.4
core 199 m 8 profiles 746496 fails 0 solved 424 secs 0.4
core 200 m 8 profiles 746496 fails 0 solved 421 secs 0.6
core 201 m 8 profiles 746496 fails 0 solved 434 secs 0.7
core 202 m 8 profiles 1492992 fails 0 solved 377 secs 1.7
core 203 m 8 profiles 1492992 fails 0 solved 344 secs 1.8
core 204 m 8 profiles 1492992 fails 0 solved 271 secs 0.9
core 205 m 8 profiles 1492992 fails 0 solved 284 secs 0.9
core 206 m 8 profiles 1492992 fails 0 solved 324 secs 0.9
core 207 m 8 profiles 1492992 fails 0 solved 338 secs 1.0
core 208 m 8 profiles 1492992 fails 0 solved 219 secs 1.3
core 209 m 8 profiles 1492992 fails 0 solved 303 secs 1.0
core 210 m 8 profiles 1492992 fails 0 solved 232 secs 1.2
core 211 m 8 profiles 1492992 fails 0 solved 284 secs 1.1
core 212 m 8 profiles 1492992 fails 0 solved 291 secs 1.2
core 213 m 8 profiles 1492992 fails 0 solved 325 secs 1.5
core 214 m 8 profiles 1492992 fails 0 solved 274 secs 1.3
core 215 m 8 profiles 1492992 fails 0 solved 219 secs 1.5
core 216 m 8 profiles 1492992 fails 0 solved 103 secs 1.4
core 217 m 8 profiles 1492992 fails 0 solved 242 secs 1.5
core 218 m 8 profiles 1492992 fails 0 solved 73 secs 1.5
core 219 m 8 profiles 1492992 fails 0 solved 250 secs 1.2
core 220 m 8 profiles 1492992 fails 0 solved 359 secs 1.5
core 221 m 8 profiles 1492992 fails 0 solved 246 secs 1.3
core 222 m 8 profiles 1492992 fails 0 solved 64 secs 1.2
core 223 m 8 profiles 1492992 fails 0 solved 296 secs 1.2
core 224 m 8 profiles 1492992 fails 0 solved 75 secs 1.0
core 225 m 8 profiles 1492992 fails 0 solved 154 secs 1.3
core 226 m 8 profiles 1492992 fails 0 solved 71 secs 1.4
core 227 m 8 profiles 1492992 fails 0 solved 238 secs 1.1
core 228 m 8 profiles 1492992 fails 0 solved 278 secs 1.0
core 229 m 8 profiles 1492992 fails 0 solved 253 secs 1.1
core 230 m 8 profiles 1492992 fails 0 solved 63 secs 1.4
core 231 m 8 profiles 1492992 fails 0 solved 262 secs 1.3
core 232 m 8 profiles 1492992 fails 0 solved 57 secs 1.4
core 233 m 8 profiles 1492992 fails 0 solved 93 secs 1.4
core 234 m 8 profiles 1492992 fails 0 solved 176 secs 1.5
core 235 m 8 profiles 1492992 fails 0 solved 281 secs 1.3
core 236 m 8 profiles 1492992 fails 0 solved 213 secs 1.3
core 237 m 8 profiles 1492992 fails 0 solved 150 secs 1.8
core 238 m 8 profiles 1492992 fails 0 solved 80 secs 1.3
core 239 m 8 profiles 1492992 fails 0 solved 83 secs 0.8
core 240 m 8 profiles 1492992 fails 0 solved 309 secs 1.1
core 241 m 8 profiles 1492992 fails 0 solved 59 secs 1.3
core 242 m 8 profiles 2985984 fails 0 solved 308 secs 1.9
core 243 m 8 profiles 2985984 fails 0 solved 204 secs 1.8
core 244 m 8 profiles 2985984 fails 0 solved 247 secs 2.7
core 245 m 8 profiles 2985984 fails 0 solved 306 secs 1.6
core 246 m 8 profiles 2985984 fails 0 solved 218 secs 1.9
core 247 m 8 profiles 2985984 fails 0 solved 203 secs 1.7
core 248 m 8 profiles 2985984 fails 0 solved 91 secs 2.1
core 249 m 8 profiles 2985984 fails 0 solved 70 secs 2.1
core 250 m 8 profiles 2985984 fails 0 solved 237 secs 1.7
core 251 m 8 profiles 2985984 fails 0 solved 195 secs 2.2
core 252 m 8 profiles 2985984 fails 0 solved 145 secs 2.0
core 253 m 8 profiles 2985984 fails 0 solved 182 secs 2.3
core 254 m 8 profiles 2985984 fails 0 solved 213 secs 1.8
core 255 m 8 profiles 2985984 fails 0 solved 77 secs 2.8
core 256 m 8 profiles 2985984 fails 0 solved 267 secs 1.4
core 257 m 8 profiles 2985984 fails 0 solved 130 secs 2.1
core 258 m 8 profiles 2985984 fails 0 solved 83 secs 2.1
core 259 m 8 profiles 2985984 fails 0 solved 94 secs 2.3
core 260 m 8 profiles 2985984 fails 0 solved 150 secs 1.9
core 261 m 8 profiles 2985984 fails 0 solved 85 secs 2.4
core 262 m 8 profiles 2985984 fails 0 solved 189 secs 2.0
core 263 m 8 profiles 2985984 fails 0 solved 58 secs 2.3
core 264 m 8 profiles 2985984 fails 0 solved 94 secs 2.4
core 265 m 8 profiles 2985984 fails 0 solved 83 secs 1.2
core 266 m 8 profiles 2985984 fails 0 solved 59 secs 2.4
core 267 m 8 profiles 2985984 fails 0 solved 164 secs 1.7
core 268 m 8 profiles 2985984 fails 0 solved 85 secs 1.9
core 269 m 8 profiles 2985984 fails 0 solved 37 secs 2.2
core 270 m 8 profiles 2985984 fails 0 solved 104 secs 2.6
core 271 m 8 profiles 2985984 fails 0 solved 71 secs 2.4
core 272 m 8 profiles 2985984 fails 0 solved 217 secs 1.8
core 273 m 8 profiles 2985984 fails 0 solved 236 secs 1.7
core 274 m 8 profiles 2985984 fails 0 solved 113 secs 2.5
core 275 m 8 profiles 2985984 fails 0 solved 35 secs 2.0
core 276 m 8 profiles 2985984 fails 0 solved 68 secs 1.7
core 277 m 9 profiles 746496 fails 0 solved 176 secs 0.6
core 278 m 9 profiles 746496 fails 0 solved 229 secs 0.7
core 279 m 9 profiles 746496 fails 0 solved 158 secs 0.7
core 280 m 9 profiles 746496 fails 0 solved 183 secs 0.5
core 281 m 9 profiles 746496 fails 0 solved 123 secs 0.7
core 282 m 9 profiles 746496 fails 0 solved 128 secs 0.6
core 283 m 9 profiles 746496 fails 0 solved 172 secs 0.7
core 284 m 9 profiles 746496 fails 0 solved 183 secs 0.6
core 285 m 9 profiles 746496 fails 0 solved 165 secs 0.4
core 286 m 9 profiles 746496 fails 0 solved 221 secs 0.6
core 287 m 9 profiles 746496 fails 0 solved 170 secs 0.7
core 288 m 9 profiles 746496 fails 0 solved 174 secs 0.9
core 289 m 9 profiles 746496 fails 0 solved 236 secs 0.6
core 290 m 9 profiles 746496 fails 0 solved 119 secs 0.6
core 291 m 9 profiles 1492992 fails 0 solved 99 secs 1.2
core 292 m 9 profiles 1492992 fails 0 solved 54 secs 1.5
core 293 m 9 profiles 1492992 fails 0 solved 60 secs 1.5
core 294 m 9 profiles 1492992 fails 0 solved 46 secs 1.3
core 295 m 9 profiles 1492992 fails 0 solved 50 secs 1.5
core 296 m 9 profiles 1492992 fails 0 solved 69 secs 1.5
core 297 m 9 profiles 1492992 fails 0 solved 70 secs 1.1
core 298 m 9 profiles 1492992 fails 0 solved 78 secs 1.1
core 299 m 9 profiles 1492992 fails 0 solved 67 secs 1.3
core 300 m 9 profiles 1492992 fails 0 solved 46 secs 1.7
core 301 m 9 profiles 1492992 fails 0 solved 57 secs 1.2
core 302 m 9 profiles 1492992 fails 0 solved 43 secs 1.5
core 303 m 9 profiles 1492992 fails 0 solved 32 secs 1.6
core 304 m 9 profiles 2985984 fails 0 solved 34 secs 2.5
core 305 m 9 profiles 2985984 fails 0 solved 64 secs 2.4
core 306 m 9 profiles 2985984 fails 0 solved 64 secs 1.8
core 307 m 10 profiles 746496 fails 0 solved 53 secs 0.8
core 308 m 10 profiles 746496 fails 0 solved 47 secs 0.5
FILE ../results/k4_certs_4_n4_2.json.gz cores 309 profiles 724847616 solved 103668 templates 103668 cachehits 9632410 fails 0 verified 724847616 faillines 0
# finished Fri Sep 25 21:15:49 UTC 2026
# command: python3 c4min_hunt_run.py ../results/k4_certs_4_pure.json.gz --order=big --best=1 --only=0,20,40,60,80,100,120,140,160,180,200,218 --first=1 -V
# commit cea5597, k4/c4min_hunt.c sha1 9c7ca0ffe25b, started Fri Sep 25 21:15:49 UTC 2026
core 0 m 4 profiles 23887872 fails 0 solved 5531 secs 33.5
core 20 m 6 profiles 23887872 fails 0 solved 1594 secs 35.1
core 40 m 7 profiles 23887872 fails 0 solved 2972 secs 42.0
core 60 m 7 profiles 23887872 fails 0 solved 1016 secs 37.2
core 80 m 8 profiles 11943936 fails 0 solved 2184 secs 28.7
core 100 m 8 profiles 23887872 fails 0 solved 2142 secs 47.5
core 120 m 8 profiles 23887872 fails 0 solved 1560 secs 17.6
core 140 m 9 profiles 11943936 fails 0 solved 2676 secs 26.9
core 160 m 9 profiles 11943936 fails 0 solved 1557 secs 30.4
core 180 m 10 profiles 5971968 fails 0 solved 2028 secs 19.0
core 200 m 10 profiles 11943936 fails 0 solved 1030 secs 21.4
core 218 m 12 profiles 2985984 fails 0 solved 350 secs 4.2
FILE ../results/k4_certs_4_pure.json.gz cores 12 profiles 200060928 solved 24640 templates 24640 cachehits 3104016 fails 0 verified 200060928 faillines 0
# finished Fri Sep 25 21:17:20 UTC 2026
# command: python3 c4min_hunt_run.py ../results/k4_certs_5_n4_3.json.gz --order=big --only=0,250,500,750,1000,1250,1500,1750,2000,2250,2500,2750,3000,3250,3500,3750,4000,4250,4500,4750,5000,5250,5500,5750,6000,6250,6500,6750,7000,7250,7500,7750,8000,8250,8500,8750,9000,9250,9500,9750 --first=1 -V
# commit cea5597, k4/c4min_hunt.c sha1 9c7ca0ffe25b, started Fri Sep 25 21:17:20 UTC 2026
core 0 m 4 profiles 2985984 fails 0 solved 1225 secs 4.5
core 250 m 6 profiles 2985984 fails 0 solved 708 secs 8.1
core 500 m 7 profiles 2985984 fails 0 solved 4739 secs 9.0
core 750 m 7 profiles 2985984 fails 0 solved 12336 secs 10.0
core 1000 m 7 profiles 2985984 fails 0 solved 258 secs 8.7
core 1250 m 7 profiles 2985984 fails 0 solved 1550 secs 7.8
core 1500 m 7 profiles 2985984 fails 0 solved 8650 secs 8.3
core 1750 m 8 profiles 1492992 fails 0 solved 1596 secs 6.5
core 2000 m 8 profiles 1492992 fails 0 solved 10275 secs 6.3
core 2250 m 8 profiles 2985984 fails 0 solved 3395 secs 11.7
core 2500 m 8 profiles 2985984 fails 0 solved 8551 secs 10.2
core 2750 m 8 profiles 2985984 fails 0 solved 6148 secs 10.4
core 3000 m 8 profiles 2985984 fails 0 solved 258 secs 6.2
core 3250 m 8 profiles 2985984 fails 0 solved 453 secs 10.3
core 3500 m 8 profiles 2985984 fails 0 solved 5391 secs 11.5
core 3750 m 8 profiles 2985984 fails 0 solved 299 secs 5.1
core 4000 m 8 profiles 2985984 fails 0 solved 2374 secs 8.8
core 4250 m 9 profiles 1492992 fails 0 solved 1495 secs 6.9
core 4500 m 9 profiles 1492992 fails 0 solved 11983 secs 4.1
core 4750 m 9 profiles 1492992 fails 0 solved 8193 secs 5.6
core 5000 m 9 profiles 1492992 fails 0 solved 4928 secs 5.4
core 5250 m 9 profiles 1492992 fails 0 solved 4706 secs 5.3
core 5500 m 9 profiles 1492992 fails 0 solved 323 secs 7.6
core 5750 m 9 profiles 2985984 fails 0 solved 4418 secs 10.2
core 6000 m 9 profiles 2985984 fails 0 solved 716 secs 11.9
core 6250 m 9 profiles 2985984 fails 0 solved 2321 secs 9.3
core 6500 m 9 profiles 2985984 fails 0 solved 272 secs 8.2
core 6750 m 9 profiles 2985984 fails 0 solved 2198 secs 9.2
core 7000 m 9 profiles 2985984 fails 0 solved 1896 secs 9.9
core 7250 m 10 profiles 1492992 fails 0 solved 1790 secs 6.8
core 7500 m 10 profiles 1492992 fails 0 solved 5599 secs 4.9
core 7750 m 10 profiles 1492992 fails 0 solved 1531 secs 4.1
core 8000 m 10 profiles 1492992 fails 0 solved 58 secs 4.9
core 8250 m 10 profiles 1492992 fails 0 solved 144 secs 8.3
core 8500 m 10 profiles 1492992 fails 0 solved 53 secs 9.1
core 8750 m 10 profiles 2985984 fails 0 solved 61 secs 14.7
core 9000 m 10 profiles 2985984 fails 0 solved 62 secs 10.6
core 9250 m 11 profiles 1492992 fails 0 solved 897 secs 2.4
core 9500 m 11 profiles 1492992 fails 0 solved 1460 secs 2.4
core 9750 m 11 profiles 2985984 fails 0 solved 168 secs 12.9
FILE ../results/k4_certs_5_n4_3.json.gz cores 40 profiles 95551488 solved 123478 templates 123478 cachehits 1226531 fails 0 verified 95551488 faillines 0
# finished Fri Sep 25 21:18:49 UTC 2026
