# command: python3 c4min_climb.py --file=../results/k4_certs_5_n4_4.json.gz --file=../results/k4_certs_5_pure.json.gz --cores=../results/k4_c4min_hunt_tight_n5.jsonl --iters=10000 --restarts=20 --order=0 --anneal=20 --stale=2000 --seed=55 --jobs=4 --top=20
# commit 27bfe40, k4/c4min_hunt.c sha1 60fbc9be5f85, started Sat Sep 26 00:12:28 UTC 2026
# 400 cores; iters 10000 restarts 20 stale 2000 order 0 seed 55
# done in 325 s; cores 400; CEX lines 0
# best (owner needed, d*, min(good, 3)) per core: (1, 0, 3): 221, (1, 0, 2): 1, (1, -1, 3): 115, (1, -1, 2): 24, (1, -1, 1): 20, (1, -2, 3): 1, (0, 0, 3): 14, (0, 0, 2): 4
TIGHT k4_certs_5_n4_4.json.gz#9278 m 11 sets [[0, 2, 4, 5], [1, 5, 6, 10], [3, 4, 8, 9], [3, 7, 8, 9], [6, 7, 10]]
  BEST dstar 0 good 2 fstar 0 evals 200020 cex 0 owner 1 sigma -1 types 121 95 140 109 3 values [0:7,2:2,4:4,5:10] [1:4,5:5,6:6,10:8] [3:5,4:8,8:2,9:4] [3:4,7:8,8:2,9:3] [6:3,7:4,10:2]
TIGHT k4_certs_5_pure.json.gz#4515 m 12 sets [[0, 2, 4, 8], [1, 8, 10, 11], [3, 9, 10, 11], [4, 5, 6, 7], [5, 6, 7, 9]]
  BEST dstar 0 good 3 fstar 0 evals 200020 cex 0 owner 1 sigma -2 types 104 225 37 240 270 values [0:6,2:2,4:10,8:3] [1:8,8:3,10:10,11:6] [3:2,9:10,10:4,11:7] [4:8,5:5,6:2,7:4] [5:10,6:4,7:2,9:7]
TIGHT k4_certs_5_pure.json.gz#4673 m 15 sets [[0, 2, 10, 11], [1, 6, 10, 13], [3, 7, 11, 14], [4, 8, 12, 13], [5, 9, 12, 14]]
  BEST dstar 0 good 3 fstar 0 evals 200020 cex 0 owner 1 sigma -5 types 72 25 101 124 18 values [0:4,2:3,10:2,11:8] [1:2,6:7,10:4,13:10] [3:6,7:1,11:8,14:4] [4:7,8:2,12:10,13:4] [5:2,9:5,12:4,14:8]
TIGHT k4_certs_5_n4_4.json.gz#1123 m 8 sets [[0, 2, 3, 6], [1, 3, 6, 7], [4, 5, 6, 7], [4, 5, 6, 7], [4, 5, 7]]
  BEST dstar 0 good 4 fstar 3 evals 200020 cex 0 owner 1 sigma 2 types 102 82 173 258 3 values [0:6,2:2,3:3,6:10] [1:4,3:2,6:7,7:8] [4:6,5:8,6:3,7:4] [4:10,5:2,6:3,7:6] [4:3,5:4,7:2]
TIGHT k4_certs_5_n4_4.json.gz#1138 m 8 sets [[0, 2, 3, 7], [1, 4, 5, 6], [3, 6, 7], [4, 5, 6, 7], [4, 5, 6, 7]]
  BEST dstar 0 good 4 fstar 3 evals 200020 cex 0 owner 1 sigma 2 types 46 71 1 263 178 values [0:3,2:6,3:2,7:10] [1:3,4:8,5:10,6:6] [3:2,6:4,7:3] [4:10,5:2,6:7,7:6] [4:6,5:8,6:5,7:4]
TIGHT k4_certs_5_n4_4.json.gz#9617 m 12 sets [[0, 2, 5, 10], [1, 4, 9, 10], [3, 9, 11], [5, 6, 7, 8], [6, 7, 8, 11]]
  BEST dstar 0 good 4 fstar 0 evals 200020 cex 0 owner 1 sigma -2 types 96 52 1 71 0 values [0:5,2:4,5:8,10:2] [1:3,4:6,9:10,10:2] [3:2,9:4,11:3] [5:3,6:8,7:10,8:6] [6:1,7:4,8:6,11:8]
TIGHT k4_certs_5_n4_4.json.gz#9742 m 12 sets [[0, 2, 6, 9], [1, 6, 10, 11], [3, 7, 8, 9], [4, 7, 8, 11], [5, 10, 11]]
  BEST dstar 0 good 4 fstar 0 evals 200020 cex 0 owner 1 sigma -2 types 68 209 197 187 1 values [0:4,2:2,6:8,9:3] [1:7,6:10,10:6,11:2] [3:7,7:4,8:10,9:2] [4:7,7:2,8:4,11:10] [5:2,10:4,11:3]
TIGHT k4_certs_5_pure.json.gz#4462 m 12 sets [[0, 2, 9, 11], [1, 6, 7, 8], [3, 6, 8, 10], [4, 7, 10, 11], [5, 9, 10, 11]]
  BEST dstar 0 good 4 fstar 0 evals 200020 cex 0 owner 1 sigma -2 types 20 71 256 167 144 values [0:2,2:6,9:3,11:10] [1:3,6:8,7:10,8:6] [3:8,6:10,8:4,10:3] [4:6,7:5,10:8,11:4] [5:6,9:1,10:4,11:8]
TIGHT k4_certs_5_pure.json.gz#4550 m 13 sets [[0, 2, 6, 10], [1, 4, 10, 12], [3, 5, 11, 12], [6, 7, 8, 9], [7, 8, 9, 11]]
  BEST dstar 0 good 4 fstar 0 evals 200020 cex 0 owner 1 sigma -3 types 13 13 69 236 54 values [0:2,2:4,6:7,10:10] [1:2,4:4,10:7,12:10] [3:4,5:2,11:8,12:5] [6:8,7:4,8:6,9:3] [7:3,8:6,9:2,11:10]
TIGHT k4_certs_5_pure.json.gz#4556 m 13 sets [[0, 2, 8, 12], [1, 4, 9, 12], [3, 6, 10, 11], [5, 7, 10, 11], [8, 9, 11, 12]]
  BEST dstar 0 good 4 fstar 0 evals 200020 cex 0 owner 1 sigma -3 types 136 62 72 128 51 values [0:8,2:3,8:10,12:4] [1:4,4:1,9:6,12:8] [3:4,6:3,10:2,11:8] [5:7,7:4,10:2,11:10] [8:3,9:4,11:10,12:8]
TIGHT k4_certs_5_pure.json.gz#4650 m 13 sets [[0, 2, 10, 11], [1, 6, 10, 12], [3, 7, 8, 9], [4, 7, 8, 12], [5, 9, 11, 12]]
  BEST dstar 0 good 4 fstar 0 evals 200020 cex 0 owner 1 sigma -3 types 128 106 174 185 11 values [0:7,2:4,10:2,11:10] [1:6,6:3,10:2,12:10] [3:6,7:8,8:3,9:10] [4:6,7:10,8:8,12:3] [5:2,9:4,11:5,12:8]
TIGHT k4_certs_5_pure.json.gz#286 m 8 sets [[0, 1, 3, 7], [2, 3, 5, 6], [2, 4, 6, 7], [4, 5, 6, 7], [4, 5, 6, 7]]
  BEST dstar 0 good 6 fstar 3 evals 200020 cex 0 owner 1 sigma 2 types 46 220 222 41 77 values [0:3,1:6,3:2,7:10] [2:8,3:3,5:4,6:6] [2:8,4:3,6:6,7:4] [4:2,5:10,6:7,7:6] [4:3,5:10,6:8,7:6]
TIGHT k4_certs_5_pure.json.gz#458 m 8 sets [[0, 2, 3, 4], [1, 4, 6, 7], [2, 5, 6, 7], [3, 5, 6, 7], [4, 5, 6, 7]]
  BEST dstar 0 good 6 fstar 3 evals 200020 cex 0 owner 1 sigma 2 types 146 137 30 39 42 values [0:6,2:2,3:3,4:10] [1:5,4:6,6:8,7:4] [2:2,5:8,6:3,7:4] [3:2,5:10,6:6,7:7] [4:3,5:2,6:4,7:8]
TIGHT k4_certs_5_n4_4.json.gz#921 m 8 sets [[0, 1, 2, 5], [2, 5, 6, 7], [3, 4, 6, 7], [3, 4, 6, 7], [5, 6, 7]]
  BEST dstar 0 good 8 fstar 3 evals 200020 cex 0 owner 1 sigma 2 types 34 56 222 193 1 values [0:3,1:2,2:4,5:8] [2:3,5:6,6:5,7:7] [3:8,4:3,6:6,7:4] [3:7,4:3,6:6,7:5] [5:2,6:4,7:3]
TIGHT k4_certs_5_n4_4.json.gz#6063 m 10 sets [[0, 2, 7, 9], [1, 4, 8, 9], [3, 5, 7, 9], [5, 6, 8, 9], [6, 8, 9]]
  BEST dstar 0 good 8 fstar 2 evals 200020 cex 0 owner 1 sigma 0 types 128 36 54 68 5 values [0:7,2:4,7:2,9:10] [1:3,4:2,8:8,9:4] [3:3,5:6,7:2,9:10] [5:3,6:8,8:6,9:4] [6:4,8:3,9:2]
TIGHT k4_certs_5_pure.json.gz#639 m 8 sets [[0, 1, 4, 5], [1, 5, 6, 7], [2, 3, 6, 7], [2, 3, 6, 7], [4, 5, 6, 7]]
  BEST dstar 0 good 8 fstar 3 evals 200020 cex 0 owner 1 sigma 2 types 7 23 216 260 56 values [0:2,1:3,4:6,5:10] [1:2,5:6,6:10,7:7] [2:8,3:2,6:5,7:4] [2:10,3:2,6:6,7:3] [4:3,5:6,6:5,7:7]
TIGHT k4_certs_5_n4_4.json.gz#1518 m 8 sets [[0, 2, 3, 4], [1, 5, 6, 7], [2, 3, 4, 7], [4, 5, 6, 7], [5, 6, 7]]
  BEST dstar 0 good 12 fstar 3 evals 200020 cex 0 owner 1 sigma 2 types 146 91 50 5 5 values [0:6,2:2,3:3,4:10] [1:4,5:3,6:8,7:6] [2:3,3:4,4:8,7:10] [4:1,5:8,6:6,7:4] [5:4,6:3,7:2]
TIGHT k4_certs_5_n4_4.json.gz#1564 m 8 sets [[0, 2, 3, 4], [1, 4, 7], [2, 5, 6, 7], [3, 5, 6, 7], [4, 5, 6, 7]]
  BEST dstar 0 good 12 fstar 3 evals 200020 cex 0 owner 1 sigma 2 types 7 0 14 40 29 values [0:2,2:3,3:6,4:10] [1:2,4:3,7:4] [2:2,5:4,6:8,7:3] [3:2,5:10,6:7,7:4] [4:2,5:7,6:10,7:6]
TIGHT k4_certs_5_n4_4.json.gz#2299 m 8 sets [[0, 2, 7], [1, 2, 3, 4], [1, 5, 6, 7], [3, 5, 6, 7], [4, 5, 6, 7]]
  BEST dstar 0 good 12 fstar 3 evals 200020 cex 0 owner 1 sigma 2 types 0 74 87 5 77 values [0:2,2:3,7:4] [1:3,2:10,3:6,4:2] [1:4,5:2,6:10,7:7] [3:1,5:8,6:6,7:4] [4:3,5:10,6:8,7:6]
TIGHT k4_certs_5_pure.json.gz#274 m 8 sets [[0, 1, 2, 4], [2, 4, 6, 7], [3, 5, 6, 7], [3, 5, 6, 7], [4, 5, 6, 7]]
  BEST dstar 0 good 12 fstar 3 evals 200020 cex 0 owner 1 sigma 2 types 46 56 72 22 19 values [0:3,1:6,2:2,4:10] [2:3,4:6,6:5,7:7] [3:3,5:10,6:2,7:6] [3:2,5:6,6:10,7:3] [4:2,5:5,6:8,7:4]
# finished Sat Sep 26 00:17:59 UTC 2026
