# command: python3 c4min_hunt_run.py ../results/k4_certs_4_pure.json.gz --order=big --best=1 -w0 --jobs=1 --only=120,122,174,175,176,178,179,205,207,208,215,216,217,218 --ckpt=../results/k4_c4min_hunt_w0_pure_cores.ckpt
# commit e965821, k4/c4min_hunt.c sha1 60fbc9be5f85, started Fri Sep 25 22:42:31 UTC 2026
core 120 (agent order [0, 1, 2, 3]): FAIL fstar 2 types 8 8 8 8 values [0:2,2:3,4:8,6:4] [0:2,2:3,5:8,6:4] [1:2,3:3,4:8,7:4] [1:2,3:3,5:8,7:4]
core 120 (agent order [0, 1, 2, 3]): FAIL fstar 2 types 8 8 8 14 values [0:2,2:3,4:8,6:4] [0:2,2:3,5:8,6:4] [1:2,3:3,4:8,7:4] [1:2,3:4,5:8,7:3]
core 120 (agent order [0, 1, 2, 3]): FAIL fstar 2 types 8 8 8 44 values [0:2,2:3,4:8,6:4] [0:2,2:3,5:8,6:4] [1:2,3:3,4:8,7:4] [1:3,3:2,5:8,7:4]
core 120 (agent order [0, 1, 2, 3]): FAIL fstar 2 types 8 8 8 48 values [0:2,2:3,4:8,6:4] [0:2,2:3,5:8,6:4] [1:2,3:3,4:8,7:4] [1:3,3:4,5:8,7:2]
core 120 (agent order [0, 1, 2, 3]): FAIL fstar 2 types 8 8 8 84 values [0:2,2:3,4:8,6:4] [0:2,2:3,5:8,6:4] [1:2,3:3,4:8,7:4] [1:4,3:2,5:8,7:3]
core 120 (agent order [0, 1, 2, 3]): FAIL fstar 2 types 8 8 8 90 values [0:2,2:3,4:8,6:4] [0:2,2:3,5:8,6:4] [1:2,3:3,4:8,7:4] [1:4,3:3,5:8,7:2]
core 120 (agent order [0, 1, 2, 3]): FAIL fstar 2 types 8 8 14 8 values [0:2,2:3,4:8,6:4] [0:2,2:3,5:8,6:4] [1:2,3:4,4:8,7:3] [1:2,3:3,5:8,7:4]
core 120 (agent order [0, 1, 2, 3]): FAIL fstar 2 types 8 8 14 14 values [0:2,2:3,4:8,6:4] [0:2,2:3,5:8,6:4] [1:2,3:4,4:8,7:3] [1:2,3:4,5:8,7:3]
core 120 (agent order [0, 1, 2, 3]): FAIL fstar 2 types 8 8 14 44 values [0:2,2:3,4:8,6:4] [0:2,2:3,5:8,6:4] [1:2,3:4,4:8,7:3] [1:3,3:2,5:8,7:4]
core 120 (agent order [0, 1, 2, 3]): FAIL fstar 2 types 8 8 14 48 values [0:2,2:3,4:8,6:4] [0:2,2:3,5:8,6:4] [1:2,3:4,4:8,7:3] [1:3,3:4,5:8,7:2]
core 120 (agent order [0, 1, 2, 3]): FAIL fstar 2 types 8 8 14 84 values [0:2,2:3,4:8,6:4] [0:2,2:3,5:8,6:4] [1:2,3:4,4:8,7:3] [1:4,3:2,5:8,7:3]
core 120 (agent order [0, 1, 2, 3]): FAIL fstar 2 types 8 8 14 90 values [0:2,2:3,4:8,6:4] [0:2,2:3,5:8,6:4] [1:2,3:4,4:8,7:3] [1:4,3:3,5:8,7:2]
core 120 (agent order [0, 1, 2, 3]): FAIL fstar 2 types 8 8 44 8 values [0:2,2:3,4:8,6:4] [0:2,2:3,5:8,6:4] [1:3,3:2,4:8,7:4] [1:2,3:3,5:8,7:4]
core 120 (agent order [0, 1, 2, 3]): FAIL fstar 2 types 8 8 44 14 values [0:2,2:3,4:8,6:4] [0:2,2:3,5:8,6:4] [1:3,3:2,4:8,7:4] [1:2,3:4,5:8,7:3]
core 120 (agent order [0, 1, 2, 3]): FAIL fstar 2 types 8 8 44 44 values [0:2,2:3,4:8,6:4] [0:2,2:3,5:8,6:4] [1:3,3:2,4:8,7:4] [1:3,3:2,5:8,7:4]
core 120 (agent order [0, 1, 2, 3]): FAIL fstar 2 types 8 8 44 48 values [0:2,2:3,4:8,6:4] [0:2,2:3,5:8,6:4] [1:3,3:2,4:8,7:4] [1:3,3:4,5:8,7:2]
core 120 (agent order [0, 1, 2, 3]): FAIL fstar 2 types 8 8 44 84 values [0:2,2:3,4:8,6:4] [0:2,2:3,5:8,6:4] [1:3,3:2,4:8,7:4] [1:4,3:2,5:8,7:3]
core 120 (agent order [0, 1, 2, 3]): FAIL fstar 2 types 8 8 44 90 values [0:2,2:3,4:8,6:4] [0:2,2:3,5:8,6:4] [1:3,3:2,4:8,7:4] [1:4,3:3,5:8,7:2]
core 120 (agent order [0, 1, 2, 3]): FAIL fstar 2 types 8 8 48 8 values [0:2,2:3,4:8,6:4] [0:2,2:3,5:8,6:4] [1:3,3:4,4:8,7:2] [1:2,3:3,5:8,7:4]
core 120 (agent order [0, 1, 2, 3]): FAIL fstar 2 types 8 8 48 14 values [0:2,2:3,4:8,6:4] [0:2,2:3,5:8,6:4] [1:3,3:4,4:8,7:2] [1:2,3:4,5:8,7:3]
core 120 m 8 profiles 6879707136 fails 20 solved 377275 secs 33.5
core 122 (agent order [0, 1, 2, 3]): FAIL fstar 2 types 8 8 8 8 values [0:2,2:3,5:8,6:4] [0:2,3:3,4:8,6:4] [1:2,2:3,4:8,7:4] [1:2,3:3,5:8,7:4]
core 122 (agent order [0, 1, 2, 3]): FAIL fstar 2 types 8 8 8 14 values [0:2,2:3,5:8,6:4] [0:2,3:3,4:8,6:4] [1:2,2:3,4:8,7:4] [1:2,3:4,5:8,7:3]
core 122 (agent order [0, 1, 2, 3]): FAIL fstar 2 types 8 8 8 44 values [0:2,2:3,5:8,6:4] [0:2,3:3,4:8,6:4] [1:2,2:3,4:8,7:4] [1:3,3:2,5:8,7:4]
core 122 (agent order [0, 1, 2, 3]): FAIL fstar 2 types 8 8 8 48 values [0:2,2:3,5:8,6:4] [0:2,3:3,4:8,6:4] [1:2,2:3,4:8,7:4] [1:3,3:4,5:8,7:2]
core 122 (agent order [0, 1, 2, 3]): FAIL fstar 2 types 8 8 8 84 values [0:2,2:3,5:8,6:4] [0:2,3:3,4:8,6:4] [1:2,2:3,4:8,7:4] [1:4,3:2,5:8,7:3]
core 122 (agent order [0, 1, 2, 3]): FAIL fstar 2 types 8 8 8 90 values [0:2,2:3,5:8,6:4] [0:2,3:3,4:8,6:4] [1:2,2:3,4:8,7:4] [1:4,3:3,5:8,7:2]
core 122 (agent order [0, 1, 2, 3]): FAIL fstar 2 types 8 8 14 8 values [0:2,2:3,5:8,6:4] [0:2,3:3,4:8,6:4] [1:2,2:4,4:8,7:3] [1:2,3:3,5:8,7:4]
core 122 (agent order [0, 1, 2, 3]): FAIL fstar 2 types 8 8 14 14 values [0:2,2:3,5:8,6:4] [0:2,3:3,4:8,6:4] [1:2,2:4,4:8,7:3] [1:2,3:4,5:8,7:3]
core 122 (agent order [0, 1, 2, 3]): FAIL fstar 2 types 8 8 14 44 values [0:2,2:3,5:8,6:4] [0:2,3:3,4:8,6:4] [1:2,2:4,4:8,7:3] [1:3,3:2,5:8,7:4]
core 122 (agent order [0, 1, 2, 3]): FAIL fstar 2 types 8 8 14 48 values [0:2,2:3,5:8,6:4] [0:2,3:3,4:8,6:4] [1:2,2:4,4:8,7:3] [1:3,3:4,5:8,7:2]
core 122 (agent order [0, 1, 2, 3]): FAIL fstar 2 types 8 8 14 84 values [0:2,2:3,5:8,6:4] [0:2,3:3,4:8,6:4] [1:2,2:4,4:8,7:3] [1:4,3:2,5:8,7:3]
core 122 (agent order [0, 1, 2, 3]): FAIL fstar 2 types 8 8 14 90 values [0:2,2:3,5:8,6:4] [0:2,3:3,4:8,6:4] [1:2,2:4,4:8,7:3] [1:4,3:3,5:8,7:2]
core 122 (agent order [0, 1, 2, 3]): FAIL fstar 2 types 8 8 44 8 values [0:2,2:3,5:8,6:4] [0:2,3:3,4:8,6:4] [1:3,2:2,4:8,7:4] [1:2,3:3,5:8,7:4]
core 122 (agent order [0, 1, 2, 3]): FAIL fstar 2 types 8 8 44 14 values [0:2,2:3,5:8,6:4] [0:2,3:3,4:8,6:4] [1:3,2:2,4:8,7:4] [1:2,3:4,5:8,7:3]
core 122 (agent order [0, 1, 2, 3]): FAIL fstar 2 types 8 8 44 44 values [0:2,2:3,5:8,6:4] [0:2,3:3,4:8,6:4] [1:3,2:2,4:8,7:4] [1:3,3:2,5:8,7:4]
core 122 (agent order [0, 1, 2, 3]): FAIL fstar 2 types 8 8 44 48 values [0:2,2:3,5:8,6:4] [0:2,3:3,4:8,6:4] [1:3,2:2,4:8,7:4] [1:3,3:4,5:8,7:2]
core 122 (agent order [0, 1, 2, 3]): FAIL fstar 2 types 8 8 44 84 values [0:2,2:3,5:8,6:4] [0:2,3:3,4:8,6:4] [1:3,2:2,4:8,7:4] [1:4,3:2,5:8,7:3]
core 122 (agent order [0, 1, 2, 3]): FAIL fstar 2 types 8 8 44 90 values [0:2,2:3,5:8,6:4] [0:2,3:3,4:8,6:4] [1:3,2:2,4:8,7:4] [1:4,3:3,5:8,7:2]
core 122 (agent order [0, 1, 2, 3]): FAIL fstar 2 types 8 8 48 8 values [0:2,2:3,5:8,6:4] [0:2,3:3,4:8,6:4] [1:3,2:4,4:8,7:2] [1:2,3:3,5:8,7:4]
core 122 (agent order [0, 1, 2, 3]): FAIL fstar 2 types 8 8 48 14 values [0:2,2:3,5:8,6:4] [0:2,3:3,4:8,6:4] [1:3,2:4,4:8,7:2] [1:2,3:4,5:8,7:3]
core 122 m 8 profiles 6879707136 fails 20 solved 339243 secs 33.7
core 174 (agent order [0, 1, 2, 3]): FAIL fstar 2 types 6 30 30 6 values [0:2,2:3,4:4,8:8] [1:2,3:8,6:3,7:4] [2:2,3:8,4:3,5:4] [5:2,6:3,7:4,8:8]
core 174 (agent order [0, 1, 2, 3]): FAIL fstar 2 types 6 30 30 10 values [0:2,2:3,4:4,8:8] [1:2,3:8,6:3,7:4] [2:2,3:8,4:3,5:4] [5:2,6:4,7:3,8:8]
core 174 (agent order [0, 1, 2, 3]): FAIL fstar 2 types 6 30 30 42 values [0:2,2:3,4:4,8:8] [1:2,3:8,6:3,7:4] [2:2,3:8,4:3,5:4] [5:3,6:2,7:4,8:8]
core 174 (agent order [0, 1, 2, 3]): FAIL fstar 2 types 6 30 30 46 values [0:2,2:3,4:4,8:8] [1:2,3:8,6:3,7:4] [2:2,3:8,4:3,5:4] [5:3,6:4,7:2,8:8]
core 174 (agent order [0, 1, 2, 3]): FAIL fstar 2 types 6 30 30 80 values [0:2,2:3,4:4,8:8] [1:2,3:8,6:3,7:4] [2:2,3:8,4:3,5:4] [5:4,6:2,7:3,8:8]
core 174 (agent order [0, 1, 2, 3]): FAIL fstar 2 types 6 30 30 88 values [0:2,2:3,4:4,8:8] [1:2,3:8,6:3,7:4] [2:2,3:8,4:3,5:4] [5:4,6:3,7:2,8:8]
core 174 (agent order [0, 1, 2, 3]): FAIL fstar 2 types 6 30 31 6 values [0:2,2:3,4:4,8:8] [1:2,3:8,6:3,7:4] [2:2,3:8,4:4,5:3] [5:2,6:3,7:4,8:8]
core 174 (agent order [0, 1, 2, 3]): FAIL fstar 2 types 6 30 31 10 values [0:2,2:3,4:4,8:8] [1:2,3:8,6:3,7:4] [2:2,3:8,4:4,5:3] [5:2,6:4,7:3,8:8]
core 174 (agent order [0, 1, 2, 3]): FAIL fstar 2 types 6 30 31 42 values [0:2,2:3,4:4,8:8] [1:2,3:8,6:3,7:4] [2:2,3:8,4:4,5:3] [5:3,6:2,7:4,8:8]
core 174 (agent order [0, 1, 2, 3]): FAIL fstar 2 types 6 30 31 46 values [0:2,2:3,4:4,8:8] [1:2,3:8,6:3,7:4] [2:2,3:8,4:4,5:3] [5:3,6:4,7:2,8:8]
core 174 (agent order [0, 1, 2, 3]): FAIL fstar 2 types 6 30 31 80 values [0:2,2:3,4:4,8:8] [1:2,3:8,6:3,7:4] [2:2,3:8,4:4,5:3] [5:4,6:2,7:3,8:8]
core 174 (agent order [0, 1, 2, 3]): FAIL fstar 2 types 6 30 31 88 values [0:2,2:3,4:4,8:8] [1:2,3:8,6:3,7:4] [2:2,3:8,4:4,5:3] [5:4,6:3,7:2,8:8]
core 174 (agent order [0, 1, 2, 3]): FAIL fstar 2 types 6 30 64 6 values [0:2,2:3,4:4,8:8] [1:2,3:8,6:3,7:4] [2:3,3:8,4:2,5:4] [5:2,6:3,7:4,8:8]
core 174 (agent order [0, 1, 2, 3]): FAIL fstar 2 types 6 30 64 10 values [0:2,2:3,4:4,8:8] [1:2,3:8,6:3,7:4] [2:3,3:8,4:2,5:4] [5:2,6:4,7:3,8:8]
core 174 (agent order [0, 1, 2, 3]): FAIL fstar 2 types 6 30 64 42 values [0:2,2:3,4:4,8:8] [1:2,3:8,6:3,7:4] [2:3,3:8,4:2,5:4] [5:3,6:2,7:4,8:8]
core 174 (agent order [0, 1, 2, 3]): FAIL fstar 2 types 6 30 64 46 values [0:2,2:3,4:4,8:8] [1:2,3:8,6:3,7:4] [2:3,3:8,4:2,5:4] [5:3,6:4,7:2,8:8]
core 174 (agent order [0, 1, 2, 3]): FAIL fstar 2 types 6 30 64 80 values [0:2,2:3,4:4,8:8] [1:2,3:8,6:3,7:4] [2:3,3:8,4:2,5:4] [5:4,6:2,7:3,8:8]
core 174 (agent order [0, 1, 2, 3]): FAIL fstar 2 types 6 30 64 88 values [0:2,2:3,4:4,8:8] [1:2,3:8,6:3,7:4] [2:3,3:8,4:2,5:4] [5:4,6:3,7:2,8:8]
core 174 (agent order [0, 1, 2, 3]): FAIL fstar 2 types 6 30 65 6 values [0:2,2:3,4:4,8:8] [1:2,3:8,6:3,7:4] [2:3,3:8,4:4,5:2] [5:2,6:3,7:4,8:8]
core 174 (agent order [0, 1, 2, 3]): FAIL fstar 2 types 6 30 65 10 values [0:2,2:3,4:4,8:8] [1:2,3:8,6:3,7:4] [2:3,3:8,4:4,5:2] [5:2,6:4,7:3,8:8]
core 174 m 9 profiles 6879707136 fails 20 solved 293815 secs 36.2
core 175 (agent order [0, 1, 2, 3]): FAIL fstar 2 types 8 30 6 8 values [0:2,2:3,6:8,8:4] [1:2,5:8,7:3,8:4] [2:2,3:3,4:4,5:8] [3:2,4:3,6:8,7:4]
core 175 (agent order [0, 1, 2, 3]): FAIL fstar 2 types 8 30 6 14 values [0:2,2:3,6:8,8:4] [1:2,5:8,7:3,8:4] [2:2,3:3,4:4,5:8] [3:2,4:4,6:8,7:3]
core 175 (agent order [0, 1, 2, 3]): FAIL fstar 2 types 8 30 6 44 values [0:2,2:3,6:8,8:4] [1:2,5:8,7:3,8:4] [2:2,3:3,4:4,5:8] [3:3,4:2,6:8,7:4]
core 175 (agent order [0, 1, 2, 3]): FAIL fstar 2 types 8 30 6 48 values [0:2,2:3,6:8,8:4] [1:2,5:8,7:3,8:4] [2:2,3:3,4:4,5:8] [3:3,4:4,6:8,7:2]
core 175 (agent order [0, 1, 2, 3]): FAIL fstar 2 types 8 30 6 84 values [0:2,2:3,6:8,8:4] [1:2,5:8,7:3,8:4] [2:2,3:3,4:4,5:8] [3:4,4:2,6:8,7:3]
core 175 (agent order [0, 1, 2, 3]): FAIL fstar 2 types 8 30 6 90 values [0:2,2:3,6:8,8:4] [1:2,5:8,7:3,8:4] [2:2,3:3,4:4,5:8] [3:4,4:3,6:8,7:2]
core 175 (agent order [0, 1, 2, 3]): FAIL fstar 2 types 8 30 10 8 values [0:2,2:3,6:8,8:4] [1:2,5:8,7:3,8:4] [2:2,3:4,4:3,5:8] [3:2,4:3,6:8,7:4]
core 175 (agent order [0, 1, 2, 3]): FAIL fstar 2 types 8 30 10 14 values [0:2,2:3,6:8,8:4] [1:2,5:8,7:3,8:4] [2:2,3:4,4:3,5:8] [3:2,4:4,6:8,7:3]
core 175 (agent order [0, 1, 2, 3]): FAIL fstar 2 types 8 30 10 44 values [0:2,2:3,6:8,8:4] [1:2,5:8,7:3,8:4] [2:2,3:4,4:3,5:8] [3:3,4:2,6:8,7:4]
core 175 (agent order [0, 1, 2, 3]): FAIL fstar 2 types 8 30 10 48 values [0:2,2:3,6:8,8:4] [1:2,5:8,7:3,8:4] [2:2,3:4,4:3,5:8] [3:3,4:4,6:8,7:2]
core 175 (agent order [0, 1, 2, 3]): FAIL fstar 2 types 8 30 10 84 values [0:2,2:3,6:8,8:4] [1:2,5:8,7:3,8:4] [2:2,3:4,4:3,5:8] [3:4,4:2,6:8,7:3]
core 175 (agent order [0, 1, 2, 3]): FAIL fstar 2 types 8 30 10 90 values [0:2,2:3,6:8,8:4] [1:2,5:8,7:3,8:4] [2:2,3:4,4:3,5:8] [3:4,4:3,6:8,7:2]
core 175 (agent order [0, 1, 2, 3]): FAIL fstar 2 types 8 30 42 8 values [0:2,2:3,6:8,8:4] [1:2,5:8,7:3,8:4] [2:3,3:2,4:4,5:8] [3:2,4:3,6:8,7:4]
core 175 (agent order [0, 1, 2, 3]): FAIL fstar 2 types 8 30 42 14 values [0:2,2:3,6:8,8:4] [1:2,5:8,7:3,8:4] [2:3,3:2,4:4,5:8] [3:2,4:4,6:8,7:3]
core 175 (agent order [0, 1, 2, 3]): FAIL fstar 2 types 8 30 42 44 values [0:2,2:3,6:8,8:4] [1:2,5:8,7:3,8:4] [2:3,3:2,4:4,5:8] [3:3,4:2,6:8,7:4]
core 175 (agent order [0, 1, 2, 3]): FAIL fstar 2 types 8 30 42 48 values [0:2,2:3,6:8,8:4] [1:2,5:8,7:3,8:4] [2:3,3:2,4:4,5:8] [3:3,4:4,6:8,7:2]
core 175 (agent order [0, 1, 2, 3]): FAIL fstar 2 types 8 30 42 84 values [0:2,2:3,6:8,8:4] [1:2,5:8,7:3,8:4] [2:3,3:2,4:4,5:8] [3:4,4:2,6:8,7:3]
core 175 (agent order [0, 1, 2, 3]): FAIL fstar 2 types 8 30 42 90 values [0:2,2:3,6:8,8:4] [1:2,5:8,7:3,8:4] [2:3,3:2,4:4,5:8] [3:4,4:3,6:8,7:2]
core 175 (agent order [0, 1, 2, 3]): FAIL fstar 2 types 8 30 46 8 values [0:2,2:3,6:8,8:4] [1:2,5:8,7:3,8:4] [2:3,3:4,4:2,5:8] [3:2,4:3,6:8,7:4]
core 175 (agent order [0, 1, 2, 3]): FAIL fstar 2 types 8 30 46 14 values [0:2,2:3,6:8,8:4] [1:2,5:8,7:3,8:4] [2:3,3:4,4:2,5:8] [3:2,4:4,6:8,7:3]
core 175 m 9 profiles 6879707136 fails 20 solved 357521 secs 42.2
core 176 (agent order [0, 1, 2, 3]): FAIL fstar 2 types 30 30 212 6 values [0:2,2:8,7:3,8:4] [1:2,6:8,7:3,8:4] [2:8,3:2,4:3,5:4] [3:2,4:3,5:4,6:8]
core 176 (agent order [0, 1, 2, 3]): FAIL fstar 2 types 30 30 212 10 values [0:2,2:8,7:3,8:4] [1:2,6:8,7:3,8:4] [2:8,3:2,4:3,5:4] [3:2,4:4,5:3,6:8]
core 176 (agent order [0, 1, 2, 3]): FAIL fstar 2 types 30 30 212 42 values [0:2,2:8,7:3,8:4] [1:2,6:8,7:3,8:4] [2:8,3:2,4:3,5:4] [3:3,4:2,5:4,6:8]
core 176 (agent order [0, 1, 2, 3]): FAIL fstar 2 types 30 30 212 46 values [0:2,2:8,7:3,8:4] [1:2,6:8,7:3,8:4] [2:8,3:2,4:3,5:4] [3:3,4:4,5:2,6:8]
core 176 (agent order [0, 1, 2, 3]): FAIL fstar 2 types 30 30 212 80 values [0:2,2:8,7:3,8:4] [1:2,6:8,7:3,8:4] [2:8,3:2,4:3,5:4] [3:4,4:2,5:3,6:8]
core 176 (agent order [0, 1, 2, 3]): FAIL fstar 2 types 30 30 212 88 values [0:2,2:8,7:3,8:4] [1:2,6:8,7:3,8:4] [2:8,3:2,4:3,5:4] [3:4,4:3,5:2,6:8]
core 176 (agent order [0, 1, 2, 3]): FAIL fstar 2 types 30 30 213 6 values [0:2,2:8,7:3,8:4] [1:2,6:8,7:3,8:4] [2:8,3:2,4:4,5:3] [3:2,4:3,5:4,6:8]
core 176 (agent order [0, 1, 2, 3]): FAIL fstar 2 types 30 30 213 10 values [0:2,2:8,7:3,8:4] [1:2,6:8,7:3,8:4] [2:8,3:2,4:4,5:3] [3:2,4:4,5:3,6:8]
core 176 (agent order [0, 1, 2, 3]): FAIL fstar 2 types 30 30 213 42 values [0:2,2:8,7:3,8:4] [1:2,6:8,7:3,8:4] [2:8,3:2,4:4,5:3] [3:3,4:2,5:4,6:8]
core 176 (agent order [0, 1, 2, 3]): FAIL fstar 2 types 30 30 213 46 values [0:2,2:8,7:3,8:4] [1:2,6:8,7:3,8:4] [2:8,3:2,4:4,5:3] [3:3,4:4,5:2,6:8]
core 176 (agent order [0, 1, 2, 3]): FAIL fstar 2 types 30 30 213 80 values [0:2,2:8,7:3,8:4] [1:2,6:8,7:3,8:4] [2:8,3:2,4:4,5:3] [3:4,4:2,5:3,6:8]
core 176 (agent order [0, 1, 2, 3]): FAIL fstar 2 types 30 30 213 88 values [0:2,2:8,7:3,8:4] [1:2,6:8,7:3,8:4] [2:8,3:2,4:4,5:3] [3:4,4:3,5:2,6:8]
core 176 (agent order [0, 1, 2, 3]): FAIL fstar 2 types 30 30 218 6 values [0:2,2:8,7:3,8:4] [1:2,6:8,7:3,8:4] [2:8,3:3,4:2,5:4] [3:2,4:3,5:4,6:8]
core 176 (agent order [0, 1, 2, 3]): FAIL fstar 2 types 30 30 218 10 values [0:2,2:8,7:3,8:4] [1:2,6:8,7:3,8:4] [2:8,3:3,4:2,5:4] [3:2,4:4,5:3,6:8]
core 176 (agent order [0, 1, 2, 3]): FAIL fstar 2 types 30 30 218 42 values [0:2,2:8,7:3,8:4] [1:2,6:8,7:3,8:4] [2:8,3:3,4:2,5:4] [3:3,4:2,5:4,6:8]
core 176 (agent order [0, 1, 2, 3]): FAIL fstar 2 types 30 30 218 46 values [0:2,2:8,7:3,8:4] [1:2,6:8,7:3,8:4] [2:8,3:3,4:2,5:4] [3:3,4:4,5:2,6:8]
core 176 (agent order [0, 1, 2, 3]): FAIL fstar 2 types 30 30 218 80 values [0:2,2:8,7:3,8:4] [1:2,6:8,7:3,8:4] [2:8,3:3,4:2,5:4] [3:4,4:2,5:3,6:8]
core 176 (agent order [0, 1, 2, 3]): FAIL fstar 2 types 30 30 218 88 values [0:2,2:8,7:3,8:4] [1:2,6:8,7:3,8:4] [2:8,3:3,4:2,5:4] [3:4,4:3,5:2,6:8]
core 176 (agent order [0, 1, 2, 3]): FAIL fstar 2 types 30 30 219 6 values [0:2,2:8,7:3,8:4] [1:2,6:8,7:3,8:4] [2:8,3:3,4:4,5:2] [3:2,4:3,5:4,6:8]
core 176 (agent order [0, 1, 2, 3]): FAIL fstar 2 types 30 30 219 10 values [0:2,2:8,7:3,8:4] [1:2,6:8,7:3,8:4] [2:8,3:3,4:4,5:2] [3:2,4:4,5:3,6:8]
core 176 m 9 profiles 6879707136 fails 20 solved 424793 secs 46.0
core 178 (agent order [2, 0, 1, 3]): FAIL fstar 2 types 6 6 8 8 values [4:2,5:3,6:4,7:8] [0:2,2:3,4:4,8:8] [1:2,3:3,7:8,9:4] [5:2,6:3,8:8,9:4]
core 178 (agent order [2, 0, 1, 3]): FAIL fstar 2 types 6 6 8 14 values [4:2,5:3,6:4,7:8] [0:2,2:3,4:4,8:8] [1:2,3:3,7:8,9:4] [5:2,6:4,8:8,9:3]
core 178 (agent order [2, 0, 1, 3]): FAIL fstar 2 types 6 6 8 44 values [4:2,5:3,6:4,7:8] [0:2,2:3,4:4,8:8] [1:2,3:3,7:8,9:4] [5:3,6:2,8:8,9:4]
core 178 (agent order [2, 0, 1, 3]): FAIL fstar 2 types 6 6 8 48 values [4:2,5:3,6:4,7:8] [0:2,2:3,4:4,8:8] [1:2,3:3,7:8,9:4] [5:3,6:4,8:8,9:2]
core 178 (agent order [2, 0, 1, 3]): FAIL fstar 2 types 6 6 8 84 values [4:2,5:3,6:4,7:8] [0:2,2:3,4:4,8:8] [1:2,3:3,7:8,9:4] [5:4,6:2,8:8,9:3]
core 178 (agent order [2, 0, 1, 3]): FAIL fstar 2 types 6 6 8 90 values [4:2,5:3,6:4,7:8] [0:2,2:3,4:4,8:8] [1:2,3:3,7:8,9:4] [5:4,6:3,8:8,9:2]
core 178 (agent order [2, 0, 1, 3]): FAIL fstar 2 types 6 6 14 8 values [4:2,5:3,6:4,7:8] [0:2,2:3,4:4,8:8] [1:2,3:4,7:8,9:3] [5:2,6:3,8:8,9:4]
core 178 (agent order [2, 0, 1, 3]): FAIL fstar 2 types 6 6 14 14 values [4:2,5:3,6:4,7:8] [0:2,2:3,4:4,8:8] [1:2,3:4,7:8,9:3] [5:2,6:4,8:8,9:3]
core 178 (agent order [2, 0, 1, 3]): FAIL fstar 2 types 6 6 14 44 values [4:2,5:3,6:4,7:8] [0:2,2:3,4:4,8:8] [1:2,3:4,7:8,9:3] [5:3,6:2,8:8,9:4]
core 178 (agent order [2, 0, 1, 3]): FAIL fstar 2 types 6 6 14 48 values [4:2,5:3,6:4,7:8] [0:2,2:3,4:4,8:8] [1:2,3:4,7:8,9:3] [5:3,6:4,8:8,9:2]
core 178 (agent order [2, 0, 1, 3]): FAIL fstar 2 types 6 6 14 84 values [4:2,5:3,6:4,7:8] [0:2,2:3,4:4,8:8] [1:2,3:4,7:8,9:3] [5:4,6:2,8:8,9:3]
core 178 (agent order [2, 0, 1, 3]): FAIL fstar 2 types 6 6 14 90 values [4:2,5:3,6:4,7:8] [0:2,2:3,4:4,8:8] [1:2,3:4,7:8,9:3] [5:4,6:3,8:8,9:2]
core 178 (agent order [2, 0, 1, 3]): FAIL fstar 2 types 6 6 36 8 values [4:2,5:3,6:4,7:8] [0:2,2:3,4:4,8:8] [1:3,3:2,7:8,9:4] [5:2,6:3,8:8,9:4]
core 178 (agent order [2, 0, 1, 3]): FAIL fstar 2 types 6 6 36 14 values [4:2,5:3,6:4,7:8] [0:2,2:3,4:4,8:8] [1:3,3:2,7:8,9:4] [5:2,6:4,8:8,9:3]
core 178 (agent order [2, 0, 1, 3]): FAIL fstar 2 types 6 6 36 44 values [4:2,5:3,6:4,7:8] [0:2,2:3,4:4,8:8] [1:3,3:2,7:8,9:4] [5:3,6:2,8:8,9:4]
core 178 (agent order [2, 0, 1, 3]): FAIL fstar 2 types 6 6 36 48 values [4:2,5:3,6:4,7:8] [0:2,2:3,4:4,8:8] [1:3,3:2,7:8,9:4] [5:3,6:4,8:8,9:2]
core 178 (agent order [2, 0, 1, 3]): FAIL fstar 2 types 6 6 36 84 values [4:2,5:3,6:4,7:8] [0:2,2:3,4:4,8:8] [1:3,3:2,7:8,9:4] [5:4,6:2,8:8,9:3]
core 178 (agent order [2, 0, 1, 3]): FAIL fstar 2 types 6 6 36 90 values [4:2,5:3,6:4,7:8] [0:2,2:3,4:4,8:8] [1:3,3:2,7:8,9:4] [5:4,6:3,8:8,9:2]
core 178 (agent order [2, 0, 1, 3]): FAIL fstar 2 types 6 6 40 8 values [4:2,5:3,6:4,7:8] [0:2,2:3,4:4,8:8] [1:3,3:4,7:8,9:2] [5:2,6:3,8:8,9:4]
core 178 (agent order [2, 0, 1, 3]): FAIL fstar 2 types 6 6 40 14 values [4:2,5:3,6:4,7:8] [0:2,2:3,4:4,8:8] [1:3,3:4,7:8,9:2] [5:2,6:4,8:8,9:3]
core 178 m 10 profiles 1719926784 fails 20 solved 76008 secs 13.0
core 179 (agent order [2, 0, 1, 3]): FAIL fstar 2 types 212 8 8 6 values [4:8,5:2,6:3,7:4] [0:2,2:3,4:8,9:4] [1:2,3:3,8:8,9:4] [5:2,6:3,7:4,8:8]
core 179 (agent order [2, 0, 1, 3]): FAIL fstar 2 types 212 8 8 10 values [4:8,5:2,6:3,7:4] [0:2,2:3,4:8,9:4] [1:2,3:3,8:8,9:4] [5:2,6:4,7:3,8:8]
core 179 (agent order [2, 0, 1, 3]): FAIL fstar 2 types 212 8 8 42 values [4:8,5:2,6:3,7:4] [0:2,2:3,4:8,9:4] [1:2,3:3,8:8,9:4] [5:3,6:2,7:4,8:8]
core 179 (agent order [2, 0, 1, 3]): FAIL fstar 2 types 212 8 8 46 values [4:8,5:2,6:3,7:4] [0:2,2:3,4:8,9:4] [1:2,3:3,8:8,9:4] [5:3,6:4,7:2,8:8]
core 179 (agent order [2, 0, 1, 3]): FAIL fstar 2 types 212 8 8 80 values [4:8,5:2,6:3,7:4] [0:2,2:3,4:8,9:4] [1:2,3:3,8:8,9:4] [5:4,6:2,7:3,8:8]
core 179 (agent order [2, 0, 1, 3]): FAIL fstar 2 types 212 8 8 88 values [4:8,5:2,6:3,7:4] [0:2,2:3,4:8,9:4] [1:2,3:3,8:8,9:4] [5:4,6:3,7:2,8:8]
core 179 (agent order [2, 0, 1, 3]): FAIL fstar 2 types 212 8 14 6 values [4:8,5:2,6:3,7:4] [0:2,2:3,4:8,9:4] [1:2,3:4,8:8,9:3] [5:2,6:3,7:4,8:8]
core 179 (agent order [2, 0, 1, 3]): FAIL fstar 2 types 212 8 14 10 values [4:8,5:2,6:3,7:4] [0:2,2:3,4:8,9:4] [1:2,3:4,8:8,9:3] [5:2,6:4,7:3,8:8]
core 179 (agent order [2, 0, 1, 3]): FAIL fstar 2 types 212 8 14 42 values [4:8,5:2,6:3,7:4] [0:2,2:3,4:8,9:4] [1:2,3:4,8:8,9:3] [5:3,6:2,7:4,8:8]
core 179 (agent order [2, 0, 1, 3]): FAIL fstar 2 types 212 8 14 46 values [4:8,5:2,6:3,7:4] [0:2,2:3,4:8,9:4] [1:2,3:4,8:8,9:3] [5:3,6:4,7:2,8:8]
core 179 (agent order [2, 0, 1, 3]): FAIL fstar 2 types 212 8 14 80 values [4:8,5:2,6:3,7:4] [0:2,2:3,4:8,9:4] [1:2,3:4,8:8,9:3] [5:4,6:2,7:3,8:8]
core 179 (agent order [2, 0, 1, 3]): FAIL fstar 2 types 212 8 14 88 values [4:8,5:2,6:3,7:4] [0:2,2:3,4:8,9:4] [1:2,3:4,8:8,9:3] [5:4,6:3,7:2,8:8]
core 179 (agent order [2, 0, 1, 3]): FAIL fstar 2 types 212 8 36 6 values [4:8,5:2,6:3,7:4] [0:2,2:3,4:8,9:4] [1:3,3:2,8:8,9:4] [5:2,6:3,7:4,8:8]
core 179 (agent order [2, 0, 1, 3]): FAIL fstar 2 types 212 8 36 10 values [4:8,5:2,6:3,7:4] [0:2,2:3,4:8,9:4] [1:3,3:2,8:8,9:4] [5:2,6:4,7:3,8:8]
core 179 (agent order [2, 0, 1, 3]): FAIL fstar 2 types 212 8 36 42 values [4:8,5:2,6:3,7:4] [0:2,2:3,4:8,9:4] [1:3,3:2,8:8,9:4] [5:3,6:2,7:4,8:8]
core 179 (agent order [2, 0, 1, 3]): FAIL fstar 2 types 212 8 36 46 values [4:8,5:2,6:3,7:4] [0:2,2:3,4:8,9:4] [1:3,3:2,8:8,9:4] [5:3,6:4,7:2,8:8]
core 179 (agent order [2, 0, 1, 3]): FAIL fstar 2 types 212 8 36 80 values [4:8,5:2,6:3,7:4] [0:2,2:3,4:8,9:4] [1:3,3:2,8:8,9:4] [5:4,6:2,7:3,8:8]
core 179 (agent order [2, 0, 1, 3]): FAIL fstar 2 types 212 8 36 88 values [4:8,5:2,6:3,7:4] [0:2,2:3,4:8,9:4] [1:3,3:2,8:8,9:4] [5:4,6:3,7:2,8:8]
core 179 (agent order [2, 0, 1, 3]): FAIL fstar 2 types 212 8 40 6 values [4:8,5:2,6:3,7:4] [0:2,2:3,4:8,9:4] [1:3,3:4,8:8,9:2] [5:2,6:3,7:4,8:8]
core 179 (agent order [2, 0, 1, 3]): FAIL fstar 2 types 212 8 40 10 values [4:8,5:2,6:3,7:4] [0:2,2:3,4:8,9:4] [1:3,3:4,8:8,9:2] [5:2,6:4,7:3,8:8]
core 179 m 10 profiles 1719926784 fails 20 solved 117311 secs 11.5
core 205 (agent order [1, 0, 2, 3]): FAIL fstar 2 types 6 6 6 8 values [1:2,4:3,8:4,9:8] [0:2,2:3,4:4,7:8] [3:2,5:3,6:4,9:8] [5:2,6:3,7:8,8:4]
core 205 (agent order [1, 0, 2, 3]): FAIL fstar 2 types 6 6 6 14 values [1:2,4:3,8:4,9:8] [0:2,2:3,4:4,7:8] [3:2,5:3,6:4,9:8] [5:2,6:4,7:8,8:3]
core 205 (agent order [1, 0, 2, 3]): FAIL fstar 2 types 6 6 6 44 values [1:2,4:3,8:4,9:8] [0:2,2:3,4:4,7:8] [3:2,5:3,6:4,9:8] [5:3,6:2,7:8,8:4]
core 205 (agent order [1, 0, 2, 3]): FAIL fstar 2 types 6 6 6 48 values [1:2,4:3,8:4,9:8] [0:2,2:3,4:4,7:8] [3:2,5:3,6:4,9:8] [5:3,6:4,7:8,8:2]
core 205 (agent order [1, 0, 2, 3]): FAIL fstar 2 types 6 6 6 84 values [1:2,4:3,8:4,9:8] [0:2,2:3,4:4,7:8] [3:2,5:3,6:4,9:8] [5:4,6:2,7:8,8:3]
core 205 (agent order [1, 0, 2, 3]): FAIL fstar 2 types 6 6 6 90 values [1:2,4:3,8:4,9:8] [0:2,2:3,4:4,7:8] [3:2,5:3,6:4,9:8] [5:4,6:3,7:8,8:2]
core 205 (agent order [1, 0, 2, 3]): FAIL fstar 2 types 6 6 10 8 values [1:2,4:3,8:4,9:8] [0:2,2:3,4:4,7:8] [3:2,5:4,6:3,9:8] [5:2,6:3,7:8,8:4]
core 205 (agent order [1, 0, 2, 3]): FAIL fstar 2 types 6 6 10 14 values [1:2,4:3,8:4,9:8] [0:2,2:3,4:4,7:8] [3:2,5:4,6:3,9:8] [5:2,6:4,7:8,8:3]
core 205 (agent order [1, 0, 2, 3]): FAIL fstar 2 types 6 6 10 44 values [1:2,4:3,8:4,9:8] [0:2,2:3,4:4,7:8] [3:2,5:4,6:3,9:8] [5:3,6:2,7:8,8:4]
core 205 (agent order [1, 0, 2, 3]): FAIL fstar 2 types 6 6 10 48 values [1:2,4:3,8:4,9:8] [0:2,2:3,4:4,7:8] [3:2,5:4,6:3,9:8] [5:3,6:4,7:8,8:2]
core 205 (agent order [1, 0, 2, 3]): FAIL fstar 2 types 6 6 10 84 values [1:2,4:3,8:4,9:8] [0:2,2:3,4:4,7:8] [3:2,5:4,6:3,9:8] [5:4,6:2,7:8,8:3]
core 205 (agent order [1, 0, 2, 3]): FAIL fstar 2 types 6 6 10 90 values [1:2,4:3,8:4,9:8] [0:2,2:3,4:4,7:8] [3:2,5:4,6:3,9:8] [5:4,6:3,7:8,8:2]
core 205 (agent order [1, 0, 2, 3]): FAIL fstar 2 types 6 6 42 8 values [1:2,4:3,8:4,9:8] [0:2,2:3,4:4,7:8] [3:3,5:2,6:4,9:8] [5:2,6:3,7:8,8:4]
core 205 (agent order [1, 0, 2, 3]): FAIL fstar 2 types 6 6 42 14 values [1:2,4:3,8:4,9:8] [0:2,2:3,4:4,7:8] [3:3,5:2,6:4,9:8] [5:2,6:4,7:8,8:3]
core 205 (agent order [1, 0, 2, 3]): FAIL fstar 2 types 6 6 42 44 values [1:2,4:3,8:4,9:8] [0:2,2:3,4:4,7:8] [3:3,5:2,6:4,9:8] [5:3,6:2,7:8,8:4]
core 205 (agent order [1, 0, 2, 3]): FAIL fstar 2 types 6 6 42 48 values [1:2,4:3,8:4,9:8] [0:2,2:3,4:4,7:8] [3:3,5:2,6:4,9:8] [5:3,6:4,7:8,8:2]
core 205 (agent order [1, 0, 2, 3]): FAIL fstar 2 types 6 6 42 84 values [1:2,4:3,8:4,9:8] [0:2,2:3,4:4,7:8] [3:3,5:2,6:4,9:8] [5:4,6:2,7:8,8:3]
core 205 (agent order [1, 0, 2, 3]): FAIL fstar 2 types 6 6 42 90 values [1:2,4:3,8:4,9:8] [0:2,2:3,4:4,7:8] [3:3,5:2,6:4,9:8] [5:4,6:3,7:8,8:2]
core 205 (agent order [1, 0, 2, 3]): FAIL fstar 2 types 6 6 46 8 values [1:2,4:3,8:4,9:8] [0:2,2:3,4:4,7:8] [3:3,5:4,6:2,9:8] [5:2,6:3,7:8,8:4]
core 205 (agent order [1, 0, 2, 3]): FAIL fstar 2 types 6 6 46 14 values [1:2,4:3,8:4,9:8] [0:2,2:3,4:4,7:8] [3:3,5:4,6:2,9:8] [5:2,6:4,7:8,8:3]
core 205 m 10 profiles 3439853568 fails 20 solved 218024 secs 23.9
core 207 (agent order [0, 1, 2, 3]): FAIL fstar 2 types 6 6 6 6 values [0:2,4:3,6:4,8:8] [1:2,4:3,6:4,9:8] [2:2,5:3,7:4,8:8] [3:2,5:3,7:4,9:8]
core 207 (agent order [0, 1, 2, 3]): FAIL fstar 2 types 6 6 6 10 values [0:2,4:3,6:4,8:8] [1:2,4:3,6:4,9:8] [2:2,5:3,7:4,8:8] [3:2,5:4,7:3,9:8]
core 207 (agent order [0, 1, 2, 3]): FAIL fstar 2 types 6 6 6 42 values [0:2,4:3,6:4,8:8] [1:2,4:3,6:4,9:8] [2:2,5:3,7:4,8:8] [3:3,5:2,7:4,9:8]
core 207 (agent order [0, 1, 2, 3]): FAIL fstar 2 types 6 6 6 46 values [0:2,4:3,6:4,8:8] [1:2,4:3,6:4,9:8] [2:2,5:3,7:4,8:8] [3:3,5:4,7:2,9:8]
core 207 (agent order [0, 1, 2, 3]): FAIL fstar 2 types 6 6 6 80 values [0:2,4:3,6:4,8:8] [1:2,4:3,6:4,9:8] [2:2,5:3,7:4,8:8] [3:4,5:2,7:3,9:8]
core 207 (agent order [0, 1, 2, 3]): FAIL fstar 2 types 6 6 6 88 values [0:2,4:3,6:4,8:8] [1:2,4:3,6:4,9:8] [2:2,5:3,7:4,8:8] [3:4,5:3,7:2,9:8]
core 207 (agent order [0, 1, 2, 3]): FAIL fstar 2 types 6 6 10 6 values [0:2,4:3,6:4,8:8] [1:2,4:3,6:4,9:8] [2:2,5:4,7:3,8:8] [3:2,5:3,7:4,9:8]
core 207 (agent order [0, 1, 2, 3]): FAIL fstar 2 types 6 6 10 10 values [0:2,4:3,6:4,8:8] [1:2,4:3,6:4,9:8] [2:2,5:4,7:3,8:8] [3:2,5:4,7:3,9:8]
core 207 (agent order [0, 1, 2, 3]): FAIL fstar 2 types 6 6 10 42 values [0:2,4:3,6:4,8:8] [1:2,4:3,6:4,9:8] [2:2,5:4,7:3,8:8] [3:3,5:2,7:4,9:8]
core 207 (agent order [0, 1, 2, 3]): FAIL fstar 2 types 6 6 10 46 values [0:2,4:3,6:4,8:8] [1:2,4:3,6:4,9:8] [2:2,5:4,7:3,8:8] [3:3,5:4,7:2,9:8]
core 207 (agent order [0, 1, 2, 3]): FAIL fstar 2 types 6 6 10 80 values [0:2,4:3,6:4,8:8] [1:2,4:3,6:4,9:8] [2:2,5:4,7:3,8:8] [3:4,5:2,7:3,9:8]
core 207 (agent order [0, 1, 2, 3]): FAIL fstar 2 types 6 6 10 88 values [0:2,4:3,6:4,8:8] [1:2,4:3,6:4,9:8] [2:2,5:4,7:3,8:8] [3:4,5:3,7:2,9:8]
core 207 (agent order [0, 1, 2, 3]): FAIL fstar 2 types 6 6 42 6 values [0:2,4:3,6:4,8:8] [1:2,4:3,6:4,9:8] [2:3,5:2,7:4,8:8] [3:2,5:3,7:4,9:8]
core 207 (agent order [0, 1, 2, 3]): FAIL fstar 2 types 6 6 42 10 values [0:2,4:3,6:4,8:8] [1:2,4:3,6:4,9:8] [2:3,5:2,7:4,8:8] [3:2,5:4,7:3,9:8]
core 207 (agent order [0, 1, 2, 3]): FAIL fstar 2 types 6 6 42 42 values [0:2,4:3,6:4,8:8] [1:2,4:3,6:4,9:8] [2:3,5:2,7:4,8:8] [3:3,5:2,7:4,9:8]
core 207 (agent order [0, 1, 2, 3]): FAIL fstar 2 types 6 6 42 46 values [0:2,4:3,6:4,8:8] [1:2,4:3,6:4,9:8] [2:3,5:2,7:4,8:8] [3:3,5:4,7:2,9:8]
core 207 (agent order [0, 1, 2, 3]): FAIL fstar 2 types 6 6 42 80 values [0:2,4:3,6:4,8:8] [1:2,4:3,6:4,9:8] [2:3,5:2,7:4,8:8] [3:4,5:2,7:3,9:8]
core 207 (agent order [0, 1, 2, 3]): FAIL fstar 2 types 6 6 42 88 values [0:2,4:3,6:4,8:8] [1:2,4:3,6:4,9:8] [2:3,5:2,7:4,8:8] [3:4,5:3,7:2,9:8]
core 207 (agent order [0, 1, 2, 3]): FAIL fstar 2 types 6 6 46 6 values [0:2,4:3,6:4,8:8] [1:2,4:3,6:4,9:8] [2:3,5:4,7:2,8:8] [3:2,5:3,7:4,9:8]
core 207 (agent order [0, 1, 2, 3]): FAIL fstar 2 types 6 6 46 10 values [0:2,4:3,6:4,8:8] [1:2,4:3,6:4,9:8] [2:3,5:4,7:2,8:8] [3:2,5:4,7:3,9:8]
core 207 m 10 profiles 6879707136 fails 20 solved 199585 secs 38.9
core 208 (agent order [0, 1, 2, 3]): FAIL fstar 2 types 6 6 6 6 values [0:2,4:3,6:4,9:8] [1:2,4:3,7:4,8:8] [2:2,5:3,6:4,8:8] [3:2,5:3,7:4,9:8]
core 208 (agent order [0, 1, 2, 3]): FAIL fstar 2 types 6 6 6 10 values [0:2,4:3,6:4,9:8] [1:2,4:3,7:4,8:8] [2:2,5:3,6:4,8:8] [3:2,5:4,7:3,9:8]
core 208 (agent order [0, 1, 2, 3]): FAIL fstar 2 types 6 6 6 42 values [0:2,4:3,6:4,9:8] [1:2,4:3,7:4,8:8] [2:2,5:3,6:4,8:8] [3:3,5:2,7:4,9:8]
core 208 (agent order [0, 1, 2, 3]): FAIL fstar 2 types 6 6 6 46 values [0:2,4:3,6:4,9:8] [1:2,4:3,7:4,8:8] [2:2,5:3,6:4,8:8] [3:3,5:4,7:2,9:8]
core 208 (agent order [0, 1, 2, 3]): FAIL fstar 2 types 6 6 6 80 values [0:2,4:3,6:4,9:8] [1:2,4:3,7:4,8:8] [2:2,5:3,6:4,8:8] [3:4,5:2,7:3,9:8]
core 208 (agent order [0, 1, 2, 3]): FAIL fstar 2 types 6 6 6 88 values [0:2,4:3,6:4,9:8] [1:2,4:3,7:4,8:8] [2:2,5:3,6:4,8:8] [3:4,5:3,7:2,9:8]
core 208 (agent order [0, 1, 2, 3]): FAIL fstar 2 types 6 6 10 6 values [0:2,4:3,6:4,9:8] [1:2,4:3,7:4,8:8] [2:2,5:4,6:3,8:8] [3:2,5:3,7:4,9:8]
core 208 (agent order [0, 1, 2, 3]): FAIL fstar 2 types 6 6 10 10 values [0:2,4:3,6:4,9:8] [1:2,4:3,7:4,8:8] [2:2,5:4,6:3,8:8] [3:2,5:4,7:3,9:8]
core 208 (agent order [0, 1, 2, 3]): FAIL fstar 2 types 6 6 10 42 values [0:2,4:3,6:4,9:8] [1:2,4:3,7:4,8:8] [2:2,5:4,6:3,8:8] [3:3,5:2,7:4,9:8]
core 208 (agent order [0, 1, 2, 3]): FAIL fstar 2 types 6 6 10 46 values [0:2,4:3,6:4,9:8] [1:2,4:3,7:4,8:8] [2:2,5:4,6:3,8:8] [3:3,5:4,7:2,9:8]
core 208 (agent order [0, 1, 2, 3]): FAIL fstar 2 types 6 6 10 80 values [0:2,4:3,6:4,9:8] [1:2,4:3,7:4,8:8] [2:2,5:4,6:3,8:8] [3:4,5:2,7:3,9:8]
core 208 (agent order [0, 1, 2, 3]): FAIL fstar 2 types 6 6 10 88 values [0:2,4:3,6:4,9:8] [1:2,4:3,7:4,8:8] [2:2,5:4,6:3,8:8] [3:4,5:3,7:2,9:8]
core 208 (agent order [0, 1, 2, 3]): FAIL fstar 2 types 6 6 42 6 values [0:2,4:3,6:4,9:8] [1:2,4:3,7:4,8:8] [2:3,5:2,6:4,8:8] [3:2,5:3,7:4,9:8]
core 208 (agent order [0, 1, 2, 3]): FAIL fstar 2 types 6 6 42 10 values [0:2,4:3,6:4,9:8] [1:2,4:3,7:4,8:8] [2:3,5:2,6:4,8:8] [3:2,5:4,7:3,9:8]
core 208 (agent order [0, 1, 2, 3]): FAIL fstar 2 types 6 6 42 42 values [0:2,4:3,6:4,9:8] [1:2,4:3,7:4,8:8] [2:3,5:2,6:4,8:8] [3:3,5:2,7:4,9:8]
core 208 (agent order [0, 1, 2, 3]): FAIL fstar 2 types 6 6 42 46 values [0:2,4:3,6:4,9:8] [1:2,4:3,7:4,8:8] [2:3,5:2,6:4,8:8] [3:3,5:4,7:2,9:8]
core 208 (agent order [0, 1, 2, 3]): FAIL fstar 2 types 6 6 42 80 values [0:2,4:3,6:4,9:8] [1:2,4:3,7:4,8:8] [2:3,5:2,6:4,8:8] [3:4,5:2,7:3,9:8]
core 208 (agent order [0, 1, 2, 3]): FAIL fstar 2 types 6 6 42 88 values [0:2,4:3,6:4,9:8] [1:2,4:3,7:4,8:8] [2:3,5:2,6:4,8:8] [3:4,5:3,7:2,9:8]
core 208 (agent order [0, 1, 2, 3]): FAIL fstar 2 types 6 6 46 6 values [0:2,4:3,6:4,9:8] [1:2,4:3,7:4,8:8] [2:3,5:4,6:2,8:8] [3:2,5:3,7:4,9:8]
core 208 (agent order [0, 1, 2, 3]): FAIL fstar 2 types 6 6 46 10 values [0:2,4:3,6:4,9:8] [1:2,4:3,7:4,8:8] [2:3,5:4,6:2,8:8] [3:2,5:4,7:3,9:8]
core 208 m 10 profiles 6879707136 fails 20 solved 188434 secs 33.9
core 215 (agent order [2, 0, 1, 3]): FAIL fstar 2 types 148 6 6 146 values [3:6,6:2,7:10,8:3] [0:2,2:3,6:4,7:8] [1:2,5:3,9:4,10:8] [4:6,8:2,9:3,10:10]
core 215 (agent order [2, 0, 1, 3]): FAIL fstar 2 types 148 6 6 150 values [3:6,6:2,7:10,8:3] [0:2,2:3,6:4,7:8] [1:2,5:3,9:4,10:8] [4:6,8:3,9:2,10:10]
core 215 (agent order [2, 0, 1, 3]): FAIL fstar 2 types 148 6 8 148 values [3:6,6:2,7:10,8:3] [0:2,2:3,6:4,7:8] [1:2,5:3,9:8,10:4] [4:6,8:2,9:10,10:3]
core 215 (agent order [2, 0, 1, 3]): FAIL fstar 2 types 148 6 8 156 values [3:6,6:2,7:10,8:3] [0:2,2:3,6:4,7:8] [1:2,5:3,9:8,10:4] [4:6,8:3,9:10,10:2]
core 215 (agent order [2, 0, 1, 3]): FAIL fstar 2 types 148 6 10 146 values [3:6,6:2,7:10,8:3] [0:2,2:3,6:4,7:8] [1:2,5:4,9:3,10:8] [4:6,8:2,9:3,10:10]
core 215 (agent order [2, 0, 1, 3]): FAIL fstar 2 types 148 6 10 150 values [3:6,6:2,7:10,8:3] [0:2,2:3,6:4,7:8] [1:2,5:4,9:3,10:8] [4:6,8:3,9:2,10:10]
core 215 (agent order [2, 0, 1, 3]): FAIL fstar 2 types 148 6 14 148 values [3:6,6:2,7:10,8:3] [0:2,2:3,6:4,7:8] [1:2,5:4,9:8,10:3] [4:6,8:2,9:10,10:3]
core 215 (agent order [2, 0, 1, 3]): FAIL fstar 2 types 148 6 14 156 values [3:6,6:2,7:10,8:3] [0:2,2:3,6:4,7:8] [1:2,5:4,9:8,10:3] [4:6,8:3,9:10,10:2]
core 215 (agent order [2, 0, 1, 3]): FAIL fstar 2 types 148 6 34 146 values [3:6,6:2,7:10,8:3] [0:2,2:3,6:4,7:8] [1:3,5:2,9:4,10:8] [4:6,8:2,9:3,10:10]
core 215 (agent order [2, 0, 1, 3]): FAIL fstar 2 types 148 6 34 150 values [3:6,6:2,7:10,8:3] [0:2,2:3,6:4,7:8] [1:3,5:2,9:4,10:8] [4:6,8:3,9:2,10:10]
core 215 (agent order [2, 0, 1, 3]): FAIL fstar 2 types 148 6 36 148 values [3:6,6:2,7:10,8:3] [0:2,2:3,6:4,7:8] [1:3,5:2,9:8,10:4] [4:6,8:2,9:10,10:3]
core 215 (agent order [2, 0, 1, 3]): FAIL fstar 2 types 148 6 36 156 values [3:6,6:2,7:10,8:3] [0:2,2:3,6:4,7:8] [1:3,5:2,9:8,10:4] [4:6,8:3,9:10,10:2]
core 215 (agent order [2, 0, 1, 3]): FAIL fstar 2 types 148 6 38 146 values [3:6,6:2,7:10,8:3] [0:2,2:3,6:4,7:8] [1:3,5:4,9:2,10:8] [4:6,8:2,9:3,10:10]
core 215 (agent order [2, 0, 1, 3]): FAIL fstar 2 types 148 6 38 150 values [3:6,6:2,7:10,8:3] [0:2,2:3,6:4,7:8] [1:3,5:4,9:2,10:8] [4:6,8:3,9:2,10:10]
core 215 (agent order [2, 0, 1, 3]): FAIL fstar 2 types 148 6 40 148 values [3:6,6:2,7:10,8:3] [0:2,2:3,6:4,7:8] [1:3,5:4,9:8,10:2] [4:6,8:2,9:10,10:3]
core 215 (agent order [2, 0, 1, 3]): FAIL fstar 2 types 148 6 40 156 values [3:6,6:2,7:10,8:3] [0:2,2:3,6:4,7:8] [1:3,5:4,9:8,10:2] [4:6,8:3,9:10,10:2]
core 215 (agent order [2, 0, 1, 3]): FAIL fstar 2 types 148 6 64 146 values [3:6,6:2,7:10,8:3] [0:2,2:3,6:4,7:8] [1:4,5:2,9:3,10:8] [4:6,8:2,9:3,10:10]
core 215 (agent order [2, 0, 1, 3]): FAIL fstar 2 types 148 6 64 150 values [3:6,6:2,7:10,8:3] [0:2,2:3,6:4,7:8] [1:4,5:2,9:3,10:8] [4:6,8:3,9:2,10:10]
core 215 (agent order [2, 0, 1, 3]): FAIL fstar 2 types 148 6 68 148 values [3:6,6:2,7:10,8:3] [0:2,2:3,6:4,7:8] [1:4,5:2,9:8,10:3] [4:6,8:2,9:10,10:3]
core 215 (agent order [2, 0, 1, 3]): FAIL fstar 2 types 148 6 68 156 values [3:6,6:2,7:10,8:3] [0:2,2:3,6:4,7:8] [1:4,5:2,9:8,10:3] [4:6,8:3,9:10,10:2]
core 215 m 11 profiles 1719926784 fails 20 solved 61070 secs 14.0
core 216 (agent order [2, 0, 1, 3]): FAIL fstar 2 types 6 6 8 8 values [3:2,6:3,7:4,8:8] [0:2,2:3,6:4,9:8] [1:2,5:3,8:8,10:4] [4:2,7:3,9:8,10:4]
core 216 (agent order [2, 0, 1, 3]): FAIL fstar 2 types 6 6 8 14 values [3:2,6:3,7:4,8:8] [0:2,2:3,6:4,9:8] [1:2,5:3,8:8,10:4] [4:2,7:4,9:8,10:3]
core 216 (agent order [2, 0, 1, 3]): FAIL fstar 2 types 6 6 8 44 values [3:2,6:3,7:4,8:8] [0:2,2:3,6:4,9:8] [1:2,5:3,8:8,10:4] [4:3,7:2,9:8,10:4]
core 216 (agent order [2, 0, 1, 3]): FAIL fstar 2 types 6 6 8 48 values [3:2,6:3,7:4,8:8] [0:2,2:3,6:4,9:8] [1:2,5:3,8:8,10:4] [4:3,7:4,9:8,10:2]
core 216 (agent order [2, 0, 1, 3]): FAIL fstar 2 types 6 6 8 84 values [3:2,6:3,7:4,8:8] [0:2,2:3,6:4,9:8] [1:2,5:3,8:8,10:4] [4:4,7:2,9:8,10:3]
core 216 (agent order [2, 0, 1, 3]): FAIL fstar 2 types 6 6 8 90 values [3:2,6:3,7:4,8:8] [0:2,2:3,6:4,9:8] [1:2,5:3,8:8,10:4] [4:4,7:3,9:8,10:2]
core 216 (agent order [2, 0, 1, 3]): FAIL fstar 2 types 6 6 14 8 values [3:2,6:3,7:4,8:8] [0:2,2:3,6:4,9:8] [1:2,5:4,8:8,10:3] [4:2,7:3,9:8,10:4]
core 216 (agent order [2, 0, 1, 3]): FAIL fstar 2 types 6 6 14 14 values [3:2,6:3,7:4,8:8] [0:2,2:3,6:4,9:8] [1:2,5:4,8:8,10:3] [4:2,7:4,9:8,10:3]
core 216 (agent order [2, 0, 1, 3]): FAIL fstar 2 types 6 6 14 44 values [3:2,6:3,7:4,8:8] [0:2,2:3,6:4,9:8] [1:2,5:4,8:8,10:3] [4:3,7:2,9:8,10:4]
core 216 (agent order [2, 0, 1, 3]): FAIL fstar 2 types 6 6 14 48 values [3:2,6:3,7:4,8:8] [0:2,2:3,6:4,9:8] [1:2,5:4,8:8,10:3] [4:3,7:4,9:8,10:2]
core 216 (agent order [2, 0, 1, 3]): FAIL fstar 2 types 6 6 14 84 values [3:2,6:3,7:4,8:8] [0:2,2:3,6:4,9:8] [1:2,5:4,8:8,10:3] [4:4,7:2,9:8,10:3]
core 216 (agent order [2, 0, 1, 3]): FAIL fstar 2 types 6 6 14 90 values [3:2,6:3,7:4,8:8] [0:2,2:3,6:4,9:8] [1:2,5:4,8:8,10:3] [4:4,7:3,9:8,10:2]
core 216 (agent order [2, 0, 1, 3]): FAIL fstar 2 types 6 6 36 8 values [3:2,6:3,7:4,8:8] [0:2,2:3,6:4,9:8] [1:3,5:2,8:8,10:4] [4:2,7:3,9:8,10:4]
core 216 (agent order [2, 0, 1, 3]): FAIL fstar 2 types 6 6 36 14 values [3:2,6:3,7:4,8:8] [0:2,2:3,6:4,9:8] [1:3,5:2,8:8,10:4] [4:2,7:4,9:8,10:3]
core 216 (agent order [2, 0, 1, 3]): FAIL fstar 2 types 6 6 36 44 values [3:2,6:3,7:4,8:8] [0:2,2:3,6:4,9:8] [1:3,5:2,8:8,10:4] [4:3,7:2,9:8,10:4]
core 216 (agent order [2, 0, 1, 3]): FAIL fstar 2 types 6 6 36 48 values [3:2,6:3,7:4,8:8] [0:2,2:3,6:4,9:8] [1:3,5:2,8:8,10:4] [4:3,7:4,9:8,10:2]
core 216 (agent order [2, 0, 1, 3]): FAIL fstar 2 types 6 6 36 84 values [3:2,6:3,7:4,8:8] [0:2,2:3,6:4,9:8] [1:3,5:2,8:8,10:4] [4:4,7:2,9:8,10:3]
core 216 (agent order [2, 0, 1, 3]): FAIL fstar 2 types 6 6 36 90 values [3:2,6:3,7:4,8:8] [0:2,2:3,6:4,9:8] [1:3,5:2,8:8,10:4] [4:4,7:3,9:8,10:2]
core 216 (agent order [2, 0, 1, 3]): FAIL fstar 2 types 6 6 40 8 values [3:2,6:3,7:4,8:8] [0:2,2:3,6:4,9:8] [1:3,5:4,8:8,10:2] [4:2,7:3,9:8,10:4]
core 216 (agent order [2, 0, 1, 3]): FAIL fstar 2 types 6 6 40 14 values [3:2,6:3,7:4,8:8] [0:2,2:3,6:4,9:8] [1:3,5:4,8:8,10:2] [4:2,7:4,9:8,10:3]
core 216 m 11 profiles 1719926784 fails 20 solved 42102 secs 12.4
core 217 (agent order [2, 0, 1, 3]): FAIL fstar 2 types 30 8 8 6 values [3:2,6:8,7:3,8:4] [0:2,2:3,6:8,10:4] [1:2,5:3,9:8,10:4] [4:2,7:3,8:4,9:8]
core 217 (agent order [2, 0, 1, 3]): FAIL fstar 2 types 30 8 8 10 values [3:2,6:8,7:3,8:4] [0:2,2:3,6:8,10:4] [1:2,5:3,9:8,10:4] [4:2,7:4,8:3,9:8]
core 217 (agent order [2, 0, 1, 3]): FAIL fstar 2 types 30 8 8 42 values [3:2,6:8,7:3,8:4] [0:2,2:3,6:8,10:4] [1:2,5:3,9:8,10:4] [4:3,7:2,8:4,9:8]
core 217 (agent order [2, 0, 1, 3]): FAIL fstar 2 types 30 8 8 46 values [3:2,6:8,7:3,8:4] [0:2,2:3,6:8,10:4] [1:2,5:3,9:8,10:4] [4:3,7:4,8:2,9:8]
core 217 (agent order [2, 0, 1, 3]): FAIL fstar 2 types 30 8 8 80 values [3:2,6:8,7:3,8:4] [0:2,2:3,6:8,10:4] [1:2,5:3,9:8,10:4] [4:4,7:2,8:3,9:8]
core 217 (agent order [2, 0, 1, 3]): FAIL fstar 2 types 30 8 8 88 values [3:2,6:8,7:3,8:4] [0:2,2:3,6:8,10:4] [1:2,5:3,9:8,10:4] [4:4,7:3,8:2,9:8]
core 217 (agent order [2, 0, 1, 3]): FAIL fstar 2 types 30 8 14 6 values [3:2,6:8,7:3,8:4] [0:2,2:3,6:8,10:4] [1:2,5:4,9:8,10:3] [4:2,7:3,8:4,9:8]
core 217 (agent order [2, 0, 1, 3]): FAIL fstar 2 types 30 8 14 10 values [3:2,6:8,7:3,8:4] [0:2,2:3,6:8,10:4] [1:2,5:4,9:8,10:3] [4:2,7:4,8:3,9:8]
core 217 (agent order [2, 0, 1, 3]): FAIL fstar 2 types 30 8 14 42 values [3:2,6:8,7:3,8:4] [0:2,2:3,6:8,10:4] [1:2,5:4,9:8,10:3] [4:3,7:2,8:4,9:8]
core 217 (agent order [2, 0, 1, 3]): FAIL fstar 2 types 30 8 14 46 values [3:2,6:8,7:3,8:4] [0:2,2:3,6:8,10:4] [1:2,5:4,9:8,10:3] [4:3,7:4,8:2,9:8]
core 217 (agent order [2, 0, 1, 3]): FAIL fstar 2 types 30 8 14 80 values [3:2,6:8,7:3,8:4] [0:2,2:3,6:8,10:4] [1:2,5:4,9:8,10:3] [4:4,7:2,8:3,9:8]
core 217 (agent order [2, 0, 1, 3]): FAIL fstar 2 types 30 8 14 88 values [3:2,6:8,7:3,8:4] [0:2,2:3,6:8,10:4] [1:2,5:4,9:8,10:3] [4:4,7:3,8:2,9:8]
core 217 (agent order [2, 0, 1, 3]): FAIL fstar 2 types 30 8 36 6 values [3:2,6:8,7:3,8:4] [0:2,2:3,6:8,10:4] [1:3,5:2,9:8,10:4] [4:2,7:3,8:4,9:8]
core 217 (agent order [2, 0, 1, 3]): FAIL fstar 2 types 30 8 36 10 values [3:2,6:8,7:3,8:4] [0:2,2:3,6:8,10:4] [1:3,5:2,9:8,10:4] [4:2,7:4,8:3,9:8]
core 217 (agent order [2, 0, 1, 3]): FAIL fstar 2 types 30 8 36 42 values [3:2,6:8,7:3,8:4] [0:2,2:3,6:8,10:4] [1:3,5:2,9:8,10:4] [4:3,7:2,8:4,9:8]
core 217 (agent order [2, 0, 1, 3]): FAIL fstar 2 types 30 8 36 46 values [3:2,6:8,7:3,8:4] [0:2,2:3,6:8,10:4] [1:3,5:2,9:8,10:4] [4:3,7:4,8:2,9:8]
core 217 (agent order [2, 0, 1, 3]): FAIL fstar 2 types 30 8 36 80 values [3:2,6:8,7:3,8:4] [0:2,2:3,6:8,10:4] [1:3,5:2,9:8,10:4] [4:4,7:2,8:3,9:8]
core 217 (agent order [2, 0, 1, 3]): FAIL fstar 2 types 30 8 36 88 values [3:2,6:8,7:3,8:4] [0:2,2:3,6:8,10:4] [1:3,5:2,9:8,10:4] [4:4,7:3,8:2,9:8]
core 217 (agent order [2, 0, 1, 3]): FAIL fstar 2 types 30 8 40 6 values [3:2,6:8,7:3,8:4] [0:2,2:3,6:8,10:4] [1:3,5:4,9:8,10:2] [4:2,7:3,8:4,9:8]
core 217 (agent order [2, 0, 1, 3]): FAIL fstar 2 types 30 8 40 10 values [3:2,6:8,7:3,8:4] [0:2,2:3,6:8,10:4] [1:3,5:4,9:8,10:2] [4:2,7:4,8:3,9:8]
core 217 m 11 profiles 1719926784 fails 20 solved 57316 secs 11.0
core 218 (agent order [0, 1, 2, 3]): FAIL fstar 2 types 6 6 6 6 values [0:2,2:3,8:4,10:8] [1:2,5:3,8:4,11:8] [3:2,6:3,9:4,10:8] [4:2,7:3,9:4,11:8]
core 218 (agent order [0, 1, 2, 3]): FAIL fstar 2 types 6 6 6 10 values [0:2,2:3,8:4,10:8] [1:2,5:3,8:4,11:8] [3:2,6:3,9:4,10:8] [4:2,7:4,9:3,11:8]
core 218 (agent order [0, 1, 2, 3]): FAIL fstar 2 types 6 6 6 34 values [0:2,2:3,8:4,10:8] [1:2,5:3,8:4,11:8] [3:2,6:3,9:4,10:8] [4:3,7:2,9:4,11:8]
core 218 (agent order [0, 1, 2, 3]): FAIL fstar 2 types 6 6 6 38 values [0:2,2:3,8:4,10:8] [1:2,5:3,8:4,11:8] [3:2,6:3,9:4,10:8] [4:3,7:4,9:2,11:8]
core 218 (agent order [0, 1, 2, 3]): FAIL fstar 2 types 6 6 6 64 values [0:2,2:3,8:4,10:8] [1:2,5:3,8:4,11:8] [3:2,6:3,9:4,10:8] [4:4,7:2,9:3,11:8]
core 218 (agent order [0, 1, 2, 3]): FAIL fstar 2 types 6 6 6 72 values [0:2,2:3,8:4,10:8] [1:2,5:3,8:4,11:8] [3:2,6:3,9:4,10:8] [4:4,7:3,9:2,11:8]
core 218 (agent order [0, 1, 2, 3]): FAIL fstar 2 types 6 6 10 6 values [0:2,2:3,8:4,10:8] [1:2,5:3,8:4,11:8] [3:2,6:4,9:3,10:8] [4:2,7:3,9:4,11:8]
core 218 (agent order [0, 1, 2, 3]): FAIL fstar 2 types 6 6 10 10 values [0:2,2:3,8:4,10:8] [1:2,5:3,8:4,11:8] [3:2,6:4,9:3,10:8] [4:2,7:4,9:3,11:8]
core 218 (agent order [0, 1, 2, 3]): FAIL fstar 2 types 6 6 10 34 values [0:2,2:3,8:4,10:8] [1:2,5:3,8:4,11:8] [3:2,6:4,9:3,10:8] [4:3,7:2,9:4,11:8]
core 218 (agent order [0, 1, 2, 3]): FAIL fstar 2 types 6 6 10 38 values [0:2,2:3,8:4,10:8] [1:2,5:3,8:4,11:8] [3:2,6:4,9:3,10:8] [4:3,7:4,9:2,11:8]
core 218 (agent order [0, 1, 2, 3]): FAIL fstar 2 types 6 6 10 64 values [0:2,2:3,8:4,10:8] [1:2,5:3,8:4,11:8] [3:2,6:4,9:3,10:8] [4:4,7:2,9:3,11:8]
core 218 (agent order [0, 1, 2, 3]): FAIL fstar 2 types 6 6 10 72 values [0:2,2:3,8:4,10:8] [1:2,5:3,8:4,11:8] [3:2,6:4,9:3,10:8] [4:4,7:3,9:2,11:8]
core 218 (agent order [0, 1, 2, 3]): FAIL fstar 2 types 6 6 34 6 values [0:2,2:3,8:4,10:8] [1:2,5:3,8:4,11:8] [3:3,6:2,9:4,10:8] [4:2,7:3,9:4,11:8]
core 218 (agent order [0, 1, 2, 3]): FAIL fstar 2 types 6 6 34 10 values [0:2,2:3,8:4,10:8] [1:2,5:3,8:4,11:8] [3:3,6:2,9:4,10:8] [4:2,7:4,9:3,11:8]
core 218 (agent order [0, 1, 2, 3]): FAIL fstar 2 types 6 6 34 34 values [0:2,2:3,8:4,10:8] [1:2,5:3,8:4,11:8] [3:3,6:2,9:4,10:8] [4:3,7:2,9:4,11:8]
core 218 (agent order [0, 1, 2, 3]): FAIL fstar 2 types 6 6 34 38 values [0:2,2:3,8:4,10:8] [1:2,5:3,8:4,11:8] [3:3,6:2,9:4,10:8] [4:3,7:4,9:2,11:8]
core 218 (agent order [0, 1, 2, 3]): FAIL fstar 2 types 6 6 34 64 values [0:2,2:3,8:4,10:8] [1:2,5:3,8:4,11:8] [3:3,6:2,9:4,10:8] [4:4,7:2,9:3,11:8]
core 218 (agent order [0, 1, 2, 3]): FAIL fstar 2 types 6 6 34 72 values [0:2,2:3,8:4,10:8] [1:2,5:3,8:4,11:8] [3:3,6:2,9:4,10:8] [4:4,7:3,9:2,11:8]
core 218 (agent order [0, 1, 2, 3]): FAIL fstar 2 types 6 6 38 6 values [0:2,2:3,8:4,10:8] [1:2,5:3,8:4,11:8] [3:3,6:4,9:2,10:8] [4:2,7:3,9:4,11:8]
core 218 (agent order [0, 1, 2, 3]): FAIL fstar 2 types 6 6 38 10 values [0:2,2:3,8:4,10:8] [1:2,5:3,8:4,11:8] [3:3,6:4,9:2,10:8] [4:2,7:4,9:3,11:8]
core 218 m 12 profiles 429981696 fails 20 solved 19080 secs 5.4
FILE ../results/k4_certs_4_pure.json.gz cores 14 profiles 60627419136 solved 2771577 templates 2745081 cachehits 774368300 fails 26496 verified 0 faillines 280
# finished Fri Sep 25 22:48:27 UTC 2026
