# Owner climbs (margin = number of feasible large-bundle owners, second encoding d_stress_check.owners),
# extracted verbatim from the runs of commit afc888c (the family logs of that commit; same commands, same seeds).
# In that commit cycle(t) built H_t itself (review item B1), so "cycle 2" below is H_2 again.
# chain 3 and tree 3: owner climbs stopped before finishing, to fit the session.

$ python3 k4/d_stress.py chain 1 --values=paper --profiles=500 --owners=60 --restarts=3 --seed=1
chain 1: n = 5 (5 with 4 goods), m = 13, beta = 3; domains [144, 288]
  paper values: feasible large-bundle owners 5 of 5
  owner climb 0: min feasible owners 5 of 5 after 60 steps (0 s); trace [5, 5, 5, 5, 5, 5, 5, 5, 5, 5, 5, 5, 5]
  owners at the minimum: [0, 1, 2, 3, 4]; profile [[8, 6, 1, 4], [8, 2, 7, 4], [4, 3, 6, 8], [6, 7, 3, 5], [6, 10, 3, 2]]
  owner climb 1: min feasible owners 4 of 5 after 60 steps (1 s); trace [5, 5, 5, 5, 5, 4, 4, 4, 4, 4, 4, 4, 4]
  owners at the minimum: [0, 1, 2, 3]; profile [[8, 2, 5, 4], [8, 4, 5, 6], [3, 4, 2, 8], [3, 4, 2, 8], [10, 6, 2, 3]]
  owner climb 2: min feasible owners 5 of 5 after 60 steps (0 s); trace [5, 5, 5, 5, 5, 5, 5, 5, 5, 5, 5, 5, 5]
  owners at the minimum: [0, 1, 2, 3, 4]; profile [[10, 4, 8, 3], [4, 6, 1, 8], [10, 3, 4, 8], [8, 2, 4, 3], [2, 6, 10, 7]]
  min feasible owners over climbs: 4 of 5

$ python3 k4/d_stress.py chain 2 --values=paper --profiles=400 --owners=30 --restarts=2 --seed=2
chain 2: n = 9 (9 with 4 goods), m = 23, beta = 5; domains [144, 288]
  paper values: feasible large-bundle owners 9 of 9
  owner climb 0: min feasible owners 9 of 9 after 30 steps (107 s); trace [9, 9, 9, 9, 9, 9, 9, 9, 9, 9, 9, 9, 9, 9, 9, 9]
  owners at the minimum: [0, 1, 2, 3, 4, 5, 6, 7, 8]; profile [[10, 7, 2, 4], [8, 2, 3, 4], [8, 2, 4, 7], [8, 6, 1, 4], [3, 2, 8, 4], [6, 4, 3, 8], [10, 2, 7, 6], [3, 4, 2, 8], [4, 8, 6, 3]]
  owner climb 1: min feasible owners 9 of 9 after 30 steps (69 s); trace [9, 9, 9, 9, 9, 9, 9, 9, 9, 9, 9, 9, 9, 9, 9, 9]
  owners at the minimum: [0, 1, 2, 3, 4, 5, 6, 7, 8]; profile [[8, 10, 3, 6], [8, 4, 3, 10], [8, 3, 6, 10], [10, 3, 6, 8], [3, 8, 4, 6], [3, 6, 2, 10], [6, 5, 4, 8], [6, 3, 5, 7], [2, 10, 6, 3]]
  min feasible owners over climbs: 9 of 9

$ python3 k4/d_stress.py chain 3 --values=paper --profiles=300 --owners=15 --restarts=2 --seed=3
chain 3: n = 13 (13 with 4 goods), m = 33, beta = 7; domains [144, 288]
  paper values: feasible large-bundle owners 13 of 13
  (owner climbs stopped before finishing, to fit the session)

$ python3 k4/d_stress.py cycle 2 --profiles=300 --owners=20 --restarts=2 --seed=10
cycle 2: n = 9 (9 with 4 goods), m = 23, beta = 5; domains [144, 288]
  owner climb 0: min feasible owners 9 of 9 after 20 steps (75 s); trace [9, 9, 9, 9, 9, 9, 9, 9, 9, 9, 9, 9, 9, 9, 9, 9, 9, 9, 9, 9, 9]
  owners at the minimum: [0, 1, 2, 3, 4, 5, 6, 7, 8]; profile [[10, 8, 3, 4], [7, 4, 2, 10], [8, 10, 3, 6], [4, 8, 2, 7], [10, 6, 3, 8], [8, 2, 5, 4], [4, 3, 6, 8], [8, 7, 2, 4], [4, 8, 2, 3]]
  owner climb 1: min feasible owners 9 of 9 after 20 steps (62 s); trace [9, 9, 9, 9, 9, 9, 9, 9, 9, 9, 9, 9, 9, 9, 9, 9, 9, 9, 9, 9, 9]
  owners at the minimum: [0, 1, 2, 3, 4, 5, 6, 7, 8]; profile [[6, 5, 7, 3], [10, 2, 4, 7], [3, 6, 2, 10], [7, 4, 2, 10], [2, 7, 6, 10], [6, 8, 3, 10], [7, 2, 4, 10], [8, 3, 10, 6], [10, 7, 2, 6]]
  min feasible owners over climbs: 9 of 9

$ python3 k4/d_stress.py tree 3 --profiles=250 --owners=15 --restarts=2 --seed=12
tree 3: n = 14 (14 with 4 goods), m = 35, beta = 8; domains [144, 288]
  (owner climbs stopped before finishing, to fit the session)

$ python3 k4/d_stress.py pure 6 8 --profiles=500 --owners=60 --restarts=3 --seed=14
pure 6 8: n = 6 (6 with 4 goods), m = 8, beta = 11; domains [288]
  owner climb 0: min feasible owners 6 of 6 after 60 steps (0 s); trace [6, 6, 6, 6, 6, 6, 6, 6, 6, 6, 6, 6, 6]
  owners at the minimum: [0, 1, 2, 3, 4, 5]; profile [[4, 3, 6, 8], [3, 4, 8, 2], [4, 8, 3, 2], [4, 6, 8, 5], [2, 8, 3, 4], [6, 3, 10, 8]]
  owner climb 1: min feasible owners 6 of 6 after 60 steps (0 s); trace [6, 6, 6, 6, 6, 6, 6, 6, 6, 6, 6, 6, 6]
  owners at the minimum: [0, 1, 2, 3, 4, 5]; profile [[2, 10, 6, 7], [2, 5, 8, 4], [6, 4, 8, 5], [4, 2, 7, 10], [1, 4, 6, 8], [4, 8, 7, 2]]
  owner climb 2: min feasible owners 6 of 6 after 60 steps (0 s); trace [6, 6, 6, 6, 6, 6, 6, 6, 6, 6, 6, 6, 6]
  owners at the minimum: [0, 1, 2, 3, 4, 5]; profile [[6, 3, 5, 7], [6, 8, 4, 5], [8, 10, 3, 4], [2, 7, 8, 4], [5, 6, 8, 4], [3, 6, 8, 10]]
  min feasible owners over climbs: 6 of 6

$ python3 k4/d_stress.py pure 7 9 --profiles=500 --owners=50 --restarts=3 --seed=15
pure 7 9: n = 7 (7 with 4 goods), m = 9, beta = 13; domains [288]
  owner climb 0: min feasible owners 7 of 7 after 50 steps (1 s); trace [7, 7, 7, 7, 7, 7, 7, 7, 7, 7, 7, 7, 7]
  owners at the minimum: [0, 1, 2, 3, 4, 5, 6]; profile [[2, 3, 4, 8], [10, 7, 2, 4], [5, 2, 8, 4], [6, 3, 8, 4], [4, 8, 6, 3], [3, 6, 4, 8], [10, 8, 4, 3]]
  owner climb 1: min feasible owners 7 of 7 after 50 steps (1 s); trace [7, 7, 7, 7, 7, 7, 7, 7, 7, 7, 7, 7, 7]
  owners at the minimum: [0, 1, 2, 3, 4, 5, 6]; profile [[7, 10, 2, 6], [2, 8, 3, 4], [3, 10, 8, 6], [10, 2, 6, 3], [3, 8, 2, 4], [8, 1, 6, 4], [6, 7, 3, 5]]
  owner climb 2: min feasible owners 7 of 7 after 50 steps (1 s); trace [7, 7, 7, 7, 7, 7, 7, 7, 7, 7, 7, 7, 7]
  owners at the minimum: [0, 1, 2, 3, 4, 5, 6]; profile [[10, 2, 3, 6], [8, 10, 4, 3], [2, 3, 6, 10], [8, 4, 2, 5], [2, 6, 10, 7], [10, 2, 6, 7], [2, 5, 4, 8]]
  min feasible owners over climbs: 7 of 7

$ python3 k4/d_stress.py pure 8 10 --profiles=400 --owners=40 --restarts=2 --seed=16
pure 8 10: n = 8 (8 with 4 goods), m = 10, beta = 15; domains [288]
  owner climb 0: min feasible owners 8 of 8 after 40 steps (1 s); trace [8, 8, 8, 8, 8, 8, 8, 8, 8, 8, 8, 8, 8, 8]
  owners at the minimum: [0, 1, 2, 3, 4, 5, 6, 7]; profile [[2, 8, 4, 5], [4, 3, 8, 6], [7, 10, 2, 6], [3, 6, 7, 5], [6, 7, 2, 10], [4, 8, 1, 6], [10, 7, 2, 4], [3, 8, 6, 4]]
  owner climb 1: min feasible owners 8 of 8 after 40 steps (1 s); trace [8, 8, 8, 8, 8, 8, 8, 8, 8, 8, 8, 8, 8, 8]
  owners at the minimum: [0, 1, 2, 3, 4, 5, 6, 7]; profile [[5, 7, 3, 6], [10, 4, 3, 8], [10, 2, 6, 7], [2, 8, 3, 4], [4, 8, 3, 6], [3, 2, 8, 4], [8, 4, 2, 5], [6, 3, 5, 7]]
  min feasible owners over climbs: 8 of 8

$ python3 k4/d_stress.py pure 9 12 --profiles=300 --owners=30 --restarts=2 --seed=17
pure 9 12: n = 9 (9 with 4 goods), m = 12, beta = 16; domains [288]
  owner climb 0: min feasible owners 9 of 9 after 30 steps (5 s); trace [9, 9, 9, 9, 9, 9, 9, 9, 9, 9, 9, 9, 9, 9, 9, 9]
  owners at the minimum: [0, 1, 2, 3, 4, 5, 6, 7, 8]; profile [[8, 4, 3, 6], [10, 6, 3, 2], [3, 10, 8, 6], [6, 8, 3, 4], [6, 10, 7, 2], [5, 6, 4, 8], [10, 8, 3, 4], [2, 6, 7, 10], [10, 2, 6, 3]]
  owner climb 1: min feasible owners 9 of 9 after 30 steps (4 s); trace [9, 9, 9, 9, 9, 9, 9, 9, 9, 9, 9, 9, 9, 9, 9, 9]
  owners at the minimum: [0, 1, 2, 3, 4, 5, 6, 7, 8]; profile [[3, 8, 10, 4], [6, 7, 3, 5], [6, 10, 2, 7], [4, 5, 8, 6], [4, 3, 8, 6], [7, 10, 2, 4], [8, 3, 10, 6], [10, 8, 6, 3], [6, 8, 5, 4]]
  min feasible owners over climbs: 9 of 9

$ python3 k4/d_stress.py pure 10 13 --profiles=300 --owners=20 --restarts=2 --seed=18
pure 10 13: n = 10 (10 with 4 goods), m = 13, beta = 18; domains [144, 288]
  owner climb 0: min feasible owners 10 of 10 after 20 steps (6 s); trace [10, 10, 10, 10, 10, 10, 10, 10, 10, 10, 10, 10, 10, 10, 10, 10, 10, 10, 10, 10, 10]
  owners at the minimum: [0, 1, 2, 3, 4, 5, 6, 7, 8, 9]; profile [[8, 4, 3, 6], [6, 10, 8, 3], [7, 4, 2, 10], [7, 2, 10, 4], [2, 6, 10, 7], [3, 8, 10, 4], [4, 8, 1, 6], [2, 4, 8, 5], [7, 5, 3, 6], [5, 8, 2, 4]]
  owner climb 1: min feasible owners 10 of 10 after 20 steps (5 s); trace [10, 10, 10, 10, 10, 10, 10, 10, 10, 10, 10, 10, 10, 10, 10, 10, 10, 10, 10, 10, 10]
  owners at the minimum: [0, 1, 2, 3, 4, 5, 6, 7, 8, 9]; profile [[6, 1, 8, 4], [7, 5, 3, 6], [3, 10, 2, 6], [6, 3, 10, 2], [2, 7, 10, 6], [4, 8, 3, 6], [5, 6, 3, 7], [4, 2, 3, 8], [4, 8, 6, 1], [8, 10, 4, 3]]
  min feasible owners over climbs: 10 of 10
