command: python3 k4/frontier/time_plain.py results/k4_certs_5_n4_3.json.gz 30
  m=8 allocations=95 covered=True 1.34s
  m=11 allocations=92 covered=True 0.24s
  m=7 allocations=109 covered=True 0.63s
  m=8 allocations=159 covered=True 0.70s
  m=8 allocations=52 covered=True 0.42s
  m=10 allocations=83 covered=True 0.35s
  m=10 allocations=79 covered=True 0.24s
  m=10 allocations=78 covered=True 0.51s
  m=9 allocations=110 covered=True 0.89s
  m=8 allocations=108 covered=True 1.10s
  m=7 allocations=125 covered=True 0.72s
  m=10 allocations=71 covered=True 0.38s
  m=7 allocations=60 covered=True 0.29s
  m=9 allocations=117 covered=True 0.75s
  m=9 allocations=136 covered=True 0.66s
  m=6 allocations=1 covered=True 0.00s
  m=10 allocations=76 covered=True 0.28s
  m=9 allocations=72 covered=True 0.30s
  m=8 allocations=116 covered=True 0.79s
  m=11 allocations=48 covered=True 0.29s
  m=8 allocations=71 covered=True 0.46s
  m=9 allocations=132 covered=True 0.63s
  m=7 allocations=58 covered=True 0.40s
  m=7 allocations=33 covered=True 0.12s
  m=7 allocations=30 covered=True 0.07s
  m=10 allocations=108 covered=True 0.72s
  m=6 allocations=45 covered=True 0.23s
  m=9 allocations=151 covered=True 1.03s
  m=8 allocations=100 covered=True 0.63s
  m=9 allocations=108 covered=True 0.74s
k4_certs_5_n4_3.json.gz: 30 of 9861 cores, check4.covered per core: mean 0.53s, median 0.51s, max 1.34s; extrapolated 1.5 CPU-hours
command: python3 k4/frontier/time_plain.py results/k4_certs_6_n4_1.json.gz 30
  m=7 allocations=47 covered=True 0.66s
  m=9 allocations=107 covered=True 0.10s
  m=11 allocations=78 covered=True 0.08s
  m=10 allocations=111 covered=True 0.13s
  m=7 allocations=28 covered=True 0.02s
  m=8 allocations=85 covered=True 0.08s
  m=7 allocations=39 covered=True 0.03s
  m=9 allocations=100 covered=True 0.11s
  m=10 allocations=109 covered=True 0.16s
  m=9 allocations=77 covered=True 0.04s
  m=9 allocations=93 covered=True 0.09s
  m=9 allocations=141 covered=True 0.19s
  m=8 allocations=83 covered=True 0.07s
  m=11 allocations=89 covered=True 0.06s
  m=8 allocations=69 covered=True 0.06s
  m=7 allocations=23 covered=True 0.02s
  m=9 allocations=111 covered=True 0.10s
  m=6 allocations=1 covered=True 0.00s
  m=8 allocations=91 covered=True 0.09s
  m=9 allocations=56 covered=True 0.04s
  m=9 allocations=137 covered=True 0.15s
  m=10 allocations=71 covered=True 0.08s
  m=10 allocations=79 covered=True 0.08s
  m=5 allocations=1 covered=True 0.00s
  m=10 allocations=97 covered=True 0.05s
  m=9 allocations=90 covered=True 0.05s
  m=8 allocations=89 covered=True 0.08s
  m=10 allocations=107 covered=True 0.11s
  m=11 allocations=82 covered=True 0.05s
  m=8 allocations=62 covered=True 0.04s
k4_certs_6_n4_1.json.gz: 30 of 26866 cores, check4.covered per core: mean 0.09s, median 0.08s, max 0.66s; extrapolated 0.7 CPU-hours
command: python3 k4/frontier/time_plain.py results/k4_certs_5_n4_4.json.gz 12
  m=8 allocations=166 covered=True 22.09s
  m=11 allocations=146 covered=True 19.01s
  m=8 allocations=121 covered=True 12.04s
  m=9 allocations=176 covered=True 28.05s
  m=8 allocations=178 covered=True 39.44s
  m=10 allocations=201 covered=True 15.24s
  m=10 allocations=99 covered=True 30.33s
  m=10 allocations=198 covered=True 38.89s
  m=10 allocations=140 covered=True 18.96s
  m=9 allocations=137 covered=True 18.68s
  m=8 allocations=113 covered=True 25.86s
  m=10 allocations=154 covered=True 36.50s
k4_certs_5_n4_4.json.gz: 12 of 9846 cores, check4.covered per core: mean 25.43s, median 25.86s, max 39.44s; extrapolated 69.5 CPU-hours
command: python3 k4/frontier/time_plain.py results/k4_certs_5_pure.json.gz 6
  m=9 allocations=149 covered=True 560.59s
  m=14 allocations=160 covered=True 107.44s
Terminated
k4_certs_5_pure.json.gz: sample stopped by hand at 14:16:54 UTC after 2 of 6 cores (the third had run over 17 min): 560.59 s and 107.44 s, mean 334 s per core; at that mean ≈ 430 CPU-hours for the 4,674 cores (a rough estimate from a tiny sample); the plain check is not affordable here
