# gm4_run.py --around=../results/k4_gm4_seeds_4.txt --vary=1 --prog=gm4_fast
# 28 neighbourhood tasks around 7 profiles
GMFAIL 1,6,4,8 1,6,8,4 2,3,4 3,2,4 | 5 18 32 64 | 8 # m=7 sets=[[0,2,5,6],[1,4,5,6],[2,3,5],[3,4,6]]
GMFAIL 1,6,4,8 2,5,8,4 2,3,4 3,2,4 | 5 18 32 64 | 8 # m=7 sets=[[0,2,5,6],[1,4,5,6],[2,3,5],[3,4,6]]
GMFAIL 1,6,4,8 2,7,10,4 2,3,4 3,2,4 | 5 18 32 64 | 8 # m=7 sets=[[0,2,5,6],[1,4,5,6],[2,3,5],[3,4,6]]
GMFAIL 1,6,4,8 2,7,10,6 2,3,4 3,2,4 | 5 18 32 64 | 8 # m=7 sets=[[0,2,5,6],[1,4,5,6],[2,3,5],[3,4,6]]
GMFAIL 1,6,4,8 3,4,8,2 2,3,4 3,2,4 | 5 18 32 64 | 8 # m=7 sets=[[0,2,5,6],[1,4,5,6],[2,3,5],[3,4,6]]
GMFAIL 1,6,4,8 3,4,8,6 2,3,4 3,2,4 | 5 18 32 64 | 8 # m=7 sets=[[0,2,5,6],[1,4,5,6],[2,3,5],[3,4,6]]
GMFAIL 1,6,4,8 3,6,10,2 2,3,4 3,2,4 | 5 18 32 64 | 8 # m=7 sets=[[0,2,5,6],[1,4,5,6],[2,3,5],[3,4,6]]
GMFAIL 1,6,4,8 3,6,10,8 2,3,4 3,2,4 | 5 18 32 64 | 8 # m=7 sets=[[0,2,5,6],[1,4,5,6],[2,3,5],[3,4,6]]
GMFAIL 1,6,4,8 4,3,8,6 2,3,4 3,2,4 | 5 18 32 64 | 8 # m=7 sets=[[0,2,5,6],[1,4,5,6],[2,3,5],[3,4,6]]
GMFAIL 1,6,4,8 6,3,10,8 2,3,4 3,2,4 | 5 18 32 64 | 8 # m=7 sets=[[0,2,5,6],[1,4,5,6],[2,3,5],[3,4,6]]
GMFAIL 8,4,3,2 8,4,1,6 1,4,8,6 3,6,10,2 | 20 1 32 10 | 64 # m=7 sets=[[0,2,4,5],[0,3,4,6],[1,2,5,6],[1,3,5,6]]
GMFAIL 8,5,2,4 8,4,1,6 1,4,8,6 3,6,10,2 | 20 1 32 10 | 64 # m=7 sets=[[0,2,4,5],[0,3,4,6],[1,2,5,6],[1,3,5,6]]
GMFAIL 8,6,1,4 8,4,1,6 1,4,8,6 3,6,10,2 | 20 1 32 10 | 64 # m=7 sets=[[0,2,4,5],[0,3,4,6],[1,2,5,6],[1,3,5,6]]
GMFAIL 10,6,3,2 8,4,1,6 1,4,8,6 3,6,10,2 | 20 1 32 10 | 64 # m=7 sets=[[0,2,4,5],[0,3,4,6],[1,2,5,6],[1,3,5,6]]
GMFAIL 10,7,2,4 8,4,1,6 1,4,8,6 3,6,10,2 | 20 1 32 10 | 64 # m=7 sets=[[0,2,4,5],[0,3,4,6],[1,2,5,6],[1,3,5,6]]
GMFAIL 10,7,2,6 8,4,1,6 1,4,8,6 3,6,10,2 | 20 1 32 10 | 64 # m=7 sets=[[0,2,4,5],[0,3,4,6],[1,2,5,6],[1,3,5,6]]
GMFAIL 10,7,2,6 8,4,1,6 1,4,8,6 3,6,10,2 | 20 1 32 10 | 64 # m=7 sets=[[0,2,4,5],[0,3,4,6],[1,2,5,6],[1,3,5,6]]
GMFAIL 10,7,2,6 10,4,2,7 1,4,8,6 3,6,10,2 | 20 1 32 10 | 64 # m=7 sets=[[0,2,4,5],[0,3,4,6],[1,2,5,6],[1,3,5,6]]
GMFAIL 10,7,2,6 8,4,1,6 1,4,8,6 3,6,10,2 | 20 1 32 10 | 64 # m=7 sets=[[0,2,4,5],[0,3,4,6],[1,2,5,6],[1,3,5,6]]
GMFAIL 10,7,2,6 8,4,1,6 2,4,10,7 3,6,10,2 | 20 1 32 10 | 64 # m=7 sets=[[0,2,4,5],[0,3,4,6],[1,2,5,6],[1,3,5,6]]
GMFAIL 10,7,2,6 8,4,1,6 1,4,8,6 3,4,8,2 | 20 1 32 10 | 64 # m=7 sets=[[0,2,4,5],[0,3,4,6],[1,2,5,6],[1,3,5,6]]
GMFAIL 10,7,2,6 8,4,1,6 1,4,8,6 3,6,10,2 | 20 1 32 10 | 64 # m=7 sets=[[0,2,4,5],[0,3,4,6],[1,2,5,6],[1,3,5,6]]
GMFAIL 1,6,8,4 2,4,7,10 1,6,4,8 8,6,10,3 | 5 64 18 32 | 8 # m=7 sets=[[0,2,5,6],[1,2,3,6],[1,4,5,6],[3,4,5,6]]
GMFAIL 2,4,8,3 2,4,7,10 1,6,4,8 8,6,10,3 | 5 64 18 32 | 8 # m=7 sets=[[0,2,5,6],[1,2,3,6],[1,4,5,6],[3,4,5,6]]
GMFAIL 2,5,8,4 2,4,7,10 1,6,4,8 8,6,10,3 | 5 64 18 32 | 8 # m=7 sets=[[0,2,5,6],[1,2,3,6],[1,4,5,6],[3,4,5,6]]
GMFAIL 2,6,10,3 2,4,7,10 1,6,4,8 8,6,10,3 | 5 64 18 32 | 8 # m=7 sets=[[0,2,5,6],[1,2,3,6],[1,4,5,6],[3,4,5,6]]
GMFAIL 2,7,10,4 2,4,7,10 1,6,4,8 8,6,10,3 | 5 64 18 32 | 8 # m=7 sets=[[0,2,5,6],[1,2,3,6],[1,4,5,6],[3,4,5,6]]
GMFAIL 2,7,10,6 2,4,7,10 1,6,4,8 8,6,10,3 | 5 64 18 32 | 8 # m=7 sets=[[0,2,5,6],[1,2,3,6],[1,4,5,6],[3,4,5,6]]
GMFAIL 3,4,8,2 2,4,7,10 1,6,4,8 8,6,10,3 | 5 64 18 32 | 8 # m=7 sets=[[0,2,5,6],[1,2,3,6],[1,4,5,6],[3,4,5,6]]
GMFAIL 3,6,10,2 2,4,7,10 1,6,4,8 8,6,10,3 | 5 64 18 32 | 8 # m=7 sets=[[0,2,5,6],[1,2,3,6],[1,4,5,6],[3,4,5,6]]
GMFAIL 2,4,8,3 1,4,6,8 1,6,4,8 8,6,10,3 | 5 64 18 32 | 8 # m=7 sets=[[0,2,5,6],[1,2,3,6],[1,4,5,6],[3,4,5,6]]
GMFAIL 2,4,8,3 2,4,7,10 1,6,4,8 8,6,10,3 | 5 64 18 32 | 8 # m=7 sets=[[0,2,5,6],[1,2,3,6],[1,4,5,6],[3,4,5,6]]
GMFAIL 1,6,4,8 3,4,8,6 2,3,4 3,2,4 | 5 18 32 64 | 8 # m=7 sets=[[0,2,5,6],[1,4,5,6],[2,3,5],[3,4,6]]
GMFAIL 2,4,8,3 2,4,7,10 1,6,4,8 8,6,10,3 | 5 64 18 32 | 8 # m=7 sets=[[0,2,5,6],[1,2,3,6],[1,4,5,6],[3,4,5,6]]
GMFAIL 2,4,8,3 2,4,7,10 2,5,4,8 8,6,10,3 | 5 64 18 32 | 8 # m=7 sets=[[0,2,5,6],[1,2,3,6],[1,4,5,6],[3,4,5,6]]
GMFAIL 2,4,8,3 2,4,7,10 2,7,4,10 8,6,10,3 | 5 64 18 32 | 8 # m=7 sets=[[0,2,5,6],[1,2,3,6],[1,4,5,6],[3,4,5,6]]
GMFAIL 2,4,8,3 2,4,7,10 2,7,6,10 8,6,10,3 | 5 64 18 32 | 8 # m=7 sets=[[0,2,5,6],[1,2,3,6],[1,4,5,6],[3,4,5,6]]
GMFAIL 2,4,8,3 2,4,7,10 3,4,2,8 8,6,10,3 | 5 64 18 32 | 8 # m=7 sets=[[0,2,5,6],[1,2,3,6],[1,4,5,6],[3,4,5,6]]
GMFAIL 2,4,8,3 2,4,7,10 3,6,2,10 8,6,10,3 | 5 64 18 32 | 8 # m=7 sets=[[0,2,5,6],[1,2,3,6],[1,4,5,6],[3,4,5,6]]
GMFAIL 2,4,8,3 2,4,7,10 1,6,4,8 5,4,8,2 | 5 64 18 32 | 8 # m=7 sets=[[0,2,5,6],[1,2,3,6],[1,4,5,6],[3,4,5,6]]
GMFAIL 2,4,8,3 2,4,7,10 1,6,4,8 6,3,8,4 | 5 64 18 32 | 8 # m=7 sets=[[0,2,5,6],[1,2,3,6],[1,4,5,6],[3,4,5,6]]
GMFAIL 2,4,8,3 2,4,7,10 1,6,4,8 6,4,8,1 | 5 64 18 32 | 8 # m=7 sets=[[0,2,5,6],[1,2,3,6],[1,4,5,6],[3,4,5,6]]
GMFAIL 2,4,8,3 2,4,7,10 1,6,4,8 6,4,8,3 | 5 64 18 32 | 8 # m=7 sets=[[0,2,5,6],[1,2,3,6],[1,4,5,6],[3,4,5,6]]
GMFAIL 2,4,8,3 2,4,7,10 1,6,4,8 7,4,10,2 | 5 64 18 32 | 8 # m=7 sets=[[0,2,5,6],[1,2,3,6],[1,4,5,6],[3,4,5,6]]
GMFAIL 2,4,8,3 2,4,7,10 1,6,4,8 7,6,10,2 | 5 64 18 32 | 8 # m=7 sets=[[0,2,5,6],[1,2,3,6],[1,4,5,6],[3,4,5,6]]
GMFAIL 2,4,8,3 2,4,7,10 1,6,4,8 8,3,10,6 | 5 64 18 32 | 8 # m=7 sets=[[0,2,5,6],[1,2,3,6],[1,4,5,6],[3,4,5,6]]
GMFAIL 2,4,8,3 2,4,7,10 1,6,4,8 8,6,10,3 | 5 64 18 32 | 8 # m=7 sets=[[0,2,5,6],[1,2,3,6],[1,4,5,6],[3,4,5,6]]
GMFAIL 3,8,4,2 3,4,8,2 4,2,3 2,4,3 | 17 10 4 32 | 64 # m=7 sets=[[0,2,4,6],[1,3,5,6],[2,3,6],[4,5,6]]
GMFAIL 3,10,6,2 3,4,8,2 4,2,3 2,4,3 | 17 10 4 32 | 64 # m=7 sets=[[0,2,4,6],[1,3,5,6],[2,3,6],[4,5,6]]
GMFAIL 3,10,6,2 3,4,8,2 4,2,3 2,4,3 | 17 10 4 32 | 64 # m=7 sets=[[0,2,4,6],[1,3,5,6],[2,3,6],[4,5,6]]
GMFAIL 3,10,6,2 3,6,10,2 4,2,3 2,4,3 | 17 10 4 32 | 64 # m=7 sets=[[0,2,4,6],[1,3,5,6],[2,3,6],[4,5,6]]
GMFAIL 1,6,4,8 3,4,8,6 2,3,4 3,2,4 | 5 18 32 64 | 8 # m=7 sets=[[0,2,5,6],[1,4,5,6],[2,3,5],[3,4,6]]
GMFAIL 2,5,4,8 3,4,8,6 2,3,4 3,2,4 | 5 18 32 64 | 8 # m=7 sets=[[0,2,5,6],[1,4,5,6],[2,3,5],[3,4,6]]
GMFAIL 2,7,4,10 3,4,8,6 2,3,4 3,2,4 | 5 18 32 64 | 8 # m=7 sets=[[0,2,5,6],[1,4,5,6],[2,3,5],[3,4,6]]
GMFAIL 2,7,6,10 3,4,8,6 2,3,4 3,2,4 | 5 18 32 64 | 8 # m=7 sets=[[0,2,5,6],[1,4,5,6],[2,3,5],[3,4,6]]
GMFAIL 3,4,2,8 3,4,8,6 2,3,4 3,2,4 | 5 18 32 64 | 8 # m=7 sets=[[0,2,5,6],[1,4,5,6],[2,3,5],[3,4,6]]
GMFAIL 3,4,6,8 3,4,8,6 2,3,4 3,2,4 | 5 18 32 64 | 8 # m=7 sets=[[0,2,5,6],[1,4,5,6],[2,3,5],[3,4,6]]
GMFAIL 3,6,2,10 3,4,8,6 2,3,4 3,2,4 | 5 18 32 64 | 8 # m=7 sets=[[0,2,5,6],[1,4,5,6],[2,3,5],[3,4,6]]
GMFAIL 3,6,8,10 3,4,8,6 2,3,4 3,2,4 | 5 18 32 64 | 8 # m=7 sets=[[0,2,5,6],[1,4,5,6],[2,3,5],[3,4,6]]
GMFAIL 4,3,6,8 3,4,8,6 2,3,4 3,2,4 | 5 18 32 64 | 8 # m=7 sets=[[0,2,5,6],[1,4,5,6],[2,3,5],[3,4,6]]
GMFAIL 6,3,8,10 3,4,8,6 2,3,4 3,2,4 | 5 18 32 64 | 8 # m=7 sets=[[0,2,5,6],[1,4,5,6],[2,3,5],[3,4,6]]
GMFAIL 3,10,6,2 3,4,8,2 4,2,3 2,4,3 | 17 10 4 32 | 64 # m=7 sets=[[0,2,4,6],[1,3,5,6],[2,3,6],[4,5,6]]
GMFAIL 3,10,6,2 3,4,8,2 4,2,3 2,4,3 | 17 10 4 32 | 64 # m=7 sets=[[0,2,4,6],[1,3,5,6],[2,3,6],[4,5,6]]
GMFAIL 3,6,2,10 1,6,8,4 2,7,8,4 6,3,4,8 | 5 18 32 64 | 8 # m=7 sets=[[0,2,5,6],[1,4,5,6],[2,3,5,6],[3,4,5,6]]
GMFAIL 3,6,2,10 2,5,8,4 2,7,8,4 6,3,4,8 | 5 18 32 64 | 8 # m=7 sets=[[0,2,5,6],[1,4,5,6],[2,3,5,6],[3,4,5,6]]
GMFAIL 3,6,2,10 2,7,10,4 2,7,8,4 6,3,4,8 | 5 18 32 64 | 8 # m=7 sets=[[0,2,5,6],[1,4,5,6],[2,3,5,6],[3,4,5,6]]
GMFAIL 3,6,2,10 2,7,10,6 2,7,8,4 6,3,4,8 | 5 18 32 64 | 8 # m=7 sets=[[0,2,5,6],[1,4,5,6],[2,3,5,6],[3,4,5,6]]
GMFAIL 3,6,2,10 3,4,8,2 2,7,8,4 6,3,4,8 | 5 18 32 64 | 8 # m=7 sets=[[0,2,5,6],[1,4,5,6],[2,3,5,6],[3,4,5,6]]
GMFAIL 3,6,2,10 3,4,8,6 2,7,8,4 6,3,4,8 | 5 18 32 64 | 8 # m=7 sets=[[0,2,5,6],[1,4,5,6],[2,3,5,6],[3,4,5,6]]
GMFAIL 3,6,2,10 3,6,10,2 2,7,8,4 6,3,4,8 | 5 18 32 64 | 8 # m=7 sets=[[0,2,5,6],[1,4,5,6],[2,3,5,6],[3,4,5,6]]
GMFAIL 3,6,2,10 3,6,10,8 2,7,8,4 6,3,4,8 | 5 18 32 64 | 8 # m=7 sets=[[0,2,5,6],[1,4,5,6],[2,3,5,6],[3,4,5,6]]
GMFAIL 3,6,2,10 4,3,8,6 2,7,8,4 6,3,4,8 | 5 18 32 64 | 8 # m=7 sets=[[0,2,5,6],[1,4,5,6],[2,3,5,6],[3,4,5,6]]
GMFAIL 3,6,2,10 6,3,10,8 2,7,8,4 6,3,4,8 | 5 18 32 64 | 8 # m=7 sets=[[0,2,5,6],[1,4,5,6],[2,3,5,6],[3,4,5,6]]
GMFAIL 1,6,4,8 1,6,8,4 2,7,8,4 6,3,4,8 | 5 18 32 64 | 8 # m=7 sets=[[0,2,5,6],[1,4,5,6],[2,3,5,6],[3,4,5,6]]
GMFAIL 2,4,3,8 1,6,8,4 2,7,8,4 6,3,4,8 | 5 18 32 64 | 8 # m=7 sets=[[0,2,5,6],[1,4,5,6],[2,3,5,6],[3,4,5,6]]
GMFAIL 2,4,5,8 1,6,8,4 2,7,8,4 6,3,4,8 | 5 18 32 64 | 8 # m=7 sets=[[0,2,5,6],[1,4,5,6],[2,3,5,6],[3,4,5,6]]
GMFAIL 2,5,4,8 1,6,8,4 2,7,8,4 6,3,4,8 | 5 18 32 64 | 8 # m=7 sets=[[0,2,5,6],[1,4,5,6],[2,3,5,6],[3,4,5,6]]
GMFAIL 2,6,3,10 1,6,8,4 2,7,8,4 6,3,4,8 | 5 18 32 64 | 8 # m=7 sets=[[0,2,5,6],[1,4,5,6],[2,3,5,6],[3,4,5,6]]
GMFAIL 2,6,7,10 1,6,8,4 2,7,8,4 6,3,4,8 | 5 18 32 64 | 8 # m=7 sets=[[0,2,5,6],[1,4,5,6],[2,3,5,6],[3,4,5,6]]
GMFAIL 2,7,4,10 1,6,8,4 2,7,8,4 6,3,4,8 | 5 18 32 64 | 8 # m=7 sets=[[0,2,5,6],[1,4,5,6],[2,3,5,6],[3,4,5,6]]
GMFAIL 2,7,6,10 1,6,8,4 2,7,8,4 6,3,4,8 | 5 18 32 64 | 8 # m=7 sets=[[0,2,5,6],[1,4,5,6],[2,3,5,6],[3,4,5,6]]
GMFAIL 3,4,2,8 1,6,8,4 2,7,8,4 6,3,4,8 | 5 18 32 64 | 8 # m=7 sets=[[0,2,5,6],[1,4,5,6],[2,3,5,6],[3,4,5,6]]
GMFAIL 3,4,6,8 1,6,8,4 2,7,8,4 6,3,4,8 | 5 18 32 64 | 8 # m=7 sets=[[0,2,5,6],[1,4,5,6],[2,3,5,6],[3,4,5,6]]
GMFAIL 3,6,2,10 1,6,8,4 2,7,8,4 6,3,4,8 | 5 18 32 64 | 8 # m=7 sets=[[0,2,5,6],[1,4,5,6],[2,3,5,6],[3,4,5,6]]
GMFAIL 3,6,8,10 1,6,8,4 2,7,8,4 6,3,4,8 | 5 18 32 64 | 8 # m=7 sets=[[0,2,5,6],[1,4,5,6],[2,3,5,6],[3,4,5,6]]
GMFAIL 4,2,5,8 1,6,8,4 2,7,8,4 6,3,4,8 | 5 18 32 64 | 8 # m=7 sets=[[0,2,5,6],[1,4,5,6],[2,3,5,6],[3,4,5,6]]
GMFAIL 4,3,6,8 1,6,8,4 2,7,8,4 6,3,4,8 | 5 18 32 64 | 8 # m=7 sets=[[0,2,5,6],[1,4,5,6],[2,3,5,6],[3,4,5,6]]
GMFAIL 6,2,7,10 1,6,8,4 2,7,8,4 6,3,4,8 | 5 18 32 64 | 8 # m=7 sets=[[0,2,5,6],[1,4,5,6],[2,3,5,6],[3,4,5,6]]
GMFAIL 6,3,8,10 1,6,8,4 2,7,8,4 6,3,4,8 | 5 18 32 64 | 8 # m=7 sets=[[0,2,5,6],[1,4,5,6],[2,3,5,6],[3,4,5,6]]
GMFAIL 1,6,4,8 3,4,8,6 2,3,4 3,2,4 | 5 18 32 64 | 8 # m=7 sets=[[0,2,5,6],[1,4,5,6],[2,3,5],[3,4,6]]
GMFAIL 3,6,2,10 1,6,8,4 2,7,8,4 6,3,4,8 | 5 18 32 64 | 8 # m=7 sets=[[0,2,5,6],[1,4,5,6],[2,3,5,6],[3,4,5,6]]
GMFAIL 3,6,2,10 1,6,8,4 3,6,7,5 6,3,4,8 | 5 18 32 64 | 8 # m=7 sets=[[0,2,5,6],[1,4,5,6],[2,3,5,6],[3,4,5,6]]
GMFAIL 3,6,2,10 1,6,8,4 3,6,8,4 6,3,4,8 | 5 18 32 64 | 8 # m=7 sets=[[0,2,5,6],[1,4,5,6],[2,3,5,6],[3,4,5,6]]
GMALL 3,6,2,10 1,6,8,4 3,6,8,4 6,3,4,8 | 5 18 32 64 | 0 # m=7 sets=[[0,2,5,6],[1,4,5,6],[2,3,5,6],[3,4,5,6]]
GMFAIL 3,6,2,10 1,6,8,4 3,8,10,4 6,3,4,8 | 5 18 32 64 | 8 # m=7 sets=[[0,2,5,6],[1,4,5,6],[2,3,5,6],[3,4,5,6]]
GMFAIL 3,6,2,10 1,6,8,4 3,8,10,6 6,3,4,8 | 5 18 32 64 | 8 # m=7 sets=[[0,2,5,6],[1,4,5,6],[2,3,5,6],[3,4,5,6]]
GMALL 3,6,2,10 1,6,8,4 3,8,10,6 6,3,4,8 | 5 18 32 64 | 0 # m=7 sets=[[0,2,5,6],[1,4,5,6],[2,3,5,6],[3,4,5,6]]
GMFAIL 3,6,2,10 1,6,8,4 4,5,8,2 6,3,4,8 | 5 18 32 64 | 8 # m=7 sets=[[0,2,5,6],[1,4,5,6],[2,3,5,6],[3,4,5,6]]
GMALL 3,6,2,10 1,6,8,4 4,5,8,2 6,3,4,8 | 5 18 32 64 | 0 # m=7 sets=[[0,2,5,6],[1,4,5,6],[2,3,5,6],[3,4,5,6]]
GMFAIL 3,6,2,10 1,6,8,4 4,6,8,1 6,3,4,8 | 5 18 32 64 | 8 # m=7 sets=[[0,2,5,6],[1,4,5,6],[2,3,5,6],[3,4,5,6]]
GMALL 3,6,2,10 1,6,8,4 4,6,8,1 6,3,4,8 | 5 18 32 64 | 0 # m=7 sets=[[0,2,5,6],[1,4,5,6],[2,3,5,6],[3,4,5,6]]
GMFAIL 3,6,2,10 1,6,8,4 4,6,8,3 6,3,4,8 | 5 18 32 64 | 8 # m=7 sets=[[0,2,5,6],[1,4,5,6],[2,3,5,6],[3,4,5,6]]
GMALL 3,6,2,10 1,6,8,4 4,6,8,3 6,3,4,8 | 5 18 32 64 | 0 # m=7 sets=[[0,2,5,6],[1,4,5,6],[2,3,5,6],[3,4,5,6]]
GMFAIL 3,6,2,10 1,6,8,4 4,6,8,5 6,3,4,8 | 5 18 32 64 | 8 # m=7 sets=[[0,2,5,6],[1,4,5,6],[2,3,5,6],[3,4,5,6]]
GMFAIL 3,6,2,10 1,6,8,4 4,7,8,2 6,3,4,8 | 5 18 32 64 | 8 # m=7 sets=[[0,2,5,6],[1,4,5,6],[2,3,5,6],[3,4,5,6]]
GMFAIL 3,6,2,10 1,6,8,4 4,7,10,2 6,3,4,8 | 5 18 32 64 | 8 # m=7 sets=[[0,2,5,6],[1,4,5,6],[2,3,5,6],[3,4,5,6]]
GMALL 3,6,2,10 1,6,8,4 4,7,10,2 6,3,4,8 | 5 18 32 64 | 0 # m=7 sets=[[0,2,5,6],[1,4,5,6],[2,3,5,6],[3,4,5,6]]
GMFAIL 3,6,2,10 1,6,8,4 4,8,10,3 6,3,4,8 | 5 18 32 64 | 8 # m=7 sets=[[0,2,5,6],[1,4,5,6],[2,3,5,6],[3,4,5,6]]
GMFAIL 3,6,2,10 1,6,8,4 5,6,7,3 6,3,4,8 | 5 18 32 64 | 8 # m=7 sets=[[0,2,5,6],[1,4,5,6],[2,3,5,6],[3,4,5,6]]
GMFAIL 3,6,2,10 1,6,8,4 5,6,8,4 6,3,4,8 | 5 18 32 64 | 8 # m=7 sets=[[0,2,5,6],[1,4,5,6],[2,3,5,6],[3,4,5,6]]
GMFAIL 3,6,2,10 1,6,8,4 6,7,10,2 6,3,4,8 | 5 18 32 64 | 8 # m=7 sets=[[0,2,5,6],[1,4,5,6],[2,3,5,6],[3,4,5,6]]
GMALL 3,6,2,10 1,6,8,4 6,7,10,2 6,3,4,8 | 5 18 32 64 | 0 # m=7 sets=[[0,2,5,6],[1,4,5,6],[2,3,5,6],[3,4,5,6]]
GMFAIL 3,6,2,10 1,6,8,4 6,8,10,3 6,3,4,8 | 5 18 32 64 | 8 # m=7 sets=[[0,2,5,6],[1,4,5,6],[2,3,5,6],[3,4,5,6]]
GMALL 3,6,2,10 1,6,8,4 6,8,10,3 6,3,4,8 | 5 18 32 64 | 0 # m=7 sets=[[0,2,5,6],[1,4,5,6],[2,3,5,6],[3,4,5,6]]
GMFAIL 3,6,2,10 1,6,8,4 2,7,8,4 5,4,2,8 | 5 18 32 64 | 8 # m=7 sets=[[0,2,5,6],[1,4,5,6],[2,3,5,6],[3,4,5,6]]
GMFAIL 3,6,2,10 1,6,8,4 2,7,8,4 6,3,4,8 | 5 18 32 64 | 8 # m=7 sets=[[0,2,5,6],[1,4,5,6],[2,3,5,6],[3,4,5,6]]
GMFAIL 3,6,2,10 1,6,8,4 2,7,8,4 6,3,5,7 | 5 18 32 64 | 8 # m=7 sets=[[0,2,5,6],[1,4,5,6],[2,3,5,6],[3,4,5,6]]
GMFAIL 3,6,2,10 1,6,8,4 2,7,8,4 6,4,1,8 | 5 18 32 64 | 8 # m=7 sets=[[0,2,5,6],[1,4,5,6],[2,3,5,6],[3,4,5,6]]
GMFAIL 3,6,2,10 1,6,8,4 2,7,8,4 6,4,3,8 | 5 18 32 64 | 8 # m=7 sets=[[0,2,5,6],[1,4,5,6],[2,3,5,6],[3,4,5,6]]
GMFAIL 3,6,2,10 1,6,8,4 2,7,8,4 6,4,5,8 | 5 18 32 64 | 8 # m=7 sets=[[0,2,5,6],[1,4,5,6],[2,3,5,6],[3,4,5,6]]
GMFAIL 3,6,2,10 1,6,8,4 2,7,8,4 6,5,3,7 | 5 18 32 64 | 8 # m=7 sets=[[0,2,5,6],[1,4,5,6],[2,3,5,6],[3,4,5,6]]
GMFAIL 3,6,2,10 1,6,8,4 2,7,8,4 6,5,4,8 | 5 18 32 64 | 8 # m=7 sets=[[0,2,5,6],[1,4,5,6],[2,3,5,6],[3,4,5,6]]
GMFAIL 3,6,2,10 1,6,8,4 2,7,8,4 7,2,4,8 | 5 18 32 64 | 8 # m=7 sets=[[0,2,5,6],[1,4,5,6],[2,3,5,6],[3,4,5,6]]
GMFAIL 3,6,2,10 1,6,8,4 2,7,8,4 7,4,2,8 | 5 18 32 64 | 8 # m=7 sets=[[0,2,5,6],[1,4,5,6],[2,3,5,6],[3,4,5,6]]
GMFAIL 3,6,2,10 1,6,8,4 2,7,8,4 7,4,2,10 | 5 18 32 64 | 8 # m=7 sets=[[0,2,5,6],[1,4,5,6],[2,3,5,6],[3,4,5,6]]
GMFAIL 3,6,2,10 1,6,8,4 2,7,8,4 7,6,2,10 | 5 18 32 64 | 8 # m=7 sets=[[0,2,5,6],[1,4,5,6],[2,3,5,6],[3,4,5,6]]
GMFAIL 3,6,2,10 1,6,8,4 2,7,8,4 8,3,4,10 | 5 18 32 64 | 8 # m=7 sets=[[0,2,5,6],[1,4,5,6],[2,3,5,6],[3,4,5,6]]
GMFAIL 3,6,2,10 1,6,8,4 2,7,8,4 8,3,6,10 | 5 18 32 64 | 8 # m=7 sets=[[0,2,5,6],[1,4,5,6],[2,3,5,6],[3,4,5,6]]
GMFAIL 3,6,2,10 1,6,8,4 2,7,8,4 8,4,3,10 | 5 18 32 64 | 8 # m=7 sets=[[0,2,5,6],[1,4,5,6],[2,3,5,6],[3,4,5,6]]
GMFAIL 3,6,2,10 1,6,8,4 2,7,8,4 8,6,3,10 | 5 18 32 64 | 8 # m=7 sets=[[0,2,5,6],[1,4,5,6],[2,3,5,6],[3,4,5,6]]
GMFAIL 3,8,4,6 3,4,8,2 4,2,3 2,4,3 | 17 10 4 32 | 64 # m=7 sets=[[0,2,4,5],[1,3,5,6],[2,3,6],[4,5,6]]
GMFAIL 3,8,4,6 3,6,10,2 4,2,3 2,4,3 | 17 10 4 32 | 64 # m=7 sets=[[0,2,4,5],[1,3,5,6],[2,3,6],[4,5,6]]
GMFAIL 1,8,6,4 3,6,10,2 4,2,3 2,4,3 | 17 10 4 32 | 64 # m=7 sets=[[0,2,4,5],[1,3,5,6],[2,3,6],[4,5,6]]
GMFAIL 2,8,5,4 3,6,10,2 4,2,3 2,4,3 | 17 10 4 32 | 64 # m=7 sets=[[0,2,4,5],[1,3,5,6],[2,3,6],[4,5,6]]
GMFAIL 2,10,7,4 3,6,10,2 4,2,3 2,4,3 | 17 10 4 32 | 64 # m=7 sets=[[0,2,4,5],[1,3,5,6],[2,3,6],[4,5,6]]
GMFAIL 2,10,7,6 3,6,10,2 4,2,3 2,4,3 | 17 10 4 32 | 64 # m=7 sets=[[0,2,4,5],[1,3,5,6],[2,3,6],[4,5,6]]
GMFAIL 3,8,4,2 3,6,10,2 4,2,3 2,4,3 | 17 10 4 32 | 64 # m=7 sets=[[0,2,4,5],[1,3,5,6],[2,3,6],[4,5,6]]
GMFAIL 3,8,4,6 3,6,10,2 4,2,3 2,4,3 | 17 10 4 32 | 64 # m=7 sets=[[0,2,4,5],[1,3,5,6],[2,3,6],[4,5,6]]
GMFAIL 3,10,6,2 3,6,10,2 4,2,3 2,4,3 | 17 10 4 32 | 64 # m=7 sets=[[0,2,4,5],[1,3,5,6],[2,3,6],[4,5,6]]
GMFAIL 3,10,6,8 3,6,10,2 4,2,3 2,4,3 | 17 10 4 32 | 64 # m=7 sets=[[0,2,4,5],[1,3,5,6],[2,3,6],[4,5,6]]
GMFAIL 4,8,3,6 3,6,10,2 4,2,3 2,4,3 | 17 10 4 32 | 64 # m=7 sets=[[0,2,4,5],[1,3,5,6],[2,3,6],[4,5,6]]
GMFAIL 6,10,3,8 3,6,10,2 4,2,3 2,4,3 | 17 10 4 32 | 64 # m=7 sets=[[0,2,4,5],[1,3,5,6],[2,3,6],[4,5,6]]
GMFAIL 3,8,4,6 3,6,10,2 4,2,3 2,4,3 | 17 10 4 32 | 64 # m=7 sets=[[0,2,4,5],[1,3,5,6],[2,3,6],[4,5,6]]
GMFAIL 3,8,4,6 3,6,10,2 4,2,3 2,4,3 | 17 10 4 32 | 64 # m=7 sets=[[0,2,4,5],[1,3,5,6],[2,3,6],[4,5,6]]
GMFAIL 4,2,8,5 1,6,4,8 4,5,2,8 5,4,8,2 | 5 18 64 32 | 8 # m=7 sets=[[0,2,5,6],[1,4,5,6],[2,3,4,6],[3,4,5,6]]
GMFAIL 4,2,8,5 2,5,4,8 4,5,2,8 5,4,8,2 | 5 18 64 32 | 8 # m=7 sets=[[0,2,5,6],[1,4,5,6],[2,3,4,6],[3,4,5,6]]
GMFAIL 4,2,8,5 2,7,4,10 4,5,2,8 5,4,8,2 | 5 18 64 32 | 8 # m=7 sets=[[0,2,5,6],[1,4,5,6],[2,3,4,6],[3,4,5,6]]
GMFAIL 4,2,8,5 2,7,6,10 4,5,2,8 5,4,8,2 | 5 18 64 32 | 8 # m=7 sets=[[0,2,5,6],[1,4,5,6],[2,3,4,6],[3,4,5,6]]
GMFAIL 4,2,8,5 3,4,2,8 4,5,2,8 5,4,8,2 | 5 18 64 32 | 8 # m=7 sets=[[0,2,5,6],[1,4,5,6],[2,3,4,6],[3,4,5,6]]
GMFAIL 4,2,8,5 3,4,6,8 4,5,2,8 5,4,8,2 | 5 18 64 32 | 8 # m=7 sets=[[0,2,5,6],[1,4,5,6],[2,3,4,6],[3,4,5,6]]
GMFAIL 4,2,8,5 3,6,2,10 4,5,2,8 5,4,8,2 | 5 18 64 32 | 8 # m=7 sets=[[0,2,5,6],[1,4,5,6],[2,3,4,6],[3,4,5,6]]
GMFAIL 4,2,8,5 3,6,8,10 4,5,2,8 5,4,8,2 | 5 18 64 32 | 8 # m=7 sets=[[0,2,5,6],[1,4,5,6],[2,3,4,6],[3,4,5,6]]
GMFAIL 1,6,8,4 3,6,8,10 4,5,2,8 5,4,8,2 | 5 18 64 32 | 8 # m=7 sets=[[0,2,5,6],[1,4,5,6],[2,3,4,6],[3,4,5,6]]
GMFAIL 2,3,8,4 3,6,8,10 4,5,2,8 5,4,8,2 | 5 18 64 32 | 8 # m=7 sets=[[0,2,5,6],[1,4,5,6],[2,3,4,6],[3,4,5,6]]
GMFAIL 2,4,8,3 3,6,8,10 4,5,2,8 5,4,8,2 | 5 18 64 32 | 8 # m=7 sets=[[0,2,5,6],[1,4,5,6],[2,3,4,6],[3,4,5,6]]
GMFAIL 2,4,8,5 3,6,8,10 4,5,2,8 5,4,8,2 | 5 18 64 32 | 8 # m=7 sets=[[0,2,5,6],[1,4,5,6],[2,3,4,6],[3,4,5,6]]
GMFAIL 2,5,8,4 3,6,8,10 4,5,2,8 5,4,8,2 | 5 18 64 32 | 8 # m=7 sets=[[0,2,5,6],[1,4,5,6],[2,3,4,6],[3,4,5,6]]
GMFAIL 2,6,10,3 3,6,8,10 4,5,2,8 5,4,8,2 | 5 18 64 32 | 8 # m=7 sets=[[0,2,5,6],[1,4,5,6],[2,3,4,6],[3,4,5,6]]
GMFAIL 2,6,10,7 3,6,8,10 4,5,2,8 5,4,8,2 | 5 18 64 32 | 8 # m=7 sets=[[0,2,5,6],[1,4,5,6],[2,3,4,6],[3,4,5,6]]
GMFAIL 2,7,10,4 3,6,8,10 4,5,2,8 5,4,8,2 | 5 18 64 32 | 8 # m=7 sets=[[0,2,5,6],[1,4,5,6],[2,3,4,6],[3,4,5,6]]
GMFAIL 2,7,10,6 3,6,8,10 4,5,2,8 5,4,8,2 | 5 18 64 32 | 8 # m=7 sets=[[0,2,5,6],[1,4,5,6],[2,3,4,6],[3,4,5,6]]
GMFAIL 3,2,8,4 3,6,8,10 4,5,2,8 5,4,8,2 | 5 18 64 32 | 8 # m=7 sets=[[0,2,5,6],[1,4,5,6],[2,3,4,6],[3,4,5,6]]
GMFAIL 3,4,8,2 3,6,8,10 4,5,2,8 5,4,8,2 | 5 18 64 32 | 8 # m=7 sets=[[0,2,5,6],[1,4,5,6],[2,3,4,6],[3,4,5,6]]
GMFAIL 3,4,8,6 3,6,8,10 4,5,2,8 5,4,8,2 | 5 18 64 32 | 8 # m=7 sets=[[0,2,5,6],[1,4,5,6],[2,3,4,6],[3,4,5,6]]
GMFAIL 3,6,10,2 3,6,8,10 4,5,2,8 5,4,8,2 | 5 18 64 32 | 8 # m=7 sets=[[0,2,5,6],[1,4,5,6],[2,3,4,6],[3,4,5,6]]
GMFAIL 3,6,10,8 3,6,8,10 4,5,2,8 5,4,8,2 | 5 18 64 32 | 8 # m=7 sets=[[0,2,5,6],[1,4,5,6],[2,3,4,6],[3,4,5,6]]
GMFAIL 4,2,8,5 3,6,8,10 4,5,2,8 5,4,8,2 | 5 18 64 32 | 8 # m=7 sets=[[0,2,5,6],[1,4,5,6],[2,3,4,6],[3,4,5,6]]
GMFAIL 4,3,8,6 3,6,8,10 4,5,2,8 5,4,8,2 | 5 18 64 32 | 8 # m=7 sets=[[0,2,5,6],[1,4,5,6],[2,3,4,6],[3,4,5,6]]
GMFAIL 6,2,10,7 3,6,8,10 4,5,2,8 5,4,8,2 | 5 18 64 32 | 8 # m=7 sets=[[0,2,5,6],[1,4,5,6],[2,3,4,6],[3,4,5,6]]
GMFAIL 6,3,10,8 3,6,8,10 4,5,2,8 5,4,8,2 | 5 18 64 32 | 8 # m=7 sets=[[0,2,5,6],[1,4,5,6],[2,3,4,6],[3,4,5,6]]
GMFAIL 4,2,8,5 3,6,8,10 4,5,2,8 5,4,8,2 | 5 18 64 32 | 8 # m=7 sets=[[0,2,5,6],[1,4,5,6],[2,3,4,6],[3,4,5,6]]
GMFAIL 4,2,8,5 3,6,8,10 4,5,2,8 6,3,8,4 | 5 18 64 32 | 8 # m=7 sets=[[0,2,5,6],[1,4,5,6],[2,3,4,6],[3,4,5,6]]
GMFAIL 4,2,8,5 3,6,8,10 4,5,2,8 7,4,10,2 | 5 18 64 32 | 8 # m=7 sets=[[0,2,5,6],[1,4,5,6],[2,3,4,6],[3,4,5,6]]
GMFAIL 4,2,8,5 3,6,8,10 4,5,2,8 8,3,10,6 | 5 18 64 32 | 8 # m=7 sets=[[0,2,5,6],[1,4,5,6],[2,3,4,6],[3,4,5,6]]
GMFAIL 4,2,8,5 3,6,8,10 4,5,2,8 5,4,8,2 | 5 18 64 32 | 8 # m=7 sets=[[0,2,5,6],[1,4,5,6],[2,3,4,6],[3,4,5,6]]
GMFAIL 4,2,8,5 3,6,8,10 4,7,2,10 5,4,8,2 | 5 18 64 32 | 8 # m=7 sets=[[0,2,5,6],[1,4,5,6],[2,3,4,6],[3,4,5,6]]
TOTAL cores=28 badcores=0 runs=6372 maxima=8143 pool=1921 empty=0 dump=1753 nodump=168 fail=168 pfail=168 pallfail=8 overflow=0 wall=1s
