command: python3 k4/gap_bench.py --profile={"sets": [[0,2,5,6],[0,3,4,6],[1,2,4,7],[1,3,5,7]], "vals": [[3,10,2,6],[2,10,3,6],[2,10,3,6],[2,8,3,4]], "m": 8} --only=BTCYC,BT,REACH_EACH,REACH_EACH_CYC,PHI_PRIME --show=1
gap.c sha256 74e1fae22153b5b57fd39e906f7cae5807e646fb01caf9a576acefc76cade120
gap.c: in the gap True; f 2, omega 2, keys [[2, 3, -1, -1], [2, -1, -1, 3], [-1, 3, 2, -1]], 30 configurations, 28 with a valid owner
  C {"key": [2, 3, -1, -1], "Q": [null, null, [0, 7], [1, 5]], "L": [4, 6], "phi": [0, 2, 22, -3], "po": 0, "own": [[3, []]], "thr": [[2, 1, 0]], "need": [[2, [2]], [3, [3]]]}
  C {"key": [2, 3, -1, -1], "Q": [null, null, [4, 7], [1, 5]], "L": [0, 6], "phi": [0, 2, 24, -4], "po": 1, "own": [], "thr": [[2, 1, 2], [3, 0, 2]], "need": [[2, [2]], [3, [3]]]}
  C {"key": [2, 3, -1, -1], "Q": [null, null, [6, 7], [1, 5]], "L": [0, 4], "phi": [0, 2, 22, -3], "po": 0, "own": [[3, []]], "thr": [[2, 1, 0]], "need": [[2, [2]], [3, [3]]]}
  C {"key": [2, -1, -1, 3], "Q": [null, [0, 6], [1, 7], null], "L": [4, 5], "phi": [0, 2, 24, -2], "po": 0, "own": [[1, [5]], [2, [5]]], "thr": [[1, 0, 2], [2, 3, 2]], "need": [[2, [2]], [3, [1]]]}
  C {"key": [2, -1, -1, 3], "Q": [null, [0, 6], [4, 7], null], "L": [1, 5], "phi": [0, 2, 25, -3], "po": 1, "own": [[2, [5]]], "thr": [[1, 0, 2], [2, 3, 2]], "need": [[2, [2]], [3, [1]]]}
  C {"key": [2, -1, -1, 3], "Q": [null, [0, 6], [5, 7], null], "L": [1, 4], "phi": [0, 2, 23, -1], "po": 0, "own": [[1, []], [2, [5]]], "thr": [[2, 3, 2]], "need": [[2, [2]], [3, [1]]]}
  C {"key": [2, -1, -1, 3], "Q": [null, [1, 6], [0, 7], null], "L": [4, 5], "phi": [0, 2, 22, -2], "po": 0, "own": [[1, []], [2, []]], "thr": [], "need": [[2, [2]], [3, [1]]]}
  C {"key": [2, -1, -1, 3], "Q": [null, [1, 6], [4, 7], null], "L": [0, 5], "phi": [0, 2, 24, -3], "po": 0, "own": [[2, []]], "thr": [[1, 0, 2]], "need": [[2, [2]], [3, [1]]]}
  C {"key": [2, -1, -1, 3], "Q": [null, [1, 6], [5, 7], null], "L": [0, 4], "phi": [0, 2, 22, -1], "po": 0, "own": [[1, []], [2, []]], "thr": [], "need": [[2, [2]], [3, [1]]]}
  C {"key": [2, -1, -1, 3], "Q": [null, [4, 6], [0, 7], null], "L": [1, 5], "phi": [0, 2, 24, -3], "po": 0, "own": [[1, []]], "thr": [[2, 3, 2]], "need": [[2, [2]], [3, [1]]]}
  C {"key": [2, -1, -1, 3], "Q": [null, [4, 6], [1, 7], null], "L": [0, 5], "phi": [0, 2, 25, -3], "po": 1, "own": [[1, [5]]], "thr": [[1, 0, 2], [2, 3, 2]], "need": [[2, [2]], [3, [1]]]}
  C {"key": [2, -1, -1, 3], "Q": [null, [4, 6], [5, 7], null], "L": [0, 1], "phi": [0, 2, 24, -2], "po": 0, "own": [[1, []]], "thr": [[2, 3, 2]], "need": [[2, [2]], [3, [1]]]}
  C {"key": [2, -1, -1, 3], "Q": [null, [5, 6], [0, 7], null], "L": [1, 4], "phi": [0, 2, 22, -1], "po": 0, "own": [[1, []], [2, []]], "thr": [], "need": [[2, [2]], [3, [1]]]}
  C {"key": [2, -1, -1, 3], "Q": [null, [5, 6], [1, 7], null], "L": [0, 4], "phi": [0, 2, 23, -1], "po": 0, "own": [[1, [5]], [2, []]], "thr": [[1, 0, 2]], "need": [[2, [2]], [3, [1]]]}
  C {"key": [2, -1, -1, 3], "Q": [null, [5, 6], [4, 7], null], "L": [0, 1], "phi": [0, 2, 24, -2], "po": 0, "own": [[2, []]], "thr": [[1, 0, 2]], "need": [[2, [2]], [3, [1]]]}
  C {"key": [-1, 3, 2, -1], "Q": [[0, 6], null, null, [1, 5]], "L": [4, 7], "phi": [0, 2, 24, -3], "po": 0, "own": [[3, [4]]], "thr": [[0, 1, 2], [3, 2, 2]], "need": [[2, [0]], [3, [3]]]}
  C {"key": [-1, 3, 2, -1], "Q": [[0, 6], null, null, [1, 7]], "L": [4, 5], "phi": [0, 2, 25, -2], "po": 0, "own": [[0, [4]], [3, [4]]], "thr": [[0, 1, 2], [3, 2, 2]], "need": [[2, [0]], [3, [3]]]}
  C {"key": [-1, 3, 2, -1], "Q": [[0, 6], null, null, [4, 7]], "L": [1, 5], "phi": [0, 1, 23, -1], "po": 0, "own": [[0, [1]], [3, [4]]], "thr": [[0, 3, -1], [3, 2, 2]], "need": [[2, [0]], [3, [3]]]}
  C {"key": [-1, 3, 2, -1], "Q": [[0, 6], null, null, [5, 7]], "L": [1, 4], "phi": [0, 2, 26, -3], "po": 1, "own": [[3, [4]]], "thr": [[0, 1, 2], [3, 2, 2]], "need": [[2, [0]], [3, [3]]]}
  C {"key": [-1, 3, 2, -1], "Q": [[1, 6], null, null, [0, 7]], "L": [4, 5], "phi": [0, 1, 21, -2], "po": 0, "own": [[3, []]], "thr": [[0, 3, -1]], "need": [[2, [0]], [3, [3]]]}
  C {"key": [-1, 3, 2, -1], "Q": [[1, 6], null, null, [4, 7]], "L": [0, 5], "phi": [0, 1, 21, -1], "po": 0, "own": [[0, [1]], [3, []]], "thr": [[0, 3, -1]], "need": [[2, [0]], [3, [3]]]}
  C {"key": [-1, 3, 2, -1], "Q": [[1, 6], null, null, [5, 7]], "L": [0, 4], "phi": [0, 2, 24, -3], "po": 0, "own": [[3, []]], "thr": [[0, 1, 2]], "need": [[2, [0]], [3, [3]]]}
  C {"key": [-1, 3, 2, -1], "Q": [[4, 6], null, null, [0, 7]], "L": [1, 5], "phi": [0, 1, 21, -1], "po": 0, "own": [[3, []]], "thr": [[0, 3, -1]], "need": [[2, [0]], [3, [3]]]}
  C {"key": [-1, 3, 2, -1], "Q": [[4, 6], null, null, [1, 5]], "L": [0, 7], "phi": [0, 2, 22, -2], "po": 0, "own": [[3, []]], "thr": [[0, 1, 2]], "need": [[2, [0]], [3, [3]]]}
  C {"key": [-1, 3, 2, -1], "Q": [[4, 6], null, null, [1, 7]], "L": [0, 5], "phi": [0, 2, 23, -1], "po": 0, "own": [[0, [4]], [3, []]], "thr": [[0, 1, 2]], "need": [[2, [0]], [3, [3]]]}
  C {"key": [-1, 3, 2, -1], "Q": [[4, 6], null, null, [5, 7]], "L": [0, 1], "phi": [0, 2, 24, -2], "po": 0, "own": [[3, []]], "thr": [[0, 1, 2]], "need": [[2, [0]], [3, [3]]]}
  C {"key": [-1, 3, 2, -1], "Q": [[5, 6], null, null, [0, 7]], "L": [1, 4], "phi": [0, 1, 22, -3], "po": 0, "own": [], "thr": [[0, 3, -1], [3, 2, 2]], "need": [[2, [0]], [3, [3]]]}
  C {"key": [-1, 3, 2, -1], "Q": [[5, 6], null, null, [1, 7]], "L": [0, 4], "phi": [0, 2, 24, -3], "po": 0, "own": [[0, [4]]], "thr": [[0, 1, 2], [3, 2, 2]], "need": [[2, [0]], [3, [3]]]}
  C {"key": [-1, 3, 2, -1], "Q": [[5, 6], null, null, [4, 7]], "L": [0, 1], "phi": [0, 1, 22, -2], "po": 0, "own": [[0, [1]]], "thr": [[0, 3, -1], [3, 2, 2]], "need": [[2, [0]], [3, [3]]]}
  C {"key": [-1, 3, 2, -1], "Q": [[6, 7], null, null, [1, 5]], "L": [0, 4], "phi": [0, 2, 22, -3], "po": 0, "own": [[3, []]], "thr": [[0, 1, 2]], "need": [[2, [0]], [3, [3]]]}
gap_model: in the gap True; f 2, omega 2, keys [(2, 3, None, None), (2, None, None, 3), (None, 3, 2, None)]
== #52 K4.HALL.BTCYC: at a Pareto-maximal configuration without a valid owner that has an exposed frozen big-top agent, some exchange-cycle move through it (any admissible pairs; threat receivers may keep part of their pair) has a valid owner
BTCYC: FAILS on the data; 1 cases tested, 3 skipped (hypothesis not met), 1 profiles; 1 counterexamples
  smallest: n=4 m=8 sets=[[0, 2, 5, 6], [0, 3, 4, 6], [1, 2, 4, 7], [1, 3, 5, 7]] values=[[3, 10, 2, 6], [2, 10, 3, 6], [2, 10, 3, 6], [2, 8, 3, 4]]
    Config(key=[2, 3, None, None], Q={2: [4, 7], 3: [1, 5]}, L=[0, 6]) Python re-check: confirmed
== #46 K4.HALL.BT in configuration form: a Pareto-maximal configuration without a valid owner has a frozen big-top agent
BT: HOLDS on the data; 1 cases tested, 3 skipped (hypothesis not met), 1 profiles; 0 counterexamples
== the per-start form: from each Pareto-maximal configuration without a valid owner, exchange-cycle moves and downgrade swaps reach one with a valid owner
REACH_EACH: HOLDS on the data; 1 cases tested, 3 skipped (hypothesis not met), 1 profiles; 0 counterexamples
== the per-start form without downgrade swaps
REACH_EACH_CYC: FAILS on the data; 1 cases tested, 3 skipped (hypothesis not met), 1 profiles; 1 counterexamples
  smallest: n=4 m=8 sets=[[0, 2, 5, 6], [0, 3, 4, 6], [1, 2, 4, 7], [1, 3, 5, 7]] values=[[3, 10, 2, 6], [2, 10, 3, 6], [2, 10, 3, 6], [2, 8, 3, 4]]
    Config(key=[2, 3, None, None], Q={2: [4, 7], 3: [1, 5]}, L=[0, 6]) Python re-check: confirmed
== #41 Conjecture Phi' (K4.C4MIN.PHI): every Phi'-maximum has a valid owner
PHI_PRIME: HOLDS on the data; 1 cases tested, 0 skipped (hypothesis not met), 1 profiles; 0 counterexamples
[0 s]
