command: python3 k4/gap_bench.py --profile={"sets": [[0,2,4,8],[1,3,7,9],[4,6,9],[5,6,7,9],[5,8,9]], "vals": [[2,4,5,8],[3,2,6,10],[2,3,4],[8,6,4,3],[4,3,2]], "m": 10} --only=BT,BTCYC,REACH_EACH,REACH_EACH_CYC,PHI_PRIME,H7 --show=1
gap.c sha256 74e1fae22153b5b57fd39e906f7cae5807e646fb01caf9a576acefc76cade120
gap.c: in the gap True; f 2, omega 2, keys [[-1, -1, -1, 5, 8], [-1, -1, 9, 5, -1], [-1, -1, 9, -1, 5], [-1, 9, -1, 5, -1]], 99 configurations, 97 with a valid owner
  C {"key": [-1, -1, -1, 5, 8], "Q": [[0, 2], [1, 9], [4, 6], null, null], "L": [3, 7], "phi": [0, 4, 25, -1], "po": 0, "own": [[0, []], [1, []]], "thr": [[2, 3, 2]], "need": [[5, [4]], [8, [0]]]}
  C {"key": [-1, -1, -1, 5, 8], "Q": [[0, 2], [3, 9], [4, 6], null, null], "L": [1, 7], "phi": [0, 4, 24, -1], "po": 0, "own": [[0, []], [1, []]], "thr": [[2, 3, 2]], "need": [[5, [4]], [8, [0]]]}
  C {"key": [-1, -1, -1, 5, 8], "Q": [[0, 2], [7, 9], [4, 6], null, null], "L": [1, 3], "phi": [0, 4, 27, 0], "po": 1, "own": [[0, []], [1, []], [2, []]], "thr": [], "need": [[5, [4]], [8, [0]]]}
  C {"key": [-1, -1, 9, 5, -1], "Q": [[2, 4], [0, 7], null, null, [1, 8]], "L": [3, 6], "phi": [0, 2, 21, -2], "po": 0, "own": [[4, []]], "thr": [[0, 2, 2], [1, 3, 2]], "need": [[5, [4]], [9, [1]]]}
  C {"key": [-1, -1, 9, 5, -1], "Q": [[2, 4], [0, 7], null, null, [3, 8]], "L": [1, 6], "phi": [0, 2, 21, -2], "po": 0, "own": [[4, []]], "thr": [[0, 2, 2], [1, 3, 2]], "need": [[5, [4]], [9, [1]]]}
  C {"key": [-1, -1, 9, 5, -1], "Q": [[2, 4], [0, 7], null, null, [6, 8]], "L": [1, 3], "phi": [0, 2, 21, 0], "po": 0, "own": [[0, []], [1, []], [4, []]], "thr": [], "need": [[5, [4]], [9, [1]]]}
  C {"key": [-1, -1, 9, 5, -1], "Q": [[2, 4], [1, 7], null, null, [0, 8]], "L": [3, 6], "phi": [0, 2, 23, -2], "po": 1, "own": [[1, [6]]], "thr": [[0, 2, 2], [1, 3, 2], [4, 0, -1]], "need": [[5, [4]], [9, [1]]]}
  C {"key": [-1, -1, 9, 5, -1], "Q": [[2, 4], [1, 7], null, null, [3, 8]], "L": [0, 6], "phi": [0, 2, 23, -2], "po": 1, "own": [], "thr": [[0, 2, 2], [1, 3, 2], [4, 0, -1]], "need": [[5, [4]], [9, [1]]]}
  C {"key": [-1, -1, 9, 5, -1], "Q": [[2, 4], [1, 7], null, null, [6, 8]], "L": [0, 3], "phi": [0, 2, 23, 0], "po": 1, "own": [[0, []], [1, []]], "thr": [[4, 0, -1]], "need": [[5, [4]], [9, [1]]]}
  C {"key": [-1, -1, 9, 5, -1], "Q": [[2, 4], [3, 7], null, null, [0, 8]], "L": [1, 6], "phi": [0, 2, 22, -2], "po": 0, "own": [[1, [6]]], "thr": [[0, 2, 2], [1, 3, 2], [4, 0, -1]], "need": [[5, [4]], [9, [1]]]}
  C {"key": [-1, -1, 9, 5, -1], "Q": [[2, 4], [3, 7], null, null, [1, 8]], "L": [0, 6], "phi": [0, 2, 22, -2], "po": 1, "own": [], "thr": [[0, 2, 2], [1, 3, 2], [4, 0, -1]], "need": [[5, [4]], [9, [1]]]}
  C {"key": [-1, -1, 9, 5, -1], "Q": [[2, 4], [3, 7], null, null, [6, 8]], "L": [0, 1], "phi": [0, 2, 22, 0], "po": 0, "own": [[0, []], [1, []]], "thr": [[4, 0, -1]], "need": [[5, [4]], [9, [1]]]}
  C {"key": [-1, -1, 9, 5, -1], "Q": [[2, 4], [6, 7], null, null, [0, 8]], "L": [1, 3], "phi": [0, 2, 21, 0], "po": 0, "own": [[0, []], [1, [6]]], "thr": [[1, 3, 2], [4, 0, -1]], "need": [[5, [4]], [9, [1]]]}
  C {"key": [-1, -1, 9, 5, -1], "Q": [[2, 4], [6, 7], null, null, [1, 8]], "L": [0, 3], "phi": [0, 2, 21, 0], "po": 0, "own": [[0, []]], "thr": [[1, 3, 2], [4, 0, -1]], "need": [[5, [4]], [9, [1]]]}
  C {"key": [-1, -1, 9, 5, -1], "Q": [[2, 4], [6, 7], null, null, [3, 8]], "L": [0, 1], "phi": [0, 2, 21, 0], "po": 0, "own": [[0, []]], "thr": [[1, 3, 2], [4, 0, -1]], "need": [[5, [4]], [9, [1]]]}
  C {"key": [-1, -1, 9, -1, 5], "Q": [[0, 8], [1, 7], null, [2, 6], null], "L": [3, 4], "phi": [0, 4, 23, -1], "po": 0, "own": [[0, []], [1, []]], "thr": [[3, 2, 2]], "need": [[5, [3]], [9, [1]]]}
  C {"key": [-1, -1, 9, -1, 5], "Q": [[0, 8], [1, 7], null, [3, 6], null], "L": [2, 4], "phi": [0, 4, 23, -1], "po": 0, "own": [[0, []], [1, []]], "thr": [[3, 2, 2]], "need": [[5, [3]], [9, [1]]]}
  C {"key": [-1, -1, 9, -1, 5], "Q": [[0, 8], [1, 7], null, [4, 6], null], "L": [2, 3], "phi": [0, 4, 23, 0], "po": 0, "own": [[0, []], [1, []]], "thr": [[3, 2, 2]], "need": [[5, [3]], [9, [1]]]}
  C {"key": [-1, -1, 9, -1, 5], "Q": [[0, 8], [2, 7], null, [1, 6], null], "L": [3, 4], "phi": [0, 4, 21, -1], "po": 0, "own": [[0, []], [1, []]], "thr": [[3, 2, 2]], "need": [[5, [3]], [9, [1]]]}
  C {"key": [-1, -1, 9, -1, 5], "Q": [[0, 8], [2, 7], null, [3, 6], null], "L": [1, 4], "phi": [0, 4, 21, -1], "po": 0, "own": [[0, []], [1, []]], "thr": [[3, 2, 2]], "need": [[5, [3]], [9, [1]]]}
  C {"key": [-1, -1, 9, -1, 5], "Q": [[0, 8], [2, 7], null, [4, 6], null], "L": [1, 3], "phi": [0, 4, 21, 0], "po": 0, "own": [[0, []], [1, []]], "thr": [[3, 2, 2]], "need": [[5, [3]], [9, [1]]]}
  C {"key": [-1, -1, 9, -1, 5], "Q": [[0, 8], [3, 7], null, [1, 6], null], "L": [2, 4], "phi": [0, 4, 22, -1], "po": 0, "own": [[0, []], [1, []]], "thr": [[3, 2, 2]], "need": [[5, [3]], [9, [1]]]}
  C {"key": [-1, -1, 9, -1, 5], "Q": [[0, 8], [3, 7], null, [2, 6], null], "L": [1, 4], "phi": [0, 4, 22, -1], "po": 0, "own": [[0, []], [1, []]], "thr": [[3, 2, 2]], "need": [[5, [3]], [9, [1]]]}
  C {"key": [-1, -1, 9, -1, 5], "Q": [[0, 8], [3, 7], null, [4, 6], null], "L": [1, 2], "phi": [0, 4, 22, 0], "po": 0, "own": [[0, []], [1, []]], "thr": [[3, 2, 2]], "need": [[5, [3]], [9, [1]]]}
  C {"key": [-1, -1, 9, -1, 5], "Q": [[0, 8], [4, 7], null, [1, 6], null], "L": [2, 3], "phi": [0, 4, 21, 0], "po": 0, "own": [[0, []], [1, []], [3, []]], "thr": [], "need": [[5, [3]], [9, [1]]]}
  C {"key": [-1, -1, 9, -1, 5], "Q": [[0, 8], [4, 7], null, [2, 6], null], "L": [1, 3], "phi": [0, 4, 21, 0], "po": 0, "own": [[0, []], [1, []], [3, []]], "thr": [], "need": [[5, [3]], [9, [1]]]}
  C {"key": [-1, -1, 9, -1, 5], "Q": [[0, 8], [4, 7], null, [3, 6], null], "L": [1, 2], "phi": [0, 4, 21, 0], "po": 0, "own": [[0, []], [1, []], [3, []]], "thr": [], "need": [[5, [3]], [9, [1]]]}
  C {"key": [-1, -1, 9, -1, 5], "Q": [[1, 8], [0, 7], null, [2, 6], null], "L": [3, 4], "phi": [0, 3, 19, -1], "po": 0, "own": [[0, []], [1, []]], "thr": [[3, 0, -1], [3, 2, 2]], "need": [[5, [3]], [9, [1]]]}
  C {"key": [-1, -1, 9, -1, 5], "Q": [[1, 8], [0, 7], null, [3, 6], null], "L": [2, 4], "phi": [0, 3, 19, -1], "po": 0, "own": [[0, []]], "thr": [[1, 0, -1], [3, 0, -1], [3, 2, 2]], "need": [[5, [3]], [9, [1]]]}
  C {"key": [-1, -1, 9, -1, 5], "Q": [[1, 8], [0, 7], null, [4, 6], null], "L": [2, 3], "phi": [0, 3, 19, 0], "po": 0, "own": [[0, []], [1, []]], "thr": [[3, 0, -1], [3, 2, 2]], "need": [[5, [3]], [9, [1]]]}
  C {"key": [-1, -1, 9, -1, 5], "Q": [[1, 8], [2, 7], null, [0, 6], null], "L": [3, 4], "phi": [0, 3, 19, -1], "po": 0, "own": [[0, []]], "thr": [[1, 0, -1], [3, 2, 2]], "need": [[5, [3]], [9, [1]]]}
  C {"key": [-1, -1, 9, -1, 5], "Q": [[1, 8], [2, 7], null, [3, 6], null], "L": [0, 4], "phi": [0, 3, 19, -1], "po": 0, "own": [[0, []]], "thr": [[1, 0, -1], [3, 2, 2]], "need": [[5, [3]], [9, [1]]]}
  C {"key": [-1, -1, 9, -1, 5], "Q": [[1, 8], [2, 7], null, [4, 6], null], "L": [0, 3], "phi": [0, 3, 19, 0], "po": 0, "own": [[0, []], [1, []]], "thr": [[3, 2, 2]], "need": [[5, [3]], [9, [1]]]}
  C {"key": [-1, -1, 9, -1, 5], "Q": [[1, 8], [3, 7], null, [0, 6], null], "L": [2, 4], "phi": [0, 3, 20, -1], "po": 0, "own": [[0, []]], "thr": [[1, 0, -1], [3, 0, -1], [3, 2, 2]], "need": [[5, [3]], [9, [1]]]}
  C {"key": [-1, -1, 9, -1, 5], "Q": [[1, 8], [3, 7], null, [2, 6], null], "L": [0, 4], "phi": [0, 3, 20, -1], "po": 0, "own": [[0, []], [1, []]], "thr": [[3, 0, -1], [3, 2, 2]], "need": [[5, [3]], [9, [1]]]}
  C {"key": [-1, -1, 9, -1, 5], "Q": [[1, 8], [3, 7], null, [4, 6], null], "L": [0, 2], "phi": [0, 3, 20, 0], "po": 0, "own": [[0, []], [1, []]], "thr": [[3, 0, -1], [3, 2, 2]], "need": [[5, [3]], [9, [1]]]}
  C {"key": [-1, -1, 9, -1, 5], "Q": [[1, 8], [4, 7], null, [0, 6], null], "L": [2, 3], "phi": [0, 3, 19, 0], "po": 0, "own": [[0, []], [3, []]], "thr": [[1, 0, -1]], "need": [[5, [3]], [9, [1]]]}
  C {"key": [-1, -1, 9, -1, 5], "Q": [[1, 8], [4, 7], null, [2, 6], null], "L": [0, 3], "phi": [0, 3, 19, 0], "po": 0, "own": [[0, []], [1, []], [3, []]], "thr": [], "need": [[5, [3]], [9, [1]]]}
  C {"key": [-1, -1, 9, -1, 5], "Q": [[1, 8], [4, 7], null, [3, 6], null], "L": [0, 2], "phi": [0, 3, 19, 0], "po": 0, "own": [[0, []], [3, []]], "thr": [[1, 0, -1]], "need": [[5, [3]], [9, [1]]]}
  C {"key": [-1, -1, 9, -1, 5], "Q": [[2, 4], [0, 7], null, [1, 6], null], "L": [3, 8], "phi": [0, 3, 20, -1], "po": 0, "own": [[0, []], [3, []]], "thr": [[1, 0, -1]], "need": [[5, [3]], [9, [1]]]}
  C {"key": [-1, -1, 9, -1, 5], "Q": [[2, 4], [0, 7], null, [3, 6], null], "L": [1, 8], "phi": [0, 3, 20, -1], "po": 0, "own": [[0, []], [3, []]], "thr": [[1, 0, -1]], "need": [[5, [3]], [9, [1]]]}
  C {"key": [-1, -1, 9, -1, 5], "Q": [[2, 4], [0, 7], null, [6, 8], null], "L": [1, 3], "phi": [0, 3, 20, 0], "po": 0, "own": [[0, []], [1, []], [3, []]], "thr": [], "need": [[5, [3]], [9, [1]]]}
  C {"key": [-1, -1, 9, -1, 5], "Q": [[2, 4], [1, 7], null, [0, 6], null], "L": [3, 8], "phi": [0, 3, 22, -1], "po": 0, "own": [[0, []], [1, []]], "thr": [[3, 0, -1]], "need": [[5, [3]], [9, [1]]]}
  C {"key": [-1, -1, 9, -1, 5], "Q": [[2, 4], [1, 7], null, [3, 6], null], "L": [0, 8], "phi": [0, 3, 22, -1], "po": 0, "own": [[0, []]], "thr": [[1, 0, -1], [3, 0, -1]], "need": [[5, [3]], [9, [1]]]}
  C {"key": [-1, -1, 9, -1, 5], "Q": [[2, 4], [1, 7], null, [6, 8], null], "L": [0, 3], "phi": [0, 3, 22, 0], "po": 1, "own": [[0, []], [1, []]], "thr": [[3, 0, -1]], "need": [[5, [3]], [9, [1]]]}
  C {"key": [-1, -1, 9, -1, 5], "Q": [[2, 4], [3, 7], null, [0, 6], null], "L": [1, 8], "phi": [0, 3, 21, -1], "po": 0, "own": [[0, []], [1, []]], "thr": [[3, 0, -1]], "need": [[5, [3]], [9, [1]]]}
  C {"key": [-1, -1, 9, -1, 5], "Q": [[2, 4], [3, 7], null, [1, 6], null], "L": [0, 8], "phi": [0, 3, 21, -1], "po": 0, "own": [[0, []]], "thr": [[1, 0, -1], [3, 0, -1]], "need": [[5, [3]], [9, [1]]]}
  C {"key": [-1, -1, 9, -1, 5], "Q": [[2, 4], [3, 7], null, [6, 8], null], "L": [0, 1], "phi": [0, 3, 21, 0], "po": 0, "own": [[0, []], [1, []]], "thr": [[3, 0, -1]], "need": [[5, [3]], [9, [1]]]}
  C {"key": [-1, -1, 9, -1, 5], "Q": [[2, 4], [7, 8], null, [0, 6], null], "L": [1, 3], "phi": [0, 3, 20, 0], "po": 0, "own": [[0, []], [1, []], [3, []]], "thr": [], "need": [[5, [3]], [9, [1]]]}
  C {"key": [-1, -1, 9, -1, 5], "Q": [[2, 4], [7, 8], null, [1, 6], null], "L": [0, 3], "phi": [0, 3, 20, 0], "po": 0, "own": [[0, []], [3, []]], "thr": [[1, 0, -1]], "need": [[5, [3]], [9, [1]]]}
  C {"key": [-1, -1, 9, -1, 5], "Q": [[2, 4], [7, 8], null, [3, 6], null], "L": [0, 1], "phi": [0, 3, 20, 0], "po": 0, "own": [[0, []], [3, []]], "thr": [[1, 0, -1]], "need": [[5, [3]], [9, [1]]]}
  C {"key": [-1, -1, 9, -1, 5], "Q": [[2, 8], [0, 7], null, [1, 6], null], "L": [3, 4], "phi": [0, 4, 23, -1], "po": 0, "own": [[0, []], [1, []]], "thr": [[3, 2, 2]], "need": [[5, [3]], [9, [1]]]}
  C {"key": [-1, -1, 9, -1, 5], "Q": [[2, 8], [0, 7], null, [3, 6], null], "L": [1, 4], "phi": [0, 4, 23, -1], "po": 0, "own": [[0, []], [1, []]], "thr": [[3, 2, 2]], "need": [[5, [3]], [9, [1]]]}
  C {"key": [-1, -1, 9, -1, 5], "Q": [[2, 8], [0, 7], null, [4, 6], null], "L": [1, 3], "phi": [0, 4, 23, 0], "po": 0, "own": [[0, []], [1, []]], "thr": [[3, 2, 2]], "need": [[5, [3]], [9, [1]]]}
  C {"key": [-1, -1, 9, -1, 5], "Q": [[2, 8], [1, 7], null, [0, 6], null], "L": [3, 4], "phi": [0, 4, 25, -1], "po": 0, "own": [[0, []], [1, []]], "thr": [[3, 2, 2]], "need": [[5, [3]], [9, [1]]]}
  C {"key": [-1, -1, 9, -1, 5], "Q": [[2, 8], [1, 7], null, [3, 6], null], "L": [0, 4], "phi": [0, 4, 25, -1], "po": 0, "own": [[0, []], [1, []]], "thr": [[3, 2, 2]], "need": [[5, [3]], [9, [1]]]}
  C {"key": [-1, -1, 9, -1, 5], "Q": [[2, 8], [1, 7], null, [4, 6], null], "L": [0, 3], "phi": [0, 4, 25, 0], "po": 1, "own": [[0, []], [1, []]], "thr": [[3, 2, 2]], "need": [[5, [3]], [9, [1]]]}
  C {"key": [-1, -1, 9, -1, 5], "Q": [[2, 8], [3, 7], null, [0, 6], null], "L": [1, 4], "phi": [0, 4, 24, -1], "po": 0, "own": [[0, []], [1, []]], "thr": [[3, 2, 2]], "need": [[5, [3]], [9, [1]]]}
  C {"key": [-1, -1, 9, -1, 5], "Q": [[2, 8], [3, 7], null, [1, 6], null], "L": [0, 4], "phi": [0, 4, 24, -1], "po": 0, "own": [[0, []], [1, []]], "thr": [[3, 2, 2]], "need": [[5, [3]], [9, [1]]]}
  C {"key": [-1, -1, 9, -1, 5], "Q": [[2, 8], [3, 7], null, [4, 6], null], "L": [0, 1], "phi": [0, 4, 24, 0], "po": 0, "own": [[0, []], [1, []]], "thr": [[3, 2, 2]], "need": [[5, [3]], [9, [1]]]}
  C {"key": [-1, -1, 9, -1, 5], "Q": [[2, 8], [4, 7], null, [0, 6], null], "L": [1, 3], "phi": [0, 4, 23, 0], "po": 0, "own": [[0, []], [1, []], [3, []]], "thr": [], "need": [[5, [3]], [9, [1]]]}
  C {"key": [-1, -1, 9, -1, 5], "Q": [[2, 8], [4, 7], null, [1, 6], null], "L": [0, 3], "phi": [0, 4, 23, 0], "po": 0, "own": [[0, []], [1, []], [3, []]], "thr": [], "need": [[5, [3]], [9, [1]]]}
  C {"key": [-1, -1, 9, -1, 5], "Q": [[2, 8], [4, 7], null, [3, 6], null], "L": [0, 1], "phi": [0, 4, 23, 0], "po": 0, "own": [[0, []], [1, []], [3, []]], "thr": [], "need": [[5, [3]], [9, [1]]]}
  C {"key": [-1, -1, 9, -1, 5], "Q": [[3, 8], [0, 7], null, [1, 6], null], "L": [2, 4], "phi": [0, 3, 19, -1], "po": 0, "own": [[0, []]], "thr": [[1, 0, -1], [3, 0, -1], [3, 2, 2]], "need": [[5, [3]], [9, [1]]]}
  C {"key": [-1, -1, 9, -1, 5], "Q": [[3, 8], [0, 7], null, [2, 6], null], "L": [1, 4], "phi": [0, 3, 19, -1], "po": 0, "own": [[0, []], [1, []]], "thr": [[3, 0, -1], [3, 2, 2]], "need": [[5, [3]], [9, [1]]]}
  C {"key": [-1, -1, 9, -1, 5], "Q": [[3, 8], [0, 7], null, [4, 6], null], "L": [1, 2], "phi": [0, 3, 19, 0], "po": 0, "own": [[0, []], [1, []]], "thr": [[3, 0, -1], [3, 2, 2]], "need": [[5, [3]], [9, [1]]]}
  C {"key": [-1, -1, 9, -1, 5], "Q": [[3, 8], [1, 7], null, [0, 6], null], "L": [2, 4], "phi": [0, 3, 21, -1], "po": 0, "own": [[0, []]], "thr": [[1, 0, -1], [3, 0, -1], [3, 2, 2]], "need": [[5, [3]], [9, [1]]]}
  C {"key": [-1, -1, 9, -1, 5], "Q": [[3, 8], [1, 7], null, [2, 6], null], "L": [0, 4], "phi": [0, 3, 21, -1], "po": 0, "own": [[0, []], [1, []]], "thr": [[3, 0, -1], [3, 2, 2]], "need": [[5, [3]], [9, [1]]]}
  C {"key": [-1, -1, 9, -1, 5], "Q": [[3, 8], [1, 7], null, [4, 6], null], "L": [0, 2], "phi": [0, 3, 21, 0], "po": 0, "own": [[0, []], [1, []]], "thr": [[3, 0, -1], [3, 2, 2]], "need": [[5, [3]], [9, [1]]]}
  C {"key": [-1, -1, 9, -1, 5], "Q": [[3, 8], [2, 7], null, [0, 6], null], "L": [1, 4], "phi": [0, 3, 19, -1], "po": 0, "own": [[0, []]], "thr": [[1, 0, -1], [3, 2, 2]], "need": [[5, [3]], [9, [1]]]}
  C {"key": [-1, -1, 9, -1, 5], "Q": [[3, 8], [2, 7], null, [1, 6], null], "L": [0, 4], "phi": [0, 3, 19, -1], "po": 0, "own": [[0, []]], "thr": [[1, 0, -1], [3, 2, 2]], "need": [[5, [3]], [9, [1]]]}
  C {"key": [-1, -1, 9, -1, 5], "Q": [[3, 8], [2, 7], null, [4, 6], null], "L": [0, 1], "phi": [0, 3, 19, 0], "po": 0, "own": [[0, []], [1, []]], "thr": [[3, 2, 2]], "need": [[5, [3]], [9, [1]]]}
  C {"key": [-1, -1, 9, -1, 5], "Q": [[3, 8], [4, 7], null, [0, 6], null], "L": [1, 2], "phi": [0, 3, 19, 0], "po": 0, "own": [[0, []], [3, []]], "thr": [[1, 0, -1]], "need": [[5, [3]], [9, [1]]]}
  C {"key": [-1, -1, 9, -1, 5], "Q": [[3, 8], [4, 7], null, [1, 6], null], "L": [0, 2], "phi": [0, 3, 19, 0], "po": 0, "own": [[0, []], [3, []]], "thr": [[1, 0, -1]], "need": [[5, [3]], [9, [1]]]}
  C {"key": [-1, -1, 9, -1, 5], "Q": [[3, 8], [4, 7], null, [2, 6], null], "L": [0, 1], "phi": [0, 3, 19, 0], "po": 0, "own": [[0, []], [1, []], [3, []]], "thr": [], "need": [[5, [3]], [9, [1]]]}
  C {"key": [-1, -1, 9, -1, 5], "Q": [[4, 8], [0, 7], null, [1, 6], null], "L": [2, 3], "phi": [0, 4, 24, 0], "po": 0, "own": [[0, []], [1, []], [3, []]], "thr": [], "need": [[5, [3]], [9, [1]]]}
  C {"key": [-1, -1, 9, -1, 5], "Q": [[4, 8], [0, 7], null, [2, 6], null], "L": [1, 3], "phi": [0, 4, 24, 0], "po": 0, "own": [[0, []], [1, []], [3, []]], "thr": [], "need": [[5, [3]], [9, [1]]]}
  C {"key": [-1, -1, 9, -1, 5], "Q": [[4, 8], [0, 7], null, [3, 6], null], "L": [1, 2], "phi": [0, 4, 24, 0], "po": 0, "own": [[0, []], [1, []], [3, []]], "thr": [], "need": [[5, [3]], [9, [1]]]}
  C {"key": [-1, -1, 9, -1, 5], "Q": [[4, 8], [1, 7], null, [0, 6], null], "L": [2, 3], "phi": [0, 4, 26, 0], "po": 1, "own": [[0, []], [1, []], [3, []]], "thr": [], "need": [[5, [3]], [9, [1]]]}
  C {"key": [-1, -1, 9, -1, 5], "Q": [[4, 8], [1, 7], null, [2, 6], null], "L": [0, 3], "phi": [0, 4, 26, 0], "po": 1, "own": [[0, []], [1, []], [3, []]], "thr": [], "need": [[5, [3]], [9, [1]]]}
  C {"key": [-1, -1, 9, -1, 5], "Q": [[4, 8], [1, 7], null, [3, 6], null], "L": [0, 2], "phi": [0, 4, 26, 0], "po": 1, "own": [[0, []], [1, []], [3, []]], "thr": [], "need": [[5, [3]], [9, [1]]]}
  C {"key": [-1, -1, 9, -1, 5], "Q": [[4, 8], [2, 7], null, [0, 6], null], "L": [1, 3], "phi": [0, 4, 24, 0], "po": 0, "own": [[0, []], [1, []], [3, []]], "thr": [], "need": [[5, [3]], [9, [1]]]}
  C {"key": [-1, -1, 9, -1, 5], "Q": [[4, 8], [2, 7], null, [1, 6], null], "L": [0, 3], "phi": [0, 4, 24, 0], "po": 0, "own": [[0, []], [1, []], [3, []]], "thr": [], "need": [[5, [3]], [9, [1]]]}
  C {"key": [-1, -1, 9, -1, 5], "Q": [[4, 8], [2, 7], null, [3, 6], null], "L": [0, 1], "phi": [0, 4, 24, 0], "po": 0, "own": [[0, []], [1, []], [3, []]], "thr": [], "need": [[5, [3]], [9, [1]]]}
  C {"key": [-1, -1, 9, -1, 5], "Q": [[4, 8], [3, 7], null, [0, 6], null], "L": [1, 2], "phi": [0, 4, 25, 0], "po": 0, "own": [[0, []], [1, []], [3, []]], "thr": [], "need": [[5, [3]], [9, [1]]]}
  C {"key": [-1, -1, 9, -1, 5], "Q": [[4, 8], [3, 7], null, [1, 6], null], "L": [0, 2], "phi": [0, 4, 25, 0], "po": 1, "own": [[0, []], [1, []], [3, []]], "thr": [], "need": [[5, [3]], [9, [1]]]}
  C {"key": [-1, -1, 9, -1, 5], "Q": [[4, 8], [3, 7], null, [2, 6], null], "L": [0, 1], "phi": [0, 4, 25, 0], "po": 0, "own": [[0, []], [1, []], [3, []]], "thr": [], "need": [[5, [3]], [9, [1]]]}
  C {"key": [-1, 9, -1, 5, -1], "Q": [[2, 4], null, [0, 6], null, [1, 8]], "L": [3, 7], "phi": [0, 2, 23, -3], "po": 1, "own": [[0, []]], "thr": [[2, 3, 2], [4, 1, 0]], "need": [[5, [4]], [9, [2]]]}
  C {"key": [-1, 9, -1, 5, -1], "Q": [[2, 4], null, [0, 6], null, [3, 8]], "L": [1, 7], "phi": [0, 2, 23, -3], "po": 1, "own": [[0, []]], "thr": [[2, 3, 2], [4, 1, 0]], "need": [[5, [4]], [9, [2]]]}
  C {"key": [-1, 9, -1, 5, -1], "Q": [[2, 4], null, [0, 6], null, [7, 8]], "L": [1, 3], "phi": [0, 2, 23, -2], "po": 1, "own": [[0, []], [2, []]], "thr": [[4, 1, 0]], "need": [[5, [4]], [9, [2]]]}
  C {"key": [-1, 9, -1, 5, -1], "Q": [[2, 4], null, [1, 6], null, [0, 8]], "L": [3, 7], "phi": [0, 2, 23, -3], "po": 1, "own": [[0, []]], "thr": [[2, 1, 0], [2, 3, 2], [4, 0, -1]], "need": [[5, [4]], [9, [2]]]}
  C {"key": [-1, 9, -1, 5, -1], "Q": [[2, 4], null, [1, 6], null, [3, 8]], "L": [0, 7], "phi": [0, 2, 23, -2], "po": 1, "own": [[0, []]], "thr": [[2, 3, 2], [4, 0, -1]], "need": [[5, [4]], [9, [2]]]}
  C {"key": [-1, 9, -1, 5, -1], "Q": [[2, 4], null, [1, 6], null, [7, 8]], "L": [0, 3], "phi": [0, 2, 23, -1], "po": 1, "own": [[0, []], [2, []]], "thr": [[4, 0, -1]], "need": [[5, [4]], [9, [2]]]}
  C {"key": [-1, 9, -1, 5, -1], "Q": [[2, 4], null, [3, 6], null, [0, 8]], "L": [1, 7], "phi": [0, 2, 23, -3], "po": 1, "own": [[0, []]], "thr": [[2, 1, 0], [2, 3, 2], [4, 0, -1]], "need": [[5, [4]], [9, [2]]]}
  C {"key": [-1, 9, -1, 5, -1], "Q": [[2, 4], null, [3, 6], null, [1, 8]], "L": [0, 7], "phi": [0, 2, 23, -2], "po": 1, "own": [[0, []]], "thr": [[2, 3, 2], [4, 0, -1]], "need": [[5, [4]], [9, [2]]]}
  C {"key": [-1, 9, -1, 5, -1], "Q": [[2, 4], null, [3, 6], null, [7, 8]], "L": [0, 1], "phi": [0, 2, 23, -1], "po": 1, "own": [[0, []], [2, []]], "thr": [[4, 0, -1]], "need": [[5, [4]], [9, [2]]]}
  C {"key": [-1, 9, -1, 5, -1], "Q": [[2, 4], null, [6, 7], null, [0, 8]], "L": [1, 3], "phi": [0, 2, 23, -2], "po": 1, "own": [[0, []]], "thr": [[2, 1, 0], [2, 3, 2], [4, 0, -1]], "need": [[5, [4]], [9, [2]]]}
  C {"key": [-1, 9, -1, 5, -1], "Q": [[2, 4], null, [6, 7], null, [1, 8]], "L": [0, 3], "phi": [0, 2, 23, -1], "po": 1, "own": [[0, []]], "thr": [[2, 3, 2], [4, 0, -1]], "need": [[5, [4]], [9, [2]]]}
  C {"key": [-1, 9, -1, 5, -1], "Q": [[2, 4], null, [6, 7], null, [3, 8]], "L": [0, 1], "phi": [0, 2, 23, -1], "po": 1, "own": [[0, []]], "thr": [[2, 3, 2], [4, 0, -1]], "need": [[5, [4]], [9, [2]]]}
gap_model: in the gap True; f 2, omega 2, keys [(None, None, 9, None, 5), (None, None, None, 5, 8), (None, None, 9, 5, None), (None, 9, None, 5, None)]
== #46 K4.HALL.BT in configuration form: a Pareto-maximal configuration without a valid owner has a frozen big-top agent
BT: FAILS on the data; 1 cases tested, 18 skipped (hypothesis not met), 1 profiles; 1 counterexamples
  smallest: n=5 m=10 sets=[[0, 2, 4, 8], [1, 3, 7, 9], [4, 6, 9], [5, 6, 7, 9], [5, 8, 9]] values=[[2, 4, 5, 8], [3, 2, 6, 10], [2, 3, 4], [8, 6, 4, 3], [4, 3, 2]]
    Config(key=[None, None, 9, 5, None], Q={0: [2, 4], 1: [1, 7], 4: [3, 8]}, L=[0, 6]) Python re-check: confirmed
== #52 K4.HALL.BTCYC: at a Pareto-maximal configuration without a valid owner that has an exposed frozen big-top agent, some exchange-cycle move through it (any admissible pairs; threat receivers may keep part of their pair) has a valid owner
BTCYC: HOLDS on the data; 0 cases tested, 19 skipped (hypothesis not met), 1 profiles; 0 counterexamples
== the per-start form: from each Pareto-maximal configuration without a valid owner, exchange-cycle moves and downgrade swaps reach one with a valid owner
REACH_EACH: HOLDS on the data; 1 cases tested, 18 skipped (hypothesis not met), 1 profiles; 0 counterexamples
== the per-start form without downgrade swaps
REACH_EACH_CYC: HOLDS on the data; 1 cases tested, 18 skipped (hypothesis not met), 1 profiles; 0 counterexamples
== #41 Conjecture Phi' (K4.C4MIN.PHI): every Phi'-maximum has a valid owner
PHI_PRIME: HOLDS on the data; 1 cases tested, 0 skipped (hypothesis not met), 1 profiles; 0 counterexamples
== #46 Lemma H7: at a Pareto-maximal configuration every threat on a frozen agent is global (G), owner at a chain end (G1) or local (L)
H7: HOLDS on the data; 12 cases tested, 7 skipped (hypothesis not met), 1 profiles; 0 counterexamples
[0 s]
