command: python3 k4/gap_bench.py --profile={"sets": [[0,2,5,6],[0,3,4,6],[1,2,4,6],[1,3,5,6]], "vals": [[2,6,3,10],[6,3,10,8],[8,6,10,3],[6,4,1,8]], "m": 7} --show=1
gap.c sha256 74e1fae22153b5b57fd39e906f7cae5807e646fb01caf9a576acefc76cade120
gap.c: in the gap True; f 2, omega 1, keys [[-1, -1, 4, 6], [-1, 4, -1, 6], [-1, 6, 4, -1], [6, -1, 4, -1]], 24 configurations, 23 with a valid owner
  C {"key": [-1, -1, 4, 6], "Q": [[1, 2], [0, 3], null, null], "L": [5], "phi": [0, 2, 19, -1], "po": 0, "own": [[1, []]], "thr": [[0, 2, 2]], "need": [[4, [1]], [6, [0]]]}
  C {"key": [-1, -1, 4, 6], "Q": [[1, 2], [0, 5], null, null], "L": [3], "phi": [0, 2, 17, -1], "po": 0, "own": [[1, []]], "thr": [[0, 2, 2], [0, 3, 0]], "need": [[4, [1]], [6, [0, 1]]]}
  C {"key": [-1, -1, 4, 6], "Q": [[2, 3], [0, 1], null, null], "L": [5], "phi": [0, 2, 17, -1], "po": 0, "own": [[0, []], [1, []]], "thr": [], "need": [[4, [1]], [6, [0, 1]]]}
  C {"key": [-1, -1, 4, 6], "Q": [[2, 3], [0, 5], null, null], "L": [1], "phi": [0, 2, 17, -2], "po": 1, "own": [[1, []]], "thr": [[0, 2, 2], [0, 3, 0]], "need": [[4, [1]], [6, [0, 1]]]}
  C {"key": [-1, -1, 4, 6], "Q": [[2, 5], [0, 1], null, null], "L": [3], "phi": [0, 2, 19, -1], "po": 0, "own": [[0, []]], "thr": [[1, 3, 0]], "need": [[4, [1]], [6, [0, 1]]]}
  C {"key": [-1, -1, 4, 6], "Q": [[2, 5], [0, 3], null, null], "L": [1], "phi": [0, 2, 21, -2], "po": 1, "own": [], "thr": [[0, 2, 2], [1, 3, 2]], "need": [[4, [1]], [6, [0]]]}
  C {"key": [-1, 4, -1, 6], "Q": [[0, 2], null, [1, 3], null], "L": [5], "phi": [0, 3, 19, -1], "po": 0, "own": [[0, []]], "thr": [[2, 3, 2]], "need": [[4, [2]], [6, [0]]]}
  C {"key": [-1, 4, -1, 6], "Q": [[0, 2], null, [1, 5], null], "L": [3], "phi": [0, 3, 19, -2], "po": 1, "own": [[0, []]], "thr": [[2, 3, 2]], "need": [[4, [2]], [6, [0]]]}
  C {"key": [-1, 4, -1, 6], "Q": [[2, 3], null, [0, 1], null], "L": [5], "phi": [0, 3, 18, -1], "po": 0, "own": [[0, []], [2, []]], "thr": [], "need": [[4, [2]], [6, [0]]]}
  C {"key": [-1, 4, -1, 6], "Q": [[2, 3], null, [1, 5], null], "L": [0], "phi": [0, 3, 18, -1], "po": 0, "own": [[0, []], [2, []]], "thr": [], "need": [[4, [2]], [6, [0]]]}
  C {"key": [-1, 4, -1, 6], "Q": [[2, 5], null, [0, 1], null], "L": [3], "phi": [0, 3, 20, -2], "po": 1, "own": [[0, []]], "thr": [[2, 3, 2]], "need": [[4, [2]], [6, [0]]]}
  C {"key": [-1, 4, -1, 6], "Q": [[2, 5], null, [1, 3], null], "L": [0], "phi": [0, 3, 20, -1], "po": 1, "own": [[0, []]], "thr": [[2, 3, 2]], "need": [[4, [2]], [6, [0]]]}
  C {"key": [-1, 6, 4, -1], "Q": [[0, 2], null, null, [1, 3]], "L": [5], "phi": [0, 2, 21, 0], "po": 0, "own": [[0, []], [3, []]], "thr": [], "need": [[4, [1]], [6, [0]]]}
  C {"key": [-1, 6, 4, -1], "Q": [[0, 2], null, null, [1, 5]], "L": [3], "phi": [0, 2, 18, -1], "po": 0, "own": [[3, []]], "thr": [[0, 1, 3]], "need": [[4, [1]], [6, [0, 3]]]}
  C {"key": [-1, 6, 4, -1], "Q": [[2, 3], null, null, [0, 1]], "L": [5], "phi": [0, 2, 16, 0], "po": 0, "own": [[0, []], [3, []]], "thr": [], "need": [[4, [1]], [6, [0, 3]]]}
  C {"key": [-1, 6, 4, -1], "Q": [[2, 3], null, null, [1, 5]], "L": [0], "phi": [0, 2, 17, -1], "po": 0, "own": [[3, []]], "thr": [[0, 1, 0]], "need": [[4, [1]], [6, [0, 3]]]}
  C {"key": [-1, 6, 4, -1], "Q": [[2, 5], null, null, [0, 1]], "L": [3], "phi": [0, 2, 18, -1], "po": 0, "own": [[0, []]], "thr": [[3, 1, 0]], "need": [[4, [1]], [6, [0, 3]]]}
  C {"key": [-1, 6, 4, -1], "Q": [[2, 5], null, null, [1, 3]], "L": [0], "phi": [0, 2, 22, -1], "po": 1, "own": [[0, []]], "thr": [[3, 1, 2]], "need": [[4, [1]], [6, [0]]]}
  C {"key": [6, -1, 4, -1], "Q": [null, [0, 2], null, [1, 3]], "L": [5], "phi": [0, 2, 22, -1], "po": 1, "own": [[1, []], [3, []]], "thr": [], "need": [[4, [1]], [6, [1]]]}
  C {"key": [6, -1, 4, -1], "Q": [null, [0, 2], null, [1, 5]], "L": [3], "phi": [0, 2, 19, 0], "po": 0, "own": [[1, []], [3, []]], "thr": [], "need": [[4, [1]], [6, [1, 3]]]}
  C {"key": [6, -1, 4, -1], "Q": [null, [0, 3], null, [1, 2]], "L": [5], "phi": [0, 2, 20, -1], "po": 0, "own": [[1, []]], "thr": [[3, 2, 2]], "need": [[4, [1]], [6, [3]]]}
  C {"key": [6, -1, 4, -1], "Q": [null, [0, 3], null, [1, 5]], "L": [2], "phi": [0, 2, 21, -2], "po": 1, "own": [[1, []]], "thr": [[3, 2, 2]], "need": [[4, [1]], [6, [3]]]}
  C {"key": [6, -1, 4, -1], "Q": [null, [0, 5], null, [1, 2]], "L": [3], "phi": [0, 2, 18, 0], "po": 0, "own": [[1, []]], "thr": [[3, 2, 2]], "need": [[4, [1]], [6, [1, 3]]]}
  C {"key": [6, -1, 4, -1], "Q": [null, [0, 5], null, [1, 3]], "L": [2], "phi": [0, 2, 22, -2], "po": 1, "own": [[1, []]], "thr": [[3, 2, 2]], "need": [[4, [1]], [6, [1]]]}
gap_model: in the gap True; f 2, omega 1, keys [(None, None, 4, 6), (None, 4, None, 6), (None, 6, 4, None), (6, None, 4, None)]
== #41 Conjecture Phi' (K4.C4MIN.PHI): every Phi'-maximum has a valid owner
PHI_PRIME: HOLDS on the data; 1 cases tested, 0 skipped (hypothesis not met), 1 profiles; 0 counterexamples
== #41 section 4, the first form Phi = (-t, r, Lambda) (known false at n = 4): every maximum has a valid owner
PHI_FIRST: HOLDS on the data; 2 cases tested, 0 skipped (hypothesis not met), 1 profiles; 0 counterexamples
== #41 section 4 (-U0): some Phi'-maximum has a valid owner with C empty (no withheld goods, no unfreezing)
MAX_SIMPLE: HOLDS on the data; 1 cases tested, 0 skipped (hypothesis not met), 1 profiles; 0 counterexamples
== roadmap (i), first half: every Phi'-maximum is pool-optimal
I_POOLOPT: HOLDS on the data; 1 cases tested, 0 skipped (hypothesis not met), 1 profiles; 0 counterexamples
== roadmap (i), second half: every Phi'-maximum has t = 0
I_T0: HOLDS on the data; 1 cases tested, 0 skipped (hypothesis not met), 1 profiles; 0 counterexamples
== (i) as a local lemma: a configuration without a valid owner that is not pool-optimal has a Phi'-raising pool or cycle move
I_POOL_LOCAL: HOLDS on the data; 0 cases tested, 24 skipped (hypothesis not met), 1 profiles; 0 counterexamples
== (i) as a local lemma: a configuration without a valid owner with t > 0 has a Phi'-raising pool or cycle move
I_T_LOCAL: HOLDS on the data; 0 cases tested, 24 skipped (hypothesis not met), 1 profiles; 0 counterexamples
== f = 1 roadmap, first bullet: in its setting (f = 1, x 3-good, no valid owner, pool-optimal, t = 0) every agent is threatened by at most one owner
SIGMA_INJ: HOLDS on the data; 0 cases tested, 24 skipped (hypothesis not met), 1 profiles; 0 counterexamples
== roadmap (ii): in that setting with x threatened, once no exchange-cycle move avoiding x raises Phi', some exchange-cycle move through x (best pairs or any pairs, e.g. the plain rotation) leaves t = 0
II_T0: HOLDS on the data; 0 cases tested, 24 skipped (hypothesis not met), 1 profiles; 0 counterexamples
== roadmap (ii) with (iii): in the same setting, some exchange-cycle move through x raises Phi'
II_PHI: HOLDS on the data; 0 cases tested, 24 skipped (hypothesis not met), 1 profiles; 0 counterexamples
== roadmap (iii): in that setting, the threat path into x has no free agent of kind (R)
III_NO_R: HOLDS on the data; 0 cases tested, 24 skipped (hypothesis not met), 1 profiles; 0 counterexamples
== roadmap (iv): at every Phi'-maximum each frozen agent is threatened by at most one owner
IV_MAX: HOLDS on the data; 1 cases tested, 0 skipped (hypothesis not met), 1 profiles; 0 counterexamples
== roadmap (iv) in the proof's setting: without a valid owner, pool-optimal, t = 0: a 4-good frozen agent is threatened by at most one owner
IV_SETTING: HOLDS on the data; 1 cases tested, 23 skipped (hypothesis not met), 1 profiles; 0 counterexamples
== #41 section 4, the local improvement lemma with pool moves and exchange-cycle moves (best pairs, every order of the receivers): every configuration without a valid owner has a Phi'-raising move
LOCAL: FAILS on the data; 1 cases tested, 23 skipped (hypothesis not met), 1 profiles; 1 counterexamples
  smallest: n=4 m=7 sets=[[0, 2, 5, 6], [0, 3, 4, 6], [1, 2, 4, 6], [1, 3, 5, 6]] values=[[2, 6, 3, 10], [6, 3, 10, 8], [8, 6, 10, 3], [6, 4, 1, 8]]
    Config(key=[None, None, 4, 6], Q={0: [2, 5], 1: [0, 3]}, L=[1]) Python re-check: confirmed
== the same with a larger catalogue: also cycle moves with any admissible pairs, and re-partitions of two free agents' pairs and the pool (contains #41's pool-assisted two-agent exchange)
LOCAL_EXT: FAILS on the data; 1 cases tested, 23 skipped (hypothesis not met), 1 profiles; 1 counterexamples
  smallest: n=4 m=7 sets=[[0, 2, 5, 6], [0, 3, 4, 6], [1, 2, 4, 6], [1, 3, 5, 6]] values=[[2, 6, 3, 10], [6, 3, 10, 8], [8, 6, 10, 3], [6, 4, 1, 8]]
    Config(key=[None, None, 4, 6], Q={0: [2, 5], 1: [0, 3]}, L=[1]) Python re-check: confirmed
== the same catalogue plus cycle moves followed by the pool closure (every free agent re-takes its best pair from the pool, repeatedly)
LOCAL_CLOSURE: FAILS on the data; 1 cases tested, 23 skipped (hypothesis not met), 1 profiles; 1 counterexamples
  smallest: n=4 m=7 sets=[[0, 2, 5, 6], [0, 3, 4, 6], [1, 2, 4, 6], [1, 3, 5, 6]] values=[[2, 6, 3, 10], [6, 3, 10, 8], [8, 6, 10, 3], [6, 4, 1, 8]]
    Config(key=[None, None, 4, 6], Q={0: [2, 5], 1: [0, 3]}, L=[1]) Python re-check: confirmed
== the same catalogue plus #52's downgrade swaps
LOCAL_ALL: HOLDS on the data; 1 cases tested, 23 skipped (hypothesis not met), 1 profiles; 0 counterexamples
== needed for any move catalogue that keeps the needed set (pool, cycle, two-agent moves, downgrade swaps): at every configuration without a valid owner some configuration with the same needed set has a larger Phi'
SAME_N: HOLDS on the data; 1 cases tested, 0 skipped (hypothesis not met), 1 profiles; 0 counterexamples
== #52 K4.HALL.BTCYC: at a Pareto-maximal configuration without a valid owner that has an exposed frozen big-top agent, some exchange-cycle move through it (any admissible pairs; threat receivers may keep part of their pair) has a valid owner
BTCYC: HOLDS on the data; 0 cases tested, 7 skipped (hypothesis not met), 1 profiles; 0 counterexamples
== the coordinator's question (b): from the Pareto-maximal configurations, exchange-cycle moves (any admissible pairs, receivers may keep part of their pair) and #52's downgrade swaps reach a configuration with a valid owner
REACH: HOLDS on the data; 1 cases tested, 0 skipped (hypothesis not met), 1 profiles; 0 counterexamples
== the same without downgrade swaps, on the profiles where no Pareto-maximal configuration has a valid owner
REACH_CYC: HOLDS on the data; 0 cases tested, 1 skipped (hypothesis not met), 1 profiles; 0 counterexamples
== the per-start form: from each Pareto-maximal configuration without a valid owner, exchange-cycle moves and downgrade swaps reach one with a valid owner
REACH_EACH: HOLDS on the data; 1 cases tested, 6 skipped (hypothesis not met), 1 profiles; 0 counterexamples
== the per-start form without downgrade swaps
REACH_EACH_CYC: FAILS on the data; 1 cases tested, 6 skipped (hypothesis not met), 1 profiles; 1 counterexamples
  smallest: n=4 m=7 sets=[[0, 2, 5, 6], [0, 3, 4, 6], [1, 2, 4, 6], [1, 3, 5, 6]] values=[[2, 6, 3, 10], [6, 3, 10, 8], [8, 6, 10, 3], [6, 4, 1, 8]]
    Config(key=[None, None, 4, 6], Q={0: [2, 5], 1: [0, 3]}, L=[1]) Python re-check: confirmed
== #46 K4.HALL.BT in configuration form: a Pareto-maximal configuration without a valid owner has a frozen big-top agent
BT: FAILS on the data; 1 cases tested, 6 skipped (hypothesis not met), 1 profiles; 1 counterexamples
  smallest: n=4 m=7 sets=[[0, 2, 5, 6], [0, 3, 4, 6], [1, 2, 4, 6], [1, 3, 5, 6]] values=[[2, 6, 3, 10], [6, 3, 10, 8], [8, 6, 10, 3], [6, 4, 1, 8]]
    Config(key=[None, None, 4, 6], Q={0: [2, 5], 1: [0, 3]}, L=[1]) Python re-check: confirmed
== #46 Lemma H7: at a Pareto-maximal configuration every threat on a frozen agent is global (G), owner at a chain end (G1) or local (L)
H7: HOLDS on the data; 6 cases tested, 1 skipped (hypothesis not met), 1 profiles; 0 counterexamples
[0 s]
