# gm4_run.py ../results/k4_certs_4_n4_2.json.gz --prog=gm4_fast
GM4S 1,6,4,8 2,7,8,4 3,2,4 3,4,2 | 32 16 2 8 | 5 # m=6 sets=[[0,2,3,5],[1,2,4,5],[1,4,5],[3,4,5]]
GM4S 2,7,4,10 2,7,8,4 3,2,4 3,4,2 | 32 16 2 8 | 5 # m=6 sets=[[0,2,3,5],[1,2,4,5],[1,4,5],[3,4,5]]
GM4S 1,6,4,8 3,6,7,5 3,2,4 3,4,2 | 32 16 2 8 | 5 # m=6 sets=[[0,2,3,5],[1,2,4,5],[1,4,5],[3,4,5]]
GM4S 2,7,4,10 3,6,7,5 3,2,4 3,4,2 | 32 16 2 8 | 5 # m=6 sets=[[0,2,3,5],[1,2,4,5],[1,4,5],[3,4,5]]
GM4S 1,6,4,8 3,6,8,4 3,2,4 3,4,2 | 32 16 2 8 | 5 # m=6 sets=[[0,2,3,5],[1,2,4,5],[1,4,5],[3,4,5]]
GM4S 2,7,4,10 3,6,8,4 3,2,4 3,4,2 | 32 16 2 8 | 5 # m=6 sets=[[0,2,3,5],[1,2,4,5],[1,4,5],[3,4,5]]
GM4S 1,6,4,8 3,8,10,4 3,2,4 3,4,2 | 32 16 2 8 | 5 # m=6 sets=[[0,2,3,5],[1,2,4,5],[1,4,5],[3,4,5]]
GM4S 2,7,4,10 3,8,10,4 3,2,4 3,4,2 | 32 16 2 8 | 5 # m=6 sets=[[0,2,3,5],[1,2,4,5],[1,4,5],[3,4,5]]
GM4S 1,6,4,8 3,8,10,6 3,2,4 3,4,2 | 32 16 2 8 | 5 # m=6 sets=[[0,2,3,5],[1,2,4,5],[1,4,5],[3,4,5]]
GM4S 2,7,4,10 3,8,10,6 3,2,4 3,4,2 | 32 16 2 8 | 5 # m=6 sets=[[0,2,3,5],[1,2,4,5],[1,4,5],[3,4,5]]
GM4S 1,6,4,8 4,5,8,2 3,2,4 3,4,2 | 32 16 2 8 | 5 # m=6 sets=[[0,2,3,5],[1,2,4,5],[1,4,5],[3,4,5]]
GM4S 2,7,4,10 4,5,8,2 3,2,4 3,4,2 | 32 16 2 8 | 5 # m=6 sets=[[0,2,3,5],[1,2,4,5],[1,4,5],[3,4,5]]
GM4S 1,6,4,8 4,6,8,1 3,2,4 3,4,2 | 32 16 2 8 | 5 # m=6 sets=[[0,2,3,5],[1,2,4,5],[1,4,5],[3,4,5]]
GM4S 2,7,4,10 4,6,8,1 3,2,4 3,4,2 | 32 16 2 8 | 5 # m=6 sets=[[0,2,3,5],[1,2,4,5],[1,4,5],[3,4,5]]
GM4S 1,6,4,8 4,6,8,3 3,2,4 3,4,2 | 32 16 2 8 | 5 # m=6 sets=[[0,2,3,5],[1,2,4,5],[1,4,5],[3,4,5]]
GM4S 2,7,4,10 4,6,8,3 3,2,4 3,4,2 | 32 16 2 8 | 5 # m=6 sets=[[0,2,3,5],[1,2,4,5],[1,4,5],[3,4,5]]
GM4S 1,6,4,8 4,6,8,5 3,2,4 3,4,2 | 32 16 2 8 | 5 # m=6 sets=[[0,2,3,5],[1,2,4,5],[1,4,5],[3,4,5]]
GM4S 2,7,4,10 4,6,8,5 3,2,4 3,4,2 | 32 16 2 8 | 5 # m=6 sets=[[0,2,3,5],[1,2,4,5],[1,4,5],[3,4,5]]
GM4S 1,6,4,8 4,7,8,2 3,2,4 3,4,2 | 32 16 2 8 | 5 # m=6 sets=[[0,2,3,5],[1,2,4,5],[1,4,5],[3,4,5]]
GM4S 2,7,4,10 4,7,8,2 3,2,4 3,4,2 | 32 16 2 8 | 5 # m=6 sets=[[0,2,3,5],[1,2,4,5],[1,4,5],[3,4,5]]
GM4S 1,6,4,8 4,7,10,2 3,2,4 3,4,2 | 32 16 2 8 | 5 # m=6 sets=[[0,2,3,5],[1,2,4,5],[1,4,5],[3,4,5]]
GM4S 2,7,4,10 4,7,10,2 3,2,4 3,4,2 | 32 16 2 8 | 5 # m=6 sets=[[0,2,3,5],[1,2,4,5],[1,4,5],[3,4,5]]
GM4S 1,6,4,8 4,8,10,3 3,2,4 3,4,2 | 32 16 2 8 | 5 # m=6 sets=[[0,2,3,5],[1,2,4,5],[1,4,5],[3,4,5]]
GM4S 2,7,4,10 4,8,10,3 3,2,4 3,4,2 | 32 16 2 8 | 5 # m=6 sets=[[0,2,3,5],[1,2,4,5],[1,4,5],[3,4,5]]
GM4S 1,6,4,8 5,6,7,3 3,2,4 3,4,2 | 32 16 2 8 | 5 # m=6 sets=[[0,2,3,5],[1,2,4,5],[1,4,5],[3,4,5]]
GM4S 2,7,4,10 5,6,7,3 3,2,4 3,4,2 | 32 16 2 8 | 5 # m=6 sets=[[0,2,3,5],[1,2,4,5],[1,4,5],[3,4,5]]
GM4S 1,6,4,8 5,6,8,4 3,2,4 3,4,2 | 32 16 2 8 | 5 # m=6 sets=[[0,2,3,5],[1,2,4,5],[1,4,5],[3,4,5]]
GM4S 2,7,4,10 5,6,8,4 3,2,4 3,4,2 | 32 16 2 8 | 5 # m=6 sets=[[0,2,3,5],[1,2,4,5],[1,4,5],[3,4,5]]
GM4S 1,6,4,8 6,7,10,2 3,2,4 3,4,2 | 32 16 2 8 | 5 # m=6 sets=[[0,2,3,5],[1,2,4,5],[1,4,5],[3,4,5]]
GM4S 2,7,4,10 6,7,10,2 3,2,4 3,4,2 | 32 16 2 8 | 5 # m=6 sets=[[0,2,3,5],[1,2,4,5],[1,4,5],[3,4,5]]
GM4S 1,6,4,8 6,8,10,3 3,2,4 3,4,2 | 32 16 2 8 | 5 # m=6 sets=[[0,2,3,5],[1,2,4,5],[1,4,5],[3,4,5]]
GM4S 2,7,4,10 6,8,10,3 3,2,4 3,4,2 | 32 16 2 8 | 5 # m=6 sets=[[0,2,3,5],[1,2,4,5],[1,4,5],[3,4,5]]
GM4S 2,7,10,4 8,4,5,2 4,2,3 3,4,2 | 16 2 32 8 | 5 # m=6 sets=[[0,2,4,5],[1,2,3,5],[1,4,5],[3,4,5]]
GM4S 2,7,10,4 10,6,7,2 4,2,3 3,4,2 | 16 2 32 8 | 5 # m=6 sets=[[0,2,4,5],[1,2,3,5],[1,4,5],[3,4,5]]
GM4S 2,7,10,4 5,4,8,2 3,4,2 4,2,3 | 16 8 2 32 | 5 # m=6 sets=[[0,2,4,5],[1,2,3,5],[1,4,5],[3,4,5]]
GM4S 2,7,10,4 7,6,10,2 3,4,2 4,2,3 | 16 8 2 32 | 5 # m=6 sets=[[0,2,4,5],[1,2,3,5],[1,4,5],[3,4,5]]
GM4S 1,6,4,8 4,5,8,2 3,2,4 4,3,2 | 32 8 2 16 | 5 # m=6 sets=[[0,2,4,5],[1,2,3,4],[1,3,5],[3,4,5]]
GM4S 2,7,4,10 4,5,8,2 3,2,4 4,3,2 | 32 8 2 16 | 5 # m=6 sets=[[0,2,4,5],[1,2,3,4],[1,3,5],[3,4,5]]
GM4S 1,6,4,8 4,6,8,1 3,2,4 4,3,2 | 32 8 2 16 | 5 # m=6 sets=[[0,2,4,5],[1,2,3,4],[1,3,5],[3,4,5]]
GM4S 2,7,4,10 4,6,8,1 3,2,4 4,3,2 | 32 8 2 16 | 5 # m=6 sets=[[0,2,4,5],[1,2,3,4],[1,3,5],[3,4,5]]
GM4S 1,6,4,8 4,7,10,2 3,2,4 4,3,2 | 32 8 2 16 | 5 # m=6 sets=[[0,2,4,5],[1,2,3,4],[1,3,5],[3,4,5]]
GM4S 2,7,4,10 4,7,10,2 3,2,4 4,3,2 | 32 8 2 16 | 5 # m=6 sets=[[0,2,4,5],[1,2,3,4],[1,3,5],[3,4,5]]
GM4S 2,7,4,10 5,4,8,2 3,2,4 4,3,2 | 32 8 2 16 | 5 # m=6 sets=[[0,2,4,5],[1,2,3,4],[1,3,5],[3,4,5]]
GM4S 1,6,4,8 6,7,10,2 3,2,4 4,3,2 | 32 8 2 16 | 5 # m=6 sets=[[0,2,4,5],[1,2,3,4],[1,3,5],[3,4,5]]
GM4S 2,7,4,10 6,7,10,2 3,2,4 4,3,2 | 32 8 2 16 | 5 # m=6 sets=[[0,2,4,5],[1,2,3,4],[1,3,5],[3,4,5]]
GM4S 2,7,4,10 7,6,10,2 3,2,4 4,3,2 | 32 8 2 16 | 5 # m=6 sets=[[0,2,4,5],[1,2,3,4],[1,3,5],[3,4,5]]
GM4S 4,1,6,8 3,2,4 4,1,6,8 3,4,2 | 16 1 32 2 | 12 # m=6 sets=[[0,2,3,4],[0,4,5],[1,2,3,5],[1,4,5]]
GM4S 4,2,7,10 3,2,4 4,1,6,8 3,4,2 | 16 1 32 2 | 12 # m=6 sets=[[0,2,3,4],[0,4,5],[1,2,3,5],[1,4,5]]
GM4S 4,1,6,8 3,2,4 4,2,7,10 3,4,2 | 16 1 32 2 | 12 # m=6 sets=[[0,2,3,4],[0,4,5],[1,2,3,5],[1,4,5]]
GM4S 4,2,7,10 3,2,4 4,2,7,10 3,4,2 | 16 1 32 2 | 12 # m=6 sets=[[0,2,3,4],[0,4,5],[1,2,3,5],[1,4,5]]
GM4S 4,6,1,8 3,2,4 4,6,1,8 3,4,2 | 16 1 32 2 | 12 # m=6 sets=[[0,2,3,4],[0,4,5],[1,2,3,5],[1,4,5]]
GM4S 4,7,2,10 3,2,4 4,6,1,8 3,4,2 | 16 1 32 2 | 12 # m=6 sets=[[0,2,3,4],[0,4,5],[1,2,3,5],[1,4,5]]
GM4S 4,6,1,8 3,2,4 4,7,2,10 3,4,2 | 16 1 32 2 | 12 # m=6 sets=[[0,2,3,4],[0,4,5],[1,2,3,5],[1,4,5]]
GM4S 4,7,2,10 3,2,4 4,7,2,10 3,4,2 | 16 1 32 2 | 12 # m=6 sets=[[0,2,3,4],[0,4,5],[1,2,3,5],[1,4,5]]
GMFAIL 3,8,4,2 3,4,8,2 4,2,3 2,4,3 | 17 10 4 32 | 64 # m=7 sets=[[0,2,4,6],[1,3,5,6],[2,3,6],[4,5,6]]
GMFAIL 3,10,6,2 3,4,8,2 4,2,3 2,4,3 | 17 10 4 32 | 64 # m=7 sets=[[0,2,4,6],[1,3,5,6],[2,3,6],[4,5,6]]
GMFAIL 3,8,4,2 3,6,10,2 4,2,3 2,4,3 | 17 10 4 32 | 64 # m=7 sets=[[0,2,4,6],[1,3,5,6],[2,3,6],[4,5,6]]
GMFAIL 3,10,6,2 3,6,10,2 4,2,3 2,4,3 | 17 10 4 32 | 64 # m=7 sets=[[0,2,4,6],[1,3,5,6],[2,3,6],[4,5,6]]
GMFAIL 3,4,8,2 3,8,4,2 2,4,3 4,2,3 | 5 34 8 16 | 64 # m=7 sets=[[0,2,4,6],[1,3,5,6],[2,3,6],[4,5,6]]
GMFAIL 3,6,10,2 3,8,4,2 2,4,3 4,2,3 | 5 34 8 16 | 64 # m=7 sets=[[0,2,4,6],[1,3,5,6],[2,3,6],[4,5,6]]
GMFAIL 3,4,8,2 3,10,6,2 2,4,3 4,2,3 | 5 34 8 16 | 64 # m=7 sets=[[0,2,4,6],[1,3,5,6],[2,3,6],[4,5,6]]
GMFAIL 3,6,10,2 3,10,6,2 2,4,3 4,2,3 | 5 34 8 16 | 64 # m=7 sets=[[0,2,4,6],[1,3,5,6],[2,3,6],[4,5,6]]
GMFAIL 1,8,6,4 3,4,8,2 4,2,3 2,4,3 | 17 10 4 32 | 64 # m=7 sets=[[0,2,4,5],[1,3,5,6],[2,3,6],[4,5,6]]
GMFAIL 2,8,5,4 3,4,8,2 4,2,3 2,4,3 | 17 10 4 32 | 64 # m=7 sets=[[0,2,4,5],[1,3,5,6],[2,3,6],[4,5,6]]
GMFAIL 2,10,7,4 3,4,8,2 4,2,3 2,4,3 | 17 10 4 32 | 64 # m=7 sets=[[0,2,4,5],[1,3,5,6],[2,3,6],[4,5,6]]
GMFAIL 2,10,7,6 3,4,8,2 4,2,3 2,4,3 | 17 10 4 32 | 64 # m=7 sets=[[0,2,4,5],[1,3,5,6],[2,3,6],[4,5,6]]
GMFAIL 3,8,4,2 3,4,8,2 4,2,3 2,4,3 | 17 10 4 32 | 64 # m=7 sets=[[0,2,4,5],[1,3,5,6],[2,3,6],[4,5,6]]
GMFAIL 3,8,4,6 3,4,8,2 4,2,3 2,4,3 | 17 10 4 32 | 64 # m=7 sets=[[0,2,4,5],[1,3,5,6],[2,3,6],[4,5,6]]
GMFAIL 3,10,6,2 3,4,8,2 4,2,3 2,4,3 | 17 10 4 32 | 64 # m=7 sets=[[0,2,4,5],[1,3,5,6],[2,3,6],[4,5,6]]
GMFAIL 3,10,6,8 3,4,8,2 4,2,3 2,4,3 | 17 10 4 32 | 64 # m=7 sets=[[0,2,4,5],[1,3,5,6],[2,3,6],[4,5,6]]
GMFAIL 4,8,3,6 3,4,8,2 4,2,3 2,4,3 | 17 10 4 32 | 64 # m=7 sets=[[0,2,4,5],[1,3,5,6],[2,3,6],[4,5,6]]
GMFAIL 6,10,3,8 3,4,8,2 4,2,3 2,4,3 | 17 10 4 32 | 64 # m=7 sets=[[0,2,4,5],[1,3,5,6],[2,3,6],[4,5,6]]
GMFAIL 1,8,6,4 3,6,10,2 4,2,3 2,4,3 | 17 10 4 32 | 64 # m=7 sets=[[0,2,4,5],[1,3,5,6],[2,3,6],[4,5,6]]
GMFAIL 2,8,5,4 3,6,10,2 4,2,3 2,4,3 | 17 10 4 32 | 64 # m=7 sets=[[0,2,4,5],[1,3,5,6],[2,3,6],[4,5,6]]
GMFAIL 2,10,7,4 3,6,10,2 4,2,3 2,4,3 | 17 10 4 32 | 64 # m=7 sets=[[0,2,4,5],[1,3,5,6],[2,3,6],[4,5,6]]
GMFAIL 2,10,7,6 3,6,10,2 4,2,3 2,4,3 | 17 10 4 32 | 64 # m=7 sets=[[0,2,4,5],[1,3,5,6],[2,3,6],[4,5,6]]
GMFAIL 3,8,4,2 3,6,10,2 4,2,3 2,4,3 | 17 10 4 32 | 64 # m=7 sets=[[0,2,4,5],[1,3,5,6],[2,3,6],[4,5,6]]
GMFAIL 3,8,4,6 3,6,10,2 4,2,3 2,4,3 | 17 10 4 32 | 64 # m=7 sets=[[0,2,4,5],[1,3,5,6],[2,3,6],[4,5,6]]
GMFAIL 3,10,6,2 3,6,10,2 4,2,3 2,4,3 | 17 10 4 32 | 64 # m=7 sets=[[0,2,4,5],[1,3,5,6],[2,3,6],[4,5,6]]
GMFAIL 3,10,6,8 3,6,10,2 4,2,3 2,4,3 | 17 10 4 32 | 64 # m=7 sets=[[0,2,4,5],[1,3,5,6],[2,3,6],[4,5,6]]
GMFAIL 4,8,3,6 3,6,10,2 4,2,3 2,4,3 | 17 10 4 32 | 64 # m=7 sets=[[0,2,4,5],[1,3,5,6],[2,3,6],[4,5,6]]
GMFAIL 6,10,3,8 3,6,10,2 4,2,3 2,4,3 | 17 10 4 32 | 64 # m=7 sets=[[0,2,4,5],[1,3,5,6],[2,3,6],[4,5,6]]
GM4S 1,6,4,8 1,6,8,4 3,2,4 3,2,4 | 32 10 64 16 | 5 # m=7 sets=[[0,2,4,5],[1,3,5,6],[2,3,6],[4,5,6]]
GM4S 2,7,4,10 1,6,8,4 3,2,4 3,2,4 | 32 10 64 16 | 5 # m=7 sets=[[0,2,4,5],[1,3,5,6],[2,3,6],[4,5,6]]
GM4S 1,6,4,8 2,5,8,4 3,2,4 3,2,4 | 32 10 64 16 | 5 # m=7 sets=[[0,2,4,5],[1,3,5,6],[2,3,6],[4,5,6]]
GM4S 2,7,4,10 2,5,8,4 3,2,4 3,2,4 | 32 10 64 16 | 5 # m=7 sets=[[0,2,4,5],[1,3,5,6],[2,3,6],[4,5,6]]
GM4S 1,6,4,8 2,7,10,4 3,2,4 3,2,4 | 32 10 64 16 | 5 # m=7 sets=[[0,2,4,5],[1,3,5,6],[2,3,6],[4,5,6]]
GM4S 2,7,4,10 2,7,10,4 3,2,4 3,2,4 | 32 10 64 16 | 5 # m=7 sets=[[0,2,4,5],[1,3,5,6],[2,3,6],[4,5,6]]
GM4S 1,6,4,8 2,7,10,6 3,2,4 3,2,4 | 32 10 64 16 | 5 # m=7 sets=[[0,2,4,5],[1,3,5,6],[2,3,6],[4,5,6]]
GM4S 2,7,4,10 2,7,10,6 3,2,4 3,2,4 | 32 10 64 16 | 5 # m=7 sets=[[0,2,4,5],[1,3,5,6],[2,3,6],[4,5,6]]
GM4S 1,6,4,8 3,4,8,2 3,2,4 3,2,4 | 32 10 64 16 | 5 # m=7 sets=[[0,2,4,5],[1,3,5,6],[2,3,6],[4,5,6]]
GM4S 2,7,4,10 3,4,8,2 3,2,4 3,2,4 | 32 10 64 16 | 5 # m=7 sets=[[0,2,4,5],[1,3,5,6],[2,3,6],[4,5,6]]
GM4S 1,6,4,8 3,4,8,6 3,2,4 3,2,4 | 32 10 64 16 | 5 # m=7 sets=[[0,2,4,5],[1,3,5,6],[2,3,6],[4,5,6]]
GM4S 2,7,4,10 3,4,8,6 3,2,4 3,2,4 | 32 10 64 16 | 5 # m=7 sets=[[0,2,4,5],[1,3,5,6],[2,3,6],[4,5,6]]
GM4S 1,6,4,8 3,6,10,2 3,2,4 3,2,4 | 32 10 64 16 | 5 # m=7 sets=[[0,2,4,5],[1,3,5,6],[2,3,6],[4,5,6]]
GM4S 2,7,4,10 3,6,10,2 3,2,4 3,2,4 | 32 10 64 16 | 5 # m=7 sets=[[0,2,4,5],[1,3,5,6],[2,3,6],[4,5,6]]
GM4S 1,6,4,8 3,6,10,8 3,2,4 3,2,4 | 32 10 64 16 | 5 # m=7 sets=[[0,2,4,5],[1,3,5,6],[2,3,6],[4,5,6]]
GM4S 2,7,4,10 3,6,10,8 3,2,4 3,2,4 | 32 10 64 16 | 5 # m=7 sets=[[0,2,4,5],[1,3,5,6],[2,3,6],[4,5,6]]
GM4S 1,6,4,8 4,3,8,6 3,2,4 3,2,4 | 32 10 64 16 | 5 # m=7 sets=[[0,2,4,5],[1,3,5,6],[2,3,6],[4,5,6]]
GM4S 2,7,4,10 4,3,8,6 3,2,4 3,2,4 | 32 10 64 16 | 5 # m=7 sets=[[0,2,4,5],[1,3,5,6],[2,3,6],[4,5,6]]
GM4S 1,6,4,8 6,3,10,8 3,2,4 3,2,4 | 32 10 64 16 | 5 # m=7 sets=[[0,2,4,5],[1,3,5,6],[2,3,6],[4,5,6]]
GM4S 2,7,4,10 6,3,10,8 3,2,4 3,2,4 | 32 10 64 16 | 5 # m=7 sets=[[0,2,4,5],[1,3,5,6],[2,3,6],[4,5,6]]
GM4S 1,4,6,8 1,4,6,8 3,2,4 3,4,2 | 32 64 4 8 | 19 # m=7 sets=[[0,2,4,5],[1,3,4,6],[2,5,6],[3,5,6]]
GM4S 2,3,6,10 1,4,6,8 3,2,4 3,4,2 | 32 64 4 8 | 19 # m=7 sets=[[0,2,4,5],[1,3,4,6],[2,5,6],[3,5,6]]
GM4S 2,4,7,10 1,4,6,8 3,2,4 3,4,2 | 32 64 4 8 | 19 # m=7 sets=[[0,2,4,5],[1,3,4,6],[2,5,6],[3,5,6]]
GM4S 3,2,6,10 1,4,6,8 3,2,4 3,4,2 | 32 64 4 8 | 19 # m=7 sets=[[0,2,4,5],[1,3,4,6],[2,5,6],[3,5,6]]
GM4S 2,3,4,8 2,3,4,8 3,2,4 3,4,2 | 32 64 4 8 | 19 # m=7 sets=[[0,2,4,5],[1,3,4,6],[2,5,6],[3,5,6]]
GM4S 2,3,6,10 2,3,4,8 3,2,4 3,4,2 | 32 64 4 8 | 19 # m=7 sets=[[0,2,4,5],[1,3,4,6],[2,5,6],[3,5,6]]
GM4S 3,2,4,8 2,3,4,8 3,2,4 3,4,2 | 32 64 4 8 | 19 # m=7 sets=[[0,2,4,5],[1,3,4,6],[2,5,6],[3,5,6]]
GM4S 3,2,6,10 2,3,4,8 3,2,4 3,4,2 | 32 64 4 8 | 19 # m=7 sets=[[0,2,4,5],[1,3,4,6],[2,5,6],[3,5,6]]
GM4S 1,4,6,8 2,3,6,10 3,2,4 3,4,2 | 32 64 4 8 | 19 # m=7 sets=[[0,2,4,5],[1,3,4,6],[2,5,6],[3,5,6]]
GM4S 2,3,4,8 2,3,6,10 3,2,4 3,4,2 | 32 64 4 8 | 19 # m=7 sets=[[0,2,4,5],[1,3,4,6],[2,5,6],[3,5,6]]
GM4S 2,3,6,10 2,3,6,10 3,2,4 3,4,2 | 32 64 4 8 | 19 # m=7 sets=[[0,2,4,5],[1,3,4,6],[2,5,6],[3,5,6]]
GM4S 2,4,7,10 2,3,6,10 3,2,4 3,4,2 | 32 64 4 8 | 19 # m=7 sets=[[0,2,4,5],[1,3,4,6],[2,5,6],[3,5,6]]
GM4S 3,2,4,8 2,3,6,10 3,2,4 3,4,2 | 32 64 4 8 | 19 # m=7 sets=[[0,2,4,5],[1,3,4,6],[2,5,6],[3,5,6]]
GM4S 3,2,6,10 2,3,6,10 3,2,4 3,4,2 | 32 64 4 8 | 19 # m=7 sets=[[0,2,4,5],[1,3,4,6],[2,5,6],[3,5,6]]
GM4S 1,4,6,8 2,4,7,10 3,2,4 3,4,2 | 32 64 4 8 | 19 # m=7 sets=[[0,2,4,5],[1,3,4,6],[2,5,6],[3,5,6]]
GM4S 2,3,6,10 2,4,7,10 3,2,4 3,4,2 | 32 64 4 8 | 19 # m=7 sets=[[0,2,4,5],[1,3,4,6],[2,5,6],[3,5,6]]
GM4S 2,4,7,10 2,4,7,10 3,2,4 3,4,2 | 32 64 4 8 | 19 # m=7 sets=[[0,2,4,5],[1,3,4,6],[2,5,6],[3,5,6]]
GM4S 3,2,6,10 2,4,7,10 3,2,4 3,4,2 | 32 64 4 8 | 19 # m=7 sets=[[0,2,4,5],[1,3,4,6],[2,5,6],[3,5,6]]
GM4S 2,3,4,8 3,2,4,8 3,2,4 3,4,2 | 32 64 4 8 | 19 # m=7 sets=[[0,2,4,5],[1,3,4,6],[2,5,6],[3,5,6]]
GM4S 2,3,6,10 3,2,4,8 3,2,4 3,4,2 | 32 64 4 8 | 19 # m=7 sets=[[0,2,4,5],[1,3,4,6],[2,5,6],[3,5,6]]
GM4S 3,2,4,8 3,2,4,8 3,2,4 3,4,2 | 32 64 4 8 | 19 # m=7 sets=[[0,2,4,5],[1,3,4,6],[2,5,6],[3,5,6]]
GM4S 3,2,6,10 3,2,4,8 3,2,4 3,4,2 | 32 64 4 8 | 19 # m=7 sets=[[0,2,4,5],[1,3,4,6],[2,5,6],[3,5,6]]
GM4S 1,4,6,8 3,2,6,10 3,2,4 3,4,2 | 32 64 4 8 | 19 # m=7 sets=[[0,2,4,5],[1,3,4,6],[2,5,6],[3,5,6]]
GM4S 2,3,4,8 3,2,6,10 3,2,4 3,4,2 | 32 64 4 8 | 19 # m=7 sets=[[0,2,4,5],[1,3,4,6],[2,5,6],[3,5,6]]
GM4S 2,3,6,10 3,2,6,10 3,2,4 3,4,2 | 32 64 4 8 | 19 # m=7 sets=[[0,2,4,5],[1,3,4,6],[2,5,6],[3,5,6]]
GM4S 2,4,7,10 3,2,6,10 3,2,4 3,4,2 | 32 64 4 8 | 19 # m=7 sets=[[0,2,4,5],[1,3,4,6],[2,5,6],[3,5,6]]
GM4S 3,2,4,8 3,2,6,10 3,2,4 3,4,2 | 32 64 4 8 | 19 # m=7 sets=[[0,2,4,5],[1,3,4,6],[2,5,6],[3,5,6]]
GM4S 3,2,6,10 3,2,6,10 3,2,4 3,4,2 | 32 64 4 8 | 19 # m=7 sets=[[0,2,4,5],[1,3,4,6],[2,5,6],[3,5,6]]
GM4S 1,8,4,6 3,4,2,8 4,3,2 2,3,4 | 4 18 8 64 | 33 # m=7 sets=[[0,2,4,5],[1,4,5,6],[2,3,6],[3,5,6]]
GM4S 2,10,4,7 3,4,2,8 4,3,2 2,3,4 | 4 18 8 64 | 33 # m=7 sets=[[0,2,4,5],[1,4,5,6],[2,3,6],[3,5,6]]
GM4S 1,8,4,6 3,6,2,10 4,3,2 2,3,4 | 4 18 8 64 | 33 # m=7 sets=[[0,2,4,5],[1,4,5,6],[2,3,6],[3,5,6]]
GM4S 2,10,4,7 3,6,2,10 4,3,2 2,3,4 | 4 18 8 64 | 33 # m=7 sets=[[0,2,4,5],[1,4,5,6],[2,3,6],[3,5,6]]
GM4S 1,6,4,8 1,6,4,8 3,2,4 3,4,2 | 32 18 64 8 | 5 # m=7 sets=[[0,2,4,5],[1,4,5,6],[2,3,6],[3,5,6]]
GM4S 2,6,3,10 1,6,4,8 3,2,4 3,4,2 | 32 18 64 8 | 5 # m=7 sets=[[0,2,4,5],[1,4,5,6],[2,3,6],[3,5,6]]
GM4S 2,7,4,10 1,6,4,8 3,2,4 3,4,2 | 32 18 64 8 | 5 # m=7 sets=[[0,2,4,5],[1,4,5,6],[2,3,6],[3,5,6]]
GM4S 3,6,2,10 1,6,4,8 3,2,4 3,4,2 | 32 18 64 8 | 5 # m=7 sets=[[0,2,4,5],[1,4,5,6],[2,3,6],[3,5,6]]
GM4S 1,6,4,8 2,5,4,8 3,2,4 3,4,2 | 32 18 64 8 | 5 # m=7 sets=[[0,2,4,5],[1,4,5,6],[2,3,6],[3,5,6]]
GM4S 2,6,3,10 2,5,4,8 3,2,4 3,4,2 | 32 18 64 8 | 5 # m=7 sets=[[0,2,4,5],[1,4,5,6],[2,3,6],[3,5,6]]
GM4S 2,7,4,10 2,5,4,8 3,2,4 3,4,2 | 32 18 64 8 | 5 # m=7 sets=[[0,2,4,5],[1,4,5,6],[2,3,6],[3,5,6]]
GM4S 3,6,2,10 2,5,4,8 3,2,4 3,4,2 | 32 18 64 8 | 5 # m=7 sets=[[0,2,4,5],[1,4,5,6],[2,3,6],[3,5,6]]
GM4S 1,6,4,8 2,7,4,10 3,2,4 3,4,2 | 32 18 64 8 | 5 # m=7 sets=[[0,2,4,5],[1,4,5,6],[2,3,6],[3,5,6]]
GM4S 2,6,3,10 2,7,4,10 3,2,4 3,4,2 | 32 18 64 8 | 5 # m=7 sets=[[0,2,4,5],[1,4,5,6],[2,3,6],[3,5,6]]
GM4S 2,7,4,10 2,7,4,10 3,2,4 3,4,2 | 32 18 64 8 | 5 # m=7 sets=[[0,2,4,5],[1,4,5,6],[2,3,6],[3,5,6]]
GM4S 3,6,2,10 2,7,4,10 3,2,4 3,4,2 | 32 18 64 8 | 5 # m=7 sets=[[0,2,4,5],[1,4,5,6],[2,3,6],[3,5,6]]
GM4S 1,6,4,8 2,7,6,10 3,2,4 3,4,2 | 32 18 64 8 | 5 # m=7 sets=[[0,2,4,5],[1,4,5,6],[2,3,6],[3,5,6]]
GM4S 2,6,3,10 2,7,6,10 3,2,4 3,4,2 | 32 18 64 8 | 5 # m=7 sets=[[0,2,4,5],[1,4,5,6],[2,3,6],[3,5,6]]
GM4S 2,7,4,10 2,7,6,10 3,2,4 3,4,2 | 32 18 64 8 | 5 # m=7 sets=[[0,2,4,5],[1,4,5,6],[2,3,6],[3,5,6]]
GM4S 3,6,2,10 2,7,6,10 3,2,4 3,4,2 | 32 18 64 8 | 5 # m=7 sets=[[0,2,4,5],[1,4,5,6],[2,3,6],[3,5,6]]
GM4S 1,6,4,8 3,4,2,8 3,2,4 3,4,2 | 32 18 64 8 | 5 # m=7 sets=[[0,2,4,5],[1,4,5,6],[2,3,6],[3,5,6]]
GM4S 2,6,3,10 3,4,2,8 3,2,4 3,4,2 | 32 18 64 8 | 5 # m=7 sets=[[0,2,4,5],[1,4,5,6],[2,3,6],[3,5,6]]
GM4S 2,7,4,10 3,4,2,8 3,2,4 3,4,2 | 32 18 64 8 | 5 # m=7 sets=[[0,2,4,5],[1,4,5,6],[2,3,6],[3,5,6]]
GM4S 3,6,2,10 3,4,2,8 3,2,4 3,4,2 | 32 18 64 8 | 5 # m=7 sets=[[0,2,4,5],[1,4,5,6],[2,3,6],[3,5,6]]
GM4S 2,6,3,10 3,4,6,8 3,2,4 3,4,2 | 32 18 64 8 | 5 # m=7 sets=[[0,2,4,5],[1,4,5,6],[2,3,6],[3,5,6]]
GM4S 3,6,2,10 3,4,6,8 3,2,4 3,4,2 | 32 18 64 8 | 5 # m=7 sets=[[0,2,4,5],[1,4,5,6],[2,3,6],[3,5,6]]
GM4S 1,6,4,8 3,6,2,10 3,2,4 3,4,2 | 32 18 64 8 | 5 # m=7 sets=[[0,2,4,5],[1,4,5,6],[2,3,6],[3,5,6]]
GM4S 2,6,3,10 3,6,2,10 3,2,4 3,4,2 | 32 18 64 8 | 5 # m=7 sets=[[0,2,4,5],[1,4,5,6],[2,3,6],[3,5,6]]
GM4S 2,7,4,10 3,6,2,10 3,2,4 3,4,2 | 32 18 64 8 | 5 # m=7 sets=[[0,2,4,5],[1,4,5,6],[2,3,6],[3,5,6]]
GM4S 3,6,2,10 3,6,2,10 3,2,4 3,4,2 | 32 18 64 8 | 5 # m=7 sets=[[0,2,4,5],[1,4,5,6],[2,3,6],[3,5,6]]
GM4S 2,6,3,10 3,6,8,10 3,2,4 3,4,2 | 32 18 64 8 | 5 # m=7 sets=[[0,2,4,5],[1,4,5,6],[2,3,6],[3,5,6]]
GM4S 3,6,2,10 3,6,8,10 3,2,4 3,4,2 | 32 18 64 8 | 5 # m=7 sets=[[0,2,4,5],[1,4,5,6],[2,3,6],[3,5,6]]
GM4S 2,6,3,10 4,3,6,8 3,2,4 3,4,2 | 32 18 64 8 | 5 # m=7 sets=[[0,2,4,5],[1,4,5,6],[2,3,6],[3,5,6]]
GM4S 3,6,2,10 4,3,6,8 3,2,4 3,4,2 | 32 18 64 8 | 5 # m=7 sets=[[0,2,4,5],[1,4,5,6],[2,3,6],[3,5,6]]
GM4S 2,6,3,10 6,3,8,10 3,2,4 3,4,2 | 32 18 64 8 | 5 # m=7 sets=[[0,2,4,5],[1,4,5,6],[2,3,6],[3,5,6]]
GM4S 3,6,2,10 6,3,8,10 3,2,4 3,4,2 | 32 18 64 8 | 5 # m=7 sets=[[0,2,4,5],[1,4,5,6],[2,3,6],[3,5,6]]
GMFAIL 1,6,4,8 1,6,8,4 2,3,4 3,2,4 | 5 18 32 64 | 8 # m=7 sets=[[0,2,5,6],[1,4,5,6],[2,3,5],[3,4,6]]
GMFAIL 2,5,4,8 1,6,8,4 2,3,4 3,2,4 | 5 18 32 64 | 8 # m=7 sets=[[0,2,5,6],[1,4,5,6],[2,3,5],[3,4,6]]
GMFAIL 2,7,4,10 1,6,8,4 2,3,4 3,2,4 | 5 18 32 64 | 8 # m=7 sets=[[0,2,5,6],[1,4,5,6],[2,3,5],[3,4,6]]
GMFAIL 2,7,6,10 1,6,8,4 2,3,4 3,2,4 | 5 18 32 64 | 8 # m=7 sets=[[0,2,5,6],[1,4,5,6],[2,3,5],[3,4,6]]
GMFAIL 3,4,2,8 1,6,8,4 2,3,4 3,2,4 | 5 18 32 64 | 8 # m=7 sets=[[0,2,5,6],[1,4,5,6],[2,3,5],[3,4,6]]
GMFAIL 3,4,6,8 1,6,8,4 2,3,4 3,2,4 | 5 18 32 64 | 8 # m=7 sets=[[0,2,5,6],[1,4,5,6],[2,3,5],[3,4,6]]
GMFAIL 3,6,2,10 1,6,8,4 2,3,4 3,2,4 | 5 18 32 64 | 8 # m=7 sets=[[0,2,5,6],[1,4,5,6],[2,3,5],[3,4,6]]
GMFAIL 3,6,8,10 1,6,8,4 2,3,4 3,2,4 | 5 18 32 64 | 8 # m=7 sets=[[0,2,5,6],[1,4,5,6],[2,3,5],[3,4,6]]
GMFAIL 4,3,6,8 1,6,8,4 2,3,4 3,2,4 | 5 18 32 64 | 8 # m=7 sets=[[0,2,5,6],[1,4,5,6],[2,3,5],[3,4,6]]
GMFAIL 6,3,8,10 1,6,8,4 2,3,4 3,2,4 | 5 18 32 64 | 8 # m=7 sets=[[0,2,5,6],[1,4,5,6],[2,3,5],[3,4,6]]
GMFAIL 1,6,4,8 2,5,8,4 2,3,4 3,2,4 | 5 18 32 64 | 8 # m=7 sets=[[0,2,5,6],[1,4,5,6],[2,3,5],[3,4,6]]
GMFAIL 2,5,4,8 2,5,8,4 2,3,4 3,2,4 | 5 18 32 64 | 8 # m=7 sets=[[0,2,5,6],[1,4,5,6],[2,3,5],[3,4,6]]
GMFAIL 2,7,4,10 2,5,8,4 2,3,4 3,2,4 | 5 18 32 64 | 8 # m=7 sets=[[0,2,5,6],[1,4,5,6],[2,3,5],[3,4,6]]
GMFAIL 2,7,6,10 2,5,8,4 2,3,4 3,2,4 | 5 18 32 64 | 8 # m=7 sets=[[0,2,5,6],[1,4,5,6],[2,3,5],[3,4,6]]
GMFAIL 3,4,2,8 2,5,8,4 2,3,4 3,2,4 | 5 18 32 64 | 8 # m=7 sets=[[0,2,5,6],[1,4,5,6],[2,3,5],[3,4,6]]
GMFAIL 3,4,6,8 2,5,8,4 2,3,4 3,2,4 | 5 18 32 64 | 8 # m=7 sets=[[0,2,5,6],[1,4,5,6],[2,3,5],[3,4,6]]
GMFAIL 3,6,2,10 2,5,8,4 2,3,4 3,2,4 | 5 18 32 64 | 8 # m=7 sets=[[0,2,5,6],[1,4,5,6],[2,3,5],[3,4,6]]
GMFAIL 3,6,8,10 2,5,8,4 2,3,4 3,2,4 | 5 18 32 64 | 8 # m=7 sets=[[0,2,5,6],[1,4,5,6],[2,3,5],[3,4,6]]
GMFAIL 4,3,6,8 2,5,8,4 2,3,4 3,2,4 | 5 18 32 64 | 8 # m=7 sets=[[0,2,5,6],[1,4,5,6],[2,3,5],[3,4,6]]
GMFAIL 6,3,8,10 2,5,8,4 2,3,4 3,2,4 | 5 18 32 64 | 8 # m=7 sets=[[0,2,5,6],[1,4,5,6],[2,3,5],[3,4,6]]
GMFAIL 1,6,4,8 2,7,10,4 2,3,4 3,2,4 | 5 18 32 64 | 8 # m=7 sets=[[0,2,5,6],[1,4,5,6],[2,3,5],[3,4,6]]
GMFAIL 2,5,4,8 2,7,10,4 2,3,4 3,2,4 | 5 18 32 64 | 8 # m=7 sets=[[0,2,5,6],[1,4,5,6],[2,3,5],[3,4,6]]
GMFAIL 2,7,4,10 2,7,10,4 2,3,4 3,2,4 | 5 18 32 64 | 8 # m=7 sets=[[0,2,5,6],[1,4,5,6],[2,3,5],[3,4,6]]
GMFAIL 2,7,6,10 2,7,10,4 2,3,4 3,2,4 | 5 18 32 64 | 8 # m=7 sets=[[0,2,5,6],[1,4,5,6],[2,3,5],[3,4,6]]
GMFAIL 3,4,2,8 2,7,10,4 2,3,4 3,2,4 | 5 18 32 64 | 8 # m=7 sets=[[0,2,5,6],[1,4,5,6],[2,3,5],[3,4,6]]
GMFAIL 3,4,6,8 2,7,10,4 2,3,4 3,2,4 | 5 18 32 64 | 8 # m=7 sets=[[0,2,5,6],[1,4,5,6],[2,3,5],[3,4,6]]
GMFAIL 3,6,2,10 2,7,10,4 2,3,4 3,2,4 | 5 18 32 64 | 8 # m=7 sets=[[0,2,5,6],[1,4,5,6],[2,3,5],[3,4,6]]
GMFAIL 3,6,8,10 2,7,10,4 2,3,4 3,2,4 | 5 18 32 64 | 8 # m=7 sets=[[0,2,5,6],[1,4,5,6],[2,3,5],[3,4,6]]
GMFAIL 4,3,6,8 2,7,10,4 2,3,4 3,2,4 | 5 18 32 64 | 8 # m=7 sets=[[0,2,5,6],[1,4,5,6],[2,3,5],[3,4,6]]
GMFAIL 6,3,8,10 2,7,10,4 2,3,4 3,2,4 | 5 18 32 64 | 8 # m=7 sets=[[0,2,5,6],[1,4,5,6],[2,3,5],[3,4,6]]
GMFAIL 1,6,4,8 2,7,10,6 2,3,4 3,2,4 | 5 18 32 64 | 8 # m=7 sets=[[0,2,5,6],[1,4,5,6],[2,3,5],[3,4,6]]
GMFAIL 2,5,4,8 2,7,10,6 2,3,4 3,2,4 | 5 18 32 64 | 8 # m=7 sets=[[0,2,5,6],[1,4,5,6],[2,3,5],[3,4,6]]
GMFAIL 2,7,4,10 2,7,10,6 2,3,4 3,2,4 | 5 18 32 64 | 8 # m=7 sets=[[0,2,5,6],[1,4,5,6],[2,3,5],[3,4,6]]
GMFAIL 2,7,6,10 2,7,10,6 2,3,4 3,2,4 | 5 18 32 64 | 8 # m=7 sets=[[0,2,5,6],[1,4,5,6],[2,3,5],[3,4,6]]
GMFAIL 3,4,2,8 2,7,10,6 2,3,4 3,2,4 | 5 18 32 64 | 8 # m=7 sets=[[0,2,5,6],[1,4,5,6],[2,3,5],[3,4,6]]
GMFAIL 3,4,6,8 2,7,10,6 2,3,4 3,2,4 | 5 18 32 64 | 8 # m=7 sets=[[0,2,5,6],[1,4,5,6],[2,3,5],[3,4,6]]
GMFAIL 3,6,2,10 2,7,10,6 2,3,4 3,2,4 | 5 18 32 64 | 8 # m=7 sets=[[0,2,5,6],[1,4,5,6],[2,3,5],[3,4,6]]
GMFAIL 3,6,8,10 2,7,10,6 2,3,4 3,2,4 | 5 18 32 64 | 8 # m=7 sets=[[0,2,5,6],[1,4,5,6],[2,3,5],[3,4,6]]
GMFAIL 4,3,6,8 2,7,10,6 2,3,4 3,2,4 | 5 18 32 64 | 8 # m=7 sets=[[0,2,5,6],[1,4,5,6],[2,3,5],[3,4,6]]
GMFAIL 6,3,8,10 2,7,10,6 2,3,4 3,2,4 | 5 18 32 64 | 8 # m=7 sets=[[0,2,5,6],[1,4,5,6],[2,3,5],[3,4,6]]
GMFAIL 1,6,4,8 3,4,8,2 2,3,4 3,2,4 | 5 18 32 64 | 8 # m=7 sets=[[0,2,5,6],[1,4,5,6],[2,3,5],[3,4,6]]
GMFAIL 2,5,4,8 3,4,8,2 2,3,4 3,2,4 | 5 18 32 64 | 8 # m=7 sets=[[0,2,5,6],[1,4,5,6],[2,3,5],[3,4,6]]
GMFAIL 2,7,4,10 3,4,8,2 2,3,4 3,2,4 | 5 18 32 64 | 8 # m=7 sets=[[0,2,5,6],[1,4,5,6],[2,3,5],[3,4,6]]
GMFAIL 2,7,6,10 3,4,8,2 2,3,4 3,2,4 | 5 18 32 64 | 8 # m=7 sets=[[0,2,5,6],[1,4,5,6],[2,3,5],[3,4,6]]
GMFAIL 3,4,2,8 3,4,8,2 2,3,4 3,2,4 | 5 18 32 64 | 8 # m=7 sets=[[0,2,5,6],[1,4,5,6],[2,3,5],[3,4,6]]
GMFAIL 3,4,6,8 3,4,8,2 2,3,4 3,2,4 | 5 18 32 64 | 8 # m=7 sets=[[0,2,5,6],[1,4,5,6],[2,3,5],[3,4,6]]
GMFAIL 3,6,2,10 3,4,8,2 2,3,4 3,2,4 | 5 18 32 64 | 8 # m=7 sets=[[0,2,5,6],[1,4,5,6],[2,3,5],[3,4,6]]
GMFAIL 3,6,8,10 3,4,8,2 2,3,4 3,2,4 | 5 18 32 64 | 8 # m=7 sets=[[0,2,5,6],[1,4,5,6],[2,3,5],[3,4,6]]
GMFAIL 4,3,6,8 3,4,8,2 2,3,4 3,2,4 | 5 18 32 64 | 8 # m=7 sets=[[0,2,5,6],[1,4,5,6],[2,3,5],[3,4,6]]
GMFAIL 6,3,8,10 3,4,8,2 2,3,4 3,2,4 | 5 18 32 64 | 8 # m=7 sets=[[0,2,5,6],[1,4,5,6],[2,3,5],[3,4,6]]
GMFAIL 1,6,4,8 3,4,8,6 2,3,4 3,2,4 | 5 18 32 64 | 8 # m=7 sets=[[0,2,5,6],[1,4,5,6],[2,3,5],[3,4,6]]
GMFAIL 2,5,4,8 3,4,8,6 2,3,4 3,2,4 | 5 18 32 64 | 8 # m=7 sets=[[0,2,5,6],[1,4,5,6],[2,3,5],[3,4,6]]
GMFAIL 2,7,4,10 3,4,8,6 2,3,4 3,2,4 | 5 18 32 64 | 8 # m=7 sets=[[0,2,5,6],[1,4,5,6],[2,3,5],[3,4,6]]
GMFAIL 2,7,6,10 3,4,8,6 2,3,4 3,2,4 | 5 18 32 64 | 8 # m=7 sets=[[0,2,5,6],[1,4,5,6],[2,3,5],[3,4,6]]
GMFAIL 3,4,2,8 3,4,8,6 2,3,4 3,2,4 | 5 18 32 64 | 8 # m=7 sets=[[0,2,5,6],[1,4,5,6],[2,3,5],[3,4,6]]
GMFAIL 3,4,6,8 3,4,8,6 2,3,4 3,2,4 | 5 18 32 64 | 8 # m=7 sets=[[0,2,5,6],[1,4,5,6],[2,3,5],[3,4,6]]
GMFAIL 3,6,2,10 3,4,8,6 2,3,4 3,2,4 | 5 18 32 64 | 8 # m=7 sets=[[0,2,5,6],[1,4,5,6],[2,3,5],[3,4,6]]
GMFAIL 3,6,8,10 3,4,8,6 2,3,4 3,2,4 | 5 18 32 64 | 8 # m=7 sets=[[0,2,5,6],[1,4,5,6],[2,3,5],[3,4,6]]
GMFAIL 4,3,6,8 3,4,8,6 2,3,4 3,2,4 | 5 18 32 64 | 8 # m=7 sets=[[0,2,5,6],[1,4,5,6],[2,3,5],[3,4,6]]
GMFAIL 6,3,8,10 3,4,8,6 2,3,4 3,2,4 | 5 18 32 64 | 8 # m=7 sets=[[0,2,5,6],[1,4,5,6],[2,3,5],[3,4,6]]
GMFAIL 1,6,4,8 3,6,10,2 2,3,4 3,2,4 | 5 18 32 64 | 8 # m=7 sets=[[0,2,5,6],[1,4,5,6],[2,3,5],[3,4,6]]
GMFAIL 2,5,4,8 3,6,10,2 2,3,4 3,2,4 | 5 18 32 64 | 8 # m=7 sets=[[0,2,5,6],[1,4,5,6],[2,3,5],[3,4,6]]
GMFAIL 2,7,4,10 3,6,10,2 2,3,4 3,2,4 | 5 18 32 64 | 8 # m=7 sets=[[0,2,5,6],[1,4,5,6],[2,3,5],[3,4,6]]
GMFAIL 2,7,6,10 3,6,10,2 2,3,4 3,2,4 | 5 18 32 64 | 8 # m=7 sets=[[0,2,5,6],[1,4,5,6],[2,3,5],[3,4,6]]
GMFAIL 3,4,2,8 3,6,10,2 2,3,4 3,2,4 | 5 18 32 64 | 8 # m=7 sets=[[0,2,5,6],[1,4,5,6],[2,3,5],[3,4,6]]
GMFAIL 3,4,6,8 3,6,10,2 2,3,4 3,2,4 | 5 18 32 64 | 8 # m=7 sets=[[0,2,5,6],[1,4,5,6],[2,3,5],[3,4,6]]
GMFAIL 3,6,2,10 3,6,10,2 2,3,4 3,2,4 | 5 18 32 64 | 8 # m=7 sets=[[0,2,5,6],[1,4,5,6],[2,3,5],[3,4,6]]
GMFAIL 3,6,8,10 3,6,10,2 2,3,4 3,2,4 | 5 18 32 64 | 8 # m=7 sets=[[0,2,5,6],[1,4,5,6],[2,3,5],[3,4,6]]
GMFAIL 4,3,6,8 3,6,10,2 2,3,4 3,2,4 | 5 18 32 64 | 8 # m=7 sets=[[0,2,5,6],[1,4,5,6],[2,3,5],[3,4,6]]
GMFAIL 6,3,8,10 3,6,10,2 2,3,4 3,2,4 | 5 18 32 64 | 8 # m=7 sets=[[0,2,5,6],[1,4,5,6],[2,3,5],[3,4,6]]
GMFAIL 1,6,4,8 3,6,10,8 2,3,4 3,2,4 | 5 18 32 64 | 8 # m=7 sets=[[0,2,5,6],[1,4,5,6],[2,3,5],[3,4,6]]
GMFAIL 2,5,4,8 3,6,10,8 2,3,4 3,2,4 | 5 18 32 64 | 8 # m=7 sets=[[0,2,5,6],[1,4,5,6],[2,3,5],[3,4,6]]
GMFAIL 2,7,4,10 3,6,10,8 2,3,4 3,2,4 | 5 18 32 64 | 8 # m=7 sets=[[0,2,5,6],[1,4,5,6],[2,3,5],[3,4,6]]
GMFAIL 2,7,6,10 3,6,10,8 2,3,4 3,2,4 | 5 18 32 64 | 8 # m=7 sets=[[0,2,5,6],[1,4,5,6],[2,3,5],[3,4,6]]
GMFAIL 3,4,2,8 3,6,10,8 2,3,4 3,2,4 | 5 18 32 64 | 8 # m=7 sets=[[0,2,5,6],[1,4,5,6],[2,3,5],[3,4,6]]
GMFAIL 3,4,6,8 3,6,10,8 2,3,4 3,2,4 | 5 18 32 64 | 8 # m=7 sets=[[0,2,5,6],[1,4,5,6],[2,3,5],[3,4,6]]
GMFAIL 3,6,2,10 3,6,10,8 2,3,4 3,2,4 | 5 18 32 64 | 8 # m=7 sets=[[0,2,5,6],[1,4,5,6],[2,3,5],[3,4,6]]
GMFAIL 3,6,8,10 3,6,10,8 2,3,4 3,2,4 | 5 18 32 64 | 8 # m=7 sets=[[0,2,5,6],[1,4,5,6],[2,3,5],[3,4,6]]
GMFAIL 4,3,6,8 3,6,10,8 2,3,4 3,2,4 | 5 18 32 64 | 8 # m=7 sets=[[0,2,5,6],[1,4,5,6],[2,3,5],[3,4,6]]
GMFAIL 6,3,8,10 3,6,10,8 2,3,4 3,2,4 | 5 18 32 64 | 8 # m=7 sets=[[0,2,5,6],[1,4,5,6],[2,3,5],[3,4,6]]
GMFAIL 1,6,4,8 4,3,8,6 2,3,4 3,2,4 | 5 18 32 64 | 8 # m=7 sets=[[0,2,5,6],[1,4,5,6],[2,3,5],[3,4,6]]
GMFAIL 2,5,4,8 4,3,8,6 2,3,4 3,2,4 | 5 18 32 64 | 8 # m=7 sets=[[0,2,5,6],[1,4,5,6],[2,3,5],[3,4,6]]
GMFAIL 2,7,4,10 4,3,8,6 2,3,4 3,2,4 | 5 18 32 64 | 8 # m=7 sets=[[0,2,5,6],[1,4,5,6],[2,3,5],[3,4,6]]
GMFAIL 2,7,6,10 4,3,8,6 2,3,4 3,2,4 | 5 18 32 64 | 8 # m=7 sets=[[0,2,5,6],[1,4,5,6],[2,3,5],[3,4,6]]
GMFAIL 3,4,2,8 4,3,8,6 2,3,4 3,2,4 | 5 18 32 64 | 8 # m=7 sets=[[0,2,5,6],[1,4,5,6],[2,3,5],[3,4,6]]
GMFAIL 3,4,6,8 4,3,8,6 2,3,4 3,2,4 | 5 18 32 64 | 8 # m=7 sets=[[0,2,5,6],[1,4,5,6],[2,3,5],[3,4,6]]
GMFAIL 3,6,2,10 4,3,8,6 2,3,4 3,2,4 | 5 18 32 64 | 8 # m=7 sets=[[0,2,5,6],[1,4,5,6],[2,3,5],[3,4,6]]
GMFAIL 3,6,8,10 4,3,8,6 2,3,4 3,2,4 | 5 18 32 64 | 8 # m=7 sets=[[0,2,5,6],[1,4,5,6],[2,3,5],[3,4,6]]
GMFAIL 4,3,6,8 4,3,8,6 2,3,4 3,2,4 | 5 18 32 64 | 8 # m=7 sets=[[0,2,5,6],[1,4,5,6],[2,3,5],[3,4,6]]
GMFAIL 6,3,8,10 4,3,8,6 2,3,4 3,2,4 | 5 18 32 64 | 8 # m=7 sets=[[0,2,5,6],[1,4,5,6],[2,3,5],[3,4,6]]
GMFAIL 1,6,4,8 6,3,10,8 2,3,4 3,2,4 | 5 18 32 64 | 8 # m=7 sets=[[0,2,5,6],[1,4,5,6],[2,3,5],[3,4,6]]
GMFAIL 2,5,4,8 6,3,10,8 2,3,4 3,2,4 | 5 18 32 64 | 8 # m=7 sets=[[0,2,5,6],[1,4,5,6],[2,3,5],[3,4,6]]
GMFAIL 2,7,4,10 6,3,10,8 2,3,4 3,2,4 | 5 18 32 64 | 8 # m=7 sets=[[0,2,5,6],[1,4,5,6],[2,3,5],[3,4,6]]
GMFAIL 2,7,6,10 6,3,10,8 2,3,4 3,2,4 | 5 18 32 64 | 8 # m=7 sets=[[0,2,5,6],[1,4,5,6],[2,3,5],[3,4,6]]
GMFAIL 3,4,2,8 6,3,10,8 2,3,4 3,2,4 | 5 18 32 64 | 8 # m=7 sets=[[0,2,5,6],[1,4,5,6],[2,3,5],[3,4,6]]
GMFAIL 3,4,6,8 6,3,10,8 2,3,4 3,2,4 | 5 18 32 64 | 8 # m=7 sets=[[0,2,5,6],[1,4,5,6],[2,3,5],[3,4,6]]
GMFAIL 3,6,2,10 6,3,10,8 2,3,4 3,2,4 | 5 18 32 64 | 8 # m=7 sets=[[0,2,5,6],[1,4,5,6],[2,3,5],[3,4,6]]
GMFAIL 3,6,8,10 6,3,10,8 2,3,4 3,2,4 | 5 18 32 64 | 8 # m=7 sets=[[0,2,5,6],[1,4,5,6],[2,3,5],[3,4,6]]
GMFAIL 4,3,6,8 6,3,10,8 2,3,4 3,2,4 | 5 18 32 64 | 8 # m=7 sets=[[0,2,5,6],[1,4,5,6],[2,3,5],[3,4,6]]
GMFAIL 6,3,8,10 6,3,10,8 2,3,4 3,2,4 | 5 18 32 64 | 8 # m=7 sets=[[0,2,5,6],[1,4,5,6],[2,3,5],[3,4,6]]
GM4S 1,4,8,6 3,4,8,2 3,4,2 4,2,3 | 32 18 4 8 | 65 # m=7 sets=[[0,2,5,6],[1,4,5,6],[2,3,5],[3,4,6]]
GM4S 2,4,10,7 3,4,8,2 3,4,2 4,2,3 | 32 18 4 8 | 65 # m=7 sets=[[0,2,5,6],[1,4,5,6],[2,3,5],[3,4,6]]
GM4S 1,4,8,6 3,6,10,2 3,4,2 4,2,3 | 32 18 4 8 | 65 # m=7 sets=[[0,2,5,6],[1,4,5,6],[2,3,5],[3,4,6]]
GM4S 2,4,10,7 3,6,10,2 3,4,2 4,2,3 | 32 18 4 8 | 65 # m=7 sets=[[0,2,5,6],[1,4,5,6],[2,3,5],[3,4,6]]
GM4S 3,4,2,8 1,4,6,8 2,4,3 4,3,2 | 5 64 8 16 | 34 # m=7 sets=[[0,2,5,6],[1,4,5,6],[2,3,5],[3,4,6]]
GM4S 3,6,2,10 1,4,6,8 2,4,3 4,3,2 | 5 64 8 16 | 34 # m=7 sets=[[0,2,5,6],[1,4,5,6],[2,3,5],[3,4,6]]
GM4S 3,4,2,8 2,4,7,10 2,4,3 4,3,2 | 5 64 8 16 | 34 # m=7 sets=[[0,2,5,6],[1,4,5,6],[2,3,5],[3,4,6]]
GM4S 3,6,2,10 2,4,7,10 2,4,3 4,3,2 | 5 64 8 16 | 34 # m=7 sets=[[0,2,5,6],[1,4,5,6],[2,3,5],[3,4,6]]
TOTAL cores=309 badcores=0 runs=724847616 maxima=1013432981 pool=85832084 empty=3046488 dump=82785322 nodump=274 fail=128 pfail=128 pallfail=0 overflow=0 wall=1257s
