# the same on random strict profiles per core (seeded)
# note (#52 review): written with k4/hall.c of commit 231d2ac, before the sixth BTX counter (cycles through any exposed frozen agent) was added in d9fae00, so BTX lines have five fields; the first five counters are the same in both versions.
# command: python3 k4/hall_run.py results/k4_certs_4_n4_2.json.gz -Bx 3 --rand=1000 --seed=62 --jobs=4
FILE results/k4_certs_4_n4_2.json.gz cores 309 profiles 309000 valid 9578127 minfrozen 6082250 minfrozen_omega1 0 minfrozen_posdef 0 profiles_c4min_ok 309000 bad_char 0
  Pareto-maxima inside the min-frozen set, pareto F=0: profiles 256220, every maximum deficit <= 0: 256220, some: 256220 (850901 maxima)
  Pareto-maxima inside the min-frozen set, pareto F=1: profiles 43843, every maximum deficit <= 0: 43841, some: 43843 (107093 maxima)
  Pareto-maxima inside the min-frozen set, pareto F=2: profiles 8526, every maximum deficit <= 0: 8522, some: 8526 (30976 maxima)
  Pareto-maxima inside the min-frozen set, pareto F=3+: profiles 411, every maximum deficit <= 0: 411, some: 411 (4134 maxima)
  F0: F=0 Pareto-maxima with omega>=1 102569, Lemma U violated 0, Lemma U2 violated 0, no single-good holder 63077, exposure of another kind 0, label criterion != exact test 0, a single-good holder valid 38032, a pair-holder valid 102520, no valid owner 0, every single-good holder valid 38032, single-good holder invalid by an unhittable exposure 0, e2 exposures 16656, e1 exposures 6472, e3 exposures 8148, e2 exposures at single-good owners 1540
  BTX: non-completable Pareto-maxima with frozen agents 6, with a frozen big-top agent 6, with an exposed frozen big-top agent 6, with an exchange cycle through a frozen big-top agent x after which x is a valid owner 6, after which some owner is valid 6
  BTC: profiles with a non-completable Pareto-maximum with frozen agents 6, with a completable min-frozen pre-allocation whose owner is of big-top type 6, with any completable min-frozen pre-allocation 6
  FZ: maxima with F>=1 and omega>=1 31744, with a globally exposed frozen agent 249, global exposure of another shape 0, no global exposure and no valid owner 4, global exposure and no valid owner 2, Lemma H6 violations 0, frozen agents exposed w.r.t. >= 2 owners 357, some owner valid 31738, no valid owner and no G1 configuration 0, no valid owner and no frozen big-top agent 0, frozen exposures (agent, owner): global 612, ... owner a chain end of x (G1-type) 824, ... local, one label 14135, ... local, two labels 1004, ... local, unhittable 2591
  failing (P, owner) pairs 0, with an unhittable exposed agent 0; tau for the others: [0, 0, 0, 0, 0, 0, 0, 0]; minimal violator size (0 = none of size < 8): [0, 0, 0, 0, 0, 0, 0, 0]
# command: python3 k4/hall_run.py results/k4_certs_4_n4_3.json.gz -Bx 3 --rand=1000 --seed=63 --jobs=4
FILE results/k4_certs_4_n4_3.json.gz cores 339 profiles 339000 valid 16014445 minfrozen 10873480 minfrozen_omega1 0 minfrozen_posdef 0 profiles_c4min_ok 339000 bad_char 0
  Pareto-maxima inside the min-frozen set, pareto F=0: profiles 295605, every maximum deficit <= 0: 295605, some: 295605 (1086560 maxima)
  Pareto-maxima inside the min-frozen set, pareto F=1: profiles 37763, every maximum deficit <= 0: 37698, some: 37763 (104277 maxima)
  Pareto-maxima inside the min-frozen set, pareto F=2: profiles 5407, every maximum deficit <= 0: 5361, some: 5407 (20144 maxima)
  Pareto-maxima inside the min-frozen set, pareto F=3+: profiles 225, every maximum deficit <= 0: 225, some: 225 (2248 maxima)
  F0: F=0 Pareto-maxima with omega>=1 308606, Lemma U violated 0, Lemma U2 violated 0, no single-good holder 205456, exposure of another kind 0, label criterion != exact test 0, a single-good holder valid 98505, a pair-holder valid 308474, no valid owner 0, every single-good holder valid 98505, single-good holder invalid by an unhittable exposure 0, e2 exposures 55321, e1 exposures 24629, e3 exposures 39140, e2 exposures at single-good owners 4825
  BTX: non-completable Pareto-maxima with frozen agents 120, with a frozen big-top agent 120, with an exposed frozen big-top agent 120, with an exchange cycle through a frozen big-top agent x after which x is a valid owner 120, after which some owner is valid 120
  BTC: profiles with a non-completable Pareto-maximum with frozen agents 111, with a completable min-frozen pre-allocation whose owner is of big-top type 111, with any completable min-frozen pre-allocation 111
  FZ: maxima with F>=1 and omega>=1 48713, with a globally exposed frozen agent 533, global exposure of another shape 0, no global exposure and no valid owner 16, global exposure and no valid owner 104, Lemma H6 violations 0, frozen agents exposed w.r.t. >= 2 owners 977, some owner valid 48593, no valid owner and no G1 configuration 2, no valid owner and no frozen big-top agent 0, frozen exposures (agent, owner): global 1469, ... owner a chain end of x (G1-type) 2255, ... local, one label 20773, ... local, two labels 1592, ... local, unhittable 3647
  failing (P, owner) pairs 0, with an unhittable exposed agent 0; tau for the others: [0, 0, 0, 0, 0, 0, 0, 0]; minimal violator size (0 = none of size < 8): [0, 0, 0, 0, 0, 0, 0, 0]
# command: python3 k4/hall_run.py results/k4_certs_4_pure.json.gz -Bx 3 --rand=1000 --seed=64 --jobs=4
core 59: EXBTC no big-top owner cycle (no frozen big-top): types [0:2,2:6,5:3,6:10] [0:6,3:3,4:10,6:8] [1:8,2:6,4:10,6:3] [1:6,3:4,5:1,6:8] bases {2,5} {0,3} {4}F {6}F J {1}
core 210: EXBTC no big-top owner cycle: types [0:3,2:2,8:4,10:8] [1:6,5:3,8:2,10:10] [3:4,6:7,9:2,10:10] [4:2,7:4,9:3,10:8] bases {10}F {1,5} {3,6} {7,9} J {0,2,4,8}
core 212: EXBTC no big-top owner cycle: types [0:5,2:6,7:4,8:8] [1:3,5:2,7:4,10:8] [3:4,6:3,9:2,10:8] [4:3,8:6,9:2,10:10] bases {0,2} {1,7} {10}F {4,8} J {3,5,6,9}
FILE results/k4_certs_4_pure.json.gz cores 219 profiles 219000 valid 15716249 minfrozen 11329088 minfrozen_omega1 0 minfrozen_posdef 0 profiles_c4min_ok 219000 bad_char 0
  Pareto-maxima inside the min-frozen set, pareto F=0: profiles 194419, every maximum deficit <= 0: 194419, some: 194419 (768304 maxima)
  Pareto-maxima inside the min-frozen set, pareto F=1: profiles 21766, every maximum deficit <= 0: 21538, some: 21766 (66714 maxima)
  Pareto-maxima inside the min-frozen set, pareto F=2: profiles 2685, every maximum deficit <= 0: 2652, some: 2685 (10054 maxima)
  Pareto-maxima inside the min-frozen set, pareto F=3+: profiles 130, every maximum deficit <= 0: 130, some: 130 (1312 maxima)
  F0: F=0 Pareto-maxima with omega>=1 333981, Lemma U violated 0, Lemma U2 violated 0, no single-good holder 253066, exposure of another kind 0, label criterion != exact test 0, a single-good holder valid 77326, a pair-holder valid 333932, no valid owner 0, every single-good holder valid 77326, single-good holder invalid by an unhittable exposure 0, e2 exposures 67921, e1 exposures 24578, e3 exposures 53801, e2 exposures at single-good owners 3709
  BTX: non-completable Pareto-maxima with frozen agents 303, with a frozen big-top agent 302, with an exposed frozen big-top agent 302, with an exchange cycle through a frozen big-top agent x after which x is a valid owner 300, after which some owner is valid 302
  BTC: profiles with a non-completable Pareto-maximum with frozen agents 261, with a completable min-frozen pre-allocation whose owner is of big-top type 261, with any completable min-frozen pre-allocation 261
  FZ: maxima with F>=1 and omega>=1 38610, with a globally exposed frozen agent 668, global exposure of another shape 0, no global exposure and no valid owner 23, global exposure and no valid owner 280, Lemma H6 violations 0, frozen agents exposed w.r.t. >= 2 owners 1117, some owner valid 38307, no valid owner and no G1 configuration 10, no valid owner and no frozen big-top agent 1, frozen exposures (agent, owner): global 1965, ... owner a chain end of x (G1-type) 2707, ... local, one label 15200, ... local, two labels 1406, ... local, unhittable 2495
  failing (P, owner) pairs 0, with an unhittable exposed agent 0; tau for the others: [0, 0, 0, 0, 0, 0, 0, 0]; minimal violator size (0 = none of size < 8): [0, 0, 0, 0, 0, 0, 0, 0]
# command: python3 k4/hall_run.py results/k4_certs_5_n4_1.json.gz -Bx 3 --rand=100 --seed=71 --jobs=4
FILE results/k4_certs_5_n4_1.json.gz cores 1735 profiles 173500 valid 5240331 minfrozen 2261960 minfrozen_omega1 0 minfrozen_posdef 0 profiles_c4min_ok 173500 bad_char 0
  Pareto-maxima inside the min-frozen set, pareto F=0: profiles 100515, every maximum deficit <= 0: 100515, some: 100515 (342514 maxima)
  Pareto-maxima inside the min-frozen set, pareto F=1: profiles 48848, every maximum deficit <= 0: 48848, some: 48848 (120184 maxima)
  Pareto-maxima inside the min-frozen set, pareto F=2: profiles 20903, every maximum deficit <= 0: 20903, some: 20903 (72298 maxima)
  Pareto-maxima inside the min-frozen set, pareto F=3+: profiles 3234, every maximum deficit <= 0: 3234, some: 3234 (30108 maxima)
  F0: F=0 Pareto-maxima with omega>=1 487, Lemma U violated 0, Lemma U2 violated 0, no single-good holder 267, exposure of another kind 0, label criterion != exact test 0, a single-good holder valid 220, a pair-holder valid 487, no valid owner 0, every single-good holder valid 220, single-good holder invalid by an unhittable exposure 0, e2 exposures 53, e1 exposures 0, e3 exposures 0, e2 exposures at single-good owners 0
  BTX: non-completable Pareto-maxima with frozen agents 0, with a frozen big-top agent 0, with an exposed frozen big-top agent 0, with an exchange cycle through a frozen big-top agent x after which x is a valid owner 0, after which some owner is valid 0
  FZ: maxima with F>=1 and omega>=1 3498, with a globally exposed frozen agent 27, global exposure of another shape 0, no global exposure and no valid owner 0, global exposure and no valid owner 0, Lemma H6 violations 0, frozen agents exposed w.r.t. >= 2 owners 31, some owner valid 3498, no valid owner and no G1 configuration 0, no valid owner and no frozen big-top agent 0, frozen exposures (agent, owner): global 75, ... owner a chain end of x (G1-type) 29, ... local, one label 2032, ... local, two labels 83, ... local, unhittable 166
  failing (P, owner) pairs 0, with an unhittable exposed agent 0; tau for the others: [0, 0, 0, 0, 0, 0, 0, 0]; minimal violator size (0 = none of size < 8): [0, 0, 0, 0, 0, 0, 0, 0]
# command: python3 k4/hall_run.py results/k4_certs_5_n4_2.json.gz -Bx 3 --rand=20 --seed=72 --jobs=4
FILE results/k4_certs_5_n4_2.json.gz cores 5468 profiles 109360 valid 4883628 minfrozen 2339998 minfrozen_omega1 0 minfrozen_posdef 0 profiles_c4min_ok 109360 bad_char 0
  Pareto-maxima inside the min-frozen set, pareto F=0: profiles 73382, every maximum deficit <= 0: 73382, some: 73382 (287740 maxima)
  Pareto-maxima inside the min-frozen set, pareto F=1: profiles 26514, every maximum deficit <= 0: 26514, some: 26514 (73155 maxima)
  Pareto-maxima inside the min-frozen set, pareto F=2: profiles 8536, every maximum deficit <= 0: 8536, some: 8536 (31626 maxima)
  Pareto-maxima inside the min-frozen set, pareto F=3+: profiles 928, every maximum deficit <= 0: 928, some: 928 (8399 maxima)
  F0: F=0 Pareto-maxima with omega>=1 8434, Lemma U violated 0, Lemma U2 violated 0, no single-good holder 3973, exposure of another kind 0, label criterion != exact test 0, a single-good holder valid 4352, a pair-holder valid 8434, no valid owner 0, every single-good holder valid 4352, single-good holder invalid by an unhittable exposure 0, e2 exposures 1484, e1 exposures 524, e3 exposures 479, e2 exposures at single-good owners 134
  BTX: non-completable Pareto-maxima with frozen agents 0, with a frozen big-top agent 0, with an exposed frozen big-top agent 0, with an exchange cycle through a frozen big-top agent x after which x is a valid owner 0, after which some owner is valid 0
  FZ: maxima with F>=1 and omega>=1 7636, with a globally exposed frozen agent 51, global exposure of another shape 0, no global exposure and no valid owner 0, global exposure and no valid owner 0, Lemma H6 violations 0, frozen agents exposed w.r.t. >= 2 owners 96, some owner valid 7636, no valid owner and no G1 configuration 0, no valid owner and no frozen big-top agent 0, frozen exposures (agent, owner): global 158, ... owner a chain end of x (G1-type) 133, ... local, one label 3809, ... local, two labels 275, ... local, unhittable 442
  failing (P, owner) pairs 0, with an unhittable exposed agent 0; tau for the others: [0, 0, 0, 0, 0, 0, 0, 0]; minimal violator size (0 = none of size < 8): [0, 0, 0, 0, 0, 0, 0, 0]
# command: python3 k4/hall_run.py results/k4_certs_5_pure.json.gz -Bx 3 --rand=10 --seed=73 --jobs=4
FILE results/k4_certs_5_pure.json.gz cores 4674 profiles 46740 valid 6910923 minfrozen 4229238 minfrozen_omega1 0 minfrozen_posdef 0 profiles_c4min_ok 46740 bad_char 0
  Pareto-maxima inside the min-frozen set, pareto F=0: profiles 38132, every maximum deficit <= 0: 38132, some: 38132 (215737 maxima)
  Pareto-maxima inside the min-frozen set, pareto F=1: profiles 7314, every maximum deficit <= 0: 7289, some: 7314 (29490 maxima)
  Pareto-maxima inside the min-frozen set, pareto F=2: profiles 1188, every maximum deficit <= 0: 1180, some: 1188 (5263 maxima)
  Pareto-maxima inside the min-frozen set, pareto F=3+: profiles 106, every maximum deficit <= 0: 106, some: 106 (1039 maxima)
  F0: F=0 Pareto-maxima with omega>=1 69103, Lemma U violated 0, Lemma U2 violated 0, no single-good holder 40993, exposure of another kind 0, label criterion != exact test 0, a single-good holder valid 27114, a pair-holder valid 69103, no valid owner 0, every single-good holder valid 27112, single-good holder invalid by an unhittable exposure 0, e2 exposures 15485, e1 exposures 6615, e3 exposures 11241, e2 exposures at single-good owners 1131
  BTX: non-completable Pareto-maxima with frozen agents 47, with a frozen big-top agent 47, with an exposed frozen big-top agent 47, with an exchange cycle through a frozen big-top agent x after which x is a valid owner 47, after which some owner is valid 47
  BTC: profiles with a non-completable Pareto-maximum with frozen agents 33, with a completable min-frozen pre-allocation whose owner is of big-top type 33, with any completable min-frozen pre-allocation 33
  FZ: maxima with F>=1 and omega>=1 13734, with a globally exposed frozen agent 217, global exposure of another shape 0, no global exposure and no valid owner 0, global exposure and no valid owner 47, Lemma H6 violations 0, frozen agents exposed w.r.t. >= 2 owners 439, some owner valid 13687, no valid owner and no G1 configuration 0, no valid owner and no frozen big-top agent 0, frozen exposures (agent, owner): global 839, ... owner a chain end of x (G1-type) 573, ... local, one label 5268, ... local, two labels 456, ... local, unhittable 970
  failing (P, owner) pairs 0, with an unhittable exposed agent 0; tau for the others: [0, 0, 0, 0, 0, 0, 0, 0]; minimal violator size (0 = none of size < 8): [0, 0, 0, 0, 0, 0, 0, 0]
Fri Sep 25 23:10:38 UTC 2026
