command: python3 k4/induct_run.py results/k4_certs_4_n4_1.json.gz results/k4_certs_4_n4_2.json.gz results/k4_certs_4_n4_3.json.gz results/k4_certs_4_pure.json.gz --samples=5 --seed=2 --jobs=2 --rmax=3 --no-a --v --log=results/k4_induct_n4.log
5010 (core, profile) pairs; options {'rmax': 3, 'quick': False, 'd2': False, 'only_g': False}
time 166.5s
best_G     0: 3886, 1: 532, 2: 366, 3: 226
priv_G     0: 3055, 1: 438, 2: 409, 3: 187, 4: 31, None: 890
least_G    0: 3370, 1: 674, 2: 581, 3: 358, 4: 27
best_A     None: 5010
best_B     0: 1958, 1: 3008, 2: 43, 3: 1
best_G_d2  0: 3889, 1: 529, 2: 366, 3: 226
worst_G    0: 40, 1: 534, 2: 2420, 3: 1661, 4: 326, 5: 28, 6: 1
exists_G   0: 5010
pot0_G     0: 4816, 1: 74, 2: 120
pot1_G     0: 4501, 1: 274, 2: 98, 3: 137
pot2_G     0: 4940, 1: 59, 2: 11
pot3_G     0: 4989, 1: 19, 2: 2
pot4_G     0: 5010
pot5_G     0: 5010
pot6_G     0: 5007, 1: 3
pot7_G     0: 4946, 1: 63, 2: 1
pot0d2_G   0: 4816, 1: 74, 2: 120
pot1d2_G   0: 4502, 1: 273, 2: 98, 3: 137
pot2d2_G   0: 4940, 1: 59, 2: 11
pot3d2_G   0: 4989, 1: 19, 2: 2
pot4d2_G   0: 5010
pot5d2_G   0: 5010
pot6d2_G   0: 5007, 1: 3
pot7d2_G   0: 4946, 1: 63, 2: 1
pot4_B     0: 3962, 1: 1048
pot5_B     0: 4019, 1: 991
pot7_B     0: 2146, 1: 2854, 2: 10
pot2_allG  0: 58, 1: 1138, 2: 2507, 3: 1132, 4: 158, 5: 16, 6: 1
pot2_leastG 0: 4324, 1: 416, 2: 243, 3: 25, 4: 2
pot2_privG 0: 4120, None: 890
pot2_topG  0: 2391, 1: 1765, 2: 750, 3: 101, 4: 3
pot2_everyw 0: 4339, 1: 550, 2: 107, 3: 13, 4: 1
pot2_everyd 0: 292, 1: 2363, 2: 2017, 3: 315, 4: 23
pot3_allG  0: 375, 1: 1777, 2: 2063, 3: 693, 4: 91, 5: 11
pot3_leastG 0: 4637, 1: 227, 2: 136, 3: 9, 4: 1
pot3_privG 0: 4120, None: 890
pot3_topG  0: 3612, 1: 1070, 2: 275, 3: 51, 4: 2
pot3_everyw 0: 4785, 1: 198, 2: 23, 3: 4
pot3_everyd 0: 1965, 1: 2020, 2: 909, 3: 110, 4: 6
pot4_allG  0: 1868, 1: 2621, 2: 474, 3: 46, 4: 1
pot4_leastG 0: 4920, 1: 76, 2: 14
pot4_privG 0: 4035, 1: 67, 2: 16, 3: 2, None: 890
pot4_topG  0: 4213, 1: 703, 2: 88, 3: 6
pot4_everyw 0: 5007, 1: 3
pot4_everyd 0: 3341, 1: 1445, 2: 208, 3: 16
pot5_allG  0: 2123, 1: 2378, 2: 460, 3: 47, 4: 2
pot5_leastG 0: 4912, 1: 83, 2: 14, 3: 1
pot5_privG 0: 4050, 1: 54, 2: 15, 3: 1, None: 890
pot5_topG  0: 4244, 1: 689, 2: 74, 3: 3
pot5_everyw 0: 5009, 1: 1
pot5_everyd 0: 3386, 1: 1389, 2: 223, 3: 12
pot6_allG  0: 1837, 1: 2411, 2: 662, 3: 89, 4: 11
pot6_leastG 0: 4887, 1: 97, 2: 23, 3: 3
pot6_privG 0: 4120, None: 890
pot6_topG  0: 4432, 1: 536, 2: 41, 3: 1
pot6_everyw 0: 4958, 1: 49, 2: 2, 3: 1
pot6_everyd 0: 3463, 1: 1405, 2: 133, 3: 9
pot0_Q4w   0: 2721, 1: 315, 2: 236, 3: 2, 4: 1, None: 1735
pot0_P4w   0: 3414, 1: 237, 2: 282, 3: 145, 4: 38, 5: 4, None: 890
pot1_Q4w   0: 1808, 1: 1065, 2: 225, 3: 175, 4: 2, None: 1735
pot1_P4w   0: 2532, 1: 1174, 2: 320, 3: 91, 4: 3, None: 890
pot2_Q4w   0: 2604, 1: 550, 2: 107, 3: 13, 4: 1, None: 1735
pot2_P4w   0: 4120, None: 890
pot3_Q4w   0: 3050, 1: 198, 2: 23, 3: 4, None: 1735
pot3_P4w   0: 4120, None: 890
pot4_Q4w   0: 3274, 1: 1, None: 1735
pot4_P4w   0: 3824, 1: 235, 2: 55, 3: 6, None: 890
pot5_Q4w   0: 3275, None: 1735
pot5_P4w   0: 3889, 1: 183, 2: 46, 3: 2, None: 890
pot6_Q4w   0: 3223, 1: 49, 2: 2, 3: 1, None: 1735
pot6_P4w   0: 4120, None: 890
pot7_Q4w   0: 3044, 1: 219, 2: 12, None: 1735
pot7_P4w   0: 3720, 1: 132, 2: 218, 3: 48, 4: 2, None: 890
V_best     0: 3539, 1: 1422, 2: 46, 3: 3
V_least    0: 3317, 1: 1555, 2: 94, 3: 26, 4: 15, 5: 3
V_top      0: 167, 1: 1623, 2: 2420, 3: 656, 4: 128, 5: 16
V_everyw   0: 1208, 1: 3098, 2: 649, 3: 52, 4: 3
V_all      0: 36, 1: 87, 2: 966, 3: 2417, 4: 1288, 5: 196, 6: 20
V_least_everyw 0: 958, 1: 2792, 2: 814, 3: 322, 4: 102, 5: 20, 6: 2
V_Q4_everyw 0: 1437, 1: 1538, 2: 279, 3: 20, 4: 1, None: 1735
V_Q4_least 0: 1216, 1: 1569, 2: 360, 3: 110, 4: 20, None: 1735
V_P4_everyw 0: 1006, 1: 2622, 2: 458, 3: 32, 4: 2, None: 890
V_pot0_best 0: 5003, 1: 7
V_pot0_least 0: 4951, 1: 49, 2: 3, 3: 4, 4: 2, 5: 1
V_pot0_everyw 0: 4933, 1: 76, 2: 1
V_pot0_Q4w 0: 3242, 1: 33, None: 1735
V_pot1_best 0: 4367, 1: 637, 2: 6
V_pot1_least 0: 4248, 1: 732, 2: 23, 3: 6, 4: 1
V_pot1_everyw 0: 1928, 1: 2757, 2: 308, 3: 16, 4: 1
V_pot1_Q4w 0: 1987, 1: 1126, 2: 153, 3: 8, 4: 1, None: 1735
V_pot2_best 0: 3798, 1: 1211, 2: 1
V_pot2_least 0: 3618, 1: 1384, 2: 7, 3: 1
V_pot2_everyw 0: 1494, 1: 3407, 2: 100, 3: 8, 4: 1
V_pot2_Q4w 0: 1665, 1: 1501, 2: 100, 3: 8, 4: 1, None: 1735
V_pot3_best 0: 5003, 1: 6, 2: 1
V_pot3_least 0: 4956, 1: 53, 2: 1
V_pot3_everyw 0: 4926, 1: 82, 2: 2
V_pot3_Q4w 0: 3208, 1: 65, 2: 2, None: 1735
V_pot4_best 0: 5005, 1: 5
V_pot4_least 0: 4966, 1: 43, 2: 1
V_pot4_everyw 0: 4931, 1: 79
V_pot4_Q4w 0: 3255, 1: 20, None: 1735
V_pot5_best 0: 5005, 1: 5
V_pot5_least 0: 4960, 1: 50
V_pot5_everyw 0: 4977, 1: 33
V_pot5_Q4w 0: 3268, 1: 7, None: 1735
V_pot6_best 0: 5009, 2: 1
V_pot6_least 0: 4971, 1: 38, 2: 1
V_pot6_everyw 0: 4962, 1: 47, 2: 1
V_pot6_Q4w 0: 3246, 1: 28, 2: 1, None: 1735
V_pot7_best 0: 4119, 1: 890, 2: 1
V_pot7_least 0: 3899, 1: 1104, 2: 1, 3: 6
V_pot7_everyw 0: 1979, 1: 3007, 2: 23, 3: 1
V_pot7_Q4w 0: 2033, 1: 1225, 2: 17, None: 1735
B_top      0: 1928, 1: 2910, 2: 133, 3: 34, 4: 5
B_least    0: 35, 1: 2067, 2: 2561, 3: 324, 4: 22, 5: 1
B_everyw   0: 571, 1: 3782, 2: 635, 3: 22
B_all      0: 35, 1: 83, 2: 1370, 3: 2699, 4: 756, 5: 64, 6: 3
B_top_everyw 0: 548, 1: 2989, 2: 969, 3: 414, 4: 84, 5: 6
B_Q4_everyw 0: 731, 1: 2306, 2: 228, 3: 10, None: 1735
B_Q4_top   0: 721, 1: 2068, 2: 377, 3: 99, 4: 10, None: 1735
B_d2       0: 1996, 1: 2979, 2: 34, 3: 1
B_top_d2   0: 1966, 1: 2887, 2: 118, 3: 34, 4: 5
PS_priv    True: 4120, None: 890
PS_Q4_anyd True: 3275, None: 1735
PS_Q4_least True: 3275, None: 1735
GPS_Q4_anyd False: 134, True: 3141, None: 1735
GPS_Q4_least False: 1211, True: 2064, None: 1735
GPS_anyw_anyd False: 12, True: 4998
GPS_P4_priv True: 4120, None: 890
FAIL B_Q4_everyw = 2: n=4 m=6 sets=[[0, 1, 5], [1, 2, 3, 4], [2, 3, 4, 5], [2, 3, 4, 5]] prof=[[2, 4, 3], [7, 10, 6, 2], [8, 3, 4, 6], [6, 2, 10, 7]]
FAIL B_Q4_everyw = 2: n=4 m=6 sets=[[0, 3, 4, 5], [1, 2, 3, 5], [1, 2, 4, 5], [3, 4, 5]] prof=[[3, 4, 8, 10], [6, 5, 7, 3], [4, 5, 8, 2], [4, 3, 2]]
FAIL GPS_Q4_anyd = False: n=4 m=6 sets=[[0, 1, 2], [1, 2, 4, 5], [3, 4, 5], [3, 4, 5]] prof=[[2, 4, 3], [4, 3, 2, 8], [2, 3, 4], [2, 3, 4]]
FAIL GPS_Q4_anyd = False: n=4 m=6 sets=[[0, 2, 5], [1, 2, 3, 5], [1, 4, 5], [3, 4, 5]] prof=[[2, 4, 3], [8, 4, 1, 6], [3, 2, 4], [3, 2, 4]]
FAIL V_Q4_everyw = 2: n=4 m=6 sets=[[0, 4, 5], [1, 2, 3], [1, 3, 4, 5], [2, 4, 5]] prof=[[2, 4, 3], [2, 3, 4], [2, 5, 4, 8], [4, 2, 3]]
FAIL V_Q4_everyw = 2: n=4 m=6 sets=[[0, 2, 4, 5], [1, 2, 3, 5], [1, 4, 5], [3, 4, 5]] prof=[[7, 8, 4, 2], [5, 2, 4, 8], [3, 4, 2], [3, 4, 2]]
FAIL V_best = 2: n=4 m=6 sets=[[0, 4, 5], [1, 2, 3], [1, 3, 4, 5], [2, 4, 5]] prof=[[2, 4, 3], [2, 3, 4], [2, 5, 4, 8], [4, 2, 3]]
FAIL V_best = 1: n=4 m=6 sets=[[0, 1, 2, 3], [2, 4, 5], [3, 4, 5], [3, 4, 5]] prof=[[5, 6, 4, 8], [3, 4, 2], [4, 3, 2], [2, 4, 3]]
FAIL V_pot0_best = 1: n=4 m=7 sets=[[0, 2, 5, 6], [1, 5, 6], [3, 4, 5], [3, 4, 6]] prof=[[3, 6, 10, 2], [2, 3, 4], [3, 2, 4], [2, 4, 3]]
FAIL V_pot0_best = 1: n=4 m=7 sets=[[0, 5, 6], [1, 5, 6], [2, 3, 4, 6], [2, 3, 4]] prof=[[2, 4, 3], [2, 4, 3], [4, 3, 6, 8], [2, 3, 4]]
FAIL V_pot1_best = 2: n=4 m=6 sets=[[0, 4, 5], [1, 2, 3], [1, 3, 4, 5], [2, 4, 5]] prof=[[2, 4, 3], [2, 3, 4], [2, 5, 4, 8], [4, 2, 3]]
FAIL V_pot1_best = 1: n=4 m=6 sets=[[0, 1, 2, 3], [2, 4, 5], [3, 4, 5], [3, 4, 5]] prof=[[5, 6, 4, 8], [3, 4, 2], [4, 3, 2], [2, 4, 3]]
FAIL V_pot2_best = 1: n=4 m=6 sets=[[0, 1, 2, 3], [2, 4, 5], [3, 4, 5], [3, 4, 5]] prof=[[5, 6, 4, 8], [3, 4, 2], [4, 3, 2], [2, 4, 3]]
FAIL V_pot2_best = 1: n=4 m=6 sets=[[0, 2, 4, 5], [1, 4, 5], [3, 4, 5], [3, 4, 5]] prof=[[3, 6, 4, 8], [2, 4, 3], [2, 3, 4], [4, 2, 3]]
FAIL V_pot3_best = 1: n=4 m=6 sets=[[0, 1, 5], [1, 3, 4], [2, 3, 4, 5], [2, 4, 5]] prof=[[3, 4, 2], [3, 4, 2], [5, 7, 3, 6], [3, 4, 2]]
FAIL V_pot3_best = 1: n=4 m=6 sets=[[0, 1, 5], [1, 4, 5], [2, 3, 4, 5], [2, 3, 4]] prof=[[2, 4, 3], [2, 3, 4], [6, 4, 3, 8], [2, 4, 3]]
FAIL V_pot4_best = 1: n=4 m=6 sets=[[0, 2, 4, 5], [1, 4, 5], [2, 3, 5], [3, 4, 5]] prof=[[3, 6, 5, 7], [3, 2, 4], [4, 2, 3], [2, 4, 3]]
FAIL V_pot4_best = 1: n=4 m=7 sets=[[0, 2, 5, 6], [1, 5, 6], [3, 4, 5], [3, 4, 6]] prof=[[4, 2, 8, 7], [2, 3, 4], [2, 3, 4], [4, 3, 2]]
FAIL V_pot5_best = 1: n=4 m=6 sets=[[0, 3, 4, 5], [1, 3, 5], [2, 4, 5], [3, 4, 5]] prof=[[3, 8, 10, 6], [3, 4, 2], [2, 4, 3], [2, 4, 3]]
FAIL V_pot5_best = 1: n=4 m=6 sets=[[0, 2, 4, 5], [1, 4, 5], [2, 3, 5], [3, 4, 5]] prof=[[3, 6, 5, 7], [3, 2, 4], [4, 2, 3], [2, 4, 3]]
FAIL V_pot6_best = 2: n=4 m=7 sets=[[0, 5, 6], [1, 5, 6], [2, 3, 4, 6], [2, 3, 4]] prof=[[2, 4, 3], [2, 4, 3], [4, 3, 6, 8], [2, 3, 4]]
FAIL V_pot7_best = 1: n=4 m=6 sets=[[0, 3, 4, 5], [1, 4, 5], [2, 4, 5], [3, 4, 5]] prof=[[3, 6, 8, 10], [3, 4, 2], [3, 2, 4], [4, 2, 3]]
FAIL V_pot7_best = 1: n=4 m=6 sets=[[0, 3, 4, 5], [1, 3, 5], [2, 4, 5], [3, 4, 5]] prof=[[3, 8, 10, 6], [3, 4, 2], [2, 4, 3], [2, 4, 3]]
FAIL best_B = 2: n=4 m=6 sets=[[0, 2, 3, 4], [1, 3, 5], [2, 4, 5], [3, 4, 5]] prof=[[6, 4, 5, 8], [2, 4, 3], [3, 2, 4], [4, 2, 3]]
FAIL best_B = 2: n=4 m=6 sets=[[0, 2, 3, 5], [1, 4, 5], [2, 4, 5], [3, 4, 5]] prof=[[4, 6, 8, 5], [2, 3, 4], [3, 2, 4], [3, 2, 4]]
FAIL best_G = 3: n=4 m=5 sets=[[0, 2, 3, 4], [1, 3, 4], [2, 3, 4], [2, 3, 4]] prof=[[6, 3, 8, 4], [4, 2, 3], [2, 3, 4], [3, 4, 2]]
FAIL best_G = 3: n=4 m=5 sets=[[0, 1, 3, 4], [1, 3, 4], [2, 3, 4], [2, 3, 4]] prof=[[3, 6, 10, 2], [4, 2, 3], [2, 3, 4], [4, 3, 2]]
FAIL least_G = 4: n=4 m=5 sets=[[0, 1, 3, 4], [1, 3, 4], [2, 3, 4], [2, 3, 4]] prof=[[10, 2, 6, 3], [3, 2, 4], [3, 4, 2], [4, 2, 3]]
FAIL least_G = 4: n=4 m=5 sets=[[0, 1, 3, 4], [1, 2, 4], [2, 3, 4], [2, 3, 4]] prof=[[8, 2, 4, 5], [3, 4, 2], [3, 4, 2], [2, 3, 4]]
FAIL pot0_G = 2: n=4 m=5 sets=[[0, 2, 3, 4], [1, 3, 4], [2, 3, 4], [2, 3, 4]] prof=[[6, 3, 8, 4], [4, 2, 3], [2, 3, 4], [3, 4, 2]]
FAIL pot0_G = 2: n=4 m=5 sets=[[0, 2, 3, 4], [1, 3, 4], [2, 3, 4], [2, 3, 4]] prof=[[6, 3, 2, 10], [3, 2, 4], [3, 2, 4], [3, 2, 4]]
FAIL pot0_P4w = 3: n=4 m=5 sets=[[0, 1, 3, 4], [1, 3, 4], [2, 3, 4], [2, 3, 4]] prof=[[10, 4, 7, 2], [4, 2, 3], [3, 2, 4], [3, 4, 2]]
FAIL pot0_P4w = 3: n=4 m=5 sets=[[0, 1, 3, 4], [1, 3, 4], [2, 3, 4], [2, 3, 4]] prof=[[10, 2, 6, 3], [3, 2, 4], [3, 4, 2], [4, 2, 3]]
FAIL pot0_Q4w = 2: n=4 m=5 sets=[[0, 1, 4], [1, 2, 3, 4], [2, 3, 4], [2, 3, 4]] prof=[[3, 4, 2], [8, 6, 3, 10], [2, 3, 4], [4, 3, 2]]
FAIL pot0_Q4w = 2: n=4 m=5 sets=[[0, 1, 4], [1, 2, 3, 4], [2, 3, 4], [2, 3, 4]] prof=[[2, 4, 3], [3, 10, 6, 2], [3, 4, 2], [3, 4, 2]]
FAIL pot1_G = 3: n=4 m=5 sets=[[0, 2, 3, 4], [1, 3, 4], [2, 3, 4], [2, 3, 4]] prof=[[6, 3, 8, 4], [4, 2, 3], [2, 3, 4], [3, 4, 2]]
FAIL pot1_G = 3: n=4 m=5 sets=[[0, 1, 3, 4], [1, 3, 4], [2, 3, 4], [2, 3, 4]] prof=[[3, 6, 10, 2], [4, 2, 3], [2, 3, 4], [4, 3, 2]]
FAIL pot1_P4w = 4: n=4 m=5 sets=[[0, 1, 2, 3], [1, 2, 4], [1, 3, 4], [2, 3, 4]] prof=[[6, 8, 10, 3], [4, 3, 2], [2, 4, 3], [2, 4, 3]]
FAIL pot1_P4w = 3: n=4 m=5 sets=[[0, 2, 3, 4], [1, 3, 4], [2, 3, 4], [2, 3, 4]] prof=[[6, 3, 8, 4], [4, 2, 3], [2, 3, 4], [3, 4, 2]]
FAIL pot1_Q4w = 3: n=4 m=5 sets=[[0, 1, 4], [1, 2, 3, 4], [2, 3, 4], [2, 3, 4]] prof=[[3, 4, 2], [8, 6, 3, 10], [2, 3, 4], [4, 3, 2]]
FAIL pot1_Q4w = 3: n=4 m=5 sets=[[0, 1, 4], [1, 2, 3, 4], [2, 3, 4], [2, 3, 4]] prof=[[4, 3, 2], [8, 4, 6, 1], [4, 2, 3], [3, 2, 4]]
FAIL pot2_G = 2: n=4 m=5 sets=[[0, 1, 4], [1, 2, 3, 4], [2, 3, 4], [2, 3, 4]] prof=[[2, 4, 3], [5, 8, 4, 2], [4, 2, 3], [2, 4, 3]]
FAIL pot2_G = 2: n=4 m=5 sets=[[0, 3, 4], [1, 2, 3, 4], [1, 3, 4], [2, 3, 4]] prof=[[2, 4, 3], [2, 4, 8, 3], [3, 2, 4], [3, 2, 4]]
FAIL pot2_Q4w = 3: n=4 m=5 sets=[[0, 1, 2, 4], [1, 2, 3, 4], [1, 3, 4], [2, 3, 4]] prof=[[2, 8, 4, 3], [6, 3, 10, 2], [2, 4, 3], [4, 2, 3]]
FAIL pot2_Q4w = 2: n=4 m=5 sets=[[0, 1, 4], [1, 2, 3, 4], [2, 3, 4], [2, 3, 4]] prof=[[2, 4, 3], [5, 8, 4, 2], [4, 2, 3], [2, 4, 3]]
FAIL pot3_G = 2: n=4 m=5 sets=[[0, 1, 4], [1, 2, 3, 4], [2, 3, 4], [2, 3, 4]] prof=[[2, 4, 3], [5, 8, 4, 2], [4, 2, 3], [2, 4, 3]]
FAIL pot3_G = 2: n=4 m=5 sets=[[0, 3, 4], [1, 2, 3, 4], [1, 2, 3, 4], [2, 3, 4]] prof=[[2, 3, 4], [8, 4, 6, 5], [10, 2, 3, 6], [4, 3, 2]]
FAIL pot3_Q4w = 3: n=4 m=5 sets=[[0, 1, 2, 4], [1, 2, 3, 4], [1, 3, 4], [2, 3, 4]] prof=[[2, 8, 4, 3], [6, 3, 10, 2], [2, 4, 3], [4, 2, 3]]
FAIL pot3_Q4w = 2: n=4 m=5 sets=[[0, 1, 4], [1, 2, 3, 4], [2, 3, 4], [2, 3, 4]] prof=[[2, 4, 3], [5, 8, 4, 2], [4, 2, 3], [2, 4, 3]]
FAIL pot4_P4w = 3: n=4 m=5 sets=[[0, 1, 3, 4], [1, 3, 4], [2, 3, 4], [2, 3, 4]] prof=[[10, 2, 6, 3], [3, 2, 4], [3, 4, 2], [4, 2, 3]]
FAIL pot4_P4w = 3: n=4 m=5 sets=[[0, 1, 3, 4], [1, 2, 4], [2, 3, 4], [2, 3, 4]] prof=[[8, 2, 4, 5], [3, 4, 2], [3, 4, 2], [2, 3, 4]]
FAIL pot4_Q4w = 1: n=4 m=7 sets=[[0, 2, 3, 6], [1, 5, 6], [2, 3, 4, 5], [4, 5, 6]] prof=[[2, 4, 3, 8], [2, 3, 4], [4, 3, 10, 8], [4, 3, 2]]
FAIL pot5_P4w = 3: n=4 m=5 sets=[[0, 1, 3, 4], [1, 3, 4], [2, 3, 4], [2, 3, 4]] prof=[[10, 2, 6, 3], [3, 2, 4], [3, 4, 2], [4, 2, 3]]
FAIL pot5_P4w = 2: n=4 m=5 sets=[[0, 1, 3, 4], [1, 2, 4], [2, 3, 4], [2, 3, 4]] prof=[[8, 2, 4, 5], [3, 4, 2], [3, 4, 2], [2, 3, 4]]
FAIL pot6_G = 1: n=4 m=6 sets=[[0, 4, 5], [1, 2, 3], [1, 3, 4, 5], [2, 3, 4, 5]] prof=[[3, 2, 4], [2, 3, 4], [2, 4, 10, 7], [4, 3, 8, 6]]
FAIL pot6_G = 1: n=4 m=7 sets=[[0, 2, 6], [1, 5, 6], [2, 3, 4, 6], [3, 4, 5]] prof=[[2, 4, 3], [2, 3, 4], [8, 4, 2, 5], [2, 3, 4]]
FAIL pot6_Q4w = 1: n=4 m=6 sets=[[0, 2, 3, 5], [1, 4, 5], [2, 3, 4, 5], [3, 4, 5]] prof=[[5, 8, 6, 4], [2, 3, 4], [4, 3, 8, 10], [2, 4, 3]]
FAIL pot6_Q4w = 1: n=4 m=6 sets=[[0, 2, 3, 4], [1, 2, 5], [2, 3, 4, 5], [3, 4, 5]] prof=[[6, 7, 5, 3], [3, 2, 4], [7, 6, 2, 10], [4, 2, 3]]
FAIL pot7_G = 1: n=4 m=5 sets=[[0, 1, 3, 4], [2, 3, 4], [2, 3, 4], [2, 3, 4]] prof=[[6, 3, 2, 10], [2, 3, 4], [3, 2, 4], [3, 4, 2]]
FAIL pot7_G = 1: n=4 m=5 sets=[[0, 1, 3, 4], [2, 3, 4], [2, 3, 4], [2, 3, 4]] prof=[[6, 3, 2, 10], [4, 2, 3], [3, 2, 4], [2, 3, 4]]
FAIL pot7_P4w = 2: n=4 m=5 sets=[[0, 2, 3, 4], [1, 3, 4], [2, 3, 4], [2, 3, 4]] prof=[[6, 3, 2, 10], [3, 2, 4], [3, 2, 4], [3, 2, 4]]
FAIL pot7_P4w = 2: n=4 m=5 sets=[[0, 2, 3, 4], [1, 3, 4], [2, 3, 4], [2, 3, 4]] prof=[[4, 5, 6, 8], [3, 2, 4], [4, 2, 3], [2, 3, 4]]
FAIL pot7_Q4w = 1: n=4 m=5 sets=[[0, 3, 4], [1, 2, 3, 4], [1, 3, 4], [2, 3, 4]] prof=[[2, 4, 3], [2, 4, 8, 3], [3, 2, 4], [3, 2, 4]]
FAIL pot7_Q4w = 1: n=4 m=5 sets=[[0, 3, 4], [1, 2, 3, 4], [1, 2, 4], [2, 3, 4]] prof=[[3, 4, 2], [5, 6, 8, 4], [2, 3, 4], [2, 4, 3]]
FAIL priv_G = 4: n=4 m=5 sets=[[0, 1, 3, 4], [1, 3, 4], [2, 3, 4], [2, 3, 4]] prof=[[3, 6, 10, 2], [4, 2, 3], [2, 3, 4], [4, 3, 2]]
FAIL priv_G = 4: n=4 m=5 sets=[[0, 2, 3, 4], [1, 2, 4], [1, 3, 4], [2, 3, 4]] prof=[[8, 4, 10, 3], [4, 2, 3], [4, 2, 3], [4, 2, 3]]
example best_G=1 n=4 m=5 sets=[[0, 1, 3, 4], [2, 3, 4], [2, 3, 4], [2, 3, 4]] prof=[[3, 4, 8, 10], [2, 3, 4], [2, 4, 3], [2, 4, 3]]
   ('G', 0, 0, 2, 2, 24, '- 1 0 2 3')
   ('G', 0, 1, 1, 1, 24, '1 - 0 2 3')
   ('G', 0, 3, 2, 2, 36, '1 2 0 - 3')
   ('G', 0, 4, 2, 2, 36, '1 2 0 3 -')
example best_G=1 n=4 m=6 sets=[[0, 3, 4, 5], [1, 4, 5], [2, 4, 5], [3, 4, 5]] prof=[[5, 3, 6, 7], [3, 2, 4], [4, 3, 2], [3, 2, 4]]
   ('G', 0, 0, 2, 2, 10, '- 2 2 0 3 1')
   ('G', 0, 3, 3, 3, 17, '0 0 3 - 2 1')
   ('G', 0, 4, 3, 3, 15, '0 0 3 2 - 1')
   ('G', 0, 5, 1, 1, 7, '0 1 2 3 0 -')
example best_G=1 n=4 m=7 sets=[[0, 1, 5, 6], [2, 3, 4], [2, 3, 6], [4, 5, 6]] prof=[[2, 7, 6, 10], [2, 3, 4], [4, 2, 3], [4, 2, 3]]
   ('G', 0, 0, 2, 2, 14, '- 3 2 2 1 3 0')
   ('G', 0, 1, 1, 1, 14, '3 - 2 2 1 3 0')
   ('G', 0, 5, 2, 2, 19, '0 0 3 0 1 - 2')
   ('G', 0, 6, 2, 2, 17, '0 0 1 2 3 0 -')
example best_G=1 n=4 m=8 sets=[[0, 2, 5, 7], [1, 5, 7], [3, 6, 7], [4, 6, 7]] prof=[[6, 4, 8, 5], [3, 4, 2], [3, 4, 2], [2, 3, 4]]
   ('G', 0, 0, 3, 3, 24, '- 2 2 2 2 1 3 0')
   ('G', 0, 2, 1, 1, 34, '1 1 - 3 2 0 2 3')
   ('G', 0, 5, 1, 1, 50, '0 1 1 2 3 - 3 2')
   ('G', 0, 7, 2, 2, 34, '0 2 0 2 2 1 3 -')
example best_G=1 n=4 m=9 sets=[[0, 2, 6, 7], [1, 5, 6], [3, 5, 8], [4, 7, 8]] prof=[[8, 3, 6, 10], [4, 2, 3], [2, 4, 3], [2, 4, 3]]
   ('G', 0, 0, 1, 1, 123, '- 1 1 2 1 0 0 3 2')
   ('G', 0, 2, 1, 1, 139, '1 1 - 3 1 2 2 0 3')
   ('G', 0, 6, 1, 1, 160, '1 1 2 3 1 2 - 0 3')
   ('G', 0, 7, 2, 2, 199, '0 1 1 3 0 2 2 - 3')
example best_G=1 n=4 m=10 sets=[[0, 2, 5, 8], [1, 4, 7, 9], [3, 5, 6, 7], [6, 8, 9]] prof=[[8, 3, 6, 10], [4, 3, 8, 2], [4, 8, 3, 6], [3, 2, 4]]
   ('G', 0, 0, 1, 1, 623, '- 3 1 2 3 2 0 1 0 3')
   ('G', 0, 2, 2, 2, 484, '2 3 - 1 3 2 0 1 0 3')
   ('G', 0, 5, 2, 2, 443, '0 1 0 0 0 - 1 2 0 3')
   ('G', 0, 8, 1, 1, 620, '0 0 1 0 0 2 0 1 - 3')
   ('G', 1, 1, 1, 1, 584, '2 - 3 1 3 2 0 1 0 3')
   ('G', 1, 4, 1, 1, 584, '2 3 3 1 - 2 0 1 0 3')
   ('G', 1, 7, 2, 2, 625, '0 1 0 1 1 2 1 - 2 3')
   ('G', 1, 9, 1, 1, 714, '0 3 0 2 3 2 3 1 1 -')
   ('G', 2, 3, 1, 1, 587, '2 3 1 - 3 2 0 1 0 3')
   ('G', 2, 5, 2, 2, 443, '0 1 0 0 0 - 1 2 0 3')
   ('G', 2, 6, 1, 1, 680, '2 3 0 1 3 2 - 1 0 3')
   ('G', 2, 7, 2, 2, 625, '0 1 0 1 1 2 1 - 2 3')
example best_G=1 n=4 m=12 sets=[[0, 2, 8, 10], [1, 5, 8, 11], [3, 6, 9, 10], [4, 7, 9, 11]] prof=[[3, 5, 6, 7], [3, 6, 7, 5], [4, 6, 8, 5], [4, 5, 6, 8]]
   ('G', 0, 0, 2, 2, 7310, '- 1 1 0 1 1 1 2 3 2 0 3')
   ('G', 0, 2, 2, 2, 7310, '1 1 - 0 1 1 1 2 3 2 0 3')
   ('G', 0, 8, 1, 1, 9466, '0 0 0 0 0 1 2 3 - 2 1 3')
   ('G', 0, 10, 1, 1, 6890, '0 0 0 0 0 1 3 2 1 2 - 3')
   ('G', 1, 1, 2, 2, 7176, '1 - 3 0 3 3 3 3 1 2 0 2')
   ('G', 1, 5, 2, 2, 7176, '1 3 3 0 3 - 3 3 1 2 0 2')
   ('G', 1, 8, 1, 1, 9466, '0 0 0 0 0 1 2 3 - 2 1 3')
   ('G', 1, 11, 1, 1, 6638, '0 0 0 2 0 3 2 1 1 3 0 -')
   ('G', 2, 3, 2, 2, 7152, '0 0 0 - 0 3 0 2 1 2 1 3')
   ('G', 2, 6, 2, 2, 7152, '0 0 0 0 0 3 - 2 1 2 1 3')
   ('G', 2, 9, 1, 1, 8924, '0 1 0 3 0 1 2 2 0 - 0 3')
   ('G', 2, 10, 1, 1, 6890, '0 0 0 0 0 1 3 2 1 2 - 3')
   ('G', 3, 4, 2, 2, 7008, '1 2 2 2 - 3 2 2 1 0 0 3')
   ('G', 3, 7, 2, 2, 7008, '1 2 2 2 2 3 2 - 1 0 0 3')
   ('G', 3, 9, 1, 1, 8924, '0 1 0 3 0 1 2 2 0 - 0 3')
   ('G', 3, 11, 1, 1, 6638, '0 0 0 2 0 3 2 1 1 3 0 -')
example best_G=2 n=4 m=5 sets=[[0, 1, 3, 4], [2, 3, 4], [2, 3, 4], [2, 3, 4]] prof=[[6, 3, 2, 10], [2, 3, 4], [3, 2, 4], [3, 4, 2]]
   ('G', 0, 0, 2, 2, 24, '- 1 3 0 2')
   ('G', 0, 1, 2, 2, 24, '1 - 3 0 2')
   ('G', 0, 3, 3, 3, 36, '1 2 0 - 3')
   ('G', 0, 4, 2, 2, 30, '1 2 3 0 -')
example best_G=2 n=4 m=6 sets=[[0, 1, 2, 5], [2, 4, 5], [3, 4, 5], [3, 4, 5]] prof=[[8, 4, 3, 10], [4, 2, 3], [2, 4, 3], [4, 2, 3]]
   ('G', 0, 0, 2, 2, 5, '- 1 1 2 3 0')
   ('G', 0, 1, 2, 2, 5, '1 - 1 2 3 0')
   ('G', 0, 2, 3, 3, 17, '1 1 - 2 3 0')
   ('G', 0, 5, 3, 3, 10, '0 0 2 1 3 -')
example best_G=2 n=4 m=7 sets=[[0, 1, 2, 3], [2, 3, 6], [4, 5, 6], [4, 5, 6]] prof=[[5, 4, 8, 6], [3, 4, 2], [3, 2, 4], [2, 4, 3]]
   ('G', 0, 0, 2, 2, 15, '- 2 1 0 3 3 2')
   ('G', 0, 1, 2, 2, 15, '2 - 1 0 3 3 2')
   ('G', 0, 2, 3, 3, 13, '2 3 - 0 2 3 1')
   ('G', 0, 3, 2, 2, 13, '2 3 0 - 2 3 1')
example best_G=2 n=4 m=8 sets=[[0, 2, 5, 7], [1, 5, 7], [3, 6, 7], [4, 6, 7]] prof=[[2, 3, 8, 4], [3, 4, 2], [2, 3, 4], [2, 4, 3]]
   ('G', 0, 0, 4, 4, 29, '- 2 2 2 2 1 3 0')
   ('G', 0, 2, 4, 4, 29, '2 2 - 2 2 1 3 0')
   ('G', 0, 5, 2, 2, 45, '0 1 0 0 1 - 3 2')
   ('G', 0, 7, 3, 3, 32, '2 2 0 2 2 1 3 -')
example best_G=2 n=4 m=9 sets=[[0, 2, 7, 8], [1, 5, 7, 8], [3, 6, 7], [4, 6, 8]] prof=[[3, 5, 6, 7], [5, 6, 8, 4], [2, 4, 3], [3, 4, 2]]
   ('G', 0, 0, 4, 4, 69, '- 0 2 2 2 2 3 1 0')
   ('G', 0, 2, 3, 3, 69, '2 0 - 2 2 2 3 1 0')
   ('G', 0, 7, 2, 2, 123, '0 0 0 2 1 1 3 - 2')
   ('G', 0, 8, 3, 3, 80, '1 2 2 2 2 1 3 0 -')
   ('G', 1, 1, 3, 3, 69, '0 - 2 2 2 2 3 1 0')
   ('G', 1, 5, 3, 3, 69, '0 2 2 2 2 - 3 1 0')
   ('G', 1, 7, 2, 2, 123, '0 0 0 2 1 1 3 - 2')
   ('G', 1, 8, 3, 3, 80, '1 2 2 2 2 1 3 0 -')
