# Variants of the LBO construction (k4/induct.md §4b): each line group is one command; misses = (profile, w) pairs without a witness
## python3 k4/induct_lbo.py results/certs_lb_2_6.json.gz --n=4 --all --jobs=2 --last --rot
time 33.7s; (profile, w) pairs: 212544; without an LB⁺ witness (O) or (S): 4098
  no witness: sets=[[1, 2, 3], [1, 2, 4], [0, 1, 2], [0, 1, 2]] values=[[2, 3, 4], [2, 3, 4], [2, 3, 4], [2, 3, 4]] agents=[2, 3]
  no witness: sets=[[1, 2, 3], [1, 2, 4], [0, 1, 2], [0, 1, 2]] values=[[2, 3, 4], [2, 3, 4], [2, 3, 4], [3, 2, 4]] agents=[2, 3]
## python3 k4/induct_lbo.py results/certs_lb_2_6.json.gz --n=4 --all --jobs=2 --last --partial
time 29.6s; (profile, w) pairs: 212544; without an LB⁺ witness (O) or (S): 3608
  no witness: sets=[[0, 3, 4], [0, 2, 3], [1, 2, 3], [1, 2, 3]] values=[[2, 4, 3], [2, 4, 3], [2, 3, 4], [4, 2, 3]] agents=[2]
  no witness: sets=[[0, 3, 4], [0, 2, 3], [1, 2, 3], [1, 2, 3]] values=[[2, 4, 3], [2, 4, 3], [2, 3, 4], [4, 3, 2]] agents=[2]
## python3 k4/induct_lbo.py results/certs_lb_2_6.json.gz --n=4 --all --jobs=2 --last --partial --rot --only-o
time 27.7s; (profile, w) pairs: 212544; without an LB⁺ witness (O) or (S): 48
  no witness: sets=[[0, 3, 4], [2, 3, 5], [0, 1, 3], [1, 2, 3]] values=[[2, 4, 3], [4, 2, 3], [2, 4, 3], [3, 4, 2]] agents=[3]
  no witness: sets=[[0, 3, 4], [2, 3, 5], [0, 1, 3], [1, 2, 3]] values=[[2, 4, 3], [4, 2, 3], [2, 4, 3], [4, 3, 2]] agents=[3]
## python3 k4/induct_lbo.py results/certs_lb_2_6.json.gz --n=4 --all --jobs=2 --partial --rot
time 15.2s; (profile, w) pairs: 212544; without an LB⁺ witness (O) or (S): 0
## python3 k4/induct_lbo.py results/certs_lb_2_6.json.gz --n=4 --all --jobs=2 --every-run --partial --rot
time 89.5s; (profile, w) pairs: 212544; without an LB⁺ witness (O) or (S): 2188
  no witness: sets=[[0, 3, 4], [0, 2, 3], [1, 2, 3], [1, 2, 3]] values=[[4, 2, 3], [3, 4, 2], [4, 2, 3], [4, 3, 2]] agents=[1]
  no witness: sets=[[0, 3, 4], [0, 2, 3], [1, 2, 3], [1, 2, 3]] values=[[4, 2, 3], [3, 4, 2], [4, 3, 2], [4, 2, 3]] agents=[1]
## python3 k4/induct_lbo.py results/certs_5_6.json.gz --n=5 --all --jobs=2 --partial --rot
time 72.3s; (profile, w) pairs: 583200; without an LB⁺ witness (O) or (S): 1134
  no witness: sets=[[0, 1, 6], [0, 2, 7], [1, 3, 8], [2, 4, 5], [3, 4, 5]] values=[[2, 4, 3], [2, 4, 3], [2, 4, 3], [2, 3, 4], [3, 2, 4]] agents=[4]
  no witness: sets=[[0, 1, 6], [0, 2, 7], [1, 3, 8], [2, 4, 5], [3, 4, 5]] values=[[2, 4, 3], [2, 4, 3], [2, 4, 3], [2, 3, 4], [4, 2, 3]] agents=[4]
