command: python3 k4/induct_run.py results/k4_certs_3.json.gz --samples=500 --seed=7 --jobs=2 --rmax=3 --no-a --v --log=results/k4_induct_n3.log
25500 (core, profile) pairs; options {'rmax': 3, 'quick': False, 'd2': False, 'only_g': False}
time 34.0s
best_G     0: 19750, 1: 3198, 2: 2511, 3: 41
priv_G     0: 15156, 1: 2549, 2: 1800, 3: 484, 4: 11, None: 5500
least_G    0: 16848, 1: 4366, 2: 3683, 3: 586, 4: 17
best_A     None: 25500
best_B     0: 8764, 1: 16598, 2: 138
best_G_d2  0: 19757, 1: 3192, 2: 2510, 3: 41
worst_G    0: 282, 1: 8174, 2: 13374, 3: 3421, 4: 245, 5: 4
exists_G   0: 25500
pot0_G     0: 24408, 1: 1090, 2: 2
pot1_G     0: 22152, 1: 2223, 2: 1119, 3: 6
pot2_G     0: 25426, 1: 67, 2: 7
pot3_G     0: 25490, 1: 10
pot4_G     0: 25497, 1: 3
pot5_G     0: 25497, 1: 3
pot6_G     0: 25490, 1: 10
pot7_G     0: 25261, 1: 209, 2: 30
pot0d2_G   0: 24408, 1: 1090, 2: 2
pot1d2_G   0: 22165, 1: 2210, 2: 1119, 3: 6
pot2d2_G   0: 25426, 1: 67, 2: 7
pot3d2_G   0: 25490, 1: 10
pot4d2_G   0: 25497, 1: 3
pot5d2_G   0: 25497, 1: 3
pot6d2_G   0: 25490, 1: 10
pot7d2_G   0: 25261, 1: 209, 2: 30
pot4_B     0: 15099, 1: 10374, 2: 27
pot5_B     0: 15542, 1: 9936, 2: 22
pot7_B     0: 8844, 1: 16546, 2: 110
pot2_allG  0: 725, 1: 12664, 2: 10143, 3: 1831, 4: 134, 5: 3
pot2_leastG 0: 22228, 1: 2521, 2: 693, 3: 55, 4: 3
pot2_privG 0: 20000, None: 5500
pot2_topG  0: 11748, 1: 10674, 2: 2928, 3: 149, 4: 1
pot2_everyw 0: 24406, 1: 1003, 2: 87, 3: 4
pot2_everyd 0: 2195, 1: 16455, 2: 6363, 3: 479, 4: 8
pot3_allG  0: 5252, 1: 13039, 2: 5995, 3: 1128, 4: 86
pot3_leastG 0: 23835, 1: 1215, 2: 432, 3: 18
pot3_privG 0: 20000, None: 5500
pot3_topG  0: 18335, 1: 6148, 2: 945, 3: 72
pot3_everyw 0: 25295, 1: 190, 2: 13, 3: 2
pot3_everyd 0: 12252, 1: 10571, 2: 2488, 3: 188, 4: 1
pot4_allG  0: 12587, 1: 10707, 2: 1824, 3: 358, 4: 24
pot4_leastG 0: 24784, 1: 591, 2: 104, 3: 21
pot4_privG 0: 19669, 1: 231, 2: 73, 3: 27, None: 5500
pot4_topG  0: 20597, 1: 4334, 2: 509, 3: 60
pot4_everyw 0: 25449, 1: 51
pot4_everyd 0: 15822, 1: 8149, 2: 1298, 3: 225, 4: 6
pot5_allG  0: 13693, 1: 9853, 2: 1649, 3: 291, 4: 14
pot5_leastG 0: 24777, 1: 615, 2: 99, 3: 9
pot5_privG 0: 19759, 1: 185, 2: 48, 3: 8, None: 5500
pot5_topG  0: 21057, 1: 4018, 2: 387, 3: 38
pot5_everyw 0: 25468, 1: 32
pot5_everyd 0: 16273, 1: 7951, 2: 1107, 3: 165, 4: 4
pot6_allG  0: 12248, 1: 10246, 2: 2509, 3: 456, 4: 41
pot6_leastG 0: 24477, 1: 831, 2: 176, 3: 16
pot6_privG 0: 20000, None: 5500
pot6_topG  0: 21635, 1: 3534, 2: 297, 3: 34
pot6_everyw 0: 25401, 1: 92, 2: 6, 3: 1
pot6_everyd 0: 16421, 1: 8076, 2: 906, 3: 97
pot0_Q4w   0: 10329, 1: 1632, 2: 37, 3: 2, None: 13500
pot0_P4w   0: 17040, 1: 1343, 2: 1130, 3: 429, 4: 56, 5: 2, None: 5500
pot1_Q4w   0: 7506, 1: 3189, 2: 1293, 3: 12, None: 13500
pot1_P4w   0: 12607, 1: 5582, 2: 1544, 3: 254, 4: 13, None: 5500
pot2_Q4w   0: 10906, 1: 1003, 2: 87, 3: 4, None: 13500
pot2_P4w   0: 20000, None: 5500
pot3_Q4w   0: 11795, 1: 190, 2: 13, 3: 2, None: 13500
pot3_P4w   0: 20000, None: 5500
pot4_Q4w   0: 11989, 1: 11, None: 13500
pot4_P4w   0: 18976, 1: 682, 2: 267, 3: 74, 4: 1, None: 5500
pot5_Q4w   0: 11996, 1: 4, None: 13500
pot5_P4w   0: 19217, 1: 517, 2: 220, 3: 45, 4: 1, None: 5500
pot6_Q4w   0: 11901, 1: 92, 2: 6, 3: 1, None: 13500
pot6_P4w   0: 20000, None: 5500
pot7_Q4w   0: 11445, 1: 491, 2: 64, None: 13500
pot7_P4w   0: 18511, 1: 510, 2: 696, 3: 271, 4: 12, None: 5500
V_best     0: 16893, 1: 8126, 2: 472, 3: 6, 4: 3
V_least    0: 15707, 1: 8521, 2: 1057, 3: 134, 4: 81
V_top      0: 260, 1: 9563, 2: 12453, 3: 2936, 4: 284, 5: 4
V_everyw   0: 8741, 1: 13271, 2: 3308, 3: 168, 4: 12
V_all      0: 9, 1: 1771, 2: 10694, 3: 10700, 4: 2106, 5: 216, 6: 4
V_least_everyw 0: 7206, 1: 11676, 2: 5044, 3: 1185, 4: 337, 5: 51, 6: 1
V_Q4_everyw 0: 6374, 1: 4435, 2: 1125, 3: 65, 4: 1, None: 13500
V_Q4_least 0: 5414, 1: 4537, 2: 1727, 3: 283, 4: 37, 5: 2, None: 13500
V_P4_everyw 0: 6144, 1: 11378, 2: 2363, 3: 104, 4: 11, None: 5500
V_pot0_best 0: 25487, 1: 13
V_pot0_least 0: 25186, 1: 261, 2: 5, 3: 4, 4: 44
V_pot0_everyw 0: 25400, 1: 100
V_pot0_Q4w 0: 11982, 1: 18, None: 13500
V_pot1_best 0: 20713, 1: 4495, 2: 291, 3: 1
V_pot1_least 0: 19432, 1: 5309, 2: 726, 3: 33
V_pot1_everyw 0: 11460, 1: 11616, 2: 2343, 3: 80, 4: 1
V_pot1_Q4w 0: 7526, 1: 3431, 2: 997, 3: 45, 4: 1, None: 13500
V_pot2_best 0: 18119, 1: 7274, 2: 107
V_pot2_least 0: 16916, 1: 8432, 2: 150, 3: 2
V_pot2_everyw 0: 10073, 1: 14738, 2: 653, 3: 35, 4: 1
V_pot2_Q4w 0: 6970, 1: 4341, 2: 653, 3: 35, 4: 1, None: 13500
V_pot3_best 0: 25497, 1: 3
V_pot3_least 0: 25221, 1: 279
V_pot3_everyw 0: 25395, 1: 105
V_pot3_Q4w 0: 11917, 1: 83, None: 13500
V_pot4_best 0: 25469, 1: 31
V_pot4_least 0: 25203, 1: 276, 2: 5, 3: 7, 4: 9
V_pot4_everyw 0: 25144, 1: 354, 2: 2
V_pot4_Q4w 0: 11922, 1: 78, None: 13500
V_pot5_best 0: 25490, 1: 10
V_pot5_least 0: 25144, 1: 347, 2: 7, 3: 1, 4: 1
V_pot5_everyw 0: 25397, 1: 103
V_pot5_Q4w 0: 11995, 1: 5, None: 13500
V_pot6_best 0: 25500
V_pot6_least 0: 25211, 1: 289
V_pot6_everyw 0: 25314, 1: 186
V_pot6_Q4w 0: 11899, 1: 101, None: 13500
V_pot7_best 0: 19150, 1: 6340, 2: 4, 3: 3, 4: 3
V_pot7_least 0: 17922, 1: 7496, 2: 13, 3: 39, 4: 30
V_pot7_everyw 0: 11354, 1: 13963, 2: 154, 3: 18, 4: 11
V_pot7_Q4w 0: 7819, 1: 4060, 2: 121, None: 13500
B_top      0: 8725, 1: 16058, 2: 532, 3: 182, 4: 3
B_least    1: 12880, 2: 11451, 3: 1138, 4: 31
B_everyw   0: 4085, 1: 19795, 2: 1605, 3: 15
B_all      1: 1873, 2: 14645, 3: 8383, 4: 594, 5: 5
B_top_everyw 0: 4026, 1: 16244, 2: 4048, 3: 1058, 4: 123, 5: 1
B_Q4_everyw 0: 3134, 1: 8597, 2: 267, 3: 2, None: 13500
B_Q4_top   0: 3129, 1: 7730, 2: 1037, 3: 94, 4: 10, None: 13500
B_d2       0: 8955, 1: 16413, 2: 132
B_top_d2   0: 8916, 1: 15904, 2: 495, 3: 182, 4: 3
PS_priv    True: 20000, None: 5500
PS_Q4_anyd True: 12000, None: 13500
PS_Q4_least True: 12000, None: 13500
GPS_Q4_anyd False: 119, True: 11881, None: 13500
GPS_Q4_least False: 4001, True: 7999, None: 13500
GPS_anyw_anyd False: 12, True: 25488
GPS_P4_priv True: 20000, None: 5500
FAIL B_Q4_everyw = 2: n=3 m=5 sets=[[0, 2, 3, 4], [1, 2, 3, 4], [1, 3, 4]] prof=[[4, 3, 8, 10], [7, 2, 8, 4], [2, 3, 4]]
FAIL B_Q4_everyw = 2: n=3 m=5 sets=[[0, 2, 3, 4], [1, 2, 3, 4], [1, 3, 4]] prof=[[3, 4, 8, 6], [4, 6, 1, 8], [2, 4, 3]]
FAIL GPS_Q4_anyd = False: n=3 m=5 sets=[[0, 2, 3, 4], [1, 2, 3, 4], [1, 3, 4]] prof=[[2, 6, 10, 7], [6, 4, 8, 3], [4, 2, 3]]
FAIL GPS_Q4_anyd = False: n=3 m=5 sets=[[0, 2, 3, 4], [1, 2, 3, 4], [1, 3, 4]] prof=[[4, 8, 2, 3], [6, 10, 3, 2], [4, 2, 3]]
FAIL V_Q4_everyw = 2: n=3 m=5 sets=[[0, 2, 3, 4], [1, 2, 3, 4], [1, 3, 4]] prof=[[8, 4, 3, 10], [6, 2, 7, 10], [2, 4, 3]]
FAIL V_Q4_everyw = 2: n=3 m=5 sets=[[0, 2, 3, 4], [1, 2, 3, 4], [1, 3, 4]] prof=[[4, 8, 7, 2], [6, 8, 10, 3], [4, 3, 2]]
FAIL V_best = 2: n=3 m=5 sets=[[0, 2, 3, 4], [1, 3, 4], [2, 3, 4]] prof=[[3, 6, 8, 4], [3, 4, 2], [4, 3, 2]]
FAIL V_best = 2: n=3 m=5 sets=[[0, 2, 3, 4], [1, 3, 4], [2, 3, 4]] prof=[[5, 6, 3, 7], [3, 2, 4], [4, 2, 3]]
FAIL V_pot0_best = 1: n=3 m=6 sets=[[0, 2, 4, 5], [1, 4, 5], [3, 4, 5]] prof=[[3, 4, 8, 2], [2, 3, 4], [3, 4, 2]]
FAIL V_pot0_best = 1: n=3 m=6 sets=[[0, 2, 4, 5], [1, 4, 5], [3, 4, 5]] prof=[[4, 3, 6, 8], [3, 4, 2], [3, 2, 4]]
FAIL V_pot1_best = 2: n=3 m=5 sets=[[0, 2, 3, 4], [1, 3, 4], [2, 3, 4]] prof=[[3, 6, 8, 4], [3, 4, 2], [4, 3, 2]]
FAIL V_pot1_best = 2: n=3 m=5 sets=[[0, 2, 3, 4], [1, 3, 4], [2, 3, 4]] prof=[[5, 6, 3, 7], [3, 2, 4], [4, 2, 3]]
FAIL V_pot2_best = 1: n=3 m=5 sets=[[0, 2, 3, 4], [1, 3, 4], [2, 3, 4]] prof=[[4, 8, 5, 2], [4, 2, 3], [4, 2, 3]]
FAIL V_pot2_best = 1: n=3 m=5 sets=[[0, 2, 3, 4], [1, 3, 4], [2, 3, 4]] prof=[[2, 4, 8, 3], [3, 4, 2], [3, 4, 2]]
FAIL V_pot3_best = 1: n=3 m=6 sets=[[0, 2, 3, 4], [1, 2, 5], [3, 4, 5]] prof=[[2, 4, 7, 8], [2, 4, 3], [3, 2, 4]]
FAIL V_pot3_best = 1: n=3 m=6 sets=[[0, 2, 3, 4], [1, 2, 5], [3, 4, 5]] prof=[[3, 5, 7, 6], [3, 4, 2], [3, 2, 4]]
FAIL V_pot4_best = 1: n=3 m=6 sets=[[0, 1, 2, 3], [2, 4, 5], [3, 4, 5]] prof=[[6, 2, 3, 10], [3, 2, 4], [4, 3, 2]]
FAIL V_pot4_best = 1: n=3 m=6 sets=[[0, 1, 2, 3], [2, 4, 5], [3, 4, 5]] prof=[[3, 4, 2, 8], [3, 2, 4], [4, 3, 2]]
FAIL V_pot5_best = 1: n=3 m=6 sets=[[0, 1, 2, 3], [2, 4, 5], [3, 4, 5]] prof=[[2, 4, 8, 3], [4, 2, 3], [3, 4, 2]]
FAIL V_pot5_best = 1: n=3 m=6 sets=[[0, 2, 4, 5], [1, 4, 5], [3, 4, 5]] prof=[[3, 2, 8, 4], [2, 4, 3], [3, 4, 2]]
FAIL V_pot7_best = 1: n=3 m=5 sets=[[0, 2, 3, 4], [1, 3, 4], [2, 3, 4]] prof=[[2, 10, 7, 6], [3, 4, 2], [4, 2, 3]]
FAIL V_pot7_best = 1: n=3 m=5 sets=[[0, 2, 3, 4], [1, 3, 4], [2, 3, 4]] prof=[[6, 4, 5, 8], [3, 4, 2], [4, 2, 3]]
FAIL best_B = 2: n=3 m=5 sets=[[0, 1, 3, 4], [2, 3, 4], [2, 3, 4]] prof=[[7, 2, 6, 10], [4, 3, 2], [4, 2, 3]]
FAIL best_B = 2: n=3 m=5 sets=[[0, 1, 3, 4], [2, 3, 4], [2, 3, 4]] prof=[[2, 7, 10, 6], [4, 2, 3], [4, 3, 2]]
FAIL best_G = 2: n=3 m=4 sets=[[0, 1, 2, 3], [1, 2, 3], [1, 2, 3]] prof=[[4, 2, 3, 8], [4, 2, 3], [2, 4, 3]]
FAIL best_G = 2: n=3 m=4 sets=[[0, 1, 2, 3], [1, 2, 3], [1, 2, 3]] prof=[[10, 3, 4, 8], [4, 2, 3], [4, 2, 3]]
FAIL least_G = 3: n=3 m=4 sets=[[0, 1, 2, 3], [1, 2, 3], [1, 2, 3]] prof=[[10, 7, 2, 6], [3, 2, 4], [4, 3, 2]]
FAIL least_G = 3: n=3 m=4 sets=[[0, 1, 2, 3], [1, 2, 3], [1, 2, 3]] prof=[[2, 10, 6, 3], [3, 2, 4], [2, 4, 3]]
FAIL pot0_G = 1: n=3 m=4 sets=[[0, 1, 2, 3], [1, 2, 3], [1, 2, 3]] prof=[[4, 2, 3, 8], [4, 2, 3], [2, 4, 3]]
FAIL pot0_G = 1: n=3 m=4 sets=[[0, 1, 2, 3], [1, 2, 3], [1, 2, 3]] prof=[[4, 8, 2, 5], [3, 4, 2], [2, 3, 4]]
FAIL pot0_P4w = 2: n=3 m=4 sets=[[0, 1, 2, 3], [1, 2, 3], [1, 2, 3]] prof=[[4, 2, 3, 8], [4, 2, 3], [2, 4, 3]]
FAIL pot0_P4w = 2: n=3 m=4 sets=[[0, 1, 2, 3], [1, 2, 3], [1, 2, 3]] prof=[[4, 8, 2, 5], [3, 4, 2], [2, 3, 4]]
FAIL pot0_Q4w = 1: n=3 m=4 sets=[[0, 1, 2, 3], [0, 2, 3], [1, 2, 3]] prof=[[4, 6, 8, 3], [3, 4, 2], [4, 2, 3]]
FAIL pot0_Q4w = 1: n=3 m=4 sets=[[0, 1, 2, 3], [0, 2, 3], [1, 2, 3]] prof=[[10, 6, 3, 2], [3, 4, 2], [2, 3, 4]]
FAIL pot1_G = 2: n=3 m=4 sets=[[0, 1, 2, 3], [1, 2, 3], [1, 2, 3]] prof=[[4, 2, 3, 8], [4, 2, 3], [2, 4, 3]]
FAIL pot1_G = 2: n=3 m=4 sets=[[0, 1, 2, 3], [1, 2, 3], [1, 2, 3]] prof=[[4, 8, 2, 5], [3, 4, 2], [2, 3, 4]]
FAIL pot1_P4w = 3: n=3 m=4 sets=[[0, 1, 2, 3], [1, 2, 3], [1, 2, 3]] prof=[[4, 2, 3, 8], [4, 2, 3], [2, 4, 3]]
FAIL pot1_P4w = 3: n=3 m=4 sets=[[0, 1, 2, 3], [1, 2, 3], [1, 2, 3]] prof=[[4, 8, 2, 5], [3, 4, 2], [2, 3, 4]]
FAIL pot1_Q4w = 2: n=3 m=4 sets=[[0, 1, 2, 3], [0, 2, 3], [1, 2, 3]] prof=[[4, 6, 8, 3], [3, 4, 2], [4, 2, 3]]
FAIL pot1_Q4w = 2: n=3 m=4 sets=[[0, 1, 2, 3], [0, 2, 3], [1, 2, 3]] prof=[[10, 6, 3, 2], [3, 4, 2], [2, 3, 4]]
FAIL pot2_G = 2: n=3 m=5 sets=[[0, 3, 4], [1, 2, 3, 4], [1, 2, 4]] prof=[[2, 3, 4], [3, 2, 8, 4], [2, 3, 4]]
FAIL pot2_G = 2: n=3 m=5 sets=[[0, 3, 4], [1, 2, 3, 4], [1, 2, 4]] prof=[[2, 3, 4], [4, 3, 8, 2], [2, 3, 4]]
FAIL pot2_Q4w = 3: n=3 m=5 sets=[[0, 3, 4], [1, 2, 3, 4], [1, 2, 3, 4]] prof=[[2, 3, 4], [3, 5, 6, 7], [2, 3, 6, 10]]
FAIL pot2_Q4w = 3: n=3 m=5 sets=[[0, 2, 3, 4], [1, 2, 3, 4], [1, 2, 3, 4]] prof=[[4, 6, 1, 8], [5, 6, 3, 7], [4, 8, 2, 5]]
FAIL pot3_G = 1: n=3 m=5 sets=[[0, 3, 4], [1, 2, 3, 4], [1, 2, 4]] prof=[[2, 4, 3], [3, 5, 6, 7], [2, 3, 4]]
FAIL pot3_G = 1: n=3 m=5 sets=[[0, 3, 4], [1, 2, 3, 4], [1, 2, 4]] prof=[[2, 4, 3], [4, 2, 10, 7], [2, 3, 4]]
FAIL pot3_Q4w = 3: n=3 m=5 sets=[[0, 3, 4], [1, 2, 3, 4], [1, 2, 3, 4]] prof=[[2, 3, 4], [3, 5, 6, 7], [2, 3, 6, 10]]
FAIL pot3_Q4w = 3: n=3 m=5 sets=[[0, 2, 3, 4], [1, 2, 3, 4], [1, 2, 3, 4]] prof=[[4, 6, 1, 8], [5, 6, 3, 7], [4, 8, 2, 5]]
FAIL pot4_G = 1: n=3 m=6 sets=[[0, 2, 4, 5], [1, 4, 5], [3, 4, 5]] prof=[[3, 6, 4, 8], [2, 4, 3], [2, 4, 3]]
FAIL pot4_G = 1: n=3 m=6 sets=[[0, 2, 4, 5], [1, 4, 5], [3, 4, 5]] prof=[[5, 3, 6, 7], [2, 4, 3], [2, 4, 3]]
FAIL pot4_P4w = 2: n=3 m=4 sets=[[0, 1, 2, 3], [1, 2, 3], [1, 2, 3]] prof=[[8, 1, 4, 6], [2, 3, 4], [3, 2, 4]]
FAIL pot4_P4w = 2: n=3 m=4 sets=[[0, 1, 2, 3], [1, 2, 3], [1, 2, 3]] prof=[[8, 2, 4, 3], [3, 2, 4], [2, 4, 3]]
FAIL pot4_Q4w = 1: n=3 m=5 sets=[[0, 2, 3, 4], [1, 2, 3, 4], [1, 3, 4]] prof=[[4, 3, 8, 10], [7, 2, 8, 4], [2, 3, 4]]
FAIL pot4_Q4w = 1: n=3 m=5 sets=[[0, 2, 3, 4], [1, 2, 3, 4], [1, 3, 4]] prof=[[2, 3, 10, 6], [8, 3, 4, 6], [3, 4, 2]]
FAIL pot5_G = 1: n=3 m=6 sets=[[0, 2, 4, 5], [1, 4, 5], [3, 4, 5]] prof=[[4, 3, 6, 8], [2, 3, 4], [3, 4, 2]]
FAIL pot5_G = 1: n=3 m=6 sets=[[0, 2, 4, 5], [1, 4, 5], [3, 4, 5]] prof=[[3, 4, 8, 6], [3, 2, 4], [2, 4, 3]]
FAIL pot5_P4w = 2: n=3 m=4 sets=[[0, 1, 2, 3], [1, 2, 3], [1, 2, 3]] prof=[[8, 1, 4, 6], [2, 3, 4], [3, 2, 4]]
FAIL pot5_P4w = 2: n=3 m=4 sets=[[0, 1, 2, 3], [1, 2, 3], [1, 2, 3]] prof=[[8, 2, 4, 3], [3, 2, 4], [2, 4, 3]]
FAIL pot5_Q4w = 1: n=3 m=5 sets=[[0, 2, 3, 4], [1, 2, 3, 4], [1, 2, 3, 4]] prof=[[2, 4, 3, 8], [4, 8, 6, 5], [5, 6, 3, 7]]
FAIL pot5_Q4w = 1: n=3 m=6 sets=[[0, 2, 4, 5], [1, 3, 4, 5], [2, 3, 4, 5]] prof=[[3, 6, 8, 10], [6, 2, 10, 7], [5, 3, 6, 7]]
FAIL pot6_G = 1: n=3 m=5 sets=[[0, 3, 4], [1, 2, 3, 4], [1, 2, 4]] prof=[[2, 4, 3], [3, 5, 6, 7], [2, 3, 4]]
FAIL pot6_G = 1: n=3 m=5 sets=[[0, 3, 4], [1, 2, 3, 4], [1, 2, 4]] prof=[[2, 4, 3], [4, 2, 10, 7], [2, 3, 4]]
FAIL pot6_Q4w = 3: n=3 m=5 sets=[[0, 3, 4], [1, 2, 3, 4], [1, 2, 3, 4]] prof=[[2, 3, 4], [3, 5, 6, 7], [2, 3, 6, 10]]
FAIL pot6_Q4w = 2: n=3 m=5 sets=[[0, 2, 3, 4], [1, 2, 3, 4], [1, 2, 3, 4]] prof=[[4, 6, 1, 8], [5, 6, 3, 7], [4, 8, 2, 5]]
FAIL pot7_G = 1: n=3 m=4 sets=[[0, 1, 2, 3], [1, 2, 3], [1, 2, 3]] prof=[[2, 8, 5, 4], [4, 2, 3], [4, 3, 2]]
FAIL pot7_G = 1: n=3 m=4 sets=[[0, 1, 2, 3], [1, 2, 3], [1, 2, 3]] prof=[[6, 4, 8, 5], [3, 4, 2], [2, 4, 3]]
FAIL pot7_P4w = 2: n=3 m=4 sets=[[0, 1, 2, 3], [1, 2, 3], [1, 2, 3]] prof=[[8, 1, 4, 6], [2, 3, 4], [3, 2, 4]]
FAIL pot7_P4w = 2: n=3 m=4 sets=[[0, 1, 2, 3], [1, 2, 3], [1, 2, 3]] prof=[[2, 8, 5, 4], [4, 2, 3], [4, 3, 2]]
FAIL pot7_Q4w = 1: n=3 m=4 sets=[[0, 1, 2, 3], [0, 2, 3], [1, 2, 3]] prof=[[3, 2, 4, 8], [3, 2, 4], [3, 2, 4]]
FAIL pot7_Q4w = 1: n=3 m=4 sets=[[0, 1, 2, 3], [0, 2, 3], [1, 2, 3]] prof=[[6, 2, 10, 3], [2, 4, 3], [3, 4, 2]]
FAIL priv_G = 3: n=3 m=4 sets=[[0, 1, 2, 3], [1, 2, 3], [1, 2, 3]] prof=[[4, 2, 3, 8], [4, 2, 3], [2, 4, 3]]
FAIL priv_G = 3: n=3 m=4 sets=[[0, 1, 2, 3], [1, 2, 3], [1, 2, 3]] prof=[[4, 8, 2, 5], [3, 4, 2], [2, 3, 4]]
example best_G=1 n=3 m=4 sets=[[0, 1, 2, 3], [1, 2, 3], [1, 2, 3]] prof=[[6, 3, 7, 5], [2, 4, 3], [2, 3, 4]]
   ('G', 0, 0, 2, 2, 6, '- 1 2 0')
   ('G', 0, 1, 2, 2, 6, '1 - 2 0')
   ('G', 0, 2, 2, 2, 6, '1 2 - 0')
   ('G', 0, 3, 1, 1, 6, '0 1 2 -')
example best_G=1 n=3 m=5 sets=[[0, 1, 3, 4], [2, 3, 4], [2, 3, 4]] prof=[[6, 2, 10, 7], [4, 3, 2], [4, 3, 2]]
   ('G', 0, 0, 2, 2, 4, '- 1 2 0 1')
   ('G', 0, 1, 3, 3, 4, '1 - 2 0 1')
   ('G', 0, 3, 1, 1, 4, '0 0 2 - 1')
   ('G', 0, 4, 2, 2, 4, '1 1 2 0 -')
example best_G=1 n=3 m=6 sets=[[0, 1, 2, 3], [2, 4, 5], [3, 4, 5]] prof=[[6, 4, 5, 8], [3, 4, 2], [2, 4, 3]]
   ('G', 0, 0, 1, 1, 7, '- 1 1 0 2 0')
   ('G', 0, 1, 1, 1, 7, '1 - 1 0 2 0')
   ('G', 0, 2, 1, 1, 8, '0 0 - 1 2 1')
   ('G', 0, 3, 1, 1, 8, '0 1 1 - 2 0')
example best_G=1 n=3 m=7 sets=[[0, 1, 2, 3], [2, 4, 5, 6], [3, 4, 5, 6]] prof=[[6, 2, 10, 3], [8, 2, 4, 5], [3, 8, 4, 2]]
   ('G', 0, 0, 2, 2, 13, '- 1 0 1 2 2 1')
   ('G', 0, 1, 2, 2, 13, '1 - 0 1 2 2 1')
   ('G', 0, 2, 2, 2, 21, '0 1 - 1 2 0 1')
   ('G', 0, 3, 1, 1, 14, '1 1 0 - 2 2 1')
   ('G', 1, 2, 2, 2, 21, '0 1 - 1 2 0 1')
   ('G', 1, 4, 1, 1, 10, '0 0 1 0 - 2 2')
   ('G', 1, 5, 1, 1, 15, '1 2 0 1 2 - 1')
   ('G', 1, 6, 1, 1, 15, '1 2 0 1 2 1 -')
   ('G', 2, 3, 1, 1, 14, '1 1 0 - 2 2 1')
   ('G', 2, 4, 1, 1, 10, '0 0 1 0 - 2 2')
   ('G', 2, 5, 1, 1, 15, '1 2 0 1 2 - 1')
   ('G', 2, 6, 1, 1, 15, '1 2 0 1 2 1 -')
example best_G=1 n=3 m=8 sets=[[0, 2, 4, 6], [1, 3, 5, 7], [4, 5, 6, 7]] prof=[[5, 6, 4, 8], [3, 5, 6, 7], [6, 4, 8, 3]]
   ('G', 0, 0, 1, 1, 37, '- 1 1 1 2 0 0 2')
   ('G', 0, 2, 1, 1, 37, '1 1 - 1 2 0 0 2')
   ('G', 0, 4, 1, 1, 39, '0 1 0 2 - 0 2 1')
   ('G', 0, 6, 2, 2, 49, '1 1 0 2 2 0 - 1')
   ('G', 1, 1, 2, 2, 46, '0 - 0 2 1 0 2 1')
   ('G', 1, 3, 1, 1, 46, '0 2 0 - 1 0 2 1')
   ('G', 1, 5, 1, 1, 46, '0 0 0 2 1 - 2 1')
   ('G', 1, 7, 1, 1, 46, '0 0 0 2 1 1 2 -')
   ('G', 2, 4, 1, 1, 39, '0 1 0 2 - 0 2 1')
   ('G', 2, 5, 1, 1, 46, '0 0 0 2 1 - 2 1')
   ('G', 2, 6, 2, 2, 49, '1 1 0 2 2 0 - 1')
   ('G', 2, 7, 1, 1, 46, '0 0 0 2 1 1 2 -')
example best_G=1 n=3 m=9 sets=[[0, 2, 6, 7], [1, 4, 6, 8], [3, 5, 7, 8]] prof=[[3, 6, 7, 5], [5, 4, 8, 6], [2, 3, 8, 4]]
   ('G', 0, 0, 1, 1, 90, '- 0 1 1 1 2 0 2 1')
   ('G', 0, 2, 1, 1, 90, '1 0 - 1 1 2 0 2 1')
   ('G', 0, 6, 1, 1, 167, '1 0 0 1 1 2 - 2 1')
   ('G', 0, 7, 2, 1, 135, '0 0 0 0 2 1 1 - 2')
   ('G', 1, 1, 1, 0, 112, '0 - 0 0 1 0 0 2 1')
   ('G', 1, 4, 1, 0, 112, '0 1 0 0 - 0 0 2 1')
   ('G', 1, 6, 1, 1, 167, '1 0 0 1 1 2 - 2 1')
   ('G', 1, 8, 1, 1, 115, '0 1 2 1 1 1 0 2 -')
   ('G', 2, 3, 1, 1, 125, '1 0 2 - 1 1 0 2 1')
   ('G', 2, 5, 1, 1, 125, '1 0 2 1 1 - 0 2 1')
   ('G', 2, 7, 2, 1, 135, '0 0 0 0 2 1 1 - 2')
   ('G', 2, 8, 1, 1, 115, '0 1 2 1 1 1 0 2 -')
example best_G=2 n=3 m=4 sets=[[0, 1, 2, 3], [1, 2, 3], [1, 2, 3]] prof=[[4, 2, 3, 8], [4, 2, 3], [2, 4, 3]]
   ('G', 0, 0, 3, 3, 6, '- 0 1 2')
   ('G', 0, 1, 2, 2, 6, '0 - 1 2')
   ('G', 0, 2, 2, 2, 6, '0 2 - 1')
   ('G', 0, 3, 2, 2, 6, '0 2 1 -')
example best_G=2 n=3 m=5 sets=[[0, 1, 3, 4], [2, 3, 4], [2, 3, 4]] prof=[[8, 3, 4, 10], [2, 3, 4], [2, 4, 3]]
   ('G', 0, 0, 3, 3, 6, '- 1 1 0 2')
   ('G', 0, 1, 3, 3, 5, '2 - 2 1 0')
   ('G', 0, 3, 3, 3, 6, '1 1 2 - 0')
   ('G', 0, 4, 2, 2, 4, '0 2 2 1 -')
example best_G=2 n=3 m=6 sets=[[0, 1, 2, 3], [2, 4, 5], [3, 4, 5]] prof=[[2, 3, 8, 4], [4, 2, 3], [2, 3, 4]]
   ('G', 0, 0, 2, 2, 4, '- 2 1 0 0 2')
   ('G', 0, 1, 2, 2, 4, '2 - 1 0 0 2')
   ('G', 0, 2, 2, 2, 8, '0 2 - 0 2 1')
   ('G', 0, 3, 2, 2, 5, '1 1 0 - 1 2')
example best_G=2 n=3 m=7 sets=[[0, 1, 2, 3], [2, 4, 5, 6], [3, 4, 5, 6]] prof=[[6, 3, 10, 2], [6, 3, 5, 7], [3, 2, 4, 8]]
   ('G', 0, 0, 3, 3, 11, '- 2 0 2 0 2 1')
   ('G', 0, 1, 3, 3, 11, '2 - 0 2 0 2 1')
   ('G', 0, 2, 3, 3, 17, '0 2 - 2 0 2 1')
   ('G', 0, 3, 3, 3, 11, '2 2 0 - 0 2 1')
   ('G', 1, 2, 3, 3, 17, '0 2 - 2 0 2 1')
   ('G', 1, 4, 2, 2, 10, '0 2 0 2 - 2 1')
   ('G', 1, 5, 3, 3, 6, '2 2 0 2 0 - 1')
   ('G', 1, 6, 3, 3, 9, '0 2 1 2 0 2 -')
   ('G', 2, 3, 3, 3, 11, '2 2 0 - 0 2 1')
   ('G', 2, 4, 2, 2, 10, '0 2 0 2 - 2 1')
   ('G', 2, 5, 3, 3, 6, '2 2 0 2 0 - 1')
   ('G', 2, 6, 3, 3, 9, '0 2 1 2 0 2 -')
example best_G=2 n=3 m=8 sets=[[0, 2, 6, 7], [1, 4, 6, 7], [3, 5, 6, 7]] prof=[[2, 3, 4, 8], [4, 5, 6, 8], [5, 4, 8, 2]]
   ('G', 0, 0, 2, 2, 38, '- 0 2 2 2 2 0 1')
   ('G', 0, 2, 2, 2, 38, '2 0 - 2 2 2 0 1')
   ('G', 0, 6, 3, 2, 38, '0 0 0 2 2 0 - 1')
   ('G', 0, 7, 2, 2, 39, '0 0 0 2 2 0 1 -')
   ('G', 1, 1, 2, 2, 19, '0 - 0 0 0 2 2 1')
   ('G', 1, 4, 2, 2, 19, '0 0 0 0 - 2 2 1')
   ('G', 1, 6, 3, 2, 38, '0 0 0 2 2 0 - 1')
   ('G', 1, 7, 2, 2, 39, '0 0 0 2 2 0 1 -')
   ('G', 2, 3, 3, 3, 28, '0 0 0 - 2 0 2 1')
   ('G', 2, 5, 3, 3, 28, '0 0 0 0 2 - 2 1')
   ('G', 2, 6, 3, 2, 38, '0 0 0 2 2 0 - 1')
   ('G', 2, 7, 2, 2, 39, '0 0 0 2 2 0 1 -')
example best_G=3 n=3 m=5 sets=[[0, 1, 3, 4], [2, 3, 4], [2, 3, 4]] prof=[[5, 3, 6, 7], [2, 4, 3], [2, 3, 4]]
   ('G', 0, 0, 3, 3, 6, '- 1 1 2 0')
   ('G', 0, 1, 3, 3, 6, '1 - 1 2 0')
   ('G', 0, 3, 3, 3, 6, '1 1 2 - 0')
   ('G', 0, 4, 3, 3, 6, '1 1 2 0 -')
