command: python3 k4/induct_run.py results/k4_certs_5_n4_1.json.gz results/k4_certs_5_n4_2.json.gz --samples=1 --max-cores=400 --seed=3 --jobs=2 --rmax=3 --no-a --log=results/k4_induct_n5.log
800 (core, profile) pairs; options {'rmax': 3, 'quick': False, 'd2': False, 'only_g': False}
time 31.1s
best_G     0: 126, 1: 3, 2: 97, 3: 159, 4: 415
priv_G     0: 38, 1: 1, 2: 83, 3: 70, 4: 114, 5: 1, None: 493
least_G    0: 122, 2: 74, 3: 148, 4: 449, 5: 7
best_A     None: 800
best_B     0: 724, 1: 75, 2: 1
best_G_d2  0: 126, 1: 3, 2: 97, 3: 159, 4: 415
worst_G    0: 106, 2: 9, 3: 130, 4: 506, 5: 49
exists_G   0: 800
pot0_G     0: 502, 1: 9, 2: 109, 3: 180
pot1_G     0: 152, 1: 21, 2: 70, 3: 170, 4: 387
pot2_G     0: 533, 1: 107, 2: 147, 3: 13
pot3_G     0: 691, 1: 77, 2: 30, 3: 2
pot4_G     0: 796, 1: 4
pot5_G     0: 795, 1: 5
pot6_G     0: 795, 1: 5
pot7_G     0: 651, 1: 147, 2: 2
pot0d2_G   0: 502, 1: 9, 2: 109, 3: 180
pot1d2_G   0: 152, 1: 21, 2: 70, 3: 170, 4: 387
pot2d2_G   0: 533, 1: 107, 2: 147, 3: 13
pot3d2_G   0: 691, 1: 77, 2: 30, 3: 2
pot4d2_G   0: 796, 1: 4
pot5d2_G   0: 795, 1: 5
pot6d2_G   0: 795, 1: 5
pot7d2_G   0: 651, 1: 147, 2: 2
pot4_B     0: 755, 1: 45
pot5_B     0: 758, 1: 42
pot7_B     0: 734, 1: 66
pot2_allG  0: 106, 1: 26, 2: 146, 3: 445, 4: 77
pot2_leastG 0: 281, 1: 56, 2: 289, 3: 159, 4: 15
pot2_privG 0: 307, None: 493
pot2_topG  0: 208, 1: 142, 2: 250, 3: 188, 4: 12
pot2_everyw 0: 386, 1: 117, 2: 254, 3: 41, 4: 2
pot2_everyd 0: 106, 1: 48, 2: 248, 3: 361, 4: 37
pot3_allG  0: 144, 1: 38, 2: 224, 3: 331, 4: 63
pot3_leastG 0: 478, 1: 82, 2: 163, 3: 66, 4: 11
pot3_privG 0: 307, None: 493
pot3_topG  0: 397, 1: 152, 2: 149, 3: 94, 4: 8
pot3_everyw 0: 543, 1: 179, 2: 72, 3: 5, 4: 1
pot3_everyd 0: 186, 1: 64, 2: 318, 3: 201, 4: 31
pot4_allG  0: 351, 1: 391, 2: 56, 3: 2
pot4_leastG 0: 729, 1: 65, 2: 6
pot4_privG 0: 288, 1: 13, 2: 5, 3: 1, None: 493
pot4_topG  0: 509, 1: 261, 2: 28, 3: 2
pot4_everyw 0: 794, 1: 6
pot4_everyd 0: 384, 1: 364, 2: 50, 3: 2
pot5_allG  0: 165, 1: 490, 2: 144, 3: 1
pot5_leastG 0: 658, 1: 117, 2: 25
pot5_privG 0: 291, 1: 11, 2: 5, None: 493
pot5_topG  0: 370, 1: 402, 2: 28
pot5_everyw 0: 780, 1: 20
pot5_everyd 0: 182, 1: 511, 2: 107
pot6_allG  0: 253, 1: 487, 2: 59, 3: 1
pot6_leastG 0: 710, 1: 77, 2: 13
pot6_privG 0: 307, None: 493
pot6_topG  0: 571, 1: 229
pot6_everyw 0: 784, 1: 16
pot6_everyd 0: 354, 1: 420, 2: 26
pot0_Q4w   0: 199, 1: 5, 2: 109, 3: 288, None: 199
pot0_P4w   0: 122, 1: 3, 2: 112, 3: 46, 4: 24, None: 493
pot1_Q4w   0: 94, 1: 1, 2: 19, 3: 120, 4: 367, None: 199
pot1_P4w   0: 64, 1: 11, 2: 66, 3: 59, 4: 106, 5: 1, None: 493
pot2_Q4w   0: 187, 1: 117, 2: 254, 3: 41, 4: 2, None: 199
pot2_P4w   0: 307, None: 493
pot3_Q4w   0: 344, 1: 179, 2: 72, 3: 5, 4: 1, None: 199
pot3_P4w   0: 307, None: 493
pot4_Q4w   0: 595, 1: 6, None: 199
pot4_P4w   0: 284, 1: 16, 2: 6, 3: 1, None: 493
pot5_Q4w   0: 581, 1: 20, None: 199
pot5_P4w   0: 285, 1: 17, 2: 5, None: 493
pot6_Q4w   0: 585, 1: 16, None: 199
pot6_P4w   0: 307, None: 493
pot7_Q4w   0: 435, 1: 160, 2: 6, None: 199
pot7_P4w   0: 206, 1: 43, 2: 54, 3: 4, None: 493
V_best
V_least
V_top
V_everyw
V_all
V_least_everyw
V_Q4_everyw
V_Q4_least
V_P4_everyw
V_pot0_best
V_pot0_least
V_pot0_everyw
V_pot0_Q4w
V_pot1_best
V_pot1_least
V_pot1_everyw
V_pot1_Q4w
V_pot2_best
V_pot2_least
V_pot2_everyw
V_pot2_Q4w
V_pot3_best
V_pot3_least
V_pot3_everyw
V_pot3_Q4w
V_pot4_best
V_pot4_least
V_pot4_everyw
V_pot4_Q4w
V_pot5_best
V_pot5_least
V_pot5_everyw
V_pot5_Q4w
V_pot6_best
V_pot6_least
V_pot6_everyw
V_pot6_Q4w
V_pot7_best
V_pot7_least
V_pot7_everyw
V_pot7_Q4w
B_top      0: 708, 1: 63, 2: 3, 3: 24, 4: 2
B_least    0: 61, 1: 379, 2: 262, 3: 93, 4: 5
B_everyw   0: 691, 1: 108, 2: 1
B_all      0: 17, 1: 175, 2: 237, 3: 341, 4: 30
B_top_everyw 0: 658, 1: 113, 2: 3, 3: 24, 4: 2
B_Q4_everyw 0: 566, 1: 35, None: 199
B_Q4_top   0: 550, 1: 51, None: 199
B_d2       0: 724, 1: 75, 2: 1
B_top_d2   0: 708, 1: 63, 2: 3, 3: 24, 4: 2
PS_priv    True: 307, None: 493
PS_Q4_anyd True: 601, None: 199
PS_Q4_least True: 601, None: 199
GPS_Q4_anyd True: 601, None: 199
GPS_Q4_least False: 218, True: 383, None: 199
GPS_anyw_anyd True: 800
GPS_P4_priv True: 307, None: 493
FAIL B_Q4_everyw = 1: n=5 m=6 sets=[[0, 2, 5], [1, 2, 4, 5], [1, 3, 4], [3, 4, 5], [3, 4, 5]] prof=[[2, 3, 4], [5, 6, 8, 4], [2, 4, 3], [3, 4, 2], [3, 2, 4]]
FAIL B_Q4_everyw = 1: n=5 m=6 sets=[[0, 3, 5], [1, 2, 4, 5], [1, 4, 5], [2, 4, 5], [3, 4, 5]] prof=[[2, 3, 4], [6, 3, 8, 4], [2, 4, 3], [4, 2, 3], [4, 3, 2]]
FAIL best_B = 1: n=5 m=6 sets=[[0, 1, 4, 5], [2, 4, 5], [2, 4, 5], [3, 4, 5], [3, 4, 5]] prof=[[4, 6, 8, 3], [4, 3, 2], [2, 3, 4], [3, 2, 4], [3, 4, 2]]
FAIL best_B = 1: n=5 m=6 sets=[[0, 1, 3, 5], [2, 4, 5], [2, 4, 5], [3, 4, 5], [3, 4, 5]] prof=[[4, 5, 6, 8], [3, 2, 4], [4, 3, 2], [4, 3, 2], [2, 4, 3]]
FAIL best_G = 4: n=5 m=6 sets=[[0, 3, 4, 5], [1, 4, 5], [2, 4, 5], [3, 4, 5], [3, 4, 5]] prof=[[8, 4, 5, 6], [4, 3, 2], [4, 3, 2], [3, 4, 2], [4, 3, 2]]
FAIL best_G = 4: n=5 m=6 sets=[[0, 3, 4, 5], [1, 3, 5], [2, 4, 5], [3, 4, 5], [3, 4, 5]] prof=[[5, 6, 7, 3], [4, 3, 2], [4, 3, 2], [2, 4, 3], [4, 3, 2]]
FAIL least_G = 5: n=5 m=6 sets=[[0, 1, 5], [1, 3, 4], [2, 3, 4, 5], [2, 4, 5], [3, 4, 5]] prof=[[4, 2, 3], [4, 3, 2], [4, 2, 8, 5], [4, 3, 2], [2, 3, 4]]
FAIL least_G = 5: n=5 m=6 sets=[[0, 2, 3, 5], [1, 4, 5], [1, 4, 5], [2, 3, 4], [2, 3, 5]] prof=[[8, 6, 4, 1], [4, 3, 2], [3, 4, 2], [2, 4, 3], [4, 3, 2]]
FAIL pot0_G = 3: n=5 m=6 sets=[[0, 3, 4, 5], [1, 4, 5], [2, 4, 5], [3, 4, 5], [3, 4, 5]] prof=[[8, 4, 5, 6], [4, 3, 2], [4, 3, 2], [3, 4, 2], [4, 3, 2]]
FAIL pot0_G = 3: n=5 m=6 sets=[[0, 4, 5], [1, 4, 5], [2, 3, 4, 5], [2, 3, 5], [3, 4, 5]] prof=[[4, 3, 2], [3, 2, 4], [8, 4, 6, 1], [2, 4, 3], [3, 4, 2]]
FAIL pot0_P4w = 4: n=5 m=6 sets=[[0, 3, 4, 5], [1, 4, 5], [2, 4, 5], [3, 4, 5], [3, 4, 5]] prof=[[8, 4, 5, 6], [4, 3, 2], [4, 3, 2], [3, 4, 2], [4, 3, 2]]
FAIL pot0_P4w = 4: n=5 m=6 sets=[[0, 2, 3, 5], [1, 2, 5], [2, 4, 5], [3, 4, 5], [3, 4, 5]] prof=[[10, 3, 8, 6], [4, 3, 2], [4, 3, 2], [4, 3, 2], [2, 3, 4]]
FAIL pot0_Q4w = 3: n=5 m=6 sets=[[0, 4, 5], [1, 4, 5], [2, 3, 4, 5], [2, 3, 5], [3, 4, 5]] prof=[[4, 3, 2], [3, 2, 4], [8, 4, 6, 1], [2, 4, 3], [3, 4, 2]]
FAIL pot0_Q4w = 3: n=5 m=6 sets=[[0, 3, 5], [1, 4, 5], [2, 3, 4, 5], [2, 3, 4], [3, 4, 5]] prof=[[3, 2, 4], [4, 3, 2], [6, 5, 3, 7], [3, 4, 2], [4, 3, 2]]
FAIL pot1_G = 4: n=5 m=6 sets=[[0, 3, 4, 5], [1, 4, 5], [2, 4, 5], [3, 4, 5], [3, 4, 5]] prof=[[8, 4, 5, 6], [4, 3, 2], [4, 3, 2], [3, 4, 2], [4, 3, 2]]
FAIL pot1_G = 4: n=5 m=6 sets=[[0, 2, 4, 5], [1, 2, 5], [3, 4, 5], [3, 4, 5], [3, 4, 5]] prof=[[4, 8, 2, 3], [3, 2, 4], [3, 2, 4], [2, 4, 3], [4, 2, 3]]
FAIL pot1_P4w = 5: n=5 m=6 sets=[[0, 3, 4, 5], [1, 3, 5], [1, 3, 5], [2, 4, 5], [2, 4, 5]] prof=[[4, 2, 7, 8], [4, 3, 2], [3, 4, 2], [3, 4, 2], [4, 3, 2]]
FAIL pot1_P4w = 4: n=5 m=6 sets=[[0, 3, 4, 5], [1, 4, 5], [2, 4, 5], [3, 4, 5], [3, 4, 5]] prof=[[8, 4, 5, 6], [4, 3, 2], [4, 3, 2], [3, 4, 2], [4, 3, 2]]
FAIL pot1_Q4w = 4: n=5 m=6 sets=[[0, 2, 5], [1, 4, 5], [2, 3, 4, 5], [3, 4, 5], [3, 4, 5]] prof=[[2, 4, 3], [4, 3, 2], [4, 10, 2, 7], [2, 3, 4], [2, 4, 3]]
FAIL pot1_Q4w = 4: n=5 m=6 sets=[[0, 4, 5], [1, 4, 5], [2, 3, 4, 5], [2, 4, 5], [3, 4, 5]] prof=[[2, 4, 3], [3, 4, 2], [3, 8, 4, 2], [4, 2, 3], [4, 2, 3]]
FAIL pot2_G = 3: n=5 m=6 sets=[[0, 2, 5], [1, 4, 5], [2, 3, 4, 5], [2, 3, 5], [3, 4, 5]] prof=[[2, 4, 3], [4, 3, 2], [6, 5, 3, 7], [3, 2, 4], [3, 4, 2]]
FAIL pot2_G = 3: n=5 m=6 sets=[[0, 3, 4], [1, 3, 5], [2, 3, 4, 5], [2, 4, 5], [2, 4, 5]] prof=[[4, 3, 2], [2, 4, 3], [1, 4, 6, 8], [2, 3, 4], [3, 2, 4]]
FAIL pot2_Q4w = 4: n=5 m=6 sets=[[0, 3, 4, 5], [1, 3, 4, 5], [1, 4, 5], [2, 3, 5], [2, 4, 5]] prof=[[2, 8, 4, 7], [10, 4, 7, 2], [4, 2, 3], [4, 2, 3], [3, 4, 2]]
FAIL pot2_Q4w = 4: n=5 m=6 sets=[[0, 1, 2, 5], [1, 2, 3, 4], [1, 2, 5], [3, 4, 5], [3, 4, 5]] prof=[[2, 8, 7, 4], [10, 3, 2, 6], [2, 4, 3], [2, 3, 4], [4, 3, 2]]
FAIL pot3_G = 3: n=5 m=6 sets=[[0, 2, 5], [1, 2, 3, 4], [1, 2, 3], [1, 4, 5], [3, 4, 5]] prof=[[2, 4, 3], [10, 6, 2, 3], [4, 2, 3], [3, 4, 2], [4, 2, 3]]
FAIL pot3_G = 3: n=5 m=6 sets=[[0, 1, 3], [0, 2, 3, 4], [1, 2, 5], [2, 4, 5], [3, 4, 5]] prof=[[4, 3, 2], [8, 3, 2, 4], [4, 3, 2], [2, 4, 3], [3, 2, 4]]
FAIL pot3_Q4w = 4: n=5 m=6 sets=[[0, 3, 4, 5], [1, 3, 4, 5], [1, 4, 5], [2, 3, 5], [2, 4, 5]] prof=[[2, 8, 4, 7], [10, 4, 7, 2], [4, 2, 3], [4, 2, 3], [3, 4, 2]]
FAIL pot3_Q4w = 3: n=5 m=6 sets=[[0, 2, 5], [1, 2, 3, 4], [1, 2, 3], [1, 4, 5], [3, 4, 5]] prof=[[2, 4, 3], [10, 6, 2, 3], [4, 2, 3], [3, 4, 2], [4, 2, 3]]
FAIL pot4_G = 1: n=5 m=6 sets=[[0, 4, 5], [1, 4, 5], [2, 3, 4, 5], [2, 4, 5], [3, 4, 5]] prof=[[2, 4, 3], [3, 4, 2], [3, 8, 4, 2], [4, 2, 3], [4, 2, 3]]
FAIL pot4_G = 1: n=5 m=6 sets=[[0, 4, 5], [1, 4, 5], [2, 3, 4, 5], [2, 3, 4], [2, 3, 5]] prof=[[3, 4, 2], [3, 4, 2], [6, 7, 2, 10], [4, 2, 3], [3, 4, 2]]
FAIL pot4_P4w = 2: n=5 m=6 sets=[[0, 3, 4, 5], [1, 3, 4, 5], [2, 3, 5], [2, 4, 5], [3, 4, 5]] prof=[[3, 2, 6, 10], [10, 6, 3, 2], [3, 4, 2], [3, 2, 4], [2, 4, 3]]
FAIL pot4_P4w = 2: n=5 m=6 sets=[[0, 2, 4, 5], [1, 2, 5], [1, 3, 4, 5], [3, 4, 5], [3, 4, 5]] prof=[[10, 2, 6, 3], [3, 4, 2], [7, 2, 10, 6], [3, 4, 2], [3, 2, 4]]
FAIL pot4_Q4w = 1: n=5 m=6 sets=[[0, 4, 5], [1, 4, 5], [2, 3, 4, 5], [2, 4, 5], [3, 4, 5]] prof=[[2, 4, 3], [3, 4, 2], [3, 8, 4, 2], [4, 2, 3], [4, 2, 3]]
FAIL pot4_Q4w = 1: n=5 m=6 sets=[[0, 4, 5], [1, 4, 5], [2, 3, 4, 5], [2, 3, 4], [2, 3, 5]] prof=[[3, 4, 2], [3, 4, 2], [6, 7, 2, 10], [4, 2, 3], [3, 4, 2]]
FAIL pot5_G = 1: n=5 m=6 sets=[[0, 4, 5], [1, 4, 5], [2, 3, 4, 5], [2, 4, 5], [3, 4, 5]] prof=[[2, 4, 3], [3, 4, 2], [3, 8, 4, 2], [4, 2, 3], [4, 2, 3]]
FAIL pot5_G = 1: n=5 m=6 sets=[[0, 4, 5], [1, 4, 5], [2, 3, 4, 5], [2, 3, 4], [2, 3, 5]] prof=[[3, 4, 2], [3, 4, 2], [6, 7, 2, 10], [4, 2, 3], [3, 4, 2]]
FAIL pot5_P4w = 2: n=5 m=6 sets=[[0, 2, 4, 5], [1, 2, 5], [1, 3, 4, 5], [3, 4, 5], [3, 4, 5]] prof=[[10, 2, 6, 3], [3, 4, 2], [7, 2, 10, 6], [3, 4, 2], [3, 2, 4]]
FAIL pot5_P4w = 2: n=5 m=6 sets=[[0, 3, 4, 5], [1, 2, 4, 5], [1, 4, 5], [2, 4, 5], [3, 4, 5]] prof=[[10, 7, 4, 2], [7, 2, 4, 8], [4, 3, 2], [3, 4, 2], [4, 3, 2]]
FAIL pot5_Q4w = 1: n=5 m=6 sets=[[0, 4, 5], [1, 4, 5], [2, 3, 4, 5], [2, 4, 5], [3, 4, 5]] prof=[[2, 4, 3], [3, 4, 2], [3, 8, 4, 2], [4, 2, 3], [4, 2, 3]]
FAIL pot5_Q4w = 1: n=5 m=6 sets=[[0, 4, 5], [1, 4, 5], [2, 3, 4, 5], [2, 3, 4], [2, 3, 5]] prof=[[3, 4, 2], [3, 4, 2], [6, 7, 2, 10], [4, 2, 3], [3, 4, 2]]
FAIL pot6_G = 1: n=5 m=6 sets=[[0, 4, 5], [1, 4, 5], [2, 3, 4, 5], [2, 3, 5], [2, 3, 5]] prof=[[2, 4, 3], [3, 2, 4], [8, 6, 5, 4], [3, 4, 2], [4, 2, 3]]
FAIL pot6_G = 1: n=5 m=6 sets=[[0, 1, 5], [1, 3, 4, 5], [2, 3, 4], [2, 4, 5], [3, 4, 5]] prof=[[3, 4, 2], [4, 5, 6, 8], [2, 4, 3], [3, 4, 2], [3, 2, 4]]
FAIL pot6_Q4w = 1: n=5 m=6 sets=[[0, 4, 5], [1, 4, 5], [2, 3, 4, 5], [2, 3, 5], [2, 3, 5]] prof=[[2, 4, 3], [3, 2, 4], [8, 6, 5, 4], [3, 4, 2], [4, 2, 3]]
FAIL pot6_Q4w = 1: n=5 m=6 sets=[[0, 1, 5], [1, 3, 4, 5], [2, 3, 4], [2, 4, 5], [3, 4, 5]] prof=[[3, 4, 2], [4, 5, 6, 8], [2, 4, 3], [3, 4, 2], [3, 2, 4]]
FAIL pot7_G = 2: n=5 m=6 sets=[[0, 3, 4, 5], [1, 3, 5], [2, 3, 4, 5], [2, 4, 5], [3, 4, 5]] prof=[[2, 4, 8, 3], [2, 3, 4], [4, 5, 8, 6], [2, 4, 3], [3, 2, 4]]
FAIL pot7_G = 1: n=5 m=6 sets=[[0, 2, 4, 5], [1, 3, 5], [2, 4, 5], [3, 4, 5], [3, 4, 5]] prof=[[4, 3, 8, 10], [4, 3, 2], [2, 3, 4], [2, 3, 4], [2, 4, 3]]
FAIL pot7_P4w = 3: n=5 m=6 sets=[[0, 2, 4, 5], [1, 4, 5], [2, 3, 4, 5], [3, 4, 5], [3, 4, 5]] prof=[[1, 6, 4, 8], [2, 3, 4], [4, 6, 3, 8], [2, 3, 4], [3, 2, 4]]
FAIL pot7_P4w = 3: n=5 m=6 sets=[[0, 1, 3, 5], [1, 4, 5], [2, 3, 4, 5], [2, 4, 5], [3, 4, 5]] prof=[[4, 6, 5, 8], [2, 3, 4], [3, 6, 2, 10], [2, 3, 4], [3, 2, 4]]
FAIL pot7_Q4w = 2: n=5 m=6 sets=[[0, 3, 4, 5], [1, 3, 5], [2, 3, 4, 5], [2, 4, 5], [3, 4, 5]] prof=[[2, 4, 8, 3], [2, 3, 4], [4, 5, 8, 6], [2, 4, 3], [3, 2, 4]]
FAIL pot7_Q4w = 2: n=5 m=6 sets=[[0, 2, 3], [1, 2, 4, 5], [1, 3, 4, 5], [2, 4, 5], [3, 4, 5]] prof=[[2, 4, 3], [6, 8, 4, 5], [5, 6, 4, 8], [4, 2, 3], [4, 3, 2]]
FAIL priv_G = 5: n=5 m=6 sets=[[0, 3, 4, 5], [1, 3, 5], [1, 3, 5], [2, 4, 5], [2, 4, 5]] prof=[[4, 2, 7, 8], [4, 3, 2], [3, 4, 2], [3, 4, 2], [4, 3, 2]]
FAIL priv_G = 4: n=5 m=6 sets=[[0, 3, 4, 5], [1, 4, 5], [2, 4, 5], [3, 4, 5], [3, 4, 5]] prof=[[8, 4, 5, 6], [4, 3, 2], [4, 3, 2], [3, 4, 2], [4, 3, 2]]
example best_G=1 n=5 m=7 sets=[[0, 2, 4, 6], [1, 4, 6], [3, 5, 6], [3, 5, 6], [4, 5, 6]] prof=[[4, 2, 8, 7], [4, 3, 2], [2, 4, 3], [2, 3, 4], [3, 2, 4]]
   ('G', 0, 0, 1, 1, 42, '- 0 1 2 4 2 3')
   ('G', 0, 2, 2, 2, 42, '1 0 - 2 4 2 3')
   ('G', 0, 4, 4, 4, 122, '4 2 4 3 - 1 0')
   ('G', 0, 6, 4, 4, 92, '0 3 0 4 2 1 -')
example best_G=2 n=5 m=6 sets=[[0, 1, 2, 5], [2, 4, 5], [3, 4, 5], [3, 4, 5], [3, 4, 5]] prof=[[2, 3, 6, 10], [4, 2, 3], [3, 2, 4], [4, 2, 3], [3, 4, 2]]
   ('G', 0, 0, 2, 2, 127, '- 1 2 4 0 3')
   ('G', 0, 1, 2, 2, 127, '1 - 2 4 0 3')
   ('G', 0, 2, 2, 2, 169, '1 2 - 4 0 3')
   ('G', 0, 5, 2, 2, 168, '1 2 3 4 0 -')
example best_G=2 n=5 m=7 sets=[[0, 1, 2, 6], [2, 4, 5], [3, 4, 6], [3, 5, 6], [4, 5, 6]] prof=[[2, 5, 4, 8], [4, 3, 2], [3, 2, 4], [4, 3, 2], [3, 4, 2]]
   ('G', 0, 0, 2, 2, 19, '- 1 1 4 2 3 0')
   ('G', 0, 1, 2, 2, 23, '1 - 0 3 1 4 2')
   ('G', 0, 2, 4, 4, 59, '0 0 - 4 2 3 1')
   ('G', 0, 6, 4, 4, 44, '0 0 3 4 2 1 -')
example best_G=3 n=5 m=6 sets=[[0, 2, 3, 4], [1, 2, 5], [3, 4, 5], [3, 4, 5], [3, 4, 5]] prof=[[8, 3, 2, 4], [4, 2, 3], [4, 3, 2], [4, 2, 3], [2, 4, 3]]
   ('G', 0, 0, 4, 4, 126, '- 3 2 0 1 4')
   ('G', 0, 2, 3, 3, 120, '1 3 - 0 2 4')
   ('G', 0, 3, 4, 4, 144, '2 4 3 - 1 0')
   ('G', 0, 4, 4, 4, 138, '1 3 2 0 - 4')
example best_G=3 n=5 m=7 sets=[[0, 1, 2, 4], [2, 5, 6], [3, 4, 6], [3, 5, 6], [4, 5, 6]] prof=[[7, 2, 4, 10], [3, 4, 2], [4, 2, 3], [3, 4, 2], [4, 3, 2]]
   ('G', 0, 0, 3, 3, 30, '- 2 2 4 0 1 3')
   ('G', 0, 1, 3, 3, 28, '2 - 2 4 0 1 3')
   ('G', 0, 2, 3, 3, 59, '1 1 - 4 0 2 3')
   ('G', 0, 4, 3, 3, 61, '0 0 2 1 - 3 4')
example best_G=4 n=5 m=6 sets=[[0, 3, 4, 5], [1, 4, 5], [2, 4, 5], [3, 4, 5], [3, 4, 5]] prof=[[8, 4, 5, 6], [4, 3, 2], [4, 3, 2], [3, 4, 2], [4, 3, 2]]
   ('G', 0, 0, 4, 4, 120, '- 3 4 0 1 2')
   ('G', 0, 3, 4, 4, 120, '1 3 4 - 0 2')
   ('G', 0, 4, 4, 4, 120, '1 3 4 0 - 2')
   ('G', 0, 5, 5, 5, 120, '1 3 4 0 2 -')
example best_G=4 n=5 m=7 sets=[[0, 1, 4, 5], [2, 3, 6], [2, 4, 6], [3, 5, 6], [4, 5, 6]] prof=[[5, 4, 8, 6], [4, 2, 3], [3, 4, 2], [2, 3, 4], [2, 4, 3]]
   ('G', 0, 0, 4, 4, 39, '- 3 4 3 0 2 1')
   ('G', 0, 1, 4, 4, 39, '3 - 4 3 0 2 1')
   ('G', 0, 4, 4, 4, 97, '2 2 3 1 - 0 4')
   ('G', 0, 5, 4, 4, 85, '1 1 3 2 0 - 4')
