# lb4_run.py results/k4_certs_2.json.gz -i8 -u1 -r1 -w1 -c1 --show=5 --jobs=2
results/k4_certs_2.json.gz: 5 cores, 1s
  total=189216 leaves=4476 runs=7304 fails=0 rawfails=0 nobig=81216 owner_r=94860 owner_other=9900 rot=3240 later_seq=300 later_upg=0 big3=85248 big4=20736
  cores with a failure: 0
# lb4_run.py results/k4_certs_3.json.gz -i8 -u1 -r1 -w1 -c1 --show=5 --jobs=2
results/k4_certs_3.json.gz: 51 cores, 5s
  total=299837376 leaves=1117575 runs=1979374 fails=0 rawfails=0 nobig=164554896 owner_r=115740504 owner_other=9356572 rot=10185404 later_seq=160060 later_upg=0 big3=92488487 big4=32235991 big5=5626844 big6=371668
  cores with a failure: 0
# lb4_run.py results/k4_certs_4_n4_1.json.gz -i8 -u1 -r1 -w1 -c1 --show=5 --jobs=2
results/k4_certs_4_n4_1.json.gz: 135 cores, 1s
  total=7247232 leaves=720381 runs=804858 fails=0 rawfails=0 nobig=6684788 owner_r=408122 owner_other=34626 rot=119696 later_seq=0 later_upg=0 big3=425761 big4=42439 big5=1072
  cores with a failure: 0
# lb4_run.py results/k4_certs_4_n4_2.json.gz -i8 -u1 -r1 -w1 -c1 --show=5 --jobs=2
results/k4_certs_4_n4_2.json.gz: 309 cores, 10s
  total=724847616 leaves=9010184 runs=12562192 fails=0 rawfails=0 nobig=605246694 owner_r=95800864 owner_other=8447556 rot=15352502 later_seq=14464 later_upg=0 big3=91671505 big4=16654716 big5=1357002 big6=31704
  cores with a failure: 0
# lb4_run.py results/k4_certs_4_n4_3.json.gz -i8 -u1 -r1 -w1 -c1 --show=5 --jobs=2
results/k4_certs_4_n4_3.json.gz: 339 cores, 170s
  total=34971844608 leaves=64460089 runs=106334834 fails=8640 rawfails=0 nobig=24936684272 owner_r=8531257150 owner_other=673979838 rot=829914708 later_seq=1222648 later_upg=0 big3=7306577764 big4=2002454010 big5=287707424 big6=18260452 big7=292112
  cores with a failure: 1
    (8, [[0, 2, 7], [1, 2, 3, 7], [1, 4, 5, 6], [3, 4, 5, 6]], 8640, 0)
   FAIL n=4 m=8 sets=[[0,2,7],[1,2,3,7],[1,4,5,6],[3,4,5,6]] vals=[[2,3,4],[8,2,4,7],[7,3,5,6],[2,4,5,8]] order=1 2 3 0  picks=7,1,6,5 blocks=1,0,0,0 upg=3:30  frozen=1  J=d w=1
   FAIL n=4 m=8 sets=[[0,2,7],[1,2,3,7],[1,4,5,6],[3,4,5,6]] vals=[[2,3,4],[8,2,4,7],[8,2,4,5],[2,4,5,8]] order=1 2 3 0  picks=7,1,6,5 blocks=1,0,0,0 upg=3:30  frozen=1  J=d w=1
   FAIL n=4 m=8 sets=[[0,2,7],[1,2,3,7],[1,4,5,6],[3,4,5,6]] vals=[[2,3,4],[8,2,4,7],[8,2,3,4],[2,4,5,8]] order=1 2 3 0  picks=7,1,6,5 blocks=1,0,0,0 upg=3:30  frozen=1  J=d w=1
# lb4_run.py results/k4_certs_2_ties.json.gz --ties -i8 -u1 -r1 -w1 -c1 --show=5 --jobs=2
results/k4_certs_2_ties.json.gz: 5 cores (ties), 1s
  total=3590173 leaves=10798 runs=15945 fails=0 rawfails=0 nobig=1592563 owner_r=1788838 owner_other=174424 rot=34348 later_seq=2720 later_upg=0 big3=1638716 big4=335241
  cores with a failure: 0
# lb4_run.py results/k4_certs_3_ties.json.gz --ties -i8 -u1 -r1 -w1 -c1 --show=5 --jobs=2
results/k4_certs_3_ties.json.gz: 51 cores (ties), 57s
  total=24690461987 leaves=5744707 runs=9001070 fails=0 rawfails=0 nobig=14298849204 owner_r=9295905004 owner_other=634159617 rot=461548162 later_seq=6855672 later_upg=0 big3=7487647172 big4=2316679576 big5=350812151 big6=20679000
  cores with a failure: 0
# lb4_run.py results/k4_certs_5_n4_1.json.gz -i8 -u1 -r1 -w1 -c1 --show=5 --jobs=2
results/k4_certs_5_n4_1.json.gz: 1735 cores, 31s
  total=574615296 leaves=55161056 runs=60410560 fails=0 rawfails=0 nobig=547530330 owner_r=22252578 owner_other=1396116 rot=3436272 later_seq=4 later_upg=0 big3=21872813 big4=2549770 big5=115074 big6=2044
  cores with a failure: 0
# lb4_run.py results/k4_certs_5_n4_2.json.gz -i8 -u1 -r1 -w1 -c1 --show=5 --jobs=2
results/k4_certs_5_n4_2.json.gz: 5468 cores, 811s
  total=80025864192 leaves=835290773 runs=1075375402 fails=0 rawfails=0 nobig=72445142204 owner_r=6412114474 owner_other=492511856 rot=676095658 later_seq=97796 later_upg=0 big3=5908915648 big4=1136981673 big5=106758136 big6=3824886 big7=48520
  cores with a failure: 0
# lb4_run.py results/k4_certs_4_pure.json.gz -i8 -u1 -r1 -w1 -c1 --show=5 --jobs=3
# (stopped by hand: not needed, since -i8 already fails at n = 4 with three 4-good agents above)
