# lb4_run.py results/k4_certs_2.json.gz -i2 -u1 -r1 -w1 -c1 --show=5 --cert=results/k4_lb4_certs_2.json.gz
  certificate: results/k4_lb4_certs_2.json.gz (50 allocations)
results/k4_certs_2.json.gz: 5 cores, 1s
  total=189216 leaves=4476 runs=7304 fails=0 rawfails=0 nobig=81216 owner_r=94860 owner_other=9900 rot=3240 later_seq=300 later_upg=0 big3=85248 big4=20736
  cores with a failure: 0
# lb4_run.py results/k4_certs_3.json.gz -i2 -u1 -r1 -w1 -c1 --show=5 --cert=results/k4_lb4_certs_3.json.gz
  certificate: results/k4_lb4_certs_3.json.gz (4605 allocations)
results/k4_certs_3.json.gz: 51 cores, 4s
  total=299837376 leaves=1117575 runs=1979374 fails=0 rawfails=0 nobig=164554896 owner_r=115740504 owner_other=9356572 rot=10185404 later_seq=160060 later_upg=0 big3=92488487 big4=32235991 big5=5626844 big6=371668
  cores with a failure: 0
# lb4_run.py results/k4_certs_2_ties.json.gz --ties -i2 -u1 -r1 -w1 -c1 --show=5 --cert=results/k4_lb4_certs_2_ties.json.gz
  certificate: results/k4_lb4_certs_2_ties.json.gz (50 allocations)
results/k4_certs_2_ties.json.gz: 5 cores (ties), 1s
  total=3590173 leaves=10798 runs=15945 fails=0 rawfails=0 nobig=1592563 owner_r=1788838 owner_other=174424 rot=34348 later_seq=2720 later_upg=0 big3=1638716 big4=335241
  cores with a failure: 0
# lb4_run.py results/k4_certs_3_ties.json.gz --ties -i2 -u1 -r1 -w1 -c1 --show=5 --cert=results/k4_lb4_certs_3_ties.json.gz
  certificate: results/k4_lb4_certs_3_ties.json.gz (4634 allocations)
results/k4_certs_3_ties.json.gz: 51 cores (ties), 49s
  total=24690461987 leaves=5744707 runs=9001070 fails=0 rawfails=0 nobig=14298849204 owner_r=9295905004 owner_other=634159617 rot=461548162 later_seq=6855672 later_upg=0 big3=7487647172 big4=2316679576 big5=350812151 big6=20679000
  cores with a failure: 0
# lb4_run.py results/k4_certs_4_n4_1.json.gz -i2 -u1 -r1 -w1 -c1 --show=5 --cert=results/k4_lb4_certs_4_n4_1.json.gz
  certificate: results/k4_lb4_certs_4_n4_1.json.gz (11716 allocations)
results/k4_certs_4_n4_1.json.gz: 135 cores, 2s
  total=7247232 leaves=720381 runs=804858 fails=0 rawfails=0 nobig=6684788 owner_r=408122 owner_other=34626 rot=119696 later_seq=0 later_upg=0 big3=425761 big4=42439 big5=1072
  cores with a failure: 0
# lb4_run.py results/k4_certs_4_n4_2.json.gz -i2 -u1 -r1 -w1 -c1 --show=5 --cert=results/k4_lb4_certs_4_n4_2.json.gz
  certificate: results/k4_lb4_certs_4_n4_2.json.gz (64398 allocations)
results/k4_certs_4_n4_2.json.gz: 309 cores, 8s
  total=724847616 leaves=9010184 runs=12562192 fails=0 rawfails=0 nobig=605246694 owner_r=95800864 owner_other=8447556 rot=15352502 later_seq=14464 later_upg=0 big3=91671505 big4=16654716 big5=1357002 big6=31704
  cores with a failure: 0
# lb4_run.py results/k4_certs_4_n4_3.json.gz -i2 -u1 -r1 -w1 -c1 --show=5 --cert=results/k4_lb4_certs_4_n4_3.json.gz
  certificate: results/k4_lb4_certs_4_n4_3.json.gz (185108 allocations)
results/k4_certs_4_n4_3.json.gz: 339 cores, 91s
  total=34971844608 leaves=64460089 runs=106334834 fails=0 rawfails=0 nobig=24936692912 owner_r=8531257150 owner_other=673979838 rot=829914708 later_seq=1231288 later_upg=0 big3=7306577764 big4=2002454010 big5=287707424 big6=18260452 big7=292112
  cores with a failure: 0
