# python3 attempts/lb4_variants.py
lbplus-shape: index insertion, need-shrinking upgrades, owner r, else one rotation (any chain, any subset)
  options -i0 -u1 -o2 -r1; core m=5 sets=[[0, 2, 3, 4], [1, 2, 3, 4]]
  profiles 82944, failing 6480, raw-check failures 0
  first failing profile: values [[1, 4, 6, 8], [2, 4, 5, 8]]
  FAIL n=2 m=5 sets=[[0,2,3,4],[1,2,3,4]] vals=[[1,4,6,8],[2,4,5,8]] order=0 1  picks=4,3 blocks=0,0 upg=1:c  frozen= J=3 w=1
  brute force: 2 EFX0 allocations with at most one bundle of > 2 goods, e.g. [[[0, 2, 3], [1, 4]], [[2, 3], [0, 1, 4]]]
lbplus-shape-envy-free: the same with envy-free upgrades only (SCOUT §5's rule)
  options -i0 -u2 -o2 -r1; core m=6 sets=[[0, 1, 2, 3], [0, 1, 4, 5], [2, 3, 4, 5]]
  profiles 23887872, failing 149632, raw-check failures 0
  first failing profile: values [[2, 7, 4, 8], [1, 8, 4, 6], [2, 8, 3, 4]]
  FAIL n=3 m=6 sets=[[0,1,2,3],[0,1,4,5],[2,3,4,5]] vals=[[2,7,4,8],[1,8,4,6],[2,8,3,4]] order=0 2 1  picks=3,1,5 blocks=0,0,0 upg= frozen=0  J=15 w=1
  brute force: 7 EFX0 allocations with at most one bundle of > 2 goods, e.g. [[[0, 1, 2], [4, 5], [3]], [[0, 1], [2, 4, 5], [3]]]
no-rotation: every insertion sequence, every upgrade policy, every owner, owner needs from its bundle; no rotation
  options -i2 -u3 -r0 -w1; core m=5 sets=[[0, 1, 3, 4], [2, 3, 4], [2, 3, 4]]
  profiles 5184, failing 52, raw-check failures 0
  first failing profile: values [[3, 5, 7, 6], [2, 3, 4], [2, 3, 4]]
  FAIL n=3 m=5 sets=[[0,1,3,4],[2,3,4],[2,3,4]] vals=[[3,5,7,6],[2,3,4],[2,3,4]] order=2 0 1  picks=3,2,4 blocks=0,0,0 upg= frozen=0 2  J=3 w=1
  brute force: 4 EFX0 allocations with at most one bundle of > 2 goods, e.g. [[[0, 1, 2], [3], [4]], [[0, 1, 2], [4], [3]]]
fixed-insertion: index insertion; every upgrade policy, every owner, one rotation (chains may end at upgraded agents), owner needs from its bundle
  options -i0 -u3 -r1 -w1 -c1; core m=6 sets=[[0, 2, 4, 5], [1, 3, 5], [2, 3, 4, 5]]
  profiles 497664, failing 40, raw-check failures 0
  first failing profile: values [[1, 4, 6, 8], [2, 4, 3], [2, 8, 3, 4]]
  FAIL n=3 m=6 sets=[[0,2,4,5],[1,3,5],[2,3,4,5]] vals=[[1,4,6,8],[2,4,3],[2,8,3,4]] order=0 1 2  picks=5,3,4 blocks=0,0,0 upg= frozen=0 1  J=7 w=2
  brute force: 5 EFX0 allocations with at most one bundle of > 2 goods, e.g. [[[0, 1, 2, 4], [5], [3]], [[0, 2, 4], [1, 5], [3]]]
last-block-leader: every run of Phase 1; if it fails, every other leader of its last block (LB4 otherwise); counts are (run, profile) pairs
  options -i9 -u1 -r1 -w1 -c1; core m=8 sets=[[0, 2, 7], [1, 2, 3, 7], [1, 4, 5, 6], [3, 4, 5, 6]]
  profiles 939589632, failing 8640, raw-check failures 0
  first failing profile: values [[2, 3, 4], [8, 2, 4, 7], [7, 3, 5, 6], [2, 4, 5, 8]]
  FAIL n=4 m=8 sets=[[0,2,7],[1,2,3,7],[1,4,5,6],[3,4,5,6]] vals=[[2,3,4],[8,2,4,7],[7,3,5,6],[2,4,5,8]] order=1 2 3 0  picks=7,1,6,5 blocks=1,0,0,0 upg=3:30  frozen=1  J=d w=1
  brute force: 50 EFX0 allocations with at most one bundle of > 2 goods, e.g. [[[0, 1, 2], [3, 7], [4, 5], [6]], [[0, 2, 3, 4], [1], [5, 7], [6]]]
last-block-leader-index: index insertion; if it fails, every other leader of its last block (LB4 otherwise): the polynomial LB4L(index)
  options -i8 -u1 -r1 -w1 -c1; core m=8 sets=[[0, 2, 4, 6], [0, 2, 5, 6], [1, 3, 4, 7], [1, 3, 5, 7]]
  profiles 6879707136, failing 43200, raw-check failures 0
  first failing profile: values [[2, 4, 8, 7], [5, 6, 3, 7], [3, 5, 7, 6], [4, 5, 2, 8]]
  FAIL n=4 m=8 sets=[[0,2,4,6],[0,2,5,6],[1,3,4,7],[1,3,5,7]] vals=[[2,4,8,7],[5,6,3,7],[3,5,7,6],[4,5,2,8]] order=0 2 3 1  picks=4,6,7,3 blocks=0,1,0,0 upg=3:a  frozen=0  J=25 w=1
  brute force: 63 EFX0 allocations with at most one bundle of > 2 goods, e.g. [[[0, 6], [1, 2, 5], [3, 4], [7]], [[0, 6], [1, 2, 5], [4], [3, 7]]]
owner-needs-from-base: every insertion sequence, every upgrade policy, every owner, one rotation; the owner's needs from its base (as at k = 3)
  options -i2 -u3 -r1 -w0; core m=8 sets=[[0, 2, 4, 6], [0, 2, 5, 6], [1, 3, 4, 7], [1, 3, 5, 7]]
  profiles 6879707136, failing 1296, raw-check failures 0
  first failing profile: values [[2, 3, 8, 4], [2, 3, 8, 4], [2, 3, 8, 4], [2, 3, 8, 4]]
  FAIL n=4 m=8 sets=[[0,2,4,6],[0,2,5,6],[1,3,4,7],[1,3,5,7]] vals=[[2,3,8,4],[2,3,8,4],[2,3,8,4],[2,3,8,4]] order=3 1 0 2  picks=4,6,7,5 blocks=0,0,0,0 upg= frozen=0 3  J=f w=2
  brute force: 12 EFX0 allocations with at most one bundle of > 2 goods, e.g. [[[0, 2, 6], [5], [1, 4], [3, 7]], [[0, 4], [2, 6], [1, 3, 7], [5]]]
all reproduced
