# ls4alg_run.py ../results/k4_certs_4_pure.json.gz --sample=100000 --defs=-DALT --jobs=2
[[0, 1, 2, 3], [0, 2, 5, 6], [1, 4, 5, 6], [3, 4, 5, 6]] FAIL no placement: n=4 m=7 [0:3 1:6 2:10 3:8] [0:2 2:8 5:4 6:3] [1:4 4:2 5:5 6:8] [3:4 4:3 5:2 6:8] Y: 4 21 40 18 U:2
[[0, 1, 2, 3], [0, 2, 5, 6], [1, 4, 5, 6], [3, 4, 5, 6]] FAIL no placement: n=4 m=7 [0:2 1:4 2:10 3:7] [0:3 2:10 5:2 6:6] [1:4 4:3 5:8 6:6] [3:6 4:3 5:10 6:2] Y: 4 41 20 18 U:2
[[0, 1, 2, 3], [0, 2, 5, 6], [1, 4, 5, 6], [3, 4, 5, 6]] FAIL no placement: n=4 m=7 [0:8 1:4 2:2 3:5] [0:10 2:2 5:3 6:6] [1:4 4:10 5:3 6:8] [3:6 4:10 5:3 6:2] Y: 1 44 10 28 U:2
BAD [[0, 1, 2, 3], [0, 2, 5, 6], [1, 4, 5, 6], [3, 4, 5, 6]] rc 1 ] [0:2 2:8 5:4 6:3] [1:4 4:2 5:5 6:8] [3:4 4:3 5:2 6:8] Y: 4 21 40 18 U:2
FAIL no placement: n=4 m=7 [0:2 1:4 2:10 3:7] [0:3 2:10 5:2 6:6] [1:4 4:3 5:8 6:6] [3:6 4:3 5:10 6:2] Y: 4 41 20 18 U:2
FAIL no placement: n=4 m=7 [0:8 1:4 2:2 3:5] [0:10 2:2 5:3 6:6] [1:4 4:10 5:3 6:8] [3:6 4:10 5:3 6:2] Y: 1 44 10 28 U:2
RESULT runs=100000 fail=3 complete=94252 empty=0 dump=5605 dm=140 exact=0 M1=518566 R=1469 X=1264 L2=474 L3=635 L4=155 L5=0 maxsteps=10 maxlevels=43 big0=48708 big1=51289 big2=0 big3+=0

[[0, 2, 4, 5], [0, 2, 5, 6], [1, 3, 4, 6], [1, 3, 5, 6]] FAIL no placement: n=4 m=7 [0:10 2:3 4:6 5:8] [0:8 2:2 5:3 6:4] [1:2 3:8 4:4 6:7] [1:2 3:10 5:7 6:4] Y: 1 44 8 22 U:10
[[0, 2, 4, 5], [0, 2, 5, 6], [1, 3, 4, 6], [1, 3, 5, 6]] FAIL no placement: n=4 m=7 [0:10 2:6 4:3 5:8] [0:10 2:3 5:2 6:6] [1:4 3:8 4:3 6:6] [1:3 3:10 5:6 6:2] Y: 1 44 8 22 U:10
BAD [[0, 2, 4, 5], [0, 2, 5, 6], [1, 3, 4, 6], [1, 3, 5, 6]] rc 1 FAIL no placement: n=4 m=7 [0:10 2:3 4:6 5:8] [0:8 2:2 5:3 6:4] [1:2 3:8 4:4 6:7] [1:2 3:10 5:7 6:4] Y: 1 44 8 22 U:10
FAIL no placement: n=4 m=7 [0:10 2:6 4:3 5:8] [0:10 2:3 5:2 6:6] [1:4 3:8 4:3 6:6] [1:3 3:10 5:6 6:2] Y: 1 44 8 22 U:10
RESULT runs=100000 fail=2 complete=94827 empty=0 dump=5169 dm=2 exact=0 M1=524753 R=4225 X=1065 L2=651 L3=348 L4=66 L5=0 maxsteps=10 maxlevels=43 big0=57956 big1=42042 big2=0 big3+=0

[[0, 2, 4, 5], [0, 3, 4, 6], [1, 2, 5, 6], [1, 3, 5, 6]] FAIL no placement: n=4 m=7 [0:1 2:4 4:8 5:6] [0:1 3:4 4:8 6:6] [1:10 2:3 5:4 6:8] [1:10 3:6 5:3 6:2] Y: 10 41 2 28 U:4
[[0, 2, 4, 5], [0, 3, 4, 6], [1, 2, 5, 6], [1, 3, 5, 6]] FAIL no placement: n=4 m=7 [0:8 2:2 4:4 5:7] [0:10 3:4 4:2 6:7] [1:8 2:4 5:2 6:7] [1:8 3:3 5:4 6:2] Y: 1 50 2 28 U:4
BAD [[0, 2, 4, 5], [0, 3, 4, 6], [1, 2, 5, 6], [1, 3, 5, 6]] rc 1 FAIL no placement: n=4 m=7 [0:1 2:4 4:8 5:6] [0:1 3:4 4:8 6:6] [1:10 2:3 5:4 6:8] [1:10 3:6 5:3 6:2] Y: 10 41 2 28 U:4
FAIL no placement: n=4 m=7 [0:8 2:2 4:4 5:7] [0:10 3:4 4:2 6:7] [1:8 2:4 5:2 6:7] [1:8 3:3 5:4 6:2] Y: 1 50 2 28 U:4
RESULT runs=100000 fail=2 complete=94286 empty=0 dump=5531 dm=181 exact=0 M1=524073 R=1783 X=1277 L2=665 L3=422 L4=190 L5=0 maxsteps=10 maxlevels=43 big0=51390 big1=48608 big2=0 big3+=0

[[0, 2, 5, 6], [0, 3, 4, 6], [1, 2, 4, 6], [1, 3, 5, 6]] FAIL no placement: n=4 m=7 [0:3 2:10 5:8 6:4] [0:7 3:10 4:2 6:6] [1:3 2:8 4:2 6:4] [1:3 3:10 5:6 6:2] Y: 4 8 50 22 U:1
[[0, 2, 5, 6], [0, 3, 4, 6], [1, 2, 4, 6], [1, 3, 5, 6]] FAIL no placement: n=4 m=7 [0:6 2:2 5:7 6:10] [0:5 3:8 4:4 6:6] [1:4 2:2 4:5 6:8] [1:2 3:8 5:3 6:4] Y: 40 8 14 22 U:1
BAD [[0, 2, 5, 6], [0, 3, 4, 6], [1, 2, 4, 6], [1, 3, 5, 6]] rc 1 FAIL no placement: n=4 m=7 [0:3 2:10 5:8 6:4] [0:7 3:10 4:2 6:6] [1:3 2:8 4:2 6:4] [1:3 3:10 5:6 6:2] Y: 4 8 50 22 U:1
FAIL no placement: n=4 m=7 [0:6 2:2 5:7 6:10] [0:5 3:8 4:4 6:6] [1:4 2:2 4:5 6:8] [1:2 3:8 5:3 6:4] Y: 40 8 14 22 U:1
RESULT runs=100000 fail=2 complete=93281 empty=0 dump=6715 dm=2 exact=0 M1=505628 R=173 X=1649 L2=651 L3=899 L4=99 L5=0 maxsteps=9 maxlevels=43 big0=43851 big1=56147 big2=0 big3+=0

[[0, 2, 5, 6], [0, 3, 4, 5], [1, 2, 4, 6], [1, 3, 5, 6]] FAIL no placement: n=4 m=7 [0:8 2:5 5:2 6:4] [0:10 3:6 4:7 5:2] [1:8 2:5 4:4 6:2] [1:10 3:6 5:2 6:3] Y: 1 30 2 48 U:4
[[0, 2, 5, 6], [0, 3, 4, 5], [1, 2, 4, 6], [1, 3, 5, 6]] FAIL no placement: n=4 m=7 [0:6 2:7 5:10 6:2] [0:4 3:7 4:8 5:2] [1:4 2:5 4:8 6:2] [1:4 3:3 5:8 6:2] Y: 20 10 44 a U:1
[[0, 2, 5, 6], [0, 3, 4, 5], [1, 2, 4, 6], [1, 3, 5, 6]] FAIL no placement: n=4 m=7 [0:4 2:8 5:3 6:6] [0:3 3:4 4:6 5:8] [1:3 2:8 4:4 6:2] [1:2 3:3 5:8 6:4] Y: 4 20 12 48 U:1
[[0, 2, 5, 6], [0, 3, 4, 5], [1, 2, 4, 6], [1, 3, 5, 6]] FAIL no placement: n=4 m=7 [0:6 2:2 5:7 6:10] [0:4 3:8 4:7 5:2] [1:4 2:2 4:7 6:10] [1:3 3:10 5:6 6:8] Y: 40 8 14 22 U:1
BAD [[0, 2, 5, 6], [0, 3, 4, 5], [1, 2, 4, 6], [1, 3, 5, 6]] rc 1 0 6:2] [0:4 3:7 4:8 5:2] [1:4 2:5 4:8 6:2] [1:4 3:3 5:8 6:2] Y: 20 10 44 a U:1
FAIL no placement: n=4 m=7 [0:4 2:8 5:3 6:6] [0:3 3:4 4:6 5:8] [1:3 2:8 4:4 6:2] [1:2 3:3 5:8 6:4] Y: 4 20 12 48 U:1
FAIL no placement: n=4 m=7 [0:6 2:2 5:7 6:10] [0:4 3:8 4:7 5:2] [1:4 2:2 4:7 6:10] [1:3 3:10 5:6 6:8] Y: 40 8 14 22 U:1
RESULT runs=100000 fail=4 complete=94405 empty=0 dump=5556 dm=35 exact=0 M1=521401 R=203 X=2125 L2=1183 L3=803 L4=139 L5=0 maxsteps=9 maxlevels=43 big0=55488 big1=44508 big2=0 big3+=0

[[0, 2, 5, 7], [1, 4, 6, 7], [2, 3, 4, 7], [3, 5, 6, 7]] FAIL no placement: n=4 m=8 [0:1 2:4 5:6 7:8] [1:2 4:6 6:3 7:10] [2:6 3:8 4:4 7:5] [3:10 5:6 6:3 7:8] Y: 80 12 8 60 U:5
BAD [[0, 2, 5, 7], [1, 4, 6, 7], [2, 3, 4, 7], [3, 5, 6, 7]] rc 1 FAIL no placement: n=4 m=8 [0:1 2:4 5:6 7:8] [1:2 4:6 6:3 7:10] [2:6 3:8 4:4 7:5] [3:10 5:6 6:3 7:8] Y: 80 12 8 60 U:5
RESULT runs=100000 fail=1 complete=73454 empty=0 dump=25787 dm=758 exact=0 M1=563784 R=89 X=1462 L2=659 L3=679 L4=124 L5=0 maxsteps=9 maxlevels=48 big0=20528 big1=70816 big2=8655 big3+=0

[[0, 2, 6, 7], [1, 5, 6, 7], [2, 3, 4, 5], [3, 4, 6, 7]] FAIL no placement: n=4 m=8 [0:2 2:5 6:8 7:4] [1:1 5:6 6:8 7:4] [2:3 3:8 4:4 5:6] [3:10 4:3 6:2 7:6] Y: 40 22 8 90 U:5
[[0, 2, 6, 7], [1, 5, 6, 7], [2, 3, 4, 5], [3, 4, 6, 7]] FAIL no placement: n=4 m=8 [0:1 2:6 6:4 7:8] [1:2 5:6 6:3 7:10] [2:7 3:10 4:2 5:4] [3:8 4:4 6:3 7:2] Y: 80 22 8 50 U:5
BAD [[0, 2, 6, 7], [1, 5, 6, 7], [2, 3, 4, 5], [3, 4, 6, 7]] rc 1 FAIL no placement: n=4 m=8 [0:2 2:5 6:8 7:4] [1:1 5:6 6:8 7:4] [2:3 3:8 4:4 5:6] [3:10 4:3 6:2 7:6] Y: 40 22 8 90 U:5
FAIL no placement: n=4 m=8 [0:1 2:6 6:4 7:8] [1:2 5:6 6:3 7:10] [2:7 3:10 4:2 5:4] [3:8 4:4 6:3 7:2] Y: 80 22 8 50 U:5
RESULT runs=100000 fail=2 complete=79666 empty=0 dump=20103 dm=229 exact=0 M1=576889 R=78 X=1502 L2=638 L3=671 L4=193 L5=0 maxsteps=11 maxlevels=48 big0=21017 big1=74056 big2=4925 big3+=0

[[0, 1, 4, 5], [1, 3, 6, 7], [2, 3, 4, 7], [2, 5, 6, 7]] FAIL no placement: n=4 m=8 [0:1 1:6 4:4 5:8] [1:6 3:10 6:8 7:3] [2:4 3:8 4:6 7:1] [2:4 5:8 6:3 7:2] Y: 20 8 90 44 U:3
[[0, 1, 4, 5], [1, 3, 6, 7], [2, 3, 4, 7], [2, 5, 6, 7]] FAIL no placement: n=4 m=8 [0:2 1:7 4:4 5:10] [1:5 3:2 6:4 7:8] [2:6 3:2 4:7 7:10] [2:2 5:10 6:7 7:4] Y: 20 80 18 44 U:3
BAD [[0, 1, 4, 5], [1, 3, 6, 7], [2, 3, 4, 7], [2, 5, 6, 7]] rc 1 FAIL no placement: n=4 m=8 [0:1 1:6 4:4 5:8] [1:6 3:10 6:8 7:3] [2:4 3:8 4:6 7:1] [2:4 5:8 6:3 7:2] Y: 20 8 90 44 U:3
FAIL no placement: n=4 m=8 [0:2 1:7 4:4 5:10] [1:5 3:2 6:4 7:8] [2:6 3:2 4:7 7:10] [2:2 5:10 6:7 7:4] Y: 20 80 18 44 U:3
RESULT runs=100000 fail=2 complete=89853 empty=0 dump=9920 dm=225 exact=0 M1=538358 R=41 X=817 L2=290 L3=457 L4=70 L5=0 maxsteps=10 maxlevels=48 big0=5213 big1=78921 big2=15864 big3+=0

[[0, 2, 3, 7], [1, 2, 3, 4], [1, 5, 6, 7], [4, 5, 6, 7]] FAIL no placement: n=4 m=8 [0:2 2:4 3:7 7:8] [1:3 2:4 3:6 4:8] [1:2 5:8 6:4 7:7] [4:6 5:10 6:2 7:3] Y: 81 c 20 50 U:2
[[0, 2, 3, 7], [1, 2, 3, 4], [1, 5, 6, 7], [4, 5, 6, 7]] FAIL no placement: n=4 m=8 [0:2 2:4 3:7 7:8] [1:2 2:4 3:5 4:8] [1:5 5:8 6:2 7:4] [4:4 5:8 6:3 7:2] Y: 81 c 20 50 U:2
BAD [[0, 2, 3, 7], [1, 2, 3, 4], [1, 5, 6, 7], [4, 5, 6, 7]] rc 1 FAIL no placement: n=4 m=8 [0:2 2:4 3:7 7:8] [1:3 2:4 3:6 4:8] [1:2 5:8 6:4 7:7] [4:6 5:10 6:2 7:3] Y: 81 c 20 50 U:2
FAIL no placement: n=4 m=8 [0:2 2:4 3:7 7:8] [1:2 2:4 3:5 4:8] [1:5 5:8 6:2 7:4] [4:4 5:8 6:3 7:2] Y: 81 c 20 50 U:2
RESULT runs=100000 fail=2 complete=86658 empty=0 dump=13276 dm=64 exact=0 M1=580863 R=1475 X=579 L2=320 L3=195 L4=64 L5=0 maxsteps=10 maxlevels=48 big0=11814 big1=76646 big2=11538 big3+=0

[[0, 4, 5, 7], [1, 2, 3, 4], [1, 3, 6, 7], [2, 5, 6, 7]] FAIL no placement: n=4 m=8 [0:2 4:7 5:6 7:10] [1:2 2:10 3:4 4:7] [1:3 3:6 6:2 7:10] [2:8 5:6 6:1 7:4] Y: 80 4 a 60 U:11
BAD [[0, 4, 5, 7], [1, 2, 3, 4], [1, 3, 6, 7], [2, 5, 6, 7]] rc 1 FAIL no placement: n=4 m=8 [0:2 4:7 5:6 7:10] [1:2 2:10 3:4 4:7] [1:3 3:6 6:2 7:10] [2:8 5:6 6:1 7:4] Y: 80 4 a 60 U:11
RESULT runs=100000 fail=1 complete=90621 empty=0 dump=8994 dm=384 exact=0 M1=553651 R=164 X=908 L2=408 L3=427 L4=73 L5=0 maxsteps=10 maxlevels=48 big0=4252 big1=81346 big2=14401 big3+=0

[[0, 4, 5, 6], [1, 4, 7, 8], [2, 5, 7, 8], [3, 6, 7, 8]] FAIL no placement: n=4 m=9 [0:2 4:4 5:8 6:5] [1:2 4:7 7:4 8:10] [2:2 5:8 7:5 8:4] [3:2 6:5 7:4 8:8] Y: 20 100 84 48 U:13
BAD [[0, 4, 5, 6], [1, 4, 7, 8], [2, 5, 7, 8], [3, 6, 7, 8]] rc 1 FAIL no placement: n=4 m=9 [0:2 4:4 5:8 6:5] [1:2 4:7 7:4 8:10] [2:2 5:8 7:5 8:4] [3:2 6:5 7:4 8:8] Y: 20 100 84 48 U:13
RESULT runs=100000 fail=1 complete=83872 empty=0 dump=15672 dm=455 exact=0 M1=562637 R=0 X=304 L2=50 L3=234 L4=20 L5=0 maxsteps=9 maxlevels=50 big0=0 big1=78514 big2=21485 big3+=0

[[0, 2, 4, 8], [1, 3, 6, 7], [2, 3, 4, 5], [5, 6, 7, 8]] FAIL no placement: n=4 m=9 [0:2 2:6 4:7 8:10] [1:3 3:7 6:5 7:6] [2:8 3:10 4:4 5:3] [5:3 6:4 7:8 8:10] Y: 101 a 14 c0 U:20
BAD [[0, 2, 4, 8], [1, 3, 6, 7], [2, 3, 4, 5], [5, 6, 7, 8]] rc 1 FAIL no placement: n=4 m=9 [0:2 2:6 4:7 8:10] [1:3 3:7 6:5 7:6] [2:8 3:10 4:4 5:3] [5:3 6:4 7:8 8:10] Y: 101 a 14 c0 U:20
RESULT runs=100000 fail=1 complete=87247 empty=0 dump=12392 dm=360 exact=0 M1=570727 R=22 X=563 L2=355 L3=201 L4=7 L5=0 maxsteps=10 maxlevels=50 big0=0 big1=67275 big2=32724 big3+=0

TOTAL cores=219 badcores=12 runs=21900000 fail=23 complete=17216126 empty=0 dump=4574597 dm=108311 exact=943 M1=119006216 R=448435 X=311414 L2=175957 L3=115210 L4=20247 L5=0 maxsteps=11 maxlevels=56 big0=5117444 big1=10785141 big2=5061360 big3+=936032 wall=71s
