$ python3 k4/ls4_attempts.py
== LS4 dead end (attempts/k4-ls-dead-end.md), n = 4, m = 7
   values [0:8 2:10 5:6 6:3] [0:5 3:2 4:4 6:8] [1:1 2:8 4:6 6:4] [1:2 3:3 5:6 6:10]
   15 steps replayed, each a valid M1 move (one agent takes goods from its bundle and the pool, strictly better, junk-free, EFX0): True
   final Y = [[2], [6], [1, 4], [3, 5]]  U = [0]  values [10, 8, 7, 9]
   improving M1 moves: 0 (claim 0)
   improving R moves: 0 (claim 0)
   improving XK moves: 0 (claim 0)
   improving G moves: 0 (claim 0)
   completions of Y: 0 (claim 0)
   complete EFX0 allocations in which every agent gets at least its value in Y: 0 of 16384 checked (claim 0)
== exchange cycles of length <= 2 (attempts/k4-ls-short-cycles.md), n = 3, m = 5
   values [0:1 1:4 2:6 4:8] [1:2 3:3 4:4] [2:3 3:4 4:2]
   Y = [[4], [3], [2]]  U = [0, 1]
   Y junk-free and EFX0: True
   improving M1 moves: 0 (claim 0)
   improving R moves: 0 (claim 0)
   improving XK2 moves: 0 (claim 0)
   improving XK moves: 2 (claim > 0), e.g. [(0, [1, 2]), (2, [3]), (1, [4])]
   completions (pool goods anywhere): 0 (claim 0)
== at most one pool-using agent per cycle (attempts/k4-ls-one-pool-agent.md), n = 5, m = 8
   values [0:2 2:4 6:7 7:8] [1:3 2:2 5:4] [1:3 6:2 7:4] [3:2 4:3 5:4] [3:2 4:8 6:5 7:4]
   Y = [[7], [5], [1], [4], [3, 6]]  U = [0, 2]
   Y junk-free and EFX0: True
   improving M1 moves: 0 (claim 0)
   improving R moves: 0 (claim 0)
   improving XK1P moves: 0 (claim 0)
   improving XK moves: 2 (claim > 0), e.g. [(0, [0, 6]), (4, [4]), (3, [5]), (1, [1, 2]), (2, [7])]
   completions (pool goods anywhere): 0 (claim 0)
== clean placement ignoring values (attempts/k4-ls-clean-placement.md), n = 3, m = 5
   values [0:1 2:8 3:6 4:4] [1:2 2:4 3:10 4:7] [2:4 3:3 4:2]
   Y = [[2], [3], [4]]  U = [0, 1]
   Y junk-free and EFX0: True
   improving M1 moves: 0 (claim 0)
   improving R moves: 0 (claim 0)
   improving XK moves: 0 (claim 0)
   clean placement rule succeeds: False (claim False)
   dump-plus-solo placements (LS4 Phase 2 (b)/(c)): [[[2], [3], [0, 1, 4]]] (1; claim > 0)
== simplest polynomial split (attempts/k4-ls-simple-split.md), n = 4, m = 6
   values [0:1 1:6 3:8 4:4] [1:3 2:2 5:4] [2:5 3:3 4:6 5:7] [2:7 3:10 4:4 5:2]
   Y = [[3], [5], [4], [2]]  U = [0, 1]
   Y junk-free and EFX0: True
   improving M1 moves: 0 (claim 0)
   improving R moves: 0 (claim 0)
   improving XK moves: 0 (claim 0)
   single-dump completions: 0 (claim 0)
   simplest split succeeds: False (claim False)
   dump-plus-solo placements (LS4 Phase 2 (b)/(c)): [[[3], [5], [0, 4], [1, 2]], [[3], [5], [1, 4], [0, 2]]] (4; claim > 0)
== choice rule -DALT (attempts/k4-ls-alt-rule.md), n = 4, m = 7
   values [0:3 1:6 2:10 3:8] [0:2 2:8 5:4 6:3] [1:4 4:2 5:5 6:8] [3:4 4:3 5:2 6:8]
   5 steps replayed, each a Pareto move keeping junk-free EFX0: True
   final Y = [[2], [0, 5], [6], [3, 4]]  U = [1]
   improving M1 moves: 0 (claim 0)
   improving R moves: 0 (claim 0)
   improving XK moves: 0 (claim 0)
   completions (pool goods anywhere): 0 (claim 0)
   coalition moves: 3 (so not a dead end: a Pareto continuation exists)
== M1+R only (attempts/k4-ls-no-exchange.md), n = 2, m = 4
   values [0:4 1:1 2:6 3:8] [0:2 1:3 2:4 3:8]
   Y = [[3], [1, 2]]  U = [0]
   Y junk-free and EFX0: True
   improving M1 moves: 0 (claim 0)
   improving R moves: 0 (claim 0)
   improving X moves: 2 (claim > 0), e.g. [(0, [0, 2]), (1, [3])]
   complete EFX0 allocations extending Y (pool goods anywhere): 0 (claim 0)
== exchange cycles without keep, champion cycles included (attempts/k4-ls-exchange-no-keep.md), n = 3, m = 6
   values [0:6 1:4 2:8 5:5] [1:4 3:8 4:2 5:5] [2:6 3:10 4:3 5:2]
   Y = [[0, 5], [3], [2, 4]]  U = [1]
   Y junk-free and EFX0: True
   improving M1 moves: 0 (claim 0)
   improving R moves: 0 (claim 0)
   improving X moves: 0 (claim 0)
   improving XK moves: 2 (claim > 0), e.g. [(0, [0, 2]), (2, [3]), (1, [1, 5])]
   complete EFX0 allocations extending Y (pool goods anywhere): 0 (claim 0)
== single dump (attempts/k4-ls-single-dump.md), n = 4, m = 7
   values [0:1 2:6 5:4 6:8] [1:4 2:6 3:8 4:1] [1:7 4:2 5:6 6:10] [3:10 4:4 5:7 6:2]
   Y = [[6], [3], [1, 4], [5]]  U = [0, 2]
   Y junk-free and EFX0: True
   improving M1 moves: 0 (claim 0)
   improving R moves: 0 (claim 0)
   improving XK moves: 0 (claim 0)
   improving G moves: 0 (claim 0)
   single-dump completions: 0 (claim 0); junk completions: [[[6], [3], [0, 1, 4], [2, 5]]]
   complete EFX0 allocations weakly better than Y for every agent: [[[6], [3], [0, 1, 4], [2, 5]]]
ALL CLAIMS CONFIRMED
