# ls4alg_run.py ../results/k4_certs_4_n4_3.json.gz ../results/k4_certs_4_pure.json.gz --sample=100000
[[0, 1, 2, 3], [0, 2, 5, 6], [1, 4, 5, 6], [3, 4, 5, 6]] FAIL no placement: n=4 m=7 [0:3 1:6 2:10 3:8] [0:2 2:8 5:4 6:3] [1:4 4:2 5:5 6:8] [3:4 4:3 5:2 6:8] Y: 4 21 40 18 U:2
[[0, 1, 2, 3], [0, 2, 5, 6], [1, 4, 5, 6], [3, 4, 5, 6]] FAIL no placement: n=4 m=7 [0:2 1:4 2:10 3:7] [0:3 2:10 5:2 6:6] [1:4 4:3 5:8 6:6] [3:6 4:3 5:10 6:2] Y: 4 41 20 18 U:2
[[0, 1, 2, 3], [0, 2, 5, 6], [1, 4, 5, 6], [3, 4, 5, 6]] FAIL no placement: n=4 m=7 [0:6 1:3 2:10 3:8] [0:3 2:10 5:6 6:8] [1:7 4:2 5:4 6:10] [3:6 4:1 5:4 6:8] Y: 4 21 40 18 U:2
BAD [[0, 1, 2, 3], [0, 2, 5, 6], [1, 4, 5, 6], [3, 4, 5, 6]] rc 1 3:8] [0:2 2:8 5:4 6:3] [1:4 4:2 5:5 6:8] [3:4 4:3 5:2 6:8] Y: 4 21 40 18 U:2
FAIL no placement: n=4 m=7 [0:2 1:4 2:10 3:7] [0:3 2:10 5:2 6:6] [1:4 4:3 5:8 6:6] [3:6 4:3 5:10 6:2] Y: 4 41 20 18 U:2
FAIL no placement: n=4 m=7 [0:6 1:3 2:10 3:8] [0:3 2:10 5:6 6:8] [1:7 4:2 5:4 6:10] [3:6 4:1 5:4 6:8] Y: 4 21 40 18 U:2
RESULT runs=100000 fail=3 complete=92542 empty=0 dump=7371 dm=84 exact=0 M1=1742857 R=533 X=383 L2=193 L3=164 L4=26 L5=0 maxsteps=23 maxlevels=43 big0=37475 big1=62522 big2=0 big3+=0

[[0, 2, 4, 5], [0, 2, 5, 6], [1, 3, 4, 6], [1, 3, 5, 6]] FAIL no placement: n=4 m=7 [0:10 2:3 4:6 5:8] [0:8 2:2 5:3 6:4] [1:2 3:8 4:4 6:7] [1:2 3:10 5:7 6:4] Y: 1 44 8 22 U:10
[[0, 2, 4, 5], [0, 2, 5, 6], [1, 3, 4, 6], [1, 3, 5, 6]] FAIL no placement: n=4 m=7 [0:10 2:6 4:3 5:8] [0:10 2:3 5:2 6:6] [1:4 3:8 4:3 6:6] [1:3 3:10 5:6 6:2] Y: 1 44 8 22 U:10
BAD [[0, 2, 4, 5], [0, 2, 5, 6], [1, 3, 4, 6], [1, 3, 5, 6]] rc 1 FAIL no placement: n=4 m=7 [0:10 2:3 4:6 5:8] [0:8 2:2 5:3 6:4] [1:2 3:8 4:4 6:7] [1:2 3:10 5:7 6:4] Y: 1 44 8 22 U:10
FAIL no placement: n=4 m=7 [0:10 2:6 4:3 5:8] [0:10 2:3 5:2 6:6] [1:4 3:8 4:3 6:6] [1:3 3:10 5:6 6:2] Y: 1 44 8 22 U:10
RESULT runs=100000 fail=2 complete=91258 empty=0 dump=8730 dm=10 exact=0 M1=1721306 R=2955 X=616 L2=499 L3=114 L4=3 L5=0 maxsteps=24 maxlevels=43 big0=50767 big1=49231 big2=0 big3+=0

[[0, 2, 5, 6], [0, 3, 4, 6], [1, 2, 4, 6], [1, 3, 5, 6]] FAIL no placement: n=4 m=7 [0:8 2:10 5:6 6:3] [0:5 3:2 4:4 6:8] [1:1 2:8 4:6 6:4] [1:2 3:3 5:6 6:10] Y: 4 40 12 28 U:1
[[0, 2, 5, 6], [0, 3, 4, 6], [1, 2, 4, 6], [1, 3, 5, 6]] FAIL no placement: n=4 m=7 [0:5 2:7 5:6 6:3] [0:6 3:3 4:8 6:10] [1:2 2:10 4:6 6:7] [1:4 3:2 5:5 6:8] Y: 4 40 12 28 U:1
BAD [[0, 2, 5, 6], [0, 3, 4, 6], [1, 2, 4, 6], [1, 3, 5, 6]] rc 1 FAIL no placement: n=4 m=7 [0:8 2:10 5:6 6:3] [0:5 3:2 4:4 6:8] [1:1 2:8 4:6 6:4] [1:2 3:3 5:6 6:10] Y: 4 40 12 28 U:1
FAIL no placement: n=4 m=7 [0:5 2:7 5:6 6:3] [0:6 3:3 4:8 6:10] [1:2 2:10 4:6 6:7] [1:4 3:2 5:5 6:8] Y: 4 40 12 28 U:1
RESULT runs=100000 fail=2 complete=92988 empty=0 dump=7010 dm=0 exact=0 M1=1695247 R=170 X=382 L2=293 L3=82 L4=7 L5=0 maxsteps=24 maxlevels=43 big0=37544 big1=62454 big2=0 big3+=0

[[0, 2, 5, 6], [0, 3, 4, 5], [1, 2, 4, 6], [1, 3, 5, 6]] FAIL no placement: n=4 m=7 [0:7 2:6 5:2 6:10] [0:4 3:5 4:8 5:2] [1:3 2:6 4:10 6:8] [1:4 3:6 5:1 6:8] Y: 40 10 6 28 U:1
[[0, 2, 5, 6], [0, 3, 4, 5], [1, 2, 4, 6], [1, 3, 5, 6]] FAIL no placement: n=4 m=7 [0:5 2:8 5:4 6:6] [0:4 3:2 4:5 5:8] [1:2 2:8 4:5 6:4] [1:6 3:2 5:10 6:7] Y: 4 20 12 48 U:1
[[0, 2, 5, 6], [0, 3, 4, 5], [1, 2, 4, 6], [1, 3, 5, 6]] FAIL no placement: n=4 m=7 [0:3 2:7 5:5 6:6] [0:4 3:2 4:7 5:10] [1:2 2:8 4:5 6:4] [1:4 3:1 5:8 6:6] Y: 4 20 12 48 U:1
[[0, 2, 5, 6], [0, 3, 4, 5], [1, 2, 4, 6], [1, 3, 5, 6]] FAIL no placement: n=4 m=7 [0:4 2:10 5:2 6:7] [0:4 3:8 4:7 5:2] [1:2 2:8 4:5 6:4] [1:4 3:8 5:2 6:5] Y: 4 8 12 60 U:1
[[0, 2, 5, 6], [0, 3, 4, 5], [1, 2, 4, 6], [1, 3, 5, 6]] FAIL no placement: n=4 m=7 [0:4 2:8 5:3 6:6] [0:3 3:4 4:6 5:8] [1:3 2:8 4:4 6:2] [1:2 3:3 5:8 6:4] Y: 4 20 12 48 U:1
BAD [[0, 2, 5, 6], [0, 3, 4, 5], [1, 2, 4, 6], [1, 3, 5, 6]] rc 1 :7 5:5 6:6] [0:4 3:2 4:7 5:10] [1:2 2:8 4:5 6:4] [1:4 3:1 5:8 6:6] Y: 4 20 12 48 U:1
FAIL no placement: n=4 m=7 [0:4 2:10 5:2 6:7] [0:4 3:8 4:7 5:2] [1:2 2:8 4:5 6:4] [1:4 3:8 5:2 6:5] Y: 4 8 12 60 U:1
FAIL no placement: n=4 m=7 [0:4 2:8 5:3 6:6] [0:3 3:4 4:6 5:8] [1:3 2:8 4:4 6:2] [1:2 3:3 5:8 6:4] Y: 4 20 12 48 U:1
RESULT runs=100000 fail=6 complete=92417 empty=0 dump=7555 dm=22 exact=0 M1=1717808 R=168 X=723 L2=643 L3=75 L4=5 L5=0 maxsteps=25 maxlevels=43 big0=40046 big1=59948 big2=0 big3+=0

[[0, 2, 3, 4], [1, 3, 6, 7], [2, 5, 6, 7], [4, 5, 6, 7]] FAIL no placement: n=4 m=8 [0:1 2:4 3:8 4:6] [1:2 3:8 6:4 7:5] [2:4 5:3 6:6 7:8] [4:7 5:2 6:6 7:10] Y: 8 42 80 30 U:5
BAD [[0, 2, 3, 4], [1, 3, 6, 7], [2, 5, 6, 7], [4, 5, 6, 7]] rc 1 FAIL no placement: n=4 m=8 [0:1 2:4 3:8 4:6] [1:2 3:8 6:4 7:5] [2:4 5:3 6:6 7:8] [4:7 5:2 6:6 7:10] Y: 8 42 80 30 U:5
RESULT runs=100000 fail=1 complete=77716 empty=0 dump=21953 dm=330 exact=0 M1=1924426 R=406 X=182 L2=79 L3=94 L4=9 L5=0 maxsteps=26 maxlevels=47 big0=1531 big1=84306 big2=14162 big3+=0

[[0, 2, 5, 7], [1, 4, 6, 7], [2, 3, 4, 6], [3, 5, 6, 7]] FAIL no placement: n=4 m=8 [0:2 2:7 5:6 7:10] [1:2 4:6 6:7 7:10] [2:7 3:2 4:4 6:10] [3:2 5:6 6:10 7:7] Y: 80 12 40 28 U:5
BAD [[0, 2, 5, 7], [1, 4, 6, 7], [2, 3, 4, 6], [3, 5, 6, 7]] rc 1 FAIL no placement: n=4 m=8 [0:2 2:7 5:6 7:10] [1:2 4:6 6:7 7:10] [2:7 3:2 4:4 6:10] [3:2 5:6 6:10 7:7] Y: 80 12 40 28 U:5
RESULT runs=100000 fail=1 complete=75315 empty=0 dump=23959 dm=725 exact=0 M1=1898265 R=66 X=474 L2=434 L3=35 L4=5 L5=0 maxsteps=27 maxlevels=48 big0=3197 big1=80003 big2=16799 big3+=0

[[0, 2, 6, 7], [1, 5, 6, 7], [2, 3, 4, 5], [3, 4, 6, 7]] FAIL no placement: n=4 m=8 [0:2 2:5 6:8 7:4] [1:1 5:6 6:8 7:4] [2:3 3:8 4:4 5:6] [3:10 4:3 6:2 7:6] Y: 40 22 8 90 U:5
BAD [[0, 2, 6, 7], [1, 5, 6, 7], [2, 3, 4, 5], [3, 4, 6, 7]] rc 1 FAIL no placement: n=4 m=8 [0:2 2:5 6:8 7:4] [1:1 5:6 6:8 7:4] [2:3 3:8 4:4 5:6] [3:10 4:3 6:2 7:6] Y: 40 22 8 90 U:5
RESULT runs=100000 fail=1 complete=79845 empty=0 dump=19624 dm=530 exact=0 M1=1887345 R=19 X=678 L2=569 L3=102 L4=7 L5=0 maxsteps=25 maxlevels=48 big0=6174 big1=75655 big2=18170 big3+=0

[[0, 1, 4, 5], [1, 3, 6, 7], [2, 3, 4, 7], [2, 5, 6, 7]] FAIL no placement: n=4 m=8 [0:2 1:8 4:5 5:4] [1:10 3:7 6:2 7:4] [2:2 3:7 4:4 7:10] [2:2 5:4 6:3 7:8] Y: 2 48 80 24 U:11
BAD [[0, 1, 4, 5], [1, 3, 6, 7], [2, 3, 4, 7], [2, 5, 6, 7]] rc 1 FAIL no placement: n=4 m=8 [0:2 1:8 4:5 5:4] [1:10 3:7 6:2 7:4] [2:2 3:7 4:4 7:10] [2:2 5:4 6:3 7:8] Y: 2 48 80 24 U:11
RESULT runs=100000 fail=1 complete=92539 empty=0 dump=7333 dm=127 exact=0 M1=1957707 R=56 X=96 L2=43 L3=50 L4=3 L5=0 maxsteps=26 maxlevels=48 big0=2108 big1=85595 big2=12296 big3+=0

[[0, 2, 5, 6], [0, 3, 4, 6], [1, 2, 4, 7], [1, 3, 5, 7]] FAIL no placement: n=4 m=8 [0:6 2:4 5:8 6:5] [0:6 3:3 4:10 6:8] [1:2 2:4 4:7 7:10] [1:2 3:3 5:6 7:10] Y: 41 18 80 22 U:4
[[0, 2, 5, 6], [0, 3, 4, 6], [1, 2, 4, 7], [1, 3, 5, 7]] FAIL no placement: n=4 m=8 [0:6 2:3 5:8 6:4] [0:8 3:3 4:10 6:6] [1:6 2:3 4:8 7:10] [1:2 3:6 5:7 7:10] Y: 41 18 80 22 U:4
BAD [[0, 2, 5, 6], [0, 3, 4, 6], [1, 2, 4, 7], [1, 3, 5, 7]] rc 1 FAIL no placement: n=4 m=8 [0:6 2:4 5:8 6:5] [0:6 3:3 4:10 6:8] [1:2 2:4 4:7 7:10] [1:2 3:3 5:6 7:10] Y: 41 18 80 22 U:4
FAIL no placement: n=4 m=8 [0:6 2:3 5:8 6:4] [0:8 3:3 4:10 6:6] [1:6 2:3 4:8 7:10] [1:2 3:6 5:7 7:10] Y: 41 18 80 22 U:4
RESULT runs=100000 fail=2 complete=96016 empty=0 dump=3958 dm=24 exact=0 M1=1979342 R=0 X=129 L2=79 L3=47 L4=3 L5=0 maxsteps=29 maxlevels=48 big0=6021 big1=79873 big2=14104 big3+=0

[[0, 4, 5, 6], [1, 4, 7, 8], [2, 5, 7, 8], [3, 6, 7, 8]] FAIL no placement: n=4 m=9 [0:2 4:4 5:8 6:5] [1:2 4:7 7:4 8:10] [2:2 5:8 7:5 8:4] [3:2 6:5 7:4 8:8] Y: 20 100 84 48 U:13
BAD [[0, 4, 5, 6], [1, 4, 7, 8], [2, 5, 7, 8], [3, 6, 7, 8]] rc 1 FAIL no placement: n=4 m=9 [0:2 4:4 5:8 6:5] [1:2 4:7 7:4 8:10] [2:2 5:8 7:5 8:4] [3:2 6:5 7:4 8:8] Y: 20 100 84 48 U:13
RESULT runs=100000 fail=1 complete=79064 empty=0 dump=20774 dm=161 exact=0 M1=2090089 R=0 X=88 L2=24 L3=60 L4=4 L5=0 maxsteps=30 maxlevels=50 big0=0 big1=76183 big2=23816 big3+=0

TOTAL cores=558 badcores=10 runs=55800000 fail=20 complete=41373579 empty=198246 dump=13797356 dm=428861 exact=1938 M1=1040423274 R=557799 X=593337 L2=492059 L3=95791 L4=5487 L5=0 maxsteps=38 maxlevels=55 big0=10334306 big1=30718714 big2=13347836 big3+=1399124 wall=201s
