# ls4alg_run.py ../results/k4_certs_4_pure.json.gz ../results/k4_certs_4_n4_3.json.gz ../results/k4_certs_4_n4_2.json.gz ../results/k4_certs_4_n4_1.json.gz --prog=ls4_deadend --sample=2000 --minm=7 --maxm=7 --jobs=2
[[0, 2, 5, 6], [1, 4, 5, 6], [2, 3, 5, 6], [3, 4, 5, 6]] DEADEND reachable by M1: n=4 m=7 [0:3 2:6 5:8 6:10] [1:2 4:7 5:10 6:4] [2:4 3:7 5:8 6:2] [3:4 4:6 5:5 6:8] Y: 5 12 20 40 U:8
[[0, 2, 5, 6], [1, 4, 5, 6], [2, 3, 5, 6], [3, 4, 5, 6]] m = 7 RESULT runs=2000 deadprof=1 deadstates=1 m1reach=1
[[0, 2, 4, 6], [1, 3, 5, 6], [2, 4, 5, 6], [3, 4, 5, 6]] DEADEND reachable by M1: n=4 m=7 [0:3 2:4 4:8 6:6] [1:6 3:3 5:2 6:10] [2:8 4:4 5:3 6:10] [3:6 4:8 5:3 6:4] Y: 5 a 40 10 U:20
[[0, 2, 4, 6], [1, 3, 5, 6], [2, 4, 5, 6], [3, 4, 5, 6]] m = 7 RESULT runs=2000 deadprof=1 deadstates=1 m1reach=1
[[0, 2, 5, 6], [1, 4, 5, 6], [2, 3, 4, 6], [3, 4, 5, 6]] DEADEND reachable by M1: n=4 m=7 [0:4 2:8 5:3 6:6] [1:3 4:6 5:2 6:10] [2:8 3:4 4:7 6:2] [3:4 4:3 5:8 6:10] Y: 21 12 4 40 U:8
[[0, 2, 5, 6], [1, 4, 5, 6], [2, 3, 4, 6], [3, 4, 5, 6]] m = 7 RESULT runs=2000 deadprof=1 deadstates=1 m1reach=1
[[0, 2, 5, 6], [1, 2, 3, 6], [1, 4, 5, 6], [3, 4, 5, 6]] DEADEND reachable by M1: n=4 m=7 [0:1 2:6 5:4 6:8] [1:8 2:5 3:4 6:2] [1:10 4:6 5:3 6:8] [3:6 4:4 5:1 6:8] Y: 5 2 30 40 U:8
[[0, 2, 5, 6], [1, 2, 3, 6], [1, 4, 5, 6], [3, 4, 5, 6]] m = 7 RESULT runs=2000 deadprof=1 deadstates=1 m1reach=1
[[0, 2, 5, 6], [1, 2, 3, 4], [1, 4, 5, 6], [3, 4, 5, 6]] DEADEND reachable by M1: n=4 m=7 [0:1 2:6 5:4 6:8] [1:8 2:7 3:4 4:2] [1:8 4:4 5:2 6:5] [3:4 4:7 5:2 6:10] Y: 5 2 30 40 U:8
[[0, 2, 5, 6], [1, 2, 3, 4], [1, 4, 5, 6], [3, 4, 5, 6]] DEADEND reachable by M1: n=4 m=7 [0:1 2:4 5:8 6:6] [1:3 2:4 3:8 4:2] [1:7 4:2 5:8 6:4] [3:7 4:6 5:3 6:5] Y: 41 6 20 8 U:10
[[0, 2, 5, 6], [1, 2, 3, 4], [1, 4, 5, 6], [3, 4, 5, 6]] m = 7 RESULT runs=2000 deadprof=2 deadstates=2 m1reach=2
[[0, 4, 5, 6], [1, 2, 3, 6], [1, 3, 5, 6], [2, 4, 5, 6]] DEADEND reachable by M1: n=4 m=7 [0:2 4:4 5:5 6:8] [1:4 2:7 3:2 6:8] [1:2 3:6 5:10 6:7] [2:5 4:6 5:7 6:3] Y: 11 40 a 20 U:4
[[0, 4, 5, 6], [1, 2, 3, 6], [1, 3, 5, 6], [2, 4, 5, 6]] DEADEND reachable by M1: n=4 m=7 [0:6 4:2 5:3 6:10] [1:3 2:6 3:4 6:8] [1:2 3:5 5:8 6:4] [2:4 4:7 5:8 6:2] Y: 11 40 a 20 U:4
[[0, 4, 5, 6], [1, 2, 3, 6], [1, 3, 5, 6], [2, 4, 5, 6]] m = 7 RESULT runs=2000 deadprof=2 deadstates=2 m1reach=2
[[0, 4, 5, 6], [1, 2, 3, 6], [1, 3, 4, 5], [2, 4, 5, 6]] DEADEND reachable by M1: n=4 m=7 [0:4 4:3 5:2 6:8] [1:2 2:7 3:4 6:10] [1:2 3:7 4:6 5:10] [2:4 4:7 5:10 6:2] Y: 11 40 a 20 U:4
[[0, 4, 5, 6], [1, 2, 3, 6], [1, 3, 4, 5], [2, 4, 5, 6]] m = 7 RESULT runs=2000 deadprof=1 deadstates=1 m1reach=1
[[0, 2, 5, 6], [0, 3, 4, 6], [1, 2, 4, 6], [1, 3, 5, 6]] DEADEND reachable by M1: n=4 m=7 [0:2 2:7 5:6 6:10] [0:2 3:5 4:4 6:8] [1:8 2:4 4:3 6:2] [1:8 3:5 5:4 6:2] Y: 40 9 14 2 U:20
[[0, 2, 5, 6], [0, 3, 4, 6], [1, 2, 4, 6], [1, 3, 5, 6]] DEADEND reachable by M1: n=4 m=7 [0:2 2:4 5:3 6:8] [0:3 3:8 4:4 6:6] [1:6 2:2 4:7 6:10] [1:6 3:7 5:5 6:3] Y: 24 11 40 8 U:2
[[0, 2, 5, 6], [0, 3, 4, 6], [1, 2, 4, 6], [1, 3, 5, 6]] m = 7 RESULT runs=2000 deadprof=2 deadstates=2 m1reach=2
[[0, 2, 4, 6], [1, 3, 4, 5], [2, 4, 5, 6], [3, 5, 6]] DEADEND reachable by M1: n=4 m=7 [0:4 2:2 4:5 6:8] [1:6 3:3 4:10 5:2] [2:3 4:7 5:6 6:5] [3:2 5:3 6:4] Y: 5 a 10 40 U:20
[[0, 2, 4, 6], [1, 3, 4, 5], [2, 4, 5, 6], [3, 5, 6]] m = 7 RESULT runs=2000 deadprof=1 deadstates=1 m1reach=1
[[0, 2, 4, 6], [1, 4, 5, 6], [2, 3, 4, 5], [3, 5, 6]] DEADEND reachable by M1: n=4 m=7 [0:3 2:6 4:8 6:10] [1:2 4:8 5:4 6:5] [2:6 3:3 4:8 5:4] [3:3 5:2 6:4] Y: 5 22 10 40 U:8
[[0, 2, 4, 6], [1, 4, 5, 6], [2, 3, 4, 5], [3, 5, 6]] m = 7 RESULT runs=2000 deadprof=1 deadstates=1 m1reach=1
[[0, 2, 4, 5], [1, 4, 5, 6], [2, 3, 6], [3, 4, 5, 6]] DEADEND reachable by M1: n=4 m=7 [0:3 2:8 4:2 5:4] [1:2 4:4 5:8 6:5] [2:4 3:2 6:3] [3:4 4:6 5:8 6:3] Y: 11 42 4 20 U:8
[[0, 2, 4, 5], [1, 4, 5, 6], [2, 3, 6], [3, 4, 5, 6]] m = 7 RESULT runs=2000 deadprof=1 deadstates=1 m1reach=1
[[0, 1, 2, 3], [1, 4, 5, 6], [2, 4, 5, 6], [3, 5, 6]] DEADEND reachable by M1: n=4 m=7 [0:2 1:10 2:3 3:6] [1:8 4:6 5:3 6:4] [2:4 4:3 5:2 6:8] [3:3 5:2 6:4] Y: 9 2 14 40 U:20
[[0, 1, 2, 3], [1, 4, 5, 6], [2, 4, 5, 6], [3, 5, 6]] m = 7 RESULT runs=2000 deadprof=1 deadstates=1 m1reach=1
[[0, 2, 5, 6], [1, 2, 3, 5], [1, 4, 5, 6], [3, 4, 6]] DEADEND reachable by M1: n=4 m=7 [0:2 2:4 5:7 6:10] [1:10 2:2 3:6 5:3] [1:10 4:8 5:6 6:3] [3:2 4:3 6:4] Y: 21 c 2 40 U:10
[[0, 2, 5, 6], [1, 2, 3, 5], [1, 4, 5, 6], [3, 4, 6]] m = 7 RESULT runs=2000 deadprof=1 deadstates=1 m1reach=1
[[0, 2, 5, 6], [1, 2, 3], [1, 4, 5, 6], [3, 4, 5, 6]] DEADEND reachable by M1: n=4 m=7 [0:1 2:6 5:8 6:4] [1:3 2:2 3:4] [1:8 4:6 5:10 6:3] [3:10 4:3 5:8 6:6] Y: 5 8 20 50 U:2
[[0, 2, 5, 6], [1, 2, 3], [1, 4, 5, 6], [3, 4, 5, 6]] m = 7 RESULT runs=2000 deadprof=1 deadstates=1 m1reach=1
[[0, 2, 5, 6], [0, 3, 4, 6], [1, 2, 4, 6], [1, 3, 5]] DEADEND reachable by M1: n=4 m=7 [0:6 2:8 5:4 6:1] [0:3 3:10 4:2 6:6] [1:5 2:8 4:2 6:4] [1:3 3:4 5:2] Y: 4 41 12 8 U:20
[[0, 2, 5, 6], [0, 3, 4, 6], [1, 2, 4, 6], [1, 3, 5]] DEADEND reachable by M1: n=4 m=7 [0:4 2:2 5:8 6:3] [0:2 3:3 4:4 6:8] [1:7 2:6 4:2 6:10] [1:2 3:3 5:4] Y: 5 18 40 20 U:2
[[0, 2, 5, 6], [0, 3, 4, 6], [1, 2, 4, 6], [1, 3, 5]] DEADEND reachable by M1: n=4 m=7 [0:8 2:3 5:4 6:2] [0:8 3:4 4:6 6:1] [1:8 2:2 4:3 6:4] [1:4 3:3 5:2] Y: 24 1 50 2 U:8
[[0, 2, 5, 6], [0, 3, 4, 6], [1, 2, 4, 6], [1, 3, 5]] m = 7 RESULT runs=2000 deadprof=4 deadstates=4 m1reach=4
[[0, 2, 4, 5], [1, 3, 5, 6], [2, 3, 6], [4, 5, 6]] DEADEND reachable by M1: n=4 m=7 [0:6 2:10 4:2 5:3] [1:4 3:3 5:8 6:2] [2:4 3:2 6:3] [4:3 5:4 6:2] Y: 11 a 4 20 U:40
[[0, 2, 4, 5], [1, 3, 5, 6], [2, 3, 6], [4, 5, 6]] m = 7 RESULT runs=2000 deadprof=1 deadstates=1 m1reach=1
[[0, 2, 5, 6], [1, 4, 5, 6], [2, 3, 4], [3, 5, 6]] DEADEND reachable by M1: n=4 m=7 [0:1 2:8 5:4 6:6] [1:1 4:6 5:8 6:4] [2:4 3:2 4:3] [3:2 5:4 6:3] Y: 41 12 4 20 U:8
[[0, 2, 5, 6], [1, 4, 5, 6], [2, 3, 4], [3, 5, 6]] DEADEND reachable by M1: n=4 m=7 [0:5 2:8 5:4 6:2] [1:1 4:6 5:8 6:4] [2:4 3:3 4:2] [3:2 5:4 6:3] Y: 41 12 4 20 U:8
[[0, 2, 5, 6], [1, 4, 5, 6], [2, 3, 4], [3, 5, 6]] DEADEND reachable by M1: n=4 m=7 [0:2 2:7 5:6 6:10] [1:7 4:10 5:2 6:6] [2:3 3:2 4:4] [3:2 5:3 6:4] Y: 5 22 10 40 U:8
[[0, 2, 5, 6], [1, 4, 5, 6], [2, 3, 4], [3, 5, 6]] m = 7 RESULT runs=2000 deadprof=4 deadstates=4 m1reach=4
[[0, 2, 5, 6], [1, 4, 5, 6], [2, 3, 5], [3, 4, 6]] DEADEND reachable by M1: n=4 m=7 [0:2 2:7 5:6 6:10] [1:1 4:6 5:8 6:4] [2:3 3:2 5:4] [3:2 4:3 6:4] Y: 5 12 20 40 U:8
[[0, 2, 5, 6], [1, 4, 5, 6], [2, 3, 5], [3, 4, 6]] DEADEND reachable by M1: n=4 m=7 [0:4 2:3 5:2 6:8] [1:2 4:4 5:8 6:5] [2:3 3:2 5:4] [3:2 4:3 6:4] Y: 5 12 20 40 U:8
[[0, 2, 5, 6], [1, 4, 5, 6], [2, 3, 5], [3, 4, 6]] DEADEND reachable by M1: n=4 m=7 [0:7 2:2 5:6 6:10] [1:4 4:3 5:8 6:2] [2:3 3:2 5:4] [3:3 4:2 6:4] Y: 5 12 20 40 U:8
[[0, 2, 5, 6], [1, 4, 5, 6], [2, 3, 5], [3, 4, 6]] m = 7 RESULT runs=2000 deadprof=4 deadstates=4 m1reach=4
[[0, 1, 4, 5], [1, 3, 6], [2, 3, 4, 6], [2, 5, 6]] DEADEND reachable by M1: n=4 m=7 [0:1 1:6 4:4 5:8] [1:2 3:4 6:3] [2:3 3:10 4:6 6:2] [2:3 5:4 6:2] Y: 3 8 14 20 U:40
[[0, 1, 4, 5], [1, 3, 6], [2, 3, 4, 6], [2, 5, 6]] m = 7 RESULT runs=2000 deadprof=1 deadstates=1 m1reach=1
[[0, 2, 3, 6], [1, 2, 5, 6], [1, 4, 6], [3, 4, 5]] DEADEND reachable by M1: n=4 m=7 [0:2 2:3 3:6 6:10] [1:3 2:6 5:10 6:2] [1:3 4:2 6:4] [3:3 4:2 5:4] Y: 9 6 40 20 U:10
[[0, 2, 3, 6], [1, 2, 5, 6], [1, 4, 6], [3, 4, 5]] DEADEND reachable by M1: n=4 m=7 [0:1 2:4 3:6 6:8] [1:3 2:2 5:8 6:4] [1:3 4:2 6:4] [3:2 4:3 5:4] Y: 9 6 40 20 U:10
[[0, 2, 3, 6], [1, 2, 5, 6], [1, 4, 6], [3, 4, 5]] DEADEND reachable by M1: n=4 m=7 [0:2 2:3 3:10 6:6] [1:10 2:3 5:6 6:2] [1:4 4:2 6:3] [3:4 4:3 5:2] Y: 41 24 2 8 U:10
[[0, 2, 3, 6], [1, 2, 5, 6], [1, 4, 6], [3, 4, 5]] m = 7 RESULT runs=2000 deadprof=3 deadstates=3 m1reach=3
TOTAL cores=288 badcores=0 runs=576000 deadprof=34 deadstates=34 m1reach=34 wall=413s
