command: python3 k4/nsw_run.py results/k4_certs_5_n4_1.json.gz results/k4_certs_5_n4_2.json.gz results/k4_certs_5_n4_3.json.gz results/k4_certs_5_n4_4.json.gz results/k4_certs_5_pure.json.gz --sample=300 --seed=5 -N3 -P0 -i0 -w1 -c1 -f3 --jobs=2 --show=6
binary: /tmp/k4_lb4_nsw_dbcf85a21650ffde (sha256 of k4/lb4_nsw.c: dbcf85a21650ffdeca354563e30f97abae884ca594037aa1085c225cb33fcc5e)
  DEADEND(no improving rotation) policy u1 after 1 moves:  n=5 m=8 sets=[[0,2,3,4],[1,3,4,6],[2,5,7],[5,6,7],[5,6,7]] vals=[[2,8,4,7],[4,2,7,10],[4,3,2],[2,3,4],[4,2,3]] order=0 2 3 4 1  picks=2,4,5,-2,7 blocks=0,0,0,0,0 upg=1:12 3:40  frozen=0 2 4  J=9 w=2
  DEADEND(no improving rotation) policy u1 after 0 moves:  n=5 m=8 sets=[[0,1,2,6],[2,5,7],[3,4,5,7],[3,4,6,7],[5,6,7]] vals=[[2,4,7,8],[2,3,4],[8,3,10,6],[4,3,8,6],[3,2,4]] order=0 4 2 1 3  picks=6,2,5,3,7 blocks=0,0,0,0,0 upg=3:18  frozen=0 2 4  J=3 w=1
  DEADEND(no improving rotation) policy u1 after 1 moves:  n=5 m=8 sets=[[0,1,4,6],[1,3,4,5],[2,3,7],[2,5,6,7],[5,6,7]] vals=[[4,2,7,8],[3,8,4,10],[4,3,2],[10,3,4,8],[2,3,4]] order=0 4 2 3 1  picks=6,3,2,7,-2 blocks=0,0,0,0,0 upg=1:18 4:20  frozen=0 2 3  J=3 w=2
  DEADEND(no improving rotation) policy u1 after 1 moves:  n=5 m=9 sets=[[0,1,5,7],[2,3,4,7],[2,4,7,8],[3,6,8],[5,6,8]] vals=[[2,3,10,6],[4,2,10,7],[4,5,2,8],[2,4,3],[4,3,2]] order=0 4 3 2 1  picks=5,7,8,-2,6 blocks=0,0,0,0,0 upg=1:84 3:8  frozen=0 2 4  J=13 w=3
  DEADEND(no improving rotation) policy u1 after 1 moves:  n=5 m=8 sets=[[0,2,3,6],[1,2,3,5],[1,4,7],[4,5,6,7],[4,5,6,7]] vals=[[3,6,4,8],[2,5,4,8],[3,4,2],[3,2,8,4],[6,5,4,8]] order=0 4 2 3 1  picks=6,2,-2,4,7 blocks=0,0,0,0,0 upg=1:c 2:2  frozen=0 3 4  J=21 w=2
  DEADEND(no improving rotation) policy u1 after 1 moves:  n=5 m=8 sets=[[0,6,7],[1,2,4,6],[1,3,5,7],[2,4,5,6],[3,4,5,7]] vals=[[2,4,3],[8,6,5,4],[8,1,6,4],[2,6,7,10],[2,3,8,4]] order=0 1 2 4 3  picks=6,1,-2,4,5 blocks=0,0,0,0,0 upg=2:88 3:14  frozen=0 1 4  J=1 w=1
k4_certs_5_n4_1.json.gz: profiles 520500, all three policies fail 0 (of which with a no-improving-rotation dead end 0)
    u1: ok 520500, dead end without a valid rotation 0, without an improving one 0, undecided 0, raw failures 0; rotations used (0..6, 7+) [517026, 3472, 1, 1, 0, 0, 0, 0], max 3
    u2: ok 520500, dead end without a valid rotation 0, without an improving one 0, undecided 0, raw failures 0; rotations used (0..6, 7+) [517026, 3472, 1, 1, 0, 0, 0, 0], max 3
    u0: ok 520500, dead end without a valid rotation 0, without an improving one 0, undecided 0, raw failures 0; rotations used (0..6, 7+) [516995, 3503, 1, 1, 0, 0, 0, 0], max 3
k4_certs_5_n4_2.json.gz: profiles 1640400, all three policies fail 0 (of which with a no-improving-rotation dead end 0)
    u1: ok 1640399, dead end without a valid rotation 0, without an improving one 1, undecided 0, raw failures 0; rotations used (0..6, 7+) [1624248, 16104, 44, 3, 0, 0, 0, 0], max 3
    u2: ok 1640400, dead end without a valid rotation 0, without an improving one 0, undecided 0, raw failures 0; rotations used (0..6, 7+) [1624196, 16158, 43, 3, 0, 0, 0, 0], max 3
    u0: ok 1640400, dead end without a valid rotation 0, without an improving one 0, undecided 0, raw failures 0; rotations used (0..6, 7+) [1624091, 16258, 46, 5, 0, 0, 0, 0], max 3
k4_certs_5_n4_3.json.gz: profiles 2958300, all three policies fail 0 (of which with a no-improving-rotation dead end 0)
    u1: ok 2958295, dead end without a valid rotation 2, without an improving one 3, undecided 0, raw failures 0; rotations used (0..6, 7+) [2919506, 38561, 215, 12, 0, 1, 0, 0], max 5
    u2: ok 2958300, dead end without a valid rotation 0, without an improving one 0, undecided 0, raw failures 0; rotations used (0..6, 7+) [2919127, 38934, 222, 16, 0, 1, 0, 0], max 5
    u0: ok 2958300, dead end without a valid rotation 0, without an improving one 0, undecided 0, raw failures 0; rotations used (0..6, 7+) [2918564, 39441, 268, 26, 0, 1, 0, 0], max 5
k4_certs_5_n4_4.json.gz: profiles 2953800, all three policies fail 0 (of which with a no-improving-rotation dead end 0)
    u1: ok 2953791, dead end without a valid rotation 1, without an improving one 8, undecided 0, raw failures 0; rotations used (0..6, 7+) [2903858, 49440, 458, 34, 1, 0, 0, 0], max 4
    u2: ok 2953800, dead end without a valid rotation 0, without an improving one 0, undecided 0, raw failures 0; rotations used (0..6, 7+) [2902709, 50531, 515, 44, 1, 0, 0, 0], max 4
    u0: ok 2953800, dead end without a valid rotation 0, without an improving one 0, undecided 0, raw failures 0; rotations used (0..6, 7+) [2901666, 51442, 618, 71, 3, 0, 0, 0], max 4
k4_certs_5_pure.json.gz: profiles 1402200, all three policies fail 0 (of which with a no-improving-rotation dead end 0)
    u1: ok 1402192, dead end without a valid rotation 2, without an improving one 6, undecided 0, raw failures 0; rotations used (0..6, 7+) [1371748, 30007, 393, 41, 3, 0, 0, 0], max 4
    u2: ok 1402200, dead end without a valid rotation 0, without an improving one 0, undecided 0, raw failures 0; rotations used (0..6, 7+) [1370541, 31084, 492, 75, 5, 2, 0, 1], max 7
    u0: ok 1402200, dead end without a valid rotation 0, without an improving one 0, undecided 0, raw failures 0; rotations used (0..6, 7+) [1370039, 31507, 557, 86, 6, 3, 1, 1], max 7
[231 s]
