command: python3 k4/nsw_run.py results/k4_certs_2.json.gz --exhaustive -N6 -P0 -i0 -w1 -c1 --jobs=2 --show=0
binary: /tmp/k4_lb4_nsw_b91a5ac1dca520d7 (sha256 of k4/lb4_nsw.c: b91a5ac1dca520d711ee26846c3372d5174bbe9fafd32de2cd09920913c9e61b)
k4_certs_2.json.gz: profiles 189216, all three policies fail 0 (of which with a no-improving-rotation dead end 0)
    u1: ok 189216, dead end without a valid rotation 0, without an improving one 0, undecided 0, raw failures 0; rotations used (0..6, 7+) [189216, 0, 0, 0, 0, 0, 0, 0], max 0
    u2: ok 189216, dead end without a valid rotation 0, without an improving one 0, undecided 0, raw failures 0; rotations used (0..6, 7+) [189216, 0, 0, 0, 0, 0, 0, 0], max 0
    u0: ok 189216, dead end without a valid rotation 0, without an improving one 0, undecided 0, raw failures 0; rotations used (0..6, 7+) [189216, 0, 0, 0, 0, 0, 0, 0], max 0
[0 s]
command: python3 k4/nsw_run.py results/k4_certs_3.json.gz --exhaustive --m=4 -N6 -P0 -i0 -w1 -c1 --jobs=2 --show=0
binary: /tmp/k4_lb4_nsw_b91a5ac1dca520d7 (sha256 of k4/lb4_nsw.c: b91a5ac1dca520d711ee26846c3372d5174bbe9fafd32de2cd09920913c9e61b)
k4_certs_3.json.gz: profiles 24406272, all three policies fail 0 (of which with a no-improving-rotation dead end 0)
    u1: ok 24406272, dead end without a valid rotation 0, without an improving one 0, undecided 0, raw failures 0; rotations used (0..6, 7+) [24406272, 0, 0, 0, 0, 0, 0, 0], max 0
    u2: ok 24406272, dead end without a valid rotation 0, without an improving one 0, undecided 0, raw failures 0; rotations used (0..6, 7+) [24406272, 0, 0, 0, 0, 0, 0, 0], max 0
    u0: ok 24406272, dead end without a valid rotation 0, without an improving one 0, undecided 0, raw failures 0; rotations used (0..6, 7+) [24406272, 0, 0, 0, 0, 0, 0, 0], max 0
[10 s]
command: python3 k4/nsw_run.py results/k4_certs_3.json.gz --exhaustive --m=5 -N6 -P0 -i0 -w1 -c1 --jobs=2 --show=2
binary: /tmp/k4_lb4_nsw_b91a5ac1dca520d7 (sha256 of k4/lb4_nsw.c: b91a5ac1dca520d711ee26846c3372d5174bbe9fafd32de2cd09920913c9e61b)
  DEADEND(no improving rotation) policy u1 after 0 moves:  n=3 m=5 sets=[[0,1,3,4],[0,2,3,4],[1,2,4]] vals=[[4,8,5,6],[2,3,6,10],[4,2,3]] order=0 2 1  picks=1,-2,4 blocks=0,0,0 upg=1:c  frozen=0 2  J=1 w=1
  DEADEND(no improving rotation) policy u2 after 0 moves:  n=3 m=5 sets=[[0,1,3,4],[0,2,3,4],[1,2,4]] vals=[[4,8,5,6],[2,3,6,10],[4,2,3]] order=0 2 1  picks=1,-2,4 blocks=0,0,0 upg=1:c  frozen=0 2  J=1 w=1
k4_certs_3.json.gz: profiles 49813056, all three policies fail 46992 (of which with a no-improving-rotation dead end 46992)
    u1: ok 49766064, dead end without a valid rotation 0, without an improving one 46992, undecided 0, raw failures 0; rotations used (0..6, 7+) [49766064, 0, 0, 0, 0, 0, 0, 0], max 0
    u2: ok 49766064, dead end without a valid rotation 0, without an improving one 46992, undecided 0, raw failures 0; rotations used (0..6, 7+) [49766064, 0, 0, 0, 0, 0, 0, 0], max 0
    u0: ok 49766064, dead end without a valid rotation 0, without an improving one 46992, undecided 0, raw failures 0; rotations used (0..6, 7+) [49766064, 0, 0, 0, 0, 0, 0, 0], max 0
[38 s]
