# attempts/k4_c4min_reduce_rules.py (review fix): the run of results/k4_red_rules.log again, with the tie-independent rule counts and the narrow-swap failures printed
# source: attempts/k4_c4min_reduce_rules.py sha1 63b8ee85ac9726d77824890cb7ff69ef0690ecd1, k4/red_lib.py sha1 035b94e3d6c8eab87caaf32aa88ee9a8740fee25; git HEAD 964c7798f8e80887e920066a6358360b14e779a9 (the rules script is committed with this log)
# command: python3 attempts/k4_c4min_reduce_rules.py results/k4_certs_3.json.gz 6000 11
f1 profiles                                                  8402
narrow swap fails                                            24
non-completable (r', Lambda')-maxima                         392
rule fails at every tied key: best (r', Lambda')-maximum of I' 11
rule fails at every tied key: fewest private goods           19
rule fails at every tied key: largest a / v(U_x)             130
rule fails at every tied key: largest a / v(U_x) - private share 132
rule fails at every tied key: least value of private goods / a 110
rule fails at every tied key: max level of top (lx)          88
rule fails, unique pick: best (r', Lambda')-maximum of I'    11
rule fails, unique pick: fewest private goods                19
rule fails, unique pick: largest a / v(U_x)                  130
rule fails, unique pick: largest a / v(U_x) - private share  132
rule fails, unique pick: least value of private goods / a    110
rule fails, unique pick: max level of top (lx)               88
rule fails: best (r', Lambda')-maximum of I'                 120
rule fails: fewest private goods                             239
rule fails: largest a / v(U_x)                               215
rule fails: largest a / v(U_x) - private share               157
rule fails: least value of private goods / a                 145
rule fails: max level of top (lx)                            241
narrow swap example ([{0: 3, 1: 2, 2: 10, 3: 6}, {2: 8, 4: 2, 5: 5, 6: 4}, {3: 3, 4: 6, 5: 10, 6: 8}], (2, 0), {1: [4, 5], 2: [3, 6]}, [0, 1])
narrow swap example ([{0: 3, 1: 2, 2: 10, 3: 6}, {2: 8, 4: 2, 5: 5, 6: 4}, {3: 3, 4: 6, 5: 10, 6: 8}], (2, 0), {1: [4, 6], 2: [3, 5]}, [0, 1])
narrow swap example ([{0: 2, 1: 3, 2: 6, 3: 10}, {2: 8, 4: 4, 5: 10, 6: 3}, {3: 10, 4: 3, 5: 6, 6: 2}], (3, 0), {1: [2, 4], 2: [5, 6]}, [0, 1])
narrow swap example ([{0: 2, 1: 3, 2: 6, 3: 10}, {2: 8, 4: 4, 5: 10, 6: 3}, {3: 10, 4: 3, 5: 6, 6: 2}], (3, 0), {1: [2, 6], 2: [4, 5]}, [0, 1])
narrow swap example ([{0: 2, 1: 3, 2: 6, 3: 10}, {2: 2, 4: 7, 5: 6, 6: 10}, {3: 8, 4: 4, 5: 2, 6: 5}], (3, 0), {1: [2, 6], 2: [4, 5]}, [0, 1])
narrow swap example ([{0: 3, 1: 4, 2: 2, 3: 8}, {2: 4, 4: 2, 5: 7, 6: 10}, {3: 10, 4: 3, 5: 2, 6: 6}], (3, 0), {1: [2, 5], 2: [4, 6]}, [0, 1])
