# attempts/k4_c4min_reduce_attempts.py after the review fixes (instance C1 and the narrow swap on H★ added, B1's hopeless key checked); results/k4_red_attempts.log is the first run
# source: attempts/k4_c4min_reduce_attempts.py sha1 9ef77f0917f83e16718a5ad2e48f892be72dabc5, k4/red_lib.py sha1 035b94e3d6c8eab87caaf32aa88ee9a8740fee25, k4/red.c sha1 2528c3b1a5c8e11979b257bd12be6be86c04eebf; git HEAD 964c7798f8e80887e920066a6358360b14e779a9 (the replay script is committed with this log)
# command: python3 attempts/k4_c4min_reduce_attempts.py
A1  results/k4_certs_3.json.gz#17  n=3 m=6  f=1  keys (g, x): [(5, 0), (5, 1), (5, 2)]
  f = 1 and omega >= 1 (Python; C: f1 = 1)                                         yes
  C4min holds: some configuration completable (Python; C: prof_completable = 1)    yes
  key (5, 0) has no completable configuration (Python)                             yes
  C: key_noncompletable = 1                                                        yes
A2  results/k4_certs_3.json.gz#46  n=3 m=8  f=1  keys (g, x): [(7, 0), (7, 1), (7, 2)]
  f = 1 and omega >= 1 (Python; C: f1 = 1)                                         yes
  C4min holds: some configuration completable (Python; C: prof_completable = 1)    yes
  key (7, 0): unique (r', Lambda')-maximum, t = 1, not completable, has a free-valid owner yes
  key (7, 0): every (r', -t, Lambda')-maximum completable                          yes
  key (7, 1): unique (r', Lambda')-maximum, t = 1, not completable, has a free-valid owner yes
  key (7, 1): every (r', -t, Lambda')-maximum completable                          yes
  key (7, 2): unique (r', Lambda')-maximum, t = 1, not completable, has a free-valid owner yes
  key (7, 2): every (r', -t, Lambda')-maximum completable                          yes
  C: FAIL_prof_some_key_every = 1 and FAIL_swap_some_terminal = 3                  yes
  narrow swap succeeds at key (7, 0): x takes (1, [0, 6]), the terminal freezes    yes
C1  results/k4_certs_3.json.gz#33  n=3 m=7  f=1  keys (g, x): [(2, 0), (2, 1)]
  f = 1 and omega >= 1 (Python; C: f1 = 1)                                         yes
  C4min holds: some configuration completable (Python; C: prof_completable = 1)    yes
  key (2, 0): pairs {4, 5}, {3, 6}, pool {0, 1} is an (r', Lambda')-maximum, not completable yes
  its only terminal is agent 1                                                     yes
  the narrow swap fails: no terminal z and admissible pair of x in L ∪ Q_z give a completable configuration yes
  C: rl_max_noncomp >= 1 and prof_completable = 1                                  yes
B1  results/k4_certs_4_pure.json.gz#214  n=4 m=11  f=1  keys (g, x): [(10, 0), (10, 1), (10, 2)]
  f = 1 and omega >= 1 (Python; C: f1 = 1)                                         yes
  C4min holds: some configuration completable (Python; C: prof_completable = 1)    yes
  key (10, 1): some (-t, r', Lambda')-maximum has no free-valid owner (Python)     yes
  C: tmax_no_freevalid >= 1                                                        yes
  key (10, 1) is itself hopeless: none of its 246 configurations is completable (Python) yes
    witness: pairs {0: [0, 2], 2: [1, 9], 3: [7, 8]}, pool [3, 4, 5, 6]
    witness: pairs {0: [0, 2], 2: [5, 9], 3: [7, 8]}, pool [1, 3, 4, 6]
ALL CONFIRMED
