command: python3 k4/search4.py 5 --n4=3 --jobs=3 --out=results/k4_certs_5_n4_3.json.gz
host: 4 CPUs, started 2026-09-25T03:47:15Z
n=5 (degrees 3-4, exactly 3 of degree 4): 9861 cores
  ... 25/9861 cores [2s]
  ... 50/9861 cores [3s]
  ... 75/9861 cores [6s]
  ... 100/9861 cores [9s]
  ... 125/9861 cores [13s]
  ... 150/9861 cores [17s]
  ... 175/9861 cores [21s]
  ... 200/9861 cores [25s]
  ... 225/9861 cores [29s]
  ... 250/9861 cores [34s]
  ... 275/9861 cores [39s]
  ... 300/9861 cores [45s]
  ... 325/9861 cores [51s]
  ... 350/9861 cores [55s]
  ... 375/9861 cores [57s]
  ... 400/9861 cores [61s]
  ... 425/9861 cores [64s]
  ... 450/9861 cores [67s]
  ... 475/9861 cores [73s]
  ... 500/9861 cores [79s]
  ... 525/9861 cores [85s]
  ... 550/9861 cores [92s]
  ... 575/9861 cores [99s]
  ... 600/9861 cores [106s]
  ... 625/9861 cores [114s]
  ... 650/9861 cores [123s]
  ... 675/9861 cores [132s]
  ... 700/9861 cores [142s]
  ... 725/9861 cores [151s]
  ... 750/9861 cores [159s]
  ... 775/9861 cores [167s]
  ... 800/9861 cores [176s]
  ... 825/9861 cores [185s]
  ... 850/9861 cores [194s]
  ... 875/9861 cores [204s]
  ... 900/9861 cores [214s]
  ... 925/9861 cores [222s]
  ... 950/9861 cores [231s]
  ... 975/9861 cores [240s]
  ... 1000/9861 cores [249s]
  ... 1025/9861 cores [259s]
  ... 1050/9861 cores [269s]
  ... 1075/9861 cores [279s]
  ... 1100/9861 cores [289s]
  ... 1125/9861 cores [299s]
  ... 1150/9861 cores [310s]
  ... 1175/9861 cores [321s]
  ... 1200/9861 cores [333s]
  ... 1225/9861 cores [344s]
  ... 1250/9861 cores [354s]
  ... 1275/9861 cores [367s]
  ... 1300/9861 cores [377s]
  ... 1325/9861 cores [388s]
  ... 1350/9861 cores [399s]
  ... 1375/9861 cores [410s]
  ... 1400/9861 cores [420s]
  ... 1425/9861 cores [431s]
  ... 1450/9861 cores [442s]
  ... 1475/9861 cores [453s]
  ... 1500/9861 cores [465s]
  ... 1525/9861 cores [476s]
  ... 1550/9861 cores [486s]
  ... 1575/9861 cores [496s]
  ... 1600/9861 cores [506s]
  ... 1625/9861 cores [512s]
  ... 1650/9861 cores [518s]
  ... 1675/9861 cores [524s]
  ... 1700/9861 cores [530s]
  ... 1725/9861 cores [536s]
  ... 1750/9861 cores [543s]
  ... 1775/9861 cores [550s]
  ... 1800/9861 cores [556s]
  ... 1825/9861 cores [563s]
  ... 1850/9861 cores [568s]
  ... 1875/9861 cores [571s]
  ... 1900/9861 cores [574s]
  ... 1925/9861 cores [578s]
  ... 1950/9861 cores [583s]
  ... 1975/9861 cores [588s]
  ... 2000/9861 cores [592s]
  ... 2025/9861 cores [597s]
  ... 2050/9861 cores [601s]
  ... 2075/9861 cores [606s]
  ... 2100/9861 cores [612s]
  ... 2125/9861 cores [617s]
  ... 2150/9861 cores [623s]
  ... 2175/9861 cores [629s]
  ... 2200/9861 cores [636s]
  ... 2225/9861 cores [646s]
  ... 2250/9861 cores [655s]
  ... 2275/9861 cores [665s]
  ... 2300/9861 cores [674s]
  ... 2325/9861 cores [684s]
  ... 2350/9861 cores [694s]
  ... 2375/9861 cores [705s]
  ... 2400/9861 cores [715s]
  ... 2425/9861 cores [728s]
  ... 2450/9861 cores [739s]
  ... 2475/9861 cores [750s]
  ... 2500/9861 cores [761s]
  ... 2525/9861 cores [772s]
  ... 2550/9861 cores [789s]
  ... 2575/9861 cores [807s]
  ... 2600/9861 cores [822s]
  ... 2625/9861 cores [838s]
  ... 2650/9861 cores [853s]
  ... 2675/9861 cores [869s]
  ... 2700/9861 cores [883s]
  ... 2725/9861 cores [894s]
  ... 2750/9861 cores [905s]
  ... 2775/9861 cores [917s]
  ... 2800/9861 cores [933s]
  ... 2825/9861 cores [948s]
  ... 2850/9861 cores [961s]
  ... 2875/9861 cores [972s]
  ... 2900/9861 cores [987s]
  ... 2925/9861 cores [1004s]
  ... 2950/9861 cores [1019s]
  ... 2975/9861 cores [1031s]
  ... 3000/9861 cores [1042s]
  ... 3025/9861 cores [1053s]
  ... 3050/9861 cores [1064s]
  ... 3075/9861 cores [1074s]
  ... 3100/9861 cores [1086s]
  ... 3125/9861 cores [1097s]
  ... 3150/9861 cores [1110s]
  ... 3175/9861 cores [1122s]
  ... 3200/9861 cores [1133s]
  ... 3225/9861 cores [1145s]
  ... 3250/9861 cores [1157s]
  ... 3275/9861 cores [1168s]
  ... 3300/9861 cores [1180s]
  ... 3325/9861 cores [1194s]
  ... 3350/9861 cores [1207s]
  ... 3375/9861 cores [1224s]
  ... 3400/9861 cores [1244s]
  ... 3425/9861 cores [1263s]
  ... 3450/9861 cores [1279s]
  ... 3475/9861 cores [1298s]
  ... 3500/9861 cores [1318s]
  ... 3525/9861 cores [1329s]
  ... 3550/9861 cores [1342s]
  ... 3575/9861 cores [1356s]
  ... 3600/9861 cores [1367s]
  ... 3625/9861 cores [1378s]
  ... 3650/9861 cores [1390s]
  ... 3675/9861 cores [1402s]
  ... 3700/9861 cores [1412s]
  ... 3725/9861 cores [1424s]
  ... 3750/9861 cores [1436s]
  ... 3775/9861 cores [1448s]
  ... 3800/9861 cores [1459s]
  ... 3825/9861 cores [1472s]
  ... 3850/9861 cores [1485s]
  ... 3875/9861 cores [1497s]
  ... 3900/9861 cores [1510s]
  ... 3925/9861 cores [1523s]
  ... 3950/9861 cores [1536s]
  ... 3975/9861 cores [1549s]
  ... 4000/9861 cores [1561s]
  ... 4025/9861 cores [1574s]
  ... 4050/9861 cores [1587s]
  ... 4075/9861 cores [1600s]
  ... 4100/9861 cores [1613s]
  ... 4125/9861 cores [1626s]
  ... 4150/9861 cores [1640s]
  ... 4175/9861 cores [1652s]
  ... 4200/9861 cores [1663s]
  ... 4225/9861 cores [1675s]
  ... 4250/9861 cores [1685s]
  ... 4275/9861 cores [1693s]
  ... 4300/9861 cores [1702s]
  ... 4325/9861 cores [1711s]
  ... 4350/9861 cores [1722s]
  ... 4375/9861 cores [1732s]
  ... 4400/9861 cores [1742s]
  ... 4425/9861 cores [1750s]
  ... 4450/9861 cores [1755s]
  ... 4475/9861 cores [1761s]
  ... 4500/9861 cores [1767s]
  ... 4525/9861 cores [1771s]
  ... 4550/9861 cores [1776s]
  ... 4575/9861 cores [1784s]
  ... 4600/9861 cores [1793s]
  ... 4625/9861 cores [1803s]
  ... 4650/9861 cores [1812s]
  ... 4675/9861 cores [1821s]
  ... 4700/9861 cores [1830s]
  ... 4725/9861 cores [1841s]
  ... 4750/9861 cores [1850s]
  ... 4775/9861 cores [1856s]
  ... 4800/9861 cores [1862s]
  ... 4825/9861 cores [1869s]
  ... 4850/9861 cores [1875s]
  ... 4875/9861 cores [1883s]
  ... 4900/9861 cores [1890s]
  ... 4925/9861 cores [1896s]
  ... 4950/9861 cores [1903s]
  ... 4975/9861 cores [1909s]
  ... 5000/9861 cores [1917s]
  ... 5025/9861 cores [1923s]
  ... 5050/9861 cores [1930s]
  ... 5075/9861 cores [1937s]
  ... 5100/9861 cores [1944s]
  ... 5125/9861 cores [1950s]
  ... 5150/9861 cores [1957s]
  ... 5175/9861 cores [1963s]
  ... 5200/9861 cores [1969s]
  ... 5225/9861 cores [1975s]
  ... 5250/9861 cores [1982s]
  ... 5275/9861 cores [1988s]
  ... 5300/9861 cores [1994s]
  ... 5325/9861 cores [2000s]
  ... 5350/9861 cores [2007s]
  ... 5375/9861 cores [2014s]
  ... 5400/9861 cores [2020s]
  ... 5425/9861 cores [2027s]
  ... 5450/9861 cores [2033s]
  ... 5475/9861 cores [2039s]
  ... 5500/9861 cores [2046s]
  ... 5525/9861 cores [2053s]
  ... 5550/9861 cores [2060s]
  ... 5575/9861 cores [2067s]
  ... 5600/9861 cores [2074s]
  ... 5625/9861 cores [2081s]
  ... 5650/9861 cores [2087s]
  ... 5675/9861 cores [2096s]
  ... 5700/9861 cores [2106s]
  ... 5725/9861 cores [2117s]
  ... 5750/9861 cores [2129s]
  ... 5775/9861 cores [2140s]
  ... 5800/9861 cores [2152s]
  ... 5825/9861 cores [2164s]
  ... 5850/9861 cores [2178s]
  ... 5875/9861 cores [2189s]
  ... 5900/9861 cores [2200s]
  ... 5925/9861 cores [2211s]
  ... 5950/9861 cores [2222s]
  ... 5975/9861 cores [2235s]
  ... 6000/9861 cores [2247s]
  ... 6025/9861 cores [2259s]
  ... 6050/9861 cores [2269s]
  ... 6075/9861 cores [2279s]
  ... 6100/9861 cores [2290s]
  ... 6125/9861 cores [2301s]
  ... 6150/9861 cores [2312s]
  ... 6175/9861 cores [2324s]
  ... 6200/9861 cores [2335s]
  ... 6225/9861 cores [2347s]
  ... 6250/9861 cores [2358s]
  ... 6275/9861 cores [2369s]
  ... 6300/9861 cores [2383s]
  ... 6325/9861 cores [2396s]
  ... 6350/9861 cores [2408s]
  ... 6375/9861 cores [2419s]
  ... 6400/9861 cores [2432s]
  ... 6425/9861 cores [2443s]
  ... 6450/9861 cores [2454s]
  ... 6475/9861 cores [2465s]
  ... 6500/9861 cores [2477s]
  ... 6525/9861 cores [2487s]
  ... 6550/9861 cores [2496s]
  ... 6575/9861 cores [2508s]
  ... 6600/9861 cores [2517s]
  ... 6625/9861 cores [2526s]
  ... 6650/9861 cores [2536s]
  ... 6675/9861 cores [2546s]
  ... 6700/9861 cores [2556s]
  ... 6725/9861 cores [2566s]
  ... 6750/9861 cores [2577s]
  ... 6775/9861 cores [2588s]
  ... 6800/9861 cores [2598s]
  ... 6825/9861 cores [2609s]
  ... 6850/9861 cores [2620s]
  ... 6875/9861 cores [2631s]
  ... 6900/9861 cores [2642s]
  ... 6925/9861 cores [2652s]
  ... 6950/9861 cores [2663s]
  ... 6975/9861 cores [2674s]
  ... 7000/9861 cores [2685s]
  ... 7025/9861 cores [2696s]
  ... 7050/9861 cores [2706s]
  ... 7075/9861 cores [2716s]
  ... 7100/9861 cores [2725s]
  ... 7125/9861 cores [2734s]
  ... 7150/9861 cores [2744s]
  ... 7175/9861 cores [2754s]
  ... 7200/9861 cores [2763s]
  ... 7225/9861 cores [2771s]
  ... 7250/9861 cores [2776s]
  ... 7275/9861 cores [2779s]
  ... 7300/9861 cores [2783s]
  ... 7325/9861 cores [2787s]
  ... 7350/9861 cores [2790s]
  ... 7375/9861 cores [2794s]
  ... 7400/9861 cores [2797s]
  ... 7425/9861 cores [2801s]
  ... 7450/9861 cores [2806s]
  ... 7475/9861 cores [2810s]
  ... 7500/9861 cores [2814s]
  ... 7525/9861 cores [2818s]
  ... 7550/9861 cores [2822s]
  ... 7575/9861 cores [2826s]
  ... 7600/9861 cores [2830s]
  ... 7625/9861 cores [2834s]
  ... 7650/9861 cores [2838s]
  ... 7675/9861 cores [2843s]
  ... 7700/9861 cores [2849s]
  ... 7725/9861 cores [2855s]
  ... 7750/9861 cores [2862s]
  ... 7775/9861 cores [2869s]
  ... 7800/9861 cores [2875s]
  ... 7825/9861 cores [2882s]
  ... 7850/9861 cores [2888s]
  ... 7875/9861 cores [2894s]
  ... 7900/9861 cores [2900s]
  ... 7925/9861 cores [2907s]
  ... 7950/9861 cores [2914s]
  ... 7975/9861 cores [2920s]
  ... 8000/9861 cores [2926s]
  ... 8025/9861 cores [2931s]
  ... 8050/9861 cores [2938s]
  ... 8075/9861 cores [2943s]
  ... 8100/9861 cores [2949s]
  ... 8125/9861 cores [2954s]
  ... 8150/9861 cores [2959s]
  ... 8175/9861 cores [2965s]
  ... 8200/9861 cores [2971s]
  ... 8225/9861 cores [2977s]
  ... 8250/9861 cores [2983s]
  ... 8275/9861 cores [2988s]
  ... 8300/9861 cores [2994s]
  ... 8325/9861 cores [3000s]
  ... 8350/9861 cores [3006s]
  ... 8375/9861 cores [3011s]
  ... 8400/9861 cores [3017s]
  ... 8425/9861 cores [3023s]
  ... 8450/9861 cores [3029s]
  ... 8475/9861 cores [3034s]
  ... 8500/9861 cores [3039s]
  ... 8525/9861 cores [3044s]
  ... 8550/9861 cores [3049s]
  ... 8575/9861 cores [3054s]
  ... 8600/9861 cores [3059s]
  ... 8625/9861 cores [3065s]
  ... 8650/9861 cores [3070s]
  ... 8675/9861 cores [3078s]
  ... 8700/9861 cores [3086s]
  ... 8725/9861 cores [3094s]
  ... 8750/9861 cores [3103s]
  ... 8775/9861 cores [3112s]
  ... 8800/9861 cores [3121s]
  ... 8825/9861 cores [3131s]
  ... 8850/9861 cores [3141s]
  ... 8875/9861 cores [3151s]
  ... 8900/9861 cores [3159s]
  ... 8925/9861 cores [3167s]
  ... 8950/9861 cores [3174s]
  ... 8975/9861 cores [3183s]
  ... 9000/9861 cores [3190s]
  ... 9025/9861 cores [3197s]
  ... 9050/9861 cores [3205s]
  ... 9075/9861 cores [3213s]
  ... 9100/9861 cores [3219s]
  ... 9125/9861 cores [3226s]
  ... 9150/9861 cores [3229s]
  ... 9175/9861 cores [3232s]
  ... 9200/9861 cores [3235s]
  ... 9225/9861 cores [3239s]
  ... 9250/9861 cores [3243s]
  ... 9275/9861 cores [3246s]
  ... 9300/9861 cores [3250s]
  ... 9325/9861 cores [3254s]
  ... 9350/9861 cores [3258s]
  ... 9375/9861 cores [3261s]
  ... 9400/9861 cores [3264s]
  ... 9425/9861 cores [3268s]
  ... 9450/9861 cores [3271s]
  ... 9475/9861 cores [3274s]
  ... 9500/9861 cores [3278s]
  ... 9525/9861 cores [3282s]
  ... 9550/9861 cores [3286s]
  ... 9575/9861 cores [3291s]
  ... 9600/9861 cores [3295s]
  ... 9625/9861 cores [3299s]
  ... 9650/9861 cores [3304s]
  ... 9675/9861 cores [3308s]
  ... 9700/9861 cores [3312s]
  ... 9725/9861 cores [3316s]
  ... 9750/9861 cores [3320s]
  ... 9775/9861 cores [3324s]
  ... 9800/9861 cores [3326s]
  ... 9825/9861 cores [3328s]
  ... 9850/9861 cores [3330s]
  m=4: {'cores': 2, 'D2 fails': 0, 'D3 fails': 0, 'cex': 0, 'allocs': 2}
  m=5: {'cores': 32, 'D2 fails': 0, 'D3 fails': 0, 'cex': 0, 'allocs': 32}
  m=6: {'cores': 304, 'D2 fails': 0, 'D3 fails': 0, 'cex': 0, 'allocs': 15070}
  m=7: {'cores': 1259, 'D2 fails': 0, 'D3 fails': 0, 'cex': 0, 'allocs': 111607}
  m=8: {'cores': 2641, 'D2 fails': 0, 'D3 fails': 0, 'cex': 0, 'allocs': 281556}
  m=9: {'cores': 2983, 'D2 fails': 0, 'D3 fails': 0, 'cex': 0, 'allocs': 305115}
  m=10: {'cores': 1906, 'D2 fails': 0, 'D3 fails': 0, 'cex': 0, 'allocs': 161708}
  m=11: {'cores': 639, 'D2 fails': 0, 'D3 fails': 0, 'cex': 0, 'allocs': 43396}
  m=12: {'cores': 93, 'D2 fails': 0, 'D3 fails': 0, 'cex': 0, 'allocs': 4732}
  m=13: {'cores': 2, 'D2 fails': 0, 'D3 fails': 0, 'cex': 0, 'allocs': 63}
  [3332s]
  wrote results/k4_certs_5_n4_3.json.gz
