n=5 (degrees 3-4, exactly 2 of degree 4): 5468 cores
  ... 25/5468 cores [1s]
  ... 50/5468 cores [2s]
  ... 75/5468 cores [3s]
  ... 100/5468 cores [4s]
  ... 125/5468 cores [5s]
  ... 150/5468 cores [6s]
  ... 175/5468 cores [8s]
  ... 200/5468 cores [10s]
  ... 225/5468 cores [11s]
  ... 250/5468 cores [13s]
  ... 275/5468 cores [15s]
  ... 300/5468 cores [17s]
  ... 325/5468 cores [19s]
  ... 350/5468 cores [21s]
  ... 375/5468 cores [23s]
  ... 400/5468 cores [25s]
  ... 425/5468 cores [27s]
  ... 450/5468 cores [28s]
  ... 475/5468 cores [30s]
  ... 500/5468 cores [30s]
  ... 525/5468 cores [32s]
  ... 550/5468 cores [34s]
  ... 575/5468 cores [36s]
  ... 600/5468 cores [39s]
  ... 625/5468 cores [41s]
  ... 650/5468 cores [43s]
  ... 675/5468 cores [45s]
  ... 700/5468 cores [48s]
  ... 725/5468 cores [51s]
  ... 750/5468 cores [53s]
  ... 775/5468 cores [56s]
  ... 800/5468 cores [58s]
  ... 825/5468 cores [61s]
  ... 850/5468 cores [64s]
  ... 875/5468 cores [67s]
  ... 900/5468 cores [69s]
  ... 925/5468 cores [72s]
  ... 950/5468 cores [75s]
  ... 975/5468 cores [77s]
  ... 1000/5468 cores [80s]
  ... 1025/5468 cores [83s]
  ... 1050/5468 cores [86s]
  ... 1075/5468 cores [89s]
  ... 1100/5468 cores [91s]
  ... 1125/5468 cores [94s]
  ... 1150/5468 cores [97s]
  ... 1175/5468 cores [100s]
  ... 1200/5468 cores [102s]
  ... 1225/5468 cores [105s]
  ... 1250/5468 cores [108s]
  ... 1275/5468 cores [111s]
  ... 1300/5468 cores [114s]
  ... 1325/5468 cores [117s]
  ... 1350/5468 cores [120s]
  ... 1375/5468 cores [123s]
  ... 1400/5468 cores [126s]
  ... 1425/5468 cores [129s]
  ... 1450/5468 cores [133s]
  ... 1475/5468 cores [136s]
  ... 1500/5468 cores [139s]
  ... 1525/5468 cores [142s]
  ... 1550/5468 cores [146s]
  ... 1575/5468 cores [148s]
  ... 1600/5468 cores [150s]
  ... 1625/5468 cores [152s]
  ... 1650/5468 cores [155s]
  ... 1675/5468 cores [157s]
  ... 1700/5468 cores [159s]
  ... 1725/5468 cores [160s]
  ... 1750/5468 cores [162s]
  ... 1775/5468 cores [163s]
  ... 1800/5468 cores [165s]
  ... 1825/5468 cores [167s]
  ... 1850/5468 cores [169s]
  ... 1875/5468 cores [171s]
  ... 1900/5468 cores [173s]
  ... 1925/5468 cores [175s]
  ... 1950/5468 cores [177s]
  ... 1975/5468 cores [179s]
  ... 2000/5468 cores [181s]
  ... 2025/5468 cores [183s]
  ... 2050/5468 cores [186s]
  ... 2075/5468 cores [189s]
  ... 2100/5468 cores [191s]
  ... 2125/5468 cores [194s]
  ... 2150/5468 cores [197s]
  ... 2175/5468 cores [200s]
  ... 2200/5468 cores [202s]
  ... 2225/5468 cores [205s]
  ... 2250/5468 cores [208s]
  ... 2275/5468 cores [211s]
  ... 2300/5468 cores [214s]
  ... 2325/5468 cores [217s]
  ... 2350/5468 cores [220s]
  ... 2375/5468 cores [223s]
  ... 2400/5468 cores [226s]
  ... 2425/5468 cores [229s]
  ... 2450/5468 cores [232s]
  ... 2475/5468 cores [235s]
  ... 2500/5468 cores [239s]
  ... 2525/5468 cores [242s]
  ... 2550/5468 cores [244s]
  ... 2575/5468 cores [247s]
  ... 2600/5468 cores [250s]
  ... 2625/5468 cores [253s]
  ... 2650/5468 cores [256s]
  ... 2675/5468 cores [259s]
  ... 2700/5468 cores [262s]
  ... 2725/5468 cores [266s]
  ... 2750/5468 cores [268s]
  ... 2775/5468 cores [271s]
  ... 2800/5468 cores [274s]
  ... 2825/5468 cores [277s]
  ... 2850/5468 cores [280s]
  ... 2875/5468 cores [283s]
  ... 2900/5468 cores [286s]
  ... 2925/5468 cores [290s]
  ... 2950/5468 cores [293s]
  ... 2975/5468 cores [296s]
  ... 3000/5468 cores [299s]
  ... 3025/5468 cores [302s]
  ... 3050/5468 cores [306s]
  ... 3075/5468 cores [309s]
  ... 3100/5468 cores [312s]
  ... 3125/5468 cores [315s]
  ... 3150/5468 cores [318s]
  ... 3175/5468 cores [321s]
  ... 3200/5468 cores [325s]
  ... 3225/5468 cores [328s]
  ... 3250/5468 cores [331s]
  ... 3275/5468 cores [334s]
  ... 3300/5468 cores [337s]
  ... 3325/5468 cores [341s]
  ... 3350/5468 cores [344s]
  ... 3375/5468 cores [346s]
  ... 3400/5468 cores [348s]
  ... 3425/5468 cores [350s]
  ... 3450/5468 cores [351s]
  ... 3475/5468 cores [353s]
  ... 3500/5468 cores [354s]
  ... 3525/5468 cores [357s]
  ... 3550/5468 cores [359s]
  ... 3575/5468 cores [361s]
  ... 3600/5468 cores [363s]
  ... 3625/5468 cores [365s]
  ... 3650/5468 cores [367s]
  ... 3675/5468 cores [369s]
  ... 3700/5468 cores [371s]
  ... 3725/5468 cores [373s]
  ... 3750/5468 cores [375s]
  ... 3775/5468 cores [377s]
  ... 3800/5468 cores [380s]
  ... 3825/5468 cores [382s]
  ... 3850/5468 cores [384s]
  ... 3875/5468 cores [386s]
  ... 3900/5468 cores [388s]
  ... 3925/5468 cores [390s]
  ... 3950/5468 cores [392s]
  ... 3975/5468 cores [394s]
  ... 4000/5468 cores [397s]
  ... 4025/5468 cores [399s]
  ... 4050/5468 cores [401s]
  ... 4075/5468 cores [403s]
  ... 4100/5468 cores [405s]
  ... 4125/5468 cores [408s]
  ... 4150/5468 cores [411s]
  ... 4175/5468 cores [414s]
  ... 4200/5468 cores [416s]
  ... 4225/5468 cores [420s]
  ... 4250/5468 cores [422s]
  ... 4275/5468 cores [425s]
  ... 4300/5468 cores [428s]
  ... 4325/5468 cores [431s]
  ... 4350/5468 cores [433s]
  ... 4375/5468 cores [436s]
  ... 4400/5468 cores [439s]
  ... 4425/5468 cores [441s]
  ... 4450/5468 cores [444s]
  ... 4475/5468 cores [447s]
  ... 4500/5468 cores [449s]
  ... 4525/5468 cores [452s]
  ... 4550/5468 cores [454s]
  ... 4575/5468 cores [457s]
  ... 4600/5468 cores [460s]
  ... 4625/5468 cores [462s]
  ... 4650/5468 cores [464s]
  ... 4675/5468 cores [467s]
  ... 4700/5468 cores [469s]
  ... 4725/5468 cores [472s]
  ... 4750/5468 cores [475s]
  ... 4775/5468 cores [477s]
  ... 4800/5468 cores [479s]
  ... 4825/5468 cores [481s]
  ... 4850/5468 cores [482s]
  ... 4875/5468 cores [484s]
  ... 4900/5468 cores [485s]
  ... 4925/5468 cores [487s]
  ... 4950/5468 cores [489s]
  ... 4975/5468 cores [491s]
  ... 5000/5468 cores [492s]
  ... 5025/5468 cores [494s]
  ... 5050/5468 cores [496s]
  ... 5075/5468 cores [498s]
  ... 5100/5468 cores [499s]
  ... 5125/5468 cores [501s]
  ... 5150/5468 cores [503s]
  ... 5175/5468 cores [504s]
  ... 5200/5468 cores [506s]
  ... 5225/5468 cores [507s]
  ... 5250/5468 cores [509s]
  ... 5275/5468 cores [511s]
  ... 5300/5468 cores [514s]
  ... 5325/5468 cores [516s]
  ... 5350/5468 cores [518s]
  ... 5375/5468 cores [519s]
  ... 5400/5468 cores [521s]
  ... 5425/5468 cores [522s]
  ... 5450/5468 cores [523s]
  m=4: {'cores': 3, 'D2 fails': 0, 'D3 fails': 0, 'cex': 0, 'allocs': 3}
  m=5: {'cores': 50, 'D2 fails': 0, 'D3 fails': 0, 'cex': 0, 'allocs': 50}
  m=6: {'cores': 356, 'D2 fails': 0, 'D3 fails': 0, 'cex': 0, 'allocs': 12617}
  m=7: {'cores': 1153, 'D2 fails': 0, 'D3 fails': 0, 'cex': 0, 'allocs': 66467}
  m=8: {'cores': 1793, 'D2 fails': 0, 'D3 fails': 0, 'cex': 0, 'allocs': 111293}
  m=9: {'cores': 1448, 'D2 fails': 0, 'D3 fails': 0, 'cex': 0, 'allocs': 79389}
  m=10: {'cores': 572, 'D2 fails': 0, 'D3 fails': 0, 'cex': 0, 'allocs': 23801}
  m=11: {'cores': 91, 'D2 fails': 0, 'D3 fails': 0, 'cex': 0, 'allocs': 2438}
  m=12: {'cores': 2, 'D2 fails': 0, 'D3 fails': 0, 'cex': 0, 'allocs': 25}
  [523s]
  wrote results/k4_certs_5_n4_2.json.gz
