command: python3 k4/frontier/search.py 5 --n4=4 --jobs=2 --out=results/k4_certs_5_n4_4.json.gz
n=5 (degrees 3-4, exactly 4 of degree 4): 9846 cores; this part: 9846, already done: 0 (checkpoints [])
  ... 100/9846 [23s]
  ... 200/9846 [53s]
  ... 300/9846 [93s]
  ... 400/9846 [144s]
  ... 500/9846 [202s]
  ... 600/9846 [265s]
  ... 700/9846 [336s]
  ... 800/9846 [412s]
  ... 900/9846 [493s]
  ... 1000/9846 [544s]
  ... 1100/9846 [593s]
  ... 1200/9846 [630s]
  ... 1300/9846 [678s]
  ... 1400/9846 [743s]
  ... 1500/9846 [819s]
  ... 1600/9846 [877s]
  ... 1700/9846 [940s]
  ... 1800/9846 [1008s]
  ... 1900/9846 [1070s]
  ... 2000/9846 [1143s]
  ... 2100/9846 [1219s]
  ... 2200/9846 [1299s]
  ... 2300/9846 [1373s]
  ... 2400/9846 [1454s]
  ... 2500/9846 [1538s]
  ... 2600/9846 [1624s]
  ... 2700/9846 [1718s]
  ... 2800/9846 [1815s]
  ... 2900/9846 [1881s]
  ... 3000/9846 [1931s]
  ... 3100/9846 [1979s]
  ... 3200/9846 [2019s]
  ... 3300/9846 [2059s]
  ... 3400/9846 [2112s]
  ... 3500/9846 [2163s]
  ... 3600/9846 [2206s]
  ... 3700/9846 [2249s]
  ... 3800/9846 [2294s]
  ... 3900/9846 [2339s]
  ... 4000/9846 [2389s]
  ... 4100/9846 [2449s]
  ... 4200/9846 [2515s]
  ... 4300/9846 [2584s]
  ... 4400/9846 [2655s]
  ... 4500/9846 [2727s]
  ... 4600/9846 [2805s]
  ... 4700/9846 [2887s]
  ... 4800/9846 [2963s]
  ... 4900/9846 [3039s]
  ... 5000/9846 [3123s]
  ... 5100/9846 [3203s]
  ... 5200/9846 [3284s]
  ... 5300/9846 [3373s]
  ... 5400/9846 [3453s]
  ... 5500/9846 [3540s]
  ... 5600/9846 [3636s]
  ... 5700/9846 [3716s]
  ... 5800/9846 [3755s]
  ... 5900/9846 [3789s]
  ... 6000/9846 [3821s]
  ... 6100/9846 [3854s]
  ... 6200/9846 [3897s]
  ... 6300/9846 [3944s]
  ... 6400/9846 [3993s]
  ... 6500/9846 [4039s]
  ... 6600/9846 [4085s]
  ... 6700/9846 [4133s]
  ... 6800/9846 [4185s]
  ... 6900/9846 [4237s]
  ... 7000/9846 [4290s]
  ... 7100/9846 [4338s]
  ... 7200/9846 [4390s]
  ... 7300/9846 [4439s]
  ... 7400/9846 [4500s]
  ... 7500/9846 [4575s]
  ... 7600/9846 [4648s]
  ... 7700/9846 [4724s]
  ... 7800/9846 [4795s]
  ... 7900/9846 [4865s]
  ... 8000/9846 [4939s]
  ... 8100/9846 [5010s]
  ... 8200/9846 [5052s]
  ... 8300/9846 [5084s]
  ... 8400/9846 [5122s]
  ... 8500/9846 [5159s]
  ... 8600/9846 [5196s]
  ... 8700/9846 [5235s]
  ... 8800/9846 [5281s]
  ... 8900/9846 [5331s]
  ... 9000/9846 [5381s]
  ... 9100/9846 [5423s]
  ... 9200/9846 [5468s]
  ... 9300/9846 [5515s]
  ... 9400/9846 [5572s]
  ... 9500/9846 [5602s]
  ... 9600/9846 [5634s]
  ... 9700/9846 [5665s]
  ... 9800/9846 [5701s]
  m=4: {'cores': 1, 'D2 fails': 0, 'cex': 0, 'allocs': 1, 'max allocs': 1, 'max s': 0.17}
  m=5: {'cores': 15, 'D2 fails': 0, 'cex': 0, 'allocs': 15, 'max allocs': 1, 'max s': 0.22}
  m=6: {'cores': 146, 'D2 fails': 0, 'cex': 0, 'allocs': 9833, 'max allocs': 105, 'max s': 1.08}
  m=7: {'cores': 748, 'D2 fails': 0, 'cex': 0, 'allocs': 98010, 'max allocs': 206, 'max s': 2.27}
  m=8: {'cores': 1932, 'D2 fails': 0, 'cex': 0, 'allocs': 337941, 'max allocs': 335, 'max s': 3.05}
  m=9: {'cores': 2829, 'D2 fails': 0, 'cex': 0, 'allocs': 502354, 'max allocs': 372, 'max s': 3.47}
  m=10: {'cores': 2452, 'D2 fails': 0, 'cex': 0, 'allocs': 392071, 'max allocs': 307, 'max s': 2.98}
  m=11: {'cores': 1290, 'D2 fails': 0, 'cex': 0, 'allocs': 178430, 'max allocs': 269, 'max s': 2.17}
  m=12: {'cores': 380, 'D2 fails': 0, 'cex': 0, 'allocs': 42659, 'max allocs': 170, 'max s': 1.13}
  m=13: {'cores': 52, 'D2 fails': 0, 'cex': 0, 'allocs': 4649, 'max allocs': 122, 'max s': 0.64}
  m=14: {'cores': 1, 'D2 fails': 0, 'cex': 0, 'allocs': 62, 'max allocs': 62, 'max s': 0.31}
  done 9846/9846 cores [5712s]
  all cores done: wrote results/k4_certs_5_n4_4.json.gz
