n=5 (degrees 3-4, exactly 1 of degree 4): 1735 cores
  ... 25/1735 cores [1s]
  ... 50/1735 cores [1s]
  ... 75/1735 cores [1s]
  ... 100/1735 cores [2s]
  ... 125/1735 cores [3s]
  ... 150/1735 cores [3s]
  ... 175/1735 cores [4s]
  ... 200/1735 cores [5s]
  ... 225/1735 cores [6s]
  ... 250/1735 cores [7s]
  ... 275/1735 cores [9s]
  ... 300/1735 cores [10s]
  ... 325/1735 cores [11s]
  ... 350/1735 cores [11s]
  ... 375/1735 cores [12s]
  ... 400/1735 cores [14s]
  ... 425/1735 cores [15s]
  ... 450/1735 cores [16s]
  ... 475/1735 cores [17s]
  ... 500/1735 cores [19s]
  ... 525/1735 cores [20s]
  ... 550/1735 cores [22s]
  ... 575/1735 cores [24s]
  ... 600/1735 cores [25s]
  ... 625/1735 cores [27s]
  ... 650/1735 cores [28s]
  ... 675/1735 cores [30s]
  ... 700/1735 cores [31s]
  ... 725/1735 cores [33s]
  ... 750/1735 cores [35s]
  ... 775/1735 cores [36s]
  ... 800/1735 cores [38s]
  ... 825/1735 cores [40s]
  ... 850/1735 cores [41s]
  ... 875/1735 cores [42s]
  ... 900/1735 cores [44s]
  ... 925/1735 cores [45s]
  ... 950/1735 cores [46s]
  ... 975/1735 cores [47s]
  ... 1000/1735 cores [48s]
  ... 1025/1735 cores [50s]
  ... 1050/1735 cores [51s]
  ... 1075/1735 cores [53s]
  ... 1100/1735 cores [54s]
  ... 1125/1735 cores [56s]
  ... 1150/1735 cores [57s]
  ... 1175/1735 cores [59s]
  ... 1200/1735 cores [60s]
  ... 1225/1735 cores [62s]
  ... 1250/1735 cores [63s]
  ... 1275/1735 cores [65s]
  ... 1300/1735 cores [66s]
  ... 1325/1735 cores [68s]
  ... 1350/1735 cores [69s]
  ... 1375/1735 cores [70s]
  ... 1400/1735 cores [72s]
  ... 1425/1735 cores [73s]
  ... 1450/1735 cores [74s]
  ... 1475/1735 cores [75s]
  ... 1500/1735 cores [76s]
  ... 1525/1735 cores [77s]
  ... 1550/1735 cores [78s]
  ... 1575/1735 cores [79s]
  ... 1600/1735 cores [80s]
  ... 1625/1735 cores [82s]
  ... 1650/1735 cores [83s]
  ... 1675/1735 cores [84s]
  ... 1700/1735 cores [84s]
  ... 1725/1735 cores [85s]
  m=4: {'cores': 5, 'D2 fails': 0, 'D3 fails': 0, 'cex': 0, 'allocs': 5}
  m=5: {'cores': 48, 'D2 fails': 0, 'D3 fails': 0, 'cex': 0, 'allocs': 48}
  m=6: {'cores': 244, 'D2 fails': 0, 'D3 fails': 0, 'cex': 0, 'allocs': 5969}
  m=7: {'cores': 539, 'D2 fails': 0, 'D3 fails': 0, 'cex': 0, 'allocs': 20357}
  m=8: {'cores': 573, 'D2 fails': 0, 'D3 fails': 0, 'cex': 0, 'allocs': 21035}
  m=9: {'cores': 275, 'D2 fails': 0, 'D3 fails': 0, 'cex': 0, 'allocs': 7890}
  m=10: {'cores': 50, 'D2 fails': 0, 'D3 fails': 0, 'cex': 0, 'allocs': 885}
  m=11: {'cores': 1, 'D2 fails': 0, 'D3 fails': 0, 'cex': 0, 'allocs': 1}
  [85s]
  wrote results/k4_certs_5_n4_1.json.gz
