# src/large_bundle.py margin: for every profile where construction LB needs its overflow bundle, (candidate owners that are not frozen, candidates admitting an overflow set that passes LB's owner constraint); connected cores, n = 3..5 every m with overflow, n = 6 m = 10..12
n=3 m=5: profiles where LB needs its overflow bundle, by (non-frozen agents, agents that admit a valid overflow set): {(1, 1): 14}  [0s]
   only one owner works: [[0, 1, 2], [0, 1, 3], [0, 1, 4]] profile (0, 0, 0): (a, b, c) [(0, 1, 2), (0, 1, 3), (0, 1, 4)]
   only one owner works: [[0, 1, 2], [0, 1, 3], [0, 1, 4]] profile (0, 0, 2): (a, b, c) [(0, 1, 2), (0, 1, 3), (1, 0, 4)]
   only one owner works: [[0, 1, 2], [0, 1, 3], [0, 1, 4]] profile (0, 0, 3): (a, b, c) [(0, 1, 2), (0, 1, 3), (1, 4, 0)]
n=4 m=6: profiles where LB needs its overflow bundle, by (non-frozen agents, agents that admit a valid overflow set): {(1, 1): 18}  [2s]
   only one owner works: [[0, 2, 3], [1, 2, 4], [1, 2, 5], [0, 1, 2]] profile (0, 0, 0, 0): (a, b, c) [(0, 2, 3), (1, 2, 4), (1, 2, 5), (0, 1, 2)]
   only one owner works: [[0, 2, 3], [1, 2, 4], [1, 2, 5], [0, 1, 2]] profile (0, 0, 0, 1): (a, b, c) [(0, 2, 3), (1, 2, 4), (1, 2, 5), (0, 2, 1)]
   only one owner works: [[0, 2, 3], [1, 2, 4], [1, 2, 5], [0, 1, 2]] profile (0, 2, 2, 0): (a, b, c) [(0, 2, 3), (2, 1, 4), (2, 1, 5), (0, 1, 2)]
n=4 m=7: profiles where LB needs its overflow bundle, by (non-frozen agents, agents that admit a valid overflow set): {(1, 1): 3, (2, 1): 2, (2, 2): 100}  [2s]
   only one owner works: [[0, 2, 3], [0, 2, 4], [1, 2, 5], [1, 2, 6]] profile (0, 0, 0, 0): (a, b, c) [(0, 2, 3), (0, 2, 4), (1, 2, 5), (1, 2, 6)]
   only one owner works: [[0, 1, 3], [0, 2, 4], [1, 2, 5], [1, 2, 6]] profile (0, 0, 0, 0): (a, b, c) [(0, 1, 3), (0, 2, 4), (1, 2, 5), (1, 2, 6)]
   only one owner works: [[0, 1, 3], [0, 2, 4], [1, 2, 5], [1, 2, 6]] profile (0, 0, 0, 2): (a, b, c) [(0, 1, 3), (0, 2, 4), (1, 2, 5), (2, 1, 6)]
n=4 m=8: profiles where LB needs its overflow bundle, by (non-frozen agents, agents that admit a valid overflow set): {(3, 3): 16}  [2s]
n=5 m=7: profiles where LB needs its overflow bundle, by (non-frozen agents, agents that admit a valid overflow set): {(1, 1): 56}  [94s]
   only one owner works: [[0, 1, 4], [0, 3, 5], [2, 3, 6], [1, 2, 3], [1, 2, 3]] profile (0, 0, 0, 0, 0): (a, b, c) [(0, 1, 4), (0, 3, 5), (2, 3, 6), (1, 2, 3), (1, 2, 3)]
   only one owner works: [[0, 1, 4], [0, 3, 5], [2, 3, 6], [1, 2, 3], [1, 2, 3]] profile (0, 0, 0, 1, 0): (a, b, c) [(0, 1, 4), (0, 3, 5), (2, 3, 6), (1, 3, 2), (1, 2, 3)]
   only one owner works: [[0, 1, 4], [0, 3, 5], [2, 3, 6], [1, 2, 3], [1, 2, 3]] profile (0, 0, 0, 5, 5): (a, b, c) [(0, 1, 4), (0, 3, 5), (2, 3, 6), (3, 2, 1), (3, 2, 1)]
n=5 m=8: profiles where LB needs its overflow bundle, by (non-frozen agents, agents that admit a valid overflow set): {(1, 1): 3, (2, 1): 11, (2, 2): 740}  [149s]
   only one owner works: [[0, 1, 4], [1, 2, 5], [1, 3, 6], [2, 3, 7], [0, 2, 3]] profile (0, 0, 0, 0, 0): (a, b, c) [(0, 1, 4), (1, 2, 5), (1, 3, 6), (2, 3, 7), (0, 2, 3)]
   only one owner works: [[0, 1, 4], [1, 2, 5], [1, 3, 6], [2, 3, 7], [0, 2, 3]] profile (0, 0, 0, 0, 1): (a, b, c) [(0, 1, 4), (1, 2, 5), (1, 3, 6), (2, 3, 7), (0, 3, 2)]
   only one owner works: [[0, 1, 4], [1, 2, 5], [1, 3, 6], [2, 3, 7], [0, 2, 3]] profile (0, 0, 0, 1, 1): (a, b, c) [(0, 1, 4), (1, 2, 5), (1, 3, 6), (2, 7, 3), (0, 3, 2)]
n=5 m=9: profiles where LB needs its overflow bundle, by (non-frozen agents, agents that admit a valid overflow set): {(2, 2): 7, (3, 2): 31, (3, 3): 898}  [162s]
n=5 m=10: profiles where LB needs its overflow bundle, by (non-frozen agents, agents that admit a valid overflow set): {(4, 4): 176}  [163s]
n=6 m=10: profiles where LB needs its overflow bundle, by (non-frozen agents, agents that admit a valid overflow set): {(2, 2): 611, (3, 1): 4, (3, 2): 196, (3, 3): 18031}  [1896s]
   only one owner works: [[2, 4, 6], [2, 5, 7], [3, 4, 8], [3, 5, 9], [0, 1, 4], [0, 1, 5]] profile (0, 0, 0, 0, 4, 4): (a, b, c) [(2, 4, 6), (2, 5, 7), (3, 4, 8), (3, 5, 9), (4, 0, 1), (5, 0, 1)]
   only one owner works: [[2, 4, 6], [2, 5, 7], [3, 4, 8], [3, 5, 9], [0, 1, 4], [0, 1, 5]] profile (0, 0, 0, 0, 4, 5): (a, b, c) [(2, 4, 6), (2, 5, 7), (3, 4, 8), (3, 5, 9), (4, 0, 1), (5, 1, 0)]
   only one owner works: [[2, 4, 6], [2, 5, 7], [3, 4, 8], [3, 5, 9], [0, 1, 4], [0, 1, 5]] profile (0, 0, 0, 0, 5, 4): (a, b, c) [(2, 4, 6), (2, 5, 7), (3, 4, 8), (3, 5, 9), (4, 1, 0), (5, 0, 1)]
n=6 m=11: profiles where LB needs its overflow bundle, by (non-frozen agents, agents that admit a valid overflow set): {(2, 2): 3, (3, 2): 1, (3, 3): 124, (4, 3): 24, (4, 4): 7965}  [2102s]
n=6 m=12: profiles where LB needs its overflow bundle, by (non-frozen agents, agents that admit a valid overflow set): {(4, 4): 24, (5, 5): 1468}  [2110s]
