## moves ESRAUC: echo '6 9 1 6 7 4 5 8 0 1 5 0 3 6 2 3 5 2 4 6' | ls_check -O -m ESRAUC -l 3
  OUTSIDE
   rankings(a,b,c): (1,6,7) (4,5,8) (1,5,0) (6,0,3) (5,2,3) (4,6,2)
   bundles: {1} {4} {0,8} {6} {5} {2,7}  pool {3}
  STUCK profile 29484
   rankings(a,b,c): (1,6,7) (4,5,8) (1,5,0) (6,0,3) (5,2,3) (4,6,2)
   bundles: {1} {4} {0,8} {6} {5} {2,7}  pool {3}
  OUTSIDE
   rankings(a,b,c): (1,6,7) (4,5,8) (1,5,0) (6,0,3) (5,2,3) (6,4,2)
   bundles: {1} {4} {0,8} {6} {5} {2,7}  pool {3}
  STUCK profile 45036
   rankings(a,b,c): (1,6,7) (4,5,8) (1,5,0) (6,0,3) (5,2,3) (6,4,2)
   bundles: {1} {4} {0,8} {6} {5} {2,7}  pool {3}
  OUTSIDE
   rankings(a,b,c): (1,6,7) (4,5,8) (1,5,0) (6,0,3) (5,3,2) (4,6,2)
   bundles: {1} {4} {0,8} {6} {5} {2,7}  pool {3}
  STUCK profile 30780
   rankings(a,b,c): (1,6,7) (4,5,8) (1,5,0) (6,0,3) (5,3,2) (4,6,2)
   bundles: {1} {4} {0,8} {6} {5} {2,7}  pool {3}
  STUCK profile 46332
   rankings(a,b,c): (1,6,7) (4,5,8) (1,5,0) (6,0,3) (5,3,2) (6,4,2)
   bundles: {1} {4} {0,8} {6} {5} {2,7}  pool {3}
  STUCK profile 29700
   rankings(a,b,c): (1,6,7) (4,5,8) (1,5,0) (6,3,0) (5,2,3) (4,6,2)
   bundles: {1} {4} {0,8} {6} {5} {2,7}  pool {3}
  STUCK profile 45252
   rankings(a,b,c): (1,6,7) (4,5,8) (1,5,0) (6,3,0) (5,2,3) (6,4,2)
   bundles: {1} {4} {0,8} {6} {5} {2,7}  pool {3}
  STUCK profile 30996
   rankings(a,b,c): (1,6,7) (4,5,8) (1,5,0) (6,3,0) (5,3,2) (4,6,2)
   bundles: {1} {4} {0,8} {6} {5} {2,7}  pool {3}
  STUCK profile 46548
   rankings(a,b,c): (1,6,7) (4,5,8) (1,5,0) (6,3,0) (5,3,2) (6,4,2)
   bundles: {1} {4} {0,8} {6} {5} {2,7}  pool {3}
  STUCK profile 29556
   rankings(a,b,c): (1,6,7) (4,5,8) (5,1,0) (6,0,3) (5,2,3) (4,6,2)
   bundles: {1} {4} {0,8} {6} {5} {2,7}  pool {3}
  STUCK profile 45108
   rankings(a,b,c): (1,6,7) (4,5,8) (5,1,0) (6,0,3) (5,2,3) (6,4,2)
   bundles: {1} {4} {0,8} {6} {5} {2,7}  pool {3}
  STUCK profile 30852
   rankings(a,b,c): (1,6,7) (4,5,8) (5,1,0) (6,0,3) (5,3,2) (4,6,2)
   bundles: {1} {4} {0,8} {6} {5} {2,7}  pool {3}
  STUCK profile 46404
   rankings(a,b,c): (1,6,7) (4,5,8) (5,1,0) (6,0,3) (5,3,2) (6,4,2)
   bundles: {1} {4} {0,8} {6} {5} {2,7}  pool {3}
  STUCK profile 29772
   rankings(a,b,c): (1,6,7) (4,5,8) (5,1,0) (6,3,0) (5,2,3) (4,6,2)
   bundles: {1} {4} {0,8} {6} {5} {2,7}  pool {3}
  STUCK profile 45324
   rankings(a,b,c): (1,6,7) (4,5,8) (5,1,0) (6,3,0) (5,2,3) (6,4,2)
   bundles: {1} {4} {0,8} {6} {5} {2,7}  pool {3}
  STUCK profile 31068
   rankings(a,b,c): (1,6,7) (4,5,8) (5,1,0) (6,3,0) (5,3,2) (4,6,2)
   bundles: {1} {4} {0,8} {6} {5} {2,7}  pool {3}
  STUCK profile 46620
   rankings(a,b,c): (1,6,7) (4,5,8) (5,1,0) (6,3,0) (5,3,2) (6,4,2)
   bundles: {1} {4} {0,8} {6} {5} {2,7}  pool {3}
  STUCK profile 29490
   rankings(a,b,c): (1,6,7) (4,8,5) (1,5,0) (6,0,3) (5,2,3) (4,6,2)
   bundles: {1} {4} {0,8} {6} {5} {2,7}  pool {3}
  STUCK profile 45042
   rankings(a,b,c): (1,6,7) (4,8,5) (1,5,0) (6,0,3) (5,2,3) (6,4,2)
   bundles: {1} {4} {0,8} {6} {5} {2,7}  pool {3}
  STUCK profile 30786
   rankings(a,b,c): (1,6,7) (4,8,5) (1,5,0) (6,0,3) (5,3,2) (4,6,2)
   bundles: {1} {4} {0,8} {6} {5} {2,7}  pool {3}
  STUCK profile 46338
   rankings(a,b,c): (1,6,7) (4,8,5) (1,5,0) (6,0,3) (5,3,2) (6,4,2)
   bundles: {1} {4} {0,8} {6} {5} {2,7}  pool {3}
  STUCK profile 29706
   rankings(a,b,c): (1,6,7) (4,8,5) (1,5,0) (6,3,0) (5,2,3) (4,6,2)
   bundles: {1} {4} {0,8} {6} {5} {2,7}  pool {3}
  STUCK profile 45258
   rankings(a,b,c): (1,6,7) (4,8,5) (1,5,0) (6,3,0) (5,2,3) (6,4,2)
   bundles: {1} {4} {0,8} {6} {5} {2,7}  pool {3}
  STUCK profile 31002
   rankings(a,b,c): (1,6,7) (4,8,5) (1,5,0) (6,3,0) (5,3,2) (4,6,2)
   bundles: {1} {4} {0,8} {6} {5} {2,7}  pool {3}
  STUCK profile 46554
   rankings(a,b,c): (1,6,7) (4,8,5) (1,5,0) (6,3,0) (5,3,2) (6,4,2)
   bundles: {1} {4} {0,8} {6} {5} {2,7}  pool {3}
  STUCK profile 29562
   rankings(a,b,c): (1,6,7) (4,8,5) (5,1,0) (6,0,3) (5,2,3) (4,6,2)
   bundles: {1} {4} {0,8} {6} {5} {2,7}  pool {3}
  STUCK profile 45114
   rankings(a,b,c): (1,6,7) (4,8,5) (5,1,0) (6,0,3) (5,2,3) (6,4,2)
   bundles: {1} {4} {0,8} {6} {5} {2,7}  pool {3}
  STUCK profile 30858
   rankings(a,b,c): (1,6,7) (4,8,5) (5,1,0) (6,0,3) (5,3,2) (4,6,2)
   bundles: {1} {4} {0,8} {6} {5} {2,7}  pool {3}
  STUCK profile 46410
   rankings(a,b,c): (1,6,7) (4,8,5) (5,1,0) (6,0,3) (5,3,2) (6,4,2)
   bundles: {1} {4} {0,8} {6} {5} {2,7}  pool {3}
  STUCK profile 29778
   rankings(a,b,c): (1,6,7) (4,8,5) (5,1,0) (6,3,0) (5,2,3) (4,6,2)
   bundles: {1} {4} {0,8} {6} {5} {2,7}  pool {3}
  STUCK profile 45330
   rankings(a,b,c): (1,6,7) (4,8,5) (5,1,0) (6,3,0) (5,2,3) (6,4,2)
   bundles: {1} {4} {0,8} {6} {5} {2,7}  pool {3}
  STUCK profile 31074
   rankings(a,b,c): (1,6,7) (4,8,5) (5,1,0) (6,3,0) (5,3,2) (4,6,2)
   bundles: {1} {4} {0,8} {6} {5} {2,7}  pool {3}
  STUCK profile 46626
   rankings(a,b,c): (1,6,7) (4,8,5) (5,1,0) (6,3,0) (5,3,2) (6,4,2)
   bundles: {1} {4} {0,8} {6} {5} {2,7}  pool {3}
  STUCK profile 29485
   rankings(a,b,c): (1,7,6) (4,5,8) (1,5,0) (6,0,3) (5,2,3) (4,6,2)
   bundles: {1} {4} {0,8} {6} {5} {2,7}  pool {3}
  STUCK profile 45037
   rankings(a,b,c): (1,7,6) (4,5,8) (1,5,0) (6,0,3) (5,2,3) (6,4,2)
   bundles: {1} {4} {0,8} {6} {5} {2,7}  pool {3}
  STUCK profile 30781
   rankings(a,b,c): (1,7,6) (4,5,8) (1,5,0) (6,0,3) (5,3,2) (4,6,2)
   bundles: {1} {4} {0,8} {6} {5} {2,7}  pool {3}
  STUCK profile 46333
   rankings(a,b,c): (1,7,6) (4,5,8) (1,5,0) (6,0,3) (5,3,2) (6,4,2)
   bundles: {1} {4} {0,8} {6} {5} {2,7}  pool {3}
  STUCK profile 29701
   rankings(a,b,c): (1,7,6) (4,5,8) (1,5,0) (6,3,0) (5,2,3) (4,6,2)
   bundles: {1} {4} {0,8} {6} {5} {2,7}  pool {3}
  STUCK profile 45253
   rankings(a,b,c): (1,7,6) (4,5,8) (1,5,0) (6,3,0) (5,2,3) (6,4,2)
   bundles: {1} {4} {0,8} {6} {5} {2,7}  pool {3}
  STUCK profile 30997
   rankings(a,b,c): (1,7,6) (4,5,8) (1,5,0) (6,3,0) (5,3,2) (4,6,2)
   bundles: {1} {4} {0,8} {6} {5} {2,7}  pool {3}
  STUCK profile 46549
   rankings(a,b,c): (1,7,6) (4,5,8) (1,5,0) (6,3,0) (5,3,2) (6,4,2)
   bundles: {1} {4} {0,8} {6} {5} {2,7}  pool {3}
  STUCK profile 29557
   rankings(a,b,c): (1,7,6) (4,5,8) (5,1,0) (6,0,3) (5,2,3) (4,6,2)
   bundles: {1} {4} {0,8} {6} {5} {2,7}  pool {3}
  STUCK profile 45109
   rankings(a,b,c): (1,7,6) (4,5,8) (5,1,0) (6,0,3) (5,2,3) (6,4,2)
   bundles: {1} {4} {0,8} {6} {5} {2,7}  pool {3}
  STUCK profile 30853
   rankings(a,b,c): (1,7,6) (4,5,8) (5,1,0) (6,0,3) (5,3,2) (4,6,2)
   bundles: {1} {4} {0,8} {6} {5} {2,7}  pool {3}
  STUCK profile 46405
   rankings(a,b,c): (1,7,6) (4,5,8) (5,1,0) (6,0,3) (5,3,2) (6,4,2)
   bundles: {1} {4} {0,8} {6} {5} {2,7}  pool {3}
  STUCK profile 29773
   rankings(a,b,c): (1,7,6) (4,5,8) (5,1,0) (6,3,0) (5,2,3) (4,6,2)
   bundles: {1} {4} {0,8} {6} {5} {2,7}  pool {3}
  STUCK profile 45325
   rankings(a,b,c): (1,7,6) (4,5,8) (5,1,0) (6,3,0) (5,2,3) (6,4,2)
   bundles: {1} {4} {0,8} {6} {5} {2,7}  pool {3}
  STUCK profile 31069
   rankings(a,b,c): (1,7,6) (4,5,8) (5,1,0) (6,3,0) (5,3,2) (4,6,2)
   bundles: {1} {4} {0,8} {6} {5} {2,7}  pool {3}
  STUCK profile 46621
   rankings(a,b,c): (1,7,6) (4,5,8) (5,1,0) (6,3,0) (5,3,2) (6,4,2)
   bundles: {1} {4} {0,8} {6} {5} {2,7}  pool {3}
  STUCK profile 29491
   rankings(a,b,c): (1,7,6) (4,8,5) (1,5,0) (6,0,3) (5,2,3) (4,6,2)
   bundles: {1} {4} {0,8} {6} {5} {2,7}  pool {3}
  STUCK profile 45043
   rankings(a,b,c): (1,7,6) (4,8,5) (1,5,0) (6,0,3) (5,2,3) (6,4,2)
   bundles: {1} {4} {0,8} {6} {5} {2,7}  pool {3}
  STUCK profile 30787
   rankings(a,b,c): (1,7,6) (4,8,5) (1,5,0) (6,0,3) (5,3,2) (4,6,2)
   bundles: {1} {4} {0,8} {6} {5} {2,7}  pool {3}
  STUCK profile 46339
   rankings(a,b,c): (1,7,6) (4,8,5) (1,5,0) (6,0,3) (5,3,2) (6,4,2)
   bundles: {1} {4} {0,8} {6} {5} {2,7}  pool {3}
  STUCK profile 29707
   rankings(a,b,c): (1,7,6) (4,8,5) (1,5,0) (6,3,0) (5,2,3) (4,6,2)
   bundles: {1} {4} {0,8} {6} {5} {2,7}  pool {3}
  STUCK profile 45259
   rankings(a,b,c): (1,7,6) (4,8,5) (1,5,0) (6,3,0) (5,2,3) (6,4,2)
   bundles: {1} {4} {0,8} {6} {5} {2,7}  pool {3}
  STUCK profile 31003
   rankings(a,b,c): (1,7,6) (4,8,5) (1,5,0) (6,3,0) (5,3,2) (4,6,2)
   bundles: {1} {4} {0,8} {6} {5} {2,7}  pool {3}
  STUCK profile 46555
   rankings(a,b,c): (1,7,6) (4,8,5) (1,5,0) (6,3,0) (5,3,2) (6,4,2)
   bundles: {1} {4} {0,8} {6} {5} {2,7}  pool {3}
  STUCK profile 29563
   rankings(a,b,c): (1,7,6) (4,8,5) (5,1,0) (6,0,3) (5,2,3) (4,6,2)
   bundles: {1} {4} {0,8} {6} {5} {2,7}  pool {3}
  STUCK profile 45115
   rankings(a,b,c): (1,7,6) (4,8,5) (5,1,0) (6,0,3) (5,2,3) (6,4,2)
   bundles: {1} {4} {0,8} {6} {5} {2,7}  pool {3}
  STUCK profile 30859
   rankings(a,b,c): (1,7,6) (4,8,5) (5,1,0) (6,0,3) (5,3,2) (4,6,2)
   bundles: {1} {4} {0,8} {6} {5} {2,7}  pool {3}
  STUCK profile 46411
   rankings(a,b,c): (1,7,6) (4,8,5) (5,1,0) (6,0,3) (5,3,2) (6,4,2)
   bundles: {1} {4} {0,8} {6} {5} {2,7}  pool {3}
  STUCK profile 29779
   rankings(a,b,c): (1,7,6) (4,8,5) (5,1,0) (6,3,0) (5,2,3) (4,6,2)
   bundles: {1} {4} {0,8} {6} {5} {2,7}  pool {3}
  STUCK profile 45331
   rankings(a,b,c): (1,7,6) (4,8,5) (5,1,0) (6,3,0) (5,2,3) (6,4,2)
   bundles: {1} {4} {0,8} {6} {5} {2,7}  pool {3}
  STUCK profile 31075
   rankings(a,b,c): (1,7,6) (4,8,5) (5,1,0) (6,3,0) (5,3,2) (4,6,2)
   bundles: {1} {4} {0,8} {6} {5} {2,7}  pool {3}
  STUCK profile 46627
   rankings(a,b,c): (1,7,6) (4,8,5) (5,1,0) (6,3,0) (5,3,2) (6,4,2)
   bundles: {1} {4} {0,8} {6} {5} {2,7}  pool {3}
  STUCK profile 29484
   rankings(a,b,c): (1,6,7) (4,5,8) (1,5,0) (6,0,3) (5,2,3) (4,6,2)
   bundles: {1} {4} {0,7} {6} {5} {2,8}  pool {3}
  STUCK profile 45036
   rankings(a,b,c): (1,6,7) (4,5,8) (1,5,0) (6,0,3) (5,2,3) (6,4,2)
   bundles: {1} {4} {0,7} {6} {5} {2,8}  pool {3}
  STUCK profile 30780
   rankings(a,b,c): (1,6,7) (4,5,8) (1,5,0) (6,0,3) (5,3,2) (4,6,2)
   bundles: {1} {4} {0,7} {6} {5} {2,8}  pool {3}
  STUCK profile 46332
   rankings(a,b,c): (1,6,7) (4,5,8) (1,5,0) (6,0,3) (5,3,2) (6,4,2)
   bundles: {1} {4} {0,7} {6} {5} {2,8}  pool {3}
  STUCK profile 29700
   rankings(a,b,c): (1,6,7) (4,5,8) (1,5,0) (6,3,0) (5,2,3) (4,6,2)
   bundles: {1} {4} {0,7} {6} {5} {2,8}  pool {3}
  STUCK profile 45252
   rankings(a,b,c): (1,6,7) (4,5,8) (1,5,0) (6,3,0) (5,2,3) (6,4,2)
   bundles: {1} {4} {0,7} {6} {5} {2,8}  pool {3}
  STUCK profile 30996
   rankings(a,b,c): (1,6,7) (4,5,8) (1,5,0) (6,3,0) (5,3,2) (4,6,2)
   bundles: {1} {4} {0,7} {6} {5} {2,8}  pool {3}
  STUCK profile 46548
   rankings(a,b,c): (1,6,7) (4,5,8) (1,5,0) (6,3,0) (5,3,2) (6,4,2)
   bundles: {1} {4} {0,7} {6} {5} {2,8}  pool {3}
  STUCK profile 29556
   rankings(a,b,c): (1,6,7) (4,5,8) (5,1,0) (6,0,3) (5,2,3) (4,6,2)
   bundles: {1} {4} {0,7} {6} {5} {2,8}  pool {3}
  STUCK profile 45108
   rankings(a,b,c): (1,6,7) (4,5,8) (5,1,0) (6,0,3) (5,2,3) (6,4,2)
   bundles: {1} {4} {0,7} {6} {5} {2,8}  pool {3}
  STUCK profile 30852
   rankings(a,b,c): (1,6,7) (4,5,8) (5,1,0) (6,0,3) (5,3,2) (4,6,2)
   bundles: {1} {4} {0,7} {6} {5} {2,8}  pool {3}
  STUCK profile 46404
   rankings(a,b,c): (1,6,7) (4,5,8) (5,1,0) (6,0,3) (5,3,2) (6,4,2)
   bundles: {1} {4} {0,7} {6} {5} {2,8}  pool {3}
  STUCK profile 29772
   rankings(a,b,c): (1,6,7) (4,5,8) (5,1,0) (6,3,0) (5,2,3) (4,6,2)
   bundles: {1} {4} {0,7} {6} {5} {2,8}  pool {3}
  STUCK profile 45324
   rankings(a,b,c): (1,6,7) (4,5,8) (5,1,0) (6,3,0) (5,2,3) (6,4,2)
   bundles: {1} {4} {0,7} {6} {5} {2,8}  pool {3}
  STUCK profile 31068
   rankings(a,b,c): (1,6,7) (4,5,8) (5,1,0) (6,3,0) (5,3,2) (4,6,2)
   bundles: {1} {4} {0,7} {6} {5} {2,8}  pool {3}
  STUCK profile 46620
   rankings(a,b,c): (1,6,7) (4,5,8) (5,1,0) (6,3,0) (5,3,2) (6,4,2)
   bundles: {1} {4} {0,7} {6} {5} {2,8}  pool {3}
  STUCK profile 29490
   rankings(a,b,c): (1,6,7) (4,8,5) (1,5,0) (6,0,3) (5,2,3) (4,6,2)
   bundles: {1} {4} {0,7} {6} {5} {2,8}  pool {3}
  STUCK profile 45042
   rankings(a,b,c): (1,6,7) (4,8,5) (1,5,0) (6,0,3) (5,2,3) (6,4,2)
   bundles: {1} {4} {0,7} {6} {5} {2,8}  pool {3}
  STUCK profile 30786
   rankings(a,b,c): (1,6,7) (4,8,5) (1,5,0) (6,0,3) (5,3,2) (4,6,2)
   bundles: {1} {4} {0,7} {6} {5} {2,8}  pool {3}
  STUCK profile 46338
   rankings(a,b,c): (1,6,7) (4,8,5) (1,5,0) (6,0,3) (5,3,2) (6,4,2)
   bundles: {1} {4} {0,7} {6} {5} {2,8}  pool {3}
  STUCK profile 29706
   rankings(a,b,c): (1,6,7) (4,8,5) (1,5,0) (6,3,0) (5,2,3) (4,6,2)
   bundles: {1} {4} {0,7} {6} {5} {2,8}  pool {3}
  STUCK profile 45258
   rankings(a,b,c): (1,6,7) (4,8,5) (1,5,0) (6,3,0) (5,2,3) (6,4,2)
   bundles: {1} {4} {0,7} {6} {5} {2,8}  pool {3}
  STUCK profile 31002
   rankings(a,b,c): (1,6,7) (4,8,5) (1,5,0) (6,3,0) (5,3,2) (4,6,2)
   bundles: {1} {4} {0,7} {6} {5} {2,8}  pool {3}
  STUCK profile 46554
   rankings(a,b,c): (1,6,7) (4,8,5) (1,5,0) (6,3,0) (5,3,2) (6,4,2)
   bundles: {1} {4} {0,7} {6} {5} {2,8}  pool {3}
  STUCK profile 29562
   rankings(a,b,c): (1,6,7) (4,8,5) (5,1,0) (6,0,3) (5,2,3) (4,6,2)
   bundles: {1} {4} {0,7} {6} {5} {2,8}  pool {3}
  STUCK profile 45114
   rankings(a,b,c): (1,6,7) (4,8,5) (5,1,0) (6,0,3) (5,2,3) (6,4,2)
   bundles: {1} {4} {0,7} {6} {5} {2,8}  pool {3}
  STUCK profile 30858
   rankings(a,b,c): (1,6,7) (4,8,5) (5,1,0) (6,0,3) (5,3,2) (4,6,2)
   bundles: {1} {4} {0,7} {6} {5} {2,8}  pool {3}
  STUCK profile 46410
   rankings(a,b,c): (1,6,7) (4,8,5) (5,1,0) (6,0,3) (5,3,2) (6,4,2)
   bundles: {1} {4} {0,7} {6} {5} {2,8}  pool {3}
  STUCK profile 29778
   rankings(a,b,c): (1,6,7) (4,8,5) (5,1,0) (6,3,0) (5,2,3) (4,6,2)
   bundles: {1} {4} {0,7} {6} {5} {2,8}  pool {3}
  STUCK profile 45330
   rankings(a,b,c): (1,6,7) (4,8,5) (5,1,0) (6,3,0) (5,2,3) (6,4,2)
   bundles: {1} {4} {0,7} {6} {5} {2,8}  pool {3}
  STUCK profile 31074
   rankings(a,b,c): (1,6,7) (4,8,5) (5,1,0) (6,3,0) (5,3,2) (4,6,2)
   bundles: {1} {4} {0,7} {6} {5} {2,8}  pool {3}
  STUCK profile 46626
   rankings(a,b,c): (1,6,7) (4,8,5) (5,1,0) (6,3,0) (5,3,2) (6,4,2)
   bundles: {1} {4} {0,7} {6} {5} {2,8}  pool {3}
  STUCK profile 29485
   rankings(a,b,c): (1,7,6) (4,5,8) (1,5,0) (6,0,3) (5,2,3) (4,6,2)
   bundles: {1} {4} {0,7} {6} {5} {2,8}  pool {3}
  STUCK profile 45037
   rankings(a,b,c): (1,7,6) (4,5,8) (1,5,0) (6,0,3) (5,2,3) (6,4,2)
   bundles: {1} {4} {0,7} {6} {5} {2,8}  pool {3}
  STUCK profile 30781
   rankings(a,b,c): (1,7,6) (4,5,8) (1,5,0) (6,0,3) (5,3,2) (4,6,2)
   bundles: {1} {4} {0,7} {6} {5} {2,8}  pool {3}
  STUCK profile 46333
   rankings(a,b,c): (1,7,6) (4,5,8) (1,5,0) (6,0,3) (5,3,2) (6,4,2)
   bundles: {1} {4} {0,7} {6} {5} {2,8}  pool {3}
  STUCK profile 29701
   rankings(a,b,c): (1,7,6) (4,5,8) (1,5,0) (6,3,0) (5,2,3) (4,6,2)
   bundles: {1} {4} {0,7} {6} {5} {2,8}  pool {3}
  STUCK profile 45253
   rankings(a,b,c): (1,7,6) (4,5,8) (1,5,0) (6,3,0) (5,2,3) (6,4,2)
   bundles: {1} {4} {0,7} {6} {5} {2,8}  pool {3}
  STUCK profile 30997
   rankings(a,b,c): (1,7,6) (4,5,8) (1,5,0) (6,3,0) (5,3,2) (4,6,2)
   bundles: {1} {4} {0,7} {6} {5} {2,8}  pool {3}
  STUCK profile 46549
   rankings(a,b,c): (1,7,6) (4,5,8) (1,5,0) (6,3,0) (5,3,2) (6,4,2)
   bundles: {1} {4} {0,7} {6} {5} {2,8}  pool {3}
  STUCK profile 29557
   rankings(a,b,c): (1,7,6) (4,5,8) (5,1,0) (6,0,3) (5,2,3) (4,6,2)
   bundles: {1} {4} {0,7} {6} {5} {2,8}  pool {3}
  STUCK profile 45109
   rankings(a,b,c): (1,7,6) (4,5,8) (5,1,0) (6,0,3) (5,2,3) (6,4,2)
   bundles: {1} {4} {0,7} {6} {5} {2,8}  pool {3}
  STUCK profile 30853
   rankings(a,b,c): (1,7,6) (4,5,8) (5,1,0) (6,0,3) (5,3,2) (4,6,2)
   bundles: {1} {4} {0,7} {6} {5} {2,8}  pool {3}
  STUCK profile 46405
   rankings(a,b,c): (1,7,6) (4,5,8) (5,1,0) (6,0,3) (5,3,2) (6,4,2)
   bundles: {1} {4} {0,7} {6} {5} {2,8}  pool {3}
  STUCK profile 29773
   rankings(a,b,c): (1,7,6) (4,5,8) (5,1,0) (6,3,0) (5,2,3) (4,6,2)
   bundles: {1} {4} {0,7} {6} {5} {2,8}  pool {3}
  STUCK profile 45325
   rankings(a,b,c): (1,7,6) (4,5,8) (5,1,0) (6,3,0) (5,2,3) (6,4,2)
   bundles: {1} {4} {0,7} {6} {5} {2,8}  pool {3}
  STUCK profile 31069
   rankings(a,b,c): (1,7,6) (4,5,8) (5,1,0) (6,3,0) (5,3,2) (4,6,2)
   bundles: {1} {4} {0,7} {6} {5} {2,8}  pool {3}
  STUCK profile 46621
   rankings(a,b,c): (1,7,6) (4,5,8) (5,1,0) (6,3,0) (5,3,2) (6,4,2)
   bundles: {1} {4} {0,7} {6} {5} {2,8}  pool {3}
  STUCK profile 29491
   rankings(a,b,c): (1,7,6) (4,8,5) (1,5,0) (6,0,3) (5,2,3) (4,6,2)
   bundles: {1} {4} {0,7} {6} {5} {2,8}  pool {3}
  STUCK profile 45043
   rankings(a,b,c): (1,7,6) (4,8,5) (1,5,0) (6,0,3) (5,2,3) (6,4,2)
   bundles: {1} {4} {0,7} {6} {5} {2,8}  pool {3}
  STUCK profile 30787
   rankings(a,b,c): (1,7,6) (4,8,5) (1,5,0) (6,0,3) (5,3,2) (4,6,2)
   bundles: {1} {4} {0,7} {6} {5} {2,8}  pool {3}
  STUCK profile 46339
   rankings(a,b,c): (1,7,6) (4,8,5) (1,5,0) (6,0,3) (5,3,2) (6,4,2)
   bundles: {1} {4} {0,7} {6} {5} {2,8}  pool {3}
  STUCK profile 29707
   rankings(a,b,c): (1,7,6) (4,8,5) (1,5,0) (6,3,0) (5,2,3) (4,6,2)
   bundles: {1} {4} {0,7} {6} {5} {2,8}  pool {3}
  STUCK profile 45259
   rankings(a,b,c): (1,7,6) (4,8,5) (1,5,0) (6,3,0) (5,2,3) (6,4,2)
   bundles: {1} {4} {0,7} {6} {5} {2,8}  pool {3}
  STUCK profile 31003
   rankings(a,b,c): (1,7,6) (4,8,5) (1,5,0) (6,3,0) (5,3,2) (4,6,2)
   bundles: {1} {4} {0,7} {6} {5} {2,8}  pool {3}
  STUCK profile 46555
   rankings(a,b,c): (1,7,6) (4,8,5) (1,5,0) (6,3,0) (5,3,2) (6,4,2)
   bundles: {1} {4} {0,7} {6} {5} {2,8}  pool {3}
  STUCK profile 29563
   rankings(a,b,c): (1,7,6) (4,8,5) (5,1,0) (6,0,3) (5,2,3) (4,6,2)
   bundles: {1} {4} {0,7} {6} {5} {2,8}  pool {3}
  STUCK profile 45115
   rankings(a,b,c): (1,7,6) (4,8,5) (5,1,0) (6,0,3) (5,2,3) (6,4,2)
   bundles: {1} {4} {0,7} {6} {5} {2,8}  pool {3}
  STUCK profile 30859
   rankings(a,b,c): (1,7,6) (4,8,5) (5,1,0) (6,0,3) (5,3,2) (4,6,2)
   bundles: {1} {4} {0,7} {6} {5} {2,8}  pool {3}
  STUCK profile 46411
   rankings(a,b,c): (1,7,6) (4,8,5) (5,1,0) (6,0,3) (5,3,2) (6,4,2)
   bundles: {1} {4} {0,7} {6} {5} {2,8}  pool {3}
  STUCK profile 29779
   rankings(a,b,c): (1,7,6) (4,8,5) (5,1,0) (6,3,0) (5,2,3) (4,6,2)
   bundles: {1} {4} {0,7} {6} {5} {2,8}  pool {3}
  STUCK profile 45331
   rankings(a,b,c): (1,7,6) (4,8,5) (5,1,0) (6,3,0) (5,2,3) (6,4,2)
   bundles: {1} {4} {0,7} {6} {5} {2,8}  pool {3}
  STUCK profile 31075
   rankings(a,b,c): (1,7,6) (4,8,5) (5,1,0) (6,3,0) (5,3,2) (4,6,2)
   bundles: {1} {4} {0,7} {6} {5} {2,8}  pool {3}
  STUCK profile 46627
   rankings(a,b,c): (1,7,6) (4,8,5) (5,1,0) (6,3,0) (5,3,2) (6,4,2)
   bundles: {1} {4} {0,7} {6} {5} {2,8}  pool {3}
  STUCK profile 0
   rankings(a,b,c): (1,6,7) (4,5,8) (0,1,5) (0,3,6) (2,3,5) (2,4,6)
   bundles: {1} {4} {5,7} {0} {2} {6,8}  pool {3}
  STUCK profile 15552
   rankings(a,b,c): (1,6,7) (4,5,8) (0,1,5) (0,3,6) (2,3,5) (4,2,6)
   bundles: {1} {4} {5,7} {0} {2} {6,8}  pool {3}
  STUCK profile 1296
   rankings(a,b,c): (1,6,7) (4,5,8) (0,1,5) (0,3,6) (2,5,3) (2,4,6)
   bundles: {1} {4} {5,7} {0} {2} {6,8}  pool {3}
  STUCK profile 16848
   rankings(a,b,c): (1,6,7) (4,5,8) (0,1,5) (0,3,6) (2,5,3) (4,2,6)
   bundles: {1} {4} {5,7} {0} {2} {6,8}  pool {3}
  STUCK profile 216
   rankings(a,b,c): (1,6,7) (4,5,8) (0,1,5) (0,6,3) (2,3,5) (2,4,6)
   bundles: {1} {4} {5,7} {0} {2} {6,8}  pool {3}
  STUCK profile 15768
   rankings(a,b,c): (1,6,7) (4,5,8) (0,1,5) (0,6,3) (2,3,5) (4,2,6)
   bundles: {1} {4} {5,7} {0} {2} {6,8}  pool {3}
  STUCK profile 1512
   rankings(a,b,c): (1,6,7) (4,5,8) (0,1,5) (0,6,3) (2,5,3) (2,4,6)
   bundles: {1} {4} {5,7} {0} {2} {6,8}  pool {3}
  STUCK profile 17064
   rankings(a,b,c): (1,6,7) (4,5,8) (0,1,5) (0,6,3) (2,5,3) (4,2,6)
   bundles: {1} {4} {5,7} {0} {2} {6,8}  pool {3}
  STUCK profile 72
   rankings(a,b,c): (1,6,7) (4,5,8) (1,0,5) (0,3,6) (2,3,5) (2,4,6)
   bundles: {1} {4} {5,7} {0} {2} {6,8}  pool {3}
  STUCK profile 15624
   rankings(a,b,c): (1,6,7) (4,5,8) (1,0,5) (0,3,6) (2,3,5) (4,2,6)
   bundles: {1} {4} {5,7} {0} {2} {6,8}  pool {3}
  STUCK profile 1368
   rankings(a,b,c): (1,6,7) (4,5,8) (1,0,5) (0,3,6) (2,5,3) (2,4,6)
   bundles: {1} {4} {5,7} {0} {2} {6,8}  pool {3}
  STUCK profile 16920
   rankings(a,b,c): (1,6,7) (4,5,8) (1,0,5) (0,3,6) (2,5,3) (4,2,6)
   bundles: {1} {4} {5,7} {0} {2} {6,8}  pool {3}
  STUCK profile 288
   rankings(a,b,c): (1,6,7) (4,5,8) (1,0,5) (0,6,3) (2,3,5) (2,4,6)
   bundles: {1} {4} {5,7} {0} {2} {6,8}  pool {3}
  STUCK profile 15840
   rankings(a,b,c): (1,6,7) (4,5,8) (1,0,5) (0,6,3) (2,3,5) (4,2,6)
   bundles: {1} {4} {5,7} {0} {2} {6,8}  pool {3}
  STUCK profile 1584
   rankings(a,b,c): (1,6,7) (4,5,8) (1,0,5) (0,6,3) (2,5,3) (2,4,6)
   bundles: {1} {4} {5,7} {0} {2} {6,8}  pool {3}
  STUCK profile 17136
   rankings(a,b,c): (1,6,7) (4,5,8) (1,0,5) (0,6,3) (2,5,3) (4,2,6)
   bundles: {1} {4} {5,7} {0} {2} {6,8}  pool {3}
  STUCK profile 6
   rankings(a,b,c): (1,6,7) (4,8,5) (0,1,5) (0,3,6) (2,3,5) (2,4,6)
   bundles: {1} {4} {5,7} {0} {2} {6,8}  pool {3}
  STUCK profile 15558
   rankings(a,b,c): (1,6,7) (4,8,5) (0,1,5) (0,3,6) (2,3,5) (4,2,6)
   bundles: {1} {4} {5,7} {0} {2} {6,8}  pool {3}
  STUCK profile 1302
   rankings(a,b,c): (1,6,7) (4,8,5) (0,1,5) (0,3,6) (2,5,3) (2,4,6)
   bundles: {1} {4} {5,7} {0} {2} {6,8}  pool {3}
  STUCK profile 16854
   rankings(a,b,c): (1,6,7) (4,8,5) (0,1,5) (0,3,6) (2,5,3) (4,2,6)
   bundles: {1} {4} {5,7} {0} {2} {6,8}  pool {3}
  STUCK profile 222
   rankings(a,b,c): (1,6,7) (4,8,5) (0,1,5) (0,6,3) (2,3,5) (2,4,6)
   bundles: {1} {4} {5,7} {0} {2} {6,8}  pool {3}
  STUCK profile 15774
   rankings(a,b,c): (1,6,7) (4,8,5) (0,1,5) (0,6,3) (2,3,5) (4,2,6)
   bundles: {1} {4} {5,7} {0} {2} {6,8}  pool {3}
  STUCK profile 1518
   rankings(a,b,c): (1,6,7) (4,8,5) (0,1,5) (0,6,3) (2,5,3) (2,4,6)
   bundles: {1} {4} {5,7} {0} {2} {6,8}  pool {3}
  STUCK profile 17070
   rankings(a,b,c): (1,6,7) (4,8,5) (0,1,5) (0,6,3) (2,5,3) (4,2,6)
   bundles: {1} {4} {5,7} {0} {2} {6,8}  pool {3}
  STUCK profile 78
   rankings(a,b,c): (1,6,7) (4,8,5) (1,0,5) (0,3,6) (2,3,5) (2,4,6)
   bundles: {1} {4} {5,7} {0} {2} {6,8}  pool {3}
  STUCK profile 15630
   rankings(a,b,c): (1,6,7) (4,8,5) (1,0,5) (0,3,6) (2,3,5) (4,2,6)
   bundles: {1} {4} {5,7} {0} {2} {6,8}  pool {3}
  STUCK profile 1374
   rankings(a,b,c): (1,6,7) (4,8,5) (1,0,5) (0,3,6) (2,5,3) (2,4,6)
   bundles: {1} {4} {5,7} {0} {2} {6,8}  pool {3}
  STUCK profile 16926
   rankings(a,b,c): (1,6,7) (4,8,5) (1,0,5) (0,3,6) (2,5,3) (4,2,6)
   bundles: {1} {4} {5,7} {0} {2} {6,8}  pool {3}
  STUCK profile 294
   rankings(a,b,c): (1,6,7) (4,8,5) (1,0,5) (0,6,3) (2,3,5) (2,4,6)
   bundles: {1} {4} {5,7} {0} {2} {6,8}  pool {3}
  STUCK profile 15846
   rankings(a,b,c): (1,6,7) (4,8,5) (1,0,5) (0,6,3) (2,3,5) (4,2,6)
   bundles: {1} {4} {5,7} {0} {2} {6,8}  pool {3}
  STUCK profile 1590
   rankings(a,b,c): (1,6,7) (4,8,5) (1,0,5) (0,6,3) (2,5,3) (2,4,6)
   bundles: {1} {4} {5,7} {0} {2} {6,8}  pool {3}
  STUCK profile 17142
   rankings(a,b,c): (1,6,7) (4,8,5) (1,0,5) (0,6,3) (2,5,3) (4,2,6)
   bundles: {1} {4} {5,7} {0} {2} {6,8}  pool {3}
  STUCK profile 1
   rankings(a,b,c): (1,7,6) (4,5,8) (0,1,5) (0,3,6) (2,3,5) (2,4,6)
   bundles: {1} {4} {5,7} {0} {2} {6,8}  pool {3}
  STUCK profile 15553
   rankings(a,b,c): (1,7,6) (4,5,8) (0,1,5) (0,3,6) (2,3,5) (4,2,6)
   bundles: {1} {4} {5,7} {0} {2} {6,8}  pool {3}
  STUCK profile 1297
   rankings(a,b,c): (1,7,6) (4,5,8) (0,1,5) (0,3,6) (2,5,3) (2,4,6)
   bundles: {1} {4} {5,7} {0} {2} {6,8}  pool {3}
  STUCK profile 16849
   rankings(a,b,c): (1,7,6) (4,5,8) (0,1,5) (0,3,6) (2,5,3) (4,2,6)
   bundles: {1} {4} {5,7} {0} {2} {6,8}  pool {3}
  STUCK profile 217
   rankings(a,b,c): (1,7,6) (4,5,8) (0,1,5) (0,6,3) (2,3,5) (2,4,6)
   bundles: {1} {4} {5,7} {0} {2} {6,8}  pool {3}
  STUCK profile 15769
   rankings(a,b,c): (1,7,6) (4,5,8) (0,1,5) (0,6,3) (2,3,5) (4,2,6)
   bundles: {1} {4} {5,7} {0} {2} {6,8}  pool {3}
  STUCK profile 1513
   rankings(a,b,c): (1,7,6) (4,5,8) (0,1,5) (0,6,3) (2,5,3) (2,4,6)
   bundles: {1} {4} {5,7} {0} {2} {6,8}  pool {3}
  STUCK profile 17065
   rankings(a,b,c): (1,7,6) (4,5,8) (0,1,5) (0,6,3) (2,5,3) (4,2,6)
   bundles: {1} {4} {5,7} {0} {2} {6,8}  pool {3}
  STUCK profile 73
   rankings(a,b,c): (1,7,6) (4,5,8) (1,0,5) (0,3,6) (2,3,5) (2,4,6)
   bundles: {1} {4} {5,7} {0} {2} {6,8}  pool {3}
  STUCK profile 15625
   rankings(a,b,c): (1,7,6) (4,5,8) (1,0,5) (0,3,6) (2,3,5) (4,2,6)
   bundles: {1} {4} {5,7} {0} {2} {6,8}  pool {3}
  STUCK profile 1369
   rankings(a,b,c): (1,7,6) (4,5,8) (1,0,5) (0,3,6) (2,5,3) (2,4,6)
   bundles: {1} {4} {5,7} {0} {2} {6,8}  pool {3}
  STUCK profile 16921
   rankings(a,b,c): (1,7,6) (4,5,8) (1,0,5) (0,3,6) (2,5,3) (4,2,6)
   bundles: {1} {4} {5,7} {0} {2} {6,8}  pool {3}
  STUCK profile 289
   rankings(a,b,c): (1,7,6) (4,5,8) (1,0,5) (0,6,3) (2,3,5) (2,4,6)
   bundles: {1} {4} {5,7} {0} {2} {6,8}  pool {3}
  STUCK profile 15841
   rankings(a,b,c): (1,7,6) (4,5,8) (1,0,5) (0,6,3) (2,3,5) (4,2,6)
   bundles: {1} {4} {5,7} {0} {2} {6,8}  pool {3}
  STUCK profile 1585
   rankings(a,b,c): (1,7,6) (4,5,8) (1,0,5) (0,6,3) (2,5,3) (2,4,6)
   bundles: {1} {4} {5,7} {0} {2} {6,8}  pool {3}
  STUCK profile 17137
   rankings(a,b,c): (1,7,6) (4,5,8) (1,0,5) (0,6,3) (2,5,3) (4,2,6)
   bundles: {1} {4} {5,7} {0} {2} {6,8}  pool {3}
  STUCK profile 7
   rankings(a,b,c): (1,7,6) (4,8,5) (0,1,5) (0,3,6) (2,3,5) (2,4,6)
   bundles: {1} {4} {5,7} {0} {2} {6,8}  pool {3}
  STUCK profile 15559
   rankings(a,b,c): (1,7,6) (4,8,5) (0,1,5) (0,3,6) (2,3,5) (4,2,6)
   bundles: {1} {4} {5,7} {0} {2} {6,8}  pool {3}
  STUCK profile 1303
   rankings(a,b,c): (1,7,6) (4,8,5) (0,1,5) (0,3,6) (2,5,3) (2,4,6)
   bundles: {1} {4} {5,7} {0} {2} {6,8}  pool {3}
  STUCK profile 16855
   rankings(a,b,c): (1,7,6) (4,8,5) (0,1,5) (0,3,6) (2,5,3) (4,2,6)
   bundles: {1} {4} {5,7} {0} {2} {6,8}  pool {3}
  STUCK profile 223
   rankings(a,b,c): (1,7,6) (4,8,5) (0,1,5) (0,6,3) (2,3,5) (2,4,6)
   bundles: {1} {4} {5,7} {0} {2} {6,8}  pool {3}
  STUCK profile 15775
   rankings(a,b,c): (1,7,6) (4,8,5) (0,1,5) (0,6,3) (2,3,5) (4,2,6)
   bundles: {1} {4} {5,7} {0} {2} {6,8}  pool {3}
  STUCK profile 1519
   rankings(a,b,c): (1,7,6) (4,8,5) (0,1,5) (0,6,3) (2,5,3) (2,4,6)
   bundles: {1} {4} {5,7} {0} {2} {6,8}  pool {3}
  STUCK profile 17071
   rankings(a,b,c): (1,7,6) (4,8,5) (0,1,5) (0,6,3) (2,5,3) (4,2,6)
   bundles: {1} {4} {5,7} {0} {2} {6,8}  pool {3}
  STUCK profile 79
   rankings(a,b,c): (1,7,6) (4,8,5) (1,0,5) (0,3,6) (2,3,5) (2,4,6)
   bundles: {1} {4} {5,7} {0} {2} {6,8}  pool {3}
  STUCK profile 15631
   rankings(a,b,c): (1,7,6) (4,8,5) (1,0,5) (0,3,6) (2,3,5) (4,2,6)
   bundles: {1} {4} {5,7} {0} {2} {6,8}  pool {3}
  STUCK profile 1375
   rankings(a,b,c): (1,7,6) (4,8,5) (1,0,5) (0,3,6) (2,5,3) (2,4,6)
   bundles: {1} {4} {5,7} {0} {2} {6,8}  pool {3}
  STUCK profile 16927
   rankings(a,b,c): (1,7,6) (4,8,5) (1,0,5) (0,3,6) (2,5,3) (4,2,6)
   bundles: {1} {4} {5,7} {0} {2} {6,8}  pool {3}
  STUCK profile 295
   rankings(a,b,c): (1,7,6) (4,8,5) (1,0,5) (0,6,3) (2,3,5) (2,4,6)
   bundles: {1} {4} {5,7} {0} {2} {6,8}  pool {3}
  STUCK profile 15847
   rankings(a,b,c): (1,7,6) (4,8,5) (1,0,5) (0,6,3) (2,3,5) (4,2,6)
   bundles: {1} {4} {5,7} {0} {2} {6,8}  pool {3}
  STUCK profile 1591
   rankings(a,b,c): (1,7,6) (4,8,5) (1,0,5) (0,6,3) (2,5,3) (2,4,6)
   bundles: {1} {4} {5,7} {0} {2} {6,8}  pool {3}
  STUCK profile 17143
   rankings(a,b,c): (1,7,6) (4,8,5) (1,0,5) (0,6,3) (2,5,3) (4,2,6)
   bundles: {1} {4} {5,7} {0} {2} {6,8}  pool {3}
core 0 n=6 m=9 goods (1,6,7) (4,5,8) (0,1,5) (0,3,6) (2,3,5) (2,4,6): outside 192, stuck 192
TOTAL cores 1, partial EFX0 (pool nonempty) states examined 13682118, stuck 192; first applicable move: E=0 S=0 R=0 A=0 U=0 C=0
proof cases: outside=192 E=0 S=0 R=1979538 A=11548404 5a=140292 5b=13596 J=96 junkless-uncovered=0
## moves ESRAUCK: echo '6 9 1 6 7 4 5 8 0 1 5 0 3 6 2 3 5 2 4 6' | ls_check -O -m ESRAUCK -l 3
  OUTSIDE
   rankings(a,b,c): (1,6,7) (4,5,8) (1,5,0) (6,0,3) (5,2,3) (4,6,2)
   bundles: {1} {4} {0,8} {6} {5} {2,7}  pool {3}
  STUCK profile 29484
   rankings(a,b,c): (1,6,7) (4,5,8) (1,5,0) (6,0,3) (5,2,3) (4,6,2)
   bundles: {1} {4} {0,8} {6} {5} {2,7}  pool {3}
  OUTSIDE
   rankings(a,b,c): (1,6,7) (4,5,8) (1,5,0) (6,0,3) (5,2,3) (6,4,2)
   bundles: {1} {4} {0,8} {6} {5} {2,7}  pool {3}
  STUCK profile 45036
   rankings(a,b,c): (1,6,7) (4,5,8) (1,5,0) (6,0,3) (5,2,3) (6,4,2)
   bundles: {1} {4} {0,8} {6} {5} {2,7}  pool {3}
  OUTSIDE
   rankings(a,b,c): (1,6,7) (4,5,8) (1,5,0) (6,0,3) (5,3,2) (4,6,2)
   bundles: {1} {4} {0,8} {6} {5} {2,7}  pool {3}
  STUCK profile 30780
   rankings(a,b,c): (1,6,7) (4,5,8) (1,5,0) (6,0,3) (5,3,2) (4,6,2)
   bundles: {1} {4} {0,8} {6} {5} {2,7}  pool {3}
  STUCK profile 46332
   rankings(a,b,c): (1,6,7) (4,5,8) (1,5,0) (6,0,3) (5,3,2) (6,4,2)
   bundles: {1} {4} {0,8} {6} {5} {2,7}  pool {3}
  STUCK profile 29700
   rankings(a,b,c): (1,6,7) (4,5,8) (1,5,0) (6,3,0) (5,2,3) (4,6,2)
   bundles: {1} {4} {0,8} {6} {5} {2,7}  pool {3}
  STUCK profile 45252
   rankings(a,b,c): (1,6,7) (4,5,8) (1,5,0) (6,3,0) (5,2,3) (6,4,2)
   bundles: {1} {4} {0,8} {6} {5} {2,7}  pool {3}
  STUCK profile 30996
   rankings(a,b,c): (1,6,7) (4,5,8) (1,5,0) (6,3,0) (5,3,2) (4,6,2)
   bundles: {1} {4} {0,8} {6} {5} {2,7}  pool {3}
  STUCK profile 46548
   rankings(a,b,c): (1,6,7) (4,5,8) (1,5,0) (6,3,0) (5,3,2) (6,4,2)
   bundles: {1} {4} {0,8} {6} {5} {2,7}  pool {3}
  STUCK profile 29556
   rankings(a,b,c): (1,6,7) (4,5,8) (5,1,0) (6,0,3) (5,2,3) (4,6,2)
   bundles: {1} {4} {0,8} {6} {5} {2,7}  pool {3}
  STUCK profile 45108
   rankings(a,b,c): (1,6,7) (4,5,8) (5,1,0) (6,0,3) (5,2,3) (6,4,2)
   bundles: {1} {4} {0,8} {6} {5} {2,7}  pool {3}
  STUCK profile 30852
   rankings(a,b,c): (1,6,7) (4,5,8) (5,1,0) (6,0,3) (5,3,2) (4,6,2)
   bundles: {1} {4} {0,8} {6} {5} {2,7}  pool {3}
  STUCK profile 46404
   rankings(a,b,c): (1,6,7) (4,5,8) (5,1,0) (6,0,3) (5,3,2) (6,4,2)
   bundles: {1} {4} {0,8} {6} {5} {2,7}  pool {3}
  STUCK profile 29772
   rankings(a,b,c): (1,6,7) (4,5,8) (5,1,0) (6,3,0) (5,2,3) (4,6,2)
   bundles: {1} {4} {0,8} {6} {5} {2,7}  pool {3}
  STUCK profile 45324
   rankings(a,b,c): (1,6,7) (4,5,8) (5,1,0) (6,3,0) (5,2,3) (6,4,2)
   bundles: {1} {4} {0,8} {6} {5} {2,7}  pool {3}
  STUCK profile 31068
   rankings(a,b,c): (1,6,7) (4,5,8) (5,1,0) (6,3,0) (5,3,2) (4,6,2)
   bundles: {1} {4} {0,8} {6} {5} {2,7}  pool {3}
  STUCK profile 46620
   rankings(a,b,c): (1,6,7) (4,5,8) (5,1,0) (6,3,0) (5,3,2) (6,4,2)
   bundles: {1} {4} {0,8} {6} {5} {2,7}  pool {3}
  STUCK profile 29490
   rankings(a,b,c): (1,6,7) (4,8,5) (1,5,0) (6,0,3) (5,2,3) (4,6,2)
   bundles: {1} {4} {0,8} {6} {5} {2,7}  pool {3}
  STUCK profile 45042
   rankings(a,b,c): (1,6,7) (4,8,5) (1,5,0) (6,0,3) (5,2,3) (6,4,2)
   bundles: {1} {4} {0,8} {6} {5} {2,7}  pool {3}
  STUCK profile 30786
   rankings(a,b,c): (1,6,7) (4,8,5) (1,5,0) (6,0,3) (5,3,2) (4,6,2)
   bundles: {1} {4} {0,8} {6} {5} {2,7}  pool {3}
  STUCK profile 46338
   rankings(a,b,c): (1,6,7) (4,8,5) (1,5,0) (6,0,3) (5,3,2) (6,4,2)
   bundles: {1} {4} {0,8} {6} {5} {2,7}  pool {3}
  STUCK profile 29706
   rankings(a,b,c): (1,6,7) (4,8,5) (1,5,0) (6,3,0) (5,2,3) (4,6,2)
   bundles: {1} {4} {0,8} {6} {5} {2,7}  pool {3}
  STUCK profile 45258
   rankings(a,b,c): (1,6,7) (4,8,5) (1,5,0) (6,3,0) (5,2,3) (6,4,2)
   bundles: {1} {4} {0,8} {6} {5} {2,7}  pool {3}
  STUCK profile 31002
   rankings(a,b,c): (1,6,7) (4,8,5) (1,5,0) (6,3,0) (5,3,2) (4,6,2)
   bundles: {1} {4} {0,8} {6} {5} {2,7}  pool {3}
  STUCK profile 46554
   rankings(a,b,c): (1,6,7) (4,8,5) (1,5,0) (6,3,0) (5,3,2) (6,4,2)
   bundles: {1} {4} {0,8} {6} {5} {2,7}  pool {3}
  STUCK profile 29562
   rankings(a,b,c): (1,6,7) (4,8,5) (5,1,0) (6,0,3) (5,2,3) (4,6,2)
   bundles: {1} {4} {0,8} {6} {5} {2,7}  pool {3}
  STUCK profile 45114
   rankings(a,b,c): (1,6,7) (4,8,5) (5,1,0) (6,0,3) (5,2,3) (6,4,2)
   bundles: {1} {4} {0,8} {6} {5} {2,7}  pool {3}
  STUCK profile 30858
   rankings(a,b,c): (1,6,7) (4,8,5) (5,1,0) (6,0,3) (5,3,2) (4,6,2)
   bundles: {1} {4} {0,8} {6} {5} {2,7}  pool {3}
  STUCK profile 46410
   rankings(a,b,c): (1,6,7) (4,8,5) (5,1,0) (6,0,3) (5,3,2) (6,4,2)
   bundles: {1} {4} {0,8} {6} {5} {2,7}  pool {3}
  STUCK profile 29778
   rankings(a,b,c): (1,6,7) (4,8,5) (5,1,0) (6,3,0) (5,2,3) (4,6,2)
   bundles: {1} {4} {0,8} {6} {5} {2,7}  pool {3}
  STUCK profile 45330
   rankings(a,b,c): (1,6,7) (4,8,5) (5,1,0) (6,3,0) (5,2,3) (6,4,2)
   bundles: {1} {4} {0,8} {6} {5} {2,7}  pool {3}
  STUCK profile 31074
   rankings(a,b,c): (1,6,7) (4,8,5) (5,1,0) (6,3,0) (5,3,2) (4,6,2)
   bundles: {1} {4} {0,8} {6} {5} {2,7}  pool {3}
  STUCK profile 46626
   rankings(a,b,c): (1,6,7) (4,8,5) (5,1,0) (6,3,0) (5,3,2) (6,4,2)
   bundles: {1} {4} {0,8} {6} {5} {2,7}  pool {3}
  STUCK profile 29485
   rankings(a,b,c): (1,7,6) (4,5,8) (1,5,0) (6,0,3) (5,2,3) (4,6,2)
   bundles: {1} {4} {0,8} {6} {5} {2,7}  pool {3}
  STUCK profile 45037
   rankings(a,b,c): (1,7,6) (4,5,8) (1,5,0) (6,0,3) (5,2,3) (6,4,2)
   bundles: {1} {4} {0,8} {6} {5} {2,7}  pool {3}
  STUCK profile 30781
   rankings(a,b,c): (1,7,6) (4,5,8) (1,5,0) (6,0,3) (5,3,2) (4,6,2)
   bundles: {1} {4} {0,8} {6} {5} {2,7}  pool {3}
  STUCK profile 46333
   rankings(a,b,c): (1,7,6) (4,5,8) (1,5,0) (6,0,3) (5,3,2) (6,4,2)
   bundles: {1} {4} {0,8} {6} {5} {2,7}  pool {3}
  STUCK profile 29701
   rankings(a,b,c): (1,7,6) (4,5,8) (1,5,0) (6,3,0) (5,2,3) (4,6,2)
   bundles: {1} {4} {0,8} {6} {5} {2,7}  pool {3}
  STUCK profile 45253
   rankings(a,b,c): (1,7,6) (4,5,8) (1,5,0) (6,3,0) (5,2,3) (6,4,2)
   bundles: {1} {4} {0,8} {6} {5} {2,7}  pool {3}
  STUCK profile 30997
   rankings(a,b,c): (1,7,6) (4,5,8) (1,5,0) (6,3,0) (5,3,2) (4,6,2)
   bundles: {1} {4} {0,8} {6} {5} {2,7}  pool {3}
  STUCK profile 46549
   rankings(a,b,c): (1,7,6) (4,5,8) (1,5,0) (6,3,0) (5,3,2) (6,4,2)
   bundles: {1} {4} {0,8} {6} {5} {2,7}  pool {3}
  STUCK profile 29557
   rankings(a,b,c): (1,7,6) (4,5,8) (5,1,0) (6,0,3) (5,2,3) (4,6,2)
   bundles: {1} {4} {0,8} {6} {5} {2,7}  pool {3}
  STUCK profile 45109
   rankings(a,b,c): (1,7,6) (4,5,8) (5,1,0) (6,0,3) (5,2,3) (6,4,2)
   bundles: {1} {4} {0,8} {6} {5} {2,7}  pool {3}
  STUCK profile 30853
   rankings(a,b,c): (1,7,6) (4,5,8) (5,1,0) (6,0,3) (5,3,2) (4,6,2)
   bundles: {1} {4} {0,8} {6} {5} {2,7}  pool {3}
  STUCK profile 46405
   rankings(a,b,c): (1,7,6) (4,5,8) (5,1,0) (6,0,3) (5,3,2) (6,4,2)
   bundles: {1} {4} {0,8} {6} {5} {2,7}  pool {3}
  STUCK profile 29773
   rankings(a,b,c): (1,7,6) (4,5,8) (5,1,0) (6,3,0) (5,2,3) (4,6,2)
   bundles: {1} {4} {0,8} {6} {5} {2,7}  pool {3}
  STUCK profile 45325
   rankings(a,b,c): (1,7,6) (4,5,8) (5,1,0) (6,3,0) (5,2,3) (6,4,2)
   bundles: {1} {4} {0,8} {6} {5} {2,7}  pool {3}
  STUCK profile 31069
   rankings(a,b,c): (1,7,6) (4,5,8) (5,1,0) (6,3,0) (5,3,2) (4,6,2)
   bundles: {1} {4} {0,8} {6} {5} {2,7}  pool {3}
  STUCK profile 46621
   rankings(a,b,c): (1,7,6) (4,5,8) (5,1,0) (6,3,0) (5,3,2) (6,4,2)
   bundles: {1} {4} {0,8} {6} {5} {2,7}  pool {3}
  STUCK profile 29491
   rankings(a,b,c): (1,7,6) (4,8,5) (1,5,0) (6,0,3) (5,2,3) (4,6,2)
   bundles: {1} {4} {0,8} {6} {5} {2,7}  pool {3}
  STUCK profile 45043
   rankings(a,b,c): (1,7,6) (4,8,5) (1,5,0) (6,0,3) (5,2,3) (6,4,2)
   bundles: {1} {4} {0,8} {6} {5} {2,7}  pool {3}
  STUCK profile 30787
   rankings(a,b,c): (1,7,6) (4,8,5) (1,5,0) (6,0,3) (5,3,2) (4,6,2)
   bundles: {1} {4} {0,8} {6} {5} {2,7}  pool {3}
  STUCK profile 46339
   rankings(a,b,c): (1,7,6) (4,8,5) (1,5,0) (6,0,3) (5,3,2) (6,4,2)
   bundles: {1} {4} {0,8} {6} {5} {2,7}  pool {3}
  STUCK profile 29707
   rankings(a,b,c): (1,7,6) (4,8,5) (1,5,0) (6,3,0) (5,2,3) (4,6,2)
   bundles: {1} {4} {0,8} {6} {5} {2,7}  pool {3}
  STUCK profile 45259
   rankings(a,b,c): (1,7,6) (4,8,5) (1,5,0) (6,3,0) (5,2,3) (6,4,2)
   bundles: {1} {4} {0,8} {6} {5} {2,7}  pool {3}
  STUCK profile 31003
   rankings(a,b,c): (1,7,6) (4,8,5) (1,5,0) (6,3,0) (5,3,2) (4,6,2)
   bundles: {1} {4} {0,8} {6} {5} {2,7}  pool {3}
  STUCK profile 46555
   rankings(a,b,c): (1,7,6) (4,8,5) (1,5,0) (6,3,0) (5,3,2) (6,4,2)
   bundles: {1} {4} {0,8} {6} {5} {2,7}  pool {3}
  STUCK profile 29563
   rankings(a,b,c): (1,7,6) (4,8,5) (5,1,0) (6,0,3) (5,2,3) (4,6,2)
   bundles: {1} {4} {0,8} {6} {5} {2,7}  pool {3}
  STUCK profile 45115
   rankings(a,b,c): (1,7,6) (4,8,5) (5,1,0) (6,0,3) (5,2,3) (6,4,2)
   bundles: {1} {4} {0,8} {6} {5} {2,7}  pool {3}
  STUCK profile 30859
   rankings(a,b,c): (1,7,6) (4,8,5) (5,1,0) (6,0,3) (5,3,2) (4,6,2)
   bundles: {1} {4} {0,8} {6} {5} {2,7}  pool {3}
  STUCK profile 46411
   rankings(a,b,c): (1,7,6) (4,8,5) (5,1,0) (6,0,3) (5,3,2) (6,4,2)
   bundles: {1} {4} {0,8} {6} {5} {2,7}  pool {3}
  STUCK profile 29779
   rankings(a,b,c): (1,7,6) (4,8,5) (5,1,0) (6,3,0) (5,2,3) (4,6,2)
   bundles: {1} {4} {0,8} {6} {5} {2,7}  pool {3}
  STUCK profile 45331
   rankings(a,b,c): (1,7,6) (4,8,5) (5,1,0) (6,3,0) (5,2,3) (6,4,2)
   bundles: {1} {4} {0,8} {6} {5} {2,7}  pool {3}
  STUCK profile 31075
   rankings(a,b,c): (1,7,6) (4,8,5) (5,1,0) (6,3,0) (5,3,2) (4,6,2)
   bundles: {1} {4} {0,8} {6} {5} {2,7}  pool {3}
  STUCK profile 46627
   rankings(a,b,c): (1,7,6) (4,8,5) (5,1,0) (6,3,0) (5,3,2) (6,4,2)
   bundles: {1} {4} {0,8} {6} {5} {2,7}  pool {3}
  STUCK profile 29484
   rankings(a,b,c): (1,6,7) (4,5,8) (1,5,0) (6,0,3) (5,2,3) (4,6,2)
   bundles: {1} {4} {0,7} {6} {5} {2,8}  pool {3}
  STUCK profile 45036
   rankings(a,b,c): (1,6,7) (4,5,8) (1,5,0) (6,0,3) (5,2,3) (6,4,2)
   bundles: {1} {4} {0,7} {6} {5} {2,8}  pool {3}
  STUCK profile 30780
   rankings(a,b,c): (1,6,7) (4,5,8) (1,5,0) (6,0,3) (5,3,2) (4,6,2)
   bundles: {1} {4} {0,7} {6} {5} {2,8}  pool {3}
  STUCK profile 46332
   rankings(a,b,c): (1,6,7) (4,5,8) (1,5,0) (6,0,3) (5,3,2) (6,4,2)
   bundles: {1} {4} {0,7} {6} {5} {2,8}  pool {3}
  STUCK profile 29700
   rankings(a,b,c): (1,6,7) (4,5,8) (1,5,0) (6,3,0) (5,2,3) (4,6,2)
   bundles: {1} {4} {0,7} {6} {5} {2,8}  pool {3}
  STUCK profile 45252
   rankings(a,b,c): (1,6,7) (4,5,8) (1,5,0) (6,3,0) (5,2,3) (6,4,2)
   bundles: {1} {4} {0,7} {6} {5} {2,8}  pool {3}
  STUCK profile 30996
   rankings(a,b,c): (1,6,7) (4,5,8) (1,5,0) (6,3,0) (5,3,2) (4,6,2)
   bundles: {1} {4} {0,7} {6} {5} {2,8}  pool {3}
  STUCK profile 46548
   rankings(a,b,c): (1,6,7) (4,5,8) (1,5,0) (6,3,0) (5,3,2) (6,4,2)
   bundles: {1} {4} {0,7} {6} {5} {2,8}  pool {3}
  STUCK profile 29556
   rankings(a,b,c): (1,6,7) (4,5,8) (5,1,0) (6,0,3) (5,2,3) (4,6,2)
   bundles: {1} {4} {0,7} {6} {5} {2,8}  pool {3}
  STUCK profile 45108
   rankings(a,b,c): (1,6,7) (4,5,8) (5,1,0) (6,0,3) (5,2,3) (6,4,2)
   bundles: {1} {4} {0,7} {6} {5} {2,8}  pool {3}
  STUCK profile 30852
   rankings(a,b,c): (1,6,7) (4,5,8) (5,1,0) (6,0,3) (5,3,2) (4,6,2)
   bundles: {1} {4} {0,7} {6} {5} {2,8}  pool {3}
  STUCK profile 46404
   rankings(a,b,c): (1,6,7) (4,5,8) (5,1,0) (6,0,3) (5,3,2) (6,4,2)
   bundles: {1} {4} {0,7} {6} {5} {2,8}  pool {3}
  STUCK profile 29772
   rankings(a,b,c): (1,6,7) (4,5,8) (5,1,0) (6,3,0) (5,2,3) (4,6,2)
   bundles: {1} {4} {0,7} {6} {5} {2,8}  pool {3}
  STUCK profile 45324
   rankings(a,b,c): (1,6,7) (4,5,8) (5,1,0) (6,3,0) (5,2,3) (6,4,2)
   bundles: {1} {4} {0,7} {6} {5} {2,8}  pool {3}
  STUCK profile 31068
   rankings(a,b,c): (1,6,7) (4,5,8) (5,1,0) (6,3,0) (5,3,2) (4,6,2)
   bundles: {1} {4} {0,7} {6} {5} {2,8}  pool {3}
  STUCK profile 46620
   rankings(a,b,c): (1,6,7) (4,5,8) (5,1,0) (6,3,0) (5,3,2) (6,4,2)
   bundles: {1} {4} {0,7} {6} {5} {2,8}  pool {3}
  STUCK profile 29490
   rankings(a,b,c): (1,6,7) (4,8,5) (1,5,0) (6,0,3) (5,2,3) (4,6,2)
   bundles: {1} {4} {0,7} {6} {5} {2,8}  pool {3}
  STUCK profile 45042
   rankings(a,b,c): (1,6,7) (4,8,5) (1,5,0) (6,0,3) (5,2,3) (6,4,2)
   bundles: {1} {4} {0,7} {6} {5} {2,8}  pool {3}
  STUCK profile 30786
   rankings(a,b,c): (1,6,7) (4,8,5) (1,5,0) (6,0,3) (5,3,2) (4,6,2)
   bundles: {1} {4} {0,7} {6} {5} {2,8}  pool {3}
  STUCK profile 46338
   rankings(a,b,c): (1,6,7) (4,8,5) (1,5,0) (6,0,3) (5,3,2) (6,4,2)
   bundles: {1} {4} {0,7} {6} {5} {2,8}  pool {3}
  STUCK profile 29706
   rankings(a,b,c): (1,6,7) (4,8,5) (1,5,0) (6,3,0) (5,2,3) (4,6,2)
   bundles: {1} {4} {0,7} {6} {5} {2,8}  pool {3}
  STUCK profile 45258
   rankings(a,b,c): (1,6,7) (4,8,5) (1,5,0) (6,3,0) (5,2,3) (6,4,2)
   bundles: {1} {4} {0,7} {6} {5} {2,8}  pool {3}
  STUCK profile 31002
   rankings(a,b,c): (1,6,7) (4,8,5) (1,5,0) (6,3,0) (5,3,2) (4,6,2)
   bundles: {1} {4} {0,7} {6} {5} {2,8}  pool {3}
  STUCK profile 46554
   rankings(a,b,c): (1,6,7) (4,8,5) (1,5,0) (6,3,0) (5,3,2) (6,4,2)
   bundles: {1} {4} {0,7} {6} {5} {2,8}  pool {3}
  STUCK profile 29562
   rankings(a,b,c): (1,6,7) (4,8,5) (5,1,0) (6,0,3) (5,2,3) (4,6,2)
   bundles: {1} {4} {0,7} {6} {5} {2,8}  pool {3}
  STUCK profile 45114
   rankings(a,b,c): (1,6,7) (4,8,5) (5,1,0) (6,0,3) (5,2,3) (6,4,2)
   bundles: {1} {4} {0,7} {6} {5} {2,8}  pool {3}
  STUCK profile 30858
   rankings(a,b,c): (1,6,7) (4,8,5) (5,1,0) (6,0,3) (5,3,2) (4,6,2)
   bundles: {1} {4} {0,7} {6} {5} {2,8}  pool {3}
  STUCK profile 46410
   rankings(a,b,c): (1,6,7) (4,8,5) (5,1,0) (6,0,3) (5,3,2) (6,4,2)
   bundles: {1} {4} {0,7} {6} {5} {2,8}  pool {3}
  STUCK profile 29778
   rankings(a,b,c): (1,6,7) (4,8,5) (5,1,0) (6,3,0) (5,2,3) (4,6,2)
   bundles: {1} {4} {0,7} {6} {5} {2,8}  pool {3}
  STUCK profile 45330
   rankings(a,b,c): (1,6,7) (4,8,5) (5,1,0) (6,3,0) (5,2,3) (6,4,2)
   bundles: {1} {4} {0,7} {6} {5} {2,8}  pool {3}
  STUCK profile 31074
   rankings(a,b,c): (1,6,7) (4,8,5) (5,1,0) (6,3,0) (5,3,2) (4,6,2)
   bundles: {1} {4} {0,7} {6} {5} {2,8}  pool {3}
  STUCK profile 46626
   rankings(a,b,c): (1,6,7) (4,8,5) (5,1,0) (6,3,0) (5,3,2) (6,4,2)
   bundles: {1} {4} {0,7} {6} {5} {2,8}  pool {3}
  STUCK profile 29485
   rankings(a,b,c): (1,7,6) (4,5,8) (1,5,0) (6,0,3) (5,2,3) (4,6,2)
   bundles: {1} {4} {0,7} {6} {5} {2,8}  pool {3}
  STUCK profile 45037
   rankings(a,b,c): (1,7,6) (4,5,8) (1,5,0) (6,0,3) (5,2,3) (6,4,2)
   bundles: {1} {4} {0,7} {6} {5} {2,8}  pool {3}
  STUCK profile 30781
   rankings(a,b,c): (1,7,6) (4,5,8) (1,5,0) (6,0,3) (5,3,2) (4,6,2)
   bundles: {1} {4} {0,7} {6} {5} {2,8}  pool {3}
  STUCK profile 46333
   rankings(a,b,c): (1,7,6) (4,5,8) (1,5,0) (6,0,3) (5,3,2) (6,4,2)
   bundles: {1} {4} {0,7} {6} {5} {2,8}  pool {3}
  STUCK profile 29701
   rankings(a,b,c): (1,7,6) (4,5,8) (1,5,0) (6,3,0) (5,2,3) (4,6,2)
   bundles: {1} {4} {0,7} {6} {5} {2,8}  pool {3}
  STUCK profile 45253
   rankings(a,b,c): (1,7,6) (4,5,8) (1,5,0) (6,3,0) (5,2,3) (6,4,2)
   bundles: {1} {4} {0,7} {6} {5} {2,8}  pool {3}
  STUCK profile 30997
   rankings(a,b,c): (1,7,6) (4,5,8) (1,5,0) (6,3,0) (5,3,2) (4,6,2)
   bundles: {1} {4} {0,7} {6} {5} {2,8}  pool {3}
  STUCK profile 46549
   rankings(a,b,c): (1,7,6) (4,5,8) (1,5,0) (6,3,0) (5,3,2) (6,4,2)
   bundles: {1} {4} {0,7} {6} {5} {2,8}  pool {3}
  STUCK profile 29557
   rankings(a,b,c): (1,7,6) (4,5,8) (5,1,0) (6,0,3) (5,2,3) (4,6,2)
   bundles: {1} {4} {0,7} {6} {5} {2,8}  pool {3}
  STUCK profile 45109
   rankings(a,b,c): (1,7,6) (4,5,8) (5,1,0) (6,0,3) (5,2,3) (6,4,2)
   bundles: {1} {4} {0,7} {6} {5} {2,8}  pool {3}
  STUCK profile 30853
   rankings(a,b,c): (1,7,6) (4,5,8) (5,1,0) (6,0,3) (5,3,2) (4,6,2)
   bundles: {1} {4} {0,7} {6} {5} {2,8}  pool {3}
  STUCK profile 46405
   rankings(a,b,c): (1,7,6) (4,5,8) (5,1,0) (6,0,3) (5,3,2) (6,4,2)
   bundles: {1} {4} {0,7} {6} {5} {2,8}  pool {3}
  STUCK profile 29773
   rankings(a,b,c): (1,7,6) (4,5,8) (5,1,0) (6,3,0) (5,2,3) (4,6,2)
   bundles: {1} {4} {0,7} {6} {5} {2,8}  pool {3}
  STUCK profile 45325
   rankings(a,b,c): (1,7,6) (4,5,8) (5,1,0) (6,3,0) (5,2,3) (6,4,2)
   bundles: {1} {4} {0,7} {6} {5} {2,8}  pool {3}
  STUCK profile 31069
   rankings(a,b,c): (1,7,6) (4,5,8) (5,1,0) (6,3,0) (5,3,2) (4,6,2)
   bundles: {1} {4} {0,7} {6} {5} {2,8}  pool {3}
  STUCK profile 46621
   rankings(a,b,c): (1,7,6) (4,5,8) (5,1,0) (6,3,0) (5,3,2) (6,4,2)
   bundles: {1} {4} {0,7} {6} {5} {2,8}  pool {3}
  STUCK profile 29491
   rankings(a,b,c): (1,7,6) (4,8,5) (1,5,0) (6,0,3) (5,2,3) (4,6,2)
   bundles: {1} {4} {0,7} {6} {5} {2,8}  pool {3}
  STUCK profile 45043
   rankings(a,b,c): (1,7,6) (4,8,5) (1,5,0) (6,0,3) (5,2,3) (6,4,2)
   bundles: {1} {4} {0,7} {6} {5} {2,8}  pool {3}
  STUCK profile 30787
   rankings(a,b,c): (1,7,6) (4,8,5) (1,5,0) (6,0,3) (5,3,2) (4,6,2)
   bundles: {1} {4} {0,7} {6} {5} {2,8}  pool {3}
  STUCK profile 46339
   rankings(a,b,c): (1,7,6) (4,8,5) (1,5,0) (6,0,3) (5,3,2) (6,4,2)
   bundles: {1} {4} {0,7} {6} {5} {2,8}  pool {3}
  STUCK profile 29707
   rankings(a,b,c): (1,7,6) (4,8,5) (1,5,0) (6,3,0) (5,2,3) (4,6,2)
   bundles: {1} {4} {0,7} {6} {5} {2,8}  pool {3}
  STUCK profile 45259
   rankings(a,b,c): (1,7,6) (4,8,5) (1,5,0) (6,3,0) (5,2,3) (6,4,2)
   bundles: {1} {4} {0,7} {6} {5} {2,8}  pool {3}
  STUCK profile 31003
   rankings(a,b,c): (1,7,6) (4,8,5) (1,5,0) (6,3,0) (5,3,2) (4,6,2)
   bundles: {1} {4} {0,7} {6} {5} {2,8}  pool {3}
  STUCK profile 46555
   rankings(a,b,c): (1,7,6) (4,8,5) (1,5,0) (6,3,0) (5,3,2) (6,4,2)
   bundles: {1} {4} {0,7} {6} {5} {2,8}  pool {3}
  STUCK profile 29563
   rankings(a,b,c): (1,7,6) (4,8,5) (5,1,0) (6,0,3) (5,2,3) (4,6,2)
   bundles: {1} {4} {0,7} {6} {5} {2,8}  pool {3}
  STUCK profile 45115
   rankings(a,b,c): (1,7,6) (4,8,5) (5,1,0) (6,0,3) (5,2,3) (6,4,2)
   bundles: {1} {4} {0,7} {6} {5} {2,8}  pool {3}
  STUCK profile 30859
   rankings(a,b,c): (1,7,6) (4,8,5) (5,1,0) (6,0,3) (5,3,2) (4,6,2)
   bundles: {1} {4} {0,7} {6} {5} {2,8}  pool {3}
  STUCK profile 46411
   rankings(a,b,c): (1,7,6) (4,8,5) (5,1,0) (6,0,3) (5,3,2) (6,4,2)
   bundles: {1} {4} {0,7} {6} {5} {2,8}  pool {3}
  STUCK profile 29779
   rankings(a,b,c): (1,7,6) (4,8,5) (5,1,0) (6,3,0) (5,2,3) (4,6,2)
   bundles: {1} {4} {0,7} {6} {5} {2,8}  pool {3}
  STUCK profile 45331
   rankings(a,b,c): (1,7,6) (4,8,5) (5,1,0) (6,3,0) (5,2,3) (6,4,2)
   bundles: {1} {4} {0,7} {6} {5} {2,8}  pool {3}
  STUCK profile 31075
   rankings(a,b,c): (1,7,6) (4,8,5) (5,1,0) (6,3,0) (5,3,2) (4,6,2)
   bundles: {1} {4} {0,7} {6} {5} {2,8}  pool {3}
  STUCK profile 46627
   rankings(a,b,c): (1,7,6) (4,8,5) (5,1,0) (6,3,0) (5,3,2) (6,4,2)
   bundles: {1} {4} {0,7} {6} {5} {2,8}  pool {3}
  STUCK profile 0
   rankings(a,b,c): (1,6,7) (4,5,8) (0,1,5) (0,3,6) (2,3,5) (2,4,6)
   bundles: {1} {4} {5,7} {0} {2} {6,8}  pool {3}
  STUCK profile 15552
   rankings(a,b,c): (1,6,7) (4,5,8) (0,1,5) (0,3,6) (2,3,5) (4,2,6)
   bundles: {1} {4} {5,7} {0} {2} {6,8}  pool {3}
  STUCK profile 1296
   rankings(a,b,c): (1,6,7) (4,5,8) (0,1,5) (0,3,6) (2,5,3) (2,4,6)
   bundles: {1} {4} {5,7} {0} {2} {6,8}  pool {3}
  STUCK profile 16848
   rankings(a,b,c): (1,6,7) (4,5,8) (0,1,5) (0,3,6) (2,5,3) (4,2,6)
   bundles: {1} {4} {5,7} {0} {2} {6,8}  pool {3}
  STUCK profile 216
   rankings(a,b,c): (1,6,7) (4,5,8) (0,1,5) (0,6,3) (2,3,5) (2,4,6)
   bundles: {1} {4} {5,7} {0} {2} {6,8}  pool {3}
  STUCK profile 15768
   rankings(a,b,c): (1,6,7) (4,5,8) (0,1,5) (0,6,3) (2,3,5) (4,2,6)
   bundles: {1} {4} {5,7} {0} {2} {6,8}  pool {3}
  STUCK profile 1512
   rankings(a,b,c): (1,6,7) (4,5,8) (0,1,5) (0,6,3) (2,5,3) (2,4,6)
   bundles: {1} {4} {5,7} {0} {2} {6,8}  pool {3}
  STUCK profile 17064
   rankings(a,b,c): (1,6,7) (4,5,8) (0,1,5) (0,6,3) (2,5,3) (4,2,6)
   bundles: {1} {4} {5,7} {0} {2} {6,8}  pool {3}
  STUCK profile 72
   rankings(a,b,c): (1,6,7) (4,5,8) (1,0,5) (0,3,6) (2,3,5) (2,4,6)
   bundles: {1} {4} {5,7} {0} {2} {6,8}  pool {3}
  STUCK profile 15624
   rankings(a,b,c): (1,6,7) (4,5,8) (1,0,5) (0,3,6) (2,3,5) (4,2,6)
   bundles: {1} {4} {5,7} {0} {2} {6,8}  pool {3}
  STUCK profile 1368
   rankings(a,b,c): (1,6,7) (4,5,8) (1,0,5) (0,3,6) (2,5,3) (2,4,6)
   bundles: {1} {4} {5,7} {0} {2} {6,8}  pool {3}
  STUCK profile 16920
   rankings(a,b,c): (1,6,7) (4,5,8) (1,0,5) (0,3,6) (2,5,3) (4,2,6)
   bundles: {1} {4} {5,7} {0} {2} {6,8}  pool {3}
  STUCK profile 288
   rankings(a,b,c): (1,6,7) (4,5,8) (1,0,5) (0,6,3) (2,3,5) (2,4,6)
   bundles: {1} {4} {5,7} {0} {2} {6,8}  pool {3}
  STUCK profile 15840
   rankings(a,b,c): (1,6,7) (4,5,8) (1,0,5) (0,6,3) (2,3,5) (4,2,6)
   bundles: {1} {4} {5,7} {0} {2} {6,8}  pool {3}
  STUCK profile 1584
   rankings(a,b,c): (1,6,7) (4,5,8) (1,0,5) (0,6,3) (2,5,3) (2,4,6)
   bundles: {1} {4} {5,7} {0} {2} {6,8}  pool {3}
  STUCK profile 17136
   rankings(a,b,c): (1,6,7) (4,5,8) (1,0,5) (0,6,3) (2,5,3) (4,2,6)
   bundles: {1} {4} {5,7} {0} {2} {6,8}  pool {3}
  STUCK profile 6
   rankings(a,b,c): (1,6,7) (4,8,5) (0,1,5) (0,3,6) (2,3,5) (2,4,6)
   bundles: {1} {4} {5,7} {0} {2} {6,8}  pool {3}
  STUCK profile 15558
   rankings(a,b,c): (1,6,7) (4,8,5) (0,1,5) (0,3,6) (2,3,5) (4,2,6)
   bundles: {1} {4} {5,7} {0} {2} {6,8}  pool {3}
  STUCK profile 1302
   rankings(a,b,c): (1,6,7) (4,8,5) (0,1,5) (0,3,6) (2,5,3) (2,4,6)
   bundles: {1} {4} {5,7} {0} {2} {6,8}  pool {3}
  STUCK profile 16854
   rankings(a,b,c): (1,6,7) (4,8,5) (0,1,5) (0,3,6) (2,5,3) (4,2,6)
   bundles: {1} {4} {5,7} {0} {2} {6,8}  pool {3}
  STUCK profile 222
   rankings(a,b,c): (1,6,7) (4,8,5) (0,1,5) (0,6,3) (2,3,5) (2,4,6)
   bundles: {1} {4} {5,7} {0} {2} {6,8}  pool {3}
  STUCK profile 15774
   rankings(a,b,c): (1,6,7) (4,8,5) (0,1,5) (0,6,3) (2,3,5) (4,2,6)
   bundles: {1} {4} {5,7} {0} {2} {6,8}  pool {3}
  STUCK profile 1518
   rankings(a,b,c): (1,6,7) (4,8,5) (0,1,5) (0,6,3) (2,5,3) (2,4,6)
   bundles: {1} {4} {5,7} {0} {2} {6,8}  pool {3}
  STUCK profile 17070
   rankings(a,b,c): (1,6,7) (4,8,5) (0,1,5) (0,6,3) (2,5,3) (4,2,6)
   bundles: {1} {4} {5,7} {0} {2} {6,8}  pool {3}
  STUCK profile 78
   rankings(a,b,c): (1,6,7) (4,8,5) (1,0,5) (0,3,6) (2,3,5) (2,4,6)
   bundles: {1} {4} {5,7} {0} {2} {6,8}  pool {3}
  STUCK profile 15630
   rankings(a,b,c): (1,6,7) (4,8,5) (1,0,5) (0,3,6) (2,3,5) (4,2,6)
   bundles: {1} {4} {5,7} {0} {2} {6,8}  pool {3}
  STUCK profile 1374
   rankings(a,b,c): (1,6,7) (4,8,5) (1,0,5) (0,3,6) (2,5,3) (2,4,6)
   bundles: {1} {4} {5,7} {0} {2} {6,8}  pool {3}
  STUCK profile 16926
   rankings(a,b,c): (1,6,7) (4,8,5) (1,0,5) (0,3,6) (2,5,3) (4,2,6)
   bundles: {1} {4} {5,7} {0} {2} {6,8}  pool {3}
  STUCK profile 294
   rankings(a,b,c): (1,6,7) (4,8,5) (1,0,5) (0,6,3) (2,3,5) (2,4,6)
   bundles: {1} {4} {5,7} {0} {2} {6,8}  pool {3}
  STUCK profile 15846
   rankings(a,b,c): (1,6,7) (4,8,5) (1,0,5) (0,6,3) (2,3,5) (4,2,6)
   bundles: {1} {4} {5,7} {0} {2} {6,8}  pool {3}
  STUCK profile 1590
   rankings(a,b,c): (1,6,7) (4,8,5) (1,0,5) (0,6,3) (2,5,3) (2,4,6)
   bundles: {1} {4} {5,7} {0} {2} {6,8}  pool {3}
  STUCK profile 17142
   rankings(a,b,c): (1,6,7) (4,8,5) (1,0,5) (0,6,3) (2,5,3) (4,2,6)
   bundles: {1} {4} {5,7} {0} {2} {6,8}  pool {3}
  STUCK profile 1
   rankings(a,b,c): (1,7,6) (4,5,8) (0,1,5) (0,3,6) (2,3,5) (2,4,6)
   bundles: {1} {4} {5,7} {0} {2} {6,8}  pool {3}
  STUCK profile 15553
   rankings(a,b,c): (1,7,6) (4,5,8) (0,1,5) (0,3,6) (2,3,5) (4,2,6)
   bundles: {1} {4} {5,7} {0} {2} {6,8}  pool {3}
  STUCK profile 1297
   rankings(a,b,c): (1,7,6) (4,5,8) (0,1,5) (0,3,6) (2,5,3) (2,4,6)
   bundles: {1} {4} {5,7} {0} {2} {6,8}  pool {3}
  STUCK profile 16849
   rankings(a,b,c): (1,7,6) (4,5,8) (0,1,5) (0,3,6) (2,5,3) (4,2,6)
   bundles: {1} {4} {5,7} {0} {2} {6,8}  pool {3}
  STUCK profile 217
   rankings(a,b,c): (1,7,6) (4,5,8) (0,1,5) (0,6,3) (2,3,5) (2,4,6)
   bundles: {1} {4} {5,7} {0} {2} {6,8}  pool {3}
  STUCK profile 15769
   rankings(a,b,c): (1,7,6) (4,5,8) (0,1,5) (0,6,3) (2,3,5) (4,2,6)
   bundles: {1} {4} {5,7} {0} {2} {6,8}  pool {3}
  STUCK profile 1513
   rankings(a,b,c): (1,7,6) (4,5,8) (0,1,5) (0,6,3) (2,5,3) (2,4,6)
   bundles: {1} {4} {5,7} {0} {2} {6,8}  pool {3}
  STUCK profile 17065
   rankings(a,b,c): (1,7,6) (4,5,8) (0,1,5) (0,6,3) (2,5,3) (4,2,6)
   bundles: {1} {4} {5,7} {0} {2} {6,8}  pool {3}
  STUCK profile 73
   rankings(a,b,c): (1,7,6) (4,5,8) (1,0,5) (0,3,6) (2,3,5) (2,4,6)
   bundles: {1} {4} {5,7} {0} {2} {6,8}  pool {3}
  STUCK profile 15625
   rankings(a,b,c): (1,7,6) (4,5,8) (1,0,5) (0,3,6) (2,3,5) (4,2,6)
   bundles: {1} {4} {5,7} {0} {2} {6,8}  pool {3}
  STUCK profile 1369
   rankings(a,b,c): (1,7,6) (4,5,8) (1,0,5) (0,3,6) (2,5,3) (2,4,6)
   bundles: {1} {4} {5,7} {0} {2} {6,8}  pool {3}
  STUCK profile 16921
   rankings(a,b,c): (1,7,6) (4,5,8) (1,0,5) (0,3,6) (2,5,3) (4,2,6)
   bundles: {1} {4} {5,7} {0} {2} {6,8}  pool {3}
  STUCK profile 289
   rankings(a,b,c): (1,7,6) (4,5,8) (1,0,5) (0,6,3) (2,3,5) (2,4,6)
   bundles: {1} {4} {5,7} {0} {2} {6,8}  pool {3}
  STUCK profile 15841
   rankings(a,b,c): (1,7,6) (4,5,8) (1,0,5) (0,6,3) (2,3,5) (4,2,6)
   bundles: {1} {4} {5,7} {0} {2} {6,8}  pool {3}
  STUCK profile 1585
   rankings(a,b,c): (1,7,6) (4,5,8) (1,0,5) (0,6,3) (2,5,3) (2,4,6)
   bundles: {1} {4} {5,7} {0} {2} {6,8}  pool {3}
  STUCK profile 17137
   rankings(a,b,c): (1,7,6) (4,5,8) (1,0,5) (0,6,3) (2,5,3) (4,2,6)
   bundles: {1} {4} {5,7} {0} {2} {6,8}  pool {3}
  STUCK profile 7
   rankings(a,b,c): (1,7,6) (4,8,5) (0,1,5) (0,3,6) (2,3,5) (2,4,6)
   bundles: {1} {4} {5,7} {0} {2} {6,8}  pool {3}
  STUCK profile 15559
   rankings(a,b,c): (1,7,6) (4,8,5) (0,1,5) (0,3,6) (2,3,5) (4,2,6)
   bundles: {1} {4} {5,7} {0} {2} {6,8}  pool {3}
  STUCK profile 1303
   rankings(a,b,c): (1,7,6) (4,8,5) (0,1,5) (0,3,6) (2,5,3) (2,4,6)
   bundles: {1} {4} {5,7} {0} {2} {6,8}  pool {3}
  STUCK profile 16855
   rankings(a,b,c): (1,7,6) (4,8,5) (0,1,5) (0,3,6) (2,5,3) (4,2,6)
   bundles: {1} {4} {5,7} {0} {2} {6,8}  pool {3}
  STUCK profile 223
   rankings(a,b,c): (1,7,6) (4,8,5) (0,1,5) (0,6,3) (2,3,5) (2,4,6)
   bundles: {1} {4} {5,7} {0} {2} {6,8}  pool {3}
  STUCK profile 15775
   rankings(a,b,c): (1,7,6) (4,8,5) (0,1,5) (0,6,3) (2,3,5) (4,2,6)
   bundles: {1} {4} {5,7} {0} {2} {6,8}  pool {3}
  STUCK profile 1519
   rankings(a,b,c): (1,7,6) (4,8,5) (0,1,5) (0,6,3) (2,5,3) (2,4,6)
   bundles: {1} {4} {5,7} {0} {2} {6,8}  pool {3}
  STUCK profile 17071
   rankings(a,b,c): (1,7,6) (4,8,5) (0,1,5) (0,6,3) (2,5,3) (4,2,6)
   bundles: {1} {4} {5,7} {0} {2} {6,8}  pool {3}
  STUCK profile 79
   rankings(a,b,c): (1,7,6) (4,8,5) (1,0,5) (0,3,6) (2,3,5) (2,4,6)
   bundles: {1} {4} {5,7} {0} {2} {6,8}  pool {3}
  STUCK profile 15631
   rankings(a,b,c): (1,7,6) (4,8,5) (1,0,5) (0,3,6) (2,3,5) (4,2,6)
   bundles: {1} {4} {5,7} {0} {2} {6,8}  pool {3}
  STUCK profile 1375
   rankings(a,b,c): (1,7,6) (4,8,5) (1,0,5) (0,3,6) (2,5,3) (2,4,6)
   bundles: {1} {4} {5,7} {0} {2} {6,8}  pool {3}
  STUCK profile 16927
   rankings(a,b,c): (1,7,6) (4,8,5) (1,0,5) (0,3,6) (2,5,3) (4,2,6)
   bundles: {1} {4} {5,7} {0} {2} {6,8}  pool {3}
  STUCK profile 295
   rankings(a,b,c): (1,7,6) (4,8,5) (1,0,5) (0,6,3) (2,3,5) (2,4,6)
   bundles: {1} {4} {5,7} {0} {2} {6,8}  pool {3}
  STUCK profile 15847
   rankings(a,b,c): (1,7,6) (4,8,5) (1,0,5) (0,6,3) (2,3,5) (4,2,6)
   bundles: {1} {4} {5,7} {0} {2} {6,8}  pool {3}
  STUCK profile 1591
   rankings(a,b,c): (1,7,6) (4,8,5) (1,0,5) (0,6,3) (2,5,3) (2,4,6)
   bundles: {1} {4} {5,7} {0} {2} {6,8}  pool {3}
  STUCK profile 17143
   rankings(a,b,c): (1,7,6) (4,8,5) (1,0,5) (0,6,3) (2,5,3) (4,2,6)
   bundles: {1} {4} {5,7} {0} {2} {6,8}  pool {3}
core 0 n=6 m=9 goods (1,6,7) (4,5,8) (0,1,5) (0,3,6) (2,3,5) (2,4,6): outside 192, stuck 192
TOTAL cores 1, partial EFX0 (pool nonempty) states examined 13682118, stuck 192; first applicable move: E=0 S=0 R=0 A=0 U=0 C=0 K=0
proof cases: outside=192 E=0 S=0 R=1979538 A=11548404 5a=140292 5b=13596 J=96 junkless-uncovered=0
## moves ESRAUCX: echo '6 9 1 6 7 4 5 8 0 1 5 0 3 6 2 3 5 2 4 6' | ls_check -O -m ESRAUCX -l 3
  OUTSIDE
   rankings(a,b,c): (1,6,7) (4,5,8) (1,5,0) (6,0,3) (5,2,3) (4,6,2)
   bundles: {1} {4} {0,8} {6} {5} {2,7}  pool {3}
  STUCK profile 29484
   rankings(a,b,c): (1,6,7) (4,5,8) (1,5,0) (6,0,3) (5,2,3) (4,6,2)
   bundles: {1} {4} {0,8} {6} {5} {2,7}  pool {3}
  OUTSIDE
   rankings(a,b,c): (1,6,7) (4,5,8) (1,5,0) (6,0,3) (5,2,3) (6,4,2)
   bundles: {1} {4} {0,8} {6} {5} {2,7}  pool {3}
  STUCK profile 45036
   rankings(a,b,c): (1,6,7) (4,5,8) (1,5,0) (6,0,3) (5,2,3) (6,4,2)
   bundles: {1} {4} {0,8} {6} {5} {2,7}  pool {3}
  OUTSIDE
   rankings(a,b,c): (1,6,7) (4,5,8) (1,5,0) (6,0,3) (5,3,2) (4,6,2)
   bundles: {1} {4} {0,8} {6} {5} {2,7}  pool {3}
  STUCK profile 30780
   rankings(a,b,c): (1,6,7) (4,5,8) (1,5,0) (6,0,3) (5,3,2) (4,6,2)
   bundles: {1} {4} {0,8} {6} {5} {2,7}  pool {3}
  STUCK profile 46332
   rankings(a,b,c): (1,6,7) (4,5,8) (1,5,0) (6,0,3) (5,3,2) (6,4,2)
   bundles: {1} {4} {0,8} {6} {5} {2,7}  pool {3}
  STUCK profile 29700
   rankings(a,b,c): (1,6,7) (4,5,8) (1,5,0) (6,3,0) (5,2,3) (4,6,2)
   bundles: {1} {4} {0,8} {6} {5} {2,7}  pool {3}
  STUCK profile 45252
   rankings(a,b,c): (1,6,7) (4,5,8) (1,5,0) (6,3,0) (5,2,3) (6,4,2)
   bundles: {1} {4} {0,8} {6} {5} {2,7}  pool {3}
  STUCK profile 30996
   rankings(a,b,c): (1,6,7) (4,5,8) (1,5,0) (6,3,0) (5,3,2) (4,6,2)
   bundles: {1} {4} {0,8} {6} {5} {2,7}  pool {3}
  STUCK profile 46548
   rankings(a,b,c): (1,6,7) (4,5,8) (1,5,0) (6,3,0) (5,3,2) (6,4,2)
   bundles: {1} {4} {0,8} {6} {5} {2,7}  pool {3}
  STUCK profile 29556
   rankings(a,b,c): (1,6,7) (4,5,8) (5,1,0) (6,0,3) (5,2,3) (4,6,2)
   bundles: {1} {4} {0,8} {6} {5} {2,7}  pool {3}
  STUCK profile 45108
   rankings(a,b,c): (1,6,7) (4,5,8) (5,1,0) (6,0,3) (5,2,3) (6,4,2)
   bundles: {1} {4} {0,8} {6} {5} {2,7}  pool {3}
  STUCK profile 30852
   rankings(a,b,c): (1,6,7) (4,5,8) (5,1,0) (6,0,3) (5,3,2) (4,6,2)
   bundles: {1} {4} {0,8} {6} {5} {2,7}  pool {3}
  STUCK profile 46404
   rankings(a,b,c): (1,6,7) (4,5,8) (5,1,0) (6,0,3) (5,3,2) (6,4,2)
   bundles: {1} {4} {0,8} {6} {5} {2,7}  pool {3}
  STUCK profile 29772
   rankings(a,b,c): (1,6,7) (4,5,8) (5,1,0) (6,3,0) (5,2,3) (4,6,2)
   bundles: {1} {4} {0,8} {6} {5} {2,7}  pool {3}
  STUCK profile 45324
   rankings(a,b,c): (1,6,7) (4,5,8) (5,1,0) (6,3,0) (5,2,3) (6,4,2)
   bundles: {1} {4} {0,8} {6} {5} {2,7}  pool {3}
  STUCK profile 31068
   rankings(a,b,c): (1,6,7) (4,5,8) (5,1,0) (6,3,0) (5,3,2) (4,6,2)
   bundles: {1} {4} {0,8} {6} {5} {2,7}  pool {3}
  STUCK profile 46620
   rankings(a,b,c): (1,6,7) (4,5,8) (5,1,0) (6,3,0) (5,3,2) (6,4,2)
   bundles: {1} {4} {0,8} {6} {5} {2,7}  pool {3}
  STUCK profile 29490
   rankings(a,b,c): (1,6,7) (4,8,5) (1,5,0) (6,0,3) (5,2,3) (4,6,2)
   bundles: {1} {4} {0,8} {6} {5} {2,7}  pool {3}
  STUCK profile 45042
   rankings(a,b,c): (1,6,7) (4,8,5) (1,5,0) (6,0,3) (5,2,3) (6,4,2)
   bundles: {1} {4} {0,8} {6} {5} {2,7}  pool {3}
  STUCK profile 30786
   rankings(a,b,c): (1,6,7) (4,8,5) (1,5,0) (6,0,3) (5,3,2) (4,6,2)
   bundles: {1} {4} {0,8} {6} {5} {2,7}  pool {3}
  STUCK profile 46338
   rankings(a,b,c): (1,6,7) (4,8,5) (1,5,0) (6,0,3) (5,3,2) (6,4,2)
   bundles: {1} {4} {0,8} {6} {5} {2,7}  pool {3}
  STUCK profile 29706
   rankings(a,b,c): (1,6,7) (4,8,5) (1,5,0) (6,3,0) (5,2,3) (4,6,2)
   bundles: {1} {4} {0,8} {6} {5} {2,7}  pool {3}
  STUCK profile 45258
   rankings(a,b,c): (1,6,7) (4,8,5) (1,5,0) (6,3,0) (5,2,3) (6,4,2)
   bundles: {1} {4} {0,8} {6} {5} {2,7}  pool {3}
  STUCK profile 31002
   rankings(a,b,c): (1,6,7) (4,8,5) (1,5,0) (6,3,0) (5,3,2) (4,6,2)
   bundles: {1} {4} {0,8} {6} {5} {2,7}  pool {3}
  STUCK profile 46554
   rankings(a,b,c): (1,6,7) (4,8,5) (1,5,0) (6,3,0) (5,3,2) (6,4,2)
   bundles: {1} {4} {0,8} {6} {5} {2,7}  pool {3}
  STUCK profile 29562
   rankings(a,b,c): (1,6,7) (4,8,5) (5,1,0) (6,0,3) (5,2,3) (4,6,2)
   bundles: {1} {4} {0,8} {6} {5} {2,7}  pool {3}
  STUCK profile 45114
   rankings(a,b,c): (1,6,7) (4,8,5) (5,1,0) (6,0,3) (5,2,3) (6,4,2)
   bundles: {1} {4} {0,8} {6} {5} {2,7}  pool {3}
  STUCK profile 30858
   rankings(a,b,c): (1,6,7) (4,8,5) (5,1,0) (6,0,3) (5,3,2) (4,6,2)
   bundles: {1} {4} {0,8} {6} {5} {2,7}  pool {3}
  STUCK profile 46410
   rankings(a,b,c): (1,6,7) (4,8,5) (5,1,0) (6,0,3) (5,3,2) (6,4,2)
   bundles: {1} {4} {0,8} {6} {5} {2,7}  pool {3}
  STUCK profile 29778
   rankings(a,b,c): (1,6,7) (4,8,5) (5,1,0) (6,3,0) (5,2,3) (4,6,2)
   bundles: {1} {4} {0,8} {6} {5} {2,7}  pool {3}
  STUCK profile 45330
   rankings(a,b,c): (1,6,7) (4,8,5) (5,1,0) (6,3,0) (5,2,3) (6,4,2)
   bundles: {1} {4} {0,8} {6} {5} {2,7}  pool {3}
  STUCK profile 31074
   rankings(a,b,c): (1,6,7) (4,8,5) (5,1,0) (6,3,0) (5,3,2) (4,6,2)
   bundles: {1} {4} {0,8} {6} {5} {2,7}  pool {3}
  STUCK profile 46626
   rankings(a,b,c): (1,6,7) (4,8,5) (5,1,0) (6,3,0) (5,3,2) (6,4,2)
   bundles: {1} {4} {0,8} {6} {5} {2,7}  pool {3}
  STUCK profile 29485
   rankings(a,b,c): (1,7,6) (4,5,8) (1,5,0) (6,0,3) (5,2,3) (4,6,2)
   bundles: {1} {4} {0,8} {6} {5} {2,7}  pool {3}
  STUCK profile 45037
   rankings(a,b,c): (1,7,6) (4,5,8) (1,5,0) (6,0,3) (5,2,3) (6,4,2)
   bundles: {1} {4} {0,8} {6} {5} {2,7}  pool {3}
  STUCK profile 30781
   rankings(a,b,c): (1,7,6) (4,5,8) (1,5,0) (6,0,3) (5,3,2) (4,6,2)
   bundles: {1} {4} {0,8} {6} {5} {2,7}  pool {3}
  STUCK profile 46333
   rankings(a,b,c): (1,7,6) (4,5,8) (1,5,0) (6,0,3) (5,3,2) (6,4,2)
   bundles: {1} {4} {0,8} {6} {5} {2,7}  pool {3}
  STUCK profile 29701
   rankings(a,b,c): (1,7,6) (4,5,8) (1,5,0) (6,3,0) (5,2,3) (4,6,2)
   bundles: {1} {4} {0,8} {6} {5} {2,7}  pool {3}
  STUCK profile 45253
   rankings(a,b,c): (1,7,6) (4,5,8) (1,5,0) (6,3,0) (5,2,3) (6,4,2)
   bundles: {1} {4} {0,8} {6} {5} {2,7}  pool {3}
  STUCK profile 30997
   rankings(a,b,c): (1,7,6) (4,5,8) (1,5,0) (6,3,0) (5,3,2) (4,6,2)
   bundles: {1} {4} {0,8} {6} {5} {2,7}  pool {3}
  STUCK profile 46549
   rankings(a,b,c): (1,7,6) (4,5,8) (1,5,0) (6,3,0) (5,3,2) (6,4,2)
   bundles: {1} {4} {0,8} {6} {5} {2,7}  pool {3}
  STUCK profile 29557
   rankings(a,b,c): (1,7,6) (4,5,8) (5,1,0) (6,0,3) (5,2,3) (4,6,2)
   bundles: {1} {4} {0,8} {6} {5} {2,7}  pool {3}
  STUCK profile 45109
   rankings(a,b,c): (1,7,6) (4,5,8) (5,1,0) (6,0,3) (5,2,3) (6,4,2)
   bundles: {1} {4} {0,8} {6} {5} {2,7}  pool {3}
  STUCK profile 30853
   rankings(a,b,c): (1,7,6) (4,5,8) (5,1,0) (6,0,3) (5,3,2) (4,6,2)
   bundles: {1} {4} {0,8} {6} {5} {2,7}  pool {3}
  STUCK profile 46405
   rankings(a,b,c): (1,7,6) (4,5,8) (5,1,0) (6,0,3) (5,3,2) (6,4,2)
   bundles: {1} {4} {0,8} {6} {5} {2,7}  pool {3}
  STUCK profile 29773
   rankings(a,b,c): (1,7,6) (4,5,8) (5,1,0) (6,3,0) (5,2,3) (4,6,2)
   bundles: {1} {4} {0,8} {6} {5} {2,7}  pool {3}
  STUCK profile 45325
   rankings(a,b,c): (1,7,6) (4,5,8) (5,1,0) (6,3,0) (5,2,3) (6,4,2)
   bundles: {1} {4} {0,8} {6} {5} {2,7}  pool {3}
  STUCK profile 31069
   rankings(a,b,c): (1,7,6) (4,5,8) (5,1,0) (6,3,0) (5,3,2) (4,6,2)
   bundles: {1} {4} {0,8} {6} {5} {2,7}  pool {3}
  STUCK profile 46621
   rankings(a,b,c): (1,7,6) (4,5,8) (5,1,0) (6,3,0) (5,3,2) (6,4,2)
   bundles: {1} {4} {0,8} {6} {5} {2,7}  pool {3}
  STUCK profile 29491
   rankings(a,b,c): (1,7,6) (4,8,5) (1,5,0) (6,0,3) (5,2,3) (4,6,2)
   bundles: {1} {4} {0,8} {6} {5} {2,7}  pool {3}
  STUCK profile 45043
   rankings(a,b,c): (1,7,6) (4,8,5) (1,5,0) (6,0,3) (5,2,3) (6,4,2)
   bundles: {1} {4} {0,8} {6} {5} {2,7}  pool {3}
  STUCK profile 30787
   rankings(a,b,c): (1,7,6) (4,8,5) (1,5,0) (6,0,3) (5,3,2) (4,6,2)
   bundles: {1} {4} {0,8} {6} {5} {2,7}  pool {3}
  STUCK profile 46339
   rankings(a,b,c): (1,7,6) (4,8,5) (1,5,0) (6,0,3) (5,3,2) (6,4,2)
   bundles: {1} {4} {0,8} {6} {5} {2,7}  pool {3}
  STUCK profile 29707
   rankings(a,b,c): (1,7,6) (4,8,5) (1,5,0) (6,3,0) (5,2,3) (4,6,2)
   bundles: {1} {4} {0,8} {6} {5} {2,7}  pool {3}
  STUCK profile 45259
   rankings(a,b,c): (1,7,6) (4,8,5) (1,5,0) (6,3,0) (5,2,3) (6,4,2)
   bundles: {1} {4} {0,8} {6} {5} {2,7}  pool {3}
  STUCK profile 31003
   rankings(a,b,c): (1,7,6) (4,8,5) (1,5,0) (6,3,0) (5,3,2) (4,6,2)
   bundles: {1} {4} {0,8} {6} {5} {2,7}  pool {3}
  STUCK profile 46555
   rankings(a,b,c): (1,7,6) (4,8,5) (1,5,0) (6,3,0) (5,3,2) (6,4,2)
   bundles: {1} {4} {0,8} {6} {5} {2,7}  pool {3}
  STUCK profile 29563
   rankings(a,b,c): (1,7,6) (4,8,5) (5,1,0) (6,0,3) (5,2,3) (4,6,2)
   bundles: {1} {4} {0,8} {6} {5} {2,7}  pool {3}
  STUCK profile 45115
   rankings(a,b,c): (1,7,6) (4,8,5) (5,1,0) (6,0,3) (5,2,3) (6,4,2)
   bundles: {1} {4} {0,8} {6} {5} {2,7}  pool {3}
  STUCK profile 30859
   rankings(a,b,c): (1,7,6) (4,8,5) (5,1,0) (6,0,3) (5,3,2) (4,6,2)
   bundles: {1} {4} {0,8} {6} {5} {2,7}  pool {3}
  STUCK profile 46411
   rankings(a,b,c): (1,7,6) (4,8,5) (5,1,0) (6,0,3) (5,3,2) (6,4,2)
   bundles: {1} {4} {0,8} {6} {5} {2,7}  pool {3}
  STUCK profile 29779
   rankings(a,b,c): (1,7,6) (4,8,5) (5,1,0) (6,3,0) (5,2,3) (4,6,2)
   bundles: {1} {4} {0,8} {6} {5} {2,7}  pool {3}
  STUCK profile 45331
   rankings(a,b,c): (1,7,6) (4,8,5) (5,1,0) (6,3,0) (5,2,3) (6,4,2)
   bundles: {1} {4} {0,8} {6} {5} {2,7}  pool {3}
  STUCK profile 31075
   rankings(a,b,c): (1,7,6) (4,8,5) (5,1,0) (6,3,0) (5,3,2) (4,6,2)
   bundles: {1} {4} {0,8} {6} {5} {2,7}  pool {3}
  STUCK profile 46627
   rankings(a,b,c): (1,7,6) (4,8,5) (5,1,0) (6,3,0) (5,3,2) (6,4,2)
   bundles: {1} {4} {0,8} {6} {5} {2,7}  pool {3}
  STUCK profile 29484
   rankings(a,b,c): (1,6,7) (4,5,8) (1,5,0) (6,0,3) (5,2,3) (4,6,2)
   bundles: {1} {4} {0,7} {6} {5} {2,8}  pool {3}
  STUCK profile 45036
   rankings(a,b,c): (1,6,7) (4,5,8) (1,5,0) (6,0,3) (5,2,3) (6,4,2)
   bundles: {1} {4} {0,7} {6} {5} {2,8}  pool {3}
  STUCK profile 30780
   rankings(a,b,c): (1,6,7) (4,5,8) (1,5,0) (6,0,3) (5,3,2) (4,6,2)
   bundles: {1} {4} {0,7} {6} {5} {2,8}  pool {3}
  STUCK profile 46332
   rankings(a,b,c): (1,6,7) (4,5,8) (1,5,0) (6,0,3) (5,3,2) (6,4,2)
   bundles: {1} {4} {0,7} {6} {5} {2,8}  pool {3}
  STUCK profile 29700
   rankings(a,b,c): (1,6,7) (4,5,8) (1,5,0) (6,3,0) (5,2,3) (4,6,2)
   bundles: {1} {4} {0,7} {6} {5} {2,8}  pool {3}
  STUCK profile 45252
   rankings(a,b,c): (1,6,7) (4,5,8) (1,5,0) (6,3,0) (5,2,3) (6,4,2)
   bundles: {1} {4} {0,7} {6} {5} {2,8}  pool {3}
  STUCK profile 30996
   rankings(a,b,c): (1,6,7) (4,5,8) (1,5,0) (6,3,0) (5,3,2) (4,6,2)
   bundles: {1} {4} {0,7} {6} {5} {2,8}  pool {3}
  STUCK profile 46548
   rankings(a,b,c): (1,6,7) (4,5,8) (1,5,0) (6,3,0) (5,3,2) (6,4,2)
   bundles: {1} {4} {0,7} {6} {5} {2,8}  pool {3}
  STUCK profile 29556
   rankings(a,b,c): (1,6,7) (4,5,8) (5,1,0) (6,0,3) (5,2,3) (4,6,2)
   bundles: {1} {4} {0,7} {6} {5} {2,8}  pool {3}
  STUCK profile 45108
   rankings(a,b,c): (1,6,7) (4,5,8) (5,1,0) (6,0,3) (5,2,3) (6,4,2)
   bundles: {1} {4} {0,7} {6} {5} {2,8}  pool {3}
  STUCK profile 30852
   rankings(a,b,c): (1,6,7) (4,5,8) (5,1,0) (6,0,3) (5,3,2) (4,6,2)
   bundles: {1} {4} {0,7} {6} {5} {2,8}  pool {3}
  STUCK profile 46404
   rankings(a,b,c): (1,6,7) (4,5,8) (5,1,0) (6,0,3) (5,3,2) (6,4,2)
   bundles: {1} {4} {0,7} {6} {5} {2,8}  pool {3}
  STUCK profile 29772
   rankings(a,b,c): (1,6,7) (4,5,8) (5,1,0) (6,3,0) (5,2,3) (4,6,2)
   bundles: {1} {4} {0,7} {6} {5} {2,8}  pool {3}
  STUCK profile 45324
   rankings(a,b,c): (1,6,7) (4,5,8) (5,1,0) (6,3,0) (5,2,3) (6,4,2)
   bundles: {1} {4} {0,7} {6} {5} {2,8}  pool {3}
  STUCK profile 31068
   rankings(a,b,c): (1,6,7) (4,5,8) (5,1,0) (6,3,0) (5,3,2) (4,6,2)
   bundles: {1} {4} {0,7} {6} {5} {2,8}  pool {3}
  STUCK profile 46620
   rankings(a,b,c): (1,6,7) (4,5,8) (5,1,0) (6,3,0) (5,3,2) (6,4,2)
   bundles: {1} {4} {0,7} {6} {5} {2,8}  pool {3}
  STUCK profile 29490
   rankings(a,b,c): (1,6,7) (4,8,5) (1,5,0) (6,0,3) (5,2,3) (4,6,2)
   bundles: {1} {4} {0,7} {6} {5} {2,8}  pool {3}
  STUCK profile 45042
   rankings(a,b,c): (1,6,7) (4,8,5) (1,5,0) (6,0,3) (5,2,3) (6,4,2)
   bundles: {1} {4} {0,7} {6} {5} {2,8}  pool {3}
  STUCK profile 30786
   rankings(a,b,c): (1,6,7) (4,8,5) (1,5,0) (6,0,3) (5,3,2) (4,6,2)
   bundles: {1} {4} {0,7} {6} {5} {2,8}  pool {3}
  STUCK profile 46338
   rankings(a,b,c): (1,6,7) (4,8,5) (1,5,0) (6,0,3) (5,3,2) (6,4,2)
   bundles: {1} {4} {0,7} {6} {5} {2,8}  pool {3}
  STUCK profile 29706
   rankings(a,b,c): (1,6,7) (4,8,5) (1,5,0) (6,3,0) (5,2,3) (4,6,2)
   bundles: {1} {4} {0,7} {6} {5} {2,8}  pool {3}
  STUCK profile 45258
   rankings(a,b,c): (1,6,7) (4,8,5) (1,5,0) (6,3,0) (5,2,3) (6,4,2)
   bundles: {1} {4} {0,7} {6} {5} {2,8}  pool {3}
  STUCK profile 31002
   rankings(a,b,c): (1,6,7) (4,8,5) (1,5,0) (6,3,0) (5,3,2) (4,6,2)
   bundles: {1} {4} {0,7} {6} {5} {2,8}  pool {3}
  STUCK profile 46554
   rankings(a,b,c): (1,6,7) (4,8,5) (1,5,0) (6,3,0) (5,3,2) (6,4,2)
   bundles: {1} {4} {0,7} {6} {5} {2,8}  pool {3}
  STUCK profile 29562
   rankings(a,b,c): (1,6,7) (4,8,5) (5,1,0) (6,0,3) (5,2,3) (4,6,2)
   bundles: {1} {4} {0,7} {6} {5} {2,8}  pool {3}
  STUCK profile 45114
   rankings(a,b,c): (1,6,7) (4,8,5) (5,1,0) (6,0,3) (5,2,3) (6,4,2)
   bundles: {1} {4} {0,7} {6} {5} {2,8}  pool {3}
  STUCK profile 30858
   rankings(a,b,c): (1,6,7) (4,8,5) (5,1,0) (6,0,3) (5,3,2) (4,6,2)
   bundles: {1} {4} {0,7} {6} {5} {2,8}  pool {3}
  STUCK profile 46410
   rankings(a,b,c): (1,6,7) (4,8,5) (5,1,0) (6,0,3) (5,3,2) (6,4,2)
   bundles: {1} {4} {0,7} {6} {5} {2,8}  pool {3}
  STUCK profile 29778
   rankings(a,b,c): (1,6,7) (4,8,5) (5,1,0) (6,3,0) (5,2,3) (4,6,2)
   bundles: {1} {4} {0,7} {6} {5} {2,8}  pool {3}
  STUCK profile 45330
   rankings(a,b,c): (1,6,7) (4,8,5) (5,1,0) (6,3,0) (5,2,3) (6,4,2)
   bundles: {1} {4} {0,7} {6} {5} {2,8}  pool {3}
  STUCK profile 31074
   rankings(a,b,c): (1,6,7) (4,8,5) (5,1,0) (6,3,0) (5,3,2) (4,6,2)
   bundles: {1} {4} {0,7} {6} {5} {2,8}  pool {3}
  STUCK profile 46626
   rankings(a,b,c): (1,6,7) (4,8,5) (5,1,0) (6,3,0) (5,3,2) (6,4,2)
   bundles: {1} {4} {0,7} {6} {5} {2,8}  pool {3}
  STUCK profile 29485
   rankings(a,b,c): (1,7,6) (4,5,8) (1,5,0) (6,0,3) (5,2,3) (4,6,2)
   bundles: {1} {4} {0,7} {6} {5} {2,8}  pool {3}
  STUCK profile 45037
   rankings(a,b,c): (1,7,6) (4,5,8) (1,5,0) (6,0,3) (5,2,3) (6,4,2)
   bundles: {1} {4} {0,7} {6} {5} {2,8}  pool {3}
  STUCK profile 30781
   rankings(a,b,c): (1,7,6) (4,5,8) (1,5,0) (6,0,3) (5,3,2) (4,6,2)
   bundles: {1} {4} {0,7} {6} {5} {2,8}  pool {3}
  STUCK profile 46333
   rankings(a,b,c): (1,7,6) (4,5,8) (1,5,0) (6,0,3) (5,3,2) (6,4,2)
   bundles: {1} {4} {0,7} {6} {5} {2,8}  pool {3}
  STUCK profile 29701
   rankings(a,b,c): (1,7,6) (4,5,8) (1,5,0) (6,3,0) (5,2,3) (4,6,2)
   bundles: {1} {4} {0,7} {6} {5} {2,8}  pool {3}
  STUCK profile 45253
   rankings(a,b,c): (1,7,6) (4,5,8) (1,5,0) (6,3,0) (5,2,3) (6,4,2)
   bundles: {1} {4} {0,7} {6} {5} {2,8}  pool {3}
  STUCK profile 30997
   rankings(a,b,c): (1,7,6) (4,5,8) (1,5,0) (6,3,0) (5,3,2) (4,6,2)
   bundles: {1} {4} {0,7} {6} {5} {2,8}  pool {3}
  STUCK profile 46549
   rankings(a,b,c): (1,7,6) (4,5,8) (1,5,0) (6,3,0) (5,3,2) (6,4,2)
   bundles: {1} {4} {0,7} {6} {5} {2,8}  pool {3}
  STUCK profile 29557
   rankings(a,b,c): (1,7,6) (4,5,8) (5,1,0) (6,0,3) (5,2,3) (4,6,2)
   bundles: {1} {4} {0,7} {6} {5} {2,8}  pool {3}
  STUCK profile 45109
   rankings(a,b,c): (1,7,6) (4,5,8) (5,1,0) (6,0,3) (5,2,3) (6,4,2)
   bundles: {1} {4} {0,7} {6} {5} {2,8}  pool {3}
  STUCK profile 30853
   rankings(a,b,c): (1,7,6) (4,5,8) (5,1,0) (6,0,3) (5,3,2) (4,6,2)
   bundles: {1} {4} {0,7} {6} {5} {2,8}  pool {3}
  STUCK profile 46405
   rankings(a,b,c): (1,7,6) (4,5,8) (5,1,0) (6,0,3) (5,3,2) (6,4,2)
   bundles: {1} {4} {0,7} {6} {5} {2,8}  pool {3}
  STUCK profile 29773
   rankings(a,b,c): (1,7,6) (4,5,8) (5,1,0) (6,3,0) (5,2,3) (4,6,2)
   bundles: {1} {4} {0,7} {6} {5} {2,8}  pool {3}
  STUCK profile 45325
   rankings(a,b,c): (1,7,6) (4,5,8) (5,1,0) (6,3,0) (5,2,3) (6,4,2)
   bundles: {1} {4} {0,7} {6} {5} {2,8}  pool {3}
  STUCK profile 31069
   rankings(a,b,c): (1,7,6) (4,5,8) (5,1,0) (6,3,0) (5,3,2) (4,6,2)
   bundles: {1} {4} {0,7} {6} {5} {2,8}  pool {3}
  STUCK profile 46621
   rankings(a,b,c): (1,7,6) (4,5,8) (5,1,0) (6,3,0) (5,3,2) (6,4,2)
   bundles: {1} {4} {0,7} {6} {5} {2,8}  pool {3}
  STUCK profile 29491
   rankings(a,b,c): (1,7,6) (4,8,5) (1,5,0) (6,0,3) (5,2,3) (4,6,2)
   bundles: {1} {4} {0,7} {6} {5} {2,8}  pool {3}
  STUCK profile 45043
   rankings(a,b,c): (1,7,6) (4,8,5) (1,5,0) (6,0,3) (5,2,3) (6,4,2)
   bundles: {1} {4} {0,7} {6} {5} {2,8}  pool {3}
  STUCK profile 30787
   rankings(a,b,c): (1,7,6) (4,8,5) (1,5,0) (6,0,3) (5,3,2) (4,6,2)
   bundles: {1} {4} {0,7} {6} {5} {2,8}  pool {3}
  STUCK profile 46339
   rankings(a,b,c): (1,7,6) (4,8,5) (1,5,0) (6,0,3) (5,3,2) (6,4,2)
   bundles: {1} {4} {0,7} {6} {5} {2,8}  pool {3}
  STUCK profile 29707
   rankings(a,b,c): (1,7,6) (4,8,5) (1,5,0) (6,3,0) (5,2,3) (4,6,2)
   bundles: {1} {4} {0,7} {6} {5} {2,8}  pool {3}
  STUCK profile 45259
   rankings(a,b,c): (1,7,6) (4,8,5) (1,5,0) (6,3,0) (5,2,3) (6,4,2)
   bundles: {1} {4} {0,7} {6} {5} {2,8}  pool {3}
  STUCK profile 31003
   rankings(a,b,c): (1,7,6) (4,8,5) (1,5,0) (6,3,0) (5,3,2) (4,6,2)
   bundles: {1} {4} {0,7} {6} {5} {2,8}  pool {3}
  STUCK profile 46555
   rankings(a,b,c): (1,7,6) (4,8,5) (1,5,0) (6,3,0) (5,3,2) (6,4,2)
   bundles: {1} {4} {0,7} {6} {5} {2,8}  pool {3}
  STUCK profile 29563
   rankings(a,b,c): (1,7,6) (4,8,5) (5,1,0) (6,0,3) (5,2,3) (4,6,2)
   bundles: {1} {4} {0,7} {6} {5} {2,8}  pool {3}
  STUCK profile 45115
   rankings(a,b,c): (1,7,6) (4,8,5) (5,1,0) (6,0,3) (5,2,3) (6,4,2)
   bundles: {1} {4} {0,7} {6} {5} {2,8}  pool {3}
  STUCK profile 30859
   rankings(a,b,c): (1,7,6) (4,8,5) (5,1,0) (6,0,3) (5,3,2) (4,6,2)
   bundles: {1} {4} {0,7} {6} {5} {2,8}  pool {3}
  STUCK profile 46411
   rankings(a,b,c): (1,7,6) (4,8,5) (5,1,0) (6,0,3) (5,3,2) (6,4,2)
   bundles: {1} {4} {0,7} {6} {5} {2,8}  pool {3}
  STUCK profile 29779
   rankings(a,b,c): (1,7,6) (4,8,5) (5,1,0) (6,3,0) (5,2,3) (4,6,2)
   bundles: {1} {4} {0,7} {6} {5} {2,8}  pool {3}
  STUCK profile 45331
   rankings(a,b,c): (1,7,6) (4,8,5) (5,1,0) (6,3,0) (5,2,3) (6,4,2)
   bundles: {1} {4} {0,7} {6} {5} {2,8}  pool {3}
  STUCK profile 31075
   rankings(a,b,c): (1,7,6) (4,8,5) (5,1,0) (6,3,0) (5,3,2) (4,6,2)
   bundles: {1} {4} {0,7} {6} {5} {2,8}  pool {3}
  STUCK profile 46627
   rankings(a,b,c): (1,7,6) (4,8,5) (5,1,0) (6,3,0) (5,3,2) (6,4,2)
   bundles: {1} {4} {0,7} {6} {5} {2,8}  pool {3}
core 0 n=6 m=9 goods (1,6,7) (4,5,8) (0,1,5) (0,3,6) (2,3,5) (2,4,6): outside 192, stuck 128
TOTAL cores 1, partial EFX0 (pool nonempty) states examined 13682118, stuck 128; first applicable move: E=0 S=0 R=0 A=0 U=0 C=0 X=64
proof cases: outside=192 E=0 S=0 R=1979538 A=11548404 5a=140292 5b=13596 J=96 junkless-uncovered=0
