# command: python3 k4/suite/deficit_local.py   (every suite instance with omega >= 1 and n <= 6; k* as defined in k4/strategy.md §2.1)
adaptive-cover-multi4                n=2  k*=None  omega<=0
adaptive-p1                          n=3  k*=None  omega<=0
adaptive-p3                          n=3  k*=None  omega<=0
c4-H1                                n=5  k*=1  min def -1, 574 min-frozen P, 36 with def > 0, 0 global minima of def > 0
c4-exposure-deficit2-n2m5            n=2  k*=1  min def 0, 10 min-frozen P, 2 with def > 0, 0 global minima of def > 0
c4-exposure-earlier-block-n3m6       n=3  k*=0  min def -1, 14 min-frozen P, 0 with def > 0, 0 global minima of def > 0
c4-exposure-nonleader-n3m5           n=3  k*=None  omega<=0
c4-g2-other-runs-n4m7                n=4  k*=None  omega<=0
c4-gadget-stacking-1copy-n3m6        n=3  k*=None  omega<=0
c4-gadget-stacking-2copies-n6m11     n=6  k*=None  omega<=0
c4-lbplus-rotation-n3m6              n=3  k*=None  omega<=0
c4-one-rotation-owner-r-n3m6         n=3  k*=0  min def -1, 11 min-frozen P, 0 with def > 0, 0 global minima of def > 0
c4-one-rotation-two4-n3m6            n=3  k*=None  omega<=0
c4-owner-last-n3m8                   n=3  k*=1  min def 0, 48 min-frozen P, 8 with def > 0, 0 global minima of def > 0
c4-pareto-moves-n3m6                 n=3  k*=None  omega<=0
c4min-moves-neither-n3-m9-n3c50      n=3  k*=1  min def -1, 30 min-frozen P, 6 with def > 0, 0 global minima of def > 0
c4min-nounfreeze-n2-m6               n=2  k*=0  min def 0, 7 min-frozen P, 0 with def > 0, 0 global minima of def > 0
c4min-pareto-n3-m7                   n=3  k*=1  min def -1, 14 min-frozen P, 1 with def > 0, 0 global minima of def > 0
c4min-phi-n4-m8-n4pc72               n=4  k*=0  min def -2, 14 min-frozen P, 0 with def > 0, 0 global minima of def > 0
c4min-phi-n4-m9-n43c274              n=4  k*=1  min def -2, 17 min-frozen P, 1 with def > 0, 0 global minima of def > 0
c4min-r-alone-n3-m7                  n=3  k*=0  min def -1, 36 min-frozen P, 0 with def > 0, 0 global minima of def > 0
c4min-rlam-n3-m8-n3c46               n=3  k*=1  min def -1, 20 min-frozen P, 1 with def > 0, 0 global minima of def > 0
c4min-tlam-n3-m6                     n=3  k*=2  min def -1, 11 min-frozen P, 3 with def > 0, 0 global minima of def > 0
c4min-tleximin-n4-m7                 n=4  k*=0  min def -2, 7 min-frozen P, 0 with def > 0, 0 global minima of def > 0
c4min-w0-n4-m11-n4pc217              n=4  k*=2  min def 0, 46 min-frozen P, 4 with def > 0, 0 global minima of def > 0
c4one-one-rotation-m8                n=5  k*=None  omega<=0
c4one-one-rotation-m9                n=5  k*=None  omega<=0
c4one-realization-d1                 n=5  k*=None  omega<=0
c4x-n2m5-base-needs                  n=2  k*=0  min def 0, 8 min-frozen P, 0 with def > 0, 0 global minima of def > 0
c4x-n2m5-frozen                      n=2  k*=1  min def 0, 8 min-frozen P, 1 with def > 0, 0 global minima of def > 0
c4x-n3m5-big-bases                   n=3  k*=None  omega<=0
c4x-n3m6-3good-first                 n=3  k*=2  min def -1, 11 min-frozen P, 3 with def > 0, 0 global minima of def > 0
c4x-n3m6-ef-bases                    n=3  k*=None  omega<=0
c4x-n3m6-onefour-a                   n=3  k*=2  min def -1, 10 min-frozen P, 2 with def > 0, 0 global minima of def > 0
c4x-n3m6-onefour-b                   n=3  k*=0  min def -1, 13 min-frozen P, 0 with def > 0, 0 global minima of def > 0
c4x-n3m8-leximin                     n=3  k*=1  min def -1, 20 min-frozen P, 3 with def > 0, 0 global minima of def > 0
c4x-n3m8-pure-top7                   n=3  k*=1  min def 0, 36 min-frozen P, 3 with def > 0, 0 global minima of def > 0
c4x-n4m7-frozen-slots-some           n=4  k*=2  min def -1, 16 min-frozen P, 4 with def > 0, 0 global minima of def > 0
count-n3m8                           n=3  k*=1  min def 0, 24 min-frozen P, 3 with def > 0, 0 global minima of def > 0
f1-bigtop-n3-m8-n3c46                n=3  k*=1  min def 0, 32 min-frozen P, 3 with def > 0, 0 global minima of def > 0
gap-bt5-n5-m10-n53c7265              n=5  k*=0  min def -2, 23 min-frozen P, 0 with def > 0, 0 global minima of def > 0
gap-btcyc-n4-m8-pure122              n=4  k*=1  min def -1, 20 min-frozen P, 1 with def > 0, 0 global minima of def > 0
gap-f2-n4-m7-n42c93                  n=4  k*=0  min def -1, 2 min-frozen P, 0 with def > 0, 0 global minima of def > 0
gap-f2-n5-m8-n52c1748                n=5  k*=0  min def -1, 3 min-frozen P, 0 with def > 0, 0 global minima of def > 0
gap-iiinor-n4-m8-n43c170             n=4  k*=0  min def -2, 24 min-frozen P, 0 with def > 0, 0 global minima of def > 0
gap-iit0-n4-m8-n43c145               n=4  k*=0  min def -1, 9 min-frozen P, 0 with def > 0, 0 global minima of def > 0
gap-iit0-n5-m10-n54c6724             n=5  k*=0  min def -2, 45 min-frozen P, 0 with def > 0, 0 global minima of def > 0
gap-ipoollocal-n3-m8-n3c45           n=3  k*=0  min def -1, 18 min-frozen P, 0 with def > 0, 0 global minima of def > 0
gap-ipoollocal-n4-m9-n42c278         n=4  k*=0  min def -1, 30 min-frozen P, 0 with def > 0, 0 global minima of def > 0
gap-ipoollocal-n4-m9-n43c304         n=4  k*=1  min def -1, 17 min-frozen P, 1 with def > 0, 0 global minima of def > 0
gap-ipoollocal-n5-m12-n5pc4202       n=5  k*=1  min def -2, 157 min-frozen P, 21 with def > 0, 0 global minima of def > 0
gap-ipoolopt-n4-m10-n4pc197          n=4  k*=0  min def -1, 24 min-frozen P, 0 with def > 0, 0 global minima of def > 0
gap-ipoolopt-n4-m10-n4pc205          n=4  k*=2  min def -1, 36 min-frozen P, 4 with def > 0, 0 global minima of def > 0
gap-ipoolopt-n4-m9-n43c247           n=4  k*=0  min def -1, 25 min-frozen P, 0 with def > 0, 0 global minima of def > 0
gap-ipoolopt-n4-m9-n43c252           n=4  k*=0  min def -1, 22 min-frozen P, 0 with def > 0, 0 global minima of def > 0
gap-ipoolopt-n5-m11-n5pc3385         n=5  k*=0  min def -2, 34 min-frozen P, 0 with def > 0, 0 global minima of def > 0
gap-ipoolopt-n5-m12-n54c9458         n=5  k*=0  min def -2, 40 min-frozen P, 0 with def > 0, 0 global minima of def > 0
gap-itlocal-n3-m8-n3c46              n=3  k*=1  min def 0, 24 min-frozen P, 3 with def > 0, 0 global minima of def > 0
gap-ivmax-n4-m8-n42c203              n=4  k*=0  min def -1, 2 min-frozen P, 0 with def > 0, 0 global minima of def > 0
gap-ivmax-n4-m8-n43c167              n=4  k*=0  min def -1, 2 min-frozen P, 0 with def > 0, 0 global minima of def > 0
gap-ivmax-n5-m9-n53c5848             n=5  k*=0  min def -1, 6 min-frozen P, 0 with def > 0, 0 global minima of def > 0
gap-ivmax-n5-m9-n54c4018             n=5  k*=0  min def -1, 2 min-frozen P, 0 with def > 0, 0 global minima of def > 0
gap-ivmax-n5-m9-n5pc1347             n=5  k*=0  min def -1, 3 min-frozen P, 0 with def > 0, 0 global minima of def > 0
gap-ivsetting-n3-m6-n3c23            n=3  k*=1  min def -1, 8 min-frozen P, 1 with def > 0, 0 global minima of def > 0
gap-ivsetting-n4-m7-n41c75           n=4  k*=0  min def -1, 8 min-frozen P, 0 with def > 0, 0 global minima of def > 0
gap-ivsetting-n5-m8-n51c875          n=5  k*=0  min def -1, 35 min-frozen P, 0 with def > 0, 0 global minima of def > 0
gap-local-n3-m7-n3c43                n=3  k*=1  min def -1, 13 min-frozen P, 1 with def > 0, 0 global minima of def > 0
gap-npo-n2-m6                        n=2  k*=0  min def 0, 6 min-frozen P, 0 with def > 0, 0 global minima of def > 0
gap-phi-n4-m10-pure183               n=4  k*=1  min def -1, 29 min-frozen P, 4 with def > 0, 0 global minima of def > 0
gap-phi-n4-m8-pure104                n=4  k*=1  min def -2, 14 min-frozen P, 1 with def > 0, 0 global minima of def > 0
gap-phi-w-n4-m10-pure178             n=4  k*=2  min def -1, 31 min-frozen P, 5 with def > 0, 0 global minima of def > 0
gap-phifirst-n4-m9-n4pc133           n=4  k*=0  min def -2, 12 min-frozen P, 0 with def > 0, 0 global minima of def > 0
gap-samen-n4-m8-n43c147              n=4  k*=0  min def -2, 12 min-frozen P, 0 with def > 0, 0 global minima of def > 0
gap-t2-n4-m8-n42c204                 n=4  k*=0  min def -1, 2 min-frozen P, 0 with def > 0, 0 global minima of def > 0
gap-w-n2-m5                          n=2  k*=0  min def 0, 6 min-frozen P, 0 with def > 0, 0 global minima of def > 0
gap-w-n4-m10-pure179                 n=4  k*=1  min def -1, 37 min-frozen P, 1 with def > 0, 0 global minima of def > 0
gap-w-n4-m8-pure117                  n=4  k*=0  min def -2, 16 min-frozen P, 0 with def > 0, 0 global minima of def > 0
gap-w-n4-m8-pure120                  n=4  k*=0  min def 0, 22 min-frozen P, 0 with def > 0, 0 global minima of def > 0
gm4-A                                n=4  k*=1  min def -1, 8 min-frozen P, 1 with def > 0, 0 global minima of def > 0
gm4-B                                n=4  k*=1  min def -1, 22 min-frozen P, 1 with def > 0, 0 global minima of def > 0
gm4-C                                n=4  k*=1  min def -1, 10 min-frozen P, 1 with def > 0, 0 global minima of def > 0
gm4-D                                n=4  k*=1  min def -1, 14 min-frozen P, 1 with def > 0, 0 global minima of def > 0
gm4-E                                n=4  k*=1  min def -1, 14 min-frozen P, 1 with def > 0, 0 global minima of def > 0
gm4-F                                n=4  k*=1  min def -1, 14 min-frozen P, 1 with def > 0, 0 global minima of def > 0
gm4-G                                n=4  k*=1  min def -1, 8 min-frozen P, 1 with def > 0, 0 global minima of def > 0
gm4-H                                n=4  k*=None  omega<=0
gm4-P                                n=4  k*=1  min def -1, 11 min-frozen P, 1 with def > 0, 0 global minima of def > 0
gm4-S                                n=4  k*=None  omega<=0
hall-bestpair-core44                 n=3  k*=1  min def -1, 12 min-frozen P, 2 with def > 0, 0 global minima of def > 0
hall-bt4                             n=4  k*=1  min def -2, 20 min-frozen P, 1 with def > 0, 0 global minima of def > 0
hall-btown-core46                    n=3  k*=1  min def 0, 32 min-frozen P, 3 with def > 0, 0 global minima of def > 0
hall-cyc6                            n=6  k*=1  min def -2, 2676 min-frozen P, 144 with def > 0, 0 global minima of def > 0
hall-local3                          n=3  k*=2  min def -1, 19 min-frozen P, 7 with def > 0, 0 global minima of def > 0
induct-b-r0-pot-minvw                n=2  k*=None  omega<=0
induct-b-r1                          n=3  k*=None  omega<=0
induct-b-r2                          n=4  k*=None  omega<=0
induct-g-r0                          n=2  k*=None  omega<=0
induct-g-r1                          n=2  k*=2  min def 0, 11 min-frozen P, 4 with def > 0, 0 global minima of def > 0
induct-g-r2                          n=3  k*=None  omega<=0
induct-g-r3                          n=5  k*=None  omega<=0
induct-gps-q4-a                      n=3  k*=None  omega<=0
induct-gps-q4-b                      n=3  k*=None  omega<=0
induct-lbo-every-run                 n=4  k*=None  omega<=0
induct-lbo-no-partial                n=4  k*=None  omega<=0
induct-lbo-no-rot                    n=4  k*=None  omega<=0
induct-lbo-not-last                  n=5  k*=None  omega<=0
induct-lbo-owner-only                n=4  k*=None  omega<=0
induct-pot-env-tiebreaks             n=3  k*=None  omega<=0
induct-pot-env                       n=3  k*=None  omega<=0
induct-pot-envy                      n=3  k*=None  omega<=0
induct-pot-maxvw                     n=3  k*=None  omega<=0
induct-pot-nash                      n=3  k*=0  min def -1, 2 min-frozen P, 0 with def > 0, 0 global minima of def > 0
induct-pot-util                      n=3  k*=None  omega<=0
induct-q4-rules                      n=3  k*=None  omega<=0
induct-v-pot-env-util                n=2  k*=0  min def 0, 13 min-frozen P, 0 with def > 0, 0 global minima of def > 0
induct-v-r0                          n=2  k*=0  min def 0, 7 min-frozen P, 0 with def > 0, 0 global minima of def > 0
induct-v-r1                          n=3  k*=None  omega<=0
induct-v-r3                          n=3  k*=0  min def -2, 6 min-frozen P, 0 with def > 0, 0 global minima of def > 0
lb4-fixed-insertion-n3m6             n=3  k*=None  omega<=0
lb4-last-block-leader-index-n4m8     n=4  k*=None  omega<=0
lb4-last-block-leader-n4m8           n=4  k*=None  omega<=0
lb4-lbplus-ef-n3m6                   n=3  k*=None  omega<=0
lb4-n2m5-upgrade                     n=2  k*=2  min def 0, 4 min-frozen P, 2 with def > 0, 0 global minima of def > 0
lb4-no-rotation-n3m5                 n=3  k*=None  omega<=0
lb4-owner-needs-from-base-n4m8       n=4  k*=2  min def 0, 36 min-frozen P, 4 with def > 0, 0 global minima of def > 0
lil-noncore-n3                       n=3  k*=3  min def 0, 44 min-frozen P, 20 with def > 0, 0 global minima of def > 0
lil-text-n3                          n=3  k*=1  min def -1, 12 min-frozen P, 2 with def > 0, 0 global minima of def > 0
lil-text-n4                          n=4  k*=0  min def -1, 66 min-frozen P, 0 with def > 0, 0 global minima of def > 0
ls-alt-rule-n4m7                     n=4  k*=None  omega<=0
ls-clean-placement-n3m5              n=3  k*=0  min def 0, 7 min-frozen P, 0 with def > 0, 0 global minima of def > 0
ls-dead-end-n4m7                     n=4  k*=None  omega<=0
ls-exchange-no-keep-n3m6             n=3  k*=None  omega<=0
ls-no-exchange-n2m4                  n=2  k*=None  omega<=0
ls-one-pool-agent-n5m8               n=5  k*=None  omega<=0
ls-short-cycles-n3m5                 n=3  k*=None  omega<=0
ls-simple-split-n4m6                 n=4  k*=None  omega<=0
ls-single-dump-n4m7                  n=4  k*=None  omega<=0
lsp-bounded-coalitions-n4m7          n=4  k*=None  omega<=0
lsp-early-stop-n4m7                  n=4  k*=None  omega<=0
mincex-drop-private-p3               n=1  k*=0  min def 0, 4 min-frozen P, 0 with def > 0, 0 global minima of def > 0
mincex-px-open-q3-swapped            n=2  k*=0  min def 0, 10 min-frozen P, 0 with def > 0, 0 global minima of def > 0
mincex-px-open-q3                    n=2  k*=0  min def 0, 10 min-frozen P, 0 with def > 0, 0 global minima of def > 0
mincex-twins                         n=2  k*=None  omega<=0
mincex-xy-p4p4-open                  n=2  k*=1  min def 0, 21 min-frozen P, 1 with def > 0, 0 global minima of def > 0
nsw-local-n3m5                       n=3  k*=None  omega<=0
nsw-strict-n4m8                      n=4  k*=0  min def -2, 11 min-frozen P, 0 with def > 0, 0 global minima of def > 0
nsw-strict-n4m9                      n=4  k*=0  min def -2, 10 min-frozen P, 0 with def > 0, 0 global minima of def > 0
red-a1-hopeless-key                  n=3  k*=2  min def -1, 8 min-frozen P, 2 with def > 0, 0 global minima of def > 0
red-a2-hstar                         n=3  k*=1  min def 0, 36 min-frozen P, 3 with def > 0, 0 global minima of def > 0
red-b1-blocked-improvement           n=4  k*=2  min def -1, 116 min-frozen P, 39 with def > 0, 0 global minima of def > 0
red-key-without-t0                   n=3  k*=2  min def -1, 26 min-frozen P, 3 with def > 0, 0 global minima of def > 0
red-lil-nokeep-b                     n=3  k*=1  min def -1, 14 min-frozen P, 3 with def > 0, 0 global minima of def > 0
red-pm-offpath-hypothesis            n=3  k*=2  min def -1, 24 min-frozen P, 5 with def > 0, 0 global minima of def > 0
