# command: python3 k4/suite/run.py --expected --timeout=600
# instances: 150
c4min-pareto-n3-m7           cfg:pareto         refuted  suite: FAILS (5 Pareto-maximal configurations, 3 not completable)  gap: FAILS (5 Pareto-maximal configurations, 3 not completable)
c4min-phi-n4-m8-n4pc72       phi                refuted  suite: FAILS (4 maxima, 2 not completable (max (0, 2, 23)))  gap: FAILS (4 maxima, 2 not completable (max (0, 2, 23)))
c4min-phi-n4-m9-n43c274      phi                refuted  suite: FAILS (8 maxima, 3 not completable (max (0, 2, 22)))  gap: FAILS (8 maxima, 3 not completable (max (0, 2, 22)))
c4min-r-alone-n3-m7          cfg:r              refuted  suite: FAILS (26 maxima, 1 not completable (max (1,)))  gap: FAILS (26 maxima, 1 not completable (max (1,)))
c4min-rlam-n3-m8-n3c46       cfg:lam            refuted  suite: FAILS (3 maxima, 1 not completable (max (19,)))  gap: FAILS (3 maxima, 1 not completable (max (19,)))
c4min-rlam-n3-m8-n3c46       cfg:r,lam          refuted  suite: FAILS (3 maxima, 1 not completable (max (2, 19)))  gap: FAILS (3 maxima, 1 not completable (max (2, 19)))
c4min-tlam-n3-m6             cfg:-t,lam         refuted  suite: FAILS (4 maxima, 3 not completable (max (0, 14)))  gap: FAILS (4 maxima, 3 not completable (max (0, 14)))
c4min-tleximin-n4-m7         cfg:-t,leximin     refuted  suite: FAILS (4 maxima, 1 not completable (max (0, (2, 3, 3, 6))))  gap: FAILS (4 maxima, 1 not completable (max (0, (2, 3, 3, 6))))
c4x-n2m5-frozen              pre-every:-frozen  refuted  suite: FAILS (8 maxima, 7 completable)  c4x: FAILS (8 maxima, 7 completable)
c4x-n3m6-onefour-a           pre-every:(-frozen,sumlev) refuted  suite: FAILS (4 maxima, 2 completable)  c4x: FAILS (4 maxima, 2 completable)
c4x-n3m6-onefour-a           pre-every:sumlev   refuted  suite: FAILS (4 maxima, 2 completable)  c4x: FAILS (4 maxima, 2 completable)
c4x-n3m6-onefour-b           pre-every:pareto   refuted  suite: FAILS (4 maxima, 2 completable)  c4x: FAILS (4 maxima, 2 completable)
c4x-n3m6-onefour-b           pre-some:leximax   refuted  suite: FAILS (2 maxima, 0 completable)  c4x: FAILS (2 maxima, 0 completable)
c4x-n3m6-onefour-b           pre-some:sum2l     refuted  suite: FAILS (2 maxima, 0 completable)  c4x: n/a (not in k4/c4x_check.py)
c4x-n3m8-leximin             pre-every:leximin  refuted  suite: FAILS (2 maxima, 1 completable)  c4x: FAILS (2 maxima, 1 completable)
c4x-n3m8-pure-top7           pre-some:(-frozen,sumlev) refuted  suite: FAILS (3 maxima, 0 completable)  c4x: FAILS (3 maxima, 0 completable)
c4x-n3m8-pure-top7           pre-some:leximin   refuted  suite: FAILS (3 maxima, 0 completable)  c4x: FAILS (3 maxima, 0 completable)
c4x-n3m8-pure-top7           pre-some:pareto    refuted  suite: FAILS (3 maxima, 0 completable)  c4x: FAILS (3 maxima, 0 completable)
c4x-n3m8-pure-top7           pre-some:sumlev    refuted  suite: FAILS (3 maxima, 0 completable)  c4x: FAILS (3 maxima, 0 completable)
c4x-n4m7-frozen-slots-some   pre-some:(-frozen,slots) refuted  suite: FAILS (1 maxima, 0 completable)  c4x: FAILS (1 maxima, 0 completable)
count-n3m8                   count              refuted  suite: FAILS (best r'-|D| = (0,))  gap: FAILS ()
f1-bigtop-n3-m8-n3c46        cfg:r,lam          refuted  suite: FAILS (3 maxima, 3 not completable (max (2, 19)))  gap: FAILS (3 maxima, 3 not completable (max (2, 19)))
gap-bt5-n5-m10-n53c7265      bt-cfg             refuted  suite: FAILS (19 Pareto-maximal configurations, 1 without owner and without frozen big-top agent)  gap: FAILS (19 Pareto-maximal configurations, 1 without owner and without frozen big-top agent)
gap-btcyc-n4-m8-pure122      max-simple         refuted  suite: FAILS (1 maxima)  gap: FAILS (1 maxima)
gap-npo-n2-m6                max-simple         refuted  suite: FAILS (2 maxima)  gap: FAILS (2 maxima)
gap-phi-n4-m10-pure183       max-simple         refuted  suite: FAILS (1 maxima)  gap: FAILS (1 maxima)
gap-phi-n4-m10-pure183       phi-prime          refuted  suite: FAILS (1 maxima, 1 not completable (max (0, 2, 26, -4)))  gap: FAILS (1 maxima, 1 not completable (max (0, 2, 26, -4)))
gap-phi-n4-m8-pure104        max-simple         refuted  suite: FAILS (1 maxima)  gap: FAILS (1 maxima)
gap-phi-n4-m8-pure104        phi                refuted  suite: FAILS (1 maxima, 1 not completable (max (0, 2, 25)))  gap: FAILS (1 maxima, 1 not completable (max (0, 2, 25)))
gap-phi-n4-m8-pure104        phi-prime          refuted  suite: FAILS (1 maxima, 1 not completable (max (0, 2, 25, -3)))  gap: FAILS (1 maxima, 1 not completable (max (0, 2, 25, -3)))
gap-phi-w-n4-m10-pure178     max-simple         refuted  suite: FAILS (2 maxima)  gap: FAILS (2 maxima)
gap-phi-w-n4-m10-pure178     phi                refuted  suite: FAILS (2 maxima, 1 not completable (max (0, 2, 26)))  gap: FAILS (2 maxima, 1 not completable (max (0, 2, 26)))
gap-phi-w-n4-m10-pure178     phi-prime          refuted  suite: FAILS (2 maxima, 1 not completable (max (0, 2, 26, -4)))  gap: FAILS (2 maxima, 1 not completable (max (0, 2, 26, -4)))
gap-phifirst-n4-m9-n4pc133   phi                refuted  suite: FAILS (4 maxima, 2 not completable (max (0, 2, 24)))  gap: FAILS (4 maxima, 2 not completable (max (0, 2, 24)))
gap-w-n2-m5                  max-simple         refuted  suite: FAILS (2 maxima)  gap: FAILS (2 maxima)
gap-w-n4-m10-pure179         max-simple         refuted  suite: FAILS (1 maxima)  gap: FAILS (1 maxima)
gap-w-n4-m8-pure117          max-simple         refuted  suite: FAILS (1 maxima)  gap: FAILS (1 maxima)
gap-w-n4-m8-pure120          max-simple         refuted  suite: FAILS (2 maxima)  gap: FAILS (2 maxima)
hall-bt4                     bt                 refuted  suite: FAILS (5 Pareto-maxima at the fewest frozen agents; 1 non-completable ones with frozen agents, none big-top)  hall: FAILS (5 Pareto-maxima at the fewest frozen agents; 1 non-completable ones with frozen agents, none big-top)
hall-bt4                     bt-cfg             refuted  suite: FAILS (7 Pareto-maximal configurations, 1 without owner and without frozen big-top agent)  gap: FAILS (7 Pareto-maximal configurations, 1 without owner and without frozen big-top agent)
hall-bt4                     pareto-T:bt        refuted  suite: FAILS (4 Pareto-maxima, 1 not completable (removal-only))
hall-bt4                     pareto-minfrozen   refuted  suite: FAILS (5 maxima, 1 not removal-only completable)  hall: FAILS (5 maxima, 1 not removal-only completable)
hall-cyc6                    pareto-nofrozen    refuted  suite: FAILS (56 Pareto-maxima without frozen agent, 1 not removal-only completable)  hall: FAILS (56 Pareto-maxima without frozen agent, 1 not removal-only completable)
hall-local3                  pareto             refuted  suite: FAILS (4 maxima, 1 not removal-only completable)  hall: FAILS (4 maxima, 1 not removal-only completable)
hall-local3                  pareto-T:bt        refuted  suite: FAILS (6 Pareto-maxima, 1 not completable (removal-only))
hall-local3                  pareto-T:low       refuted  suite: FAILS (5 Pareto-maxima, 1 not completable (removal-only))
hall-local3                  pre-every:pareto   refuted  suite: FAILS (4 maxima, 3 completable)  c4x: FAILS (4 maxima, 3 completable)
lb4-n2m5-upgrade             pre-every:(-frozen,slots) refuted  suite: FAILS (2 maxima, 1 completable)  c4x: FAILS (2 maxima, 1 completable)
lil-noncore-n3               lil                refuted  red: FAILS (98 non-completable configurations, 1 stuck)  gap: FAILS (98 non-completable configurations, 1 stuck)
lil-text-n3                  lil-text           refuted  suite+red_lib: FAILS (5 non-completable configurations, 1 stuck)
lil-text-n4                  lil-text           refuted  suite+red_lib: FAILS (42 non-completable configurations, 2 stuck)
red-a2-hstar                 cfg:r,lam          refuted  suite: FAILS (3 maxima, 3 not completable (max (2, 19)))  gap: FAILS (3 maxima, 3 not completable (max (2, 19)))
# expected refutations not reproduced: 0
