# command: python3 k4/thetab_cover.py k4/suite/.cache/sx/results/k4_sx/hunt/n4_3_r40k.jsonl.gz k4/suite/.cache/sx/results/k4_sx/hunt/n4_pure_r40k.jsonl.gz
  Lemma B (k = 1): B1                                                                                            52
  Lemma B (k = 1): no B1                                                                                         7
  Lemma C': C'                                                                                                   7
  Lemma C': C' fails: not two terminals, both leaves                                                             52
  Lemma C: C                                                                                                     56
  Lemma C: C fails: no robust pair meeting U_tau1                                                                3
  Lemma P (T = two theta-b leaves): C'-pair only                                                                 2
  Lemma P (T = two theta-b leaves): C-pair                                                                       5
  a (T3) move from P_Q to deficit <= 0: True                                                                     59
  case (i) Z′-maxima                                                                                             59
  case (i) keys                                                                                                  33
  case (i) keys: some maximum covered by C, C′ or B1 (exact hypotheses) = True                                   33
  case (i) keys: some maximum covered by C, C′ or B1 (structural hypotheses) = True                              33
  case (i) keys: some maximum covered by C, C′, B1 (exact) or k4/thetab.md = True                                33
  case (i) keys: some maximum covered by k4/thetab.md, first G1                                                  17
  case (i) keys: some maximum covered by k4/thetab.md, first K                                                   12
  case (i) keys: some maximum covered by k4/thetab.md, first W                                                   4
  cell: sx lemma B1 | thetab K | (H) True                                                                        1
  cell: sx lemma C | thetab G1 | (H) False                                                                       34
  cell: sx lemma C | thetab K | (H) True                                                                         18
  cell: sx lemma C | thetab W | (H) True                                                                         4
  cell: sx lemma C' | thetab K | (H) True                                                                        2
  k4/thetab.md at P_Q: first of W, K, G1, G1h: G1                                                                34
  k4/thetab.md at P_Q: first of W, K, G1, G1h: K                                                                 21
  k4/thetab.md at P_Q: first of W, K, G1, G1h: W                                                                 4
  non-completable keys                                                                                           299
  profiles                                                                                                       299
  shape n=4 omega=2 |T|=2 |VT|=1 |V|=2 T outside V=1 (H)=False                                                   34
  shape n=4 omega=2 |T|=2 |VT|=1 |V|=2 T outside V=1 (H)=True                                                    14
  shape n=4 omega=3 |T|=2 |VT|=1 |V|=2 T outside V=1 (H)=True                                                    4
  shape n=4 omega=3 |T|=2 |VT|=2 |V|=3 T outside V=0 (H)=True                                                    2
  shape n=4 omega=4 |T|=2 |VT|=2 |V|=3 T outside V=0 (H)=True                                                    5
smallest Z′-maximum per cell (shape, Lemma P, Lemma C, Lemma C′, Lemma B, first sx lemma, first of k4/thetab.md):
  ('|T|=2 |VT|=1', '-', 'C fails: no robust pair meeting U_tau1', "C' fails: not two terminals, both leaves", 'B1', 'B1', 'K'): n=4 m=10 k4_certs_4_pure.json.gz#185 {"sets": [[0, 2, 5, 9], [1, 4, 8, 9], [3, 5, 6, 7], [6, 7, 8, 9]], "vals": [[3, 6, 5, 7], [3, 2, 6, 10], [5, 6, 4, 8], [2, 3, 4, 8]], "m": 10} key=[9, None, None, None] Config(key=[9, None, None, None], Q={1: [1, 8], 2: [3, 5], 3: [6, 7]}, L=[0, 2, 4]) V [1, 2] T [1, 3]
  ('|T|=2 |VT|=1', '-', 'C', "C' fails: not two terminals, both leaves", 'B1', 'C', 'G1'): n=4 m=9 k4_certs_4_n4_3.json.gz#251 {"sets": [[0, 2, 7, 8], [1, 3, 7, 8], [4, 5, 6, 8], [4, 5, 6]], "vals": [[3, 5, 6, 7], [3, 6, 2, 10], [3, 4, 6, 8], [2, 3, 4]], "m": 9} key=[8, None, None, None] Config(key=[8, None, None, None], Q={1: [1, 3], 2: [4, 5], 3: [0, 6]}, L=[2, 7]) V [1, 3] T [1, 2]
  ('|T|=2 |VT|=1', '-', 'C', "C' fails: not two terminals, both leaves", 'B1', 'C', 'K'): n=4 m=9 k4_certs_4_n4_3.json.gz#251 {"sets": [[0, 2, 7, 8], [1, 3, 7, 8], [4, 5, 6, 8], [4, 5, 6]], "vals": [[2, 3, 4, 8], [6, 4, 5, 8], [2, 3, 4, 8], [2, 3, 4]], "m": 9} key=[None, 8, None, None] Config(key=[None, 8, None, None], Q={0: [2, 7], 2: [4, 5], 3: [1, 6]}, L=[0, 3]) V [0, 3] T [0, 2]
  ('|T|=2 |VT|=2', "C'-pair only", 'C fails: no robust pair meeting U_tau1', "C'", 'no B1', "C'", 'K'): n=4 m=10 k4_certs_4_n4_3.json.gz#327 {"sets": [[0, 2, 7, 9], [1, 5, 8, 9], [3, 6, 8, 9], [4, 7, 9]], "vals": [[5, 4, 6, 8], [4, 3, 2, 8], [3, 4, 2, 8], [4, 3, 2]], "m": 10} key=[9, None, None, None] Config(key=[9, None, None, None], Q={1: [1, 5], 2: [3, 6], 3: [4, 7]}, L=[0, 2, 8]) V [1, 2, 3] T [1, 2]
  ('|T|=2 |VT|=2', 'C-pair', 'C', "C'", 'no B1', 'C', 'K'): n=4 m=11 k4_certs_4_pure.json.gz#214 {"sets": [[0, 2, 7, 10], [1, 5, 8, 10], [3, 6, 9, 10], [4, 7, 8, 9]], "vals": [[3, 2, 4, 8], [8, 4, 3, 10], [3, 2, 4, 8], [7, 6, 5, 3]], "m": 11} key=[None, 10, None, None] Config(key=[None, 10, None, None], Q={0: [0, 7], 2: [3, 9], 3: [4, 8]}, L=[1, 2, 5, 6]) V [0, 2, 3] T [0, 2]
  ('|T|=2 |VT|=2', 'C-pair', 'C', "C'", 'no B1', 'C', 'W'): n=4 m=11 k4_certs_4_pure.json.gz#210 {"sets": [[0, 2, 8, 10], [1, 5, 8, 10], [3, 6, 9, 10], [4, 7, 9, 10]], "vals": [[5, 4, 6, 8], [6, 2, 3, 10], [4, 6, 3, 8], [4, 3, 2, 8]], "m": 11} key=[10, None, None, None] Config(key=[10, None, None, None], Q={1: [1, 8], 2: [3, 6], 3: [4, 7]}, L=[0, 2, 5, 9]) V [1, 2, 3] T [1, 3]
no assertion failed; time 39 s
