# command: python3 k4/thetab_cover.py results/k4_sx/hunt/n3_all_40.jsonl.gz --every=5
  Lemma B (k = 1): no B1                                                                                         775
  Lemma C': C'                                                                                                   775
  Lemma C: C                                                                                                     775
  Lemma P (T = two theta-b leaves): C-pair                                                                       775
  a (T3) move from P_Q to deficit <= 0: True                                                                     775
  case (i) Z′-maxima                                                                                             775
  case (i) keys                                                                                                  775
  case (i) keys: some maximum covered by C, C′ or B1 (exact hypotheses) = True                                   775
  case (i) keys: some maximum covered by C, C′ or B1 (structural hypotheses) = True                              775
  case (i) keys: some maximum covered by C, C′, B1 (exact) or k4/thetab.md = True                                775
  case (i) keys: some maximum covered by k4/thetab.md, first W                                                   775
  cell: sx lemma C | thetab W | (H) True                                                                         775
  k4/thetab.md at P_Q: first of W, K, G1, G1h: W                                                                 775
  non-completable keys                                                                                           5373
  profiles                                                                                                       5373
  shape n=3 omega=2 |T|=2 |VT|=2 |V|=2 T outside V=0 (H)=True                                                    128
  shape n=3 omega=3 |T|=2 |VT|=2 |V|=2 T outside V=0 (H)=True                                                    647
smallest Z′-maximum per cell (shape, Lemma P, Lemma C, Lemma C′, Lemma B, first sx lemma, first of k4/thetab.md):
  ('|T|=2 |VT|=2', 'C-pair', 'C', "C'", 'no B1', 'C', 'W'): n=3 m=7 k4_certs_3.json.gz#41 {"sets": [[0, 2, 5, 6], [1, 3, 4, 6], [3, 4, 5, 6]], "vals": [[2, 4, 3, 8], [6, 2, 3, 10], [3, 5, 6, 7]], "m": 7} key=[None, None, 6] Config(key=[None, None, 6], Q={0: [2, 5], 1: [1, 4]}, L=[0, 3]) V [0, 1] T [0, 1]
no assertion failed; time 62 s
