# command: python3 k4/thetab_cover.py k4/suite/.cache/sx/results/k4_sx/t3stage/profiles_f1.jsonl.gz
  Lemma B (k = 1): B1                                                                                            2
  Lemma B (k = 1): no B1                                                                                         543
  Lemma C': C'                                                                                                   543
  Lemma C': C' fails: not two terminals, both leaves                                                             2
  Lemma C: C                                                                                                     541
  Lemma C: C fails: no robust pair meeting U_tau1                                                                4
  Lemma P (T = two theta-b leaves): C'-pair only                                                                 4
  Lemma P (T = two theta-b leaves): C-pair                                                                       539
  a (T3) move from P_Q to deficit <= 0: True                                                                     545
  case (i) Z′-maxima                                                                                             545
  case (i) keys                                                                                                  544
  case (i) keys: some maximum covered by C, C′ or B1 (exact hypotheses) = True                                   544
  case (i) keys: some maximum covered by C, C′ or B1 (structural hypotheses) = True                              544
  case (i) keys: some maximum covered by C, C′, B1 (exact) or k4/thetab.md = True                                544
  case (i) keys: some maximum covered by k4/thetab.md, first G1                                                  1
  case (i) keys: some maximum covered by k4/thetab.md, first K                                                   4
  case (i) keys: some maximum covered by k4/thetab.md, first W                                                   539
  cell: sx lemma C | thetab G1 | (H) False                                                                       2
  cell: sx lemma C | thetab W | (H) True                                                                         539
  cell: sx lemma C' | thetab K | (H) True                                                                        4
  k4/thetab.md at P_Q: first of W, K, G1, G1h: G1                                                                2
  k4/thetab.md at P_Q: first of W, K, G1, G1h: K                                                                 4
  k4/thetab.md at P_Q: first of W, K, G1, G1h: W                                                                 539
  non-completable keys                                                                                           1241
  profiles                                                                                                       2541
  shape n=3 omega=2 |T|=2 |VT|=2 |V|=2 T outside V=0 (H)=True                                                    12
  shape n=3 omega=3 |T|=2 |VT|=2 |V|=2 T outside V=0 (H)=True                                                    526
  shape n=4 omega=2 |T|=2 |VT|=1 |V|=2 T outside V=1 (H)=False                                                   2
  shape n=4 omega=4 |T|=2 |VT|=2 |V|=3 T outside V=0 (H)=True                                                    5
smallest Z′-maximum per cell (shape, Lemma P, Lemma C, Lemma C′, Lemma B, first sx lemma, first of k4/thetab.md):
  ('|T|=2 |VT|=1', '-', 'C', "C' fails: not two terminals, both leaves", 'B1', 'C', 'G1'): n=4 m=9 gap_n4_3_s4000:k4_certs_4_n4_3.json.gz[m=9,idx=5]:106,48,94,3 {"sets": [[0, 2, 7, 8], [1, 3, 7, 8], [4, 5, 6, 8], [4, 5, 6]], "vals": [[6, 3, 2, 10], [3, 6, 5, 7], [4, 5, 2, 8], [3, 4, 2]], "m": 9} key=[None, 8, None, None] Config(key=[None, 8, None, None], Q={0: [0, 2], 2: [4, 6], 3: [1, 5]}, L=[3, 7]) V [0, 3] T [0, 2]
  ('|T|=2 |VT|=2', "C'-pair only", 'C fails: no robust pair meeting U_tau1', "C'", 'no B1', "C'", 'K'): n=4 m=11 hunt_n4_pure_s400k:k4_certs_4_pure.json.gz[m=11,idx=1]:38,72,93,83 {"sets": [[0, 2, 8, 10], [1, 5, 8, 10], [3, 6, 9, 10], [4, 7, 9, 10]], "vals": [[3, 4, 2, 8], [4, 3, 2, 8], [5, 3, 7, 6], [4, 6, 5, 8]], "m": 11} key=[None, None, None, 10] Config(key=[None, None, None, 10], Q={0: [0, 2], 1: [1, 5], 2: [3, 9]}, L=[4, 6, 7, 8]) V [0, 1, 2] T [0, 1]
  ('|T|=2 |VT|=2', 'C-pair', 'C', "C'", 'no B1', 'C', 'W'): n=3 m=7 gap_n3:k4_certs_3.json.gz[m=7,idx=5]:72,150,164 {"sets": [[0, 2, 5, 6], [1, 4, 5, 6], [3, 4, 5, 6]], "vals": [[4, 3, 2, 8], [6, 3, 2, 10], [6, 5, 3, 7]], "m": 7} key=[None, None, 6] Config(key=[None, None, 6], Q={0: [0, 2], 1: [1, 4]}, L=[3, 5]) V [0, 1] T [0, 1]
no assertion failed; time 27 s
