# command: python3 k4/thetab_cover.py results/k4_sx/hunt/n4_pure_r400k.jsonl.gz
  Lemma B (k = 1): B1                                                                                            129
  Lemma B (k = 1): B1'x                                                                                          4
  Lemma B (k = 1): no B1                                                                                         104
  Lemma C': C'                                                                                                   99
  Lemma C': C' fails: not exactly two terminals                                                                  5
  Lemma C': C' fails: tau1 not theta-b, the other terminal is not a leaf                                         133
  Lemma C: C                                                                                                     201
  Lemma C: C fails: no robust pair meeting U_tau1                                                                33
  Lemma C: Cx                                                                                                    3
  Lemma P (T = two theta-b leaves): C'-pair only                                                                 30
  Lemma P (T = two theta-b leaves): C-pair                                                                       68
  a (T3) move from P_Q to deficit <= 0: True                                                                     237
  case (i) Z′-maxima                                                                                             237
  case (i) keys                                                                                                  175
  case (i) keys: some maximum covered by C, C′ or B1 (exact hypotheses) = True                                   175
  case (i) keys: some maximum covered by C, C′ or B1 (structural hypotheses) = False                             4
  case (i) keys: some maximum covered by C, C′ or B1 (structural hypotheses) = True                              171
  case (i) keys: some maximum covered by C, C′, B1 (exact) or k4/thetab.md = True                                175
  case (i) keys: some maximum covered by k4/thetab.md, first G1                                                  58
  case (i) keys: some maximum covered by k4/thetab.md, first K                                                   52
  case (i) keys: some maximum covered by k4/thetab.md, first W                                                   65
  cell: sx lemma B1 | thetab G1 | (H) True                                                                       1
  cell: sx lemma B1'x | thetab K | (H) True                                                                      2
  cell: sx lemma C | thetab G1 | (H) False                                                                       106
  cell: sx lemma C | thetab K | (H) True                                                                         30
  cell: sx lemma C | thetab W | (H) True                                                                         65
  cell: sx lemma C' | thetab K | (H) True                                                                        31
  cell: sx lemma Cx | thetab K | (H) True                                                                        2
  k4/thetab.md at P_Q: first of W, K, G1, G1h: G1                                                                107
  k4/thetab.md at P_Q: first of W, K, G1, G1h: K                                                                 65
  k4/thetab.md at P_Q: first of W, K, G1, G1h: W                                                                 65
  non-completable keys                                                                                           2362
  profiles                                                                                                       2347
  shape n=4 omega=2 |T|=2 |VT|=1 |V|=2 T outside V=1 (H)=False                                                   96
  shape n=4 omega=2 |T|=2 |VT|=1 |V|=2 T outside V=1 (H)=True                                                    25
  shape n=4 omega=3 |T|=2 |VT|=1 |V|=2 T outside V=1 (H)=False                                                   5
  shape n=4 omega=3 |T|=2 |VT|=1 |V|=2 T outside V=1 (H)=True                                                    6
  shape n=4 omega=3 |T|=2 |VT|=2 |V|=3 T outside V=0 (H)=True                                                    7
  shape n=4 omega=4 |T|=2 |VT|=1 |V|=2 T outside V=1 (H)=True                                                    2
  shape n=4 omega=4 |T|=2 |VT|=2 |V|=3 T outside V=0 (H)=True                                                    91
  shape n=4 omega=4 |T|=3 |VT|=3 |V|=3 T outside V=0 (H)=False                                                   5
smallest Z′-maximum per cell (shape, Lemma P, Lemma C, Lemma C′, Lemma B, first sx lemma, first of k4/thetab.md):
  ('|T|=2 |VT|=1', '-', 'C fails: no robust pair meeting U_tau1', "C' fails: tau1 not theta-b, the other terminal is not a leaf", "B1'x", "B1'x", 'K'): n=4 m=11 k4_certs_4_pure.json.gz#212 {"sets": [[0, 2, 7, 8], [1, 5, 7, 10], [3, 6, 9, 10], [4, 8, 9, 10]], "vals": [[2, 7, 4, 10], [6, 5, 4, 8], [2, 3, 6, 10], [2, 3, 4, 8]], "m": 11} key=[None, 10, None, None] Config(key=[None, 10, None, None], Q={0: [2, 7], 2: [6, 9], 3: [4, 8]}, L=[0, 1, 3, 5]) V [0, 2] T [2, 3]
  ('|T|=2 |VT|=1', '-', 'C fails: no robust pair meeting U_tau1', "C'", "B1'x", "C'", 'K'): n=4 m=10 k4_certs_4_pure.json.gz#186 {"sets": [[0, 2, 7, 8], [1, 4, 7, 9], [3, 5, 6, 9], [5, 6, 8, 9]], "vals": [[7, 4, 2, 10], [3, 4, 2, 8], [3, 6, 5, 7], [3, 2, 6, 10]], "m": 10} key=[None, None, 9, None] Config(key=[None, None, 9, None], Q={0: [0, 2], 1: [1, 4], 3: [5, 8]}, L=[3, 6, 7]) V [0, 1] T [1, 3]
  ('|T|=2 |VT|=1', '-', 'C', "C' fails: tau1 not theta-b, the other terminal is not a leaf", 'B1', 'C', 'G1'): n=4 m=9 k4_certs_4_pure.json.gz#130 {"sets": [[0, 2, 7, 8], [1, 3, 7, 8], [4, 5, 6, 8], [4, 5, 6, 8]], "vals": [[2, 6, 3, 10], [3, 5, 6, 7], [7, 2, 6, 10], [8, 2, 7, 4]], "m": 9} key=[None, 8, None, None] Config(key=[None, 8, None, None], Q={0: [2, 7], 2: [5, 6], 3: [1, 4]}, L=[0, 3]) V [0, 3] T [0, 2]
  ('|T|=2 |VT|=1', '-', 'C', "C' fails: tau1 not theta-b, the other terminal is not a leaf", 'B1', 'C', 'K'): n=4 m=9 k4_certs_4_pure.json.gz#130 {"sets": [[0, 2, 7, 8], [1, 3, 7, 8], [4, 5, 6, 8], [4, 5, 6, 8]], "vals": [[2, 3, 4, 8], [6, 3, 5, 7], [2, 8, 7, 4], [2, 4, 3, 8]], "m": 9} key=[None, 8, None, None] Config(key=[None, 8, None, None], Q={0: [2, 7], 2: [1, 5], 3: [4, 6]}, L=[0, 3]) V [0, 2] T [0, 3]
  ('|T|=2 |VT|=1', '-', 'Cx', "C' fails: tau1 not theta-b, the other terminal is not a leaf", "B1'x", 'Cx', 'K'): n=4 m=9 k4_certs_4_pure.json.gz#154 {"sets": [[0, 2, 4, 5], [1, 3, 4, 8], [3, 6, 7, 8], [5, 6, 7, 8]], "vals": [[2, 7, 10, 4], [3, 4, 2, 8], [6, 2, 3, 10], [6, 4, 5, 8]], "m": 9} key=[None, None, None, 8] Config(key=[None, None, None, 8], Q={0: [2, 5], 1: [1, 4], 2: [3, 7]}, L=[0, 6]) V [0, 2] T [1, 2]
  ('|T|=2 |VT|=1', '-', 'Cx', "C' fails: tau1 not theta-b, the other terminal is not a leaf", 'B1', 'B1', 'G1'): n=4 m=9 k4_certs_4_pure.json.gz#167 {"sets": [[0, 3, 4, 5], [1, 3, 7, 8], [2, 6, 7, 8], [4, 5, 6, 8]], "vals": [[10, 3, 6, 8], [3, 5, 6, 7], [3, 6, 2, 10], [2, 3, 4, 8]], "m": 9} key=[None, 8, None, None] Config(key=[None, 8, None, None], Q={0: [0, 3], 2: [2, 6], 3: [4, 5]}, L=[1, 7]) V [0, 2] T [2, 3]
  ('|T|=2 |VT|=1', '-', 'Cx', "C' fails: tau1 not theta-b, the other terminal is not a leaf", 'no B1', 'Cx', 'K'): n=4 m=9 k4_certs_4_pure.json.gz#154 {"sets": [[0, 2, 4, 5], [1, 3, 4, 8], [3, 6, 7, 8], [5, 6, 7, 8]], "vals": [[4, 5, 8, 2], [3, 4, 2, 8], [6, 2, 3, 10], [6, 3, 5, 7]], "m": 9} key=[None, None, None, 8] Config(key=[None, None, None, 8], Q={0: [0, 2], 1: [1, 4], 2: [3, 7]}, L=[5, 6]) V [0, 2] T [1, 2]
  ('|T|=2 |VT|=2', "C'-pair only", 'C fails: no robust pair meeting U_tau1', "C'", 'no B1', "C'", 'K'): n=4 m=10 k4_certs_4_pure.json.gz#190 {"sets": [[0, 2, 7, 9], [1, 5, 8, 9], [3, 6, 8, 9], [4, 7, 8, 9]], "vals": [[6, 3, 5, 7], [3, 4, 2, 8], [3, 4, 2, 8], [10, 4, 2, 7]], "m": 10} key=[9, None, None, None] Config(key=[9, None, None, None], Q={1: [1, 5], 2: [3, 6], 3: [4, 7]}, L=[0, 2, 8]) V [1, 2, 3] T [1, 2]
  ('|T|=2 |VT|=2', 'C-pair', 'C', "C'", 'no B1', 'C', 'K'): n=4 m=11 k4_certs_4_pure.json.gz#214 {"sets": [[0, 2, 7, 10], [1, 5, 8, 10], [3, 6, 9, 10], [4, 7, 8, 9]], "vals": [[4, 7, 2, 10], [3, 2, 4, 8], [2, 3, 4, 8], [4, 8, 6, 5]], "m": 11} key=[10, None, None, None] Config(key=[10, None, None, None], Q={1: [1, 8], 2: [6, 9], 3: [4, 7]}, L=[0, 2, 3, 5]) V [1, 2, 3] T [1, 2]
  ('|T|=2 |VT|=2', 'C-pair', 'C', "C'", 'no B1', 'C', 'W'): n=4 m=10 k4_certs_4_pure.json.gz#181 {"sets": [[0, 2, 6, 9], [1, 4, 7, 9], [3, 5, 8, 9], [6, 7, 8, 9]], "vals": [[6, 4, 5, 8], [3, 4, 2, 8], [3, 8, 10, 4], [3, 2, 6, 10]], "m": 10} key=[9, None, None, None] Config(key=[9, None, None, None], Q={1: [1, 4], 2: [3, 5], 3: [6, 8]}, L=[0, 2, 7]) V [1, 2, 3] T [1, 3]
  ('|T|=3 |VT|=3', '-', 'C', "C' fails: not exactly two terminals", 'no B1', 'C', 'G1'): n=4 m=11 k4_certs_4_pure.json.gz#210 {"sets": [[0, 2, 8, 10], [1, 5, 8, 10], [3, 6, 9, 10], [4, 7, 9, 10]], "vals": [[3, 2, 4, 8], [5, 4, 6, 8], [4, 3, 2, 8], [3, 4, 2, 8]], "m": 11} key=[None, 10, None, None] Config(key=[None, 10, None, None], Q={0: [0, 8], 2: [3, 6], 3: [4, 7]}, L=[1, 2, 5, 9]) V [0, 2, 3] T [0, 2, 3]
no assertion failed; time 260 s
