# command: python3 k4/thetab_scan.py catalog gap_n4_3_s4000.json.gz --every=4
# input catalog gap_n4_3_s4000.json.gz --every=4
  n=4 | (H) | T1stuck | theorem G1 | Lemma G certifies | plain swap                                              1
  n=4 | (H) | T1stuck | theorem K | Lemma G certifies | plain swap                                               4
  n=4 | (H) | T1stuck | theorem W | Lemma G certifies | plain swap                                               6
  n=4 | (H) | T3stage | theorem K | Lemma G certifies | plain swap                                               3
  n=4 | (H) | T3stage | theorem W | Lemma G certifies | plain swap                                               22
  n=4 | (H) | other | theorem - | Lemma G certifies | plain swap                                                 6
  n=4 | (H) | other | theorem - | Lemma G does not certify | NO plain swap                                       9
  n=4 | (H) | other | theorem G1 | Lemma G certifies | plain swap                                                74
  n=4 | (H) | other | theorem K | Lemma G certifies | plain swap                                                 118
  n=4 | (H) | other | theorem S | Lemma G certifies | plain swap                                                 6
  n=4 | (H) | other | theorem W | Lemma G certifies | plain swap                                                 119
  n=4 | needers 4+BT | T3stage | theorem G1 | Lemma G certifies | plain swap                                     6
  n=4 | one needer | Corollary G1 applies                                                                        198
  n=4 | one needer | Corollary G1 does not apply                                                                 449
  profiles                                                                                                       14591
  profiles with f = 1, omega >= 1                                                                                13836
smallest state per uncovered cell (no theorem, or no certified / exact plain swap):
  n=4 | (H) | other | - | False | NO plain swap: n=4 m=9 gap_n4_3_s4000.json.gz:k4_certs_4_n4_3.json.gz[m=9,idx=3]:64,20,285,0 {"sets": [[0, 2, 4, 8], [1, 3, 7, 8], [4, 5, 6, 7], [5, 6, 8]], "vals": [[4, 2, 3, 8], [2, 6, 3, 10], [10, 8, 3, 6], [2, 3, 4]], "m": 9} P=[[0, 2], [1, 3], [4, 6], [8]]
  n=4 | (H) | other | - | True | plain swap: n=4 m=10 gap_n4_3_s4000.json.gz:k4_certs_4_n4_3.json.gz[m=10,idx=8]:20,75,36,3 {"sets": [[0, 2, 7, 8], [1, 5, 7, 9], [3, 6, 8, 9], [4, 8, 9]], "vals": [[2, 6, 3, 10], [4, 3, 8, 6], [3, 2, 8, 4], [3, 4, 2]], "m": 10} P=[[0, 2], [1, 9], [3, 6], [8]]
no assertion failed
