# command: python3 k4/thetab_scan.py hunt 1 1000000 --nmin=4 --nmax=5 --tlim=900
# input hunt 1 1000000 --nmin=4 --nmax=5 --tlim=900
  n=4 | (H) | T1stuck | theorem G1 | Lemma G certifies a plain swap | plain swap                                                     125
  n=4 | (H) | T1stuck | theorem G1h | Lemma G certifies a swap with helper | plain swap                                              10
  n=4 | (H) | T1stuck | theorem K | Lemma G certifies a plain swap | plain swap                                                      530
  n=4 | (H) | T1stuck | theorem W | Lemma G certifies a plain swap | plain swap                                                      240
  n=4 | (H) | T3stage | theorem G1 | Lemma G certifies a plain swap | plain swap | key: (T3) to a better key from P | key: G1 certifies from P, plain 205
  n=4 | (H) | T3stage | theorem G1h | Lemma G certifies a swap with helper | NO plain swap, a (T3) move with helper | key: (T3) to a better key from P | key: G1 certifies from P, helper 4
  n=4 | (H) | T3stage | theorem G1h | Lemma G certifies a swap with helper | plain swap | key: (T3) to a better key from P | key: G1 certifies from P, helper 4
  n=4 | (H) | T3stage | theorem K | Lemma G certifies a plain swap | plain swap | key: (T3) to a better key from P | key: G1 certifies from P, plain 604
  n=4 | (H) | T3stage | theorem W | Lemma G certifies a plain swap | plain swap | key: (T3) to a better key from P | key: G1 certifies from P, plain 587
  n=4 | (H) | other | theorem G1 | Lemma G certifies a plain swap | plain swap                                                       3388
  n=4 | (H) | other | theorem G1h | Lemma G certifies a plain swap | plain swap                                                      1
  n=4 | (H) | other | theorem G1h | Lemma G certifies a swap with helper | NO plain swap                                             252
  n=4 | (H) | other | theorem G1h | Lemma G certifies a swap with helper | plain swap                                                15
  n=4 | (H) | other | theorem K | Lemma G certifies a plain swap | plain swap                                                        6898
  n=4 | (H) | other | theorem W | Lemma G certifies a plain swap | plain swap                                                        5544
  n=4 | needers 3+BT+BT | T3stage | theorem G1 | Lemma G certifies a plain swap | plain swap | key: (T3) to a better key from P | key: G1 certifies from P, plain 15
  n=4 | needers 4+BT+BT | T3stage | theorem G1 | Lemma G certifies a plain swap | plain swap | key: (T3) to a better key from P | key: G1 certifies from P, plain 117
  n=4 | needers BT+BT+BT | T3stage | theorem G1 | Lemma G certifies a plain swap | plain swap | key: (T3) to a better key from P | key: G1 certifies from P, plain 74
  n=4 | one needer | G1 or G1h applies                                                                                               1129
  n=5 | (H) | T1stuck | theorem G1 | Lemma G certifies a plain swap | plain swap                                                     16
  n=5 | (H) | T1stuck | theorem G1h | Lemma G certifies a swap with helper | NO plain swap                                           2
  n=5 | (H) | T1stuck | theorem K | Lemma G certifies a plain swap | plain swap                                                      64
  n=5 | (H) | T1stuck | theorem W | Lemma G certifies a plain swap | plain swap                                                      145
  n=5 | (H) | T3stage | theorem G1 | Lemma G certifies a plain swap | plain swap | key: (T3) to a better key from P | key: G1 certifies from P, plain 2
  n=5 | (H) | other | theorem - | Lemma G certifies none | NO plain swap                                                             1
  n=5 | (H) | other | theorem G1 | Lemma G certifies a plain swap | plain swap                                                       1654
  n=5 | (H) | other | theorem G1h | Lemma G certifies a swap with helper | NO plain swap                                             106
  n=5 | (H) | other | theorem G1h | Lemma G certifies a swap with helper | plain swap                                                4
  n=5 | (H) | other | theorem K | Lemma G certifies a plain swap | plain swap                                                        2833
  n=5 | (H) | other | theorem W | Lemma G certifies a plain swap | plain swap                                                        1715
  n=5 | one needer | G1 does not apply                                                                                               4
  n=5 | one needer | G1 or G1h applies                                                                                               559
  profiles                                                                                                                           62272
  profiles with f = 1, omega >= 1                                                                                                    21069
smallest state per uncovered cell (no theorem, no certificate, or no plain swap):
  n=4 | (H) | T3stage | G1h | Lemma G certifies a swap with helper | NO plain swap, a (T3) move with helper | key: (T3) to a better key from P | key: G1 certifies from P, helper: n=4 m=8 hunt:1:27942 {"sets": [[0, 4, 5, 6], [0, 1, 2, 3], [0, 1, 2, 3], [7, 5, 1, 4]], "vals": [[12, 10, 9, 8], [13, 7, 5, 4], [15, 8, 6, 4], [12, 7, 8, 6]], "m": 8} P=[[0], [1], [2, 3], [4, 5]]
  n=4 | (H) | other | G1h | Lemma G certifies a swap with helper | NO plain swap: n=4 m=8 hunt:1:25135 {"sets": [[0, 4, 5, 6], [0, 1, 2, 3], [0, 1, 2, 3], [7, 1, 5, 4]], "vals": [[15, 11, 8, 2], [13, 6, 5, 4], [15, 7, 6, 5], [7, 15, 14, 4]], "m": 8} P=[[0], [1], [2, 3], [4, 5]]
  n=5 | (H) | T1stuck | G1h | Lemma G certifies a swap with helper | NO plain swap: n=5 m=13 hunt:1:47446 {"sets": [[0, 6, 7, 8], [0, 1, 2, 3], [0, 4, 2, 5], [9, 10, 1, 4], [11, 6, 5, 12]], "vals": [[15, 14, 12, 5], [15, 7, 6, 3], [15, 8, 6, 4], [6, 15, 14, 13], [9, 10, 6, 2]], "m": 13} P=[[0], [1, 3], [4, 5], [9, 10], [6, 12]]
  n=5 | (H) | other | - | Lemma G certifies none | NO plain swap: n=5 m=12 hunt:1:30873 {"sets": [[0, 1, 6, 3], [0, 1, 2, 3], [0, 4, 5, 3], [7, 8, 9, 6], [10, 11, 9, 1]], "vals": [[13, 8, 4, 3], [12, 6, 5, 3], [14, 7, 6, 2], [15, 4, 12, 9], [8, 3, 10, 14]], "m": 12} P=[[0], [2, 3], [4, 5], [8, 9], [1, 11]]
  n=5 | (H) | other | G1h | Lemma G certifies a swap with helper | NO plain swap: n=5 m=11 hunt:1:3074 {"sets": [[0, 3, 5, 7], [0, 1, 2, 3], [0, 4, 5, 6], [0, 5, 8, 9], [3, 10, 7, 9]], "vals": [[13, 11, 10, 7], [15, 9, 4, 3], [12, 6, 5, 4], [10, 7, 8, 12], [9, 12, 8, 6]], "m": 11} P=[[0], [1, 2], [4, 6], [5, 8], [3, 7]]
no assertion failed
