# command: python3 k4/thetab_scan.py catalog gap_n4_pure_s4000.json.gz --every=4
# input catalog gap_n4_pure_s4000.json.gz --every=4
  n=4 | (H) | T1stuck | theorem - | Lemma G does not certify | plain swap                                        1
  n=4 | (H) | T1stuck | theorem K | Lemma G certifies | plain swap                                               32
  n=4 | (H) | T1stuck | theorem W | Lemma G certifies | plain swap                                               11
  n=4 | (H) | T3stage | theorem G1 | Lemma G certifies | plain swap                                              4
  n=4 | (H) | T3stage | theorem K | Lemma G certifies | plain swap                                               41
  n=4 | (H) | T3stage | theorem W | Lemma G certifies | plain swap                                               40
  n=4 | (H) | other | theorem - | Lemma G certifies | plain swap                                                 15
  n=4 | (H) | other | theorem - | Lemma G does not certify | NO plain swap                                       13
  n=4 | (H) | other | theorem - | Lemma G does not certify | plain swap                                          3
  n=4 | (H) | other | theorem G1 | Lemma G certifies | plain swap                                                244
  n=4 | (H) | other | theorem K | Lemma G certifies | plain swap                                                 613
  n=4 | (H) | other | theorem S | Lemma G certifies | plain swap                                                 4
  n=4 | (H) | other | theorem W | Lemma G certifies | plain swap                                                 439
  n=4 | needers 4+4+BT | T3stage | theorem G1 | Lemma G certifies | plain swap                                   11
  n=4 | needers 4+BT | T3stage | theorem G1 | Lemma G certifies | plain swap                                     43
  n=4 | needers 4+BT+BT | T3stage | theorem G1 | Lemma G certifies | plain swap                                  2
  n=4 | one needer | Corollary G1 applies                                                                        1416
  n=4 | one needer | Corollary G1 does not apply                                                                 1594
  profiles                                                                                                       11276
  profiles with f = 1, omega >= 1                                                                                10845
smallest state per uncovered cell (no theorem, or no certified / exact plain swap):
  n=4 | (H) | T1stuck | - | False | plain swap: n=4 m=10 gap_n4_pure_s4000.json.gz:k4_certs_4_pure.json.gz[m=10,idx=13]:60,8,93,84 {"sets": [[0, 2, 7, 9], [1, 5, 8, 9], [3, 6, 8, 9], [4, 7, 8, 9]], "vals": [[3, 10, 6, 8], [2, 3, 8, 4], [5, 3, 7, 6], [4, 2, 8, 3]], "m": 10} P=[[0, 9], [1, 5], [8], [4, 7]]
  n=4 | (H) | other | - | False | NO plain swap: n=4 m=9 gap_n4_pure_s4000.json.gz:k4_certs_4_pure.json.gz[m=9,idx=5]:38,20,245,105 {"sets": [[0, 2, 4, 8], [1, 3, 7, 8], [4, 5, 6, 7], [5, 6, 7, 8]], "vals": [[3, 4, 2, 8], [2, 6, 3, 10], [8, 6, 3, 4], [4, 7, 2, 10]], "m": 9} P=[[0, 2], [1, 3], [5, 6], [8]]
  n=4 | (H) | other | - | False | plain swap: n=4 m=9 gap_n4_pure_s4000.json.gz:k4_certs_4_pure.json.gz[m=9,idx=8]:79,46,93,42 {"sets": [[0, 2, 7, 8], [1, 3, 7, 8], [4, 5, 6, 7], [4, 5, 6, 8]], "vals": [[4, 5, 6, 8], [3, 6, 2, 10], [4, 3, 10, 8], [3, 2, 4, 8]], "m": 9} P=[[8], [1, 3], [4, 7], [5, 6]]
  n=4 | (H) | other | - | True | plain swap: n=4 m=10 gap_n4_pure_s4000.json.gz:k4_certs_4_pure.json.gz[m=10,idx=13]:117,40,80,156 {"sets": [[0, 2, 7, 9], [1, 5, 8, 9], [3, 6, 8, 9], [4, 7, 8, 9]], "vals": [[6, 4, 8, 5], [3, 4, 8, 2], [4, 5, 8, 2], [6, 3, 10, 2]], "m": 10} P=[[0, 9], [5], [8], [4, 7]]
no assertion failed
