# command: python3 k4/thetab_targets.py 
  all | S1 theta-a | f=1                                                                               2
  all | S1 theta-b | f=1                                                                               1199
  all | S1 theta-b | f=2                                                                               43
  all | noS1 | f=1                                                                                     22
  all | noS1 | f=2                                                                                     77
  f=1 | S1 theta-a | n=4 | Theorem W hypotheses | not (H)                                              2
  f=1 | S1 theta-a | n=4 | first Lemma G mode | ('W1', 'quiet', 'other needer')                        2
  f=1 | S1 theta-a | n=4 | first theorem | none                                                        2
  f=1 | S1 theta-a | n=4 | needers 4+4+BT | x 4                                                        2
  f=1 | S1 theta-a | some repair: | helper | helper                                                    2
  f=1 | S1 theta-a | some repair: | helper | other needer                                              2
  f=1 | S1 theta-a | some repair: | helper | x                                                         2
  f=1 | S1 theta-a | some repair: | no helper | other needer                                           2
  f=1 | S1 theta-a | some repair: | no helper | x                                                      1
  f=1 | S1 theta-b | n=3 | Theorem W hypotheses | hold                                                 1154
  f=1 | S1 theta-b | n=3 | first Lemma G mode | ('W1', 'quiet', 'other needer')                        1154
  f=1 | S1 theta-b | n=3 | first theorem | W                                                           1154
  f=1 | S1 theta-b | n=3 | needers BT+BT | x 4                                                         1154
  f=1 | S1 theta-b | n=4 | Theorem W hypotheses | a free agent other than the needers is not tame      1
  f=1 | S1 theta-b | n=4 | Theorem W hypotheses | a lower good of x in another base; no lower good of x valued by a needer 22
  f=1 | S1 theta-b | n=4 | Theorem W hypotheses | hold                                                 15
  f=1 | S1 theta-b | n=4 | Theorem W hypotheses | no lower good of x valued by a needer                5
  f=1 | S1 theta-b | n=4 | Theorem W hypotheses | not (H)                                              2
  f=1 | S1 theta-b | n=4 | first Lemma G mode | ('K', 'quiet', 'other needer')                         22
  f=1 | S1 theta-b | n=4 | first Lemma G mode | ('S', 'quiet', 'other needer')                         2
  f=1 | S1 theta-b | n=4 | first Lemma G mode | ('W1', 'quiet', 'other needer')                        20
  f=1 | S1 theta-b | n=4 | first Lemma G mode | ('W1', 'quiet', 'third agent')                         1
  f=1 | S1 theta-b | n=4 | first theorem | K                                                           27
  f=1 | S1 theta-b | n=4 | first theorem | W                                                           15
  f=1 | S1 theta-b | n=4 | first theorem | none                                                        3
  f=1 | S1 theta-b | n=4 | needers 4+BT | x 4                                                          1
  f=1 | S1 theta-b | n=4 | needers 4+BT+BT | x 4                                                       1
  f=1 | S1 theta-b | n=4 | needers BT+BT | x 4                                                         43
  f=1 | S1 theta-b | some repair: | helper | helper                                                    1198
  f=1 | S1 theta-b | some repair: | helper | other needer                                              43
  f=1 | S1 theta-b | some repair: | helper | third agent                                               24
  f=1 | S1 theta-b | some repair: | helper | x                                                         1022
  f=1 | S1 theta-b | some repair: | no helper | other needer                                           1199
  f=1 | S1 theta-b | some repair: | no helper | third agent                                            17
  f=1 | S1 theta-b | some repair: | no helper | x                                                      470
  f=1 | noS1 | n=4 | Theorem W hypotheses | no lower good of x valued by a needer                      20
  f=1 | noS1 | n=4 | Theorem W hypotheses | no lower good of x valued by a needer; a free agent other than the needers is not tame 2
  f=1 | noS1 | n=4 | first Lemma G mode | ('K', 'quiet', 'other needer')                               4
  f=1 | noS1 | n=4 | first Lemma G mode | ('W1', 'quiet', 'other needer')                              2
  f=1 | noS1 | n=4 | first Lemma G mode | ('W1', 'quiet', 'third agent')                               16
  f=1 | noS1 | n=4 | first theorem | K                                                                 20
  f=1 | noS1 | n=4 | first theorem | none                                                              2
  f=1 | noS1 | n=4 | needers BT+BT | x 4                                                               22
  f=1 | noS1 | some repair: | helper | helper                                                          22
  f=1 | noS1 | some repair: | helper | other needer                                                    22
  f=1 | noS1 | some repair: | helper | third agent                                                     20
  f=1 | noS1 | some repair: | helper | x                                                               22
  f=1 | noS1 | some repair: | no helper | other needer                                                 22
  f=1 | noS1 | some repair: | no helper | third agent                                                  20
  f=1 | noS1 | some repair: | no helper | x                                                            20
smallest target per (class, f):
  S1 theta-a f=1: n=4 m=11 gap_n4_pure_s4000:k4_certs_4_pure.json.gz[m=11,idx=1]:90,51,46,95 sets=[[0, 2, 8, 10], [1, 5, 8, 10], [3, 6, 9, 10], [4, 7, 9, 10]] vals=[[5, 2, 4, 8], [3, 6, 8, 10], [3, 6, 2, 10], [5, 4, 6, 8]] P=[[0, 2], [1, 5], [6], [10]]
  S1 theta-b f=1: n=3 m=7 gap_n3:k4_certs_3.json.gz[m=7,idx=5]:20,146,100 sets=[[0, 2, 5, 6], [1, 4, 5, 6], [3, 4, 5, 6]] vals=[[2, 6, 3, 10], [6, 2, 3, 10], [4, 6, 5, 8]] P=[[0, 2], [1, 4], [6]]
  S1 theta-b f=2: n=4 m=10 hunt_n4_pure_s400k:k4_certs_4_pure.json.gz[m=10,idx=8]:10,10,148,218 sets=[[0, 2, 5, 9], [1, 4, 8, 9], [3, 5, 6, 7], [6, 7, 8, 9]] vals=[[2, 4, 3, 8], [2, 4, 3, 8], [6, 2, 10, 3], [8, 3, 2, 4]] P=[[0, 5], [1, 4], [6], [9]]
  noS1 f=1: n=4 m=11 gap_n4_pure_s4000:k4_certs_4_pure.json.gz[m=11,idx=1]:38,10,99,44 sets=[[0, 2, 8, 10], [1, 5, 8, 10], [3, 6, 9, 10], [4, 7, 9, 10]] vals=[[3, 4, 2, 8], [2, 4, 3, 8], [5, 6, 8, 4], [3, 5, 6, 7]] P=[[2], [5], [3, 6], [10]]
  noS1 f=2: n=4 m=9 k4_certs_4_n4_3[m=9,idx=9]:48,34,87,1 sets=[[0, 2, 5, 7], [1, 4, 6, 8], [3, 5, 7, 8], [6, 7, 8]] vals=[[3, 6, 5, 7], [3, 2, 4, 8], [4, 2, 10, 7], [2, 4, 3]] P=[[7], [6], [3], [8]]
no assertion failed
