# command: python3 k4/cover_hunt.py results/k4_cover/hunt/f1_seed0.jsonl.gz --minutes=25 --rng=0 --seedfile=results/k4_cover/hunt/seeds_f1.jsonl.gz:0
# seed: n=4 m=10 start score -1 tags ["only C'"]
FOUND ['UNCOVERED'] {"sets": [[0, 2, 7, 9], [1, 5, 8, 9], [3, 6, 8, 9], [4, 7, 8, 9]], "vals": [[6, 5, 4, 8], [4, 1, 8, 6], [3, 2, 4, 8], [2, 4, 10, 7]], "m": 10, "f": 2}
FOUND ['UNCOVERED'] {"sets": [[0, 2, 7, 9], [1, 5, 8, 9], [3, 6, 8, 9], [4, 7, 8, 9]], "vals": [[6, 5, 4, 8], [4, 1, 8, 6], [3, 6, 8, 10], [2, 4, 10, 7]], "m": 10, "f": 2}
FOUND ['UNCOVERED'] {"sets": [[0, 2, 7, 9], [1, 5, 8, 9], [3, 6, 8, 9], [4, 7, 8, 9]], "vals": [[6, 5, 4, 8], [4, 1, 8, 6], [6, 2, 7, 10], [2, 4, 10, 7]], "m": 10, "f": 2}
FOUND ['UNCOVERED'] {"sets": [[0, 2, 7, 9], [1, 5, 8, 9], [3, 6, 8, 9], [4, 7, 8, 9]], "vals": [[4, 6, 5, 8], [4, 1, 8, 6], [6, 2, 7, 10], [2, 4, 10, 7]], "m": 10, "f": 2}
FOUND ['UNCOVERED'] {"sets": [[0, 2, 7, 9], [1, 5, 8, 9], [3, 6, 8, 9], [4, 7, 8, 9]], "vals": [[6, 5, 4, 8], [4, 1, 8, 6], [6, 2, 7, 10], [2, 4, 10, 7]], "m": 10, "f": 2}
FOUND ['UNCOVERED'] {"sets": [[0, 2, 7, 9], [1, 5, 8, 9], [3, 6, 8, 9], [4, 7, 8, 9]], "vals": [[4, 6, 5, 8], [4, 1, 8, 6], [3, 4, 6, 8], [2, 4, 10, 7]], "m": 10, "f": 2}
FOUND ['UNCOVERED'] {"sets": [[0, 2, 7, 9], [1, 5, 8, 9], [3, 6, 8, 9], [4, 7, 8, 9]], "vals": [[4, 6, 5, 8], [4, 3, 10, 8], [3, 4, 6, 8], [2, 4, 10, 7]], "m": 10, "f": 2}
FOUND ['UNCOVERED'] {"sets": [[0, 2, 7, 9], [1, 5, 8, 9], [3, 6, 8, 9], [4, 7, 8, 9]], "vals": [[4, 6, 5, 8], [4, 1, 8, 6], [3, 4, 6, 8], [2, 4, 10, 7]], "m": 10, "f": 2}
FOUND ['UNCOVERED'] {"sets": [[0, 2, 7, 9], [1, 5, 8, 9], [3, 6, 8, 9], [4, 7, 8, 9]], "vals": [[4, 6, 5, 8], [4, 1, 8, 6], [3, 2, 4, 8], [2, 4, 10, 7]], "m": 10, "f": 2}
FOUND ['UNCOVERED'] {"sets": [[0, 2, 7, 9], [1, 5, 8, 9], [3, 6, 8, 9], [4, 7, 8, 9]], "vals": [[4, 6, 5, 8], [4, 1, 8, 6], [3, 2, 4, 8], [4, 3, 10, 8]], "m": 10, "f": 2}
FOUND ['UNCOVERED'] {"sets": [[0, 2, 7, 9], [1, 5, 8, 9], [3, 6, 8, 9], [4, 7, 8, 9]], "vals": [[3, 6, 5, 7], [4, 1, 8, 6], [3, 2, 4, 8], [2, 4, 10, 7]], "m": 10, "f": 2}
FOUND ['UNCOVERED'] {"sets": [[0, 2, 7, 9], [1, 5, 8, 9], [3, 6, 8, 9], [4, 7, 8, 9]], "vals": [[4, 5, 6, 8], [4, 1, 8, 6], [3, 2, 4, 8], [2, 4, 10, 7]], "m": 10, "f": 2}
FOUND ['UNCOVERED'] {"sets": [[0, 2, 7, 9], [1, 5, 8, 9], [3, 6, 8, 9], [4, 7, 8, 9]], "vals": [[4, 5, 6, 8], [4, 1, 8, 6], [3, 2, 4, 8], [4, 3, 10, 8]], "m": 10, "f": 2}
FOUND ['UNCOVERED'] {"sets": [[0, 2, 7, 9], [1, 5, 8, 9], [3, 6, 8, 9], [4, 7, 8, 9]], "vals": [[6, 3, 5, 7], [4, 1, 8, 6], [3, 2, 4, 8], [4, 3, 10, 8]], "m": 10, "f": 2}
FOUND ['UNCOVERED'] {"sets": [[0, 2, 7, 9], [1, 5, 8, 9], [3, 6, 8, 9], [4, 7, 8, 9]], "vals": [[6, 3, 5, 7], [4, 1, 8, 6], [2, 6, 7, 10], [4, 3, 10, 8]], "m": 10, "f": 2}
FOUND ['UNCOVERED'] {"sets": [[0, 2, 7, 9], [1, 5, 8, 9], [3, 6, 8, 9], [4, 7, 8, 9]], "vals": [[6, 3, 5, 7], [4, 1, 8, 6], [2, 4, 5, 8], [4, 3, 10, 8]], "m": 10, "f": 2}
FOUND ['UNCOVERED'] {"sets": [[0, 2, 7, 9], [1, 5, 8, 9], [3, 6, 8, 9], [4, 7, 8, 9]], "vals": [[6, 3, 5, 7], [4, 1, 8, 6], [3, 4, 6, 8], [4, 3, 10, 8]], "m": 10, "f": 2}
FOUND ['UNCOVERED'] {"sets": [[0, 2, 7, 9], [1, 5, 8, 9], [3, 6, 8, 9], [4, 7, 8, 9]], "vals": [[6, 3, 5, 7], [4, 1, 8, 6], [3, 2, 4, 8], [4, 3, 10, 8]], "m": 10, "f": 2}
FOUND ['UNCOVERED'] {"sets": [[0, 2, 7, 9], [1, 5, 8, 9], [3, 6, 8, 9], [4, 7, 8, 9]], "vals": [[6, 3, 5, 7], [4, 1, 8, 6], [3, 2, 4, 8], [3, 4, 10, 8]], "m": 10, "f": 2}
FOUND ['UNCOVERED'] {"sets": [[0, 2, 7, 9], [1, 5, 8, 9], [3, 6, 8, 9], [4, 7, 8, 9]], "vals": [[6, 3, 5, 7], [4, 1, 8, 6], [4, 2, 5, 8], [4, 3, 10, 8]], "m": 10, "f": 2}
FOUND ['UNCOVERED'] {"sets": [[0, 2, 7, 9], [1, 5, 8, 9], [3, 6, 8, 9], [4, 7, 8, 9]], "vals": [[6, 3, 5, 7], [4, 1, 8, 6], [4, 3, 6, 8], [4, 3, 10, 8]], "m": 10, "f": 2}
FOUND ['UNCOVERED'] {"sets": [[0, 2, 7, 9], [1, 5, 8, 9], [3, 6, 8, 9], [4, 7, 8, 9]], "vals": [[6, 3, 5, 7], [2, 4, 8, 7], [4, 3, 6, 8], [4, 3, 10, 8]], "m": 10, "f": 2}
FOUND ['UNCOVERED'] {"sets": [[0, 2, 7, 9], [1, 5, 8, 9], [3, 6, 8, 9], [4, 7, 8, 9]], "vals": [[6, 3, 5, 7], [2, 4, 8, 7], [4, 2, 5, 8], [4, 3, 10, 8]], "m": 10, "f": 2}
FOUND ['UNCOVERED'] {"sets": [[0, 2, 7, 9], [1, 5, 8, 9], [3, 6, 8, 9], [4, 7, 8, 9]], "vals": [[3, 5, 6, 7], [2, 4, 8, 7], [4, 2, 5, 8], [4, 3, 10, 8]], "m": 10, "f": 2}
FOUND ['UNCOVERED'] {"sets": [[0, 2, 7, 9], [1, 5, 8, 9], [3, 6, 8, 9], [4, 7, 8, 9]], "vals": [[4, 6, 5, 8], [2, 4, 8, 7], [4, 2, 5, 8], [4, 3, 10, 8]], "m": 10, "f": 2}
FOUND ['UNCOVERED'] {"sets": [[0, 2, 7, 9], [1, 5, 8, 9], [3, 6, 8, 9], [4, 7, 8, 9]], "vals": [[6, 3, 5, 7], [3, 2, 10, 6], [4, 2, 5, 8], [4, 3, 10, 8]], "m": 10, "f": 2}
FOUND ['UNCOVERED'] {"sets": [[0, 2, 7, 9], [1, 5, 8, 9], [3, 6, 8, 9], [4, 7, 8, 9]], "vals": [[6, 3, 5, 7], [4, 2, 10, 7], [4, 2, 5, 8], [4, 3, 10, 8]], "m": 10, "f": 2}
FOUND ['UNCOVERED'] {"sets": [[0, 2, 7, 9], [1, 5, 8, 9], [3, 6, 8, 9], [4, 7, 8, 9]], "vals": [[6, 3, 5, 7], [4, 2, 10, 7], [3, 2, 4, 8], [4, 3, 10, 8]], "m": 10, "f": 2}
FOUND ['UNCOVERED'] {"sets": [[0, 2, 7, 9], [1, 5, 8, 9], [3, 6, 8, 9], [4, 7, 8, 9]], "vals": [[6, 3, 5, 7], [2, 4, 10, 7], [3, 2, 4, 8], [4, 3, 10, 8]], "m": 10, "f": 2}
FOUND ['UNCOVERED'] {"sets": [[0, 2, 7, 9], [1, 5, 8, 9], [3, 6, 8, 9], [4, 7, 8, 9]], "vals": [[6, 3, 5, 7], [2, 4, 10, 7], [4, 2, 5, 8], [4, 3, 10, 8]], "m": 10, "f": 2}
FOUND ['UNCOVERED'] {"sets": [[0, 2, 7, 9], [1, 5, 8, 9], [3, 6, 8, 9], [4, 7, 8, 9]], "vals": [[6, 3, 5, 7], [2, 4, 10, 7], [3, 6, 8, 10], [4, 3, 10, 8]], "m": 10, "f": 2}
FOUND ['UNCOVERED'] {"sets": [[0, 2, 7, 9], [1, 5, 8, 9], [3, 6, 8, 9], [4, 7, 8, 9]], "vals": [[6, 3, 5, 7], [2, 4, 10, 7], [3, 6, 8, 10], [4, 2, 10, 7]], "m": 10, "f": 2}
FOUND ['UNCOVERED'] {"sets": [[0, 2, 7, 9], [1, 5, 8, 9], [3, 6, 8, 9], [4, 7, 8, 9]], "vals": [[6, 3, 5, 7], [2, 4, 10, 7], [2, 4, 5, 8], [4, 2, 10, 7]], "m": 10, "f": 2}
FOUND ['UNCOVERED'] {"sets": [[0, 2, 7, 9], [1, 5, 8, 9], [3, 6, 8, 9], [4, 7, 8, 9]], "vals": [[4, 5, 6, 8], [2, 4, 10, 7], [3, 6, 8, 10], [4, 2, 10, 7]], "m": 10, "f": 2}
FOUND ['UNCOVERED'] {"sets": [[0, 2, 7, 9], [1, 5, 8, 9], [3, 6, 8, 9], [4, 7, 8, 9]], "vals": [[4, 6, 5, 8], [2, 4, 10, 7], [3, 6, 8, 10], [4, 2, 10, 7]], "m": 10, "f": 2}
FOUND ['UNCOVERED'] {"sets": [[0, 2, 7, 9], [1, 5, 8, 9], [3, 6, 8, 9], [4, 7, 8, 9]], "vals": [[6, 3, 5, 7], [3, 2, 10, 6], [3, 6, 8, 10], [4, 2, 10, 7]], "m": 10, "f": 2}
FOUND ['UNCOVERED'] {"sets": [[0, 2, 7, 9], [1, 5, 8, 9], [3, 6, 8, 9], [4, 7, 8, 9]], "vals": [[6, 5, 4, 8], [4, 2, 10, 7], [3, 2, 4, 8], [2, 4, 10, 7]], "m": 10, "f": 2}
FOUND ['UNCOVERED'] {"sets": [[0, 2, 7, 9], [1, 5, 8, 9], [3, 6, 8, 9], [4, 7, 8, 9]], "vals": [[5, 3, 6, 7], [4, 2, 10, 7], [3, 2, 4, 8], [2, 4, 10, 7]], "m": 10, "f": 2}
FOUND ['UNCOVERED'] {"sets": [[0, 2, 7, 9], [1, 5, 8, 9], [3, 6, 8, 9], [4, 7, 8, 9]], "vals": [[6, 5, 4, 8], [4, 2, 10, 7], [3, 2, 4, 8], [2, 4, 10, 7]], "m": 10, "f": 2}
FOUND ['UNCOVERED'] {"sets": [[0, 2, 7, 9], [1, 5, 8, 9], [3, 6, 8, 9], [4, 7, 8, 9]], "vals": [[6, 5, 4, 8], [4, 2, 10, 7], [2, 3, 4, 8], [2, 4, 10, 7]], "m": 10, "f": 2}
FOUND ['UNCOVERED'] {"sets": [[0, 2, 7, 9], [1, 5, 8, 9], [3, 6, 8, 9], [4, 7, 8, 9]], "vals": [[6, 3, 5, 7], [4, 2, 10, 7], [3, 2, 4, 8], [2, 4, 10, 7]], "m": 10, "f": 2}
FOUND ['UNCOVERED'] {"sets": [[0, 2, 7, 9], [1, 5, 8, 9], [3, 6, 8, 9], [4, 7, 8, 9]], "vals": [[6, 3, 5, 7], [2, 4, 10, 7], [6, 3, 8, 10], [2, 4, 10, 7]], "m": 10, "f": 2}
FOUND ['UNCOVERED'] {"sets": [[0, 2, 7, 9], [1, 5, 8, 9], [3, 6, 8, 9], [4, 7, 8, 9]], "vals": [[6, 3, 5, 7], [4, 2, 10, 7], [6, 3, 8, 10], [2, 4, 10, 7]], "m": 10, "f": 2}
FOUND ['UNCOVERED'] {"sets": [[0, 2, 7, 9], [1, 5, 8, 9], [3, 6, 8, 9], [4, 7, 8, 9]], "vals": [[6, 3, 5, 7], [2, 4, 10, 7], [6, 3, 8, 10], [4, 2, 8, 7]], "m": 10, "f": 2}
FOUND ['UNCOVERED'] {"sets": [[0, 2, 7, 9], [1, 5, 8, 9], [3, 6, 8, 9], [4, 7, 8, 9]], "vals": [[6, 3, 5, 7], [2, 4, 10, 7], [6, 3, 8, 10], [2, 4, 8, 7]], "m": 10, "f": 2}
FOUND ['UNCOVERED'] {"sets": [[0, 2, 7, 9], [1, 5, 8, 9], [3, 6, 8, 9], [4, 7, 8, 9]], "vals": [[5, 3, 6, 7], [2, 4, 10, 7], [6, 3, 8, 10], [2, 4, 10, 7]], "m": 10, "f": 2}
FOUND ['UNCOVERED'] {"sets": [[0, 2, 7, 9], [1, 5, 8, 9], [3, 6, 8, 9], [4, 7, 8, 9]], "vals": [[3, 6, 5, 7], [2, 4, 10, 7], [6, 3, 8, 10], [2, 4, 10, 7]], "m": 10, "f": 2}
FOUND ['UNCOVERED'] {"sets": [[0, 2, 7, 9], [1, 5, 8, 9], [3, 6, 8, 9], [4, 7, 8, 9]], "vals": [[6, 3, 5, 7], [2, 4, 10, 7], [6, 3, 8, 10], [2, 4, 10, 7]], "m": 10, "f": 2}
FOUND ['UNCOVERED'] {"sets": [[0, 2, 7, 9], [1, 5, 8, 9], [3, 6, 8, 9], [4, 7, 8, 9]], "vals": [[3, 6, 5, 7], [4, 2, 10, 7], [6, 3, 8, 10], [2, 4, 10, 7]], "m": 10, "f": 2}
FOUND ['UNCOVERED'] {"sets": [[0, 2, 7, 9], [1, 5, 8, 9], [3, 6, 8, 9], [4, 7, 8, 9]], "vals": [[3, 6, 5, 7], [2, 4, 10, 7], [6, 3, 8, 10], [4, 1, 8, 6]], "m": 10, "f": 2}
FOUND ['UNCOVERED'] {"sets": [[0, 2, 7, 9], [1, 5, 8, 9], [3, 6, 8, 9], [4, 7, 8, 9]], "vals": [[3, 6, 5, 7], [4, 1, 8, 6], [6, 3, 8, 10], [4, 1, 8, 6]], "m": 10, "f": 2}
FOUND ['UNCOVERED'] {"sets": [[0, 2, 7, 9], [1, 5, 8, 9], [3, 6, 8, 9], [4, 7, 8, 9]], "vals": [[5, 4, 6, 8], [2, 4, 10, 7], [6, 3, 8, 10], [4, 1, 8, 6]], "m": 10, "f": 2}
FOUND ['UNCOVERED'] {"sets": [[0, 2, 7, 9], [1, 5, 8, 9], [3, 6, 8, 9], [4, 7, 8, 9]], "vals": [[3, 6, 5, 7], [2, 4, 10, 7], [3, 2, 4, 8], [4, 1, 8, 6]], "m": 10, "f": 2}
FOUND ['UNCOVERED'] {"sets": [[0, 2, 7, 9], [1, 5, 8, 9], [3, 6, 8, 9], [4, 7, 8, 9]], "vals": [[3, 6, 5, 7], [2, 4, 8, 7], [6, 3, 8, 10], [4, 1, 8, 6]], "m": 10, "f": 2}
FOUND ['UNCOVERED'] {"sets": [[0, 2, 7, 9], [1, 5, 8, 9], [3, 6, 8, 9], [4, 7, 8, 9]], "vals": [[3, 5, 6, 7], [2, 4, 10, 7], [6, 3, 8, 10], [4, 1, 8, 6]], "m": 10, "f": 2}
Terminated
