# command: python3 k4/cover_hunt.py results/k4_cover/hunt/unc4_seed0.jsonl.gz --minutes=30 --rng=0 --seedfile=results/k4_cover/hunt/seeds_unc_n4.jsonl.gz:0 --frange=2:99
# seed: n=4 m=7 start score -1044 tags ['UNCOVERED']
FOUND ['UNCOVERED'] {"sets": [[0, 2, 3, 6], [1, 3, 4, 5], [2, 4, 5, 6], [4, 5, 6]], "vals": [[2, 5, 8, 4], [1, 4, 6, 8], [2, 8, 4, 3], [3, 4, 2]], "m": 7, "f": 2}
FOUND ['UNCOVERED'] {"sets": [[0, 2, 3, 6], [1, 3, 4, 5], [2, 4, 5, 6], [4, 5, 6]], "vals": [[2, 5, 8, 4], [1, 4, 6, 8], [4, 8, 6, 3], [3, 4, 2]], "m": 7, "f": 2}
FOUND ['UNCOVERED'] {"sets": [[0, 2, 3, 6], [1, 3, 4, 5], [2, 4, 5, 6], [4, 5, 6]], "vals": [[2, 5, 8, 4], [2, 3, 6, 10], [4, 8, 6, 3], [3, 4, 2]], "m": 7, "f": 2}
FOUND ['UNCOVERED'] {"sets": [[0, 2, 3, 6], [1, 3, 4, 5], [2, 4, 5, 6], [4, 5, 6]], "vals": [[2, 5, 8, 4], [2, 3, 6, 10], [3, 10, 8, 6], [3, 4, 2]], "m": 7, "f": 2}
FOUND ['UNCOVERED'] {"sets": [[0, 2, 3, 6], [1, 3, 4, 5], [2, 4, 5, 6], [4, 5, 6]], "vals": [[2, 5, 8, 4], [2, 3, 6, 10], [6, 10, 8, 3], [3, 4, 2]], "m": 7, "f": 2}
FOUND ['UNCOVERED'] {"sets": [[0, 2, 3, 6], [1, 3, 4, 5], [2, 4, 5, 6], [4, 5, 6]], "vals": [[2, 5, 8, 4], [1, 4, 6, 8], [3, 10, 8, 6], [3, 4, 2]], "m": 7, "f": 2}
FOUND ['UNCOVERED'] {"sets": [[0, 2, 3, 6], [1, 3, 4, 5], [2, 4, 5, 6], [4, 5, 6]], "vals": [[2, 5, 8, 4], [1, 4, 6, 8], [6, 10, 7, 2], [3, 4, 2]], "m": 7, "f": 2}
FOUND ['UNCOVERED'] {"sets": [[0, 2, 3, 6], [1, 3, 4, 5], [2, 4, 5, 6], [4, 5, 6]], "vals": [[2, 5, 8, 4], [1, 4, 6, 8], [3, 8, 4, 2], [3, 4, 2]], "m": 7, "f": 2}
FOUND ['UNCOVERED'] {"sets": [[0, 2, 3, 6], [1, 3, 4, 5], [2, 4, 5, 6], [4, 5, 6]], "vals": [[2, 5, 8, 4], [1, 4, 6, 8], [3, 8, 6, 4], [3, 4, 2]], "m": 7, "f": 2}
FOUND ['UNCOVERED'] {"sets": [[0, 2, 3, 6], [1, 3, 4, 5], [2, 4, 5, 6], [4, 5, 6]], "vals": [[2, 5, 8, 4], [1, 4, 6, 8], [2, 10, 7, 6], [3, 4, 2]], "m": 7, "f": 2}
FOUND ['UNCOVERED'] {"sets": [[0, 2, 3, 6], [1, 3, 4, 5], [2, 4, 5, 6], [4, 5, 6]], "vals": [[2, 4, 8, 5], [1, 4, 6, 8], [2, 10, 7, 6], [3, 4, 2]], "m": 7, "f": 2}
FOUND ['UNCOVERED'] {"sets": [[0, 2, 3, 6], [1, 3, 4, 5], [2, 4, 5, 6], [4, 5, 6]], "vals": [[2, 4, 8, 5], [1, 4, 6, 8], [2, 8, 4, 3], [3, 4, 2]], "m": 7, "f": 2}
FOUND ['UNCOVERED'] {"sets": [[0, 2, 3, 6], [1, 3, 4, 5], [2, 4, 5, 6], [4, 5, 6]], "vals": [[2, 4, 8, 5], [1, 4, 6, 8], [4, 8, 6, 3], [3, 4, 2]], "m": 7, "f": 2}
FOUND ['UNCOVERED'] {"sets": [[0, 2, 3, 6], [1, 3, 4, 5], [2, 4, 5, 6], [4, 5, 6]], "vals": [[2, 4, 8, 5], [1, 4, 6, 8], [6, 10, 8, 3], [3, 4, 2]], "m": 7, "f": 2}
FOUND ['UNCOVERED'] {"sets": [[0, 2, 3, 6], [1, 3, 4, 5], [2, 4, 5, 6], [4, 5, 6]], "vals": [[2, 4, 8, 5], [1, 4, 6, 8], [6, 10, 7, 2], [3, 4, 2]], "m": 7, "f": 2}
FOUND ['UNCOVERED'] {"sets": [[0, 2, 3, 6], [1, 3, 4, 5], [2, 4, 5, 6], [4, 5, 6]], "vals": [[2, 4, 8, 5], [1, 4, 6, 8], [4, 8, 5, 2], [3, 4, 2]], "m": 7, "f": 2}
FOUND ['UNCOVERED'] {"sets": [[0, 2, 3, 6], [1, 3, 4, 5], [2, 4, 5, 6], [4, 5, 6]], "vals": [[2, 7, 10, 4], [1, 4, 6, 8], [6, 10, 7, 2], [3, 4, 2]], "m": 7, "f": 2}
FOUND ['UNCOVERED'] {"sets": [[0, 2, 3, 6], [1, 3, 4, 5], [2, 4, 5, 6], [4, 5, 6]], "vals": [[2, 7, 10, 4], [1, 4, 6, 8], [3, 8, 4, 2], [3, 4, 2]], "m": 7, "f": 2}
FOUND ['UNCOVERED'] {"sets": [[0, 2, 3, 6], [1, 3, 4, 5], [2, 4, 5, 6], [4, 5, 6]], "vals": [[2, 7, 10, 4], [3, 4, 8, 10], [3, 8, 4, 2], [3, 4, 2]], "m": 7, "f": 2}
FOUND ['UNCOVERED'] {"sets": [[0, 2, 3, 6], [1, 3, 4, 5], [2, 4, 5, 6], [4, 5, 6]], "vals": [[2, 4, 10, 7], [3, 4, 8, 10], [3, 8, 4, 2], [3, 4, 2]], "m": 7, "f": 2}
FOUND ['UNCOVERED'] {"sets": [[0, 2, 3, 6], [1, 3, 4, 5], [2, 4, 5, 6], [4, 5, 6]], "vals": [[2, 7, 10, 4], [3, 4, 8, 10], [4, 8, 5, 2], [3, 4, 2]], "m": 7, "f": 2}
FOUND ['UNCOVERED'] {"sets": [[0, 2, 3, 6], [1, 3, 4, 5], [2, 4, 5, 6], [4, 5, 6]], "vals": [[2, 4, 10, 7], [1, 4, 6, 8], [2, 8, 4, 3], [3, 4, 2]], "m": 7, "f": 2}
FOUND ['UNCOVERED'] {"sets": [[0, 2, 3, 6], [1, 3, 4, 5], [2, 4, 5, 6], [4, 5, 6]], "vals": [[2, 4, 10, 7], [1, 4, 6, 8], [4, 8, 6, 3], [3, 4, 2]], "m": 7, "f": 2}
FOUND ['UNCOVERED'] {"sets": [[0, 2, 3, 6], [1, 3, 4, 5], [2, 4, 5, 6], [4, 5, 6]], "vals": [[2, 4, 8, 5], [1, 4, 6, 8], [3, 8, 6, 4], [3, 4, 2]], "m": 7, "f": 2}
FOUND ['UNCOVERED'] {"sets": [[0, 2, 3, 6], [1, 3, 4, 5], [2, 4, 5, 6], [4, 5, 6]], "vals": [[2, 4, 8, 5], [1, 4, 6, 8], [3, 8, 4, 2], [3, 4, 2]], "m": 7, "f": 2}
FOUND ['UNCOVERED'] {"sets": [[0, 2, 3, 6], [1, 3, 4, 5], [2, 4, 5, 6], [4, 5, 6]], "vals": [[2, 4, 10, 7], [1, 4, 6, 8], [3, 8, 4, 2], [3, 4, 2]], "m": 7, "f": 2}
FOUND ['UNCOVERED'] {"sets": [[0, 2, 3, 6], [1, 3, 4, 5], [2, 4, 5, 6], [4, 5, 6]], "vals": [[2, 4, 10, 7], [1, 4, 6, 8], [4, 8, 5, 2], [3, 4, 2]], "m": 7, "f": 2}
FOUND ['UNCOVERED'] {"sets": [[0, 2, 3, 6], [1, 3, 4, 5], [2, 4, 5, 6], [4, 5, 6]], "vals": [[2, 4, 10, 7], [1, 4, 6, 8], [6, 10, 7, 2], [3, 4, 2]], "m": 7, "f": 2}
FOUND ['UNCOVERED'] {"sets": [[0, 2, 3, 6], [1, 3, 4, 5], [2, 4, 5, 6], [4, 5, 6]], "vals": [[2, 4, 10, 7], [1, 4, 6, 8], [3, 10, 8, 6], [3, 4, 2]], "m": 7, "f": 2}
FOUND ['UNCOVERED'] {"sets": [[0, 2, 3, 6], [1, 3, 4, 5], [2, 4, 5, 6], [4, 5, 6]], "vals": [[2, 4, 8, 5], [2, 4, 7, 10], [2, 8, 4, 3], [3, 4, 2]], "m": 7, "f": 2}
FOUND ['UNCOVERED'] {"sets": [[0, 2, 3, 6], [1, 3, 4, 5], [2, 4, 5, 6], [4, 5, 6]], "vals": [[2, 5, 8, 4], [2, 4, 7, 10], [2, 8, 4, 3], [3, 4, 2]], "m": 7, "f": 2}
FOUND ['UNCOVERED'] {"sets": [[0, 2, 3, 6], [1, 3, 4, 5], [2, 4, 5, 6], [4, 5, 6]], "vals": [[2, 5, 8, 4], [2, 4, 7, 10], [3, 10, 8, 6], [3, 4, 2]], "m": 7, "f": 2}
FOUND ['UNCOVERED'] {"sets": [[0, 2, 3, 6], [1, 3, 4, 5], [2, 4, 5, 6], [4, 5, 6]], "vals": [[2, 4, 10, 7], [2, 4, 7, 10], [3, 10, 8, 6], [3, 4, 2]], "m": 7, "f": 2}
FOUND ['UNCOVERED'] {"sets": [[0, 2, 3, 6], [1, 3, 4, 5], [2, 4, 5, 6], [4, 5, 6]], "vals": [[2, 4, 8, 5], [2, 4, 7, 10], [3, 10, 8, 6], [3, 4, 2]], "m": 7, "f": 2}
FOUND ['UNCOVERED'] {"sets": [[0, 2, 3, 6], [1, 3, 4, 5], [2, 4, 5, 6], [4, 5, 6]], "vals": [[2, 4, 8, 5], [3, 4, 8, 10], [3, 10, 8, 6], [3, 4, 2]], "m": 7, "f": 2}
FOUND ['UNCOVERED'] {"sets": [[0, 2, 3, 6], [1, 3, 4, 5], [2, 4, 5, 6], [4, 5, 6]], "vals": [[2, 4, 8, 5], [3, 4, 8, 10], [3, 8, 4, 2], [3, 4, 2]], "m": 7, "f": 2}
FOUND ['UNCOVERED'] {"sets": [[0, 2, 3, 6], [1, 3, 4, 5], [2, 4, 5, 6], [4, 5, 6]], "vals": [[2, 4, 8, 5], [3, 4, 8, 10], [2, 8, 4, 3], [3, 4, 2]], "m": 7, "f": 2}
FOUND ['UNCOVERED'] {"sets": [[0, 2, 3, 6], [1, 3, 4, 5], [2, 4, 5, 6], [4, 5, 6]], "vals": [[2, 4, 8, 5], [3, 4, 8, 10], [4, 8, 6, 3], [3, 4, 2]], "m": 7, "f": 2}
FOUND ['UNCOVERED'] {"sets": [[0, 2, 3, 6], [1, 3, 4, 5], [2, 4, 5, 6], [4, 5, 6]], "vals": [[2, 4, 8, 5], [3, 4, 8, 10], [4, 8, 5, 2], [3, 4, 2]], "m": 7, "f": 2}
FOUND ['UNCOVERED'] {"sets": [[0, 2, 3, 6], [1, 3, 4, 5], [2, 4, 5, 6], [4, 5, 6]], "vals": [[2, 4, 8, 5], [3, 4, 8, 10], [2, 10, 7, 6], [3, 4, 2]], "m": 7, "f": 2}
FOUND ['UNCOVERED'] {"sets": [[0, 2, 3, 6], [1, 3, 4, 5], [2, 4, 5, 6], [4, 5, 6]], "vals": [[2, 4, 10, 7], [3, 4, 8, 10], [4, 8, 6, 3], [3, 4, 2]], "m": 7, "f": 2}
FOUND ['UNCOVERED'] {"sets": [[0, 2, 3, 6], [1, 3, 4, 5], [2, 4, 5, 6], [4, 5, 6]], "vals": [[2, 7, 10, 4], [1, 4, 6, 8], [2, 8, 4, 3], [3, 4, 2]], "m": 7, "f": 2}
FOUND ['UNCOVERED'] {"sets": [[0, 2, 3, 6], [1, 3, 4, 5], [2, 4, 5, 6], [4, 5, 6]], "vals": [[2, 4, 8, 5], [2, 4, 7, 8], [4, 8, 6, 3], [3, 4, 2]], "m": 7, "f": 2}
FOUND ['UNCOVERED'] {"sets": [[0, 2, 3, 6], [1, 3, 4, 5], [2, 4, 5, 6], [4, 5, 6]], "vals": [[2, 4, 8, 5], [2, 4, 7, 10], [4, 8, 6, 3], [3, 4, 2]], "m": 7, "f": 2}
FOUND ['UNCOVERED'] {"sets": [[0, 2, 3, 6], [1, 3, 4, 5], [2, 4, 5, 6], [4, 5, 6]], "vals": [[2, 4, 8, 5], [2, 4, 7, 10], [4, 8, 5, 2], [3, 4, 2]], "m": 7, "f": 2}
FOUND ['UNCOVERED'] {"sets": [[0, 2, 3, 6], [1, 3, 4, 5], [2, 4, 5, 6], [4, 5, 6]], "vals": [[2, 4, 8, 5], [2, 4, 7, 10], [3, 8, 6, 4], [3, 4, 2]], "m": 7, "f": 2}
FOUND ['UNCOVERED'] {"sets": [[0, 2, 3, 6], [1, 3, 4, 5], [2, 4, 5, 6], [4, 5, 6]], "vals": [[2, 4, 8, 5], [2, 4, 7, 8], [3, 8, 6, 4], [3, 4, 2]], "m": 7, "f": 2}
FOUND ['UNCOVERED'] {"sets": [[0, 2, 3, 6], [1, 3, 4, 5], [2, 4, 5, 6], [4, 5, 6]], "vals": [[2, 5, 8, 4], [1, 4, 6, 8], [4, 8, 5, 2], [3, 4, 2]], "m": 7, "f": 2}
FOUND ['UNCOVERED'] {"sets": [[0, 2, 3, 6], [1, 3, 4, 5], [2, 4, 5, 6], [4, 5, 6]], "vals": [[2, 7, 10, 4], [1, 4, 6, 8], [4, 8, 5, 2], [3, 4, 2]], "m": 7, "f": 2}
FOUND ['UNCOVERED'] {"sets": [[0, 2, 3, 6], [1, 3, 4, 5], [2, 4, 5, 6], [4, 5, 6]], "vals": [[2, 7, 10, 4], [2, 4, 7, 10], [4, 8, 5, 2], [3, 4, 2]], "m": 7, "f": 2}
FOUND ['UNCOVERED'] {"sets": [[0, 2, 3, 6], [1, 3, 4, 5], [2, 4, 5, 6], [4, 5, 6]], "vals": [[2, 7, 10, 4], [2, 4, 7, 10], [3, 8, 6, 4], [3, 4, 2]], "m": 7, "f": 2}
FOUND ['UNCOVERED'] {"sets": [[0, 2, 3, 6], [1, 3, 4, 5], [2, 4, 5, 6], [4, 5, 6]], "vals": [[2, 4, 8, 5], [2, 3, 6, 10], [3, 8, 4, 2], [3, 4, 2]], "m": 7, "f": 2}
FOUND ['UNCOVERED'] {"sets": [[0, 2, 3, 6], [1, 3, 4, 5], [2, 4, 5, 6], [4, 5, 6]], "vals": [[2, 4, 8, 5], [2, 4, 7, 8], [3, 8, 4, 2], [3, 4, 2]], "m": 7, "f": 2}
FOUND ['UNCOVERED'] {"sets": [[0, 2, 3, 6], [1, 3, 4, 5], [2, 4, 5, 6], [4, 5, 6]], "vals": [[2, 4, 8, 5], [2, 4, 7, 8], [2, 10, 7, 6], [3, 4, 2]], "m": 7, "f": 2}
FOUND ['UNCOVERED'] {"sets": [[0, 2, 3, 6], [1, 3, 4, 5], [2, 4, 5, 6], [4, 5, 6]], "vals": [[2, 5, 8, 4], [2, 4, 7, 8], [3, 8, 4, 2], [3, 4, 2]], "m": 7, "f": 2}
FOUND ['UNCOVERED'] {"sets": [[0, 2, 3, 6], [1, 3, 4, 5], [2, 4, 5, 6], [4, 5, 6]], "vals": [[2, 4, 8, 5], [2, 4, 7, 8], [2, 8, 5, 4], [3, 4, 2]], "m": 7, "f": 2}
FOUND ['UNCOVERED'] {"sets": [[0, 2, 3, 6], [1, 3, 4, 5], [2, 4, 5, 6], [4, 5, 6]], "vals": [[2, 4, 8, 5], [2, 4, 7, 10], [2, 10, 7, 6], [3, 4, 2]], "m": 7, "f": 2}
FOUND ['UNCOVERED'] {"sets": [[0, 2, 3, 6], [1, 3, 4, 5], [2, 4, 5, 6], [4, 5, 6]], "vals": [[2, 7, 10, 4], [2, 4, 7, 10], [4, 8, 6, 3], [3, 4, 2]], "m": 7, "f": 2}
FOUND ['UNCOVERED'] {"sets": [[0, 2, 3, 6], [1, 3, 4, 5], [2, 4, 5, 6], [4, 5, 6]], "vals": [[2, 4, 8, 5], [2, 4, 7, 10], [3, 8, 4, 2], [3, 4, 2]], "m": 7, "f": 2}
FOUND ['UNCOVERED'] {"sets": [[0, 2, 3, 6], [1, 3, 4, 5], [2, 4, 5, 6], [4, 5, 6]], "vals": [[2, 4, 8, 5], [1, 4, 6, 8], [2, 8, 5, 4], [3, 4, 2]], "m": 7, "f": 2}
FOUND ['UNCOVERED'] {"sets": [[0, 2, 3, 6], [1, 3, 4, 5], [2, 4, 5, 6], [4, 5, 6]], "vals": [[2, 4, 8, 5], [2, 4, 7, 8], [2, 8, 4, 3], [3, 4, 2]], "m": 7, "f": 2}
FOUND ['UNCOVERED'] {"sets": [[0, 2, 3, 6], [1, 3, 4, 5], [2, 4, 5, 6], [4, 5, 6]], "vals": [[2, 4, 8, 5], [2, 4, 7, 8], [6, 10, 7, 2], [3, 4, 2]], "m": 7, "f": 2}
FOUND ['UNCOVERED'] {"sets": [[0, 2, 3, 6], [1, 3, 4, 5], [2, 4, 5, 6], [4, 5, 6]], "vals": [[2, 4, 8, 5], [2, 4, 7, 8], [3, 10, 8, 6], [3, 4, 2]], "m": 7, "f": 2}
FOUND ['UNCOVERED'] {"sets": [[0, 2, 3, 6], [1, 3, 4, 5], [2, 4, 5, 6], [4, 5, 6]], "vals": [[2, 7, 10, 4], [2, 4, 7, 8], [3, 10, 8, 6], [3, 4, 2]], "m": 7, "f": 2}
FOUND ['UNCOVERED'] {"sets": [[0, 2, 3, 6], [1, 3, 4, 5], [2, 4, 5, 6], [4, 5, 6]], "vals": [[2, 7, 10, 4], [2, 4, 7, 8], [3, 8, 6, 4], [3, 4, 2]], "m": 7, "f": 2}
FOUND ['UNCOVERED'] {"sets": [[0, 2, 3, 6], [1, 3, 4, 5], [2, 4, 5, 6], [4, 5, 6]], "vals": [[2, 7, 10, 4], [2, 4, 7, 8], [2, 8, 4, 3], [3, 4, 2]], "m": 7, "f": 2}
FOUND ['UNCOVERED'] {"sets": [[0, 2, 3, 6], [1, 3, 4, 5], [2, 4, 5, 6], [4, 5, 6]], "vals": [[2, 7, 10, 4], [2, 4, 7, 8], [2, 8, 5, 4], [3, 4, 2]], "m": 7, "f": 2}
FOUND ['UNCOVERED'] {"sets": [[0, 2, 3, 6], [1, 3, 4, 5], [2, 4, 5, 6], [4, 5, 6]], "vals": [[2, 7, 10, 4], [1, 4, 6, 8], [2, 8, 5, 4], [3, 4, 2]], "m": 7, "f": 2}
FOUND ['UNCOVERED'] {"sets": [[0, 2, 3, 6], [1, 3, 4, 5], [2, 4, 5, 6], [4, 5, 6]], "vals": [[2, 7, 10, 4], [1, 4, 6, 8], [6, 10, 8, 3], [3, 4, 2]], "m": 7, "f": 2}
FOUND ['UNCOVERED'] {"sets": [[0, 2, 3, 6], [1, 3, 4, 5], [2, 4, 5, 6], [4, 5, 6]], "vals": [[2, 7, 10, 4], [1, 4, 6, 8], [3, 8, 6, 4], [3, 4, 2]], "m": 7, "f": 2}
FOUND ['UNCOVERED'] {"sets": [[0, 2, 3, 6], [1, 3, 4, 5], [2, 4, 5, 6], [4, 5, 6]], "vals": [[2, 7, 10, 4], [2, 3, 6, 10], [3, 8, 6, 4], [3, 4, 2]], "m": 7, "f": 2}
FOUND ['UNCOVERED'] {"sets": [[0, 2, 3, 6], [1, 3, 4, 5], [2, 4, 5, 6], [4, 5, 6]], "vals": [[2, 7, 10, 4], [2, 3, 6, 10], [3, 8, 4, 2], [3, 4, 2]], "m": 7, "f": 2}
FOUND ['UNCOVERED'] {"sets": [[0, 2, 3, 6], [1, 3, 4, 5], [2, 4, 5, 6], [4, 5, 6]], "vals": [[2, 7, 10, 4], [2, 3, 6, 10], [2, 10, 7, 6], [3, 4, 2]], "m": 7, "f": 2}
FOUND ['UNCOVERED'] {"sets": [[0, 2, 3, 6], [1, 3, 4, 5], [2, 4, 5, 6], [4, 5, 6]], "vals": [[2, 7, 10, 4], [2, 3, 6, 10], [2, 8, 5, 4], [3, 4, 2]], "m": 7, "f": 2}
FOUND ['UNCOVERED'] {"sets": [[0, 2, 3, 6], [1, 3, 4, 5], [2, 4, 5, 6], [4, 5, 6]], "vals": [[2, 4, 10, 7], [2, 3, 6, 10], [2, 8, 5, 4], [3, 4, 2]], "m": 7, "f": 2}
FOUND ['UNCOVERED'] {"sets": [[0, 2, 3, 6], [1, 3, 4, 5], [2, 4, 5, 6], [4, 5, 6]], "vals": [[2, 4, 10, 7], [1, 4, 6, 8], [2, 8, 5, 4], [3, 4, 2]], "m": 7, "f": 2}
FOUND ['UNCOVERED'] {"sets": [[0, 2, 3, 6], [1, 3, 4, 5], [2, 4, 5, 6], [4, 5, 6]], "vals": [[2, 4, 8, 5], [2, 4, 7, 8], [4, 8, 5, 2], [3, 4, 2]], "m": 7, "f": 2}
FOUND ['UNCOVERED'] {"sets": [[0, 2, 3, 6], [1, 3, 4, 5], [2, 4, 5, 6], [4, 5, 6]], "vals": [[2, 4, 8, 5], [2, 4, 7, 8], [6, 10, 8, 3], [3, 4, 2]], "m": 7, "f": 2}
FOUND ['UNCOVERED'] {"sets": [[0, 2, 3, 6], [1, 3, 4, 5], [2, 4, 5, 6], [4, 5, 6]], "vals": [[2, 7, 10, 4], [2, 4, 7, 8], [6, 10, 8, 3], [3, 4, 2]], "m": 7, "f": 2}
FOUND ['UNCOVERED'] {"sets": [[0, 2, 3, 6], [1, 3, 4, 5], [2, 4, 5, 6], [4, 5, 6]], "vals": [[2, 7, 10, 4], [2, 4, 7, 10], [6, 10, 8, 3], [3, 4, 2]], "m": 7, "f": 2}
FOUND ['UNCOVERED'] {"sets": [[0, 2, 3, 6], [1, 3, 4, 5], [2, 4, 5, 6], [4, 5, 6]], "vals": [[2, 7, 10, 4], [2, 3, 6, 10], [6, 10, 8, 3], [3, 4, 2]], "m": 7, "f": 2}
FOUND ['UNCOVERED'] {"sets": [[0, 2, 3, 6], [1, 3, 4, 5], [2, 4, 5, 6], [4, 5, 6]], "vals": [[2, 7, 10, 4], [2, 3, 6, 10], [4, 8, 6, 3], [3, 4, 2]], "m": 7, "f": 2}
FOUND ['UNCOVERED'] {"sets": [[0, 2, 3, 6], [1, 3, 4, 5], [2, 4, 5, 6], [4, 5, 6]], "vals": [[2, 7, 10, 4], [2, 4, 7, 8], [4, 8, 6, 3], [3, 4, 2]], "m": 7, "f": 2}
FOUND ['UNCOVERED'] {"sets": [[0, 2, 3, 6], [1, 3, 4, 5], [2, 4, 5, 6], [4, 5, 6]], "vals": [[2, 7, 10, 4], [2, 3, 6, 10], [4, 8, 5, 2], [3, 4, 2]], "m": 7, "f": 2}
FOUND ['UNCOVERED'] {"sets": [[0, 2, 3, 6], [1, 3, 4, 5], [2, 4, 5, 6], [4, 5, 6]], "vals": [[2, 5, 8, 4], [1, 4, 6, 8], [2, 8, 5, 4], [3, 4, 2]], "m": 7, "f": 2}
FOUND ['UNCOVERED'] {"sets": [[0, 2, 3, 6], [1, 3, 4, 5], [2, 4, 5, 6], [4, 5, 6]], "vals": [[2, 4, 8, 5], [2, 3, 6, 10], [2, 8, 4, 3], [3, 4, 2]], "m": 7, "f": 2}
FOUND ['UNCOVERED'] {"sets": [[0, 2, 3, 6], [1, 3, 4, 5], [2, 4, 5, 6], [4, 5, 6]], "vals": [[2, 4, 8, 5], [2, 3, 6, 10], [4, 8, 6, 3], [3, 4, 2]], "m": 7, "f": 2}
FOUND ['UNCOVERED'] {"sets": [[0, 2, 3, 6], [1, 3, 4, 5], [2, 4, 5, 6], [4, 5, 6]], "vals": [[2, 4, 8, 5], [3, 4, 8, 10], [3, 8, 6, 4], [3, 4, 2]], "m": 7, "f": 2}
FOUND ['UNCOVERED'] {"sets": [[0, 2, 3, 6], [1, 3, 4, 5], [2, 4, 5, 6], [4, 5, 6]], "vals": [[2, 5, 8, 4], [2, 4, 7, 8], [6, 10, 7, 2], [3, 4, 2]], "m": 7, "f": 2}
FOUND ['UNCOVERED'] {"sets": [[0, 2, 3, 6], [1, 3, 4, 5], [2, 4, 5, 6], [4, 5, 6]], "vals": [[2, 5, 8, 4], [2, 4, 7, 10], [6, 10, 7, 2], [3, 4, 2]], "m": 7, "f": 2}
FOUND ['UNCOVERED'] {"sets": [[0, 2, 3, 6], [1, 3, 4, 5], [2, 4, 5, 6], [4, 5, 6]], "vals": [[2, 5, 8, 4], [2, 4, 7, 8], [3, 10, 8, 6], [3, 4, 2]], "m": 7, "f": 2}
FOUND ['UNCOVERED'] {"sets": [[0, 2, 3, 6], [1, 3, 4, 5], [2, 4, 5, 6], [4, 5, 6]], "vals": [[2, 4, 8, 5], [2, 3, 6, 10], [3, 10, 8, 6], [3, 4, 2]], "m": 7, "f": 2}
FOUND ['UNCOVERED'] {"sets": [[0, 2, 3, 6], [1, 3, 4, 5], [2, 4, 5, 6], [4, 5, 6]], "vals": [[2, 5, 8, 4], [2, 4, 7, 8], [4, 8, 6, 3], [3, 4, 2]], "m": 7, "f": 2}
FOUND ['UNCOVERED'] {"sets": [[0, 2, 3, 6], [1, 3, 4, 5], [2, 4, 5, 6], [4, 5, 6]], "vals": [[2, 4, 10, 7], [2, 3, 6, 10], [4, 8, 6, 3], [3, 4, 2]], "m": 7, "f": 2}
FOUND ['UNCOVERED'] {"sets": [[0, 2, 3, 6], [1, 3, 4, 5], [2, 4, 5, 6], [4, 5, 6]], "vals": [[2, 4, 10, 7], [2, 3, 6, 10], [3, 8, 6, 4], [3, 4, 2]], "m": 7, "f": 2}
FOUND ['UNCOVERED'] {"sets": [[0, 2, 3, 6], [1, 3, 4, 5], [2, 4, 5, 6], [4, 5, 6]], "vals": [[2, 7, 10, 4], [2, 3, 6, 10], [3, 10, 8, 6], [3, 4, 2]], "m": 7, "f": 2}
FOUND ['UNCOVERED'] {"sets": [[0, 2, 3, 6], [1, 3, 4, 5], [2, 4, 5, 6], [4, 5, 6]], "vals": [[2, 7, 10, 4], [2, 4, 7, 10], [2, 8, 5, 4], [3, 4, 2]], "m": 7, "f": 2}
FOUND ['UNCOVERED'] {"sets": [[0, 2, 3, 6], [1, 3, 4, 5], [2, 4, 5, 6], [4, 5, 6]], "vals": [[2, 4, 8, 5], [2, 3, 6, 10], [3, 8, 6, 4], [3, 4, 2]], "m": 7, "f": 2}
FOUND ['UNCOVERED'] {"sets": [[0, 2, 3, 6], [1, 3, 4, 5], [2, 4, 5, 6], [4, 5, 6]], "vals": [[2, 7, 10, 4], [2, 3, 6, 10], [6, 10, 7, 2], [3, 4, 2]], "m": 7, "f": 2}
FOUND ['UNCOVERED'] {"sets": [[0, 2, 3, 6], [1, 3, 4, 5], [2, 4, 5, 6], [4, 5, 6]], "vals": [[2, 4, 10, 7], [2, 4, 7, 8], [2, 8, 5, 4], [3, 4, 2]], "m": 7, "f": 2}
FOUND ['UNCOVERED'] {"sets": [[0, 2, 3, 6], [1, 3, 4, 5], [2, 4, 5, 6], [4, 5, 6]], "vals": [[2, 4, 10, 7], [2, 3, 6, 10], [3, 8, 4, 2], [3, 4, 2]], "m": 7, "f": 2}
FOUND ['UNCOVERED'] {"sets": [[0, 2, 3, 6], [1, 3, 4, 5], [2, 4, 5, 6], [4, 5, 6]], "vals": [[2, 4, 10, 7], [1, 4, 6, 8], [2, 10, 7, 6], [3, 4, 2]], "m": 7, "f": 2}
FOUND ['UNCOVERED'] {"sets": [[0, 2, 3, 6], [1, 3, 4, 5], [2, 4, 5, 6], [4, 5, 6]], "vals": [[2, 4, 10, 7], [1, 4, 6, 8], [3, 8, 6, 4], [3, 4, 2]], "m": 7, "f": 2}
FOUND ['UNCOVERED'] {"sets": [[0, 2, 3, 6], [1, 3, 4, 5], [2, 4, 5, 6], [4, 5, 6]], "vals": [[2, 4, 10, 7], [2, 4, 7, 10], [2, 10, 7, 6], [3, 4, 2]], "m": 7, "f": 2}
FOUND ['UNCOVERED'] {"sets": [[0, 2, 3, 6], [1, 3, 4, 5], [2, 4, 5, 6], [4, 5, 6]], "vals": [[2, 4, 10, 7], [2, 4, 7, 8], [3, 10, 8, 6], [3, 4, 2]], "m": 7, "f": 2}
FOUND ['UNCOVERED'] {"sets": [[0, 2, 3, 6], [1, 3, 4, 5], [2, 4, 5, 6], [4, 5, 6]], "vals": [[2, 5, 8, 4], [2, 4, 7, 8], [6, 10, 8, 3], [3, 4, 2]], "m": 7, "f": 2}
FOUND ['UNCOVERED'] {"sets": [[0, 2, 3, 6], [1, 3, 4, 5], [2, 4, 5, 6], [4, 5, 6]], "vals": [[2, 5, 8, 4], [2, 4, 7, 8], [2, 8, 5, 4], [3, 4, 2]], "m": 7, "f": 2}
FOUND ['UNCOVERED'] {"sets": [[0, 2, 3, 6], [1, 3, 4, 5], [2, 4, 5, 6], [4, 5, 6]], "vals": [[2, 5, 8, 4], [2, 4, 7, 8], [2, 10, 7, 6], [3, 4, 2]], "m": 7, "f": 2}
FOUND ['UNCOVERED'] {"sets": [[0, 2, 3, 6], [1, 3, 4, 5], [2, 4, 5, 6], [4, 5, 6]], "vals": [[2, 7, 10, 4], [2, 4, 7, 10], [3, 8, 4, 2], [3, 4, 2]], "m": 7, "f": 2}
FOUND ['UNCOVERED'] {"sets": [[0, 2, 3, 6], [1, 3, 4, 5], [2, 4, 5, 6], [4, 5, 6]], "vals": [[2, 5, 8, 4], [2, 4, 7, 10], [3, 8, 4, 2], [3, 4, 2]], "m": 7, "f": 2}
FOUND ['UNCOVERED'] {"sets": [[0, 2, 3, 6], [1, 3, 4, 5], [2, 4, 5, 6], [4, 5, 6]], "vals": [[2, 4, 8, 5], [2, 4, 7, 10], [6, 10, 8, 3], [3, 4, 2]], "m": 7, "f": 2}
FOUND ['UNCOVERED'] {"sets": [[0, 2, 3, 6], [1, 3, 4, 5], [2, 4, 5, 6], [4, 5, 6]], "vals": [[2, 4, 8, 5], [2, 3, 6, 10], [4, 8, 5, 2], [3, 4, 2]], "m": 7, "f": 2}
FOUND ['UNCOVERED'] {"sets": [[0, 2, 3, 6], [1, 3, 4, 5], [2, 4, 5, 6], [4, 5, 6]], "vals": [[2, 5, 8, 4], [3, 4, 8, 10], [4, 8, 6, 3], [3, 4, 2]], "m": 7, "f": 2}
FOUND ['UNCOVERED'] {"sets": [[0, 2, 3, 6], [1, 3, 4, 5], [2, 4, 5, 6], [4, 5, 6]], "vals": [[2, 5, 8, 4], [3, 4, 8, 10], [3, 8, 6, 4], [3, 4, 2]], "m": 7, "f": 2}
FOUND ['UNCOVERED'] {"sets": [[0, 2, 3, 6], [1, 3, 4, 5], [2, 4, 5, 6], [4, 5, 6]], "vals": [[2, 5, 8, 4], [3, 4, 8, 10], [2, 8, 4, 3], [3, 4, 2]], "m": 7, "f": 2}
FOUND ['UNCOVERED'] {"sets": [[0, 2, 3, 6], [1, 3, 4, 5], [2, 4, 5, 6], [4, 5, 6]], "vals": [[2, 7, 10, 4], [1, 4, 6, 8], [4, 8, 6, 3], [3, 4, 2]], "m": 7, "f": 2}
FOUND ['UNCOVERED'] {"sets": [[0, 2, 3, 6], [1, 3, 4, 5], [2, 4, 5, 6], [4, 5, 6]], "vals": [[2, 4, 10, 7], [2, 4, 7, 10], [2, 8, 4, 3], [3, 4, 2]], "m": 7, "f": 2}
FOUND ['UNCOVERED'] {"sets": [[0, 2, 3, 6], [1, 3, 4, 5], [2, 4, 5, 6], [4, 5, 6]], "vals": [[2, 4, 10, 7], [2, 4, 7, 10], [4, 8, 6, 3], [3, 4, 2]], "m": 7, "f": 2}
FOUND ['UNCOVERED'] {"sets": [[0, 2, 3, 6], [1, 3, 4, 5], [2, 4, 5, 6], [4, 5, 6]], "vals": [[2, 4, 10, 7], [2, 4, 7, 10], [3, 8, 6, 4], [3, 4, 2]], "m": 7, "f": 2}
FOUND ['UNCOVERED'] {"sets": [[0, 2, 3, 6], [1, 3, 4, 5], [2, 4, 5, 6], [4, 5, 6]], "vals": [[2, 4, 8, 5], [2, 4, 7, 10], [6, 10, 7, 2], [3, 4, 2]], "m": 7, "f": 2}
FOUND ['UNCOVERED'] {"sets": [[0, 2, 3, 6], [1, 3, 4, 5], [2, 4, 5, 6], [4, 5, 6]], "vals": [[2, 4, 8, 5], [1, 4, 6, 8], [3, 10, 8, 6], [3, 4, 2]], "m": 7, "f": 2}
FOUND ['UNCOVERED'] {"sets": [[0, 2, 3, 6], [1, 3, 4, 5], [2, 4, 5, 6], [4, 5, 6]], "vals": [[2, 4, 8, 5], [2, 3, 6, 10], [6, 10, 8, 3], [3, 4, 2]], "m": 7, "f": 2}
FOUND ['UNCOVERED'] {"sets": [[0, 2, 3, 6], [1, 3, 4, 5], [2, 4, 5, 6], [4, 5, 6]], "vals": [[2, 4, 8, 5], [2, 4, 7, 10], [2, 8, 5, 4], [3, 4, 2]], "m": 7, "f": 2}
FOUND ['UNCOVERED'] {"sets": [[0, 2, 3, 6], [1, 3, 4, 5], [2, 4, 5, 6], [4, 5, 6]], "vals": [[2, 4, 8, 5], [2, 3, 6, 10], [2, 10, 7, 6], [3, 4, 2]], "m": 7, "f": 2}
FOUND ['UNCOVERED'] {"sets": [[0, 2, 3, 6], [1, 3, 4, 5], [2, 4, 5, 6], [4, 5, 6]], "vals": [[2, 4, 8, 5], [3, 4, 8, 10], [6, 10, 7, 2], [3, 4, 2]], "m": 7, "f": 2}
FOUND ['UNCOVERED'] {"sets": [[0, 2, 3, 6], [1, 3, 4, 5], [2, 4, 5, 6], [4, 5, 6]], "vals": [[2, 5, 8, 4], [1, 4, 6, 8], [6, 10, 8, 3], [3, 4, 2]], "m": 7, "f": 2}
FOUND ['UNCOVERED'] {"sets": [[0, 2, 3, 6], [1, 3, 4, 5], [2, 4, 5, 6], [4, 5, 6]], "vals": [[2, 5, 8, 4], [3, 4, 8, 10], [6, 10, 8, 3], [3, 4, 2]], "m": 7, "f": 2}
FOUND ['UNCOVERED'] {"sets": [[0, 2, 3, 6], [1, 3, 4, 5], [2, 4, 5, 6], [4, 5, 6]], "vals": [[2, 7, 10, 4], [2, 4, 7, 10], [2, 8, 4, 3], [3, 4, 2]], "m": 7, "f": 2}
FOUND ['UNCOVERED'] {"sets": [[0, 2, 3, 6], [1, 3, 4, 5], [2, 4, 5, 6], [4, 5, 6]], "vals": [[2, 7, 10, 4], [2, 4, 7, 10], [2, 10, 7, 6], [3, 4, 2]], "m": 7, "f": 2}
FOUND ['UNCOVERED'] {"sets": [[0, 2, 3, 6], [1, 3, 4, 5], [2, 4, 5, 6], [4, 5, 6]], "vals": [[2, 7, 10, 4], [2, 4, 7, 10], [6, 10, 7, 2], [3, 4, 2]], "m": 7, "f": 2}
FOUND ['UNCOVERED'] {"sets": [[0, 2, 3, 6], [1, 3, 4, 5], [2, 4, 5, 6], [4, 5, 6]], "vals": [[2, 7, 10, 4], [1, 4, 6, 8], [2, 10, 7, 6], [3, 4, 2]], "m": 7, "f": 2}
FOUND ['UNCOVERED'] {"sets": [[0, 2, 3, 6], [1, 3, 4, 5], [2, 4, 5, 6], [4, 5, 6]], "vals": [[2, 7, 10, 4], [1, 4, 6, 8], [3, 10, 8, 6], [3, 4, 2]], "m": 7, "f": 2}
FOUND ['UNCOVERED'] {"sets": [[0, 2, 3, 6], [1, 3, 4, 5], [2, 4, 5, 6], [4, 5, 6]], "vals": [[2, 4, 10, 7], [2, 4, 7, 8], [4, 8, 6, 3], [3, 4, 2]], "m": 7, "f": 2}
FOUND ['UNCOVERED'] {"sets": [[0, 2, 3, 6], [1, 3, 4, 5], [2, 4, 5, 6], [4, 5, 6]], "vals": [[2, 4, 10, 7], [2, 3, 6, 10], [6, 10, 7, 2], [3, 4, 2]], "m": 7, "f": 2}
FOUND ['UNCOVERED'] {"sets": [[0, 2, 3, 6], [1, 3, 4, 5], [2, 4, 5, 6], [4, 5, 6]], "vals": [[2, 7, 10, 4], [2, 3, 6, 10], [2, 8, 4, 3], [3, 4, 2]], "m": 7, "f": 2}
FOUND ['UNCOVERED'] {"sets": [[0, 2, 3, 6], [1, 3, 4, 5], [2, 4, 5, 6], [4, 5, 6]], "vals": [[2, 7, 10, 4], [2, 4, 7, 10], [3, 10, 8, 6], [3, 4, 2]], "m": 7, "f": 2}
FOUND ['UNCOVERED'] {"sets": [[0, 2, 3, 6], [1, 3, 4, 5], [2, 4, 5, 6], [4, 5, 6]], "vals": [[2, 4, 8, 5], [2, 3, 6, 10], [2, 8, 5, 4], [3, 4, 2]], "m": 7, "f": 2}
FOUND ['UNCOVERED'] {"sets": [[0, 2, 3, 6], [1, 3, 4, 5], [2, 4, 5, 6], [4, 5, 6]], "vals": [[2, 5, 8, 4], [2, 3, 6, 10], [3, 8, 4, 2], [3, 4, 2]], "m": 7, "f": 2}
FOUND ['UNCOVERED'] {"sets": [[0, 2, 3, 6], [1, 3, 4, 5], [2, 4, 5, 6], [4, 5, 6]], "vals": [[2, 5, 8, 4], [2, 3, 6, 10], [2, 8, 4, 3], [3, 4, 2]], "m": 7, "f": 2}
FOUND ['UNCOVERED'] {"sets": [[0, 2, 3, 6], [1, 3, 4, 5], [2, 4, 5, 6], [4, 5, 6]], "vals": [[2, 4, 10, 7], [2, 3, 6, 10], [2, 8, 4, 3], [3, 4, 2]], "m": 7, "f": 2}
FOUND ['UNCOVERED'] {"sets": [[0, 2, 3, 6], [1, 3, 4, 5], [2, 4, 5, 6], [4, 5, 6]], "vals": [[2, 7, 10, 4], [3, 4, 8, 10], [3, 10, 8, 6], [3, 4, 2]], "m": 7, "f": 2}
FOUND ['UNCOVERED'] {"sets": [[0, 2, 3, 6], [1, 3, 4, 5], [2, 4, 5, 6], [4, 5, 6]], "vals": [[2, 4, 10, 7], [3, 4, 8, 10], [3, 10, 8, 6], [3, 4, 2]], "m": 7, "f": 2}
FOUND ['UNCOVERED'] {"sets": [[0, 2, 3, 6], [1, 3, 4, 5], [2, 4, 5, 6], [4, 5, 6]], "vals": [[2, 4, 10, 7], [2, 4, 7, 8], [6, 10, 7, 2], [3, 4, 2]], "m": 7, "f": 2}
FOUND ['UNCOVERED'] {"sets": [[0, 2, 3, 6], [1, 3, 4, 5], [2, 4, 5, 6], [4, 5, 6]], "vals": [[2, 7, 10, 4], [2, 4, 7, 8], [6, 10, 7, 2], [3, 4, 2]], "m": 7, "f": 2}
FOUND ['UNCOVERED'] {"sets": [[0, 2, 3, 6], [1, 3, 4, 5], [2, 4, 5, 6], [4, 5, 6]], "vals": [[2, 4, 10, 7], [2, 4, 7, 10], [6, 10, 7, 2], [3, 4, 2]], "m": 7, "f": 2}
FOUND ['UNCOVERED'] {"sets": [[0, 2, 3, 6], [1, 3, 4, 5], [2, 4, 5, 6], [4, 5, 6]], "vals": [[2, 5, 8, 4], [2, 4, 7, 8], [2, 8, 4, 3], [3, 4, 2]], "m": 7, "f": 2}
FOUND ['UNCOVERED'] {"sets": [[0, 2, 3, 6], [1, 3, 4, 5], [2, 4, 5, 6], [4, 5, 6]], "vals": [[2, 4, 10, 7], [1, 4, 6, 8], [6, 10, 8, 3], [3, 4, 2]], "m": 7, "f": 2}
FOUND ['UNCOVERED'] {"sets": [[0, 2, 3, 6], [1, 3, 4, 5], [2, 4, 5, 6], [4, 5, 6]], "vals": [[2, 4, 10, 7], [2, 4, 7, 10], [6, 10, 8, 3], [3, 4, 2]], "m": 7, "f": 2}
FOUND ['UNCOVERED'] {"sets": [[0, 2, 3, 6], [1, 3, 4, 5], [2, 4, 5, 6], [4, 5, 6]], "vals": [[2, 4, 10, 7], [2, 4, 7, 10], [3, 8, 4, 2], [3, 4, 2]], "m": 7, "f": 2}
FOUND ['UNCOVERED'] {"sets": [[0, 2, 3, 6], [1, 3, 4, 5], [2, 4, 5, 6], [4, 5, 6]], "vals": [[2, 4, 8, 5], [2, 3, 6, 10], [6, 10, 7, 2], [3, 4, 2]], "m": 7, "f": 2}
FOUND ['UNCOVERED'] {"sets": [[0, 2, 3, 6], [1, 3, 4, 5], [2, 4, 5, 6], [4, 5, 6]], "vals": [[2, 5, 8, 4], [3, 4, 8, 10], [3, 10, 8, 6], [3, 4, 2]], "m": 7, "f": 2}
FOUND ['UNCOVERED'] {"sets": [[0, 2, 3, 6], [1, 3, 4, 5], [2, 4, 5, 6], [4, 5, 6]], "vals": [[2, 5, 8, 4], [3, 4, 8, 10], [2, 8, 5, 4], [3, 4, 2]], "m": 7, "f": 2}
FOUND ['UNCOVERED'] {"sets": [[0, 2, 3, 6], [1, 3, 4, 5], [2, 4, 5, 6], [4, 5, 6]], "vals": [[2, 5, 8, 4], [2, 4, 7, 10], [4, 8, 6, 3], [3, 4, 2]], "m": 7, "f": 2}
FOUND ['UNCOVERED'] {"sets": [[0, 2, 3, 6], [1, 3, 4, 5], [2, 4, 5, 6], [4, 5, 6]], "vals": [[2, 5, 8, 4], [2, 4, 7, 10], [2, 8, 5, 4], [3, 4, 2]], "m": 7, "f": 2}
FOUND ['UNCOVERED'] {"sets": [[0, 2, 3, 6], [1, 3, 4, 5], [2, 4, 5, 6], [4, 5, 6]], "vals": [[2, 4, 8, 5], [3, 4, 8, 10], [6, 10, 8, 3], [3, 4, 2]], "m": 7, "f": 2}
FOUND ['UNCOVERED'] {"sets": [[0, 2, 3, 6], [1, 3, 4, 5], [2, 4, 5, 6], [4, 5, 6]], "vals": [[2, 5, 8, 4], [2, 3, 6, 10], [4, 8, 5, 2], [3, 4, 2]], "m": 7, "f": 2}
FOUND ['UNCOVERED'] {"sets": [[0, 2, 3, 6], [1, 3, 4, 5], [2, 4, 5, 6], [4, 5, 6]], "vals": [[2, 5, 8, 4], [2, 3, 6, 10], [2, 8, 5, 4], [3, 4, 2]], "m": 7, "f": 2}
FOUND ['UNCOVERED'] {"sets": [[0, 2, 3, 6], [1, 3, 4, 5], [2, 4, 5, 6], [4, 5, 6]], "vals": [[2, 5, 8, 4], [2, 4, 7, 10], [4, 8, 5, 2], [3, 4, 2]], "m": 7, "f": 2}
FOUND ['UNCOVERED'] {"sets": [[0, 2, 3, 6], [1, 3, 4, 5], [2, 4, 5, 6], [4, 5, 6]], "vals": [[2, 7, 10, 4], [3, 4, 8, 10], [6, 10, 8, 3], [3, 4, 2]], "m": 7, "f": 2}
FOUND ['UNCOVERED'] {"sets": [[0, 2, 3, 6], [1, 3, 4, 5], [2, 4, 5, 6], [4, 5, 6]], "vals": [[2, 7, 10, 4], [3, 4, 8, 10], [6, 10, 7, 2], [3, 4, 2]], "m": 7, "f": 2}
FOUND ['UNCOVERED'] {"sets": [[0, 2, 3, 6], [1, 3, 4, 5], [2, 4, 5, 6], [4, 5, 6]], "vals": [[2, 4, 8, 5], [3, 4, 8, 10], [2, 8, 5, 4], [3, 4, 2]], "m": 7, "f": 2}
FOUND ['UNCOVERED'] {"sets": [[0, 2, 3, 6], [1, 3, 4, 5], [2, 4, 5, 6], [4, 5, 6]], "vals": [[2, 5, 8, 4], [2, 4, 7, 10], [3, 8, 6, 4], [3, 4, 2]], "m": 7, "f": 2}
FOUND ['UNCOVERED'] {"sets": [[0, 2, 3, 6], [1, 3, 4, 5], [2, 4, 5, 6], [4, 5, 6]], "vals": [[2, 5, 8, 4], [2, 4, 7, 10], [2, 10, 7, 6], [3, 4, 2]], "m": 7, "f": 2}
FOUND ['UNCOVERED'] {"sets": [[0, 2, 3, 6], [1, 3, 4, 5], [2, 4, 5, 6], [4, 5, 6]], "vals": [[2, 4, 10, 7], [2, 4, 7, 8], [3, 8, 6, 4], [3, 4, 2]], "m": 7, "f": 2}
FOUND ['UNCOVERED'] {"sets": [[0, 2, 3, 6], [1, 3, 4, 5], [2, 4, 5, 6], [4, 5, 6]], "vals": [[2, 4, 10, 7], [2, 4, 7, 8], [6, 10, 8, 3], [3, 4, 2]], "m": 7, "f": 2}
FOUND ['UNCOVERED'] {"sets": [[0, 2, 3, 6], [1, 3, 4, 5], [2, 4, 5, 6], [4, 5, 6]], "vals": [[2, 7, 10, 4], [2, 4, 7, 8], [2, 10, 7, 6], [3, 4, 2]], "m": 7, "f": 2}
FOUND ['UNCOVERED'] {"sets": [[0, 2, 3, 6], [1, 3, 4, 5], [2, 4, 5, 6], [4, 5, 6]], "vals": [[2, 4, 10, 7], [2, 3, 6, 10], [6, 10, 8, 3], [3, 4, 2]], "m": 7, "f": 2}
FOUND ['UNCOVERED'] {"sets": [[0, 2, 3, 6], [1, 3, 4, 5], [2, 4, 5, 6], [4, 5, 6]], "vals": [[2, 4, 10, 7], [3, 4, 8, 10], [2, 8, 5, 4], [3, 4, 2]], "m": 7, "f": 2}
FOUND ['UNCOVERED'] {"sets": [[0, 2, 3, 6], [1, 3, 4, 5], [2, 4, 5, 6], [4, 5, 6]], "vals": [[2, 4, 10, 7], [3, 4, 8, 10], [2, 10, 7, 6], [3, 4, 2]], "m": 7, "f": 2}
FOUND ['UNCOVERED'] {"sets": [[0, 2, 3, 6], [1, 3, 4, 5], [2, 4, 5, 6], [4, 5, 6]], "vals": [[2, 4, 10, 7], [3, 4, 8, 10], [4, 8, 5, 2], [3, 4, 2]], "m": 7, "f": 2}
FOUND ['UNCOVERED'] {"sets": [[0, 2, 3, 6], [1, 3, 4, 5], [2, 4, 5, 6], [4, 5, 6]], "vals": [[2, 4, 10, 7], [2, 4, 7, 8], [4, 8, 5, 2], [3, 4, 2]], "m": 7, "f": 2}
FOUND ['UNCOVERED'] {"sets": [[0, 2, 3, 6], [1, 3, 4, 5], [2, 4, 5, 6], [4, 5, 6]], "vals": [[2, 5, 8, 4], [2, 3, 6, 10], [6, 10, 7, 2], [3, 4, 2]], "m": 7, "f": 2}
FOUND ['UNCOVERED'] {"sets": [[0, 2, 3, 6], [1, 3, 4, 5], [2, 4, 5, 6], [4, 5, 6]], "vals": [[2, 5, 8, 4], [2, 4, 7, 8], [4, 8, 5, 2], [3, 4, 2]], "m": 7, "f": 2}
FOUND ['UNCOVERED'] {"sets": [[0, 2, 3, 6], [1, 3, 4, 5], [2, 4, 5, 6], [4, 5, 6]], "vals": [[2, 5, 8, 4], [3, 4, 8, 10], [6, 10, 7, 2], [3, 4, 2]], "m": 7, "f": 2}
FOUND ['UNCOVERED'] {"sets": [[0, 2, 3, 6], [1, 3, 4, 5], [2, 4, 5, 6], [4, 5, 6]], "vals": [[2, 4, 10, 7], [3, 4, 8, 10], [6, 10, 7, 2], [3, 4, 2]], "m": 7, "f": 2}
FOUND ['UNCOVERED'] {"sets": [[0, 2, 3, 6], [1, 3, 4, 5], [2, 4, 5, 6], [4, 5, 6]], "vals": [[2, 5, 8, 4], [3, 4, 8, 10], [2, 10, 7, 6], [3, 4, 2]], "m": 7, "f": 2}
FOUND ['UNCOVERED'] {"sets": [[0, 2, 3, 6], [1, 3, 4, 5], [2, 4, 5, 6], [4, 5, 6]], "vals": [[2, 4, 10, 7], [2, 4, 7, 10], [2, 8, 5, 4], [3, 4, 2]], "m": 7, "f": 2}
FOUND ['UNCOVERED'] {"sets": [[0, 2, 3, 6], [1, 3, 4, 5], [2, 4, 5, 6], [4, 5, 6]], "vals": [[2, 4, 10, 7], [3, 4, 8, 10], [3, 8, 6, 4], [3, 4, 2]], "m": 7, "f": 2}
FOUND ['UNCOVERED'] {"sets": [[0, 2, 3, 6], [1, 3, 4, 5], [2, 4, 5, 6], [4, 5, 6]], "vals": [[2, 5, 8, 4], [3, 4, 8, 10], [4, 8, 5, 2], [3, 4, 2]], "m": 7, "f": 2}
FOUND ['UNCOVERED'] {"sets": [[0, 2, 3, 6], [1, 3, 4, 5], [2, 4, 5, 6], [4, 5, 6]], "vals": [[2, 5, 8, 4], [2, 4, 7, 10], [6, 10, 8, 3], [3, 4, 2]], "m": 7, "f": 2}
FOUND ['UNCOVERED'] {"sets": [[0, 2, 3, 6], [1, 3, 4, 5], [2, 4, 5, 6], [4, 5, 6]], "vals": [[2, 4, 10, 7], [2, 4, 7, 8], [2, 8, 4, 3], [3, 4, 2]], "m": 7, "f": 2}
FOUND ['UNCOVERED'] {"sets": [[0, 2, 3, 6], [1, 3, 4, 5], [2, 4, 5, 6], [4, 5, 6]], "vals": [[2, 7, 10, 4], [2, 4, 7, 8], [4, 8, 5, 2], [3, 4, 2]], "m": 7, "f": 2}
FOUND ['UNCOVERED'] {"sets": [[0, 2, 3, 6], [1, 3, 4, 5], [2, 4, 5, 6], [4, 5, 6]], "vals": [[2, 4, 10, 7], [2, 4, 7, 8], [3, 8, 4, 2], [3, 4, 2]], "m": 7, "f": 2}
FOUND ['UNCOVERED'] {"sets": [[0, 2, 3, 6], [1, 3, 4, 5], [2, 4, 5, 6], [4, 5, 6]], "vals": [[2, 5, 8, 4], [2, 4, 7, 8], [3, 8, 6, 4], [3, 4, 2]], "m": 7, "f": 2}
FOUND ['UNCOVERED'] {"sets": [[0, 2, 3, 6], [1, 3, 4, 5], [2, 4, 5, 6], [4, 5, 6]], "vals": [[2, 4, 10, 7], [2, 3, 6, 10], [4, 8, 5, 2], [3, 4, 2]], "m": 7, "f": 2}
FOUND ['UNCOVERED'] {"sets": [[0, 2, 3, 6], [1, 3, 4, 5], [2, 4, 5, 6], [4, 5, 6]], "vals": [[2, 4, 10, 7], [2, 3, 6, 10], [3, 10, 8, 6], [3, 4, 2]], "m": 7, "f": 2}
FOUND ['UNCOVERED'] {"sets": [[0, 2, 3, 6], [1, 3, 4, 5], [2, 4, 5, 6], [4, 5, 6]], "vals": [[2, 4, 10, 7], [2, 3, 6, 10], [2, 10, 7, 6], [3, 4, 2]], "m": 7, "f": 2}
FOUND ['UNCOVERED'] {"sets": [[0, 2, 3, 6], [1, 3, 4, 5], [2, 4, 5, 6], [4, 5, 6]], "vals": [[2, 7, 10, 4], [3, 4, 8, 10], [2, 10, 7, 6], [3, 4, 2]], "m": 7, "f": 2}
FOUND ['UNCOVERED'] {"sets": [[0, 2, 3, 6], [1, 3, 4, 5], [2, 4, 5, 6], [4, 5, 6]], "vals": [[2, 4, 10, 7], [3, 4, 8, 10], [6, 10, 8, 3], [3, 4, 2]], "m": 7, "f": 2}
FOUND ['UNCOVERED'] {"sets": [[0, 2, 3, 6], [1, 3, 4, 5], [2, 4, 5, 6], [4, 5, 6]], "vals": [[2, 4, 10, 7], [3, 4, 8, 10], [2, 8, 4, 3], [3, 4, 2]], "m": 7, "f": 2}
FOUND ['UNCOVERED'] {"sets": [[0, 2, 3, 6], [1, 3, 4, 5], [2, 4, 5, 6], [4, 5, 6]], "vals": [[2, 4, 10, 7], [2, 4, 7, 10], [4, 8, 5, 2], [3, 4, 2]], "m": 7, "f": 2}
FOUND ['UNCOVERED'] {"sets": [[0, 2, 3, 6], [1, 3, 4, 5], [2, 4, 5, 6], [4, 5, 6]], "vals": [[2, 7, 10, 4], [2, 4, 7, 8], [3, 8, 4, 2], [3, 4, 2]], "m": 7, "f": 2}
FOUND ['UNCOVERED'] {"sets": [[0, 2, 3, 6], [1, 3, 4, 5], [2, 4, 5, 6], [4, 5, 6]], "vals": [[2, 7, 10, 4], [3, 4, 8, 10], [2, 8, 5, 4], [3, 4, 2]], "m": 7, "f": 2}
FOUND ['UNCOVERED'] {"sets": [[0, 2, 3, 6], [1, 3, 4, 5], [2, 4, 5, 6], [4, 5, 6]], "vals": [[2, 7, 10, 4], [3, 4, 8, 10], [4, 8, 6, 3], [3, 4, 2]], "m": 7, "f": 2}
FOUND ['UNCOVERED'] {"sets": [[0, 2, 3, 6], [1, 3, 4, 5], [2, 4, 5, 6], [4, 5, 6]], "vals": [[2, 5, 8, 4], [3, 4, 8, 10], [3, 8, 4, 2], [3, 4, 2]], "m": 7, "f": 2}
FOUND ['UNCOVERED'] {"sets": [[0, 2, 3, 6], [1, 3, 4, 5], [2, 4, 5, 6], [4, 5, 6]], "vals": [[2, 7, 10, 4], [3, 4, 8, 10], [3, 8, 6, 4], [3, 4, 2]], "m": 7, "f": 2}
FOUND ['UNCOVERED'] {"sets": [[0, 2, 3, 6], [1, 3, 4, 5], [2, 4, 5, 6], [4, 5, 6]], "vals": [[2, 4, 10, 7], [2, 4, 7, 8], [2, 10, 7, 6], [3, 4, 2]], "m": 7, "f": 2}
FOUND ['UNCOVERED'] {"sets": [[0, 2, 3, 6], [1, 3, 4, 5], [2, 4, 5, 6], [4, 5, 6]], "vals": [[2, 5, 8, 4], [2, 3, 6, 10], [2, 10, 7, 6], [3, 4, 2]], "m": 7, "f": 2}
FOUND ['UNCOVERED'] {"sets": [[0, 2, 3, 6], [1, 3, 4, 5], [2, 4, 5, 6], [4, 5, 6]], "vals": [[2, 7, 10, 4], [3, 4, 8, 10], [2, 8, 4, 3], [3, 4, 2]], "m": 7, "f": 2}
FOUND ['UNCOVERED'] {"sets": [[0, 2, 3, 6], [1, 3, 4, 5], [2, 4, 5, 6], [4, 5, 6]], "vals": [[2, 5, 8, 4], [2, 3, 6, 10], [3, 8, 6, 4], [3, 4, 2]], "m": 7, "f": 2}
# done: steps 315211 screened 5043376 hits 60731 evaluated 60731 uncovered 200 rare 0 restarts 5167; best score -1044 at [[2, 4, 8, 5], [1, 4, 6, 8], [2, 8, 4, 3], [3, 4, 2]]
