# command: python3 k4/sx_zprime.py results/k4_sx/hunt/n3_all_20.jsonl.gz --start=4000 --max=4000 --examples=3
KEYS: every Z-max covered (structural) = True                                                        4000
KEYS: some Z-max covered by A, B1, C, C', B1' (structural hypotheses) = True                         4000
KEYS: some Z-max covered with the exact hypotheses = True                                            4000
MAIN CASE A                                                                                          5015
Zmax                                                                                                 5015
keys                                                                                                 4000
keys xtype=bcbd                                                                                      1416
keys xtype=flat                                                                                      2584
regime I                                                                                             5015
regime I OS o theta-b=False                                                                          10030
regime I OS succeeds                                                                                 5015
regime I Prop C applies=False (only (H) missing=False)                                               5015
regime I Prop C' applies=False (only (H') missing=False)                                             5015
regime I Zmax with a direct T3 move                                                                  5015
regime I cases A,A*                                                                                  5015
regime I direct kind ('zV', '-', 'own=x')                                                            5015
regime I direct kind ('zV', 'hV', 'own=x')                                                           5015
regime I |V|=2 |T|=2 |VT|=2 t=0 x=bcbd                                                               1768
regime I |V|=2 |T|=2 |VT|=2 t=0 x=flat                                                               3247
# time 16.2 s
