# command: python3 k4/sx_zprime.py results/k4_sx/hunt/n3_all_30.jsonl.gz --start=0 --max=4000 --examples=3
KEYS: every Z-max covered (structural) = True                                                        4000
KEYS: some Z-max covered by A, B1, C, C', B1' (structural hypotheses) = True                         4000
KEYS: some Z-max covered with the exact hypotheses = True                                            4000
MAIN CASE A                                                                                          10956
MAIN CASE B1                                                                                         3156
Zmax                                                                                                 14112
keys                                                                                                 4000
keys xtype=BT                                                                                        4000
regime I                                                                                             10956
regime I OS o theta-b=False                                                                          10956
regime I OS succeeds                                                                                 10956
regime I Prop C applies=False (only (H) missing=False)                                               10956
regime I Prop C' applies=False (only (H') missing=False)                                             10956
regime I Zmax with a direct T3 move                                                                  10956
regime I cases A,A*                                                                                  10956
regime I direct kind ('zV', '-', 'own=x')                                                            10956
regime I direct kind ('zV', 'h', 'own=other')                                                        3075
regime I direct kind ('zV', 'h', 'own=x')                                                            10956
regime I |V|=1 |T|=1 |VT|=1 t=0 x=BT                                                                 10956
regime II                                                                                            3156
regime II GPM ok k=1 adjacent(T3)=True                                                               3156
regime II GPM paths k=1 leaf kind=D                                                                  2544
regime II GPM paths k=1 leaf kind=R                                                                  612
regime II OS succeeds                                                                                0
regime II Prop C applies=False (only (H) missing=False)                                              3156
regime II Prop C' applies=False (only (H') missing=False)                                            3156
regime II Zmax with a direct T3 move                                                                 3156
regime II cases B1                                                                                   3156
regime II direct kind ('zT', '-', 'own=V')                                                           860
regime II direct kind ('zT', 'hV', 'own=V')                                                          524
regime II direct kind ('zT', 'hV', 'own=x')                                                          3156
regime II |V|=1 |T|=1 |VT|=0 t=0 x=BT                                                                3156
EX II ({'sets': [[0, 1, 2, 3], [2, 4, 5, 6], [3, 4, 5, 6]], 'vals': [[2, 3, 8, 4], [8, 2, 3, 4], [1, 4, 6, 8]], 'm': 7}, (2, None, None), 'Config(key=[2, None, None], Q={1: [4, 5], 2: [3, 6]}, L=[0, 1])', 'V', [2], 'T', [1], 'thx', [2], 't', 0, 'BT', [('zT', 'hV', 'own=x')])
EX II ({'sets': [[0, 1, 2, 3], [2, 4, 5, 6], [3, 4, 5, 6]], 'vals': [[2, 3, 10, 6], [8, 2, 3, 4], [1, 4, 6, 8]], 'm': 7}, (2, None, None), 'Config(key=[2, None, None], Q={1: [4, 5], 2: [3, 6]}, L=[0, 1])', 'V', [2], 'T', [1], 'thx', [2], 't', 0, 'BT', [('zT', 'hV', 'own=x')])
EX II ({'sets': [[0, 1, 2, 3], [2, 4, 5, 6], [3, 4, 5, 6]], 'vals': [[2, 4, 8, 3], [8, 2, 3, 4], [1, 4, 6, 8]], 'm': 7}, (2, None, None), 'Config(key=[2, None, None], Q={1: [4, 5], 2: [3, 6]}, L=[0, 1])', 'V', [2], 'T', [1], 'thx', [2], 't', 0, 'BT', [('zT', 'hV', 'own=x')])
# time 39.6 s
