# command: python3 k4/sx_zprime.py results/k4_sx/hunt/n4_pure_r40k.jsonl.gz --start=0 --max=4000 --examples=3
KEYS: every Z-max covered (structural) = True                                                        240
KEYS: some Z-max covered by A, B1, C, C', B1' (structural hypotheses) = True                         240
KEYS: some Z-max covered with the exact hypotheses = True                                            240
MAIN CASE A                                                                                          346
MAIN CASE B1                                                                                         16
MAIN CASE B1'                                                                                        6
MAIN CASE C                                                                                          5
MAIN CASE C'                                                                                         1
Zmax                                                                                                 374
keys                                                                                                 240
keys xtype=bc                                                                                        11
keys xtype=bcbd                                                                                      30
keys xtype=flat                                                                                      199
regime I                                                                                             362
regime I GPM ok k=1 adjacent(T3)=True                                                                40
regime I GPM ok k=2 adjacent(T3)=True                                                                4
regime I GPM paths k=1 leaf kind=D                                                                   7
regime I GPM paths k=1 leaf kind=R                                                                   3
regime I GPM paths k=1 leaf kind=R s in L                                                            2
regime I GPM paths k=1 leaf kind=T4                                                                  2
regime I GPM paths k=1 leaf kind=Tg                                                                  28
regime I GPM paths k=2 leaf kind=Tg                                                                  4
regime I OS o theta-b=False                                                                          485
regime I OS o theta-b=True                                                                           205
regime I OS succeeds                                                                                 361
regime I OS theta-b: exact def(P')<def* False, OSd bundle value 4 (omega+2=5), T=several             6
regime I OS theta-b: exact def(P')<def* False, OSd bundle value 5 (omega+2=6), T=several             7
regime I OS theta-b: exact def(P')<def* True, OSd bundle value 3 (omega+2=4), T=several              34
regime I OS theta-b: exact def(P')<def* True, OSd bundle value 4 (omega+2=5), T=several              45
regime I OS theta-b: exact def(P')<def* True, OSd bundle value 5 (omega+2=6), T=several              82
regime I OS theta-b: exact def(P')<def* True, OSd bundle value None (omega+2=4), T=several           16
regime I OS theta-b: exact def(P')<def* True, OSd bundle value None (omega+2=5), T=several           6
regime I OS theta-b: exact def(P')<def* True, OSd bundle value None (omega+2=6), T=several           9
regime I Prop B' (modified path move) k=1 works=True                                                 2
regime I Prop B' k=1 hypothesis (y valued only by x) holds=False                                     2
regime I Prop C applies=False (only (H) missing=False)                                               205
regime I Prop C applies=False (only (H) missing=True)                                                1
regime I Prop C applies=True (only (H) missing=False)                                                156
regime I Prop C' applies=False (only (H') missing=False)                                             335
regime I Prop C' applies=False (only (H') missing=True)                                              3
regime I Prop C' applies=True (only (H') missing=False)                                              24
regime I Zmax with a direct T3 move                                                                  362
regime I cases A*,B1,C                                                                               9
regime I cases A*,C'                                                                                 1
regime I cases A*,C,C'                                                                               1
regime I cases A*,C,C',C'x                                                                           3
regime I cases A*,C,C',C'x,C-H,Cx                                                                    1
regime I cases A,A*                                                                                  152
regime I cases A,A*,B1                                                                               26
regime I cases A,A*,B1'x,Rs                                                                          2
regime I cases A,A*,B1,C                                                                             4
regime I cases A,A*,Bk-adj                                                                           4
regime I cases A,A*,C                                                                                131
regime I cases A,A*,C'                                                                               14
regime I cases A,A*,C',C'x                                                                           2
regime I cases A,A*,C'x                                                                              3
regime I cases A,A*,C,C',C-H,Cx                                                                      2
regime I cases A,A*,C,C-H                                                                            1
regime I cases A,A*,C,C-H,Cx                                                                         4
regime I cases A,A*,C-H,Cx                                                                           1
regime I cases B1                                                                                    1
regime I direct kind ('zT', '-', 'own=V')                                                            25
regime I direct kind ('zT', '-', 'own=x')                                                            28
regime I direct kind ('zT', 'h', 'own=V')                                                            4
regime I direct kind ('zT', 'h', 'own=other')                                                        4
regime I direct kind ('zT', 'h', 'own=x')                                                            4
regime I direct kind ('zT', 'hV', 'own=V')                                                           30
regime I direct kind ('zT', 'hV', 'own=x')                                                           39
regime I direct kind ('zV', '-', 'own=V')                                                            273
regime I direct kind ('zV', '-', 'own=x')                                                            319
regime I direct kind ('zV', 'h', 'own=V')                                                            71
regime I direct kind ('zV', 'h', 'own=other')                                                        2
regime I direct kind ('zV', 'h', 'own=x')                                                            86
regime I direct kind ('zV', 'hV', 'own=V')                                                           296
regime I direct kind ('zV', 'hV', 'own=other')                                                       9
regime I direct kind ('zV', 'hV', 'own=x')                                                           335
regime I |V|=1 |T|=2 |VT|=1 t=0 x=flat                                                               4
regime I |V|=2 |T|=2 |VT|=1 t=0 x=flat                                                               8
regime I |V|=2 |T|=2 |VT|=1 t=1 x=flat                                                               24
regime I |V|=2 |T|=2 |VT|=2 t=0 x=flat                                                               40
regime I |V|=2 |T|=2 |VT|=2 t=1 x=flat                                                               37
regime I |V|=2 |T|=3 |VT|=2 t=0 x=flat                                                               4
regime I |V|=2 |T|=3 |VT|=2 t=1 x=flat                                                               6
regime I |V|=3 |T|=2 |VT|=2 t=1 x=bc                                                                 15
regime I |V|=3 |T|=2 |VT|=2 t=1 x=bcbd                                                               36
regime I |V|=3 |T|=2 |VT|=2 t=1 x=flat                                                               186
regime I |V|=3 |T|=3 |VT|=3 t=1 x=flat                                                               2
regime II                                                                                            12
regime II GPM ok k=1 adjacent(T3)=True                                                               6
regime II GPM ok k=2 adjacent(T3)=True                                                               6
regime II GPM paths k=1 leaf kind=R                                                                  6
regime II GPM paths k=1 leaf kind=R s in L                                                           6
regime II GPM paths k=2 leaf kind=R                                                                  6
regime II GPM paths k=2 leaf kind=R s in L                                                           6
regime II OS succeeds                                                                                0
regime II Prop B' (modified path move) k=1 works=True                                                6
regime II Prop B' (modified path move) k=2 works=True                                                6
regime II Prop B' k=1 hypothesis (y valued only by x) holds=True                                     6
regime II Prop B' k=2 hypothesis (y valued only by x) holds=True                                     6
regime II Prop C applies=False (only (H) missing=False)                                              12
regime II Prop C' applies=False (only (H') missing=False)                                            12
regime II Zmax with a direct T3 move                                                                 12
regime II cases B1',Bk',Rs                                                                           6
regime II cases B1,Bk-adj                                                                            6
regime II direct kind ('zT', '-', 'own=V')                                                           8
regime II direct kind ('zT', '-', 'own=x')                                                           8
regime II direct kind ('zT', 'h', 'own=V')                                                           8
regime II direct kind ('zT', 'h', 'own=x')                                                           8
regime II direct kind ('zT', 'hV', 'own=V')                                                          4
regime II direct kind ('zT', 'hV', 'own=other')                                                      12
regime II direct kind ('zT', 'hV', 'own=x')                                                          12
regime II |V|=1 |T|=2 |VT|=0 t=0 x=bcbd                                                              12
EX II ({'sets': [[0, 4, 5, 6], [1, 4, 5, 7], [2, 3, 6, 7], [2, 3, 6, 7]], 'vals': [[4, 6, 3, 8], [6, 8, 3, 10], [3, 2, 4, 8], [6, 3, 8, 10]], 'm': 8}, (None, 7, None, None), 'Config(key=[None, 7, None, None], Q={0: [0, 4], 2: [1, 6], 3: [2, 3]}, L=[5])', 'V', [0], 'T', [2, 3], 'thx', [0], 't', 0, 'bcbd', [('zT', '-', 'own=V'), ('zT', '-', 'own=x'), ('zT', 'h', 'own=V'), ('zT', 'h', 'own=x'), ('zT', 'hV', 'own=other'), ('zT', 'hV', 'own=x')])
EX II ({'sets': [[0, 4, 5, 6], [1, 4, 5, 7], [2, 3, 6, 7], [2, 3, 6, 7]], 'vals': [[4, 6, 3, 8], [6, 8, 3, 10], [3, 2, 4, 8], [6, 3, 8, 10]], 'm': 8}, (None, 7, None, None), 'Config(key=[None, 7, None, None], Q={0: [0, 4], 2: [2, 3], 3: [1, 6]}, L=[5])', 'V', [0], 'T', [2, 3], 'thx', [0], 't', 0, 'bcbd', [('zT', '-', 'own=V'), ('zT', '-', 'own=x'), ('zT', 'h', 'own=V'), ('zT', 'h', 'own=x'), ('zT', 'hV', 'own=other'), ('zT', 'hV', 'own=x')])
EX II ({'sets': [[0, 4, 5, 6], [1, 4, 5, 7], [2, 3, 6, 7], [2, 3, 6, 7]], 'vals': [[4, 6, 3, 8], [6, 8, 3, 10], [3, 2, 4, 8], [6, 3, 8, 10]], 'm': 8}, (None, 7, None, None), 'Config(key=[None, 7, None, None], Q={0: [0, 4], 2: [2, 3], 3: [5, 6]}, L=[1])', 'V', [0], 'T', [2, 3], 'thx', [0], 't', 0, 'bcbd', [('zT', '-', 'own=V'), ('zT', '-', 'own=x'), ('zT', 'h', 'own=V'), ('zT', 'h', 'own=x'), ('zT', 'hV', 'own=other'), ('zT', 'hV', 'own=x')])
EX I-no-OS ({'sets': [[0, 2, 5, 9], [1, 4, 8, 9], [3, 5, 6, 7], [6, 7, 8, 9]], 'vals': [[3, 6, 5, 7], [3, 2, 6, 10], [5, 6, 4, 8], [2, 3, 4, 8]], 'm': 10}, (9, None, None, None), 'Config(key=[9, None, None, None], Q={1: [1, 8], 2: [3, 5], 3: [6, 7]}, L=[0, 2, 4])', 'V', [1, 2], 'T', [1, 3], [('zT', '-', 'own=V'), ('zT', 'hV', 'own=V'), ('zT', 'hV', 'own=x'), ('zV', 'h', 'own=x')])
# time 22.1 s
